2026-04-04 14:31:35,653 - ======================================================================
2026-04-04 14:31:35,653 - FILE: B-n31-k5.vrp
2026-04-04 14:31:35,653 - ======================================================================
2026-04-04 14:31:35,655 - Dim=31 K=5 Cap=100
2026-04-04 14:31:35,655 - --- Step 1: Clarke-Wright Heuristic ---
2026-04-04 14:31:35,656 -   cost=748 time=0.00s
2026-04-04 14:31:35,656 - --- Step 2, 3, 4: Advanced Optimization Pipeline ---
2026-04-04 14:31:35,656 - =========================================
2026-04-04 14:31:35,656 - BẮT ĐẦU TUYẾN TRÌNH TỐI ƯU (PIPELINE)
2026-04-04 14:31:35,656 - =========================================
2026-04-04 14:31:35,656 - === GIAI ĐOẠN 2: LOCAL SEARCH ĐA TOÁN TỬ | Bắt đầu: 748.00 ===
2026-04-04 14:31:35,694 -   [LS Iter 1] Cải thiện cost: 748.00 -> 683.00
2026-04-04 14:31:35,722 -   [LS Iter 2] Cải thiện cost: 683.00 -> 677.00
2026-04-04 14:31:35,745 - === KẾT THÚC GIAI ĐOẠN 2 | Đạt cực trị tại: 677.00 ===
2026-04-04 14:31:35,746 - === BẮT ĐẦU CHẶNG 3: ALNS + GLS | Vòng lặp: 150 | Cost: 677.00 ===
2026-04-04 14:31:36,832 -   [ALNS Iter 19] Random Destroy phá vỡ giới hạn -> BEST MỚI: 675.00
2026-04-04 14:31:39,172 -   [GLS Iter 61] Cập nhật ma trận phạt để thay đổi hướng đi.
2026-04-04 14:31:42,662 -   [GLS Iter 121] Cập nhật ma trận phạt để thay đổi hướng đi.
2026-04-04 14:31:44,232 - === KẾT THÚC CHẶNG 3 | Cost xuất sắc nhất đạt được: 675.00 ===
2026-04-04 14:31:44,232 - === BẮT ĐẦU CHẶNG 4: MAX-SAT CHÍNH XÁC | Cost: 675.00 ===
2026-04-04 14:31:44,232 -   [GĐ 4.1] Giải bài toán TSP trên từng tuyến đơn...
2026-04-04 14:31:44,337 -   [GĐ 4.2] Xét từng cặp tuyến để phân bổ lại khách hàng...
2026-04-04 14:31:44,337 -   --- Pairwise Iter 1 (còn 1191s) ---
