2026-04-04 13:56:30,355 - ======================================================================
2026-04-04 13:56:30,355 - FILE: B-n31-k5.vrp
2026-04-04 13:56:30,356 - ======================================================================
2026-04-04 13:56:30,357 - Dim=31 K=5 Cap=100
2026-04-04 13:56:30,357 - --- Step 1: Clarke-Wright Heuristic ---
2026-04-04 13:56:30,358 -   cost=748 time=0.00s
2026-04-04 13:56:30,358 - --- Step 2, 3, 4: Advanced Optimization Pipeline ---
2026-04-04 13:56:30,358 - =========================================
2026-04-04 13:56:30,358 - BẮT ĐẦU TUYẾN TRÌNH TỐI ƯU (PIPELINE)
2026-04-04 13:56:30,359 - =========================================
2026-04-04 13:56:30,359 - === GIAI ĐOẠN 2: LOCAL SEARCH ĐA TOÁN TỬ | Bắt đầu: 748.00 ===
2026-04-04 13:56:30,397 -   [LS Iter 1] Cải thiện cost: 748.00 -> 683.00
2026-04-04 13:56:30,426 -   [LS Iter 2] Cải thiện cost: 683.00 -> 677.00
2026-04-04 13:56:30,451 - === KẾT THÚC GIAI ĐOẠN 2 | Đạt cực trị tại: 677.00 ===
2026-04-04 13:56:30,451 - === GIAI ĐOẠN 3: ALNS (Đang chờ cài đặt) ===
2026-04-04 13:56:30,451 - === BẮT ĐẦU CHẶNG 4: MAX-SAT CHÍNH XÁC | Cost: 677.00 ===
2026-04-04 13:56:30,451 -   [GĐ 4.1] Giải bài toán TSP trên từng tuyến đơn...
2026-04-04 13:56:30,581 -   [GĐ 4.2] Xét từng cặp tuyến để phân bổ lại khách hàng...
2026-04-04 13:56:30,581 -   --- Pairwise Iter 1 (còn 1200s) ---
2026-04-04 13:56:49,081 -     [P4.2] Pair (2,8) giảm 2 -> BEST = 675.00
2026-04-04 13:56:49,081 -   --- Pairwise Iter 2 (còn 1181s) ---
2026-04-04 13:57:19,085 -     [P-Timeout 30.0s]
2026-04-04 13:57:49,095 -     [P-Timeout 30.0s]
2026-04-04 13:58:19,106 -     [P-Timeout 30.0s]
2026-04-04 13:58:49,117 -     [P-Timeout 30.0s]
2026-04-04 13:59:19,129 -     [P-Timeout 30.0s]
2026-04-04 13:59:49,145 -     [P-Timeout 30.0s]
2026-04-04 14:00:19,155 -     [P-Timeout 30.0s]
2026-04-04 14:00:59,754 -     [P-Timeout 30.0s]
2026-04-04 14:01:29,765 -     [P-Timeout 30.0s]
2026-04-04 14:01:29,773 -     -> Đã đạt cực trị toàn cục cho mọi cặp dưới ngưỡng. KẾT THÚC CHẶNG 4.
2026-04-04 14:01:29,773 - HOÀN THÀNH PIPELINE. Final cost=675.00 | Time=299.4s
2026-04-04 14:01:29,774 - ======================================================================
2026-04-04 14:01:29,774 - CW Khởi tạo = 748 → Sau Pipeline = 675
2026-04-04 14:01:29,774 - Cải thiện so CW: 73
2026-04-04 14:01:29,774 - Tổng thời gian: 299.4s
2026-04-04 14:01:29,774 - Verified cost: 675
2026-04-04 14:01:29,775 - ======================================================================
2026-04-04 14:01:29,775 - FILE: B-n34-k5.vrp
2026-04-04 14:01:29,775 - ======================================================================
2026-04-04 14:01:29,777 - Dim=34 K=5 Cap=100
2026-04-04 14:01:29,777 - --- Step 1: Clarke-Wright Heuristic ---
2026-04-04 14:01:29,778 -   cost=936 time=0.00s
2026-04-04 14:01:29,779 - --- Step 2, 3, 4: Advanced Optimization Pipeline ---
2026-04-04 14:01:29,779 - =========================================
2026-04-04 14:01:29,779 - BẮT ĐẦU TUYẾN TRÌNH TỐI ƯU (PIPELINE)
2026-04-04 14:01:29,779 - =========================================
2026-04-04 14:01:29,779 - === GIAI ĐOẠN 2: LOCAL SEARCH ĐA TOÁN TỬ | Bắt đầu: 936.00 ===
2026-04-04 14:01:29,817 -   [LS Iter 1] Cải thiện cost: 936.00 -> 821.00
2026-04-04 14:01:29,851 -   [LS Iter 2] Cải thiện cost: 821.00 -> 808.00
2026-04-04 14:01:29,880 -   [LS Iter 3] Cải thiện cost: 808.00 -> 799.00
2026-04-04 14:01:29,907 -   [LS Iter 4] Cải thiện cost: 799.00 -> 791.00
2026-04-04 14:01:29,935 - === KẾT THÚC GIAI ĐOẠN 2 | Đạt cực trị tại: 791.00 ===
2026-04-04 14:01:29,935 - === GIAI ĐOẠN 3: ALNS (Đang chờ cài đặt) ===
2026-04-04 14:01:29,935 - === BẮT ĐẦU CHẶNG 4: MAX-SAT CHÍNH XÁC | Cost: 791.00 ===
2026-04-04 14:01:29,935 -   [GĐ 4.1] Giải bài toán TSP trên từng tuyến đơn...
2026-04-04 14:01:30,768 -   [GĐ 4.2] Xét từng cặp tuyến để phân bổ lại khách hàng...
2026-04-04 14:01:30,768 -   --- Pairwise Iter 1 (còn 1199s) ---
2026-04-04 14:02:00,772 -     [P-Timeout 30.0s]
2026-04-04 14:02:30,783 -     [P-Timeout 30.0s]
2026-04-04 14:03:00,795 -     [P-Timeout 30.0s]
2026-04-04 14:03:30,805 -     [P-Timeout 30.0s]
2026-04-04 14:04:00,891 -     [P-Timeout 30.0s]
2026-04-04 14:04:18,114 -     -> Đã đạt cực trị toàn cục cho mọi cặp dưới ngưỡng. KẾT THÚC CHẶNG 4.
2026-04-04 14:04:18,115 - HOÀN THÀNH PIPELINE. Final cost=791.00 | Time=168.3s
2026-04-04 14:04:18,115 - ======================================================================
2026-04-04 14:04:18,115 - CW Khởi tạo = 936 → Sau Pipeline = 791
2026-04-04 14:04:18,115 - Cải thiện so CW: 145
2026-04-04 14:04:18,115 - Tổng thời gian: 168.3s
2026-04-04 14:04:18,115 - Verified cost: 791
2026-04-04 14:04:18,116 - ======================================================================
2026-04-04 14:04:18,117 - FILE: B-n35-k5.vrp
2026-04-04 14:04:18,117 - ======================================================================
2026-04-04 14:04:18,119 - Dim=35 K=5 Cap=100
2026-04-04 14:04:18,119 - --- Step 1: Clarke-Wright Heuristic ---
2026-04-04 14:04:18,120 -   cost=1016 time=0.00s
2026-04-04 14:04:18,120 - --- Step 2, 3, 4: Advanced Optimization Pipeline ---
2026-04-04 14:04:18,120 - =========================================
2026-04-04 14:04:18,120 - BẮT ĐẦU TUYẾN TRÌNH TỐI ƯU (PIPELINE)
2026-04-04 14:04:18,120 - =========================================
2026-04-04 14:04:18,120 - === GIAI ĐOẠN 2: LOCAL SEARCH ĐA TOÁN TỬ | Bắt đầu: 1016.00 ===
2026-04-04 14:04:18,165 -   [LS Iter 1] Cải thiện cost: 1016.00 -> 965.00
2026-04-04 14:04:18,202 -   [LS Iter 2] Cải thiện cost: 965.00 -> 959.00
2026-04-04 14:04:18,240 -   [LS Iter 3] Cải thiện cost: 959.00 -> 958.00
2026-04-04 14:04:18,279 -   [LS Iter 4] Cải thiện cost: 958.00 -> 956.00
2026-04-04 14:04:18,322 -   [LS Iter 5] Cải thiện cost: 956.00 -> 955.00
2026-04-04 14:04:18,354 - === KẾT THÚC GIAI ĐOẠN 2 | Đạt cực trị tại: 955.00 ===
2026-04-04 14:04:18,354 - === GIAI ĐOẠN 3: ALNS (Đang chờ cài đặt) ===
2026-04-04 14:04:18,354 - === BẮT ĐẦU CHẶNG 4: MAX-SAT CHÍNH XÁC | Cost: 955.00 ===
2026-04-04 14:04:18,354 -   [GĐ 4.1] Giải bài toán TSP trên từng tuyến đơn...
2026-04-04 14:04:26,803 -   [GĐ 4.2] Xét từng cặp tuyến để phân bổ lại khách hàng...
2026-04-04 14:04:26,803 -   --- Pairwise Iter 1 (còn 1191s) ---
