2026-04-04 14:19:29,856 - ======================================================================
2026-04-04 14:19:29,856 - FILE: B-n31-k5.vrp
2026-04-04 14:19:29,856 - ======================================================================
2026-04-04 14:19:29,858 - Dim=31 K=5 Cap=100
2026-04-04 14:19:29,858 - --- Step 1: Clarke-Wright Heuristic ---
2026-04-04 14:19:29,859 -   cost=748 time=0.00s
2026-04-04 14:19:29,859 - --- Step 2, 3, 4: Advanced Optimization Pipeline ---
2026-04-04 14:19:29,859 - =========================================
2026-04-04 14:19:29,859 - BẮT ĐẦU TUYẾN TRÌNH TỐI ƯU (PIPELINE)
2026-04-04 14:19:29,859 - =========================================
2026-04-04 14:19:29,860 - === GIAI ĐOẠN 2: LOCAL SEARCH ĐA TOÁN TỬ | Bắt đầu: 748.00 ===
2026-04-04 14:19:29,897 -   [LS Iter 1] Cải thiện cost: 748.00 -> 683.00
2026-04-04 14:19:29,924 -   [LS Iter 2] Cải thiện cost: 683.00 -> 677.00
2026-04-04 14:19:29,949 - === KẾT THÚC GIAI ĐOẠN 2 | Đạt cực trị tại: 677.00 ===
2026-04-04 14:19:29,949 - === BẮT ĐẦU CHẶNG 3: ALNS + GLS | Vòng lặp: 150 | Cost: 677.00 ===
2026-04-04 14:19:30,171 -   [ALNS Iter 3] Related Destroy phá vỡ giới hạn -> BEST MỚI: 675.00
2026-04-04 14:19:30,333 -   [ALNS Iter 6] Related Destroy phá vỡ giới hạn -> BEST MỚI: 672.00
2026-04-04 14:19:31,027 -   [GLS Iter 21] Cập nhật ma trận phạt để thay đổi hướng đi.
2026-04-04 14:19:33,893 -   [GLS Iter 81] Cập nhật ma trận phạt để thay đổi hướng đi.
2026-04-04 14:19:37,796 -   [GLS Iter 141] Cập nhật ma trận phạt để thay đổi hướng đi.
2026-04-04 14:19:38,270 - === KẾT THÚC CHẶNG 3 | Cost xuất sắc nhất đạt được: 672.00 ===
2026-04-04 14:19:38,270 - === BẮT ĐẦU CHẶNG 4: MAX-SAT CHÍNH XÁC | Cost: 672.00 ===
2026-04-04 14:19:38,270 -   [GĐ 4.1] Giải bài toán TSP trên từng tuyến đơn...
2026-04-04 14:19:38,375 -   [GĐ 4.2] Xét từng cặp tuyến để phân bổ lại khách hàng...
2026-04-04 14:19:38,376 -   --- Pairwise Iter 1 (còn 1191s) ---
2026-04-04 14:20:38,379 -     [P-Timeout 60.0s]
2026-04-04 14:21:38,390 -     [P-Timeout 60.0s]
2026-04-04 14:22:38,407 -     [P-Timeout 60.0s]
2026-04-04 14:23:38,420 -     [P-Timeout 60.0s]
2026-04-04 14:24:38,433 -     [P-Timeout 60.0s]
2026-04-04 14:25:38,446 -     [P-Timeout 60.0s]
2026-04-04 14:26:38,457 -     [P-Timeout 60.0s]
2026-04-04 14:27:33,471 -     -> Đã đạt cực trị toàn cục cho mọi cặp dưới ngưỡng. KẾT THÚC CHẶNG 4.
2026-04-04 14:27:33,472 - HOÀN THÀNH PIPELINE. Final cost=672.00 | Time=483.6s
2026-04-04 14:27:33,472 - ======================================================================
2026-04-04 14:27:33,472 - CW Khởi tạo = 748 → Sau Pipeline = 672
2026-04-04 14:27:33,472 - Cải thiện so CW: 76
2026-04-04 14:27:33,472 - Tổng thời gian: 483.6s
2026-04-04 14:27:33,472 - Verified cost: 672
2026-04-04 14:27:33,473 - ======================================================================
2026-04-04 14:27:33,474 - FILE: B-n34-k5.vrp
2026-04-04 14:27:33,474 - ======================================================================
2026-04-04 14:27:33,475 - Dim=34 K=5 Cap=100
2026-04-04 14:27:33,476 - --- Step 1: Clarke-Wright Heuristic ---
2026-04-04 14:27:33,477 -   cost=936 time=0.00s
2026-04-04 14:27:33,477 - --- Step 2, 3, 4: Advanced Optimization Pipeline ---
2026-04-04 14:27:33,477 - =========================================
2026-04-04 14:27:33,477 - BẮT ĐẦU TUYẾN TRÌNH TỐI ƯU (PIPELINE)
2026-04-04 14:27:33,477 - =========================================
2026-04-04 14:27:33,477 - === GIAI ĐOẠN 2: LOCAL SEARCH ĐA TOÁN TỬ | Bắt đầu: 936.00 ===
2026-04-04 14:27:33,521 -   [LS Iter 1] Cải thiện cost: 936.00 -> 821.00
2026-04-04 14:27:33,558 -   [LS Iter 2] Cải thiện cost: 821.00 -> 808.00
2026-04-04 14:27:33,590 -   [LS Iter 3] Cải thiện cost: 808.00 -> 799.00
2026-04-04 14:27:33,620 -   [LS Iter 4] Cải thiện cost: 799.00 -> 791.00
2026-04-04 14:27:33,648 - === KẾT THÚC GIAI ĐOẠN 2 | Đạt cực trị tại: 791.00 ===
2026-04-04 14:27:33,648 - === BẮT ĐẦU CHẶNG 3: ALNS + GLS | Vòng lặp: 150 | Cost: 791.00 ===
2026-04-04 14:27:34,630 -   [ALNS Iter 18] Related Destroy phá vỡ giới hạn -> BEST MỚI: 790.00
2026-04-04 14:27:34,663 -   [ALNS Iter 19] Random Destroy phá vỡ giới hạn -> BEST MỚI: 789.00
2026-04-04 14:27:37,175 -   [GLS Iter 61] Cập nhật ma trận phạt để thay đổi hướng đi.
2026-04-04 14:27:39,871 -   [ALNS Iter 105] Worst Destroy phá vỡ giới hạn -> BEST MỚI: 788.00
2026-04-04 14:27:42,317 -   [GLS Iter 141] Cập nhật ma trận phạt để thay đổi hướng đi.
2026-04-04 14:27:42,976 - === KẾT THÚC CHẶNG 3 | Cost xuất sắc nhất đạt được: 788.00 ===
2026-04-04 14:27:42,976 - === BẮT ĐẦU CHẶNG 4: MAX-SAT CHÍNH XÁC | Cost: 788.00 ===
2026-04-04 14:27:42,976 -   [GĐ 4.1] Giải bài toán TSP trên từng tuyến đơn...
2026-04-04 14:27:43,546 -   [GĐ 4.2] Xét từng cặp tuyến để phân bổ lại khách hàng...
2026-04-04 14:27:43,547 -   --- Pairwise Iter 1 (còn 1190s) ---
2026-04-04 14:28:43,551 -     [P-Timeout 60.0s]
2026-04-04 14:29:43,565 -     [P-Timeout 60.0s]
2026-04-04 14:30:43,580 -     [P-Timeout 60.0s]
