2026-04-04 10:12:01,821 - ======================================================================
2026-04-04 10:12:01,822 - FILE: B-n31-k5.vrp
2026-04-04 10:12:01,822 - ======================================================================
2026-04-04 10:12:01,824 - Dim=31 K=5 Cap=100
2026-04-04 10:12:01,824 - --- Clarke-Wright ---
2026-04-04 10:12:01,826 -   cost=748 time=0.00s
2026-04-04 10:12:01,826 - --- Two-Opt ---
2026-04-04 10:12:01,827 -   cost=730 time=0.00s
2026-04-04 10:12:01,827 - --- MaxSAT (2-tầng) ---
2026-04-04 10:12:01,827 - =========================================
2026-04-04 10:12:01,827 - BẮT ĐẦU OPTIMIZE (MaxSAT-RC2, 2-tầng)
2026-04-04 10:12:01,828 -   max_single=8  s_to=40.0s
2026-04-04 10:12:01,828 -   max_pair=8  p_to=30.0s
2026-04-04 10:12:01,828 -   n_pairs=3
2026-04-04 10:12:01,828 -   inner_patience=20
2026-04-04 10:12:01,828 -   global_timeout=1200.0s
2026-04-04 10:12:01,829 -   start_cost=730.00
2026-04-04 10:12:01,829 - =========================================
2026-04-04 10:12:01,829 - === OUTER 1 | cost=730.00 (còn 1200s) ===
2026-04-04 10:12:01,829 -   [Inner 1.1] cost=730.00 no_imp=0/20 (còn 1200s)
2026-04-04 10:12:01,834 -     [P1] Relocate → 722.00
2026-04-04 10:12:01,839 -     [P2] Exchange → 719.00
2026-04-04 10:12:02,003 -     [P3] Single +2
2026-04-04 10:12:02,003 -     → INNER BEST = 717.00
2026-04-04 10:12:02,004 -   [Inner 1.2] cost=717.00 no_imp=0/20 (còn 1200s)
2026-04-04 10:12:02,008 -     [P1] Relocate → 705.00
2026-04-04 10:12:02,103 -     → INNER BEST = 705.00
2026-04-04 10:12:02,104 -   [Inner 1.3] cost=705.00 no_imp=0/20 (còn 1200s)
2026-04-04 10:12:02,108 -     [P1] Relocate → 703.00
2026-04-04 10:12:02,212 -     → INNER BEST = 703.00
2026-04-04 10:12:02,212 -   [Inner 1.4] cost=703.00 no_imp=0/20 (còn 1200s)
2026-04-04 10:12:02,216 -     [P1] Relocate → 701.00
2026-04-04 10:12:02,344 -     → INNER BEST = 701.00
2026-04-04 10:12:02,344 -   [Inner 1.5] cost=701.00 no_imp=0/20 (còn 1199s)
2026-04-04 10:12:02,468 -   [Inner 1.6] cost=701.00 no_imp=1/20 (còn 1199s)
2026-04-04 10:12:02,602 -   [Inner 1.7] cost=701.00 no_imp=2/20 (còn 1199s)
2026-04-04 10:12:02,729 -   [Inner 1.8] cost=701.00 no_imp=3/20 (còn 1199s)
2026-04-04 10:12:02,859 -   [Inner 1.9] cost=701.00 no_imp=4/20 (còn 1199s)
2026-04-04 10:12:02,987 -   [Inner 1.10] cost=701.00 no_imp=5/20 (còn 1199s)
2026-04-04 10:12:03,119 -   [Inner 1.11] cost=701.00 no_imp=6/20 (còn 1199s)
2026-04-04 10:12:03,259 -   [Inner 1.12] cost=701.00 no_imp=7/20 (còn 1199s)
2026-04-04 10:12:03,388 -   [Inner 1.13] cost=701.00 no_imp=8/20 (còn 1198s)
2026-04-04 10:12:03,515 -   [Inner 1.14] cost=701.00 no_imp=9/20 (còn 1198s)
2026-04-04 10:12:03,640 -   [Inner 1.15] cost=701.00 no_imp=10/20 (còn 1198s)
2026-04-04 10:12:03,768 -   [Inner 1.16] cost=701.00 no_imp=11/20 (còn 1198s)
2026-04-04 10:12:03,890 -   [Inner 1.17] cost=701.00 no_imp=12/20 (còn 1198s)
2026-04-04 10:12:04,016 -   [Inner 1.18] cost=701.00 no_imp=13/20 (còn 1198s)
2026-04-04 10:12:04,137 -   [Inner 1.19] cost=701.00 no_imp=14/20 (còn 1198s)
2026-04-04 10:12:04,260 -   [Inner 1.20] cost=701.00 no_imp=15/20 (còn 1198s)
2026-04-04 10:12:04,383 -   [Inner 1.21] cost=701.00 no_imp=16/20 (còn 1197s)
2026-04-04 10:12:04,505 -   [Inner 1.22] cost=701.00 no_imp=17/20 (còn 1197s)
2026-04-04 10:12:04,629 -   [Inner 1.23] cost=701.00 no_imp=18/20 (còn 1197s)
2026-04-04 10:12:04,750 -   [Inner 1.24] cost=701.00 no_imp=19/20 (còn 1197s)
2026-04-04 10:12:04,873 -   [Outer] Inner cải thiện → best=701.00
2026-04-04 10:12:04,873 -   [Outer 1] Chạy Pairwise MaxSAT...
2026-04-04 10:12:04,873 -   [Outer] Pairwise không cải thiện, đã thử hết cặp → dừng.
2026-04-04 10:12:04,873 - Hoàn thành. cost=701.00 | time=3.0s | s_imp=1 s_to=0 | p_imp=0 p_to=0
2026-04-04 10:12:04,873 - ======================================================================
2026-04-04 10:12:04,873 - CW=748 → 2opt=730 → MaxSAT=701
2026-04-04 10:12:04,873 - Cải thiện so CW: 47
2026-04-04 10:12:04,873 - Total time: 3.0s
2026-04-04 10:12:04,873 - Verified cost: 701
2026-04-04 10:12:04,875 - ======================================================================
2026-04-04 10:12:04,875 - FILE: B-n34-k5.vrp
2026-04-04 10:12:04,875 - ======================================================================
2026-04-04 10:12:04,877 - Dim=34 K=5 Cap=100
2026-04-04 10:12:04,877 - --- Clarke-Wright ---
2026-04-04 10:12:04,878 -   cost=936 time=0.00s
2026-04-04 10:12:04,878 - --- Two-Opt ---
2026-04-04 10:12:04,880 -   cost=875 time=0.00s
2026-04-04 10:12:04,880 - --- MaxSAT (2-tầng) ---
2026-04-04 10:12:04,881 - =========================================
2026-04-04 10:12:04,881 - BẮT ĐẦU OPTIMIZE (MaxSAT-RC2, 2-tầng)
2026-04-04 10:12:04,881 -   max_single=8  s_to=40.0s
2026-04-04 10:12:04,881 -   max_pair=8  p_to=30.0s
2026-04-04 10:12:04,881 -   n_pairs=3
2026-04-04 10:12:04,881 -   inner_patience=20
2026-04-04 10:12:04,881 -   global_timeout=1200.0s
2026-04-04 10:12:04,881 -   start_cost=875.00
2026-04-04 10:12:04,881 - =========================================
2026-04-04 10:12:04,881 - === OUTER 1 | cost=875.00 (còn 1200s) ===
2026-04-04 10:12:04,881 -   [Inner 1.1] cost=875.00 no_imp=0/20 (còn 1200s)
2026-04-04 10:12:04,885 -     [P1] Relocate → 854.00
2026-04-04 10:12:04,889 -     [P2] Exchange → 841.00
2026-04-04 10:12:05,039 -     [P3] Single +2
2026-04-04 10:12:05,039 -     → INNER BEST = 839.00
2026-04-04 10:12:05,039 -   [Inner 1.2] cost=839.00 no_imp=0/20 (còn 1200s)
2026-04-04 10:12:05,043 -     [P1] Relocate → 833.00
2026-04-04 10:12:05,130 -     [P3] Single +1
2026-04-04 10:12:05,131 -     → INNER BEST = 832.00
2026-04-04 10:12:05,131 -   [Inner 1.3] cost=832.00 no_imp=0/20 (còn 1200s)
2026-04-04 10:12:05,134 -     [P1] Relocate → 831.00
2026-04-04 10:12:05,350 -     [P3] Single +1
2026-04-04 10:12:05,351 -     → INNER BEST = 830.00
2026-04-04 10:12:05,351 -   [Inner 1.4] cost=830.00 no_imp=0/20 (còn 1200s)
2026-04-04 10:12:05,354 -     [P1] Relocate → 829.00
2026-04-04 10:12:05,583 -     → INNER BEST = 829.00
2026-04-04 10:12:05,584 -   [Inner 1.5] cost=829.00 no_imp=0/20 (còn 1199s)
2026-04-04 10:12:05,817 -   [Inner 1.6] cost=829.00 no_imp=1/20 (còn 1199s)
2026-04-04 10:12:06,054 -   [Inner 1.7] cost=829.00 no_imp=2/20 (còn 1199s)
2026-04-04 10:12:06,293 -   [Inner 1.8] cost=829.00 no_imp=3/20 (còn 1199s)
2026-04-04 10:12:06,528 -   [Inner 1.9] cost=829.00 no_imp=4/20 (còn 1198s)
2026-04-04 10:12:06,763 -   [Inner 1.10] cost=829.00 no_imp=5/20 (còn 1198s)
2026-04-04 10:12:06,998 -   [Inner 1.11] cost=829.00 no_imp=6/20 (còn 1198s)
2026-04-04 10:12:07,237 -   [Inner 1.12] cost=829.00 no_imp=7/20 (còn 1198s)
2026-04-04 10:12:07,470 -   [Inner 1.13] cost=829.00 no_imp=8/20 (còn 1197s)
2026-04-04 10:12:07,705 -   [Inner 1.14] cost=829.00 no_imp=9/20 (còn 1197s)
2026-04-04 10:12:07,941 -   [Inner 1.15] cost=829.00 no_imp=10/20 (còn 1197s)
2026-04-04 10:12:08,179 -   [Inner 1.16] cost=829.00 no_imp=11/20 (còn 1197s)
2026-04-04 10:12:08,414 -   [Inner 1.17] cost=829.00 no_imp=12/20 (còn 1196s)
2026-04-04 10:12:08,648 -   [Inner 1.18] cost=829.00 no_imp=13/20 (còn 1196s)
2026-04-04 10:12:08,883 -   [Inner 1.19] cost=829.00 no_imp=14/20 (còn 1196s)
2026-04-04 10:12:09,120 -   [Inner 1.20] cost=829.00 no_imp=15/20 (còn 1196s)
2026-04-04 10:12:09,356 -   [Inner 1.21] cost=829.00 no_imp=16/20 (còn 1196s)
2026-04-04 10:12:09,590 -   [Inner 1.22] cost=829.00 no_imp=17/20 (còn 1195s)
2026-04-04 10:12:09,827 -   [Inner 1.23] cost=829.00 no_imp=18/20 (còn 1195s)
2026-04-04 10:12:10,064 -   [Inner 1.24] cost=829.00 no_imp=19/20 (còn 1195s)
2026-04-04 10:12:10,299 -   [Outer] Inner cải thiện → best=829.00
2026-04-04 10:12:10,299 -   [Outer 1] Chạy Pairwise MaxSAT...
2026-04-04 10:12:10,299 -   [Outer] Pairwise không cải thiện, đã thử hết cặp → dừng.
2026-04-04 10:12:10,299 - Hoàn thành. cost=829.00 | time=5.4s | s_imp=3 s_to=0 | p_imp=0 p_to=0
2026-04-04 10:12:10,299 - ======================================================================
2026-04-04 10:12:10,299 - CW=936 → 2opt=875 → MaxSAT=829
2026-04-04 10:12:10,300 - Cải thiện so CW: 107
2026-04-04 10:12:10,300 - Total time: 5.4s
2026-04-04 10:12:10,300 - Verified cost: 829
2026-04-04 10:12:10,301 - ======================================================================
2026-04-04 10:12:10,301 - FILE: B-n35-k5.vrp
2026-04-04 10:12:10,301 - ======================================================================
2026-04-04 10:12:10,303 - Dim=35 K=5 Cap=100
2026-04-04 10:12:10,303 - --- Clarke-Wright ---
2026-04-04 10:12:10,304 -   cost=1016 time=0.00s
2026-04-04 10:12:10,304 - --- Two-Opt ---
2026-04-04 10:12:10,305 -   cost=973 time=0.00s
2026-04-04 10:12:10,305 - --- MaxSAT (2-tầng) ---
2026-04-04 10:12:10,306 - =========================================
2026-04-04 10:12:10,306 - BẮT ĐẦU OPTIMIZE (MaxSAT-RC2, 2-tầng)
2026-04-04 10:12:10,306 -   max_single=8  s_to=40.0s
2026-04-04 10:12:10,306 -   max_pair=8  p_to=30.0s
2026-04-04 10:12:10,306 -   n_pairs=3
2026-04-04 10:12:10,306 -   inner_patience=20
2026-04-04 10:12:10,306 -   global_timeout=1200.0s
2026-04-04 10:12:10,306 -   start_cost=973.00
2026-04-04 10:12:10,306 - =========================================
2026-04-04 10:12:10,306 - === OUTER 1 | cost=973.00 (còn 1200s) ===
2026-04-04 10:12:10,306 -   [Inner 1.1] cost=973.00 no_imp=0/20 (còn 1200s)
2026-04-04 10:12:10,310 -     [P1] Relocate → 971.00
2026-04-04 10:12:10,431 -     [P3] Single +1
2026-04-04 10:12:10,431 -     → INNER BEST = 970.00
2026-04-04 10:12:10,431 -   [Inner 1.2] cost=970.00 no_imp=0/20 (còn 1200s)
2026-04-04 10:12:10,519 -   [Inner 1.3] cost=970.00 no_imp=1/20 (còn 1200s)
2026-04-04 10:12:10,606 -   [Inner 1.4] cost=970.00 no_imp=2/20 (còn 1200s)
2026-04-04 10:12:10,696 -   [Inner 1.5] cost=970.00 no_imp=3/20 (còn 1200s)
2026-04-04 10:12:10,784 -   [Inner 1.6] cost=970.00 no_imp=4/20 (còn 1200s)
2026-04-04 10:12:10,870 -   [Inner 1.7] cost=970.00 no_imp=5/20 (còn 1199s)
2026-04-04 10:12:10,958 -   [Inner 1.8] cost=970.00 no_imp=6/20 (còn 1199s)
2026-04-04 10:12:11,045 -   [Inner 1.9] cost=970.00 no_imp=7/20 (còn 1199s)
2026-04-04 10:12:11,132 -   [Inner 1.10] cost=970.00 no_imp=8/20 (còn 1199s)
2026-04-04 10:12:11,219 -   [Inner 1.11] cost=970.00 no_imp=9/20 (còn 1199s)
2026-04-04 10:12:11,306 -   [Inner 1.12] cost=970.00 no_imp=10/20 (còn 1199s)
2026-04-04 10:12:11,396 -   [Inner 1.13] cost=970.00 no_imp=11/20 (còn 1199s)
2026-04-04 10:12:11,483 -   [Inner 1.14] cost=970.00 no_imp=12/20 (còn 1199s)
2026-04-04 10:12:11,571 -   [Inner 1.15] cost=970.00 no_imp=13/20 (còn 1199s)
2026-04-04 10:12:11,658 -   [Inner 1.16] cost=970.00 no_imp=14/20 (còn 1199s)
2026-04-04 10:12:11,745 -   [Inner 1.17] cost=970.00 no_imp=15/20 (còn 1199s)
2026-04-04 10:12:11,833 -   [Inner 1.18] cost=970.00 no_imp=16/20 (còn 1198s)
2026-04-04 10:12:11,920 -   [Inner 1.19] cost=970.00 no_imp=17/20 (còn 1198s)
2026-04-04 10:12:12,007 -   [Inner 1.20] cost=970.00 no_imp=18/20 (còn 1198s)
2026-04-04 10:12:12,099 -   [Inner 1.21] cost=970.00 no_imp=19/20 (còn 1198s)
2026-04-04 10:12:12,186 -   [Outer] Inner cải thiện → best=970.00
2026-04-04 10:12:12,187 -   [Outer 1] Chạy Pairwise MaxSAT...
2026-04-04 10:12:12,187 -   [Outer] Pairwise không cải thiện, đã thử hết cặp → dừng.
2026-04-04 10:12:12,187 - Hoàn thành. cost=970.00 | time=1.9s | s_imp=1 s_to=0 | p_imp=0 p_to=0
2026-04-04 10:12:12,187 - ======================================================================
2026-04-04 10:12:12,187 - CW=1016 → 2opt=973 → MaxSAT=970
2026-04-04 10:12:12,187 - Cải thiện so CW: 46
2026-04-04 10:12:12,187 - Total time: 1.9s
2026-04-04 10:12:12,187 - Verified cost: 970
2026-04-04 10:12:12,189 - ======================================================================
2026-04-04 10:12:12,189 - FILE: B-n38-k6.vrp
2026-04-04 10:12:12,189 - ======================================================================
2026-04-04 10:12:12,191 - Dim=38 K=6 Cap=100
2026-04-04 10:12:12,191 - --- Clarke-Wright ---
2026-04-04 10:12:12,192 -   cost=961 time=0.00s
2026-04-04 10:12:12,192 - --- Two-Opt ---
2026-04-04 10:12:12,194 -   cost=912 time=0.00s
2026-04-04 10:12:12,194 - --- MaxSAT (2-tầng) ---
2026-04-04 10:12:12,194 - =========================================
2026-04-04 10:12:12,194 - BẮT ĐẦU OPTIMIZE (MaxSAT-RC2, 2-tầng)
2026-04-04 10:12:12,194 -   max_single=8  s_to=40.0s
2026-04-04 10:12:12,194 -   max_pair=8  p_to=30.0s
2026-04-04 10:12:12,194 -   n_pairs=3
2026-04-04 10:12:12,194 -   inner_patience=20
2026-04-04 10:12:12,194 -   global_timeout=1200.0s
2026-04-04 10:12:12,194 -   start_cost=912.00
2026-04-04 10:12:12,194 - =========================================
2026-04-04 10:12:12,194 - === OUTER 1 | cost=912.00 (còn 1200s) ===
2026-04-04 10:12:12,194 -   [Inner 1.1] cost=912.00 no_imp=0/20 (còn 1200s)
2026-04-04 10:12:12,201 -     [P1] Relocate → 900.00
2026-04-04 10:12:12,206 -     [P2] Exchange → 886.00
2026-04-04 10:12:12,359 -     → INNER BEST = 886.00
2026-04-04 10:12:12,359 -   [Inner 1.2] cost=886.00 no_imp=0/20 (còn 1200s)
2026-04-04 10:12:12,363 -     [P1] Relocate → 881.00
2026-04-04 10:12:12,367 -     [P2] Exchange → 877.00
2026-04-04 10:12:12,459 -     [P3] Single +3
2026-04-04 10:12:12,460 -     → INNER BEST = 874.00
2026-04-04 10:12:12,460 -   [Inner 1.3] cost=874.00 no_imp=0/20 (còn 1200s)
2026-04-04 10:12:12,464 -     [P1] Relocate → 870.00
2026-04-04 10:12:12,561 -     → INNER BEST = 870.00
2026-04-04 10:12:12,561 -   [Inner 1.4] cost=870.00 no_imp=0/20 (còn 1200s)
2026-04-04 10:12:12,566 -     [P1] Relocate → 867.00
2026-04-04 10:12:12,667 -     → INNER BEST = 867.00
2026-04-04 10:12:12,667 -   [Inner 1.5] cost=867.00 no_imp=0/20 (còn 1200s)
2026-04-04 10:12:12,671 -     [P1] Relocate → 865.00
2026-04-04 10:12:12,772 -     → INNER BEST = 865.00
2026-04-04 10:12:12,772 -   [Inner 1.6] cost=865.00 no_imp=0/20 (còn 1199s)
2026-04-04 10:12:12,875 -   [Inner 1.7] cost=865.00 no_imp=1/20 (còn 1199s)
2026-04-04 10:12:12,978 -   [Inner 1.8] cost=865.00 no_imp=2/20 (còn 1199s)
2026-04-04 10:12:13,082 -   [Inner 1.9] cost=865.00 no_imp=3/20 (còn 1199s)
2026-04-04 10:12:13,185 -   [Inner 1.10] cost=865.00 no_imp=4/20 (còn 1199s)
2026-04-04 10:12:13,289 -   [Inner 1.11] cost=865.00 no_imp=5/20 (còn 1199s)
2026-04-04 10:12:13,393 -   [Inner 1.12] cost=865.00 no_imp=6/20 (còn 1199s)
2026-04-04 10:12:13,496 -   [Inner 1.13] cost=865.00 no_imp=7/20 (còn 1199s)
2026-04-04 10:12:13,599 -   [Inner 1.14] cost=865.00 no_imp=8/20 (còn 1199s)
2026-04-04 10:12:13,705 -   [Inner 1.15] cost=865.00 no_imp=9/20 (còn 1198s)
2026-04-04 10:12:13,810 -   [Inner 1.16] cost=865.00 no_imp=10/20 (còn 1198s)
2026-04-04 10:12:13,914 -   [Inner 1.17] cost=865.00 no_imp=11/20 (còn 1198s)
2026-04-04 10:12:14,020 -   [Inner 1.18] cost=865.00 no_imp=12/20 (còn 1198s)
2026-04-04 10:12:14,127 -   [Inner 1.19] cost=865.00 no_imp=13/20 (còn 1198s)
2026-04-04 10:12:14,232 -   [Inner 1.20] cost=865.00 no_imp=14/20 (còn 1198s)
2026-04-04 10:12:14,336 -   [Inner 1.21] cost=865.00 no_imp=15/20 (còn 1198s)
2026-04-04 10:12:14,439 -   [Inner 1.22] cost=865.00 no_imp=16/20 (còn 1198s)
2026-04-04 10:12:14,545 -   [Inner 1.23] cost=865.00 no_imp=17/20 (còn 1198s)
2026-04-04 10:12:14,649 -   [Inner 1.24] cost=865.00 no_imp=18/20 (còn 1198s)
2026-04-04 10:12:14,755 -   [Inner 1.25] cost=865.00 no_imp=19/20 (còn 1197s)
2026-04-04 10:12:14,858 -   [Outer] Inner cải thiện → best=865.00
2026-04-04 10:12:14,858 -   [Outer 1] Chạy Pairwise MaxSAT...
2026-04-04 10:12:14,858 -   [Outer] Pairwise không cải thiện, đã thử hết cặp → dừng.
2026-04-04 10:12:14,859 - Hoàn thành. cost=865.00 | time=2.7s | s_imp=2 s_to=0 | p_imp=0 p_to=0
2026-04-04 10:12:14,859 - ======================================================================
2026-04-04 10:12:14,859 - CW=961 → 2opt=912 → MaxSAT=865
2026-04-04 10:12:14,859 - Cải thiện so CW: 96
2026-04-04 10:12:14,859 - Total time: 2.7s
2026-04-04 10:12:14,859 - Verified cost: 865
2026-04-04 10:12:14,860 - ======================================================================
2026-04-04 10:12:14,860 - FILE: B-n39-k5.vrp
2026-04-04 10:12:14,860 - ======================================================================
2026-04-04 10:12:14,863 - Dim=39 K=5 Cap=100
2026-04-04 10:12:14,863 - --- Clarke-Wright ---
2026-04-04 10:12:14,864 -   cost=695 time=0.00s
2026-04-04 10:12:14,864 - --- Two-Opt ---
2026-04-04 10:12:14,866 -   cost=660 time=0.00s
2026-04-04 10:12:14,866 - --- MaxSAT (2-tầng) ---
2026-04-04 10:12:14,866 - =========================================
2026-04-04 10:12:14,866 - BẮT ĐẦU OPTIMIZE (MaxSAT-RC2, 2-tầng)
2026-04-04 10:12:14,866 -   max_single=8  s_to=40.0s
2026-04-04 10:12:14,866 -   max_pair=9  p_to=31.2s
2026-04-04 10:12:14,866 -   n_pairs=3
2026-04-04 10:12:14,866 -   inner_patience=20
2026-04-04 10:12:14,866 -   global_timeout=1200.0s
2026-04-04 10:12:14,867 -   start_cost=660.00
2026-04-04 10:12:14,867 - =========================================
2026-04-04 10:12:14,867 - === OUTER 1 | cost=660.00 (còn 1200s) ===
2026-04-04 10:12:14,867 -   [Inner 1.1] cost=660.00 no_imp=0/20 (còn 1200s)
2026-04-04 10:12:14,874 -     [P1] Relocate → 651.00
2026-04-04 10:12:14,879 -     [P2] Exchange → 650.00
2026-04-04 10:12:15,688 -     [P3] Single +3
2026-04-04 10:12:15,688 -     → INNER BEST = 647.00
2026-04-04 10:12:15,689 -   [Inner 1.2] cost=647.00 no_imp=0/20 (còn 1199s)
2026-04-04 10:12:15,694 -     [P1] Relocate → 637.00
2026-04-04 10:12:16,500 -     → INNER BEST = 637.00
2026-04-04 10:12:16,500 -   [Inner 1.3] cost=637.00 no_imp=0/20 (còn 1198s)
2026-04-04 10:12:16,505 -     [P1] Relocate → 634.00
2026-04-04 10:12:17,369 -     → INNER BEST = 634.00
2026-04-04 10:12:17,369 -   [Inner 1.4] cost=634.00 no_imp=0/20 (còn 1197s)
2026-04-04 10:12:17,374 -     [P1] Relocate → 631.00
2026-04-04 10:12:18,239 -     → INNER BEST = 631.00
2026-04-04 10:12:18,239 -   [Inner 1.5] cost=631.00 no_imp=0/20 (còn 1197s)
2026-04-04 10:12:19,099 -   [Inner 1.6] cost=631.00 no_imp=1/20 (còn 1196s)
2026-04-04 10:12:19,958 -   [Inner 1.7] cost=631.00 no_imp=2/20 (còn 1195s)
2026-04-04 10:12:20,823 -   [Inner 1.8] cost=631.00 no_imp=3/20 (còn 1194s)
2026-04-04 10:12:21,680 -   [Inner 1.9] cost=631.00 no_imp=4/20 (còn 1193s)
2026-04-04 10:12:22,550 -   [Inner 1.10] cost=631.00 no_imp=5/20 (còn 1192s)
2026-04-04 10:12:23,407 -   [Inner 1.11] cost=631.00 no_imp=6/20 (còn 1191s)
2026-04-04 10:12:24,277 -   [Inner 1.12] cost=631.00 no_imp=7/20 (còn 1191s)
2026-04-04 10:12:25,144 -   [Inner 1.13] cost=631.00 no_imp=8/20 (còn 1190s)
2026-04-04 10:12:26,001 -   [Inner 1.14] cost=631.00 no_imp=9/20 (còn 1189s)
2026-04-04 10:12:26,872 -   [Inner 1.15] cost=631.00 no_imp=10/20 (còn 1188s)
2026-04-04 10:12:27,740 -   [Inner 1.16] cost=631.00 no_imp=11/20 (còn 1187s)
2026-04-04 10:12:28,618 -   [Inner 1.17] cost=631.00 no_imp=12/20 (còn 1186s)
2026-04-04 10:12:29,483 -   [Inner 1.18] cost=631.00 no_imp=13/20 (còn 1185s)
2026-04-04 10:12:30,344 -   [Inner 1.19] cost=631.00 no_imp=14/20 (còn 1185s)
2026-04-04 10:12:31,200 -   [Inner 1.20] cost=631.00 no_imp=15/20 (còn 1184s)
2026-04-04 10:12:32,058 -   [Inner 1.21] cost=631.00 no_imp=16/20 (còn 1183s)
2026-04-04 10:12:32,930 -   [Inner 1.22] cost=631.00 no_imp=17/20 (còn 1182s)
2026-04-04 10:12:33,787 -   [Inner 1.23] cost=631.00 no_imp=18/20 (còn 1181s)
2026-04-04 10:12:34,646 -   [Inner 1.24] cost=631.00 no_imp=19/20 (còn 1180s)
2026-04-04 10:12:35,506 -   [Outer] Inner cải thiện → best=631.00
2026-04-04 10:12:35,506 -   [Outer 1] Chạy Pairwise MaxSAT...
2026-04-04 10:12:35,507 -   [Outer] Pairwise không cải thiện, đã thử hết cặp → dừng.
2026-04-04 10:12:35,507 - Hoàn thành. cost=631.00 | time=20.6s | s_imp=1 s_to=0 | p_imp=0 p_to=0
2026-04-04 10:12:35,507 - ======================================================================
2026-04-04 10:12:35,507 - CW=695 → 2opt=660 → MaxSAT=631
2026-04-04 10:12:35,507 - Cải thiện so CW: 64
2026-04-04 10:12:35,507 - Total time: 20.6s
2026-04-04 10:12:35,507 - Verified cost: 631
2026-04-04 10:12:35,508 - ======================================================================
2026-04-04 10:12:35,508 - FILE: B-n41-k6.vrp
2026-04-04 10:12:35,509 - ======================================================================
2026-04-04 10:12:35,511 - Dim=41 K=6 Cap=100
2026-04-04 10:12:35,511 - --- Clarke-Wright ---
2026-04-04 10:12:35,513 -   cost=981 time=0.00s
2026-04-04 10:12:35,513 - --- Two-Opt ---
2026-04-04 10:12:35,514 -   cost=953 time=0.00s
2026-04-04 10:12:35,514 - --- MaxSAT (2-tầng) ---
2026-04-04 10:12:35,514 - =========================================
2026-04-04 10:12:35,514 - BẮT ĐẦU OPTIMIZE (MaxSAT-RC2, 2-tầng)
2026-04-04 10:12:35,514 -   max_single=8  s_to=40.0s
2026-04-04 10:12:35,514 -   max_pair=8  p_to=30.0s
2026-04-04 10:12:35,514 -   n_pairs=3
2026-04-04 10:12:35,514 -   inner_patience=20
2026-04-04 10:12:35,514 -   global_timeout=1200.0s
2026-04-04 10:12:35,514 -   start_cost=953.00
2026-04-04 10:12:35,515 - =========================================
2026-04-04 10:12:35,515 - === OUTER 1 | cost=953.00 (còn 1200s) ===
2026-04-04 10:12:35,515 -   [Inner 1.1] cost=953.00 no_imp=0/20 (còn 1200s)
2026-04-04 10:12:35,517 -     [P1] Relocate → 950.00
2026-04-04 10:12:35,747 -     → INNER BEST = 950.00
2026-04-04 10:12:35,747 -   [Inner 1.2] cost=950.00 no_imp=0/20 (còn 1200s)
2026-04-04 10:12:35,749 -     [P1] Relocate → 949.00
2026-04-04 10:12:35,753 -     [P2] Exchange → 944.00
2026-04-04 10:12:35,971 -     [P3] Single +4
2026-04-04 10:12:35,971 -     → INNER BEST = 940.00
2026-04-04 10:12:35,971 -   [Inner 1.3] cost=940.00 no_imp=0/20 (còn 1200s)
2026-04-04 10:12:35,974 -     [P1] Relocate → 937.00
2026-04-04 10:12:36,190 -     → INNER BEST = 937.00
2026-04-04 10:12:36,191 -   [Inner 1.4] cost=937.00 no_imp=0/20 (còn 1199s)
2026-04-04 10:12:36,418 -   [Inner 1.5] cost=937.00 no_imp=1/20 (còn 1199s)
2026-04-04 10:12:36,641 -   [Inner 1.6] cost=937.00 no_imp=2/20 (còn 1199s)
2026-04-04 10:12:36,860 -   [Inner 1.7] cost=937.00 no_imp=3/20 (còn 1199s)
2026-04-04 10:12:37,078 -   [Inner 1.8] cost=937.00 no_imp=4/20 (còn 1198s)
2026-04-04 10:12:37,297 -   [Inner 1.9] cost=937.00 no_imp=5/20 (còn 1198s)
2026-04-04 10:12:37,516 -   [Inner 1.10] cost=937.00 no_imp=6/20 (còn 1198s)
2026-04-04 10:12:37,737 -   [Inner 1.11] cost=937.00 no_imp=7/20 (còn 1198s)
2026-04-04 10:12:37,957 -   [Inner 1.12] cost=937.00 no_imp=8/20 (còn 1198s)
2026-04-04 10:12:38,175 -   [Inner 1.13] cost=937.00 no_imp=9/20 (còn 1197s)
2026-04-04 10:12:38,395 -   [Inner 1.14] cost=937.00 no_imp=10/20 (còn 1197s)
2026-04-04 10:12:38,619 -   [Inner 1.15] cost=937.00 no_imp=11/20 (còn 1197s)
2026-04-04 10:12:38,835 -   [Inner 1.16] cost=937.00 no_imp=12/20 (còn 1197s)
2026-04-04 10:12:39,058 -   [Inner 1.17] cost=937.00 no_imp=13/20 (còn 1196s)
2026-04-04 10:12:39,281 -   [Inner 1.18] cost=937.00 no_imp=14/20 (còn 1196s)
2026-04-04 10:12:39,496 -   [Inner 1.19] cost=937.00 no_imp=15/20 (còn 1196s)
2026-04-04 10:12:39,714 -   [Inner 1.20] cost=937.00 no_imp=16/20 (còn 1196s)
2026-04-04 10:12:39,930 -   [Inner 1.21] cost=937.00 no_imp=17/20 (còn 1196s)
2026-04-04 10:12:40,143 -   [Inner 1.22] cost=937.00 no_imp=18/20 (còn 1195s)
2026-04-04 10:12:40,364 -   [Inner 1.23] cost=937.00 no_imp=19/20 (còn 1195s)
2026-04-04 10:12:40,584 -   [Outer] Inner cải thiện → best=937.00
2026-04-04 10:12:40,585 -   [Outer 1] Chạy Pairwise MaxSAT...
2026-04-04 10:12:40,585 -   [Outer] Pairwise không cải thiện, đã thử hết cặp → dừng.
2026-04-04 10:12:40,585 - Hoàn thành. cost=937.00 | time=5.1s | s_imp=1 s_to=0 | p_imp=0 p_to=0
2026-04-04 10:12:40,585 - ======================================================================
2026-04-04 10:12:40,585 - CW=981 → 2opt=953 → MaxSAT=937
2026-04-04 10:12:40,585 - Cải thiện so CW: 44
2026-04-04 10:12:40,585 - Total time: 5.1s
2026-04-04 10:12:40,585 - Verified cost: 937
2026-04-04 10:12:40,587 - ======================================================================
2026-04-04 10:12:40,587 - FILE: B-n43-k6.vrp
2026-04-04 10:12:40,587 - ======================================================================
2026-04-04 10:12:40,590 - Dim=43 K=6 Cap=100
2026-04-04 10:12:40,590 - --- Clarke-Wright ---
2026-04-04 10:12:40,591 -   cost=861 time=0.00s
2026-04-04 10:12:40,591 - --- Two-Opt ---
2026-04-04 10:12:40,593 -   cost=795 time=0.00s
2026-04-04 10:12:40,593 - --- MaxSAT (2-tầng) ---
2026-04-04 10:12:40,593 - =========================================
2026-04-04 10:12:40,594 - BẮT ĐẦU OPTIMIZE (MaxSAT-RC2, 2-tầng)
2026-04-04 10:12:40,594 -   max_single=8  s_to=40.0s
2026-04-04 10:12:40,594 -   max_pair=8  p_to=30.0s
2026-04-04 10:12:40,594 -   n_pairs=3
2026-04-04 10:12:40,594 -   inner_patience=20
2026-04-04 10:12:40,594 -   global_timeout=1200.0s
2026-04-04 10:12:40,594 -   start_cost=795.00
2026-04-04 10:12:40,594 - =========================================
2026-04-04 10:12:40,594 - === OUTER 1 | cost=795.00 (còn 1200s) ===
2026-04-04 10:12:40,594 -   [Inner 1.1] cost=795.00 no_imp=0/20 (còn 1200s)
2026-04-04 10:12:40,599 -     [P1] Relocate → 791.00
2026-04-04 10:12:40,661 -     → INNER BEST = 791.00
2026-04-04 10:12:40,662 -   [Inner 1.2] cost=791.00 no_imp=0/20 (còn 1200s)
2026-04-04 10:12:40,667 -     [P1] Relocate → 784.00
2026-04-04 10:12:41,405 -     [P3] Single +4
2026-04-04 10:12:41,405 -     → INNER BEST = 780.00
2026-04-04 10:12:41,405 -   [Inner 1.3] cost=780.00 no_imp=0/20 (còn 1199s)
2026-04-04 10:12:42,155 -   [Inner 1.4] cost=780.00 no_imp=1/20 (còn 1198s)
2026-04-04 10:12:42,904 -   [Inner 1.5] cost=780.00 no_imp=2/20 (còn 1198s)
2026-04-04 10:12:43,660 -   [Inner 1.6] cost=780.00 no_imp=3/20 (còn 1197s)
2026-04-04 10:12:44,409 -   [Inner 1.7] cost=780.00 no_imp=4/20 (còn 1196s)
2026-04-04 10:12:45,149 -   [Inner 1.8] cost=780.00 no_imp=5/20 (còn 1195s)
2026-04-04 10:12:45,893 -   [Inner 1.9] cost=780.00 no_imp=6/20 (còn 1195s)
2026-04-04 10:12:46,638 -   [Inner 1.10] cost=780.00 no_imp=7/20 (còn 1194s)
2026-04-04 10:12:47,380 -   [Inner 1.11] cost=780.00 no_imp=8/20 (còn 1193s)
2026-04-04 10:12:48,126 -   [Inner 1.12] cost=780.00 no_imp=9/20 (còn 1192s)
2026-04-04 10:12:48,871 -   [Inner 1.13] cost=780.00 no_imp=10/20 (còn 1192s)
2026-04-04 10:12:49,611 -   [Inner 1.14] cost=780.00 no_imp=11/20 (còn 1191s)
2026-04-04 10:12:50,357 -   [Inner 1.15] cost=780.00 no_imp=12/20 (còn 1190s)
2026-04-04 10:12:51,100 -   [Inner 1.16] cost=780.00 no_imp=13/20 (còn 1189s)
2026-04-04 10:12:51,843 -   [Inner 1.17] cost=780.00 no_imp=14/20 (còn 1189s)
2026-04-04 10:12:52,587 -   [Inner 1.18] cost=780.00 no_imp=15/20 (còn 1188s)
2026-04-04 10:12:53,340 -   [Inner 1.19] cost=780.00 no_imp=16/20 (còn 1187s)
2026-04-04 10:12:54,097 -   [Inner 1.20] cost=780.00 no_imp=17/20 (còn 1186s)
2026-04-04 10:12:54,841 -   [Inner 1.21] cost=780.00 no_imp=18/20 (còn 1186s)
2026-04-04 10:12:55,579 -   [Inner 1.22] cost=780.00 no_imp=19/20 (còn 1185s)
2026-04-04 10:12:56,321 -   [Outer] Inner cải thiện → best=780.00
2026-04-04 10:12:56,321 -   [Outer 1] Chạy Pairwise MaxSAT...
2026-04-04 10:12:56,322 -   [Outer] Pairwise không cải thiện, đã thử hết cặp → dừng.
2026-04-04 10:12:56,322 - Hoàn thành. cost=780.00 | time=15.7s | s_imp=1 s_to=0 | p_imp=0 p_to=0
2026-04-04 10:12:56,322 - ======================================================================
2026-04-04 10:12:56,322 - CW=861 → 2opt=795 → MaxSAT=780
2026-04-04 10:12:56,322 - Cải thiện so CW: 81
2026-04-04 10:12:56,322 - Total time: 15.7s
2026-04-04 10:12:56,322 - Verified cost: 780
2026-04-04 10:12:56,324 - ======================================================================
2026-04-04 10:12:56,324 - FILE: B-n44-k7.vrp
2026-04-04 10:12:56,324 - ======================================================================
2026-04-04 10:12:56,327 - Dim=44 K=7 Cap=100
2026-04-04 10:12:56,327 - --- Clarke-Wright ---
2026-04-04 10:12:56,329 -   cost=1103 time=0.00s
2026-04-04 10:12:56,329 - --- Two-Opt ---
2026-04-04 10:12:56,330 -   cost=1045 time=0.00s
2026-04-04 10:12:56,331 - --- MaxSAT (2-tầng) ---
2026-04-04 10:12:56,331 - =========================================
2026-04-04 10:12:56,331 - BẮT ĐẦU OPTIMIZE (MaxSAT-RC2, 2-tầng)
2026-04-04 10:12:56,331 -   max_single=8  s_to=40.0s
2026-04-04 10:12:56,331 -   max_pair=8  p_to=30.0s
2026-04-04 10:12:56,331 -   n_pairs=3
2026-04-04 10:12:56,331 -   inner_patience=20
2026-04-04 10:12:56,331 -   global_timeout=1200.0s
2026-04-04 10:12:56,331 -   start_cost=1045.00
2026-04-04 10:12:56,331 - =========================================
2026-04-04 10:12:56,331 - === OUTER 1 | cost=1045.00 (còn 1200s) ===
2026-04-04 10:12:56,331 -   [Inner 1.1] cost=1045.00 no_imp=0/20 (còn 1200s)
2026-04-04 10:12:56,336 -     [P1] Relocate → 1041.00
2026-04-04 10:12:56,343 -     [P2] Exchange → 1019.00
2026-04-04 10:12:56,753 -     [P3] Single +4
2026-04-04 10:12:56,754 -     → INNER BEST = 1015.00
2026-04-04 10:12:56,754 -   [Inner 1.2] cost=1015.00 no_imp=0/20 (còn 1200s)
2026-04-04 10:12:56,758 -     [P1] Relocate → 1013.00
2026-04-04 10:12:56,764 -     [P2] Exchange → 1000.00
2026-04-04 10:12:57,624 -     → INNER BEST = 1000.00
2026-04-04 10:12:57,625 -   [Inner 1.3] cost=1000.00 no_imp=0/20 (còn 1199s)
2026-04-04 10:12:57,629 -     [P1] Relocate → 999.00
2026-04-04 10:12:57,635 -     [P2] Exchange → 995.00
2026-04-04 10:12:58,330 -     → INNER BEST = 995.00
2026-04-04 10:12:58,330 -   [Inner 1.4] cost=995.00 no_imp=0/20 (còn 1198s)
2026-04-04 10:12:58,335 -     [P1] Relocate → 994.00
2026-04-04 10:12:58,340 -     [P2] Exchange → 982.00
2026-04-04 10:12:58,626 -     → INNER BEST = 982.00
2026-04-04 10:12:58,627 -   [Inner 1.5] cost=982.00 no_imp=0/20 (còn 1198s)
2026-04-04 10:12:58,637 -     [P2] Exchange → 981.00
2026-04-04 10:12:58,948 -     → INNER BEST = 981.00
2026-04-04 10:12:58,948 -   [Inner 1.6] cost=981.00 no_imp=0/20 (còn 1197s)
2026-04-04 10:12:58,952 -     [P1] Relocate → 980.00
2026-04-04 10:12:58,957 -     [P2] Exchange → 945.00
2026-04-04 10:12:59,154 -     → INNER BEST = 945.00
2026-04-04 10:12:59,154 -   [Inner 1.7] cost=945.00 no_imp=0/20 (còn 1197s)
2026-04-04 10:12:59,159 -     [P1] Relocate → 937.00
2026-04-04 10:12:59,398 -     → INNER BEST = 937.00
2026-04-04 10:12:59,398 -   [Inner 1.8] cost=937.00 no_imp=0/20 (còn 1197s)
2026-04-04 10:12:59,642 -   [Inner 1.9] cost=937.00 no_imp=1/20 (còn 1197s)
2026-04-04 10:12:59,887 -   [Inner 1.10] cost=937.00 no_imp=2/20 (còn 1196s)
2026-04-04 10:13:00,136 -   [Inner 1.11] cost=937.00 no_imp=3/20 (còn 1196s)
2026-04-04 10:13:00,383 -   [Inner 1.12] cost=937.00 no_imp=4/20 (còn 1196s)
2026-04-04 10:13:00,627 -   [Inner 1.13] cost=937.00 no_imp=5/20 (còn 1196s)
2026-04-04 10:13:00,873 -   [Inner 1.14] cost=937.00 no_imp=6/20 (còn 1195s)
2026-04-04 10:13:01,115 -   [Inner 1.15] cost=937.00 no_imp=7/20 (còn 1195s)
2026-04-04 10:13:01,362 -   [Inner 1.16] cost=937.00 no_imp=8/20 (còn 1195s)
2026-04-04 10:13:01,605 -   [Inner 1.17] cost=937.00 no_imp=9/20 (còn 1195s)
2026-04-04 10:13:01,851 -   [Inner 1.18] cost=937.00 no_imp=10/20 (còn 1194s)
2026-04-04 10:13:02,095 -   [Inner 1.19] cost=937.00 no_imp=11/20 (còn 1194s)
2026-04-04 10:13:02,340 -   [Inner 1.20] cost=937.00 no_imp=12/20 (còn 1194s)
2026-04-04 10:13:02,597 -   [Inner 1.21] cost=937.00 no_imp=13/20 (còn 1194s)
2026-04-04 10:13:02,845 -   [Inner 1.22] cost=937.00 no_imp=14/20 (còn 1193s)
2026-04-04 10:13:03,087 -   [Inner 1.23] cost=937.00 no_imp=15/20 (còn 1193s)
2026-04-04 10:13:03,333 -   [Inner 1.24] cost=937.00 no_imp=16/20 (còn 1193s)
2026-04-04 10:13:03,580 -   [Inner 1.25] cost=937.00 no_imp=17/20 (còn 1193s)
2026-04-04 10:13:03,824 -   [Inner 1.26] cost=937.00 no_imp=18/20 (còn 1193s)
2026-04-04 10:13:04,070 -   [Inner 1.27] cost=937.00 no_imp=19/20 (còn 1192s)
2026-04-04 10:13:04,313 -   [Outer] Inner cải thiện → best=937.00
2026-04-04 10:13:04,313 -   [Outer 1] Chạy Pairwise MaxSAT...
2026-04-04 10:13:04,313 -   [Outer] Pairwise không cải thiện, đã thử hết cặp → dừng.
2026-04-04 10:13:04,313 - Hoàn thành. cost=937.00 | time=8.0s | s_imp=2 s_to=0 | p_imp=0 p_to=0
2026-04-04 10:13:04,314 - ======================================================================
2026-04-04 10:13:04,314 - CW=1103 → 2opt=1045 → MaxSAT=937
2026-04-04 10:13:04,314 - Cải thiện so CW: 166
2026-04-04 10:13:04,314 - Total time: 8.0s
2026-04-04 10:13:04,314 - Verified cost: 937
2026-04-04 10:13:04,315 - ======================================================================
2026-04-04 10:13:04,315 - FILE: B-n45-k5.vrp
2026-04-04 10:13:04,315 - ======================================================================
2026-04-04 10:13:04,319 - Dim=45 K=5 Cap=100
2026-04-04 10:13:04,319 - --- Clarke-Wright ---
2026-04-04 10:13:04,321 -   cost=1030 time=0.00s
2026-04-04 10:13:04,321 - --- Two-Opt ---
2026-04-04 10:13:04,326 -   cost=943 time=0.00s
2026-04-04 10:13:04,326 - --- MaxSAT (2-tầng) ---
2026-04-04 10:13:04,326 - =========================================
2026-04-04 10:13:04,326 - BẮT ĐẦU OPTIMIZE (MaxSAT-RC2, 2-tầng)
2026-04-04 10:13:04,326 -   max_single=9  s_to=40.0s
2026-04-04 10:13:04,326 -   max_pair=10  p_to=36.0s
2026-04-04 10:13:04,326 -   n_pairs=3
2026-04-04 10:13:04,326 -   inner_patience=20
2026-04-04 10:13:04,326 -   global_timeout=1200.0s
2026-04-04 10:13:04,326 -   start_cost=943.00
2026-04-04 10:13:04,326 - =========================================
2026-04-04 10:13:04,326 - === OUTER 1 | cost=943.00 (còn 1200s) ===
2026-04-04 10:13:04,326 -   [Inner 1.1] cost=943.00 no_imp=0/20 (còn 1200s)
2026-04-04 10:13:04,329 -     [P1] Relocate → 942.00
2026-04-04 10:13:04,334 -     [P2] Exchange → 863.00
2026-04-04 10:13:04,540 -     → INNER BEST = 863.00
2026-04-04 10:13:04,540 -   [Inner 1.2] cost=863.00 no_imp=0/20 (còn 1200s)
2026-04-04 10:13:04,544 -     [P1] Relocate → 858.00
2026-04-04 10:13:04,704 -     → INNER BEST = 858.00
2026-04-04 10:13:04,704 -   [Inner 1.3] cost=858.00 no_imp=0/20 (còn 1200s)
2026-04-04 10:13:04,707 -     [P1] Relocate → 857.00
2026-04-04 10:13:05,065 -     → INNER BEST = 857.00
2026-04-04 10:13:05,066 -   [Inner 1.4] cost=857.00 no_imp=0/20 (còn 1199s)
2026-04-04 10:13:05,420 -   [Inner 1.5] cost=857.00 no_imp=1/20 (còn 1199s)
2026-04-04 10:13:05,775 -   [Inner 1.6] cost=857.00 no_imp=2/20 (còn 1199s)
2026-04-04 10:13:06,128 -   [Inner 1.7] cost=857.00 no_imp=3/20 (còn 1198s)
2026-04-04 10:13:06,482 -   [Inner 1.8] cost=857.00 no_imp=4/20 (còn 1198s)
2026-04-04 10:13:06,844 -   [Inner 1.9] cost=857.00 no_imp=5/20 (còn 1197s)
2026-04-04 10:13:07,197 -   [Inner 1.10] cost=857.00 no_imp=6/20 (còn 1197s)
2026-04-04 10:13:07,559 -   [Inner 1.11] cost=857.00 no_imp=7/20 (còn 1197s)
2026-04-04 10:13:07,916 -   [Inner 1.12] cost=857.00 no_imp=8/20 (còn 1196s)
2026-04-04 10:13:08,271 -   [Inner 1.13] cost=857.00 no_imp=9/20 (còn 1196s)
2026-04-04 10:13:08,627 -   [Inner 1.14] cost=857.00 no_imp=10/20 (còn 1196s)
2026-04-04 10:13:08,986 -   [Inner 1.15] cost=857.00 no_imp=11/20 (còn 1195s)
2026-04-04 10:13:09,341 -   [Inner 1.16] cost=857.00 no_imp=12/20 (còn 1195s)
2026-04-04 10:13:09,691 -   [Inner 1.17] cost=857.00 no_imp=13/20 (còn 1195s)
2026-04-04 10:13:10,047 -   [Inner 1.18] cost=857.00 no_imp=14/20 (còn 1194s)
2026-04-04 10:13:10,400 -   [Inner 1.19] cost=857.00 no_imp=15/20 (còn 1194s)
2026-04-04 10:13:10,752 -   [Inner 1.20] cost=857.00 no_imp=16/20 (còn 1194s)
2026-04-04 10:13:11,109 -   [Inner 1.21] cost=857.00 no_imp=17/20 (còn 1193s)
2026-04-04 10:13:11,461 -   [Inner 1.22] cost=857.00 no_imp=18/20 (còn 1193s)
2026-04-04 10:13:11,821 -   [Inner 1.23] cost=857.00 no_imp=19/20 (còn 1193s)
2026-04-04 10:13:12,175 -   [Outer] Inner cải thiện → best=857.00
2026-04-04 10:13:12,176 -   [Outer 1] Chạy Pairwise MaxSAT...
2026-04-04 10:13:12,180 -   [Outer] Pairwise không cải thiện, đã thử hết cặp → dừng.
2026-04-04 10:13:12,180 - Hoàn thành. cost=857.00 | time=7.9s | s_imp=0 s_to=0 | p_imp=0 p_to=0
2026-04-04 10:13:12,180 - ======================================================================
2026-04-04 10:13:12,180 - CW=1030 → 2opt=943 → MaxSAT=857
2026-04-04 10:13:12,180 - Cải thiện so CW: 173
2026-04-04 10:13:12,180 - Total time: 7.9s
2026-04-04 10:13:12,180 - Verified cost: 857
2026-04-04 10:13:12,182 - ======================================================================
2026-04-04 10:13:12,182 - FILE: B-n45-k6.vrp
2026-04-04 10:13:12,182 - ======================================================================
2026-04-04 10:13:12,185 - Dim=45 K=6 Cap=100
2026-04-04 10:13:12,185 - --- Clarke-Wright ---
2026-04-04 10:13:12,188 -   cost=888 time=0.00s
2026-04-04 10:13:12,188 - --- Two-Opt ---
2026-04-04 10:13:12,189 -   cost=846 time=0.00s
2026-04-04 10:13:12,189 - --- MaxSAT (2-tầng) ---
2026-04-04 10:13:12,189 - =========================================
2026-04-04 10:13:12,189 - BẮT ĐẦU OPTIMIZE (MaxSAT-RC2, 2-tầng)
2026-04-04 10:13:12,189 -   max_single=8  s_to=40.0s
2026-04-04 10:13:12,189 -   max_pair=9  p_to=30.0s
2026-04-04 10:13:12,189 -   n_pairs=3
2026-04-04 10:13:12,189 -   inner_patience=20
2026-04-04 10:13:12,189 -   global_timeout=1200.0s
2026-04-04 10:13:12,190 -   start_cost=846.00
2026-04-04 10:13:12,190 - =========================================
2026-04-04 10:13:12,190 - === OUTER 1 | cost=846.00 (còn 1200s) ===
2026-04-04 10:13:12,190 -   [Inner 1.1] cost=846.00 no_imp=0/20 (còn 1200s)
2026-04-04 10:13:12,191 -     [P1] Relocate → 821.00
2026-04-04 10:13:12,195 -     [P2] Exchange → 811.00
2026-04-04 10:13:12,692 -     [P3] Single +12
2026-04-04 10:13:12,693 -     → INNER BEST = 799.00
2026-04-04 10:13:12,693 -   [Inner 1.2] cost=799.00 no_imp=0/20 (còn 1199s)
2026-04-04 10:13:12,697 -     [P2] Exchange → 797.00
2026-04-04 10:13:13,197 -     → INNER BEST = 797.00
2026-04-04 10:13:13,197 -   [Inner 1.3] cost=797.00 no_imp=0/20 (còn 1199s)
2026-04-04 10:13:13,199 -     [P1] Relocate → 795.00
2026-04-04 10:13:13,743 -     → INNER BEST = 795.00
2026-04-04 10:13:13,743 -   [Inner 1.4] cost=795.00 no_imp=0/20 (còn 1198s)
2026-04-04 10:13:14,289 -   [Inner 1.5] cost=795.00 no_imp=1/20 (còn 1198s)
2026-04-04 10:13:14,833 -   [Inner 1.6] cost=795.00 no_imp=2/20 (còn 1197s)
2026-04-04 10:13:15,381 -   [Inner 1.7] cost=795.00 no_imp=3/20 (còn 1197s)
2026-04-04 10:13:15,923 -   [Inner 1.8] cost=795.00 no_imp=4/20 (còn 1196s)
2026-04-04 10:13:16,469 -   [Inner 1.9] cost=795.00 no_imp=5/20 (còn 1196s)
2026-04-04 10:13:17,019 -   [Inner 1.10] cost=795.00 no_imp=6/20 (còn 1195s)
2026-04-04 10:13:17,561 -   [Inner 1.11] cost=795.00 no_imp=7/20 (còn 1195s)
2026-04-04 10:13:18,101 -   [Inner 1.12] cost=795.00 no_imp=8/20 (còn 1194s)
2026-04-04 10:13:18,644 -   [Inner 1.13] cost=795.00 no_imp=9/20 (còn 1194s)
2026-04-04 10:13:19,195 -   [Inner 1.14] cost=795.00 no_imp=10/20 (còn 1193s)
2026-04-04 10:13:19,740 -   [Inner 1.15] cost=795.00 no_imp=11/20 (còn 1192s)
2026-04-04 10:13:20,283 -   [Inner 1.16] cost=795.00 no_imp=12/20 (còn 1192s)
2026-04-04 10:13:20,838 -   [Inner 1.17] cost=795.00 no_imp=13/20 (còn 1191s)
2026-04-04 10:13:21,385 -   [Inner 1.18] cost=795.00 no_imp=14/20 (còn 1191s)
2026-04-04 10:13:21,928 -   [Inner 1.19] cost=795.00 no_imp=15/20 (còn 1190s)
2026-04-04 10:13:22,469 -   [Inner 1.20] cost=795.00 no_imp=16/20 (còn 1190s)
2026-04-04 10:13:23,014 -   [Inner 1.21] cost=795.00 no_imp=17/20 (còn 1189s)
2026-04-04 10:13:23,556 -   [Inner 1.22] cost=795.00 no_imp=18/20 (còn 1189s)
2026-04-04 10:13:24,103 -   [Inner 1.23] cost=795.00 no_imp=19/20 (còn 1188s)
2026-04-04 10:13:24,646 -   [Outer] Inner cải thiện → best=795.00
2026-04-04 10:13:24,647 -   [Outer 1] Chạy Pairwise MaxSAT...
2026-04-04 10:13:24,647 -   [Outer] Pairwise không cải thiện, đã thử hết cặp → dừng.
2026-04-04 10:13:24,647 - Hoàn thành. cost=795.00 | time=12.5s | s_imp=1 s_to=0 | p_imp=0 p_to=0
2026-04-04 10:13:24,647 - ======================================================================
2026-04-04 10:13:24,647 - CW=888 → 2opt=846 → MaxSAT=795
2026-04-04 10:13:24,647 - Cải thiện so CW: 93
2026-04-04 10:13:24,647 - Total time: 12.5s
2026-04-04 10:13:24,647 - Verified cost: 795
2026-04-04 10:13:24,649 - ======================================================================
2026-04-04 10:13:24,649 - FILE: B-n50-k8.vrp
2026-04-04 10:13:24,649 - ======================================================================
2026-04-04 10:13:24,653 - Dim=50 K=8 Cap=100
2026-04-04 10:13:24,653 - --- Clarke-Wright ---
2026-04-04 10:13:24,655 -   cost=1554 time=0.00s
2026-04-04 10:13:24,656 - --- Two-Opt ---
2026-04-04 10:13:24,657 -   cost=1503 time=0.00s
2026-04-04 10:13:24,657 - --- MaxSAT (2-tầng) ---
2026-04-04 10:13:24,657 - =========================================
2026-04-04 10:13:24,657 - BẮT ĐẦU OPTIMIZE (MaxSAT-RC2, 2-tầng)
2026-04-04 10:13:24,657 -   max_single=8  s_to=40.0s
2026-04-04 10:13:24,657 -   max_pair=8  p_to=30.0s
2026-04-04 10:13:24,657 -   n_pairs=3
2026-04-04 10:13:24,657 -   inner_patience=20
2026-04-04 10:13:24,657 -   global_timeout=1200.0s
2026-04-04 10:13:24,657 -   start_cost=1503.00
2026-04-04 10:13:24,657 - =========================================
2026-04-04 10:13:24,657 - === OUTER 1 | cost=1503.00 (còn 1200s) ===
2026-04-04 10:13:24,657 -   [Inner 1.1] cost=1503.00 no_imp=0/20 (còn 1200s)
2026-04-04 10:13:24,665 -     [P1] Relocate → 1501.00
2026-04-04 10:13:24,673 -     [P2] Exchange → 1469.00
2026-04-04 10:13:26,153 -     [P3] Single +6
2026-04-04 10:13:26,153 -     → INNER BEST = 1463.00
2026-04-04 10:13:26,153 -   [Inner 1.2] cost=1463.00 no_imp=0/20 (còn 1199s)
2026-04-04 10:13:26,159 -     [P1] Relocate → 1462.00
2026-04-04 10:13:26,167 -     [P2] Exchange → 1439.00
2026-04-04 10:13:29,846 -     → INNER BEST = 1439.00
2026-04-04 10:13:29,846 -   [Inner 1.3] cost=1439.00 no_imp=0/20 (còn 1195s)
2026-04-04 10:13:29,852 -     [P1] Relocate → 1438.00
2026-04-04 10:13:29,859 -     [P2] Exchange → 1435.00
2026-04-04 10:13:33,593 -     → INNER BEST = 1435.00
2026-04-04 10:13:33,593 -   [Inner 1.4] cost=1435.00 no_imp=0/20 (còn 1191s)
2026-04-04 10:13:33,599 -     [P1] Relocate → 1434.00
2026-04-04 10:13:33,607 -     [P2] Exchange → 1398.00
2026-04-04 10:13:38,951 -     [P3] Single +6
2026-04-04 10:13:38,952 -     → INNER BEST = 1392.00
2026-04-04 10:13:38,952 -   [Inner 1.5] cost=1392.00 no_imp=0/20 (còn 1186s)
2026-04-04 10:13:38,958 -     [P1] Relocate → 1391.00
2026-04-04 10:13:38,966 -     [P2] Exchange → 1376.00
2026-04-04 10:13:43,351 -     [P3] Single +6
2026-04-04 10:13:43,351 -     → INNER BEST = 1370.00
2026-04-04 10:13:43,351 -   [Inner 1.6] cost=1370.00 no_imp=0/20 (còn 1181s)
2026-04-04 10:13:43,357 -     [P1] Relocate → 1369.00
2026-04-04 10:13:43,365 -     [P2] Exchange → 1363.00
2026-04-04 10:13:47,309 -     → INNER BEST = 1363.00
2026-04-04 10:13:47,310 -   [Inner 1.7] cost=1363.00 no_imp=0/20 (còn 1177s)
2026-04-04 10:13:47,316 -     [P1] Relocate → 1357.00
2026-04-04 10:13:47,323 -     [P2] Exchange → 1351.00
2026-04-04 10:13:51,098 -     → INNER BEST = 1351.00
2026-04-04 10:13:51,098 -   [Inner 1.8] cost=1351.00 no_imp=0/20 (còn 1174s)
2026-04-04 10:13:51,104 -     [P1] Relocate → 1346.00
2026-04-04 10:13:55,272 -     → INNER BEST = 1346.00
2026-04-04 10:13:55,272 -   [Inner 1.9] cost=1346.00 no_imp=0/20 (còn 1169s)
2026-04-04 10:13:55,278 -     [P1] Relocate → 1345.00
2026-04-04 10:13:55,285 -     [P2] Exchange → 1344.00
2026-04-04 10:13:59,215 -     → INNER BEST = 1344.00
2026-04-04 10:13:59,215 -   [Inner 1.10] cost=1344.00 no_imp=0/20 (còn 1165s)
2026-04-04 10:13:59,221 -     [P1] Relocate → 1341.00
2026-04-04 10:13:59,227 -     [P2] Exchange → 1340.00
2026-04-04 10:14:03,082 -     → INNER BEST = 1340.00
2026-04-04 10:14:03,082 -   [Inner 1.11] cost=1340.00 no_imp=0/20 (còn 1162s)
2026-04-04 10:14:03,087 -     [P1] Relocate → 1339.00
2026-04-04 10:14:06,906 -     → INNER BEST = 1339.00
2026-04-04 10:14:06,906 -   [Inner 1.12] cost=1339.00 no_imp=0/20 (còn 1158s)
2026-04-04 10:14:10,725 -   [Inner 1.13] cost=1339.00 no_imp=1/20 (còn 1154s)
2026-04-04 10:14:14,536 -   [Inner 1.14] cost=1339.00 no_imp=2/20 (còn 1150s)
2026-04-04 10:14:18,357 -   [Inner 1.15] cost=1339.00 no_imp=3/20 (còn 1146s)
2026-04-04 10:14:22,160 -   [Inner 1.16] cost=1339.00 no_imp=4/20 (còn 1142s)
2026-04-04 10:14:26,003 -   [Inner 1.17] cost=1339.00 no_imp=5/20 (còn 1139s)
2026-04-04 10:14:29,785 -   [Inner 1.18] cost=1339.00 no_imp=6/20 (còn 1135s)
2026-04-04 10:14:33,591 -   [Inner 1.19] cost=1339.00 no_imp=7/20 (còn 1131s)
