2026-04-04 02:39:13,224 - ======================================================================
2026-04-04 02:39:13,224 - CPLEX MIP SOLVER  |  FILE: B-n31-k5.vrp
2026-04-04 02:39:13,224 - ======================================================================
2026-04-04 02:39:13,226 - Thông tin dữ liệu: Dimension=31, K=5, Capacity=100
2026-04-04 02:39:13,226 - --- Step 1: Clarke-Wright Heuristic ---
2026-04-04 02:39:13,227 -   Kết quả CW: Cost = 748, Time = 0.001s
2026-04-04 02:39:13,227 - --- Step 2: Two-Opt Local Search ---
2026-04-04 02:39:13,228 -   Kết quả Two-Opt: Cost = 730, Time = 0.001s
2026-04-04 02:39:13,228 - --- Step 3: Advanced Optimization (CPLEX MIP) ---
2026-04-04 02:39:13,228 - =========================================
2026-04-04 02:39:13,228 - BẮT ĐẦU OPTIMIZE  (100% CPLEX MIP)
2026-04-04 02:39:13,228 -  -> Max Single Size  : 50
2026-04-04 02:39:13,228 -  -> Single Timeout   : 40.0s
2026-04-04 02:39:13,228 -  -> Max Pairwise Size: 35
2026-04-04 02:39:13,228 -  -> Pairwise Timeout : 15.0s
2026-04-04 02:39:13,228 -  -> Global Timeout   : 1200.0s
2026-04-04 02:39:13,228 -  -> Closest Pairs    : 999
2026-04-04 02:39:13,228 -  -> Patience         : 20
2026-04-04 02:39:13,228 -  -> Max Iterations   : 150
2026-04-04 02:39:13,229 -  -> Chi phí khởi điểm: 730
2026-04-04 02:39:13,229 - =========================================
2026-04-04 02:39:13,229 - --- Iter 1/150  (còn 1200s) ---
2026-04-04 02:39:28,372 -   [Pair] (1,2): 363 → 344  (−19)
2026-04-04 02:39:28,372 - => ITER 1: BEST MỚI = 711
2026-04-04 02:39:28,372 - --- Iter 2/150  (còn 1185s) ---
2026-04-04 02:39:43,538 -   [Pair] (2,3): 350 → 340  (−10)
2026-04-04 02:39:43,539 - => ITER 2: BEST MỚI = 701
2026-04-04 02:39:43,539 - --- Iter 3/150  (còn 1170s) ---
2026-04-04 02:40:00,816 -   [Pair] (2,4): 222 → 219  (−3)
2026-04-04 02:40:00,816 - => ITER 3: BEST MỚI = 698
2026-04-04 02:40:00,816 - --- Iter 4/150  (còn 1152s) ---
2026-04-04 02:40:08,171 -   [Pair] (2,3): 325 → 318  (−7)
2026-04-04 02:40:08,172 - => ITER 4: BEST MỚI = 691
2026-04-04 02:40:08,172 - --- Iter 5/150  (còn 1145s) ---
2026-04-04 02:40:58,141 -   [Pair] (1,2): 321 → 315  (−6)
2026-04-04 02:40:58,141 - => ITER 5: BEST MỚI = 685
2026-04-04 02:40:58,141 - --- Iter 6/150  (còn 1095s) ---
2026-04-04 02:41:13,264 -   [Pair] (2,3): 326 → 322  (−4)
2026-04-04 02:41:13,264 - => ITER 6: BEST MỚI = 681
2026-04-04 02:41:13,265 - --- Iter 7/150  (còn 1080s) ---
2026-04-04 02:42:14,086 -   [Pair] (0,4): 268 → 264  (−4)
2026-04-04 02:42:14,086 - => ITER 7: BEST MỚI = 677
2026-04-04 02:42:14,086 - --- Iter 8/150  (còn 1019s) ---
2026-04-04 02:44:01,723 - => ITER 8: Không cải thiện (1/20)
2026-04-04 02:44:01,723 - --- Iter 9/150  (còn 912s) ---
2026-04-04 02:45:49,129 - => ITER 9: Không cải thiện (2/20)
2026-04-04 02:45:49,130 - --- Iter 10/150  (còn 804s) ---
2026-04-04 02:47:41,520 - => ITER 10: Không cải thiện (3/20)
2026-04-04 02:47:41,520 - --- Iter 11/150  (còn 692s) ---
2026-04-04 02:49:30,450 - => ITER 11: Không cải thiện (4/20)
2026-04-04 02:49:30,450 - --- Iter 12/150  (còn 583s) ---
2026-04-04 02:51:23,318 - => ITER 12: Không cải thiện (5/20)
2026-04-04 02:51:23,319 - --- Iter 13/150  (còn 470s) ---
