2026-04-04 14:58:48,117 - ======================================================================
2026-04-04 14:58:48,117 - FILE: X-n106-k14.vrp
2026-04-04 14:58:48,117 - ======================================================================
2026-04-04 14:58:48,135 - Dim=106 K=14 Cap=600
2026-04-04 14:58:48,135 - --- Step 1: Clarke-Wright Heuristic ---
2026-04-04 14:58:48,145 -   cost=29479 time=0.01s
2026-04-04 14:58:48,145 - --- Step 2, 3, 4: Advanced Optimization Pipeline ---
2026-04-04 14:58:48,145 - =========================================
2026-04-04 14:58:48,145 - BẮT ĐẦU TUYẾN TRÌNH TỐI ƯU (PIPELINE)
2026-04-04 14:58:48,145 - =========================================
2026-04-04 14:58:48,146 - === GIAI ĐOẠN 2: LOCAL SEARCH ĐA TOÁN TỬ | Bắt đầu: 29479.00 ===
2026-04-04 14:58:48,546 -   [LS Iter 1] Cải thiện cost: 29479.00 -> 27848.00
2026-04-04 14:58:48,903 -   [LS Iter 2] Cải thiện cost: 27848.00 -> 27402.00
2026-04-04 14:58:49,270 -   [LS Iter 3] Cải thiện cost: 27402.00 -> 27380.00
2026-04-04 14:58:49,652 - === KẾT THÚC GIAI ĐOẠN 2 | Đạt cực trị tại: 27380.00 ===
2026-04-04 14:58:49,652 - === BẮT ĐẦU CHẶNG 3: ALNS + GLS | Vòng lặp: 300 | Cost: 27380.00 ===
2026-04-04 14:58:50,408 -   [ALNS Iter 1] Random Destroy phá vỡ giới hạn -> BEST MỚI: 27346.00
2026-04-04 14:58:52,445 -   [ALNS Iter 2] Random Destroy phá vỡ giới hạn -> BEST MỚI: 27154.00
2026-04-04 14:58:59,281 -   [ALNS Iter 7] Random Destroy phá vỡ giới hạn -> BEST MỚI: 26996.00
2026-04-04 14:59:03,983 -   [ALNS Iter 9] Related Destroy phá vỡ giới hạn -> BEST MỚI: 26933.00
2026-04-04 14:59:08,100 -   [ALNS Iter 11] Random Destroy phá vỡ giới hạn -> BEST MỚI: 26868.00
2026-04-04 14:59:11,526 -   [ALNS Iter 15] Random Destroy phá vỡ giới hạn -> BEST MỚI: 26819.00
2026-04-04 14:59:17,848 -   [GLS Iter 21] Cập nhật ma trận phạt để thay đổi hướng đi.
2026-04-04 14:59:56,161 -   [ALNS Iter 53] Related Destroy phá vỡ giới hạn -> BEST MỚI: 26785.00
2026-04-04 15:00:08,136 -   [ALNS Iter 64] Random Destroy phá vỡ giới hạn -> BEST MỚI: 26781.00
2026-04-04 15:01:18,992 -   [GLS Iter 121] Cập nhật ma trận phạt để thay đổi hướng đi.
2026-04-04 15:02:32,897 -   [GLS Iter 181] Cập nhật ma trận phạt để thay đổi hướng đi.
2026-04-04 15:03:50,597 -   [GLS Iter 241] Cập nhật ma trận phạt để thay đổi hướng đi.
2026-04-04 15:05:04,870 - === KẾT THÚC CHẶNG 3 | Cost xuất sắc nhất đạt được: 26781.00 ===
2026-04-04 15:05:04,870 - === BẮT ĐẦU CHẶNG 4: MAX-SAT CHÍNH XÁC | Cost: 26781.00 ===
2026-04-04 15:05:04,870 -   [GĐ 4.1] Giải bài toán TSP trên từng tuyến đơn...
2026-04-04 15:05:50,240 -     [S-Timeout 40.0s]
2026-04-04 15:06:30,253 -     [S-Timeout 40.0s]
2026-04-04 15:07:15,385 -     [S-Timeout 40.0s]
2026-04-04 15:07:55,397 -     [S-Timeout 40.0s]
2026-04-04 15:08:36,499 -     [S-Timeout 40.0s]
2026-04-04 15:08:36,506 -   [GĐ 4.2] Xét từng cặp tuyến để phân bổ lại khách hàng...
2026-04-04 15:08:36,507 -   --- Pairwise Iter 1 (còn 612s) ---
2026-04-04 15:09:36,511 -     [P-Timeout 60.0s]
2026-04-04 15:10:36,538 -     [P-Timeout 60.0s]
2026-04-04 15:11:36,564 -     [P-Timeout 60.0s]
2026-04-04 15:12:36,585 -     [P-Timeout 60.0s]
2026-04-04 15:13:36,614 -     [P-Timeout 60.0s]
2026-04-04 15:14:36,640 -     [P-Timeout 60.0s]
2026-04-04 15:15:36,672 -     [P-Timeout 60.0s]
2026-04-04 15:16:36,690 -     [P-Timeout 60.0s]
2026-04-04 15:17:36,717 -     [P-Timeout 60.0s]
2026-04-04 15:18:36,754 -     [P-Timeout 60.0s]
2026-04-04 15:18:46,149 -     [P-Timeout 9.4s]
2026-04-04 15:18:46,168 -     -> Đã đạt cực trị toàn cục cho mọi cặp dưới ngưỡng. KẾT THÚC CHẶNG 4.
2026-04-04 15:18:46,168 - HOÀN THÀNH PIPELINE. Final cost=26781.00 | Time=1198.0s
2026-04-04 15:18:46,168 - ======================================================================
2026-04-04 15:18:46,168 - CW Khởi tạo = 29479 → Sau Pipeline = 26781
2026-04-04 15:18:46,168 - Cải thiện so CW: 2698
2026-04-04 15:18:46,168 - Tổng thời gian: 1198.0s
2026-04-04 15:18:46,168 - Verified cost: 26781
2026-04-04 15:18:46,170 - ======================================================================
2026-04-04 15:18:46,170 - FILE: X-n110-k13.vrp
2026-04-04 15:18:46,170 - ======================================================================
2026-04-04 15:18:46,196 - Dim=110 K=13 Cap=66
2026-04-04 15:18:46,196 - --- Step 1: Clarke-Wright Heuristic ---
2026-04-04 15:18:46,208 -   cost=19434 time=0.01s
2026-04-04 15:18:46,208 - --- Step 2, 3, 4: Advanced Optimization Pipeline ---
2026-04-04 15:18:46,208 - =========================================
2026-04-04 15:18:46,208 - BẮT ĐẦU TUYẾN TRÌNH TỐI ƯU (PIPELINE)
2026-04-04 15:18:46,208 - =========================================
2026-04-04 15:18:46,208 - === GIAI ĐOẠN 2: LOCAL SEARCH ĐA TOÁN TỬ | Bắt đầu: 19434.00 ===
2026-04-04 15:18:46,668 -   [LS Iter 1] Cải thiện cost: 19434.00 -> 16707.00
2026-04-04 15:18:47,088 -   [LS Iter 2] Cải thiện cost: 16707.00 -> 16314.00
2026-04-04 15:18:47,502 -   [LS Iter 3] Cải thiện cost: 16314.00 -> 16210.00
2026-04-04 15:18:47,900 -   [LS Iter 4] Cải thiện cost: 16210.00 -> 16169.00
2026-04-04 15:18:48,322 -   [LS Iter 5] Cải thiện cost: 16169.00 -> 16122.00
2026-04-04 15:18:48,746 -   [LS Iter 6] Cải thiện cost: 16122.00 -> 15987.00
2026-04-04 15:18:49,179 - === KẾT THÚC GIAI ĐOẠN 2 | Đạt cực trị tại: 15987.00 ===
2026-04-04 15:18:49,179 - === BẮT ĐẦU CHẶNG 3: ALNS + GLS | Vòng lặp: 300 | Cost: 15987.00 ===
2026-04-04 15:18:54,519 -   [ALNS Iter 2] Related Destroy phá vỡ giới hạn -> BEST MỚI: 15721.00
2026-04-04 15:18:58,144 -   [ALNS Iter 5] Related Destroy phá vỡ giới hạn -> BEST MỚI: 15437.00
2026-04-04 15:19:51,699 -   [GLS Iter 41] Cập nhật ma trận phạt để thay đổi hướng đi.
2026-04-04 15:20:05,112 -   [ALNS Iter 49] Related Destroy phá vỡ giới hạn -> BEST MỚI: 15403.00
2026-04-04 15:20:19,884 -   [GLS Iter 61] Cập nhật ma trận phạt để thay đổi hướng đi.
2026-04-04 15:20:45,242 -   [ALNS Iter 75] Related Destroy phá vỡ giới hạn -> BEST MỚI: 15363.00
2026-04-04 15:20:52,277 -   [GLS Iter 81] Cập nhật ma trận phạt để thay đổi hướng đi.
