2026-04-04 15:34:41,975 - ======================================================================
2026-04-04 15:34:41,975 - GUROBI MIP SOLVER  |  FILE: B-n31-k5.vrp
2026-04-04 15:34:41,975 - ======================================================================
2026-04-04 15:34:41,977 - Thông tin dữ liệu: Dimension=31, K=5, Capacity=100
2026-04-04 15:34:41,978 - --- Step 1: Clarke-Wright Heuristic ---
2026-04-04 15:34:41,979 -   Kết quả CW: Cost = 748, Time = 0.001s
2026-04-04 15:34:41,979 - --- Step 2: Advanced Optimization (Gurobi MIP) ---
2026-04-04 15:34:41,979 - =========================================
2026-04-04 15:34:41,979 - BẮT ĐẦU OPTIMIZE  (100% Gurobi MIP)
2026-04-04 15:34:41,979 -  -> Max Single Size  : 20
2026-04-04 15:34:41,979 -  -> Single Timeout   : 40.0s
2026-04-04 15:34:41,979 -  -> Max Pairwise Size: 18
2026-04-04 15:34:41,979 -  -> Pairwise Timeout : 49.6s
2026-04-04 15:34:41,979 -  -> Global Timeout   : 1200.0s
2026-04-04 15:34:41,979 -  -> Chi phí khởi điểm: 748
2026-04-04 15:34:41,979 - =========================================
2026-04-04 15:34:41,979 - === BẮT ĐẦU CHẶNG 4: GUROBI MIP CHÍNH XÁC | Cost: 748 ===
2026-04-04 15:34:41,979 -   [GĐ 4.1] Giải bài toán TSP trên từng tuyến đơn...
2026-04-04 15:34:42,139 -     -> Single Gurobi cải thiện: 18. Cost mới: 730
2026-04-04 15:34:42,139 -   [GĐ 4.2] Xét từng cặp tuyến để phân bổ lại khách hàng...
2026-04-04 15:34:42,139 -   --- Pairwise Iter 1 (còn 1200s) ---
2026-04-04 15:35:31,761 -     [P4.2] Pair (1,2) giảm 19 -> BEST = 711
2026-04-04 15:35:31,762 -   --- Pairwise Iter 2 (còn 1150s) ---
2026-04-04 15:36:14,162 -     [P4.2] Pair (1,3) giảm 10 -> BEST = 701
2026-04-04 15:36:14,162 -   --- Pairwise Iter 3 (còn 1108s) ---
2026-04-04 15:37:10,879 -     [P4.2] Pair (1,4) giảm 7 -> BEST = 694
2026-04-04 15:37:10,879 -   --- Pairwise Iter 4 (còn 1051s) ---
2026-04-04 15:37:14,591 -     [P4.2] Pair (3,4) giảm 3 -> BEST = 691
2026-04-04 15:37:14,591 -   --- Pairwise Iter 5 (còn 1047s) ---
