2026-04-04 02:02:11,948 - ======================================================================
2026-04-04 02:02:11,949 - GUROBI MIP SOLVER  |  FILE: B-n31-k5.vrp
2026-04-04 02:02:11,949 - ======================================================================
2026-04-04 02:02:11,951 - Dimension=31  K=5  Capacity=100
2026-04-04 02:02:11,952 - --- Tạo nghiệm khởi tạo (Greedy Nearest-Neighbor) ---
2026-04-04 02:02:11,952 -   Nghiệm khởi tạo: Cost = 943  (5 routes)  (0.00s)
2026-04-04 02:02:11,952 - --- Tối ưu bằng Gurobi MIP ---
2026-04-04 02:02:11,953 - =========================================
2026-04-04 02:02:11,953 - BẮT ĐẦU OPTIMIZE  (100% Gurobi MIP)
2026-04-04 02:02:11,953 -  -> Max Single Size  : 11
2026-04-04 02:02:11,953 -  -> Single Timeout   : 60.0s
2026-04-04 02:02:11,953 -  -> Max Pairwise Size: 10
2026-04-04 02:02:11,954 -  -> Pairwise Timeout : 500.0s
2026-04-04 02:02:11,954 -  -> Global Timeout   : 1200.0s
2026-04-04 02:02:11,954 -  -> Closest Pairs    : 999
2026-04-04 02:02:11,954 -  -> Patience         : 20
2026-04-04 02:02:11,955 -  -> Max Iterations   : 150
2026-04-04 02:02:11,955 -  -> Chi phí khởi điểm: 943
2026-04-04 02:02:11,955 - =========================================
2026-04-04 02:02:11,956 - --- Iter 1/150  (còn 1200s) ---
2026-04-04 02:02:12,652 -   [Single] Route 0: 145 → 118  (−27)
2026-04-04 02:02:12,685 -   [Single] Route 1: 236 → 223  (−13)
2026-04-04 02:02:12,697 -   [Single] Route 2: 114 → 111  (−3)
2026-04-04 02:02:12,861 -   [Single] Route 3: 260 → 241  (−19)
2026-04-04 02:02:12,987 -   [Pair] (1,4): 411 → 297  (−114)
2026-04-04 02:02:12,988 - => ITER 1: BEST MỚI = 767
2026-04-04 02:02:12,988 - --- Iter 2/150  (còn 1199s) ---
2026-04-04 02:02:13,682 - => ITER 2: Không cải thiện (1/20)
2026-04-04 02:02:13,683 - --- Iter 3/150  (còn 1198s) ---
2026-04-04 02:02:14,386 - => ITER 3: Không cải thiện (2/20)
2026-04-04 02:02:14,387 - --- Iter 4/150  (còn 1198s) ---
2026-04-04 02:02:15,091 - => ITER 4: Không cải thiện (3/20)
2026-04-04 02:02:15,091 - --- Iter 5/150  (còn 1197s) ---
2026-04-04 02:02:15,792 - => ITER 5: Không cải thiện (4/20)
2026-04-04 02:02:15,792 - --- Iter 6/150  (còn 1196s) ---
2026-04-04 02:02:16,488 - => ITER 6: Không cải thiện (5/20)
2026-04-04 02:02:16,489 - --- Iter 7/150  (còn 1195s) ---
2026-04-04 02:02:17,190 - => ITER 7: Không cải thiện (6/20)
2026-04-04 02:02:17,190 - --- Iter 8/150  (còn 1195s) ---
2026-04-04 02:02:17,882 - => ITER 8: Không cải thiện (7/20)
2026-04-04 02:02:17,882 - --- Iter 9/150  (còn 1194s) ---
2026-04-04 02:02:18,575 - => ITER 9: Không cải thiện (8/20)
2026-04-04 02:02:18,575 - --- Iter 10/150  (còn 1193s) ---
2026-04-04 02:02:19,266 - => ITER 10: Không cải thiện (9/20)
2026-04-04 02:02:19,267 - --- Iter 11/150  (còn 1193s) ---
2026-04-04 02:02:19,950 - => ITER 11: Không cải thiện (10/20)
2026-04-04 02:02:19,951 - --- Iter 12/150  (còn 1192s) ---
2026-04-04 02:02:20,643 - => ITER 12: Không cải thiện (11/20)
2026-04-04 02:02:20,643 - --- Iter 13/150  (còn 1191s) ---
2026-04-04 02:02:21,334 - => ITER 13: Không cải thiện (12/20)
2026-04-04 02:02:21,334 - --- Iter 14/150  (còn 1191s) ---
2026-04-04 02:02:22,026 - => ITER 14: Không cải thiện (13/20)
2026-04-04 02:02:22,026 - --- Iter 15/150  (còn 1190s) ---
2026-04-04 02:02:22,719 - => ITER 15: Không cải thiện (14/20)
2026-04-04 02:02:22,719 - --- Iter 16/150  (còn 1189s) ---
2026-04-04 02:02:23,413 - => ITER 16: Không cải thiện (15/20)
2026-04-04 02:02:23,413 - --- Iter 17/150  (còn 1189s) ---
2026-04-04 02:02:24,095 - => ITER 17: Không cải thiện (16/20)
2026-04-04 02:02:24,095 - --- Iter 18/150  (còn 1188s) ---
2026-04-04 02:02:24,801 - => ITER 18: Không cải thiện (17/20)
2026-04-04 02:02:24,801 - --- Iter 19/150  (còn 1187s) ---
2026-04-04 02:02:25,523 - => ITER 19: Không cải thiện (18/20)
2026-04-04 02:02:25,523 - --- Iter 20/150  (còn 1186s) ---
2026-04-04 02:02:26,214 - => ITER 20: Không cải thiện (19/20)
2026-04-04 02:02:26,214 - --- Iter 21/150  (còn 1186s) ---
2026-04-04 02:02:26,905 - => ITER 21: Không cải thiện (20/20)
2026-04-04 02:02:26,906 - Hoàn thành trong 15.0s. Final Cost: 767
2026-04-04 02:02:26,906 - ======================================================================
2026-04-04 02:02:26,906 - SUMMARY
2026-04-04 02:02:26,906 -   Init Cost  : 943
2026-04-04 02:02:26,906 -   Final Cost : 767
2026-04-04 02:02:26,906 -   Cải thiện  : 176
2026-04-04 02:02:26,906 -   Single MIP cải thiện : 4 lần
2026-04-04 02:02:26,906 -   Pairwise MIP cải thiện: 1 lần
2026-04-04 02:02:26,906 -   Single timeout       : 0
2026-04-04 02:02:26,906 -   Pairwise timeout     : 0
2026-04-04 02:02:26,906 -   Global timeout hit   : False
2026-04-04 02:02:26,906 - ======================================================================
2026-04-04 02:02:26,907 - ======================================================================
2026-04-04 02:02:26,907 - GUROBI MIP SOLVER  |  FILE: B-n34-k5.vrp
2026-04-04 02:02:26,907 - ======================================================================
2026-04-04 02:02:26,909 - Dimension=34  K=5  Capacity=100
2026-04-04 02:02:26,909 - --- Tạo nghiệm khởi tạo (Greedy Nearest-Neighbor) ---
2026-04-04 02:02:26,909 -   Nghiệm khởi tạo: Cost = 1150  (5 routes)  (0.00s)
2026-04-04 02:02:26,909 - --- Tối ưu bằng Gurobi MIP ---
2026-04-04 02:02:26,909 - =========================================
2026-04-04 02:02:26,909 - BẮT ĐẦU OPTIMIZE  (100% Gurobi MIP)
2026-04-04 02:02:26,910 -  -> Max Single Size  : 11
2026-04-04 02:02:26,910 -  -> Single Timeout   : 60.0s
2026-04-04 02:02:26,910 -  -> Max Pairwise Size: 10
2026-04-04 02:02:26,910 -  -> Pairwise Timeout : 500.0s
2026-04-04 02:02:26,910 -  -> Global Timeout   : 1200.0s
2026-04-04 02:02:26,910 -  -> Closest Pairs    : 999
2026-04-04 02:02:26,910 -  -> Patience         : 20
2026-04-04 02:02:26,910 -  -> Max Iterations   : 150
2026-04-04 02:02:26,910 -  -> Chi phí khởi điểm: 1150
2026-04-04 02:02:26,910 - =========================================
2026-04-04 02:02:26,910 - --- Iter 1/150  (còn 1200s) ---
2026-04-04 02:02:27,956 -   [Single] Route 0: 407 → 234  (−173)
2026-04-04 02:02:28,130 -   [Single] Route 1: 235 → 205  (−30)
2026-04-04 02:02:28,233 -   [Single] Route 2: 206 → 172  (−34)
2026-04-04 02:02:31,084 -   [Pair] (2,4): 328 → 317  (−11)
2026-04-04 02:02:31,084 - => ITER 1: BEST MỚI = 902
2026-04-04 02:02:31,084 - --- Iter 2/150  (còn 1196s) ---
