2026-04-04 02:08:47,594 - ======================================================================
2026-04-04 02:08:47,595 - CPLEX MIP SOLVER  |  FILE: B-n31-k5.vrp
2026-04-04 02:08:47,595 - ======================================================================
2026-04-04 02:08:47,597 - Dimension=31  K=5  Capacity=100
2026-04-04 02:08:47,597 - --- Tạo nghiệm khởi tạo (Greedy Nearest-Neighbor) ---
2026-04-04 02:08:47,597 -   Nghiệm khởi tạo: Cost = 943  (5 routes)  (0.00s)
2026-04-04 02:08:47,597 - --- Tối ưu bằng CPLEX MIP ---
2026-04-04 02:08:47,597 - =========================================
2026-04-04 02:08:47,597 - BẮT ĐẦU OPTIMIZE  (100% CPLEX MIP)
2026-04-04 02:08:47,598 -  -> Max Single Size  : 50
2026-04-04 02:08:47,598 -  -> Single Timeout   : 40.0s
2026-04-04 02:08:47,598 -  -> Max Pairwise Size: 20
2026-04-04 02:08:47,598 -  -> Pairwise Timeout : 15.0s
2026-04-04 02:08:47,598 -  -> Global Timeout   : 1200.0s
2026-04-04 02:08:47,598 -  -> Closest Pairs    : 999
2026-04-04 02:08:47,598 -  -> Patience         : 20
2026-04-04 02:08:47,598 -  -> Max Iterations   : 150
2026-04-04 02:08:47,598 -  -> Chi phí khởi điểm: 943
2026-04-04 02:08:47,598 - =========================================
2026-04-04 02:08:47,598 - --- Iter 1/150  (còn 1200s) ---
2026-04-04 02:08:47,647 -   [Single] Route 0: 145 → 118  (−27)
2026-04-04 02:08:47,675 -   [Single] Route 1: 236 → 223  (−13)
2026-04-04 02:08:47,694 -   [Single] Route 2: 114 → 111  (−3)
2026-04-04 02:08:47,799 -   [Single] Route 3: 260 → 241  (−19)
2026-04-04 02:09:02,840 -   [Pair] (1,2): 334 → 330  (−4)
2026-04-04 02:09:02,840 - => ITER 1: BEST MỚI = 877
2026-04-04 02:09:02,840 - --- Iter 2/150  (còn 1185s) ---
2026-04-04 02:09:33,141 -   [Pair] (2,4): 408 → 294  (−114)
2026-04-04 02:09:33,141 - => ITER 2: BEST MỚI = 763
2026-04-04 02:09:33,141 - --- Iter 3/150  (còn 1154s) ---
2026-04-04 02:09:50,048 -   [Pair] (0,4): 224 → 219  (−5)
2026-04-04 02:09:50,048 - => ITER 3: BEST MỚI = 758
2026-04-04 02:09:50,048 - --- Iter 4/150  (còn 1138s) ---
2026-04-04 02:09:56,391 -   [Pair] (2,3): 429 → 343  (−86)
2026-04-04 02:09:56,391 - => ITER 4: BEST MỚI = 672
2026-04-04 02:09:56,391 - --- Iter 5/150  (còn 1131s) ---
2026-04-04 02:11:08,387 - => ITER 5: Không cải thiện (1/20)
2026-04-04 02:11:08,387 - --- Iter 6/150  (còn 1059s) ---
2026-04-04 02:12:20,392 - => ITER 6: Không cải thiện (2/20)
2026-04-04 02:12:20,392 - --- Iter 7/150  (còn 987s) ---
2026-04-04 02:13:32,376 - => ITER 7: Không cải thiện (3/20)
2026-04-04 02:13:32,377 - --- Iter 8/150  (còn 915s) ---
2026-04-04 02:14:44,504 - => ITER 8: Không cải thiện (4/20)
2026-04-04 02:14:44,505 - --- Iter 9/150  (còn 843s) ---
2026-04-04 02:15:56,459 - => ITER 9: Không cải thiện (5/20)
2026-04-04 02:15:56,460 - --- Iter 10/150  (còn 771s) ---
2026-04-04 02:17:08,465 - => ITER 10: Không cải thiện (6/20)
2026-04-04 02:17:08,466 - --- Iter 11/150  (còn 699s) ---
2026-04-04 02:18:20,588 - => ITER 11: Không cải thiện (7/20)
2026-04-04 02:18:20,588 - --- Iter 12/150  (còn 627s) ---
2026-04-04 02:19:34,490 - => ITER 12: Không cải thiện (8/20)
2026-04-04 02:19:34,490 - --- Iter 13/150  (còn 553s) ---
2026-04-04 02:20:50,311 - => ITER 13: Không cải thiện (9/20)
2026-04-04 02:20:50,311 - --- Iter 14/150  (còn 477s) ---
2026-04-04 02:22:05,990 - => ITER 14: Không cải thiện (10/20)
2026-04-04 02:22:05,990 - --- Iter 15/150  (còn 402s) ---
2026-04-04 02:23:21,638 - => ITER 15: Không cải thiện (11/20)
2026-04-04 02:23:21,638 - --- Iter 16/150  (còn 326s) ---
2026-04-04 02:24:38,575 - => ITER 16: Không cải thiện (12/20)
2026-04-04 02:24:38,575 - --- Iter 17/150  (còn 249s) ---
2026-04-04 02:25:55,725 - => ITER 17: Không cải thiện (13/20)
2026-04-04 02:25:55,725 - --- Iter 18/150  (còn 172s) ---
