2026-04-04 13:30:20,132 - ======================================================================
2026-04-04 13:30:20,132 - FILE: B-n31-k5.vrp
2026-04-04 13:30:20,132 - ======================================================================
2026-04-04 13:30:20,134 - Dim=31 K=5 Cap=100
2026-04-04 13:30:20,134 - --- Step 1: Clarke-Wright Heuristic ---
2026-04-04 13:30:20,135 -   cost=748 time=0.00s
2026-04-04 13:30:20,135 - --- Step 2, 3, 4: Advanced Optimization Pipeline ---
2026-04-04 13:30:20,135 - =========================================
2026-04-04 13:30:20,135 - BẮT ĐẦU TUYẾN TRÌNH TỐI ƯU (PIPELINE)
2026-04-04 13:30:20,135 - =========================================
2026-04-04 13:30:20,135 - === GIAI ĐOẠN 2: LOCAL SEARCH ĐA TOÁN TỬ | Bắt đầu: 748.00 ===
2026-04-04 13:30:20,173 -   [LS Iter 1] Cải thiện cost: 748.00 -> 683.00
2026-04-04 13:30:20,201 -   [LS Iter 2] Cải thiện cost: 683.00 -> 677.00
2026-04-04 13:30:20,228 - === KẾT THÚC GIAI ĐOẠN 2 | Đạt cực trị tại: 677.00 ===
2026-04-04 13:30:20,228 - === GIAI ĐOẠN 3: ALNS (Đang chờ cài đặt) ===
2026-04-04 13:30:20,228 - === BẮT ĐẦU CHẶNG 4: MAX-SAT CHÍNH XÁC | Cost: 677.00 ===
2026-04-04 13:30:20,228 -   [GĐ 4.1] Giải bài toán TSP trên từng tuyến đơn...
2026-04-04 13:30:20,369 -   [GĐ 4.2] Xét từng cặp tuyến để phân bổ lại khách hàng...
2026-04-04 13:30:20,369 -   --- Pairwise Iter 1 (còn 1200s) ---
2026-04-04 13:30:50,373 -     [P-Timeout 30.0s]
2026-04-04 13:31:20,382 -     [P-Timeout 30.0s]
2026-04-04 13:31:39,674 -     [P4.2] Pair (2,8) giảm 2 -> BEST = 675.00
2026-04-04 13:31:39,674 -   --- Pairwise Iter 2 (còn 1120s) ---
2026-04-04 13:32:09,679 -     [P-Timeout 30.0s]
2026-04-04 13:32:48,620 -     [P-Timeout 30.0s]
2026-04-04 13:33:18,632 -     [P-Timeout 30.0s]
2026-04-04 13:33:48,643 -     [P-Timeout 30.0s]
2026-04-04 13:34:18,653 -     [P-Timeout 30.0s]
2026-04-04 13:34:48,664 -     [P-Timeout 30.0s]
2026-04-04 13:35:18,675 -     [P-Timeout 30.0s]
2026-04-04 13:35:48,686 -     [P-Timeout 30.0s]
2026-04-04 13:36:18,696 -     [P-Timeout 30.0s]
2026-04-04 13:36:18,705 -     -> Đã đạt cực trị toàn cục cho mọi cặp dưới ngưỡng. KẾT THÚC CHẶNG 4.
2026-04-04 13:36:18,705 - HOÀN THÀNH PIPELINE. Final cost=675.00 | Time=358.6s
2026-04-04 13:36:18,705 - ======================================================================
2026-04-04 13:36:18,705 - CW Khởi tạo = 748 → Sau Pipeline = 675
2026-04-04 13:36:18,705 - Cải thiện so CW: 73
2026-04-04 13:36:18,705 - Tổng thời gian: 358.6s
2026-04-04 13:36:18,705 - Verified cost: 675
2026-04-04 13:36:18,707 - ======================================================================
2026-04-04 13:36:18,707 - FILE: B-n34-k5.vrp
2026-04-04 13:36:18,707 - ======================================================================
2026-04-04 13:36:18,709 - Dim=34 K=5 Cap=100
2026-04-04 13:36:18,709 - --- Step 1: Clarke-Wright Heuristic ---
2026-04-04 13:36:18,710 -   cost=936 time=0.00s
2026-04-04 13:36:18,710 - --- Step 2, 3, 4: Advanced Optimization Pipeline ---
2026-04-04 13:36:18,711 - =========================================
2026-04-04 13:36:18,711 - BẮT ĐẦU TUYẾN TRÌNH TỐI ƯU (PIPELINE)
2026-04-04 13:36:18,711 - =========================================
2026-04-04 13:36:18,711 - === GIAI ĐOẠN 2: LOCAL SEARCH ĐA TOÁN TỬ | Bắt đầu: 936.00 ===
2026-04-04 13:36:18,755 -   [LS Iter 1] Cải thiện cost: 936.00 -> 821.00
2026-04-04 13:36:18,794 -   [LS Iter 2] Cải thiện cost: 821.00 -> 808.00
2026-04-04 13:36:18,826 -   [LS Iter 3] Cải thiện cost: 808.00 -> 799.00
2026-04-04 13:36:18,860 -   [LS Iter 4] Cải thiện cost: 799.00 -> 791.00
2026-04-04 13:36:18,891 - === KẾT THÚC GIAI ĐOẠN 2 | Đạt cực trị tại: 791.00 ===
2026-04-04 13:36:18,891 - === GIAI ĐOẠN 3: ALNS (Đang chờ cài đặt) ===
2026-04-04 13:36:18,891 - === BẮT ĐẦU CHẶNG 4: MAX-SAT CHÍNH XÁC | Cost: 791.00 ===
2026-04-04 13:36:18,891 -   [GĐ 4.1] Giải bài toán TSP trên từng tuyến đơn...
2026-04-04 13:36:19,870 -   [GĐ 4.2] Xét từng cặp tuyến để phân bổ lại khách hàng...
2026-04-04 13:36:19,870 -   --- Pairwise Iter 1 (còn 1199s) ---
