2026-04-04 02:08:11,596 - ======================================================================
2026-04-04 02:08:11,597 - CPLEX MIP SOLVER  |  FILE: B-n31-k5.vrp
2026-04-04 02:08:11,597 - ======================================================================
2026-04-04 02:08:11,598 - Dimension=31  K=5  Capacity=100
2026-04-04 02:08:11,598 - --- Tạo nghiệm khởi tạo (Greedy Nearest-Neighbor) ---
2026-04-04 02:08:11,599 -   Nghiệm khởi tạo: Cost = 943  (5 routes)  (0.00s)
2026-04-04 02:08:11,599 - --- Tối ưu bằng CPLEX MIP ---
2026-04-04 02:08:11,599 - =========================================
2026-04-04 02:08:11,599 - BẮT ĐẦU OPTIMIZE  (100% CPLEX MIP)
2026-04-04 02:08:11,599 -  -> Max Single Size  : 50
2026-04-04 02:08:11,599 -  -> Single Timeout   : 5.0s
2026-04-04 02:08:11,599 -  -> Max Pairwise Size: 20
2026-04-04 02:08:11,599 -  -> Pairwise Timeout : 15.0s
2026-04-04 02:08:11,599 -  -> Global Timeout   : 1200.0s
2026-04-04 02:08:11,600 -  -> Closest Pairs    : 999
2026-04-04 02:08:11,600 -  -> Patience         : 20
2026-04-04 02:08:11,600 -  -> Max Iterations   : 150
2026-04-04 02:08:11,600 -  -> Chi phí khởi điểm: 943
2026-04-04 02:08:11,600 - =========================================
2026-04-04 02:08:11,600 - --- Iter 1/150  (còn 1200s) ---
2026-04-04 02:08:11,649 -   [Single] Route 0: 145 → 118  (−27)
2026-04-04 02:08:11,679 -   [Single] Route 1: 236 → 223  (−13)
2026-04-04 02:08:11,701 -   [Single] Route 2: 114 → 111  (−3)
2026-04-04 02:08:11,845 -   [Single] Route 3: 260 → 241  (−19)
2026-04-04 02:08:26,882 -   [Pair] (1,2): 334 → 330  (−4)
2026-04-04 02:08:26,882 - => ITER 1: BEST MỚI = 877
2026-04-04 02:08:26,882 - --- Iter 2/150  (còn 1185s) ---
