2026-04-04 02:06:07,590 - ======================================================================
2026-04-04 02:06:07,590 - CPLEX MIP SOLVER  |  FILE: B-n31-k5.vrp
2026-04-04 02:06:07,590 - ======================================================================
2026-04-04 02:06:07,592 - Dimension=31  K=5  Capacity=100
2026-04-04 02:06:07,592 - --- Tạo nghiệm khởi tạo (Greedy Nearest-Neighbor) ---
2026-04-04 02:06:07,593 -   Nghiệm khởi tạo: Cost = 943  (5 routes)  (0.00s)
2026-04-04 02:06:07,593 - --- Tối ưu bằng CPLEX MIP ---
2026-04-04 02:06:07,593 - =========================================
2026-04-04 02:06:07,593 - BẮT ĐẦU OPTIMIZE  (100% CPLEX MIP)
2026-04-04 02:06:07,593 -  -> Max Single Size  : 11
2026-04-04 02:06:07,593 -  -> Single Timeout   : 60.0s
2026-04-04 02:06:07,593 -  -> Max Pairwise Size: 10
2026-04-04 02:06:07,593 -  -> Pairwise Timeout : 500.0s
2026-04-04 02:06:07,593 -  -> Global Timeout   : 1200.0s
2026-04-04 02:06:07,593 -  -> Closest Pairs    : 999
2026-04-04 02:06:07,593 -  -> Patience         : 20
2026-04-04 02:06:07,593 -  -> Max Iterations   : 150
2026-04-04 02:06:07,593 -  -> Chi phí khởi điểm: 943
2026-04-04 02:06:07,593 - =========================================
2026-04-04 02:06:07,593 - --- Iter 1/150  (còn 1200s) ---
2026-04-04 02:06:07,647 -   [Single] Route 0: 145 → 118  (−27)
2026-04-04 02:06:07,676 -   [Single] Route 1: 236 → 223  (−13)
2026-04-04 02:06:07,698 -   [Single] Route 2: 114 → 111  (−3)
2026-04-04 02:06:07,805 -   [Single] Route 3: 260 → 241  (−19)
2026-04-04 02:06:07,959 -   [Pair] (1,4): 411 → 297  (−114)
2026-04-04 02:06:07,959 - => ITER 1: BEST MỚI = 767
2026-04-04 02:06:07,959 - --- Iter 2/150  (còn 1200s) ---
2026-04-04 02:06:08,537 - => ITER 2: Không cải thiện (1/20)
2026-04-04 02:06:08,537 - --- Iter 3/150  (còn 1199s) ---
2026-04-04 02:06:09,100 - => ITER 3: Không cải thiện (2/20)
2026-04-04 02:06:09,100 - --- Iter 4/150  (còn 1198s) ---
2026-04-04 02:06:09,607 - => ITER 4: Không cải thiện (3/20)
2026-04-04 02:06:09,607 - --- Iter 5/150  (còn 1198s) ---
2026-04-04 02:06:10,129 - => ITER 5: Không cải thiện (4/20)
2026-04-04 02:06:10,129 - --- Iter 6/150  (còn 1197s) ---
2026-04-04 02:06:10,631 - => ITER 6: Không cải thiện (5/20)
2026-04-04 02:06:10,632 - --- Iter 7/150  (còn 1197s) ---
2026-04-04 02:06:11,142 - => ITER 7: Không cải thiện (6/20)
2026-04-04 02:06:11,142 - --- Iter 8/150  (còn 1196s) ---
2026-04-04 02:06:11,647 - => ITER 8: Không cải thiện (7/20)
2026-04-04 02:06:11,647 - --- Iter 9/150  (còn 1196s) ---
2026-04-04 02:06:12,165 - => ITER 9: Không cải thiện (8/20)
2026-04-04 02:06:12,165 - --- Iter 10/150  (còn 1195s) ---
2026-04-04 02:06:12,674 - => ITER 10: Không cải thiện (9/20)
2026-04-04 02:06:12,674 - --- Iter 11/150  (còn 1195s) ---
2026-04-04 02:06:13,186 - => ITER 11: Không cải thiện (10/20)
2026-04-04 02:06:13,186 - --- Iter 12/150  (còn 1194s) ---
2026-04-04 02:06:13,726 - => ITER 12: Không cải thiện (11/20)
2026-04-04 02:06:13,726 - --- Iter 13/150  (còn 1194s) ---
2026-04-04 02:06:14,222 - => ITER 13: Không cải thiện (12/20)
2026-04-04 02:06:14,222 - --- Iter 14/150  (còn 1193s) ---
2026-04-04 02:06:14,725 - => ITER 14: Không cải thiện (13/20)
2026-04-04 02:06:14,725 - --- Iter 15/150  (còn 1193s) ---
2026-04-04 02:06:15,232 - => ITER 15: Không cải thiện (14/20)
2026-04-04 02:06:15,232 - --- Iter 16/150  (còn 1192s) ---
2026-04-04 02:06:15,746 - => ITER 16: Không cải thiện (15/20)
2026-04-04 02:06:15,747 - --- Iter 17/150  (còn 1192s) ---
2026-04-04 02:06:16,168 - => ITER 17: Không cải thiện (16/20)
2026-04-04 02:06:16,168 - --- Iter 18/150  (còn 1191s) ---
2026-04-04 02:06:16,685 - => ITER 18: Không cải thiện (17/20)
2026-04-04 02:06:16,685 - --- Iter 19/150  (còn 1191s) ---
2026-04-04 02:06:17,236 - => ITER 19: Không cải thiện (18/20)
2026-04-04 02:06:17,236 - --- Iter 20/150  (còn 1190s) ---
2026-04-04 02:06:17,819 - => ITER 20: Không cải thiện (19/20)
2026-04-04 02:06:17,819 - --- Iter 21/150  (còn 1190s) ---
2026-04-04 02:06:18,343 - => ITER 21: Không cải thiện (20/20)
2026-04-04 02:06:18,343 - Hoàn thành trong 10.7s. Final Cost: 767
2026-04-04 02:06:18,343 - ======================================================================
2026-04-04 02:06:18,343 - SUMMARY
2026-04-04 02:06:18,343 -   Init Cost  : 943
2026-04-04 02:06:18,343 -   Final Cost : 767
2026-04-04 02:06:18,343 -   Cải thiện  : 176
2026-04-04 02:06:18,343 -   Single MIP cải thiện  : 4 lần
2026-04-04 02:06:18,343 -   Pairwise MIP cải thiện: 1 lần
2026-04-04 02:06:18,343 -   Single timeout        : 0
2026-04-04 02:06:18,343 -   Pairwise timeout      : 0
2026-04-04 02:06:18,343 -   Global timeout hit    : False
2026-04-04 02:06:18,343 - ======================================================================
2026-04-04 02:06:18,344 - ======================================================================
2026-04-04 02:06:18,344 - CPLEX MIP SOLVER  |  FILE: B-n34-k5.vrp
2026-04-04 02:06:18,344 - ======================================================================
2026-04-04 02:06:18,346 - Dimension=34  K=5  Capacity=100
2026-04-04 02:06:18,346 - --- Tạo nghiệm khởi tạo (Greedy Nearest-Neighbor) ---
2026-04-04 02:06:18,347 -   Nghiệm khởi tạo: Cost = 1150  (5 routes)  (0.00s)
2026-04-04 02:06:18,347 - --- Tối ưu bằng CPLEX MIP ---
2026-04-04 02:06:18,347 - =========================================
2026-04-04 02:06:18,347 - BẮT ĐẦU OPTIMIZE  (100% CPLEX MIP)
2026-04-04 02:06:18,347 -  -> Max Single Size  : 11
2026-04-04 02:06:18,347 -  -> Single Timeout   : 60.0s
2026-04-04 02:06:18,347 -  -> Max Pairwise Size: 10
2026-04-04 02:06:18,347 -  -> Pairwise Timeout : 500.0s
2026-04-04 02:06:18,347 -  -> Global Timeout   : 1200.0s
2026-04-04 02:06:18,347 -  -> Closest Pairs    : 999
2026-04-04 02:06:18,347 -  -> Patience         : 20
2026-04-04 02:06:18,347 -  -> Max Iterations   : 150
2026-04-04 02:06:18,347 -  -> Chi phí khởi điểm: 1150
2026-04-04 02:06:18,347 - =========================================
2026-04-04 02:06:18,347 - --- Iter 1/150  (còn 1200s) ---
2026-04-04 02:06:19,448 -   [Single] Route 0: 407 → 234  (−173)
2026-04-04 02:06:19,540 -   [Single] Route 1: 235 → 205  (−30)
2026-04-04 02:06:19,586 -   [Single] Route 2: 206 → 172  (−34)
2026-04-04 02:06:23,249 -   [Pair] (2,4): 328 → 317  (−11)
2026-04-04 02:06:23,249 - => ITER 1: BEST MỚI = 902
2026-04-04 02:06:23,249 - --- Iter 2/150  (còn 1195s) ---
2026-04-04 02:06:28,023 - => ITER 2: Không cải thiện (1/20)
2026-04-04 02:06:28,023 - --- Iter 3/150  (còn 1190s) ---
2026-04-04 02:06:32,785 - => ITER 3: Không cải thiện (2/20)
2026-04-04 02:06:32,785 - --- Iter 4/150  (còn 1186s) ---
2026-04-04 02:06:37,472 - => ITER 4: Không cải thiện (3/20)
2026-04-04 02:06:37,472 - --- Iter 5/150  (còn 1181s) ---
2026-04-04 02:06:42,407 - => ITER 5: Không cải thiện (4/20)
2026-04-04 02:06:42,407 - --- Iter 6/150  (còn 1176s) ---
