2026-04-03 12:46:16,837 - ======================================================================
2026-04-03 12:46:16,838 - FILE: B-n31-k5.vrp
2026-04-03 12:46:16,838 - ======================================================================
2026-04-03 12:46:16,839 - Dim=31 K=5 Cap=100
2026-04-03 12:46:16,839 - --- Clarke-Wright ---
2026-04-03 12:46:16,840 -   cost=748 time=0.00s
2026-04-03 12:46:16,840 - --- Two-Opt ---
2026-04-03 12:46:16,841 -   cost=730 time=0.00s
2026-04-03 12:46:16,841 - --- MaxSAT (2-tầng) ---
2026-04-03 12:46:16,841 - =========================================
2026-04-03 12:46:16,841 - BẮT ĐẦU OPTIMIZE (MaxSAT-RC2, 2-tầng)
2026-04-03 12:46:16,841 -   max_single=11  s_to=60.0s
2026-04-03 12:46:16,841 -   max_pair=10  p_to=500.0s
2026-04-03 12:46:16,841 -   n_pairs=12
2026-04-03 12:46:16,841 -   inner_patience=20  outer_patience=3
2026-04-03 12:46:16,841 -   global_timeout=1200.0s
2026-04-03 12:46:16,841 -   start_cost=730.00
2026-04-03 12:46:16,841 - =========================================
2026-04-03 12:46:16,841 - === OUTER 1 | cost=730.00 outer_no_imp=0/3 (còn 1200s) ===
2026-04-03 12:46:16,841 -   [Inner 1.1] cost=730.00 no_imp=0/20 (còn 1200s)
2026-04-03 12:46:16,846 -     [P1] Relocate → 722.00
2026-04-03 12:46:16,850 -     [P2] Exchange → 719.00
2026-04-03 12:46:16,852 - ======================================================================
2026-04-03 12:46:16,852 - KHỞI CHẠY ADVANCED CVRP SOLVER CHO FILE: B-n31-k5.vrp
2026-04-03 12:46:16,853 - ======================================================================
2026-04-03 12:46:16,854 - Thông tin dữ liệu: Dimension=31, K=5, Capacity=100
2026-04-03 12:46:16,854 - --- Step 1: Clarke-Wright Heuristic ---
2026-04-03 12:46:16,855 -   Kết quả CW: Cost = 748, Time = 0.001s
2026-04-03 12:46:16,855 - --- Step 2: Two-Opt Local Search ---
2026-04-03 12:46:16,856 -   Kết quả Two-Opt: Cost = 730, Time = 0.001s
2026-04-03 12:46:16,856 - --- Step 3: Advanced Optimization (100% CPLEX) ---
2026-04-03 12:46:16,856 - ======================================================================
2026-04-03 12:46:16,856 - =========================================
2026-04-03 12:46:16,856 - BẮT ĐẦU VÒNG LẶP OPTIMIZE (100% CPLEX)
2026-04-03 12:46:16,856 -  -> Max Single Size  : 11
2026-04-03 12:46:16,856 - KHỞI CHẠY ADVANCED CVRP SOLVER CHO FILE: B-n31-k5.vrp
2026-04-03 12:46:16,856 -  -> Single Timeout   : 60.0s
2026-04-03 12:46:16,856 - ======================================================================
2026-04-03 12:46:16,856 -  -> Max Pairwise Size: 10
2026-04-03 12:46:16,856 -  -> Pairwise Timeout : 500.0s
2026-04-03 12:46:16,856 -  -> Closest Pairs    : 12
2026-04-03 12:46:16,856 -  -> Patience (No Imp): 20
2026-04-03 12:46:16,856 -  -> Max Iterations   : 150
2026-04-03 12:46:16,856 - Chi phí khởi điểm (kể cả phạt): 730.00
2026-04-03 12:46:16,856 - =========================================
2026-04-03 12:46:16,857 - --- Đang chạy Iteration 1/150 ---
2026-04-03 12:46:16,858 - Thông tin dữ liệu: Dimension=31, K=5, Capacity=100
2026-04-03 12:46:16,858 - --- Step 1: Clarke-Wright Heuristic ---
2026-04-03 12:46:16,859 -   Kết quả CW: Cost = 748, Time = 0.001s
2026-04-03 12:46:16,860 - --- Step 2: Two-Opt Local Search ---
2026-04-03 12:46:16,860 -   Kết quả Two-Opt: Cost = 730, Time = 0.001s
2026-04-03 12:46:16,860 - --- Step 3: Advanced Optimization (100% Gurobi) ---
2026-04-03 12:46:16,860 - =========================================
2026-04-03 12:46:16,860 - BẮT ĐẦU VÒNG LẶP OPTIMIZE (100% GUROBI)
2026-04-03 12:46:16,861 -  -> Max Single Size  : 11
2026-04-03 12:46:16,861 -  -> Single Timeout   : 60.0s
2026-04-03 12:46:16,861 -  -> Max Pairwise Size: 10
2026-04-03 12:46:16,861 -  -> Pairwise Timeout : 500.0s
2026-04-03 12:46:16,861 -  -> Closest Pairs    : 12
2026-04-03 12:46:16,861 -  -> Patience (No Imp): 20
2026-04-03 12:46:16,861 -  -> Max Iterations   : 150
2026-04-03 12:46:16,861 - Chi phí khởi điểm (kể cả phạt): 730.00
2026-04-03 12:46:16,861 - =========================================
2026-04-03 12:46:16,861 - --- Đang chạy Iteration 1/150 ---
2026-04-03 12:46:16,876 -   [P1] Relocate giảm chi phí xuống còn: 722.00
2026-04-03 12:46:16,879 -   [P1] Relocate giảm chi phí xuống còn: 722.00
2026-04-03 12:46:16,884 -   [P2] Exchange giảm chi phí xuống còn: 719.00
2026-04-03 12:46:16,887 -   [P2] Exchange giảm chi phí xuống còn: 719.00
2026-04-03 12:46:17,091 -     [P3] Single +2
2026-04-03 12:46:17,091 -     → INNER BEST = 717.00
2026-04-03 12:46:17,091 -   [Inner 1.2] cost=717.00 no_imp=0/20 (còn 1200s)
2026-04-03 12:46:17,100 -     [P1] Relocate → 705.00
2026-04-03 12:46:17,105 -   [P3] Gurobi Single Route cải thiện được: 2
2026-04-03 12:46:17,219 -     → INNER BEST = 705.00
2026-04-03 12:46:17,220 -   [Inner 1.3] cost=705.00 no_imp=0/20 (còn 1200s)
2026-04-03 12:46:17,224 -     [P1] Relocate → 703.00
2026-04-03 12:46:17,307 -   [P3] CPLEX Single Route cải thiện được: 2
2026-04-03 12:46:17,343 -     → INNER BEST = 703.00
2026-04-03 12:46:17,344 -   [Inner 1.4] cost=703.00 no_imp=0/20 (còn 1199s)
2026-04-03 12:46:17,348 -     [P1] Relocate → 701.00
2026-04-03 12:46:17,499 -     → INNER BEST = 701.00
2026-04-03 12:46:17,499 -   [Inner 1.5] cost=701.00 no_imp=0/20 (còn 1199s)
2026-04-03 12:46:17,646 -   [Inner 1.6] cost=701.00 no_imp=2/20 (còn 1199s)
2026-04-03 12:46:17,805 -   [Inner 1.7] cost=701.00 no_imp=4/20 (còn 1199s)
2026-04-03 12:46:17,951 -   [Inner 1.8] cost=701.00 no_imp=6/20 (còn 1199s)
2026-04-03 12:46:18,109 -   [Inner 1.9] cost=701.00 no_imp=8/20 (còn 1199s)
2026-04-03 12:46:18,267 -   [Inner 1.10] cost=701.00 no_imp=10/20 (còn 1199s)
2026-04-03 12:46:18,411 -   [Inner 1.11] cost=701.00 no_imp=12/20 (còn 1198s)
2026-04-03 12:46:18,557 -   [Inner 1.12] cost=701.00 no_imp=14/20 (còn 1198s)
2026-04-03 12:46:18,697 -   [Inner 1.13] cost=701.00 no_imp=16/20 (còn 1198s)
2026-04-03 12:46:18,831 -   [Inner 1.14] cost=701.00 no_imp=18/20 (còn 1198s)
2026-04-03 12:46:18,966 -   [Outer] Inner cải thiện → best=701.00
2026-04-03 12:46:18,966 -   [Outer 1] Chạy Pairwise MaxSAT...
2026-04-03 12:46:22,081 -   [P4] Gurobi Pairwise (3,4) giảm: 2
2026-04-03 12:46:22,081 - => ITER 1: BEST COST MỚI = 715.00
2026-04-03 12:46:22,081 - --- Đang chạy Iteration 2/150 ---
2026-04-03 12:46:22,100 -   [P1] Relocate giảm chi phí xuống còn: 703.00
2026-04-03 12:46:27,297 - => ITER 2: BEST COST MỚI = 703.00
2026-04-03 12:46:27,297 - --- Đang chạy Iteration 3/150 ---
2026-04-03 12:46:27,315 -   [P1] Relocate giảm chi phí xuống còn: 701.00
2026-04-03 12:46:32,065 -   [P4] CPLEX Pairwise (3,4) giảm: 2
2026-04-03 12:46:32,065 - => ITER 1: BEST COST MỚI = 715.00
2026-04-03 12:46:32,065 - --- Đang chạy Iteration 2/150 ---
2026-04-03 12:46:32,084 -   [P1] Relocate giảm chi phí xuống còn: 703.00
2026-04-03 12:46:32,601 - => ITER 3: BEST COST MỚI = 701.00
2026-04-03 12:46:32,601 - --- Đang chạy Iteration 4/150 ---
2026-04-03 12:46:32,620 -   [P1] Relocate giảm chi phí xuống còn: 700.00
2026-04-03 12:46:34,123 -   [P4] Gurobi Pairwise (1,4) giảm: 21
2026-04-03 12:46:34,123 - => ITER 4: BEST COST MỚI = 679.00
2026-04-03 12:46:34,123 - --- Đang chạy Iteration 5/150 ---
2026-04-03 12:46:35,077 - => ITER 5: Không cải thiện (no_improve=1/20)
2026-04-03 12:46:35,077 - --- Đang chạy Iteration 6/150 ---
2026-04-03 12:46:36,034 - => ITER 6: Không cải thiện (no_improve=3/20)
2026-04-03 12:46:36,034 - --- Đang chạy Iteration 7/150 ---
2026-04-03 12:46:36,978 - => ITER 7: Không cải thiện (no_improve=5/20)
2026-04-03 12:46:36,978 - --- Đang chạy Iteration 8/150 ---
2026-04-03 12:46:37,944 - => ITER 8: Không cải thiện (no_improve=7/20)
2026-04-03 12:46:37,945 - --- Đang chạy Iteration 9/150 ---
2026-04-03 12:46:38,829 -     [P4] Pair (3,4) −1
2026-04-03 12:46:38,829 -     [P4] → OUTER BEST = 700.00
2026-04-03 12:46:38,896 - => ITER 9: Không cải thiện (no_improve=9/20)
2026-04-03 12:46:38,896 - --- Đang chạy Iteration 10/150 ---
2026-04-03 12:46:39,847 - => ITER 10: Không cải thiện (no_improve=11/20)
2026-04-03 12:46:39,847 - --- Đang chạy Iteration 11/150 ---
2026-04-03 12:46:40,484 -     [P4] Pair (1,4) −22
2026-04-03 12:46:40,484 -     [P4] → OUTER BEST = 678.00
2026-04-03 12:46:40,484 - === OUTER 2 | cost=678.00 outer_no_imp=0/3 (còn 1176s) ===
2026-04-03 12:46:40,484 -   [Inner 2.1] cost=678.00 no_imp=0/20 (còn 1176s)
2026-04-03 12:46:40,622 -   [Inner 2.2] cost=678.00 no_imp=2/20 (còn 1176s)
2026-04-03 12:46:40,750 -   [Inner 2.3] cost=678.00 no_imp=4/20 (còn 1176s)
2026-04-03 12:46:40,801 - => ITER 11: Không cải thiện (no_improve=13/20)
2026-04-03 12:46:40,801 - --- Đang chạy Iteration 12/150 ---
2026-04-03 12:46:40,878 -   [Inner 2.4] cost=678.00 no_imp=6/20 (còn 1176s)
2026-04-03 12:46:41,017 -   [Inner 2.5] cost=678.00 no_imp=8/20 (còn 1176s)
2026-04-03 12:46:41,142 -   [Inner 2.6] cost=678.00 no_imp=10/20 (còn 1176s)
2026-04-03 12:46:41,276 -   [Inner 2.7] cost=678.00 no_imp=12/20 (còn 1176s)
2026-04-03 12:46:41,412 -   [Inner 2.8] cost=678.00 no_imp=14/20 (còn 1175s)
2026-04-03 12:46:41,540 -   [Inner 2.9] cost=678.00 no_imp=16/20 (còn 1175s)
2026-04-03 12:46:41,672 -   [Inner 2.10] cost=678.00 no_imp=18/20 (còn 1175s)
2026-04-03 12:46:41,753 - => ITER 12: Không cải thiện (no_improve=15/20)
2026-04-03 12:46:41,753 - --- Đang chạy Iteration 13/150 ---
2026-04-03 12:46:41,804 -   [Outer 2] Chạy Pairwise MaxSAT...
2026-04-03 12:46:42,734 - => ITER 13: Không cải thiện (no_improve=17/20)
2026-04-03 12:46:42,734 - --- Đang chạy Iteration 14/150 ---
2026-04-03 12:46:43,680 - => ITER 14: Không cải thiện (no_improve=19/20)
2026-04-03 12:46:43,680 - Hoàn thành tối ưu. Final Pure Cost: 679
2026-04-03 12:46:43,680 - ======================================================================
2026-04-03 12:46:43,680 - BÁO CÁO TỔNG KẾT (SUMMARY)
2026-04-03 12:46:43,680 - ======================================================================
2026-04-03 12:46:43,680 -   1. Chi phí Clarke-Wright:     748
2026-04-03 12:46:43,680 -   2. Chi phí sau Two-Opt:       730
2026-04-03 12:46:43,680 -   3. Chi phí sau Gurobi:        679
2026-04-03 12:46:43,680 -   => TỔNG CẢI THIỆN:            69
2026-04-03 12:46:43,680 -   => Số lần Gurobi Single cải thiện  : 1 lần
2026-04-03 12:46:43,680 -   => Số lần Gurobi Pairwise cải thiện: 2 lần
2026-04-03 12:46:43,680 -   => TỔNG THỜI GIAN CHẠY:       26.821s
2026-04-03 12:46:43,681 - ======================================================================
2026-04-03 12:46:43,681 - KHỞI CHẠY ADVANCED CVRP SOLVER CHO FILE: B-n34-k5.vrp
2026-04-03 12:46:43,681 - ======================================================================
2026-04-03 12:46:43,683 - Thông tin dữ liệu: Dimension=34, K=5, Capacity=100
2026-04-03 12:46:43,683 - --- Step 1: Clarke-Wright Heuristic ---
2026-04-03 12:46:43,684 -   Kết quả CW: Cost = 936, Time = 0.001s
2026-04-03 12:46:43,684 - --- Step 2: Two-Opt Local Search ---
2026-04-03 12:46:43,686 -   Kết quả Two-Opt: Cost = 875, Time = 0.001s
2026-04-03 12:46:43,686 - --- Step 3: Advanced Optimization (100% Gurobi) ---
2026-04-03 12:46:43,686 - =========================================
2026-04-03 12:46:43,686 - BẮT ĐẦU VÒNG LẶP OPTIMIZE (100% GUROBI)
2026-04-03 12:46:43,686 -  -> Max Single Size  : 11
2026-04-03 12:46:43,686 -  -> Single Timeout   : 60.0s
2026-04-03 12:46:43,686 -  -> Max Pairwise Size: 10
2026-04-03 12:46:43,686 -  -> Pairwise Timeout : 500.0s
2026-04-03 12:46:43,686 -  -> Closest Pairs    : 12
2026-04-03 12:46:43,686 -  -> Patience (No Imp): 20
2026-04-03 12:46:43,686 -  -> Max Iterations   : 150
2026-04-03 12:46:43,686 - Chi phí khởi điểm (kể cả phạt): 875.00
2026-04-03 12:46:43,686 - =========================================
2026-04-03 12:46:43,686 - --- Đang chạy Iteration 1/150 ---
2026-04-03 12:46:43,709 -   [P1] Relocate giảm chi phí xuống còn: 854.00
2026-04-03 12:46:43,719 -   [P2] Exchange giảm chi phí xuống còn: 841.00
2026-04-03 12:46:44,077 -   [P3] Gurobi Single Route cải thiện được: 2
2026-04-03 12:46:44,705 - => ITER 2: BEST COST MỚI = 703.00
2026-04-03 12:46:44,705 - --- Đang chạy Iteration 3/150 ---
2026-04-03 12:46:44,724 -   [P1] Relocate giảm chi phí xuống còn: 701.00
2026-04-03 12:46:45,058 - => ITER 1: BEST COST MỚI = 839.00
2026-04-03 12:46:45,058 - --- Đang chạy Iteration 2/150 ---
2026-04-03 12:46:45,081 -   [P1] Relocate giảm chi phí xuống còn: 833.00
2026-04-03 12:46:46,488 -   [P3] Gurobi Single Route cải thiện được: 1
2026-04-03 12:46:51,577 - => ITER 2: BEST COST MỚI = 832.00
2026-04-03 12:46:51,577 - --- Đang chạy Iteration 3/150 ---
2026-04-03 12:46:51,600 -   [P1] Relocate giảm chi phí xuống còn: 831.00
2026-04-03 12:46:51,866 -   [P3] Gurobi Single Route cải thiện được: 1
2026-04-03 12:46:56,908 - => ITER 3: BEST COST MỚI = 830.00
2026-04-03 12:46:56,908 - --- Đang chạy Iteration 4/150 ---
2026-04-03 12:46:56,931 -   [P1] Relocate giảm chi phí xuống còn: 829.00
2026-04-03 12:46:57,244 - => ITER 3: BEST COST MỚI = 701.00
2026-04-03 12:46:57,244 - --- Đang chạy Iteration 4/150 ---
2026-04-03 12:46:57,262 -   [P1] Relocate giảm chi phí xuống còn: 700.00
2026-04-03 12:47:02,326 - => ITER 4: BEST COST MỚI = 829.00
2026-04-03 12:47:02,326 - --- Đang chạy Iteration 5/150 ---
2026-04-03 12:47:03,701 -   [Outer] Không cải thiện (1/3)
2026-04-03 12:47:03,701 - === OUTER 3 | cost=678.00 outer_no_imp=1/3 (còn 1153s) ===
2026-04-03 12:47:03,702 -   [Inner 3.1] cost=678.00 no_imp=0/20 (còn 1153s)
2026-04-03 12:47:03,829 -   [Inner 3.2] cost=678.00 no_imp=2/20 (còn 1153s)
2026-04-03 12:47:03,966 -   [Inner 3.3] cost=678.00 no_imp=4/20 (còn 1153s)
2026-04-03 12:47:04,100 -   [Inner 3.4] cost=678.00 no_imp=6/20 (còn 1153s)
2026-04-03 12:47:04,227 -   [Inner 3.5] cost=678.00 no_imp=8/20 (còn 1153s)
2026-04-03 12:47:04,351 -   [Inner 3.6] cost=678.00 no_imp=10/20 (còn 1152s)
2026-04-03 12:47:04,478 -   [Inner 3.7] cost=678.00 no_imp=12/20 (còn 1152s)
2026-04-03 12:47:04,530 -   [P4] CPLEX Pairwise (1,4) giảm: 21
2026-04-03 12:47:04,530 - => ITER 4: BEST COST MỚI = 679.00
2026-04-03 12:47:04,530 - --- Đang chạy Iteration 5/150 ---
2026-04-03 12:47:04,617 -   [Inner 3.8] cost=678.00 no_imp=14/20 (còn 1152s)
2026-04-03 12:47:04,740 -   [Inner 3.9] cost=678.00 no_imp=16/20 (còn 1152s)
2026-04-03 12:47:04,873 -   [Inner 3.10] cost=678.00 no_imp=18/20 (còn 1152s)
2026-04-03 12:47:05,011 -   [Outer 3] Chạy Pairwise MaxSAT...
2026-04-03 12:47:05,361 - => ITER 5: Không cải thiện (no_improve=1/20)
2026-04-03 12:47:05,361 - --- Đang chạy Iteration 6/150 ---
2026-04-03 12:47:06,207 - => ITER 6: Không cải thiện (no_improve=3/20)
2026-04-03 12:47:06,207 - --- Đang chạy Iteration 7/150 ---
2026-04-03 12:47:07,038 - => ITER 7: Không cải thiện (no_improve=5/20)
2026-04-03 12:47:07,039 - --- Đang chạy Iteration 8/150 ---
2026-04-03 12:47:07,723 - => ITER 5: Không cải thiện (no_improve=1/20)
2026-04-03 12:47:07,723 - --- Đang chạy Iteration 6/150 ---
2026-04-03 12:47:07,870 - => ITER 8: Không cải thiện (no_improve=7/20)
2026-04-03 12:47:07,870 - --- Đang chạy Iteration 9/150 ---
2026-04-03 12:47:08,712 - => ITER 9: Không cải thiện (no_improve=9/20)
2026-04-03 12:47:08,712 - --- Đang chạy Iteration 10/150 ---
2026-04-03 12:47:09,537 - => ITER 10: Không cải thiện (no_improve=11/20)
2026-04-03 12:47:09,537 - --- Đang chạy Iteration 11/150 ---
2026-04-03 12:47:10,384 - => ITER 11: Không cải thiện (no_improve=13/20)
2026-04-03 12:47:10,384 - --- Đang chạy Iteration 12/150 ---
2026-04-03 12:47:11,269 - => ITER 12: Không cải thiện (no_improve=15/20)
2026-04-03 12:47:11,269 - --- Đang chạy Iteration 13/150 ---
2026-04-03 12:47:12,110 - => ITER 13: Không cải thiện (no_improve=17/20)
2026-04-03 12:47:12,111 - --- Đang chạy Iteration 14/150 ---
2026-04-03 12:47:13,046 - => ITER 14: Không cải thiện (no_improve=19/20)
2026-04-03 12:47:13,050 - Hoàn thành tối ưu. Final Pure Cost: 679
2026-04-03 12:47:13,050 - ======================================================================
2026-04-03 12:47:13,050 - BÁO CÁO TỔNG KẾT (SUMMARY)
2026-04-03 12:47:13,051 - ======================================================================
2026-04-03 12:47:13,051 -   1. Chi phí Clarke-Wright:     748
2026-04-03 12:47:13,051 -   2. Chi phí sau Two-Opt:       730
2026-04-03 12:47:13,051 -   3. Chi phí sau CPLEX:        679
2026-04-03 12:47:13,051 -   => TỔNG CẢI THIỆN:            69
2026-04-03 12:47:13,051 -   => Số lần CPLEX Single cải thiện  : 1 lần
2026-04-03 12:47:13,051 -   => Số lần CPLEX Pairwise cải thiện: 2 lần
2026-04-03 12:47:13,051 -   => TỔNG THỜI GIAN CHẠY:       56.196s
2026-04-03 12:47:13,052 - ======================================================================
2026-04-03 12:47:13,052 - KHỞI CHẠY ADVANCED CVRP SOLVER CHO FILE: B-n34-k5.vrp
2026-04-03 12:47:13,052 - ======================================================================
2026-04-03 12:47:13,055 - Thông tin dữ liệu: Dimension=34, K=5, Capacity=100
2026-04-03 12:47:13,055 - --- Step 1: Clarke-Wright Heuristic ---
2026-04-03 12:47:13,056 -   Kết quả CW: Cost = 936, Time = 0.001s
2026-04-03 12:47:13,056 - --- Step 2: Two-Opt Local Search ---
2026-04-03 12:47:13,058 -   Kết quả Two-Opt: Cost = 875, Time = 0.002s
2026-04-03 12:47:13,058 - --- Step 3: Advanced Optimization (100% CPLEX) ---
2026-04-03 12:47:13,058 - =========================================
2026-04-03 12:47:13,058 - BẮT ĐẦU VÒNG LẶP OPTIMIZE (100% CPLEX)
2026-04-03 12:47:13,058 -  -> Max Single Size  : 11
2026-04-03 12:47:13,058 -  -> Single Timeout   : 60.0s
2026-04-03 12:47:13,058 -  -> Max Pairwise Size: 10
2026-04-03 12:47:13,058 -  -> Pairwise Timeout : 500.0s
2026-04-03 12:47:13,058 -  -> Closest Pairs    : 12
2026-04-03 12:47:13,058 -  -> Patience (No Imp): 20
2026-04-03 12:47:13,059 -  -> Max Iterations   : 150
2026-04-03 12:47:13,059 - Chi phí khởi điểm (kể cả phạt): 875.00
2026-04-03 12:47:13,059 - =========================================
2026-04-03 12:47:13,059 - --- Đang chạy Iteration 1/150 ---
2026-04-03 12:47:13,094 -   [P1] Relocate giảm chi phí xuống còn: 854.00
2026-04-03 12:47:13,106 -   [P2] Exchange giảm chi phí xuống còn: 841.00
2026-04-03 12:47:13,323 - => ITER 6: Không cải thiện (no_improve=3/20)
2026-04-03 12:47:13,323 - --- Đang chạy Iteration 7/150 ---
2026-04-03 12:47:13,335 -   [P3] CPLEX Single Route cải thiện được: 2
2026-04-03 12:47:14,406 - => ITER 1: BEST COST MỚI = 839.00
2026-04-03 12:47:14,407 - --- Đang chạy Iteration 2/150 ---
2026-04-03 12:47:14,430 -   [P1] Relocate giảm chi phí xuống còn: 833.00
2026-04-03 12:47:14,655 -   [P3] CPLEX Single Route cải thiện được: 1
2026-04-03 12:47:19,001 - => ITER 7: Không cải thiện (no_improve=5/20)
2026-04-03 12:47:19,001 - --- Đang chạy Iteration 8/150 ---
2026-04-03 12:47:24,019 - => ITER 2: BEST COST MỚI = 832.00
2026-04-03 12:47:24,019 - --- Đang chạy Iteration 3/150 ---
2026-04-03 12:47:24,042 -   [P1] Relocate giảm chi phí xuống còn: 831.00
2026-04-03 12:47:24,213 -   [P3] CPLEX Single Route cải thiện được: 1
2026-04-03 12:47:25,033 - => ITER 8: Không cải thiện (no_improve=7/20)
2026-04-03 12:47:25,033 - --- Đang chạy Iteration 9/150 ---
2026-04-03 12:47:29,351 -   [Outer] Không cải thiện (2/3)
2026-04-03 12:47:29,351 - === OUTER 4 | cost=678.00 outer_no_imp=2/3 (còn 1127s) ===
2026-04-03 12:47:29,351 -   [Inner 4.1] cost=678.00 no_imp=0/20 (còn 1127s)
2026-04-03 12:47:29,490 -   [Inner 4.2] cost=678.00 no_imp=2/20 (còn 1127s)
2026-04-03 12:47:29,624 -   [Inner 4.3] cost=678.00 no_imp=4/20 (còn 1127s)
2026-04-03 12:47:29,746 -   [Inner 4.4] cost=678.00 no_imp=6/20 (còn 1127s)
2026-04-03 12:47:29,878 -   [Inner 4.5] cost=678.00 no_imp=8/20 (còn 1127s)
2026-04-03 12:47:30,015 -   [Inner 4.6] cost=678.00 no_imp=10/20 (còn 1127s)
2026-04-03 12:47:30,138 -   [Inner 4.7] cost=678.00 no_imp=12/20 (còn 1127s)
2026-04-03 12:47:30,265 -   [Inner 4.8] cost=678.00 no_imp=14/20 (còn 1127s)
2026-04-03 12:47:30,409 -   [Inner 4.9] cost=678.00 no_imp=16/20 (còn 1126s)
2026-04-03 12:47:30,508 - => ITER 9: Không cải thiện (no_improve=9/20)
2026-04-03 12:47:30,508 - --- Đang chạy Iteration 10/150 ---
2026-04-03 12:47:30,548 -   [Inner 4.10] cost=678.00 no_imp=18/20 (còn 1126s)
2026-04-03 12:47:30,679 -   [Outer 4] Chạy Pairwise MaxSAT...
2026-04-03 12:47:33,082 - => ITER 3: BEST COST MỚI = 830.00
2026-04-03 12:47:33,082 - --- Đang chạy Iteration 4/150 ---
2026-04-03 12:47:33,114 -   [P1] Relocate giảm chi phí xuống còn: 829.00
2026-04-03 12:47:36,225 - => ITER 10: Không cải thiện (no_improve=11/20)
2026-04-03 12:47:36,226 - --- Đang chạy Iteration 11/150 ---
2026-04-03 12:47:42,077 - => ITER 11: Không cải thiện (no_improve=13/20)
2026-04-03 12:47:42,077 - --- Đang chạy Iteration 12/150 ---
2026-04-03 12:47:42,547 - => ITER 4: BEST COST MỚI = 829.00
2026-04-03 12:47:42,547 - --- Đang chạy Iteration 5/150 ---
2026-04-03 12:47:47,945 - => ITER 12: Không cải thiện (no_improve=15/20)
2026-04-03 12:47:47,945 - --- Đang chạy Iteration 13/150 ---
2026-04-03 12:47:52,216 - => ITER 5: Không cải thiện (no_improve=1/20)
2026-04-03 12:47:52,216 - --- Đang chạy Iteration 6/150 ---
2026-04-03 12:47:53,772 - => ITER 13: Không cải thiện (no_improve=17/20)
2026-04-03 12:47:53,774 - --- Đang chạy Iteration 14/150 ---
2026-04-03 12:47:56,511 -   [Outer] Không cải thiện (3/3)
2026-04-03 12:47:56,512 - Hoàn thành. cost=678.00 | time=99.7s | s_imp=1 s_to=0 | p_imp=2 p_to=0
2026-04-03 12:47:56,512 - ======================================================================
2026-04-03 12:47:56,512 - CW=748 → 2opt=730 → MaxSAT=678
2026-04-03 12:47:56,512 - Cải thiện so CW: 70
2026-04-03 12:47:56,512 - Total time: 99.7s
2026-04-03 12:47:56,512 - Verified cost: 678
2026-04-03 12:47:56,513 - ======================================================================
2026-04-03 12:47:56,513 - FILE: B-n34-k5.vrp
2026-04-03 12:47:56,513 - ======================================================================
2026-04-03 12:47:56,515 - Dim=34 K=5 Cap=100
2026-04-03 12:47:56,515 - --- Clarke-Wright ---
2026-04-03 12:47:56,517 -   cost=936 time=0.00s
2026-04-03 12:47:56,517 - --- Two-Opt ---
2026-04-03 12:47:56,518 -   cost=875 time=0.00s
2026-04-03 12:47:56,519 - --- MaxSAT (2-tầng) ---
2026-04-03 12:47:56,519 - =========================================
2026-04-03 12:47:56,519 - BẮT ĐẦU OPTIMIZE (MaxSAT-RC2, 2-tầng)
2026-04-03 12:47:56,519 -   max_single=11  s_to=60.0s
2026-04-03 12:47:56,519 -   max_pair=10  p_to=500.0s
2026-04-03 12:47:56,519 -   n_pairs=12
2026-04-03 12:47:56,519 -   inner_patience=20  outer_patience=3
2026-04-03 12:47:56,519 -   global_timeout=1200.0s
2026-04-03 12:47:56,519 -   start_cost=875.00
2026-04-03 12:47:56,519 - =========================================
2026-04-03 12:47:56,519 - === OUTER 1 | cost=875.00 outer_no_imp=0/3 (còn 1200s) ===
2026-04-03 12:47:56,519 -   [Inner 1.1] cost=875.00 no_imp=0/20 (còn 1200s)
2026-04-03 12:47:56,523 -     [P1] Relocate → 854.00
2026-04-03 12:47:56,527 -     [P2] Exchange → 841.00
2026-04-03 12:47:57,130 -     [P3] Single +2
2026-04-03 12:47:57,130 -     → INNER BEST = 839.00
2026-04-03 12:47:57,130 -   [Inner 1.2] cost=839.00 no_imp=0/20 (còn 1199s)
2026-04-03 12:47:57,134 -     [P1] Relocate → 833.00
2026-04-03 12:47:57,676 -     [P3] Single +1
2026-04-03 12:47:57,677 -     → INNER BEST = 832.00
2026-04-03 12:47:57,677 -   [Inner 1.3] cost=832.00 no_imp=0/20 (còn 1199s)
2026-04-03 12:47:57,681 -     [P1] Relocate → 831.00
2026-04-03 12:47:57,937 -     [P3] Single +1
2026-04-03 12:47:57,938 -     → INNER BEST = 830.00
2026-04-03 12:47:57,938 -   [Inner 1.4] cost=830.00 no_imp=0/20 (còn 1199s)
2026-04-03 12:47:57,945 -     [P1] Relocate → 829.00
2026-04-03 12:47:58,216 -     → INNER BEST = 829.00
2026-04-03 12:47:58,216 -   [Inner 1.5] cost=829.00 no_imp=0/20 (còn 1198s)
2026-04-03 12:47:58,507 -   [Inner 1.6] cost=829.00 no_imp=2/20 (còn 1198s)
2026-04-03 12:47:58,782 -   [Inner 1.7] cost=829.00 no_imp=4/20 (còn 1198s)
2026-04-03 12:47:59,059 -   [Inner 1.8] cost=829.00 no_imp=6/20 (còn 1197s)
2026-04-03 12:47:59,345 -   [Inner 1.9] cost=829.00 no_imp=8/20 (còn 1197s)
2026-04-03 12:47:59,480 - => ITER 14: Không cải thiện (no_improve=19/20)
2026-04-03 12:47:59,480 - Hoàn thành tối ưu. Final Pure Cost: 829
2026-04-03 12:47:59,480 - ======================================================================
2026-04-03 12:47:59,480 - BÁO CÁO TỔNG KẾT (SUMMARY)
2026-04-03 12:47:59,480 - ======================================================================
2026-04-03 12:47:59,481 -   1. Chi phí Clarke-Wright:     936
2026-04-03 12:47:59,481 -   2. Chi phí sau Two-Opt:       875
2026-04-03 12:47:59,481 -   3. Chi phí sau Gurobi:        829
2026-04-03 12:47:59,481 -   => TỔNG CẢI THIỆN:            107
2026-04-03 12:47:59,481 -   => Số lần Gurobi Single cải thiện  : 3 lần
2026-04-03 12:47:59,481 -   => Số lần Gurobi Pairwise cải thiện: 0 lần
2026-04-03 12:47:59,481 -   => TỔNG THỜI GIAN CHẠY:       75.797s
2026-04-03 12:47:59,482 - ======================================================================
2026-04-03 12:47:59,482 - KHỞI CHẠY ADVANCED CVRP SOLVER CHO FILE: B-n35-k5.vrp
2026-04-03 12:47:59,482 - ======================================================================
2026-04-03 12:47:59,484 - Thông tin dữ liệu: Dimension=35, K=5, Capacity=100
2026-04-03 12:47:59,484 - --- Step 1: Clarke-Wright Heuristic ---
2026-04-03 12:47:59,486 -   Kết quả CW: Cost = 1016, Time = 0.001s
2026-04-03 12:47:59,486 - --- Step 2: Two-Opt Local Search ---
2026-04-03 12:47:59,487 -   Kết quả Two-Opt: Cost = 973, Time = 0.001s
2026-04-03 12:47:59,487 - --- Step 3: Advanced Optimization (100% Gurobi) ---
2026-04-03 12:47:59,487 - =========================================
2026-04-03 12:47:59,487 - BẮT ĐẦU VÒNG LẶP OPTIMIZE (100% GUROBI)
2026-04-03 12:47:59,487 -  -> Max Single Size  : 11
2026-04-03 12:47:59,487 -  -> Single Timeout   : 60.0s
2026-04-03 12:47:59,488 -  -> Max Pairwise Size: 10
2026-04-03 12:47:59,488 -  -> Pairwise Timeout : 500.0s
2026-04-03 12:47:59,488 -  -> Closest Pairs    : 12
2026-04-03 12:47:59,488 -  -> Patience (No Imp): 20
2026-04-03 12:47:59,488 -  -> Max Iterations   : 150
2026-04-03 12:47:59,488 - Chi phí khởi điểm (kể cả phạt): 973.00
2026-04-03 12:47:59,488 - =========================================
2026-04-03 12:47:59,488 - --- Đang chạy Iteration 1/150 ---
2026-04-03 12:47:59,513 -   [P1] Relocate giảm chi phí xuống còn: 971.00
2026-04-03 12:47:59,622 -   [Inner 1.10] cost=829.00 no_imp=10/20 (còn 1197s)
2026-04-03 12:47:59,839 -   [P3] Gurobi Single Route cải thiện được: 1
2026-04-03 12:47:59,840 - => ITER 1: BEST COST MỚI = 970.00
2026-04-03 12:47:59,840 - --- Đang chạy Iteration 2/150 ---
2026-04-03 12:47:59,933 -   [Inner 1.11] cost=829.00 no_imp=12/20 (còn 1197s)
2026-04-03 12:48:00,207 -   [Inner 1.12] cost=829.00 no_imp=14/20 (còn 1196s)
2026-04-03 12:48:00,235 - => ITER 2: Không cải thiện (no_improve=1/20)
2026-04-03 12:48:00,235 - --- Đang chạy Iteration 3/150 ---
2026-04-03 12:48:00,471 -   [Inner 1.13] cost=829.00 no_imp=16/20 (còn 1196s)
2026-04-03 12:48:00,592 - => ITER 3: Không cải thiện (no_improve=3/20)
2026-04-03 12:48:00,592 - --- Đang chạy Iteration 4/150 ---
2026-04-03 12:48:00,736 -   [Inner 1.14] cost=829.00 no_imp=18/20 (còn 1196s)
2026-04-03 12:48:00,927 - => ITER 4: Không cải thiện (no_improve=5/20)
2026-04-03 12:48:00,927 - --- Đang chạy Iteration 5/150 ---
2026-04-03 12:48:00,989 -   [Outer] Inner cải thiện → best=829.00
2026-04-03 12:48:00,989 -   [Outer 1] Chạy Pairwise MaxSAT...
2026-04-03 12:48:01,259 - => ITER 5: Không cải thiện (no_improve=7/20)
2026-04-03 12:48:01,260 - --- Đang chạy Iteration 6/150 ---
2026-04-03 12:48:01,618 - => ITER 6: Không cải thiện (no_improve=9/20)
2026-04-03 12:48:01,618 - --- Đang chạy Iteration 7/150 ---
2026-04-03 12:48:01,960 - => ITER 7: Không cải thiện (no_improve=11/20)
2026-04-03 12:48:01,960 - --- Đang chạy Iteration 8/150 ---
2026-04-03 12:48:02,141 - => ITER 6: Không cải thiện (no_improve=3/20)
2026-04-03 12:48:02,141 - --- Đang chạy Iteration 7/150 ---
2026-04-03 12:48:02,317 - => ITER 8: Không cải thiện (no_improve=13/20)
2026-04-03 12:48:02,317 - --- Đang chạy Iteration 9/150 ---
2026-04-03 12:48:02,663 - => ITER 9: Không cải thiện (no_improve=15/20)
2026-04-03 12:48:02,663 - --- Đang chạy Iteration 10/150 ---
2026-04-03 12:48:03,027 - => ITER 10: Không cải thiện (no_improve=17/20)
2026-04-03 12:48:03,027 - --- Đang chạy Iteration 11/150 ---
2026-04-03 12:48:03,406 - => ITER 11: Không cải thiện (no_improve=19/20)
2026-04-03 12:48:03,406 - Hoàn thành tối ưu. Final Pure Cost: 970
2026-04-03 12:48:03,406 - ======================================================================
2026-04-03 12:48:03,406 - BÁO CÁO TỔNG KẾT (SUMMARY)
2026-04-03 12:48:03,406 - ======================================================================
2026-04-03 12:48:03,406 -   1. Chi phí Clarke-Wright:     1016
2026-04-03 12:48:03,406 -   2. Chi phí sau Two-Opt:       973
2026-04-03 12:48:03,407 -   3. Chi phí sau Gurobi:        970
2026-04-03 12:48:03,407 -   => TỔNG CẢI THIỆN:            46
2026-04-03 12:48:03,407 -   => Số lần Gurobi Single cải thiện  : 1 lần
2026-04-03 12:48:03,407 -   => Số lần Gurobi Pairwise cải thiện: 0 lần
2026-04-03 12:48:03,407 -   => TỔNG THỜI GIAN CHẠY:       3.921s
2026-04-03 12:48:03,408 - ======================================================================
2026-04-03 12:48:03,408 - KHỞI CHẠY ADVANCED CVRP SOLVER CHO FILE: B-n38-k6.vrp
2026-04-03 12:48:03,408 - ======================================================================
2026-04-03 12:48:03,411 - Thông tin dữ liệu: Dimension=38, K=6, Capacity=100
2026-04-03 12:48:03,411 - --- Step 1: Clarke-Wright Heuristic ---
2026-04-03 12:48:03,412 -   Kết quả CW: Cost = 961, Time = 0.001s
2026-04-03 12:48:03,412 - --- Step 2: Two-Opt Local Search ---
2026-04-03 12:48:03,413 -   Kết quả Two-Opt: Cost = 912, Time = 0.001s
2026-04-03 12:48:03,413 - --- Step 3: Advanced Optimization (100% Gurobi) ---
2026-04-03 12:48:03,414 - =========================================
2026-04-03 12:48:03,414 - BẮT ĐẦU VÒNG LẶP OPTIMIZE (100% GUROBI)
2026-04-03 12:48:03,414 -  -> Max Single Size  : 11
2026-04-03 12:48:03,414 -  -> Single Timeout   : 60.0s
2026-04-03 12:48:03,414 -  -> Max Pairwise Size: 10
2026-04-03 12:48:03,414 -  -> Pairwise Timeout : 500.0s
2026-04-03 12:48:03,414 -  -> Closest Pairs    : 12
2026-04-03 12:48:03,414 -  -> Patience (No Imp): 20
2026-04-03 12:48:03,414 -  -> Max Iterations   : 150
2026-04-03 12:48:03,414 - Chi phí khởi điểm (kể cả phạt): 912.00
2026-04-03 12:48:03,414 - =========================================
2026-04-03 12:48:03,414 - --- Đang chạy Iteration 1/150 ---
2026-04-03 12:48:03,449 -   [P1] Relocate giảm chi phí xuống còn: 900.00
2026-04-03 12:48:03,463 -   [P2] Exchange giảm chi phí xuống còn: 886.00
2026-04-03 12:48:03,885 -   [P3] Gurobi Single Route cải thiện được: 3
2026-04-03 12:48:05,850 -   [P4] Gurobi Pairwise (1,5) giảm: 11
2026-04-03 12:48:06,785 - => ITER 1: BEST COST MỚI = 872.00
2026-04-03 12:48:06,785 - --- Đang chạy Iteration 2/150 ---
2026-04-03 12:48:06,818 -   [P1] Relocate giảm chi phí xuống còn: 868.00
2026-04-03 12:48:06,833 -   [P2] Exchange giảm chi phí xuống còn: 864.00
2026-04-03 12:48:11,178 - => ITER 7: Không cải thiện (no_improve=5/20)
2026-04-03 12:48:11,178 - --- Đang chạy Iteration 8/150 ---
2026-04-03 12:48:12,980 - => ITER 2: BEST COST MỚI = 864.00
2026-04-03 12:48:12,980 - --- Đang chạy Iteration 3/150 ---
2026-04-03 12:48:13,013 -   [P1] Relocate giảm chi phí xuống còn: 861.00
2026-04-03 12:48:18,955 - => ITER 3: BEST COST MỚI = 861.00
2026-04-03 12:48:18,955 - --- Đang chạy Iteration 4/150 ---
2026-04-03 12:48:19,941 - => ITER 8: Không cải thiện (no_improve=7/20)
2026-04-03 12:48:19,942 - --- Đang chạy Iteration 9/150 ---
2026-04-03 12:48:25,040 - => ITER 4: Không cải thiện (no_improve=1/20)
2026-04-03 12:48:25,040 - --- Đang chạy Iteration 5/150 ---
2026-04-03 12:48:28,665 - => ITER 9: Không cải thiện (no_improve=9/20)
2026-04-03 12:48:28,665 - --- Đang chạy Iteration 10/150 ---
2026-04-03 12:48:31,466 - => ITER 5: Không cải thiện (no_improve=3/20)
2026-04-03 12:48:31,466 - --- Đang chạy Iteration 6/150 ---
2026-04-03 12:48:37,682 - => ITER 6: Không cải thiện (no_improve=5/20)
2026-04-03 12:48:37,682 - --- Đang chạy Iteration 7/150 ---
2026-04-03 12:48:37,880 - => ITER 10: Không cải thiện (no_improve=11/20)
2026-04-03 12:48:37,880 - --- Đang chạy Iteration 11/150 ---
2026-04-03 12:48:43,909 - => ITER 7: Không cải thiện (no_improve=7/20)
2026-04-03 12:48:43,909 - --- Đang chạy Iteration 8/150 ---
2026-04-03 12:48:46,784 - => ITER 11: Không cải thiện (no_improve=13/20)
2026-04-03 12:48:46,784 - --- Đang chạy Iteration 12/150 ---
2026-04-03 12:48:50,114 - => ITER 8: Không cải thiện (no_improve=9/20)
2026-04-03 12:48:50,115 - --- Đang chạy Iteration 9/150 ---
2026-04-03 12:48:56,234 - => ITER 12: Không cải thiện (no_improve=15/20)
2026-04-03 12:48:56,234 - --- Đang chạy Iteration 13/150 ---
2026-04-03 12:48:57,098 - => ITER 9: Không cải thiện (no_improve=11/20)
2026-04-03 12:48:57,098 - --- Đang chạy Iteration 10/150 ---
2026-04-03 12:49:03,453 - => ITER 10: Không cải thiện (no_improve=13/20)
2026-04-03 12:49:03,454 - --- Đang chạy Iteration 11/150 ---
2026-04-03 12:49:05,289 - => ITER 13: Không cải thiện (no_improve=17/20)
2026-04-03 12:49:05,290 - --- Đang chạy Iteration 14/150 ---
2026-04-03 12:49:09,827 - => ITER 11: Không cải thiện (no_improve=15/20)
2026-04-03 12:49:09,828 - --- Đang chạy Iteration 12/150 ---
2026-04-03 12:49:14,278 - => ITER 14: Không cải thiện (no_improve=19/20)
2026-04-03 12:49:14,279 - Hoàn thành tối ưu. Final Pure Cost: 829
2026-04-03 12:49:14,279 - ======================================================================
2026-04-03 12:49:14,279 - BÁO CÁO TỔNG KẾT (SUMMARY)
2026-04-03 12:49:14,279 - ======================================================================
2026-04-03 12:49:14,279 -   1. Chi phí Clarke-Wright:     936
2026-04-03 12:49:14,279 -   2. Chi phí sau Two-Opt:       875
2026-04-03 12:49:14,279 -   3. Chi phí sau CPLEX:        829
2026-04-03 12:49:14,279 -   => TỔNG CẢI THIỆN:            107
2026-04-03 12:49:14,279 -   => Số lần CPLEX Single cải thiện  : 3 lần
2026-04-03 12:49:14,279 -   => Số lần CPLEX Pairwise cải thiện: 0 lần
2026-04-03 12:49:14,280 -   => TỔNG THỜI GIAN CHẠY:       121.223s
2026-04-03 12:49:14,280 - ======================================================================
2026-04-03 12:49:14,280 - KHỞI CHẠY ADVANCED CVRP SOLVER CHO FILE: B-n35-k5.vrp
2026-04-03 12:49:14,280 - ======================================================================
2026-04-03 12:49:14,282 - Thông tin dữ liệu: Dimension=35, K=5, Capacity=100
2026-04-03 12:49:14,283 - --- Step 1: Clarke-Wright Heuristic ---
2026-04-03 12:49:14,284 -   Kết quả CW: Cost = 1016, Time = 0.001s
2026-04-03 12:49:14,284 - --- Step 2: Two-Opt Local Search ---
2026-04-03 12:49:14,285 -   Kết quả Two-Opt: Cost = 973, Time = 0.001s
2026-04-03 12:49:14,285 - --- Step 3: Advanced Optimization (100% CPLEX) ---
2026-04-03 12:49:14,285 - =========================================
2026-04-03 12:49:14,286 - BẮT ĐẦU VÒNG LẶP OPTIMIZE (100% CPLEX)
2026-04-03 12:49:14,286 -  -> Max Single Size  : 11
2026-04-03 12:49:14,286 -  -> Single Timeout   : 60.0s
2026-04-03 12:49:14,286 -  -> Max Pairwise Size: 10
2026-04-03 12:49:14,286 -  -> Pairwise Timeout : 500.0s
2026-04-03 12:49:14,286 -  -> Closest Pairs    : 12
2026-04-03 12:49:14,286 -  -> Patience (No Imp): 20
2026-04-03 12:49:14,286 -  -> Max Iterations   : 150
2026-04-03 12:49:14,286 - Chi phí khởi điểm (kể cả phạt): 973.00
2026-04-03 12:49:14,286 - =========================================
2026-04-03 12:49:14,287 - --- Đang chạy Iteration 1/150 ---
2026-04-03 12:49:14,311 -   [P1] Relocate giảm chi phí xuống còn: 971.00
2026-04-03 12:49:14,666 -   [P3] CPLEX Single Route cải thiện được: 1
2026-04-03 12:49:14,667 - => ITER 1: BEST COST MỚI = 970.00
2026-04-03 12:49:14,667 - --- Đang chạy Iteration 2/150 ---
2026-04-03 12:49:15,064 - => ITER 2: Không cải thiện (no_improve=1/20)
2026-04-03 12:49:15,065 - --- Đang chạy Iteration 3/150 ---
2026-04-03 12:49:15,447 - => ITER 3: Không cải thiện (no_improve=3/20)
2026-04-03 12:49:15,447 - --- Đang chạy Iteration 4/150 ---
2026-04-03 12:49:15,842 - => ITER 4: Không cải thiện (no_improve=5/20)
2026-04-03 12:49:15,842 - --- Đang chạy Iteration 5/150 ---
2026-04-03 12:49:15,952 - => ITER 12: Không cải thiện (no_improve=17/20)
2026-04-03 12:49:15,953 - --- Đang chạy Iteration 13/150 ---
2026-04-03 12:49:16,225 - => ITER 5: Không cải thiện (no_improve=7/20)
2026-04-03 12:49:16,225 - --- Đang chạy Iteration 6/150 ---
2026-04-03 12:49:16,605 - => ITER 6: Không cải thiện (no_improve=9/20)
2026-04-03 12:49:16,605 - --- Đang chạy Iteration 7/150 ---
2026-04-03 12:49:17,016 - => ITER 7: Không cải thiện (no_improve=11/20)
2026-04-03 12:49:17,016 - --- Đang chạy Iteration 8/150 ---
2026-04-03 12:49:17,395 - => ITER 8: Không cải thiện (no_improve=13/20)
2026-04-03 12:49:17,395 - --- Đang chạy Iteration 9/150 ---
2026-04-03 12:49:17,782 - => ITER 9: Không cải thiện (no_improve=15/20)
2026-04-03 12:49:17,783 - --- Đang chạy Iteration 10/150 ---
2026-04-03 12:49:18,184 - => ITER 10: Không cải thiện (no_improve=17/20)
2026-04-03 12:49:18,185 - --- Đang chạy Iteration 11/150 ---
2026-04-03 12:49:18,575 - => ITER 11: Không cải thiện (no_improve=19/20)
2026-04-03 12:49:18,575 - Hoàn thành tối ưu. Final Pure Cost: 970
2026-04-03 12:49:18,575 - ======================================================================
2026-04-03 12:49:18,575 - BÁO CÁO TỔNG KẾT (SUMMARY)
2026-04-03 12:49:18,575 - ======================================================================
2026-04-03 12:49:18,575 -   1. Chi phí Clarke-Wright:     1016
2026-04-03 12:49:18,575 -   2. Chi phí sau Two-Opt:       973
2026-04-03 12:49:18,575 -   3. Chi phí sau CPLEX:        970
2026-04-03 12:49:18,575 -   => TỔNG CẢI THIỆN:            46
2026-04-03 12:49:18,575 -   => Số lần CPLEX Single cải thiện  : 1 lần
2026-04-03 12:49:18,575 -   => Số lần CPLEX Pairwise cải thiện: 0 lần
2026-04-03 12:49:18,576 -   => TỔNG THỜI GIAN CHẠY:       4.292s
2026-04-03 12:49:18,576 - ======================================================================
2026-04-03 12:49:18,576 - KHỞI CHẠY ADVANCED CVRP SOLVER CHO FILE: B-n38-k6.vrp
2026-04-03 12:49:18,576 - ======================================================================
2026-04-03 12:49:18,578 - Thông tin dữ liệu: Dimension=38, K=6, Capacity=100
2026-04-03 12:49:18,579 - --- Step 1: Clarke-Wright Heuristic ---
2026-04-03 12:49:18,580 -   Kết quả CW: Cost = 961, Time = 0.001s
2026-04-03 12:49:18,580 - --- Step 2: Two-Opt Local Search ---
2026-04-03 12:49:18,581 -   Kết quả Two-Opt: Cost = 912, Time = 0.001s
2026-04-03 12:49:18,581 - --- Step 3: Advanced Optimization (100% CPLEX) ---
2026-04-03 12:49:18,581 - =========================================
2026-04-03 12:49:18,581 - BẮT ĐẦU VÒNG LẶP OPTIMIZE (100% CPLEX)
2026-04-03 12:49:18,581 -  -> Max Single Size  : 11
2026-04-03 12:49:18,581 -  -> Single Timeout   : 60.0s
2026-04-03 12:49:18,581 -  -> Max Pairwise Size: 10
2026-04-03 12:49:18,581 -  -> Pairwise Timeout : 500.0s
2026-04-03 12:49:18,581 -  -> Closest Pairs    : 12
2026-04-03 12:49:18,581 -  -> Patience (No Imp): 20
2026-04-03 12:49:18,581 -  -> Max Iterations   : 150
2026-04-03 12:49:18,582 - Chi phí khởi điểm (kể cả phạt): 912.00
2026-04-03 12:49:18,582 - =========================================
2026-04-03 12:49:18,582 - --- Đang chạy Iteration 1/150 ---
2026-04-03 12:49:18,621 -   [P1] Relocate giảm chi phí xuống còn: 900.00
2026-04-03 12:49:18,635 -   [P2] Exchange giảm chi phí xuống còn: 886.00
2026-04-03 12:49:18,955 -   [P3] CPLEX Single Route cải thiện được: 3
2026-04-03 12:49:21,901 -   [P4] CPLEX Pairwise (1,5) giảm: 11
2026-04-03 12:49:22,196 - => ITER 13: Không cải thiện (no_improve=19/20)
2026-04-03 12:49:22,196 - Hoàn thành tối ưu. Final Pure Cost: 861
2026-04-03 12:49:22,197 - ======================================================================
2026-04-03 12:49:22,197 - BÁO CÁO TỔNG KẾT (SUMMARY)
2026-04-03 12:49:22,197 - ======================================================================
2026-04-03 12:49:22,197 -   1. Chi phí Clarke-Wright:     961
2026-04-03 12:49:22,197 -   2. Chi phí sau Two-Opt:       912
2026-04-03 12:49:22,197 -   3. Chi phí sau Gurobi:        861
2026-04-03 12:49:22,197 -   => TỔNG CẢI THIỆN:            100
2026-04-03 12:49:22,197 -   => Số lần Gurobi Single cải thiện  : 1 lần
2026-04-03 12:49:22,197 -   => Số lần Gurobi Pairwise cải thiện: 1 lần
2026-04-03 12:49:22,198 -   => TỔNG THỜI GIAN CHẠY:       78.785s
2026-04-03 12:49:22,202 - ======================================================================
2026-04-03 12:49:22,203 - KHỞI CHẠY ADVANCED CVRP SOLVER CHO FILE: B-n39-k5.vrp
2026-04-03 12:49:22,203 - ======================================================================
2026-04-03 12:49:22,219 - Thông tin dữ liệu: Dimension=39, K=5, Capacity=100
2026-04-03 12:49:22,219 - --- Step 1: Clarke-Wright Heuristic ---
2026-04-03 12:49:22,220 -   Kết quả CW: Cost = 695, Time = 0.001s
2026-04-03 12:49:22,221 - --- Step 2: Two-Opt Local Search ---
2026-04-03 12:49:22,225 -   Kết quả Two-Opt: Cost = 660, Time = 0.004s
2026-04-03 12:49:22,225 - --- Step 3: Advanced Optimization (100% Gurobi) ---
2026-04-03 12:49:22,225 - =========================================
2026-04-03 12:49:22,225 - BẮT ĐẦU VÒNG LẶP OPTIMIZE (100% GUROBI)
2026-04-03 12:49:22,225 -  -> Max Single Size  : 11
2026-04-03 12:49:22,225 -  -> Single Timeout   : 60.0s
2026-04-03 12:49:22,225 -  -> Max Pairwise Size: 10
2026-04-03 12:49:22,225 -  -> Pairwise Timeout : 500.0s
2026-04-03 12:49:22,225 -  -> Closest Pairs    : 12
2026-04-03 12:49:22,225 -  -> Patience (No Imp): 20
2026-04-03 12:49:22,225 -  -> Max Iterations   : 150
2026-04-03 12:49:22,225 - Chi phí khởi điểm (kể cả phạt): 660.00
2026-04-03 12:49:22,225 - =========================================
2026-04-03 12:49:22,226 - --- Đang chạy Iteration 1/150 ---
2026-04-03 12:49:22,300 -   [P1] Relocate giảm chi phí xuống còn: 651.00
2026-04-03 12:49:22,335 -   [P2] Exchange giảm chi phí xuống còn: 650.00
2026-04-03 12:49:22,365 - => ITER 1: BEST COST MỚI = 872.00
2026-04-03 12:49:22,366 - --- Đang chạy Iteration 2/150 ---
2026-04-03 12:49:22,446 -   [P1] Relocate giảm chi phí xuống còn: 868.00
2026-04-03 12:49:22,476 -   [P2] Exchange giảm chi phí xuống còn: 864.00
2026-04-03 12:49:32,660 - => ITER 2: BEST COST MỚI = 864.00
2026-04-03 12:49:32,660 - --- Đang chạy Iteration 3/150 ---
2026-04-03 12:49:32,696 -   [P1] Relocate giảm chi phí xuống còn: 861.00
2026-04-03 12:49:42,123 - => ITER 3: BEST COST MỚI = 861.00
2026-04-03 12:49:42,123 - --- Đang chạy Iteration 4/150 ---
2026-04-03 12:49:51,970 - => ITER 4: Không cải thiện (no_improve=1/20)
2026-04-03 12:49:51,970 - --- Đang chạy Iteration 5/150 ---
2026-04-03 12:50:01,645 - => ITER 5: Không cải thiện (no_improve=3/20)
2026-04-03 12:50:01,645 - --- Đang chạy Iteration 6/150 ---
2026-04-03 12:50:10,776 - => ITER 6: Không cải thiện (no_improve=5/20)
2026-04-03 12:50:10,776 - --- Đang chạy Iteration 7/150 ---
2026-04-03 12:50:19,648 - => ITER 7: Không cải thiện (no_improve=7/20)
2026-04-03 12:50:19,648 - --- Đang chạy Iteration 8/150 ---
2026-04-03 12:50:21,547 -   [P3] Gurobi Single Route cải thiện được: 4
2026-04-03 12:50:21,548 - => ITER 1: BEST COST MỚI = 646.00
2026-04-03 12:50:21,548 - --- Đang chạy Iteration 2/150 ---
2026-04-03 12:50:21,579 -   [P1] Relocate giảm chi phí xuống còn: 636.00
2026-04-03 12:50:28,083 - => ITER 8: Không cải thiện (no_improve=9/20)
2026-04-03 12:50:28,083 - --- Đang chạy Iteration 9/150 ---
2026-04-03 12:50:36,616 - => ITER 9: Không cải thiện (no_improve=11/20)
2026-04-03 12:50:36,616 - --- Đang chạy Iteration 10/150 ---
2026-04-03 12:50:45,397 - => ITER 10: Không cải thiện (no_improve=13/20)
2026-04-03 12:50:45,397 - --- Đang chạy Iteration 11/150 ---
2026-04-03 12:50:54,688 - => ITER 11: Không cải thiện (no_improve=15/20)
2026-04-03 12:50:54,688 - --- Đang chạy Iteration 12/150 ---
2026-04-03 12:51:04,455 - => ITER 12: Không cải thiện (no_improve=17/20)
2026-04-03 12:51:04,456 - --- Đang chạy Iteration 13/150 ---
2026-04-03 12:51:15,357 - => ITER 13: Không cải thiện (no_improve=19/20)
2026-04-03 12:51:15,358 - Hoàn thành tối ưu. Final Pure Cost: 861
2026-04-03 12:51:15,358 - ======================================================================
2026-04-03 12:51:15,358 - BÁO CÁO TỔNG KẾT (SUMMARY)
2026-04-03 12:51:15,358 - ======================================================================
2026-04-03 12:51:15,358 -   1. Chi phí Clarke-Wright:     961
2026-04-03 12:51:15,359 -   2. Chi phí sau Two-Opt:       912
2026-04-03 12:51:15,359 -   3. Chi phí sau CPLEX:        861
2026-04-03 12:51:15,359 -   => TỔNG CẢI THIỆN:            100
2026-04-03 12:51:15,359 -   => Số lần CPLEX Single cải thiện  : 1 lần
2026-04-03 12:51:15,359 -   => Số lần CPLEX Pairwise cải thiện: 1 lần
2026-04-03 12:51:15,359 -   => TỔNG THỜI GIAN CHẠY:       116.779s
2026-04-03 12:51:15,360 - ======================================================================
2026-04-03 12:51:15,360 - KHỞI CHẠY ADVANCED CVRP SOLVER CHO FILE: B-n39-k5.vrp
2026-04-03 12:51:15,360 - ======================================================================
2026-04-03 12:51:15,362 - Thông tin dữ liệu: Dimension=39, K=5, Capacity=100
2026-04-03 12:51:15,362 - --- Step 1: Clarke-Wright Heuristic ---
2026-04-03 12:51:15,364 -   Kết quả CW: Cost = 695, Time = 0.001s
2026-04-03 12:51:15,364 - --- Step 2: Two-Opt Local Search ---
2026-04-03 12:51:15,365 -   Kết quả Two-Opt: Cost = 660, Time = 0.001s
2026-04-03 12:51:15,365 - --- Step 3: Advanced Optimization (100% CPLEX) ---
2026-04-03 12:51:15,365 - =========================================
2026-04-03 12:51:15,365 - BẮT ĐẦU VÒNG LẶP OPTIMIZE (100% CPLEX)
2026-04-03 12:51:15,365 -  -> Max Single Size  : 11
2026-04-03 12:51:15,365 -  -> Single Timeout   : 60.0s
2026-04-03 12:51:15,365 -  -> Max Pairwise Size: 10
2026-04-03 12:51:15,365 -  -> Pairwise Timeout : 500.0s
2026-04-03 12:51:15,366 -  -> Closest Pairs    : 12
2026-04-03 12:51:15,366 -  -> Patience (No Imp): 20
2026-04-03 12:51:15,366 -  -> Max Iterations   : 150
2026-04-03 12:51:15,366 - Chi phí khởi điểm (kể cả phạt): 660.00
2026-04-03 12:51:15,366 - =========================================
2026-04-03 12:51:15,366 - --- Đang chạy Iteration 1/150 ---
2026-04-03 12:51:15,408 -   [P1] Relocate giảm chi phí xuống còn: 651.00
2026-04-03 12:51:15,423 -   [P2] Exchange giảm chi phí xuống còn: 650.00
2026-04-03 12:51:21,878 - => ITER 2: BEST COST MỚI = 636.00
2026-04-03 12:51:21,878 - --- Đang chạy Iteration 3/150 ---
2026-04-03 12:51:21,931 -   [P1] Relocate giảm chi phí xuống còn: 633.00
2026-04-03 12:51:53,165 -   [P3] CPLEX Single Route cải thiện được: 4
2026-04-03 12:51:53,166 - => ITER 1: BEST COST MỚI = 646.00
2026-04-03 12:51:53,166 - --- Đang chạy Iteration 2/150 ---
2026-04-03 12:51:53,210 -   [P1] Relocate giảm chi phí xuống còn: 636.00
2026-04-03 12:52:22,368 - => ITER 3: BEST COST MỚI = 633.00
2026-04-03 12:52:22,368 - --- Đang chạy Iteration 4/150 ---
2026-04-03 12:52:22,441 -   [P1] Relocate giảm chi phí xuống còn: 630.00
2026-04-03 12:52:34,633 - => ITER 2: BEST COST MỚI = 636.00
2026-04-03 12:52:34,634 - --- Đang chạy Iteration 3/150 ---
2026-04-03 12:52:34,667 -   [P1] Relocate giảm chi phí xuống còn: 633.00
2026-04-03 12:53:13,286 - => ITER 3: BEST COST MỚI = 633.00
2026-04-03 12:53:13,287 - --- Đang chạy Iteration 4/150 ---
2026-04-03 12:53:13,321 -   [P1] Relocate giảm chi phí xuống còn: 630.00
2026-04-03 12:53:22,753 - => ITER 4: BEST COST MỚI = 630.00
2026-04-03 12:53:22,754 - --- Đang chạy Iteration 5/150 ---
2026-04-03 12:53:26,169 - === OUTER 2 | cost=829.00 outer_no_imp=0/3 (còn 870s) ===
2026-04-03 12:53:26,170 -   [Inner 2.1] cost=829.00 no_imp=0/20 (còn 870s)
2026-04-03 12:53:26,184 - => ITER 4: BEST COST MỚI = 630.00
2026-04-03 12:53:26,184 - --- Đang chạy Iteration 5/150 ---
2026-04-03 12:53:26,285 - => ITER 5: Không cải thiện (no_improve=1/20)
2026-04-03 12:53:26,285 - --- Đang chạy Iteration 6/150 ---
2026-04-03 12:53:26,491 -   [Inner 2.2] cost=829.00 no_imp=2/20 (còn 870s)
2026-04-03 12:53:26,798 -   [Inner 2.3] cost=829.00 no_imp=4/20 (còn 870s)
2026-04-03 12:53:27,104 -   [Inner 2.4] cost=829.00 no_imp=6/20 (còn 869s)
2026-04-03 12:53:27,384 -   [Inner 2.5] cost=829.00 no_imp=8/20 (còn 869s)
2026-04-03 12:53:27,671 -   [Inner 2.6] cost=829.00 no_imp=10/20 (còn 869s)
2026-04-03 12:53:27,963 -   [Inner 2.7] cost=829.00 no_imp=12/20 (còn 869s)
2026-04-03 12:53:28,241 -   [Inner 2.8] cost=829.00 no_imp=14/20 (còn 868s)
2026-04-03 12:53:28,545 -   [Inner 2.9] cost=829.00 no_imp=16/20 (còn 868s)
2026-04-03 12:53:28,830 -   [Inner 2.10] cost=829.00 no_imp=18/20 (còn 868s)
2026-04-03 12:53:29,121 -   [Outer 2] Chạy Pairwise MaxSAT...
