2026-04-04 15:21:26,666 - ======================================================================
2026-04-04 15:21:26,666 - FILE: B-n31-k5.vrp
2026-04-04 15:21:26,666 - ======================================================================
2026-04-04 15:21:26,668 - Dim=31 K=5 Cap=100
2026-04-04 15:21:26,668 - --- Step 1: Clarke-Wright Heuristic ---
2026-04-04 15:21:26,669 -   cost=748 time=0.00s
2026-04-04 15:21:26,669 - --- Step 2, 3, 4: Advanced Optimization Pipeline ---
2026-04-04 15:21:26,670 - =========================================
2026-04-04 15:21:26,670 - BẮT ĐẦU TUYẾN TRÌNH TỐI ƯU (PIPELINE)
2026-04-04 15:21:26,670 - =========================================
2026-04-04 15:21:26,670 - === GIAI ĐOẠN 2: LOCAL SEARCH ĐA TOÁN TỬ | Bắt đầu: 748.00 ===
2026-04-04 15:21:26,709 -   [LS Iter 1] Cải thiện cost: 748.00 -> 683.00
2026-04-04 15:21:26,738 -   [LS Iter 2] Cải thiện cost: 683.00 -> 677.00
2026-04-04 15:21:26,767 - === KẾT THÚC GIAI ĐOẠN 2 | Đạt cực trị tại: 677.00 ===
2026-04-04 15:21:26,767 - === BẮT ĐẦU CHẶNG 3: ALNS + GLS | Vòng lặp: 150 | Cost: 677.00 ===
2026-04-04 15:21:28,092 -   [GLS Iter 21] Cập nhật ma trận phạt để thay đổi hướng đi.
2026-04-04 15:21:31,922 -   [GLS Iter 81] Cập nhật ma trận phạt để thay đổi hướng đi.
2026-04-04 15:21:35,666 -   [GLS Iter 141] Cập nhật ma trận phạt để thay đổi hướng đi.
2026-04-04 15:21:36,225 - === KẾT THÚC CHẶNG 3 | Cost xuất sắc nhất đạt được: 677.00 ===
2026-04-04 15:21:36,225 - === BẮT ĐẦU CHẶNG 4: MAX-SAT CHÍNH XÁC | Cost: 677.00 ===
2026-04-04 15:21:36,225 -   [GĐ 4.1] Giải bài toán TSP trên từng tuyến đơn...
2026-04-04 15:21:36,369 -   [GĐ 4.2] Xét từng cặp tuyến để phân bổ lại khách hàng...
2026-04-04 15:21:36,370 -   --- Pairwise Iter 1 (còn 1190s) ---
2026-04-04 15:21:59,583 -     [P4.2] Pair (2,8) giảm 2 -> BEST = 675.00
2026-04-04 15:21:59,583 -   --- Pairwise Iter 2 (còn 1167s) ---
2026-04-04 15:22:59,587 -     [P-Timeout 60.0s]
2026-04-04 15:23:59,598 -     [P-Timeout 60.0s]
2026-04-04 15:24:59,610 -     [P-Timeout 60.0s]
2026-04-04 15:25:59,622 -     [P-Timeout 60.0s]
2026-04-04 15:26:59,634 -     [P-Timeout 60.0s]
2026-04-04 15:28:37,125 -     [P-Timeout 60.0s]
2026-04-04 15:29:47,342 -     [P-Timeout 60.0s]
2026-04-04 15:30:47,356 -     [P-Timeout 60.0s]
2026-04-04 15:30:47,365 -     -> Đã đạt cực trị toàn cục cho mọi cặp dưới ngưỡng. KẾT THÚC CHẶNG 4.
2026-04-04 15:30:47,366 - HOÀN THÀNH PIPELINE. Final cost=675.00 | Time=560.7s
2026-04-04 15:30:47,366 - ======================================================================
2026-04-04 15:30:47,366 - CW Khởi tạo = 748 → Sau Pipeline = 675
2026-04-04 15:30:47,366 - Cải thiện so CW: 73
2026-04-04 15:30:47,366 - Tổng thời gian: 560.7s
2026-04-04 15:30:47,366 - Verified cost: 675
2026-04-04 15:30:47,367 - ======================================================================
2026-04-04 15:30:47,367 - FILE: B-n34-k5.vrp
2026-04-04 15:30:47,368 - ======================================================================
2026-04-04 15:30:47,369 - Dim=34 K=5 Cap=100
2026-04-04 15:30:47,369 - --- Step 1: Clarke-Wright Heuristic ---
2026-04-04 15:30:47,372 -   cost=936 time=0.00s
2026-04-04 15:30:47,372 - --- Step 2, 3, 4: Advanced Optimization Pipeline ---
2026-04-04 15:30:47,372 - =========================================
2026-04-04 15:30:47,372 - BẮT ĐẦU TUYẾN TRÌNH TỐI ƯU (PIPELINE)
2026-04-04 15:30:47,372 - =========================================
2026-04-04 15:30:47,372 - === GIAI ĐOẠN 2: LOCAL SEARCH ĐA TOÁN TỬ | Bắt đầu: 936.00 ===
2026-04-04 15:30:47,416 -   [LS Iter 1] Cải thiện cost: 936.00 -> 821.00
2026-04-04 15:30:47,454 -   [LS Iter 2] Cải thiện cost: 821.00 -> 808.00
2026-04-04 15:30:47,487 -   [LS Iter 3] Cải thiện cost: 808.00 -> 799.00
2026-04-04 15:30:47,519 -   [LS Iter 4] Cải thiện cost: 799.00 -> 791.00
2026-04-04 15:30:47,553 - === KẾT THÚC GIAI ĐOẠN 2 | Đạt cực trị tại: 791.00 ===
2026-04-04 15:30:47,553 - === BẮT ĐẦU CHẶNG 3: ALNS + GLS | Vòng lặp: 150 | Cost: 791.00 ===
2026-04-04 15:30:48,450 -   [GLS Iter 21] Cập nhật ma trận phạt để thay đổi hướng đi.
2026-04-04 15:30:49,986 -   [ALNS Iter 48] Worst Destroy phá vỡ giới hạn -> BEST MỚI: 789.00
2026-04-04 15:30:50,992 -   [ALNS Iter 64] Worst Destroy phá vỡ giới hạn -> BEST MỚI: 788.00
2026-04-04 15:30:50,992 -   [ALNS] 🎉 Đã chạm mốc BKS (788.0). Ngắt vòng lặp ALNS sớm!
2026-04-04 15:30:50,992 - === KẾT THÚC CHẶNG 3 | Cost xuất sắc nhất đạt được: 788.00 ===
2026-04-04 15:30:50,993 - 🎉 ĐÃ ĐẠT NGHIỆM TỐI ƯU TOÀN CỤC (BKS = 788.0). DỪNG SỚM!
2026-04-04 15:30:50,993 - ======================================================================
2026-04-04 15:30:50,993 - CW Khởi tạo = 936 → Sau Pipeline = 788
2026-04-04 15:30:50,993 - Cải thiện so CW: 148
2026-04-04 15:30:50,993 - Tổng thời gian: 3.6s
2026-04-04 15:30:50,993 - Verified cost: 788
2026-04-04 15:30:50,994 - ======================================================================
2026-04-04 15:30:50,994 - FILE: B-n35-k5.vrp
2026-04-04 15:30:50,994 - ======================================================================
2026-04-04 15:30:50,996 - Dim=35 K=5 Cap=100
2026-04-04 15:30:50,996 - --- Step 1: Clarke-Wright Heuristic ---
2026-04-04 15:30:50,998 -   cost=1016 time=0.00s
2026-04-04 15:30:50,998 - --- Step 2, 3, 4: Advanced Optimization Pipeline ---
2026-04-04 15:30:50,998 - =========================================
2026-04-04 15:30:50,998 - BẮT ĐẦU TUYẾN TRÌNH TỐI ƯU (PIPELINE)
2026-04-04 15:30:50,998 - =========================================
2026-04-04 15:30:50,998 - === GIAI ĐOẠN 2: LOCAL SEARCH ĐA TOÁN TỬ | Bắt đầu: 1016.00 ===
2026-04-04 15:30:51,038 -   [LS Iter 1] Cải thiện cost: 1016.00 -> 965.00
2026-04-04 15:30:51,075 -   [LS Iter 2] Cải thiện cost: 965.00 -> 959.00
2026-04-04 15:30:51,114 -   [LS Iter 3] Cải thiện cost: 959.00 -> 958.00
2026-04-04 15:30:51,149 -   [LS Iter 4] Cải thiện cost: 958.00 -> 956.00
2026-04-04 15:30:51,183 -   [LS Iter 5] Cải thiện cost: 956.00 -> 955.00
2026-04-04 15:30:51,219 - === KẾT THÚC GIAI ĐOẠN 2 | Đạt cực trị tại: 955.00 ===
2026-04-04 15:30:51,219 - === BẮT ĐẦU CHẶNG 3: ALNS + GLS | Vòng lặp: 150 | Cost: 955.00 ===
2026-04-04 15:30:51,219 -   [ALNS] 🎉 Đã chạm mốc BKS (955.0). Ngắt vòng lặp ALNS sớm!
2026-04-04 15:30:51,220 - === KẾT THÚC CHẶNG 3 | Cost xuất sắc nhất đạt được: 955.00 ===
2026-04-04 15:30:51,220 - 🎉 ĐÃ ĐẠT NGHIỆM TỐI ƯU TOÀN CỤC (BKS = 955.0). DỪNG SỚM!
2026-04-04 15:30:51,220 - ======================================================================
2026-04-04 15:30:51,220 - CW Khởi tạo = 1016 → Sau Pipeline = 955
2026-04-04 15:30:51,220 - Cải thiện so CW: 61
2026-04-04 15:30:51,220 - Tổng thời gian: 0.2s
2026-04-04 15:30:51,220 - Verified cost: 955
2026-04-04 15:30:51,221 - ======================================================================
2026-04-04 15:30:51,221 - FILE: B-n38-k6.vrp
2026-04-04 15:30:51,221 - ======================================================================
2026-04-04 15:30:51,223 - Dim=38 K=6 Cap=100
2026-04-04 15:30:51,223 - --- Step 1: Clarke-Wright Heuristic ---
2026-04-04 15:30:51,224 -   cost=961 time=0.00s
2026-04-04 15:30:51,224 - --- Step 2, 3, 4: Advanced Optimization Pipeline ---
2026-04-04 15:30:51,224 - =========================================
2026-04-04 15:30:51,224 - BẮT ĐẦU TUYẾN TRÌNH TỐI ƯU (PIPELINE)
2026-04-04 15:30:51,224 - =========================================
2026-04-04 15:30:51,225 - === GIAI ĐOẠN 2: LOCAL SEARCH ĐA TOÁN TỬ | Bắt đầu: 961.00 ===
2026-04-04 15:30:51,282 -   [LS Iter 1] Cải thiện cost: 961.00 -> 824.00
2026-04-04 15:30:51,332 -   [LS Iter 2] Cải thiện cost: 824.00 -> 815.00
2026-04-04 15:30:51,385 - === KẾT THÚC GIAI ĐOẠN 2 | Đạt cực trị tại: 815.00 ===
2026-04-04 15:30:51,385 - === BẮT ĐẦU CHẶNG 3: ALNS + GLS | Vòng lặp: 150 | Cost: 815.00 ===
2026-04-04 15:30:53,253 -   [GLS Iter 21] Cập nhật ma trận phạt để thay đổi hướng đi.
2026-04-04 15:31:00,558 -   [GLS Iter 81] Cập nhật ma trận phạt để thay đổi hướng đi.
2026-04-04 15:31:02,301 -   [ALNS Iter 95] Worst Destroy phá vỡ giới hạn -> BEST MỚI: 807.00
2026-04-04 15:31:02,841 -   [GLS Iter 101] Cập nhật ma trận phạt để thay đổi hướng đi.
2026-04-04 15:31:04,134 -   [ALNS Iter 115] Worst Destroy phá vỡ giới hạn -> BEST MỚI: 806.00
2026-04-04 15:31:04,737 -   [GLS Iter 121] Cập nhật ma trận phạt để thay đổi hướng đi.
2026-04-04 15:31:07,461 - === KẾT THÚC CHẶNG 3 | Cost xuất sắc nhất đạt được: 806.00 ===
2026-04-04 15:31:07,461 - === BẮT ĐẦU CHẶNG 4: MAX-SAT CHÍNH XÁC | Cost: 806.00 ===
2026-04-04 15:31:07,461 -   [GĐ 4.1] Giải bài toán TSP trên từng tuyến đơn...
2026-04-04 15:31:07,776 -   [GĐ 4.2] Xét từng cặp tuyến để phân bổ lại khách hàng...
2026-04-04 15:31:07,776 -   --- Pairwise Iter 1 (còn 1183s) ---
2026-04-04 15:32:07,783 -     [P-Timeout 60.0s]
2026-04-04 15:33:07,800 -     [P-Timeout 60.0s]
