2026-04-03 12:44:17,002 - ======================================================================
2026-04-03 12:44:17,002 - KHỞI CHẠY ADVANCED CVRP SOLVER CHO FILE: B-n31-k5.vrp
2026-04-03 12:44:17,002 - ======================================================================
2026-04-03 12:44:17,004 - Thông tin dữ liệu: Dimension=31, K=5, Capacity=100
2026-04-03 12:44:17,004 - --- Step 1: Clarke-Wright Heuristic ---
2026-04-03 12:44:17,005 -   Kết quả CW: Cost = 748, Time = 0.001s
2026-04-03 12:44:17,005 - --- Step 2: Two-Opt Local Search ---
2026-04-03 12:44:17,006 -   Kết quả Two-Opt: Cost = 730, Time = 0.001s
2026-04-03 12:44:17,006 - --- Step 3: Advanced Optimization (100% CPLEX) ---
2026-04-03 12:44:17,006 - =========================================
2026-04-03 12:44:17,006 - BẮT ĐẦU VÒNG LẶP OPTIMIZE (100% CPLEX)
2026-04-03 12:44:17,007 -  -> Max Single Size  : 11
2026-04-03 12:44:17,007 -  -> Single Timeout   : 60.0s
2026-04-03 12:44:17,007 -  -> Max Pairwise Size: 10
2026-04-03 12:44:17,007 -  -> Pairwise Timeout : 500.0s
2026-04-03 12:44:17,007 -  -> Closest Pairs    : 12
2026-04-03 12:44:17,007 -  -> Patience (No Imp): 20
2026-04-03 12:44:17,007 -  -> Max Iterations   : 150
2026-04-03 12:44:17,007 - Chi phí khởi điểm (kể cả phạt): 730.00
2026-04-03 12:44:17,007 - =========================================
2026-04-03 12:44:17,007 - --- Đang chạy Iteration 1/150 ---
2026-04-03 12:44:17,027 -   [P1] Relocate giảm chi phí xuống còn: 722.00
2026-04-03 12:44:17,033 - ======================================================================
2026-04-03 12:44:17,035 -   [P2] Exchange giảm chi phí xuống còn: 719.00
2026-04-03 12:44:17,035 - FILE: B-n31-k5.vrp
2026-04-03 12:44:17,035 - ======================================================================
2026-04-03 12:44:17,037 - Dim=31 K=5 Cap=100
2026-04-03 12:44:17,037 - --- Clarke-Wright ---
2026-04-03 12:44:17,042 -   cost=748 time=0.00s
2026-04-03 12:44:17,042 - --- Two-Opt ---
2026-04-03 12:44:17,043 -   cost=730 time=0.00s
2026-04-03 12:44:17,043 - --- MaxSAT (2-tầng) ---
2026-04-03 12:44:17,043 - =========================================
2026-04-03 12:44:17,043 - BẮT ĐẦU OPTIMIZE (MaxSAT-RC2, 2-tầng)
2026-04-03 12:44:17,043 -   max_single=11  s_to=60.0s
2026-04-03 12:44:17,043 -   max_pair=10  p_to=500.0s
2026-04-03 12:44:17,043 -   n_pairs=12
2026-04-03 12:44:17,043 -   inner_patience=20  outer_patience=3
2026-04-03 12:44:17,043 -   global_timeout=1200.0s
2026-04-03 12:44:17,043 -   start_cost=730.00
2026-04-03 12:44:17,043 - =========================================
2026-04-03 12:44:17,043 - === OUTER 1 | cost=730.00 outer_no_imp=0/3 (còn 1200s) ===
2026-04-03 12:44:17,043 -   [Inner 1.1] cost=730.00 no_imp=0/20 (còn 1200s)
2026-04-03 12:44:17,053 -     [P1] Relocate → 722.00
2026-04-03 12:44:17,057 - ======================================================================
2026-04-03 12:44:17,057 - KHỞI CHẠY ADVANCED CVRP SOLVER CHO FILE: B-n31-k5.vrp
2026-04-03 12:44:17,057 - ======================================================================
2026-04-03 12:44:17,059 - Thông tin dữ liệu: Dimension=31, K=5, Capacity=100
2026-04-03 12:44:17,059 - --- Step 1: Clarke-Wright Heuristic ---
2026-04-03 12:44:17,059 -     [P2] Exchange → 719.00
2026-04-03 12:44:17,063 -   Kết quả CW: Cost = 748, Time = 0.004s
2026-04-03 12:44:17,063 - --- Step 2: Two-Opt Local Search ---
2026-04-03 12:44:17,063 -   Kết quả Two-Opt: Cost = 730, Time = 0.001s
2026-04-03 12:44:17,063 - --- Step 3: Advanced Optimization (100% Gurobi) ---
2026-04-03 12:44:17,064 - =========================================
2026-04-03 12:44:17,064 - BẮT ĐẦU VÒNG LẶP OPTIMIZE (100% GUROBI)
2026-04-03 12:44:17,064 -  -> Max Single Size  : 11
2026-04-03 12:44:17,064 -  -> Single Timeout   : 60.0s
2026-04-03 12:44:17,064 -  -> Max Pairwise Size: 10
2026-04-03 12:44:17,064 -  -> Pairwise Timeout : 500.0s
2026-04-03 12:44:17,064 -  -> Closest Pairs    : 12
2026-04-03 12:44:17,064 -  -> Patience (No Imp): 20
2026-04-03 12:44:17,064 -  -> Max Iterations   : 150
2026-04-03 12:44:17,064 - Chi phí khởi điểm (kể cả phạt): 730.00
2026-04-03 12:44:17,064 - =========================================
2026-04-03 12:44:17,064 - --- Đang chạy Iteration 1/150 ---
2026-04-03 12:44:17,106 -   [P1] Relocate giảm chi phí xuống còn: 722.00
2026-04-03 12:44:17,131 -   [P2] Exchange giảm chi phí xuống còn: 719.00
2026-04-03 12:44:17,335 -     [P3] Single +2
2026-04-03 12:44:17,335 -     → INNER BEST = 717.00
2026-04-03 12:44:17,335 -   [Inner 1.2] cost=717.00 no_imp=0/20 (còn 1200s)
2026-04-03 12:44:17,349 -     [P1] Relocate → 705.00
2026-04-03 12:44:17,605 -   [P3] CPLEX Single Route cải thiện được: 2
2026-04-03 12:44:17,631 -   [P3] Gurobi Single Route cải thiện được: 2
2026-04-03 12:44:17,709 -     → INNER BEST = 705.00
2026-04-03 12:44:17,710 -   [Inner 1.3] cost=705.00 no_imp=0/20 (còn 1199s)
2026-04-03 12:44:17,714 -     [P1] Relocate → 703.00
2026-04-03 12:44:18,017 -     → INNER BEST = 703.00
2026-04-03 12:44:18,017 -   [Inner 1.4] cost=703.00 no_imp=0/20 (còn 1199s)
2026-04-03 12:44:18,026 -     [P1] Relocate → 701.00
2026-04-03 12:44:18,373 -     → INNER BEST = 701.00
2026-04-03 12:44:18,373 -   [Inner 1.5] cost=701.00 no_imp=0/20 (còn 1199s)
2026-04-03 12:44:18,805 -   [Inner 1.6] cost=701.00 no_imp=2/20 (còn 1198s)
2026-04-03 12:44:19,236 -   [Inner 1.7] cost=701.00 no_imp=4/20 (còn 1198s)
2026-04-03 12:44:19,538 -   [Inner 1.8] cost=701.00 no_imp=6/20 (còn 1198s)
2026-04-03 12:44:19,846 -   [Inner 1.9] cost=701.00 no_imp=8/20 (còn 1197s)
2026-04-03 12:44:20,155 -   [Inner 1.10] cost=701.00 no_imp=10/20 (còn 1197s)
2026-04-03 12:44:20,462 -   [Inner 1.11] cost=701.00 no_imp=12/20 (còn 1197s)
2026-04-03 12:44:20,784 -   [Inner 1.12] cost=701.00 no_imp=14/20 (còn 1196s)
2026-04-03 12:44:21,063 -   [Inner 1.13] cost=701.00 no_imp=16/20 (còn 1196s)
2026-04-03 12:44:21,350 -   [Inner 1.14] cost=701.00 no_imp=18/20 (còn 1196s)
2026-04-03 12:44:21,653 -   [Outer] Inner cải thiện → best=701.00
2026-04-03 12:44:21,653 -   [Outer 1] Chạy Pairwise MaxSAT...
2026-04-03 12:44:27,984 -   [P4] Gurobi Pairwise (3,4) giảm: 2
2026-04-03 12:44:27,984 - => ITER 1: BEST COST MỚI = 715.00
2026-04-03 12:44:27,984 - --- Đang chạy Iteration 2/150 ---
2026-04-03 12:44:28,021 -   [P1] Relocate giảm chi phí xuống còn: 703.00
2026-04-03 12:44:36,948 - => ITER 2: BEST COST MỚI = 703.00
2026-04-03 12:44:36,948 - --- Đang chạy Iteration 3/150 ---
2026-04-03 12:44:36,991 -   [P1] Relocate giảm chi phí xuống còn: 701.00
2026-04-03 12:44:44,864 -   [P4] CPLEX Pairwise (3,4) giảm: 2
2026-04-03 12:44:44,864 - => ITER 1: BEST COST MỚI = 715.00
2026-04-03 12:44:44,864 - --- Đang chạy Iteration 2/150 ---
2026-04-03 12:44:44,910 -   [P1] Relocate giảm chi phí xuống còn: 703.00
2026-04-03 12:44:47,194 - => ITER 3: BEST COST MỚI = 701.00
2026-04-03 12:44:47,195 - --- Đang chạy Iteration 4/150 ---
2026-04-03 12:44:47,253 -   [P1] Relocate giảm chi phí xuống còn: 700.00
2026-04-03 12:44:50,825 -   [P4] Gurobi Pairwise (1,4) giảm: 21
2026-04-03 12:44:50,825 - => ITER 4: BEST COST MỚI = 679.00
2026-04-03 12:44:50,825 - --- Đang chạy Iteration 5/150 ---
2026-04-03 12:44:53,075 - => ITER 5: Không cải thiện (no_improve=1/20)
2026-04-03 12:44:53,075 - --- Đang chạy Iteration 6/150 ---
2026-04-03 12:44:55,123 - => ITER 6: Không cải thiện (no_improve=3/20)
2026-04-03 12:44:55,123 - --- Đang chạy Iteration 7/150 ---
2026-04-03 12:44:57,085 - => ITER 7: Không cải thiện (no_improve=5/20)
2026-04-03 12:44:57,086 - --- Đang chạy Iteration 8/150 ---
2026-04-03 12:44:58,903 - => ITER 8: Không cải thiện (no_improve=7/20)
2026-04-03 12:44:58,903 - --- Đang chạy Iteration 9/150 ---
2026-04-03 12:45:00,989 - => ITER 9: Không cải thiện (no_improve=9/20)
2026-04-03 12:45:00,990 - --- Đang chạy Iteration 10/150 ---
2026-04-03 12:45:01,753 -     [P4] Pair (3,4) −1
2026-04-03 12:45:01,753 -     [P4] → OUTER BEST = 700.00
2026-04-03 12:45:03,081 - => ITER 10: Không cải thiện (no_improve=11/20)
2026-04-03 12:45:03,082 - --- Đang chạy Iteration 11/150 ---
2026-04-03 12:45:04,878 -     [P4] Pair (1,4) −22
2026-04-03 12:45:04,878 -     [P4] → OUTER BEST = 678.00
2026-04-03 12:45:04,878 - === OUTER 2 | cost=678.00 outer_no_imp=0/3 (còn 1152s) ===
2026-04-03 12:45:04,878 -   [Inner 2.1] cost=678.00 no_imp=0/20 (còn 1152s)
2026-04-03 12:45:05,031 - => ITER 11: Không cải thiện (no_improve=13/20)
2026-04-03 12:45:05,031 - --- Đang chạy Iteration 12/150 ---
2026-04-03 12:45:05,250 -   [Inner 2.2] cost=678.00 no_imp=2/20 (còn 1152s)
2026-04-03 12:45:05,571 -   [Inner 2.3] cost=678.00 no_imp=4/20 (còn 1151s)
2026-04-03 12:45:05,879 -   [Inner 2.4] cost=678.00 no_imp=6/20 (còn 1151s)
2026-04-03 12:45:06,187 -   [Inner 2.5] cost=678.00 no_imp=8/20 (còn 1151s)
2026-04-03 12:45:06,527 -   [Inner 2.6] cost=678.00 no_imp=10/20 (còn 1151s)
2026-04-03 12:45:06,858 -   [Inner 2.7] cost=678.00 no_imp=12/20 (còn 1150s)
2026-04-03 12:45:06,956 - => ITER 12: Không cải thiện (no_improve=15/20)
2026-04-03 12:45:06,957 - --- Đang chạy Iteration 13/150 ---
2026-04-03 12:45:07,152 -   [Inner 2.8] cost=678.00 no_imp=14/20 (còn 1150s)
2026-04-03 12:45:07,450 -   [Inner 2.9] cost=678.00 no_imp=16/20 (còn 1150s)
2026-04-03 12:45:07,790 -   [Inner 2.10] cost=678.00 no_imp=18/20 (còn 1149s)
2026-04-03 12:45:08,085 -   [Outer 2] Chạy Pairwise MaxSAT...
2026-04-03 12:45:09,154 - => ITER 13: Không cải thiện (no_improve=17/20)
2026-04-03 12:45:09,154 - --- Đang chạy Iteration 14/150 ---
2026-04-03 12:45:09,766 - => ITER 2: BEST COST MỚI = 703.00
2026-04-03 12:45:09,766 - --- Đang chạy Iteration 3/150 ---
2026-04-03 12:45:09,808 -   [P1] Relocate giảm chi phí xuống còn: 701.00
2026-04-03 12:45:12,136 - => ITER 14: Không cải thiện (no_improve=19/20)
2026-04-03 12:45:12,137 - Hoàn thành tối ưu. Final Pure Cost: 679
2026-04-03 12:45:12,138 - ======================================================================
2026-04-03 12:45:12,138 - BÁO CÁO TỔNG KẾT (SUMMARY)
2026-04-03 12:45:12,138 - ======================================================================
2026-04-03 12:45:12,138 -   1. Chi phí Clarke-Wright:     748
2026-04-03 12:45:12,138 -   2. Chi phí sau Two-Opt:       730
2026-04-03 12:45:12,138 -   3. Chi phí sau Gurobi:        679
2026-04-03 12:45:12,138 -   => TỔNG CẢI THIỆN:            69
2026-04-03 12:45:12,138 -   => Số lần Gurobi Single cải thiện  : 1 lần
2026-04-03 12:45:12,138 -   => Số lần Gurobi Pairwise cải thiện: 2 lần
2026-04-03 12:45:12,138 -   => TỔNG THỜI GIAN CHẠY:       55.078s
2026-04-03 12:45:12,139 - ======================================================================
2026-04-03 12:45:12,139 - KHỞI CHẠY ADVANCED CVRP SOLVER CHO FILE: B-n34-k5.vrp
2026-04-03 12:45:12,139 - ======================================================================
2026-04-03 12:45:12,144 - Thông tin dữ liệu: Dimension=34, K=5, Capacity=100
2026-04-03 12:45:12,144 - --- Step 1: Clarke-Wright Heuristic ---
2026-04-03 12:45:12,148 -   Kết quả CW: Cost = 936, Time = 0.004s
2026-04-03 12:45:12,148 - --- Step 2: Two-Opt Local Search ---
2026-04-03 12:45:12,150 -   Kết quả Two-Opt: Cost = 875, Time = 0.002s
2026-04-03 12:45:12,150 - --- Step 3: Advanced Optimization (100% Gurobi) ---
2026-04-03 12:45:12,150 - =========================================
2026-04-03 12:45:12,151 - BẮT ĐẦU VÒNG LẶP OPTIMIZE (100% GUROBI)
2026-04-03 12:45:12,151 -  -> Max Single Size  : 11
2026-04-03 12:45:12,151 -  -> Single Timeout   : 60.0s
2026-04-03 12:45:12,151 -  -> Max Pairwise Size: 10
2026-04-03 12:45:12,151 -  -> Pairwise Timeout : 500.0s
2026-04-03 12:45:12,151 -  -> Closest Pairs    : 12
2026-04-03 12:45:12,151 -  -> Patience (No Imp): 20
2026-04-03 12:45:12,151 -  -> Max Iterations   : 150
2026-04-03 12:45:12,151 - Chi phí khởi điểm (kể cả phạt): 875.00
2026-04-03 12:45:12,151 - =========================================
2026-04-03 12:45:12,151 - --- Đang chạy Iteration 1/150 ---
2026-04-03 12:45:12,205 -   [P1] Relocate giảm chi phí xuống còn: 854.00
2026-04-03 12:45:12,232 -   [P2] Exchange giảm chi phí xuống còn: 841.00
2026-04-03 12:45:13,302 -   [P3] Gurobi Single Route cải thiện được: 2
2026-04-03 12:45:15,857 - => ITER 1: BEST COST MỚI = 839.00
2026-04-03 12:45:15,858 - --- Đang chạy Iteration 2/150 ---
2026-04-03 12:45:15,916 -   [P1] Relocate giảm chi phí xuống còn: 833.00
2026-04-03 12:45:16,838 -   [P3] Gurobi Single Route cải thiện được: 1
2026-04-03 12:45:30,787 - => ITER 2: BEST COST MỚI = 832.00
2026-04-03 12:45:30,788 - --- Đang chạy Iteration 3/150 ---
2026-04-03 12:45:30,832 -   [P1] Relocate giảm chi phí xuống còn: 831.00
2026-04-03 12:45:31,574 -   [P3] Gurobi Single Route cải thiện được: 1
2026-04-03 12:45:34,910 - => ITER 3: BEST COST MỚI = 701.00
2026-04-03 12:45:34,910 - --- Đang chạy Iteration 4/150 ---
2026-04-03 12:45:34,950 -   [P1] Relocate giảm chi phí xuống còn: 700.00
2026-04-03 12:45:41,243 - => ITER 3: BEST COST MỚI = 830.00
2026-04-03 12:45:41,243 - --- Đang chạy Iteration 4/150 ---
2026-04-03 12:45:41,288 -   [P1] Relocate giảm chi phí xuống còn: 829.00
2026-04-03 12:45:46,570 -   [P4] CPLEX Pairwise (1,4) giảm: 21
2026-04-03 12:45:46,570 - => ITER 4: BEST COST MỚI = 679.00
2026-04-03 12:45:46,570 - --- Đang chạy Iteration 5/150 ---
2026-04-03 12:45:48,233 - => ITER 5: Không cải thiện (no_improve=1/20)
2026-04-03 12:45:48,235 - --- Đang chạy Iteration 6/150 ---
2026-04-03 12:45:49,649 - => ITER 4: BEST COST MỚI = 829.00
2026-04-03 12:45:49,649 - --- Đang chạy Iteration 5/150 ---
2026-04-03 12:45:50,296 - => ITER 6: Không cải thiện (no_improve=3/20)
2026-04-03 12:45:50,298 - --- Đang chạy Iteration 7/150 ---
2026-04-03 12:45:52,002 - => ITER 7: Không cải thiện (no_improve=5/20)
2026-04-03 12:45:52,002 - --- Đang chạy Iteration 8/150 ---
2026-04-03 12:45:54,143 - => ITER 8: Không cải thiện (no_improve=7/20)
2026-04-03 12:45:54,144 - --- Đang chạy Iteration 9/150 ---
2026-04-03 12:45:55,980 - => ITER 9: Không cải thiện (no_improve=9/20)
2026-04-03 12:45:55,982 - --- Đang chạy Iteration 10/150 ---
2026-04-03 12:45:55,989 - => ITER 5: Không cải thiện (no_improve=1/20)
2026-04-03 12:45:55,989 - --- Đang chạy Iteration 6/150 ---
2026-04-03 12:45:56,006 -   [Outer] Không cải thiện (1/3)
2026-04-03 12:45:56,007 - === OUTER 3 | cost=678.00 outer_no_imp=1/3 (còn 1101s) ===
2026-04-03 12:45:56,007 -   [Inner 3.1] cost=678.00 no_imp=0/20 (còn 1101s)
2026-04-03 12:45:56,294 -   [Inner 3.2] cost=678.00 no_imp=2/20 (còn 1101s)
2026-04-03 12:45:56,593 -   [Inner 3.3] cost=678.00 no_imp=4/20 (còn 1100s)
2026-04-03 12:45:57,065 -   [Inner 3.4] cost=678.00 no_imp=6/20 (còn 1100s)
2026-04-03 12:45:57,352 -   [Inner 3.5] cost=678.00 no_imp=8/20 (còn 1100s)
