2026-04-04 14:31:53,225 - ======================================================================
2026-04-04 14:31:53,225 - FILE: B-n31-k5.vrp
2026-04-04 14:31:53,225 - ======================================================================
2026-04-04 14:31:53,227 - Dim=31 K=5 Cap=100
2026-04-04 14:31:53,227 - --- Step 1: Clarke-Wright Heuristic ---
2026-04-04 14:31:53,228 -   cost=748 time=0.00s
2026-04-04 14:31:53,228 - --- Step 2, 3, 4: Advanced Optimization Pipeline ---
2026-04-04 14:31:53,228 - =========================================
2026-04-04 14:31:53,228 - BẮT ĐẦU TUYẾN TRÌNH TỐI ƯU (PIPELINE)
2026-04-04 14:31:53,229 - =========================================
2026-04-04 14:31:53,229 - === GIAI ĐOẠN 2: LOCAL SEARCH ĐA TOÁN TỬ | Bắt đầu: 748.00 ===
2026-04-04 14:31:53,268 -   [LS Iter 1] Cải thiện cost: 748.00 -> 683.00
2026-04-04 14:31:53,297 -   [LS Iter 2] Cải thiện cost: 683.00 -> 677.00
2026-04-04 14:31:53,322 - === KẾT THÚC GIAI ĐOẠN 2 | Đạt cực trị tại: 677.00 ===
2026-04-04 14:31:53,323 - === BẮT ĐẦU CHẶNG 3: ALNS + GLS | Vòng lặp: 150 | Cost: 677.00 ===
2026-04-04 14:31:53,755 -   [ALNS Iter 11] Related Destroy phá vỡ giới hạn -> BEST MỚI: 675.00
2026-04-04 14:31:53,889 -   [ALNS Iter 13] Related Destroy phá vỡ giới hạn -> BEST MỚI: 673.00
2026-04-04 14:31:54,016 -   [ALNS Iter 16] Related Destroy phá vỡ giới hạn -> BEST MỚI: 672.00
2026-04-04 14:31:54,016 -   [ALNS] 🎉 Đã chạm mốc BKS (672.0). Ngắt vòng lặp ALNS sớm!
2026-04-04 14:31:54,016 - === KẾT THÚC CHẶNG 3 | Cost xuất sắc nhất đạt được: 672.00 ===
2026-04-04 14:31:54,016 - 🎉 ĐÃ ĐẠT NGHIỆM TỐI ƯU TOÀN CỤC (BKS = 672.0). DỪNG SỚM!
2026-04-04 14:31:54,016 - ======================================================================
2026-04-04 14:31:54,016 - CW Khởi tạo = 748 → Sau Pipeline = 672
2026-04-04 14:31:54,016 - Cải thiện so CW: 76
2026-04-04 14:31:54,017 - Tổng thời gian: 0.8s
2026-04-04 14:31:54,017 - Verified cost: 672
2026-04-04 14:31:54,017 - ======================================================================
2026-04-04 14:31:54,018 - FILE: B-n34-k5.vrp
2026-04-04 14:31:54,018 - ======================================================================
2026-04-04 14:31:54,019 - Dim=34 K=5 Cap=100
2026-04-04 14:31:54,020 - --- Step 1: Clarke-Wright Heuristic ---
2026-04-04 14:31:54,020 -   cost=936 time=0.00s
2026-04-04 14:31:54,020 - --- Step 2, 3, 4: Advanced Optimization Pipeline ---
2026-04-04 14:31:54,021 - =========================================
2026-04-04 14:31:54,021 - BẮT ĐẦU TUYẾN TRÌNH TỐI ƯU (PIPELINE)
2026-04-04 14:31:54,021 - =========================================
2026-04-04 14:31:54,021 - === GIAI ĐOẠN 2: LOCAL SEARCH ĐA TOÁN TỬ | Bắt đầu: 936.00 ===
2026-04-04 14:31:54,064 -   [LS Iter 1] Cải thiện cost: 936.00 -> 821.00
2026-04-04 14:31:54,097 -   [LS Iter 2] Cải thiện cost: 821.00 -> 808.00
2026-04-04 14:31:54,126 -   [LS Iter 3] Cải thiện cost: 808.00 -> 799.00
2026-04-04 14:31:54,158 -   [LS Iter 4] Cải thiện cost: 799.00 -> 791.00
2026-04-04 14:31:54,189 - === KẾT THÚC GIAI ĐOẠN 2 | Đạt cực trị tại: 791.00 ===
2026-04-04 14:31:54,189 - === BẮT ĐẦU CHẶNG 3: ALNS + GLS | Vòng lặp: 150 | Cost: 791.00 ===
2026-04-04 14:31:55,172 -   [GLS Iter 21] Cập nhật ma trận phạt để thay đổi hướng đi.
2026-04-04 14:31:55,542 -   [ALNS Iter 28] Random Destroy phá vỡ giới hạn -> BEST MỚI: 790.00
2026-04-04 14:31:57,627 -   [GLS Iter 61] Cập nhật ma trận phạt để thay đổi hướng đi.
2026-04-04 14:31:58,322 -   [ALNS Iter 70] Random Destroy phá vỡ giới hạn -> BEST MỚI: 789.00
2026-04-04 14:31:59,750 -   [ALNS Iter 91] Random Destroy phá vỡ giới hạn -> BEST MỚI: 779.00
2026-04-04 14:31:59,750 -   [ALNS] 🎉 Đã chạm mốc BKS (788.0). Ngắt vòng lặp ALNS sớm!
2026-04-04 14:31:59,750 - === KẾT THÚC CHẶNG 3 | Cost xuất sắc nhất đạt được: 779.00 ===
2026-04-04 14:31:59,750 - 🎉 ĐÃ ĐẠT NGHIỆM TỐI ƯU TOÀN CỤC (BKS = 788.0). DỪNG SỚM!
2026-04-04 14:31:59,750 - ======================================================================
2026-04-04 14:31:59,751 - CW Khởi tạo = 936 → Sau Pipeline = 779
2026-04-04 14:31:59,751 - Cải thiện so CW: 157
2026-04-04 14:31:59,751 - Tổng thời gian: 5.7s
2026-04-04 14:31:59,751 - Verified cost: 779
2026-04-04 14:31:59,752 - ======================================================================
2026-04-04 14:31:59,752 - FILE: B-n35-k5.vrp
2026-04-04 14:31:59,752 - ======================================================================
2026-04-04 14:31:59,754 - Dim=35 K=5 Cap=100
2026-04-04 14:31:59,754 - --- Step 1: Clarke-Wright Heuristic ---
2026-04-04 14:31:59,755 -   cost=1016 time=0.00s
2026-04-04 14:31:59,755 - --- Step 2, 3, 4: Advanced Optimization Pipeline ---
2026-04-04 14:31:59,755 - =========================================
2026-04-04 14:31:59,755 - BẮT ĐẦU TUYẾN TRÌNH TỐI ƯU (PIPELINE)
2026-04-04 14:31:59,755 - =========================================
2026-04-04 14:31:59,755 - === GIAI ĐOẠN 2: LOCAL SEARCH ĐA TOÁN TỬ | Bắt đầu: 1016.00 ===
2026-04-04 14:31:59,796 -   [LS Iter 1] Cải thiện cost: 1016.00 -> 965.00
2026-04-04 14:31:59,833 -   [LS Iter 2] Cải thiện cost: 965.00 -> 959.00
2026-04-04 14:31:59,871 -   [LS Iter 3] Cải thiện cost: 959.00 -> 958.00
2026-04-04 14:31:59,905 -   [LS Iter 4] Cải thiện cost: 958.00 -> 956.00
2026-04-04 14:31:59,938 -   [LS Iter 5] Cải thiện cost: 956.00 -> 955.00
2026-04-04 14:31:59,971 - === KẾT THÚC GIAI ĐOẠN 2 | Đạt cực trị tại: 955.00 ===
2026-04-04 14:31:59,971 - === BẮT ĐẦU CHẶNG 3: ALNS + GLS | Vòng lặp: 150 | Cost: 955.00 ===
2026-04-04 14:31:59,971 -   [ALNS] 🎉 Đã chạm mốc BKS (955.0). Ngắt vòng lặp ALNS sớm!
2026-04-04 14:31:59,972 - === KẾT THÚC CHẶNG 3 | Cost xuất sắc nhất đạt được: 955.00 ===
2026-04-04 14:31:59,972 - 🎉 ĐÃ ĐẠT NGHIỆM TỐI ƯU TOÀN CỤC (BKS = 955.0). DỪNG SỚM!
2026-04-04 14:31:59,972 - ======================================================================
2026-04-04 14:31:59,972 - CW Khởi tạo = 1016 → Sau Pipeline = 955
2026-04-04 14:31:59,972 - Cải thiện so CW: 61
2026-04-04 14:31:59,972 - Tổng thời gian: 0.2s
2026-04-04 14:31:59,972 - Verified cost: 955
2026-04-04 14:31:59,973 - ======================================================================
2026-04-04 14:31:59,973 - FILE: B-n38-k6.vrp
2026-04-04 14:31:59,973 - ======================================================================
2026-04-04 14:31:59,975 - Dim=38 K=6 Cap=100
2026-04-04 14:31:59,975 - --- Step 1: Clarke-Wright Heuristic ---
2026-04-04 14:31:59,976 -   cost=961 time=0.00s
2026-04-04 14:31:59,977 - --- Step 2, 3, 4: Advanced Optimization Pipeline ---
2026-04-04 14:31:59,977 - =========================================
2026-04-04 14:31:59,977 - BẮT ĐẦU TUYẾN TRÌNH TỐI ƯU (PIPELINE)
2026-04-04 14:31:59,977 - =========================================
2026-04-04 14:31:59,977 - === GIAI ĐOẠN 2: LOCAL SEARCH ĐA TOÁN TỬ | Bắt đầu: 961.00 ===
2026-04-04 14:32:00,035 -   [LS Iter 1] Cải thiện cost: 961.00 -> 824.00
2026-04-04 14:32:00,084 -   [LS Iter 2] Cải thiện cost: 824.00 -> 815.00
2026-04-04 14:32:00,134 - === KẾT THÚC GIAI ĐOẠN 2 | Đạt cực trị tại: 815.00 ===
2026-04-04 14:32:00,134 - === BẮT ĐẦU CHẶNG 3: ALNS + GLS | Vòng lặp: 150 | Cost: 815.00 ===
2026-04-04 14:32:01,514 -   [GLS Iter 21] Cập nhật ma trận phạt để thay đổi hướng đi.
2026-04-04 14:32:04,357 -   [ALNS Iter 51] Random Destroy phá vỡ giới hạn -> BEST MỚI: 808.00
2026-04-04 14:32:05,585 -   [ALNS Iter 61] Random Destroy phá vỡ giới hạn -> BEST MỚI: 806.00
2026-04-04 14:32:12,102 -   [GLS Iter 121] Cập nhật ma trận phạt để thay đổi hướng đi.
2026-04-04 14:32:15,541 - === KẾT THÚC CHẶNG 3 | Cost xuất sắc nhất đạt được: 806.00 ===
2026-04-04 14:32:15,541 - === BẮT ĐẦU CHẶNG 4: MAX-SAT CHÍNH XÁC | Cost: 806.00 ===
2026-04-04 14:32:15,542 -   [GĐ 4.1] Giải bài toán TSP trên từng tuyến đơn...
2026-04-04 14:32:16,009 -   [GĐ 4.2] Xét từng cặp tuyến để phân bổ lại khách hàng...
2026-04-04 14:32:16,009 -   --- Pairwise Iter 1 (còn 1184s) ---
