2026-04-04 03:14:26,229 - ======================================================================
2026-04-04 03:14:26,229 - GUROBI MIP SOLVER  |  FILE: B-n31-k5.vrp
2026-04-04 03:14:26,229 - ======================================================================
2026-04-04 03:14:26,231 - Thông tin dữ liệu: Dimension=31, K=5, Capacity=100
2026-04-04 03:14:26,231 - --- Step 1: Clarke-Wright Heuristic ---
2026-04-04 03:14:26,232 -   Kết quả CW: Cost = 748, Time = 0.001s
2026-04-04 03:14:26,232 - --- Step 2: Two-Opt Local Search ---
2026-04-04 03:14:26,233 -   Kết quả Two-Opt: Cost = 730, Time = 0.001s
2026-04-04 03:14:26,233 - --- Step 3: Advanced Optimization (Gurobi MIP) ---
2026-04-04 03:14:26,233 - =========================================
2026-04-04 03:14:26,233 - BẮT ĐẦU OPTIMIZE  (100% Gurobi MIP)
2026-04-04 03:14:26,233 -  -> Max Single Size  : 20
2026-04-04 03:14:26,233 -  -> Single Timeout   : 40.0s
2026-04-04 03:14:26,233 -  -> Max Pairwise Size: 18
2026-04-04 03:14:26,233 -  -> Pairwise Timeout : 49.6s
2026-04-04 03:14:26,233 -  -> Global Timeout   : 1200.0s
2026-04-04 03:14:26,233 -  -> Closest Pairs    : 999
2026-04-04 03:14:26,233 -  -> Patience         : 3
2026-04-04 03:14:26,233 -  -> Max Iterations   : 150
2026-04-04 03:14:26,233 -  -> Chi phí khởi điểm: 730
2026-04-04 03:14:26,233 - =========================================
2026-04-04 03:14:26,233 - --- Iter 1/150  (còn 1200s) ---
2026-04-04 03:15:16,029 -   [Pair] (1,2): 363 → 344  (−19)
2026-04-04 03:15:16,030 - => ITER 1: BEST MỚI = 711
2026-04-04 03:15:16,030 - --- Iter 2/150  (còn 1150s) ---
2026-04-04 03:15:58,801 -   [Pair] (1,3): 350 → 340  (−10)
2026-04-04 03:15:58,801 - => ITER 2: BEST MỚI = 701
2026-04-04 03:15:58,801 - --- Iter 3/150  (còn 1107s) ---
2026-04-04 03:16:56,550 -   [Pair] (1,4): 328 → 321  (−7)
2026-04-04 03:16:56,550 - => ITER 3: BEST MỚI = 694
2026-04-04 03:16:56,550 - --- Iter 4/150  (còn 1050s) ---
2026-04-04 03:17:00,139 -   [Pair] (3,4): 222 → 219  (−3)
2026-04-04 03:17:00,139 - => ITER 4: BEST MỚI = 691
2026-04-04 03:17:00,139 - --- Iter 5/150  (còn 1046s) ---
2026-04-04 03:18:39,437 -   [Pair] (1,2): 321 → 315  (−6)
2026-04-04 03:18:39,438 - => ITER 5: BEST MỚI = 685
2026-04-04 03:18:39,438 - --- Iter 6/150  (còn 947s) ---
2026-04-04 03:18:55,426 -   [Pair] (1,4): 326 → 322  (−4)
2026-04-04 03:18:55,427 - => ITER 6: BEST MỚI = 681
2026-04-04 03:18:55,427 - --- Iter 7/150  (còn 931s) ---
2026-04-04 03:20:46,591 -   [Pair] (0,3): 268 → 264  (−4)
2026-04-04 03:20:46,591 - => ITER 7: BEST MỚI = 677
2026-04-04 03:20:46,592 - --- Iter 8/150  (còn 820s) ---
2026-04-04 03:23:23,095 - => ITER 8: Không cải thiện (1/3)
2026-04-04 03:23:23,095 - --- Iter 9/150  (còn 663s) ---
2026-04-04 03:25:58,612 - => ITER 9: Không cải thiện (2/3)
2026-04-04 03:25:58,612 - --- Iter 10/150  (còn 508s) ---
2026-04-04 03:28:34,321 - => ITER 10: Không cải thiện (3/3)
2026-04-04 03:28:34,321 - Hoàn thành trong 848.1s. Final Cost: 677
2026-04-04 03:28:34,321 - ======================================================================
2026-04-04 03:28:34,321 - BÁO CÁO TỔNG KẾT (SUMMARY)
2026-04-04 03:28:34,321 - ======================================================================
2026-04-04 03:28:34,321 -   1. Chi phí Clarke-Wright:     748
2026-04-04 03:28:34,321 -   2. Chi phí sau Two-Opt:       730
2026-04-04 03:28:34,321 -   3. Chi phí sau Gurobi MIP:    677
2026-04-04 03:28:34,321 -   => TỔNG CẢI THIỆN:            71
2026-04-04 03:28:34,321 -   => Số lần Gurobi Single cải thiện  : 0 lần
2026-04-04 03:28:34,321 -   => Số lần Gurobi Pairwise cải thiện: 7 lần
2026-04-04 03:28:34,322 -   => TỔNG THỜI GIAN CHẠY:       848.090s
2026-04-04 03:28:34,322 - ======================================================================
2026-04-04 03:28:34,322 - GUROBI MIP SOLVER  |  FILE: B-n34-k5.vrp
2026-04-04 03:28:34,322 - ======================================================================
2026-04-04 03:28:34,324 - Thông tin dữ liệu: Dimension=34, K=5, Capacity=100
2026-04-04 03:28:34,324 - --- Step 1: Clarke-Wright Heuristic ---
2026-04-04 03:28:34,325 -   Kết quả CW: Cost = 936, Time = 0.001s
2026-04-04 03:28:34,325 - --- Step 2: Two-Opt Local Search ---
2026-04-04 03:28:34,327 -   Kết quả Two-Opt: Cost = 875, Time = 0.001s
2026-04-04 03:28:34,327 - --- Step 3: Advanced Optimization (Gurobi MIP) ---
2026-04-04 03:28:34,327 - =========================================
2026-04-04 03:28:34,327 - BẮT ĐẦU OPTIMIZE  (100% Gurobi MIP)
2026-04-04 03:28:34,327 -  -> Max Single Size  : 20
2026-04-04 03:28:34,327 -  -> Single Timeout   : 40.0s
2026-04-04 03:28:34,327 -  -> Max Pairwise Size: 20
2026-04-04 03:28:34,327 -  -> Pairwise Timeout : 54.4s
2026-04-04 03:28:34,327 -  -> Global Timeout   : 1200.0s
2026-04-04 03:28:34,327 -  -> Closest Pairs    : 999
2026-04-04 03:28:34,327 -  -> Patience         : 3
2026-04-04 03:28:34,327 -  -> Max Iterations   : 150
2026-04-04 03:28:34,327 -  -> Chi phí khởi điểm: 875
2026-04-04 03:28:34,327 - =========================================
2026-04-04 03:28:34,327 - --- Iter 1/150  (còn 1200s) ---
2026-04-04 03:29:29,056 -   [Pair] (0,1): 341 → 320  (−21)
2026-04-04 03:29:29,056 - => ITER 1: BEST MỚI = 854
2026-04-04 03:29:29,056 - --- Iter 2/150  (còn 1145s) ---
2026-04-04 03:30:27,484 -   [Pair] (0,4): 327 → 325  (−2)
2026-04-04 03:30:27,484 - => ITER 2: BEST MỚI = 852
2026-04-04 03:30:27,484 - --- Iter 3/150  (còn 1087s) ---
2026-04-04 03:31:22,128 -   [Pair] (1,4): 338 → 311  (−27)
2026-04-04 03:31:22,129 - => ITER 3: BEST MỚI = 825
2026-04-04 03:31:22,129 - --- Iter 4/150  (còn 1032s) ---
2026-04-04 03:32:12,318 -   [Pair] (2,3): 357 → 336  (−21)
2026-04-04 03:32:12,318 - => ITER 4: BEST MỚI = 804
2026-04-04 03:32:12,319 - --- Iter 5/150  (còn 982s) ---
2026-04-04 03:33:06,959 -   [Pair] (3,4): 389 → 376  (−13)
2026-04-04 03:33:06,960 - => ITER 5: BEST MỚI = 791
2026-04-04 03:33:06,960 - --- Iter 6/150  (còn 927s) ---
2026-04-04 03:35:52,297 -   [Pair] (0,4): 392 → 391  (−1)
2026-04-04 03:35:52,297 - => ITER 6: BEST MỚI = 790
2026-04-04 03:35:52,297 - --- Iter 7/150  (còn 762s) ---
2026-04-04 03:36:47,314 -   [Pair] (0,3): 374 → 372  (−2)
2026-04-04 03:36:47,314 - => ITER 7: BEST MỚI = 788
2026-04-04 03:36:47,314 - --- Iter 8/150  (còn 707s) ---
2026-04-04 03:40:34,992 - => ITER 8: Không cải thiện (1/3)
2026-04-04 03:40:34,992 - --- Iter 9/150  (còn 479s) ---
2026-04-04 03:44:22,497 - => ITER 9: Không cải thiện (2/3)
2026-04-04 03:44:22,497 - --- Iter 10/150  (còn 252s) ---
2026-04-04 03:48:09,988 - => ITER 10: Không cải thiện (3/3)
2026-04-04 03:48:09,988 - Hoàn thành trong 1175.7s. Final Cost: 788
2026-04-04 03:48:09,988 - ======================================================================
2026-04-04 03:48:09,988 - BÁO CÁO TỔNG KẾT (SUMMARY)
2026-04-04 03:48:09,988 - ======================================================================
2026-04-04 03:48:09,988 -   1. Chi phí Clarke-Wright:     936
2026-04-04 03:48:09,988 -   2. Chi phí sau Two-Opt:       875
2026-04-04 03:48:09,988 -   3. Chi phí sau Gurobi MIP:    788
2026-04-04 03:48:09,988 -   => TỔNG CẢI THIỆN:            148
2026-04-04 03:48:09,988 -   => Số lần Gurobi Single cải thiện  : 0 lần
2026-04-04 03:48:09,989 -   => Số lần Gurobi Pairwise cải thiện: 7 lần
2026-04-04 03:48:09,989 -   => TỔNG THỜI GIAN CHẠY:       1175.664s
2026-04-04 03:48:09,989 - ======================================================================
2026-04-04 03:48:09,989 - GUROBI MIP SOLVER  |  FILE: B-n35-k5.vrp
2026-04-04 03:48:09,989 - ======================================================================
2026-04-04 03:48:09,991 - Thông tin dữ liệu: Dimension=35, K=5, Capacity=100
2026-04-04 03:48:09,991 - --- Step 1: Clarke-Wright Heuristic ---
2026-04-04 03:48:09,992 -   Kết quả CW: Cost = 1016, Time = 0.001s
2026-04-04 03:48:09,992 - --- Step 2: Two-Opt Local Search ---
2026-04-04 03:48:09,994 -   Kết quả Two-Opt: Cost = 973, Time = 0.001s
2026-04-04 03:48:09,994 - --- Step 3: Advanced Optimization (Gurobi MIP) ---
2026-04-04 03:48:09,994 - =========================================
2026-04-04 03:48:09,994 - BẮT ĐẦU OPTIMIZE  (100% Gurobi MIP)
2026-04-04 03:48:09,994 -  -> Max Single Size  : 20
2026-04-04 03:48:09,994 -  -> Single Timeout   : 40.0s
2026-04-04 03:48:09,994 -  -> Max Pairwise Size: 21
2026-04-04 03:48:09,994 -  -> Pairwise Timeout : 56.0s
2026-04-04 03:48:09,994 -  -> Global Timeout   : 1200.0s
2026-04-04 03:48:09,994 -  -> Closest Pairs    : 999
2026-04-04 03:48:09,994 -  -> Patience         : 3
2026-04-04 03:48:09,994 -  -> Max Iterations   : 150
2026-04-04 03:48:09,994 -  -> Chi phí khởi điểm: 973
2026-04-04 03:48:09,994 - =========================================
2026-04-04 03:48:09,994 - --- Iter 1/150  (còn 1200s) ---
2026-04-04 03:48:10,016 -   [Single] Route 0: 124 → 123  (−1)
2026-04-04 03:49:06,338 -   [Pair] (2,4): 368 → 362  (−6)
2026-04-04 03:49:06,338 - => ITER 1: BEST MỚI = 966
2026-04-04 03:49:06,338 - --- Iter 2/150  (còn 1144s) ---
2026-04-04 03:50:58,736 -   [Pair] (0,4): 354 → 351  (−3)
2026-04-04 03:50:58,737 - => ITER 2: BEST MỚI = 963
2026-04-04 03:50:58,741 - --- Iter 3/150  (còn 1031s) ---
2026-04-04 03:52:51,372 - => ITER 3: Không cải thiện (1/3)
2026-04-04 03:52:51,372 - --- Iter 4/150  (còn 919s) ---
2026-04-04 03:52:51,480 - => ITER 4: Không cải thiện (2/3)
2026-04-04 03:52:51,480 - --- Iter 5/150  (còn 919s) ---
2026-04-04 03:52:51,591 - => ITER 5: Không cải thiện (3/3)
2026-04-04 03:52:51,591 - Hoàn thành trong 281.6s. Final Cost: 963
2026-04-04 03:52:51,591 - ======================================================================
2026-04-04 03:52:51,591 - BÁO CÁO TỔNG KẾT (SUMMARY)
2026-04-04 03:52:51,591 - ======================================================================
2026-04-04 03:52:51,591 -   1. Chi phí Clarke-Wright:     1016
2026-04-04 03:52:51,591 -   2. Chi phí sau Two-Opt:       973
2026-04-04 03:52:51,591 -   3. Chi phí sau Gurobi MIP:    963
2026-04-04 03:52:51,591 -   => TỔNG CẢI THIỆN:            53
2026-04-04 03:52:51,591 -   => Số lần Gurobi Single cải thiện  : 1 lần
2026-04-04 03:52:51,591 -   => Số lần Gurobi Pairwise cải thiện: 2 lần
2026-04-04 03:52:51,591 -   => TỔNG THỜI GIAN CHẠY:       281.599s
2026-04-04 03:52:51,592 - ======================================================================
2026-04-04 03:52:51,592 - GUROBI MIP SOLVER  |  FILE: B-n38-k6.vrp
2026-04-04 03:52:51,592 - ======================================================================
2026-04-04 03:52:51,594 - Thông tin dữ liệu: Dimension=38, K=6, Capacity=100
2026-04-04 03:52:51,594 - --- Step 1: Clarke-Wright Heuristic ---
2026-04-04 03:52:51,596 -   Kết quả CW: Cost = 961, Time = 0.001s
2026-04-04 03:52:51,596 - --- Step 2: Two-Opt Local Search ---
2026-04-04 03:52:51,597 -   Kết quả Two-Opt: Cost = 912, Time = 0.001s
2026-04-04 03:52:51,597 - --- Step 3: Advanced Optimization (Gurobi MIP) ---
2026-04-04 03:52:51,597 - =========================================
2026-04-04 03:52:51,597 - BẮT ĐẦU OPTIMIZE  (100% Gurobi MIP)
2026-04-04 03:52:51,597 -  -> Max Single Size  : 20
2026-04-04 03:52:51,597 -  -> Single Timeout   : 40.0s
2026-04-04 03:52:51,597 -  -> Max Pairwise Size: 19
2026-04-04 03:52:51,597 -  -> Pairwise Timeout : 50.666666666666664s
2026-04-04 03:52:51,597 -  -> Global Timeout   : 1200.0s
2026-04-04 03:52:51,597 -  -> Closest Pairs    : 999
2026-04-04 03:52:51,597 -  -> Patience         : 3
2026-04-04 03:52:51,597 -  -> Max Iterations   : 150
2026-04-04 03:52:51,597 -  -> Chi phí khởi điểm: 912
2026-04-04 03:52:51,597 - =========================================
2026-04-04 03:52:51,597 - --- Iter 1/150  (còn 1200s) ---
2026-04-04 03:52:51,756 - => ITER 1: Không cải thiện (1/3)
2026-04-04 03:52:51,756 - --- Iter 2/150  (còn 1200s) ---
2026-04-04 03:52:51,908 - => ITER 2: Không cải thiện (2/3)
2026-04-04 03:52:51,908 - --- Iter 3/150  (còn 1200s) ---
2026-04-04 03:52:52,059 - => ITER 3: Không cải thiện (3/3)
2026-04-04 03:52:52,059 - Hoàn thành trong 0.5s. Final Cost: 912
2026-04-04 03:52:52,059 - ======================================================================
2026-04-04 03:52:52,059 - BÁO CÁO TỔNG KẾT (SUMMARY)
2026-04-04 03:52:52,059 - ======================================================================
2026-04-04 03:52:52,059 -   1. Chi phí Clarke-Wright:     961
2026-04-04 03:52:52,059 -   2. Chi phí sau Two-Opt:       912
2026-04-04 03:52:52,059 -   3. Chi phí sau Gurobi MIP:    912
2026-04-04 03:52:52,059 -   => TỔNG CẢI THIỆN:            49
2026-04-04 03:52:52,059 -   => Số lần Gurobi Single cải thiện  : 0 lần
2026-04-04 03:52:52,059 -   => Số lần Gurobi Pairwise cải thiện: 0 lần
2026-04-04 03:52:52,059 -   => TỔNG THỜI GIAN CHẠY:       0.464s
2026-04-04 03:52:52,060 - ======================================================================
2026-04-04 03:52:52,060 - GUROBI MIP SOLVER  |  FILE: B-n39-k5.vrp
2026-04-04 03:52:52,060 - ======================================================================
2026-04-04 03:52:52,062 - Thông tin dữ liệu: Dimension=39, K=5, Capacity=100
2026-04-04 03:52:52,062 - --- Step 1: Clarke-Wright Heuristic ---
2026-04-04 03:52:52,064 -   Kết quả CW: Cost = 695, Time = 0.001s
2026-04-04 03:52:52,064 - --- Step 2: Two-Opt Local Search ---
2026-04-04 03:52:52,065 -   Kết quả Two-Opt: Cost = 660, Time = 0.001s
2026-04-04 03:52:52,065 - --- Step 3: Advanced Optimization (Gurobi MIP) ---
2026-04-04 03:52:52,065 - =========================================
2026-04-04 03:52:52,065 - BẮT ĐẦU OPTIMIZE  (100% Gurobi MIP)
2026-04-04 03:52:52,065 -  -> Max Single Size  : 20
2026-04-04 03:52:52,065 -  -> Single Timeout   : 40.0s
2026-04-04 03:52:52,065 -  -> Max Pairwise Size: 23
2026-04-04 03:52:52,065 -  -> Pairwise Timeout : 62.4s
2026-04-04 03:52:52,065 -  -> Global Timeout   : 1200.0s
2026-04-04 03:52:52,065 -  -> Closest Pairs    : 999
2026-04-04 03:52:52,066 -  -> Patience         : 3
2026-04-04 03:52:52,066 -  -> Max Iterations   : 150
2026-04-04 03:52:52,066 -  -> Chi phí khởi điểm: 660
2026-04-04 03:52:52,066 - =========================================
2026-04-04 03:52:52,066 - --- Iter 1/150  (còn 1200s) ---
2026-04-04 03:52:52,174 - => ITER 1: Không cải thiện (1/3)
2026-04-04 03:52:52,175 - --- Iter 2/150  (còn 1200s) ---
2026-04-04 03:52:52,285 - => ITER 2: Không cải thiện (2/3)
2026-04-04 03:52:52,285 - --- Iter 3/150  (còn 1200s) ---
2026-04-04 03:52:52,394 - => ITER 3: Không cải thiện (3/3)
2026-04-04 03:52:52,394 - Hoàn thành trong 0.3s. Final Cost: 660
2026-04-04 03:52:52,394 - ======================================================================
2026-04-04 03:52:52,394 - BÁO CÁO TỔNG KẾT (SUMMARY)
2026-04-04 03:52:52,394 - ======================================================================
2026-04-04 03:52:52,394 -   1. Chi phí Clarke-Wright:     695
2026-04-04 03:52:52,394 -   2. Chi phí sau Two-Opt:       660
2026-04-04 03:52:52,394 -   3. Chi phí sau Gurobi MIP:    660
2026-04-04 03:52:52,394 -   => TỔNG CẢI THIỆN:            35
2026-04-04 03:52:52,394 -   => Số lần Gurobi Single cải thiện  : 0 lần
2026-04-04 03:52:52,394 -   => Số lần Gurobi Pairwise cải thiện: 0 lần
2026-04-04 03:52:52,394 -   => TỔNG THỜI GIAN CHẠY:       0.331s
2026-04-04 03:52:52,395 - ======================================================================
2026-04-04 03:52:52,395 - GUROBI MIP SOLVER  |  FILE: B-n41-k6.vrp
2026-04-04 03:52:52,395 - ======================================================================
2026-04-04 03:52:52,398 - Thông tin dữ liệu: Dimension=41, K=6, Capacity=100
2026-04-04 03:52:52,398 - --- Step 1: Clarke-Wright Heuristic ---
2026-04-04 03:52:52,399 -   Kết quả CW: Cost = 981, Time = 0.001s
2026-04-04 03:52:52,399 - --- Step 2: Two-Opt Local Search ---
2026-04-04 03:52:52,400 -   Kết quả Two-Opt: Cost = 953, Time = 0.001s
2026-04-04 03:52:52,400 - --- Step 3: Advanced Optimization (Gurobi MIP) ---
2026-04-04 03:52:52,400 - =========================================
2026-04-04 03:52:52,400 - BẮT ĐẦU OPTIMIZE  (100% Gurobi MIP)
2026-04-04 03:52:52,401 -  -> Max Single Size  : 20
2026-04-04 03:52:52,401 -  -> Single Timeout   : 40.0s
2026-04-04 03:52:52,401 -  -> Max Pairwise Size: 20
2026-04-04 03:52:52,401 -  -> Pairwise Timeout : 54.666666666666664s
2026-04-04 03:52:52,401 -  -> Global Timeout   : 1200.0s
2026-04-04 03:52:52,401 -  -> Closest Pairs    : 999
2026-04-04 03:52:52,401 -  -> Patience         : 3
2026-04-04 03:52:52,401 -  -> Max Iterations   : 150
2026-04-04 03:52:52,401 -  -> Chi phí khởi điểm: 953
2026-04-04 03:52:52,401 - =========================================
2026-04-04 03:52:52,401 - --- Iter 1/150  (còn 1200s) ---
2026-04-04 03:52:52,554 - => ITER 1: Không cải thiện (1/3)
2026-04-04 03:52:52,554 - --- Iter 2/150  (còn 1200s) ---
2026-04-04 03:52:52,707 - => ITER 2: Không cải thiện (2/3)
2026-04-04 03:52:52,707 - --- Iter 3/150  (còn 1200s) ---
2026-04-04 03:52:52,859 - => ITER 3: Không cải thiện (3/3)
2026-04-04 03:52:52,860 - Hoàn thành trong 0.5s. Final Cost: 953
2026-04-04 03:52:52,860 - ======================================================================
2026-04-04 03:52:52,860 - BÁO CÁO TỔNG KẾT (SUMMARY)
2026-04-04 03:52:52,860 - ======================================================================
2026-04-04 03:52:52,860 -   1. Chi phí Clarke-Wright:     981
2026-04-04 03:52:52,860 -   2. Chi phí sau Two-Opt:       953
2026-04-04 03:52:52,860 -   3. Chi phí sau Gurobi MIP:    953
2026-04-04 03:52:52,860 -   => TỔNG CẢI THIỆN:            28
2026-04-04 03:52:52,860 -   => Số lần Gurobi Single cải thiện  : 0 lần
2026-04-04 03:52:52,860 -   => Số lần Gurobi Pairwise cải thiện: 0 lần
2026-04-04 03:52:52,860 -   => TỔNG THỜI GIAN CHẠY:       0.462s
2026-04-04 03:52:52,861 - ======================================================================
2026-04-04 03:52:52,861 - GUROBI MIP SOLVER  |  FILE: B-n43-k6.vrp
2026-04-04 03:52:52,861 - ======================================================================
2026-04-04 03:52:52,864 - Thông tin dữ liệu: Dimension=43, K=6, Capacity=100
2026-04-04 03:52:52,864 - --- Step 1: Clarke-Wright Heuristic ---
2026-04-04 03:52:52,866 -   Kết quả CW: Cost = 861, Time = 0.002s
2026-04-04 03:52:52,866 - --- Step 2: Two-Opt Local Search ---
2026-04-04 03:52:52,867 -   Kết quả Two-Opt: Cost = 795, Time = 0.002s
2026-04-04 03:52:52,867 - --- Step 3: Advanced Optimization (Gurobi MIP) ---
2026-04-04 03:52:52,867 - =========================================
2026-04-04 03:52:52,868 - BẮT ĐẦU OPTIMIZE  (100% Gurobi MIP)
2026-04-04 03:52:52,868 -  -> Max Single Size  : 20
2026-04-04 03:52:52,868 -  -> Single Timeout   : 40.0s
2026-04-04 03:52:52,868 -  -> Max Pairwise Size: 21
2026-04-04 03:52:52,868 -  -> Pairwise Timeout : 57.333333333333336s
2026-04-04 03:52:52,868 -  -> Global Timeout   : 1200.0s
2026-04-04 03:52:52,868 -  -> Closest Pairs    : 999
2026-04-04 03:52:52,868 -  -> Patience         : 3
2026-04-04 03:52:52,868 -  -> Max Iterations   : 150
2026-04-04 03:52:52,868 -  -> Chi phí khởi điểm: 795
2026-04-04 03:52:52,868 - =========================================
2026-04-04 03:52:52,868 - --- Iter 1/150  (còn 1200s) ---
2026-04-04 03:52:53,020 - => ITER 1: Không cải thiện (1/3)
2026-04-04 03:52:53,020 - --- Iter 2/150  (còn 1200s) ---
2026-04-04 03:52:53,173 - => ITER 2: Không cải thiện (2/3)
2026-04-04 03:52:53,173 - --- Iter 3/150  (còn 1200s) ---
2026-04-04 03:52:53,325 - => ITER 3: Không cải thiện (3/3)
2026-04-04 03:52:53,325 - Hoàn thành trong 0.5s. Final Cost: 795
2026-04-04 03:52:53,326 - ======================================================================
2026-04-04 03:52:53,326 - BÁO CÁO TỔNG KẾT (SUMMARY)
2026-04-04 03:52:53,326 - ======================================================================
2026-04-04 03:52:53,326 -   1. Chi phí Clarke-Wright:     861
2026-04-04 03:52:53,326 -   2. Chi phí sau Two-Opt:       795
2026-04-04 03:52:53,326 -   3. Chi phí sau Gurobi MIP:    795
2026-04-04 03:52:53,326 -   => TỔNG CẢI THIỆN:            66
2026-04-04 03:52:53,326 -   => Số lần Gurobi Single cải thiện  : 0 lần
2026-04-04 03:52:53,326 -   => Số lần Gurobi Pairwise cải thiện: 0 lần
2026-04-04 03:52:53,326 -   => TỔNG THỜI GIAN CHẠY:       0.461s
2026-04-04 03:52:53,327 - ======================================================================
2026-04-04 03:52:53,327 - GUROBI MIP SOLVER  |  FILE: B-n44-k7.vrp
2026-04-04 03:52:53,327 - ======================================================================
2026-04-04 03:52:53,330 - Thông tin dữ liệu: Dimension=44, K=7, Capacity=100
2026-04-04 03:52:53,330 - --- Step 1: Clarke-Wright Heuristic ---
2026-04-04 03:52:53,331 -   Kết quả CW: Cost = 1103, Time = 0.002s
2026-04-04 03:52:53,331 - --- Step 2: Two-Opt Local Search ---
2026-04-04 03:52:53,333 -   Kết quả Two-Opt: Cost = 1045, Time = 0.001s
2026-04-04 03:52:53,333 - --- Step 3: Advanced Optimization (Gurobi MIP) ---
2026-04-04 03:52:53,333 - =========================================
2026-04-04 03:52:53,333 - BẮT ĐẦU OPTIMIZE  (100% Gurobi MIP)
2026-04-04 03:52:53,333 -  -> Max Single Size  : 20
2026-04-04 03:52:53,333 -  -> Single Timeout   : 40.0s
2026-04-04 03:52:53,333 -  -> Max Pairwise Size: 18
2026-04-04 03:52:53,333 -  -> Pairwise Timeout : 50.285714285714285s
2026-04-04 03:52:53,333 -  -> Global Timeout   : 1200.0s
2026-04-04 03:52:53,333 -  -> Closest Pairs    : 999
2026-04-04 03:52:53,333 -  -> Patience         : 3
2026-04-04 03:52:53,333 -  -> Max Iterations   : 150
2026-04-04 03:52:53,333 -  -> Chi phí khởi điểm: 1045
2026-04-04 03:52:53,333 - =========================================
2026-04-04 03:52:53,333 - --- Iter 1/150  (còn 1200s) ---
2026-04-04 03:52:53,535 - => ITER 1: Không cải thiện (1/3)
2026-04-04 03:52:53,536 - --- Iter 2/150  (còn 1200s) ---
2026-04-04 03:52:53,738 - => ITER 2: Không cải thiện (2/3)
2026-04-04 03:52:53,738 - --- Iter 3/150  (còn 1200s) ---
2026-04-04 03:52:53,940 - => ITER 3: Không cải thiện (3/3)
2026-04-04 03:52:53,940 - Hoàn thành trong 0.6s. Final Cost: 1045
2026-04-04 03:52:53,940 - ======================================================================
2026-04-04 03:52:53,940 - BÁO CÁO TỔNG KẾT (SUMMARY)
2026-04-04 03:52:53,940 - ======================================================================
2026-04-04 03:52:53,940 -   1. Chi phí Clarke-Wright:     1103
2026-04-04 03:52:53,940 -   2. Chi phí sau Two-Opt:       1045
2026-04-04 03:52:53,940 -   3. Chi phí sau Gurobi MIP:    1045
2026-04-04 03:52:53,940 -   => TỔNG CẢI THIỆN:            58
2026-04-04 03:52:53,940 -   => Số lần Gurobi Single cải thiện  : 0 lần
2026-04-04 03:52:53,940 -   => Số lần Gurobi Pairwise cải thiện: 0 lần
2026-04-04 03:52:53,940 -   => TỔNG THỜI GIAN CHẠY:       0.610s
2026-04-04 03:52:53,941 - ======================================================================
2026-04-04 03:52:53,941 - GUROBI MIP SOLVER  |  FILE: B-n45-k5.vrp
2026-04-04 03:52:53,941 - ======================================================================
2026-04-04 03:52:53,944 - Thông tin dữ liệu: Dimension=45, K=5, Capacity=100
2026-04-04 03:52:53,944 - --- Step 1: Clarke-Wright Heuristic ---
2026-04-04 03:52:53,946 -   Kết quả CW: Cost = 1030, Time = 0.002s
2026-04-04 03:52:53,946 - --- Step 2: Two-Opt Local Search ---
2026-04-04 03:52:53,951 -   Kết quả Two-Opt: Cost = 943, Time = 0.004s
2026-04-04 03:52:53,951 - --- Step 3: Advanced Optimization (Gurobi MIP) ---
2026-04-04 03:52:53,951 - =========================================
2026-04-04 03:52:53,951 - BẮT ĐẦU OPTIMIZE  (100% Gurobi MIP)
2026-04-04 03:52:53,951 -  -> Max Single Size  : 20
2026-04-04 03:52:53,951 -  -> Single Timeout   : 40.0s
2026-04-04 03:52:53,951 -  -> Max Pairwise Size: 27
2026-04-04 03:52:53,951 -  -> Pairwise Timeout : 72.0s
2026-04-04 03:52:53,951 -  -> Global Timeout   : 1200.0s
2026-04-04 03:52:53,951 -  -> Closest Pairs    : 999
2026-04-04 03:52:53,951 -  -> Patience         : 3
2026-04-04 03:52:53,951 -  -> Max Iterations   : 150
2026-04-04 03:52:53,951 -  -> Chi phí khởi điểm: 943
2026-04-04 03:52:53,951 - =========================================
2026-04-04 03:52:53,951 - --- Iter 1/150  (còn 1200s) ---
2026-04-04 03:52:54,070 - => ITER 1: Không cải thiện (1/3)
2026-04-04 03:52:54,070 - --- Iter 2/150  (còn 1200s) ---
2026-04-04 03:52:54,184 - => ITER 2: Không cải thiện (2/3)
2026-04-04 03:52:54,184 - --- Iter 3/150  (còn 1200s) ---
2026-04-04 03:52:54,294 - => ITER 3: Không cải thiện (3/3)
2026-04-04 03:52:54,294 - Hoàn thành trong 0.3s. Final Cost: 943
2026-04-04 03:52:54,295 - ======================================================================
2026-04-04 03:52:54,295 - BÁO CÁO TỔNG KẾT (SUMMARY)
2026-04-04 03:52:54,295 - ======================================================================
2026-04-04 03:52:54,295 -   1. Chi phí Clarke-Wright:     1030
2026-04-04 03:52:54,295 -   2. Chi phí sau Two-Opt:       943
2026-04-04 03:52:54,295 -   3. Chi phí sau Gurobi MIP:    943
2026-04-04 03:52:54,295 -   => TỔNG CẢI THIỆN:            87
2026-04-04 03:52:54,295 -   => Số lần Gurobi Single cải thiện  : 0 lần
2026-04-04 03:52:54,295 -   => Số lần Gurobi Pairwise cải thiện: 0 lần
2026-04-04 03:52:54,295 -   => TỔNG THỜI GIAN CHẠY:       0.350s
2026-04-04 03:52:54,295 - ======================================================================
2026-04-04 03:52:54,296 - GUROBI MIP SOLVER  |  FILE: B-n45-k6.vrp
2026-04-04 03:52:54,296 - ======================================================================
2026-04-04 03:52:54,299 - Thông tin dữ liệu: Dimension=45, K=6, Capacity=100
2026-04-04 03:52:54,299 - --- Step 1: Clarke-Wright Heuristic ---
2026-04-04 03:52:54,300 -   Kết quả CW: Cost = 888, Time = 0.002s
2026-04-04 03:52:54,301 - --- Step 2: Two-Opt Local Search ---
2026-04-04 03:52:54,302 -   Kết quả Two-Opt: Cost = 846, Time = 0.001s
2026-04-04 03:52:54,302 - --- Step 3: Advanced Optimization (Gurobi MIP) ---
2026-04-04 03:52:54,302 - =========================================
2026-04-04 03:52:54,302 - BẮT ĐẦU OPTIMIZE  (100% Gurobi MIP)
2026-04-04 03:52:54,302 -  -> Max Single Size  : 20
2026-04-04 03:52:54,302 -  -> Single Timeout   : 40.0s
2026-04-04 03:52:54,302 -  -> Max Pairwise Size: 22
2026-04-04 03:52:54,302 -  -> Pairwise Timeout : 60.0s
2026-04-04 03:52:54,302 -  -> Global Timeout   : 1200.0s
2026-04-04 03:52:54,302 -  -> Closest Pairs    : 999
2026-04-04 03:52:54,302 -  -> Patience         : 3
2026-04-04 03:52:54,302 -  -> Max Iterations   : 150
2026-04-04 03:52:54,302 -  -> Chi phí khởi điểm: 846
2026-04-04 03:52:54,302 - =========================================
2026-04-04 03:52:54,302 - --- Iter 1/150  (còn 1200s) ---
2026-04-04 03:52:54,466 - => ITER 1: Không cải thiện (1/3)
2026-04-04 03:52:54,466 - --- Iter 2/150  (còn 1200s) ---
2026-04-04 03:52:54,619 - => ITER 2: Không cải thiện (2/3)
2026-04-04 03:52:54,619 - --- Iter 3/150  (còn 1200s) ---
2026-04-04 03:52:54,772 - => ITER 3: Không cải thiện (3/3)
2026-04-04 03:52:54,772 - Hoàn thành trong 0.5s. Final Cost: 846
2026-04-04 03:52:54,772 - ======================================================================
2026-04-04 03:52:54,772 - BÁO CÁO TỔNG KẾT (SUMMARY)
2026-04-04 03:52:54,772 - ======================================================================
2026-04-04 03:52:54,772 -   1. Chi phí Clarke-Wright:     888
2026-04-04 03:52:54,772 -   2. Chi phí sau Two-Opt:       846
2026-04-04 03:52:54,772 -   3. Chi phí sau Gurobi MIP:    846
2026-04-04 03:52:54,772 -   => TỔNG CẢI THIỆN:            42
2026-04-04 03:52:54,772 -   => Số lần Gurobi Single cải thiện  : 0 lần
2026-04-04 03:52:54,772 -   => Số lần Gurobi Pairwise cải thiện: 0 lần
2026-04-04 03:52:54,772 -   => TỔNG THỜI GIAN CHẠY:       0.473s
2026-04-04 03:52:54,772 - ======================================================================
2026-04-04 03:52:54,773 - GUROBI MIP SOLVER  |  FILE: B-n50-k8.vrp
2026-04-04 03:52:54,773 - ======================================================================
2026-04-04 03:52:54,776 - Thông tin dữ liệu: Dimension=50, K=8, Capacity=100
2026-04-04 03:52:54,776 - --- Step 1: Clarke-Wright Heuristic ---
2026-04-04 03:52:54,778 -   Kết quả CW: Cost = 1554, Time = 0.002s
2026-04-04 03:52:54,778 - --- Step 2: Two-Opt Local Search ---
2026-04-04 03:52:54,780 -   Kết quả Two-Opt: Cost = 1503, Time = 0.001s
2026-04-04 03:52:54,780 - --- Step 3: Advanced Optimization (Gurobi MIP) ---
2026-04-04 03:52:54,780 - =========================================
2026-04-04 03:52:54,780 - BẮT ĐẦU OPTIMIZE  (100% Gurobi MIP)
2026-04-04 03:52:54,780 -  -> Max Single Size  : 20
2026-04-04 03:52:54,780 -  -> Single Timeout   : 40.0s
2026-04-04 03:52:54,780 -  -> Max Pairwise Size: 18
2026-04-04 03:52:54,780 -  -> Pairwise Timeout : 50.0s
2026-04-04 03:52:54,780 -  -> Global Timeout   : 1200.0s
2026-04-04 03:52:54,780 -  -> Closest Pairs    : 999
2026-04-04 03:52:54,780 -  -> Patience         : 3
2026-04-04 03:52:54,780 -  -> Max Iterations   : 150
2026-04-04 03:52:54,780 -  -> Chi phí khởi điểm: 1503
2026-04-04 03:52:54,780 - =========================================
2026-04-04 03:52:54,780 - --- Iter 1/150  (còn 1200s) ---
2026-04-04 03:52:55,043 - => ITER 1: Không cải thiện (1/3)
2026-04-04 03:52:55,043 - --- Iter 2/150  (còn 1200s) ---
2026-04-04 03:52:55,314 - => ITER 2: Không cải thiện (2/3)
2026-04-04 03:52:55,314 - --- Iter 3/150  (còn 1199s) ---
2026-04-04 03:52:55,578 - => ITER 3: Không cải thiện (3/3)
2026-04-04 03:52:55,578 - Hoàn thành trong 0.8s. Final Cost: 1503
2026-04-04 03:52:55,578 - ======================================================================
2026-04-04 03:52:55,578 - BÁO CÁO TỔNG KẾT (SUMMARY)
2026-04-04 03:52:55,578 - ======================================================================
2026-04-04 03:52:55,578 -   1. Chi phí Clarke-Wright:     1554
2026-04-04 03:52:55,578 -   2. Chi phí sau Two-Opt:       1503
2026-04-04 03:52:55,578 -   3. Chi phí sau Gurobi MIP:    1503
2026-04-04 03:52:55,578 -   => TỔNG CẢI THIỆN:            51
2026-04-04 03:52:55,578 -   => Số lần Gurobi Single cải thiện  : 0 lần
2026-04-04 03:52:55,578 -   => Số lần Gurobi Pairwise cải thiện: 0 lần
2026-04-04 03:52:55,578 -   => TỔNG THỜI GIAN CHẠY:       0.801s
2026-04-04 03:52:55,579 - ======================================================================
2026-04-04 03:52:55,579 - GUROBI MIP SOLVER  |  FILE: B-n50-k7.vrp
2026-04-04 03:52:55,579 - ======================================================================
2026-04-04 03:52:55,583 - Thông tin dữ liệu: Dimension=50, K=7, Capacity=100
2026-04-04 03:52:55,583 - --- Step 1: Clarke-Wright Heuristic ---
2026-04-04 03:52:55,585 -   Kết quả CW: Cost = 995, Time = 0.002s
2026-04-04 03:52:55,585 - --- Step 2: Two-Opt Local Search ---
2026-04-04 03:52:55,586 -   Kết quả Two-Opt: Cost = 948, Time = 0.002s
2026-04-04 03:52:55,586 - --- Step 3: Advanced Optimization (Gurobi MIP) ---
2026-04-04 03:52:55,587 - =========================================
2026-04-04 03:52:55,587 - BẮT ĐẦU OPTIMIZE  (100% Gurobi MIP)
2026-04-04 03:52:55,587 -  -> Max Single Size  : 20
2026-04-04 03:52:55,587 -  -> Single Timeout   : 40.0s
2026-04-04 03:52:55,587 -  -> Max Pairwise Size: 21
2026-04-04 03:52:55,587 -  -> Pairwise Timeout : 57.142857142857146s
2026-04-04 03:52:55,587 -  -> Global Timeout   : 1200.0s
2026-04-04 03:52:55,587 -  -> Closest Pairs    : 999
2026-04-04 03:52:55,587 -  -> Patience         : 3
2026-04-04 03:52:55,587 -  -> Max Iterations   : 150
2026-04-04 03:52:55,587 -  -> Chi phí khởi điểm: 948
2026-04-04 03:52:55,587 - =========================================
2026-04-04 03:52:55,587 - --- Iter 1/150  (còn 1200s) ---
2026-04-04 03:52:55,794 - => ITER 1: Không cải thiện (1/3)
2026-04-04 03:52:55,794 - --- Iter 2/150  (còn 1200s) ---
2026-04-04 03:52:55,998 - => ITER 2: Không cải thiện (2/3)
2026-04-04 03:52:55,998 - --- Iter 3/150  (còn 1200s) ---
2026-04-04 03:52:56,203 - => ITER 3: Không cải thiện (3/3)
2026-04-04 03:52:56,203 - Hoàn thành trong 0.6s. Final Cost: 948
2026-04-04 03:52:56,203 - ======================================================================
2026-04-04 03:52:56,203 - BÁO CÁO TỔNG KẾT (SUMMARY)
2026-04-04 03:52:56,203 - ======================================================================
2026-04-04 03:52:56,204 -   1. Chi phí Clarke-Wright:     995
2026-04-04 03:52:56,204 -   2. Chi phí sau Two-Opt:       948
2026-04-04 03:52:56,204 -   3. Chi phí sau Gurobi MIP:    948
2026-04-04 03:52:56,204 -   => TỔNG CẢI THIỆN:            47
2026-04-04 03:52:56,204 -   => Số lần Gurobi Single cải thiện  : 0 lần
2026-04-04 03:52:56,204 -   => Số lần Gurobi Pairwise cải thiện: 0 lần
2026-04-04 03:52:56,204 -   => TỔNG THỜI GIAN CHẠY:       0.620s
2026-04-04 03:52:56,204 - ======================================================================
2026-04-04 03:52:56,204 - GUROBI MIP SOLVER  |  FILE: B-n51-k7.vrp
2026-04-04 03:52:56,204 - ======================================================================
2026-04-04 03:52:56,208 - Thông tin dữ liệu: Dimension=51, K=7, Capacity=100
2026-04-04 03:52:56,208 - --- Step 1: Clarke-Wright Heuristic ---
2026-04-04 03:52:56,211 -   Kết quả CW: Cost = 1528, Time = 0.002s
2026-04-04 03:52:56,211 - --- Step 2: Two-Opt Local Search ---
2026-04-04 03:52:56,212 -   Kết quả Two-Opt: Cost = 1427, Time = 0.001s
2026-04-04 03:52:56,212 - --- Step 3: Advanced Optimization (Gurobi MIP) ---
2026-04-04 03:52:56,212 - =========================================
2026-04-04 03:52:56,212 - BẮT ĐẦU OPTIMIZE  (100% Gurobi MIP)
2026-04-04 03:52:56,212 -  -> Max Single Size  : 20
2026-04-04 03:52:56,212 -  -> Single Timeout   : 40.0s
2026-04-04 03:52:56,212 -  -> Max Pairwise Size: 21
2026-04-04 03:52:56,212 -  -> Pairwise Timeout : 58.285714285714285s
2026-04-04 03:52:56,212 -  -> Global Timeout   : 1200.0s
2026-04-04 03:52:56,212 -  -> Closest Pairs    : 999
2026-04-04 03:52:56,212 -  -> Patience         : 3
2026-04-04 03:52:56,212 -  -> Max Iterations   : 150
2026-04-04 03:52:56,212 -  -> Chi phí khởi điểm: 1427
2026-04-04 03:52:56,212 - =========================================
2026-04-04 03:52:56,212 - --- Iter 1/150  (còn 1200s) ---
2026-04-04 03:52:56,417 - => ITER 1: Không cải thiện (1/3)
2026-04-04 03:52:56,417 - --- Iter 2/150  (còn 1200s) ---
2026-04-04 03:52:57,720 -   [Pair] (3,5): 279 → 271  (−8)
2026-04-04 03:52:57,720 - => ITER 2: BEST MỚI = 1419
2026-04-04 03:52:57,720 - --- Iter 3/150  (còn 1198s) ---
2026-04-04 03:53:56,587 -   [Pair] (0,3): 423 → 402  (−21)
2026-04-04 03:53:56,588 - => ITER 3: BEST MỚI = 1398
2026-04-04 03:53:56,588 - --- Iter 4/150  (còn 1140s) ---
2026-04-04 03:54:55,452 -   [Pair] (1,6): 364 → 352  (−12)
2026-04-04 03:54:55,452 - => ITER 4: BEST MỚI = 1386
2026-04-04 03:54:55,452 - --- Iter 5/150  (còn 1081s) ---
2026-04-04 03:56:52,607 -   [Pair] (1,2): 390 → 388  (−2)
2026-04-04 03:56:52,607 - => ITER 5: BEST MỚI = 1384
2026-04-04 03:56:52,607 - --- Iter 6/150  (còn 964s) ---
2026-04-04 03:57:51,535 -   [Pair] (1,6): 397 → 349  (−48)
2026-04-04 03:57:51,535 - => ITER 6: BEST MỚI = 1336
2026-04-04 03:57:51,535 - --- Iter 7/150  (còn 905s) ---
2026-04-04 04:00:49,961 -   [Pair] (0,2): 502 → 472  (−30)
2026-04-04 04:00:49,961 - => ITER 7: BEST MỚI = 1306
2026-04-04 04:00:49,961 - --- Iter 8/150  (còn 726s) ---
2026-04-04 04:02:50,500 -   [Pair] (1,2): 344 → 340  (−4)
2026-04-04 04:02:50,501 - => ITER 8: BEST MỚI = 1302
2026-04-04 04:02:50,501 - --- Iter 9/150  (còn 606s) ---
2026-04-04 04:03:52,340 -   [Pair] (1,6): 412 → 411  (−1)
2026-04-04 04:03:52,340 - => ITER 9: BEST MỚI = 1301
2026-04-04 04:03:52,340 - --- Iter 10/150  (còn 544s) ---
2026-04-04 04:04:42,277 -   [Pair] (0,4): 535 → 439  (−96)
2026-04-04 04:04:42,277 - => ITER 10: BEST MỚI = 1205
2026-04-04 04:04:42,277 - --- Iter 11/150  (còn 494s) ---
2026-04-04 04:05:41,227 -   [Pair] (0,1): 470 → 429  (−41)
2026-04-04 04:05:41,228 - => ITER 11: BEST MỚI = 1164
2026-04-04 04:05:41,228 - --- Iter 12/150  (còn 435s) ---
2026-04-04 04:09:35,032 -   [Pair] (0,6): 467 → 422  (−45)
2026-04-04 04:09:35,032 - => ITER 12: BEST MỚI = 1119
2026-04-04 04:09:35,033 - --- Iter 13/150  (còn 201s) ---
2026-04-04 04:10:33,576 -   [Pair] (1,6): 438 → 356  (−82)
2026-04-04 04:10:33,576 - => ITER 13: BEST MỚI = 1037
2026-04-04 04:10:33,576 - --- Iter 14/150  (còn 143s) ---
2026-04-04 04:10:43,179 -   [Pair] (1,2): 278 → 276  (−2)
2026-04-04 04:10:43,179 - => ITER 14: BEST MỚI = 1035
2026-04-04 04:10:43,179 - --- Iter 15/150  (còn 133s) ---
2026-04-04 04:11:58,144 -   [Pair] (0,5): 277 → 276  (−1)
2026-04-04 04:11:58,144 - => ITER 15: BEST MỚI = 1034
2026-04-04 04:11:58,144 - --- Iter 16/150  (còn 58s) ---
2026-04-04 04:12:56,239 -   [Pair] (5,6): 377 → 376  (−1)
2026-04-04 04:12:56,240 - => ITER 16: BEST MỚI = 1033
2026-04-04 04:12:56,240 - [GlobalTimeout] Dừng trước iteration 17.
2026-04-04 04:12:56,240 - Hoàn thành trong 1200.0s. Final Cost: 1033
2026-04-04 04:12:56,240 - ======================================================================
2026-04-04 04:12:56,240 - BÁO CÁO TỔNG KẾT (SUMMARY)
2026-04-04 04:12:56,240 - ======================================================================
2026-04-04 04:12:56,240 -   1. Chi phí Clarke-Wright:     1528
2026-04-04 04:12:56,240 -   2. Chi phí sau Two-Opt:       1427
2026-04-04 04:12:56,240 -   3. Chi phí sau Gurobi MIP:    1033
2026-04-04 04:12:56,240 -   => TỔNG CẢI THIỆN:            495
2026-04-04 04:12:56,240 -   => Số lần Gurobi Single cải thiện  : 0 lần
2026-04-04 04:12:56,240 -   => Số lần Gurobi Pairwise cải thiện: 15 lần
2026-04-04 04:12:56,240 -   => TỔNG THỜI GIAN CHẠY:       1200.031s
2026-04-04 04:12:56,241 - ======================================================================
2026-04-04 04:12:56,241 - GUROBI MIP SOLVER  |  FILE: B-n52-k7.vrp
2026-04-04 04:12:56,241 - ======================================================================
2026-04-04 04:12:56,245 - Thông tin dữ liệu: Dimension=52, K=7, Capacity=100
2026-04-04 04:12:56,245 - --- Step 1: Clarke-Wright Heuristic ---
2026-04-04 04:12:56,247 -   Kết quả CW: Cost = 927, Time = 0.002s
2026-04-04 04:12:56,247 - --- Step 2: Two-Opt Local Search ---
2026-04-04 04:12:56,249 -   Kết quả Two-Opt: Cost = 885, Time = 0.001s
2026-04-04 04:12:56,249 - --- Step 3: Advanced Optimization (Gurobi MIP) ---
2026-04-04 04:12:56,249 - =========================================
2026-04-04 04:12:56,249 - BẮT ĐẦU OPTIMIZE  (100% Gurobi MIP)
2026-04-04 04:12:56,249 -  -> Max Single Size  : 20
2026-04-04 04:12:56,249 -  -> Single Timeout   : 40.0s
2026-04-04 04:12:56,249 -  -> Max Pairwise Size: 22
2026-04-04 04:12:56,249 -  -> Pairwise Timeout : 59.42857142857143s
2026-04-04 04:12:56,249 -  -> Global Timeout   : 1200.0s
2026-04-04 04:12:56,249 -  -> Closest Pairs    : 999
2026-04-04 04:12:56,249 -  -> Patience         : 3
2026-04-04 04:12:56,249 -  -> Max Iterations   : 150
2026-04-04 04:12:56,249 -  -> Chi phí khởi điểm: 885
2026-04-04 04:12:56,249 - =========================================
2026-04-04 04:12:56,249 - --- Iter 1/150  (còn 1200s) ---
2026-04-04 04:12:56,489 -   [Single] Route 2: 57 → 56  (−1)
2026-04-04 04:12:56,542 -   [Single] Route 3: 56 → 55  (−1)
2026-04-04 04:13:29,318 -   [Pair] (0,6): 296 → 207  (−89)
2026-04-04 04:13:29,318 - => ITER 1: BEST MỚI = 794
2026-04-04 04:13:29,318 - --- Iter 2/150  (còn 1167s) ---
2026-04-04 04:15:28,633 -   [Pair] (4,5): 316 → 314  (−2)
2026-04-04 04:15:28,633 - => ITER 2: BEST MỚI = 792
2026-04-04 04:15:28,633 - --- Iter 3/150  (còn 1048s) ---
2026-04-04 04:18:27,400 -   [Pair] (1,5): 306 → 304  (−2)
2026-04-04 04:18:27,400 - => ITER 3: BEST MỚI = 790
2026-04-04 04:18:27,400 - --- Iter 4/150  (còn 869s) ---
2026-04-04 04:19:27,588 -   [Pair] (1,4): 325 → 324  (−1)
2026-04-04 04:19:27,588 - => ITER 4: BEST MỚI = 789
2026-04-04 04:19:27,589 - --- Iter 5/150  (còn 809s) ---
2026-04-04 04:20:27,893 -   [Pair] (1,5): 285 → 283  (−2)
2026-04-04 04:20:27,893 - => ITER 5: BEST MỚI = 787
2026-04-04 04:20:27,893 - --- Iter 6/150  (còn 748s) ---
2026-04-04 04:24:26,332 -   [Pair] (4,5): 321 → 313  (−8)
2026-04-04 04:24:26,332 - => ITER 6: BEST MỚI = 779
2026-04-04 04:24:26,332 - --- Iter 7/150  (còn 510s) ---
2026-04-04 04:25:26,338 -   [Pair] (1,5): 305 → 302  (−3)
2026-04-04 04:25:26,338 - => ITER 7: BEST MỚI = 776
2026-04-04 04:25:26,338 - --- Iter 8/150  (còn 450s) ---
2026-04-04 04:28:25,390 -   [Pair] (4,5): 303 → 290  (−13)
2026-04-04 04:28:25,390 - => ITER 8: BEST MỚI = 763
2026-04-04 04:28:25,390 - --- Iter 9/150  (còn 271s) ---
2026-04-04 04:31:25,557 -   [Pair] (0,3): 115 → 105  (−10)
2026-04-04 04:31:25,557 - => ITER 9: BEST MỚI = 753
2026-04-04 04:31:25,557 - --- Iter 10/150  (còn 91s) ---
2026-04-04 04:32:56,274 - => ITER 10: Không cải thiện (1/3)
2026-04-04 04:32:56,274 - [GlobalTimeout] Dừng trước iteration 11.
2026-04-04 04:32:56,274 - Hoàn thành trong 1200.0s. Final Cost: 753
2026-04-04 04:32:56,274 - ======================================================================
2026-04-04 04:32:56,274 - BÁO CÁO TỔNG KẾT (SUMMARY)
2026-04-04 04:32:56,274 - ======================================================================
2026-04-04 04:32:56,274 -   1. Chi phí Clarke-Wright:     927
2026-04-04 04:32:56,274 -   2. Chi phí sau Two-Opt:       885
2026-04-04 04:32:56,274 -   3. Chi phí sau Gurobi MIP:    753
2026-04-04 04:32:56,274 -   => TỔNG CẢI THIỆN:            174
2026-04-04 04:32:56,274 -   => Số lần Gurobi Single cải thiện  : 2 lần
2026-04-04 04:32:56,274 -   => Số lần Gurobi Pairwise cải thiện: 9 lần
2026-04-04 04:32:56,274 -   => TỔNG THỜI GIAN CHẠY:       1200.029s
2026-04-04 04:32:56,275 - ======================================================================
2026-04-04 04:32:56,275 - GUROBI MIP SOLVER  |  FILE: B-n56-k7.vrp
2026-04-04 04:32:56,275 - ======================================================================
2026-04-04 04:32:56,280 - Thông tin dữ liệu: Dimension=56, K=7, Capacity=100
2026-04-04 04:32:56,280 - --- Step 1: Clarke-Wright Heuristic ---
2026-04-04 04:32:56,282 -   Kết quả CW: Cost = 941, Time = 0.003s
2026-04-04 04:32:56,282 - --- Step 2: Two-Opt Local Search ---
2026-04-04 04:32:56,284 -   Kết quả Two-Opt: Cost = 909, Time = 0.002s
2026-04-04 04:32:56,284 - --- Step 3: Advanced Optimization (Gurobi MIP) ---
2026-04-04 04:32:56,285 - =========================================
2026-04-04 04:32:56,285 - BẮT ĐẦU OPTIMIZE  (100% Gurobi MIP)
2026-04-04 04:32:56,285 -  -> Max Single Size  : 20
2026-04-04 04:32:56,285 -  -> Single Timeout   : 40.0s
2026-04-04 04:32:56,285 -  -> Max Pairwise Size: 24
2026-04-04 04:32:56,285 -  -> Pairwise Timeout : 64.0s
2026-04-04 04:32:56,285 -  -> Global Timeout   : 1200.0s
2026-04-04 04:32:56,285 -  -> Closest Pairs    : 999
2026-04-04 04:32:56,285 -  -> Patience         : 3
2026-04-04 04:32:56,285 -  -> Max Iterations   : 150
2026-04-04 04:32:56,285 -  -> Chi phí khởi điểm: 909
2026-04-04 04:32:56,285 - =========================================
2026-04-04 04:32:56,285 - --- Iter 1/150  (còn 1200s) ---
2026-04-04 04:32:57,140 -   [Pair] (4,5): 204 → 199  (−5)
2026-04-04 04:32:57,140 - => ITER 1: BEST MỚI = 904
2026-04-04 04:32:57,140 - --- Iter 2/150  (còn 1199s) ---
2026-04-04 04:34:01,849 -   [Pair] (0,1): 270 → 188  (−82)
2026-04-04 04:34:01,849 - => ITER 2: BEST MỚI = 822
2026-04-04 04:34:01,849 - --- Iter 3/150  (còn 1134s) ---
2026-04-04 04:34:01,903 -   [Single] Route 0: 63 → 61  (−2)
2026-04-04 04:34:03,108 -   [Single] Route 1: 125 → 124  (−1)
2026-04-04 04:35:08,240 -   [Pair] (4,6): 362 → 354  (−8)
2026-04-04 04:35:08,241 - => ITER 3: BEST MỚI = 811
2026-04-04 04:35:08,241 - --- Iter 4/150  (còn 1068s) ---
2026-04-04 04:37:18,634 -   [Pair] (1,2): 205 → 200  (−5)
2026-04-04 04:37:18,634 - => ITER 4: BEST MỚI = 806
2026-04-04 04:37:18,634 - --- Iter 5/150  (còn 938s) ---
2026-04-04 04:41:39,047 -   [Pair] (1,6): 244 → 229  (−15)
2026-04-04 04:41:39,047 - => ITER 5: BEST MỚI = 791
2026-04-04 04:41:39,047 - --- Iter 6/150  (còn 677s) ---
2026-04-04 04:47:03,648 -   [Pair] (3,4): 344 → 328  (−16)
2026-04-04 04:47:03,648 - => ITER 6: BEST MỚI = 775
2026-04-04 04:47:03,648 - --- Iter 7/150  (còn 353s) ---
2026-04-04 04:48:12,216 -   [Pair] (4,6): 291 → 257  (−34)
2026-04-04 04:48:12,217 - => ITER 7: BEST MỚI = 741
2026-04-04 04:48:12,220 - --- Iter 8/150  (còn 284s) ---
2026-04-04 04:52:56,313 - => ITER 8: Không cải thiện (1/3)
2026-04-04 04:52:56,314 - [GlobalTimeout] Dừng trước iteration 9.
2026-04-04 04:52:56,314 - Hoàn thành trong 1200.0s. Final Cost: 741
2026-04-04 04:52:56,314 - ======================================================================
2026-04-04 04:52:56,314 - BÁO CÁO TỔNG KẾT (SUMMARY)
2026-04-04 04:52:56,314 - ======================================================================
2026-04-04 04:52:56,314 -   1. Chi phí Clarke-Wright:     941
2026-04-04 04:52:56,314 -   2. Chi phí sau Two-Opt:       909
2026-04-04 04:52:56,314 -   3. Chi phí sau Gurobi MIP:    741
2026-04-04 04:52:56,314 -   => TỔNG CẢI THIỆN:            200
2026-04-04 04:52:56,314 -   => Số lần Gurobi Single cải thiện  : 2 lần
2026-04-04 04:52:56,314 -   => Số lần Gurobi Pairwise cải thiện: 7 lần
2026-04-04 04:52:56,314 -   => TỔNG THỜI GIAN CHẠY:       1200.034s
2026-04-04 04:52:56,315 - ======================================================================
2026-04-04 04:52:56,315 - GUROBI MIP SOLVER  |  FILE: B-n57-k7.vrp
2026-04-04 04:52:56,315 - ======================================================================
2026-04-04 04:52:56,319 - Thông tin dữ liệu: Dimension=57, K=7, Capacity=100
2026-04-04 04:52:56,319 - --- Step 1: Clarke-Wright Heuristic ---
2026-04-04 04:52:56,322 -   Kết quả CW: Cost = 1460, Time = 0.002s
2026-04-04 04:52:56,322 - --- Step 2: Two-Opt Local Search ---
2026-04-04 04:52:56,324 -   Kết quả Two-Opt: Cost = 1429, Time = 0.002s
2026-04-04 04:52:56,324 - --- Step 3: Advanced Optimization (Gurobi MIP) ---
2026-04-04 04:52:56,324 - =========================================
2026-04-04 04:52:56,324 - BẮT ĐẦU OPTIMIZE  (100% Gurobi MIP)
2026-04-04 04:52:56,324 -  -> Max Single Size  : 20
2026-04-04 04:52:56,324 -  -> Single Timeout   : 40.0s
2026-04-04 04:52:56,324 -  -> Max Pairwise Size: 24
2026-04-04 04:52:56,324 -  -> Pairwise Timeout : 65.14285714285714s
2026-04-04 04:52:56,324 -  -> Global Timeout   : 1200.0s
2026-04-04 04:52:56,324 -  -> Closest Pairs    : 999
2026-04-04 04:52:56,324 -  -> Patience         : 3
2026-04-04 04:52:56,324 -  -> Max Iterations   : 150
2026-04-04 04:52:56,324 -  -> Chi phí khởi điểm: 1429
2026-04-04 04:52:56,324 - =========================================
2026-04-04 04:52:56,324 - --- Iter 1/150  (còn 1200s) ---
2026-04-04 04:52:57,306 -   [Single] Route 3: 170 → 167  (−3)
2026-04-04 04:52:57,708 -   [Single] Route 6: 168 → 167  (−1)
2026-04-04 04:54:02,896 -   [Pair] (0,2): 391 → 360  (−31)
2026-04-04 04:54:02,896 - => ITER 1: BEST MỚI = 1394
2026-04-04 04:54:02,896 - --- Iter 2/150  (còn 1133s) ---
2026-04-04 04:55:09,547 -   [Pair] (1,5): 512 → 450  (−62)
2026-04-04 04:55:09,547 - => ITER 2: BEST MỚI = 1332
2026-04-04 04:55:09,547 - --- Iter 3/150  (còn 1067s) ---
2026-04-04 05:01:19,778 -   [Pair] (2,4): 365 → 357  (−8)
2026-04-04 05:01:19,778 - => ITER 3: BEST MỚI = 1324
2026-04-04 05:01:19,778 - --- Iter 4/150  (còn 697s) ---
2026-04-04 05:07:53,468 -   [Pair] (0,2): 347 → 344  (−3)
2026-04-04 05:07:53,468 - => ITER 4: BEST MỚI = 1321
2026-04-04 05:07:53,468 - --- Iter 5/150  (còn 303s) ---
2026-04-04 05:12:16,733 -   [Pair] (0,3): 337 → 303  (−34)
2026-04-04 05:12:16,734 - => ITER 5: BEST MỚI = 1287
2026-04-04 05:12:16,734 - --- Iter 6/150  (còn 40s) ---
2026-04-04 05:12:56,359 - => ITER 6: Không cải thiện (1/3)
2026-04-04 05:12:56,359 - [GlobalTimeout] Dừng trước iteration 7.
2026-04-04 05:12:56,359 - Hoàn thành trong 1200.0s. Final Cost: 1287
2026-04-04 05:12:56,359 - ======================================================================
2026-04-04 05:12:56,359 - BÁO CÁO TỔNG KẾT (SUMMARY)
2026-04-04 05:12:56,359 - ======================================================================
2026-04-04 05:12:56,359 -   1. Chi phí Clarke-Wright:     1460
2026-04-04 05:12:56,359 -   2. Chi phí sau Two-Opt:       1429
2026-04-04 05:12:56,359 -   3. Chi phí sau Gurobi MIP:    1287
2026-04-04 05:12:56,359 -   => TỔNG CẢI THIỆN:            173
2026-04-04 05:12:56,359 -   => Số lần Gurobi Single cải thiện  : 2 lần
2026-04-04 05:12:56,359 -   => Số lần Gurobi Pairwise cải thiện: 5 lần
2026-04-04 05:12:56,359 -   => TỔNG THỜI GIAN CHẠY:       1200.039s
2026-04-04 05:12:56,360 - ======================================================================
2026-04-04 05:12:56,360 - GUROBI MIP SOLVER  |  FILE: B-n57-k9.vrp
2026-04-04 05:12:56,360 - ======================================================================
2026-04-04 05:12:56,365 - Thông tin dữ liệu: Dimension=57, K=9, Capacity=100
2026-04-04 05:12:56,365 - --- Step 1: Clarke-Wright Heuristic ---
2026-04-04 05:12:56,367 -   Kết quả CW: Cost = 1948, Time = 0.002s
2026-04-04 05:12:56,367 - --- Step 2: Two-Opt Local Search ---
2026-04-04 05:12:56,369 -   Kết quả Two-Opt: Cost = 1895, Time = 0.001s
2026-04-04 05:12:56,369 - --- Step 3: Advanced Optimization (Gurobi MIP) ---
2026-04-04 05:12:56,369 - =========================================
2026-04-04 05:12:56,369 - BẮT ĐẦU OPTIMIZE  (100% Gurobi MIP)
2026-04-04 05:12:56,369 -  -> Max Single Size  : 20
2026-04-04 05:12:56,369 -  -> Single Timeout   : 40.0s
2026-04-04 05:12:56,369 -  -> Max Pairwise Size: 19
2026-04-04 05:12:56,369 -  -> Pairwise Timeout : 50.666666666666664s
2026-04-04 05:12:56,369 -  -> Global Timeout   : 1200.0s
2026-04-04 05:12:56,369 -  -> Closest Pairs    : 999
2026-04-04 05:12:56,369 -  -> Patience         : 3
2026-04-04 05:12:56,369 -  -> Max Iterations   : 150
2026-04-04 05:12:56,369 -  -> Chi phí khởi điểm: 1895
2026-04-04 05:12:56,369 - =========================================
2026-04-04 05:12:56,369 - --- Iter 1/150  (còn 1200s) ---
2026-04-04 05:12:59,556 -   [Pair] (1,6): 441 → 438  (−3)
2026-04-04 05:12:59,556 - => ITER 1: BEST MỚI = 1892
2026-04-04 05:12:59,556 - --- Iter 2/150  (còn 1197s) ---
2026-04-04 05:13:53,454 -   [Pair] (3,5): 409 → 378  (−31)
2026-04-04 05:13:53,454 - => ITER 2: BEST MỚI = 1861
2026-04-04 05:13:53,454 - --- Iter 3/150  (còn 1143s) ---
2026-04-04 05:16:28,799 -   [Pair] (2,6): 410 → 388  (−22)
2026-04-04 05:16:28,799 - => ITER 3: BEST MỚI = 1839
2026-04-04 05:16:28,799 - --- Iter 4/150  (còn 988s) ---
2026-04-04 05:17:19,987 -   [Pair] (1,2): 375 → 363  (−12)
2026-04-04 05:17:19,988 - => ITER 4: BEST MỚI = 1827
2026-04-04 05:17:19,988 - --- Iter 5/150  (còn 936s) ---
2026-04-04 05:20:03,418 -   [Pair] (6,7): 439 → 423  (−16)
2026-04-04 05:20:03,419 - => ITER 5: BEST MỚI = 1811
2026-04-04 05:20:03,419 - --- Iter 6/150  (còn 773s) ---
2026-04-04 05:22:00,042 -   [Pair] (1,6): 430 → 425  (−5)
2026-04-04 05:22:00,042 - => ITER 6: BEST MỚI = 1806
2026-04-04 05:22:00,042 - --- Iter 7/150  (còn 656s) ---
2026-04-04 05:22:51,187 -   [Pair] (1,2): 358 → 357  (−1)
2026-04-04 05:22:51,187 - => ITER 7: BEST MỚI = 1805
2026-04-04 05:22:51,187 - --- Iter 8/150  (còn 605s) ---
2026-04-04 05:25:23,717 -   [Pair] (5,6): 442 → 438  (−4)
2026-04-04 05:25:23,717 - => ITER 8: BEST MỚI = 1801
2026-04-04 05:25:23,718 - --- Iter 9/150  (còn 453s) ---
2026-04-04 05:27:05,590 -   [Pair] (3,6): 371 → 340  (−31)
2026-04-04 05:27:05,590 - => ITER 9: BEST MỚI = 1770
2026-04-04 05:27:05,590 - --- Iter 10/150  (còn 351s) ---
2026-04-04 05:28:18,226 -   [Pair] (3,5): 405 → 402  (−3)
2026-04-04 05:28:18,227 - => ITER 10: BEST MỚI = 1767
2026-04-04 05:28:18,227 - --- Iter 11/150  (còn 278s) ---
2026-04-04 05:30:50,713 -   [Pair] (7,8): 445 → 439  (−6)
2026-04-04 05:30:50,714 - => ITER 11: BEST MỚI = 1761
2026-04-04 05:30:50,714 - --- Iter 12/150  (còn 126s) ---
2026-04-04 05:32:56,410 -   [Pair] (3,8): 415 → 409  (−6)
2026-04-04 05:32:56,411 - => ITER 12: BEST MỚI = 1755
2026-04-04 05:32:56,411 - [GlobalTimeout] Dừng trước iteration 13.
2026-04-04 05:32:56,411 - Hoàn thành trong 1200.0s. Final Cost: 1755
2026-04-04 05:32:56,411 - ======================================================================
2026-04-04 05:32:56,411 - BÁO CÁO TỔNG KẾT (SUMMARY)
2026-04-04 05:32:56,411 - ======================================================================
2026-04-04 05:32:56,411 -   1. Chi phí Clarke-Wright:     1948
2026-04-04 05:32:56,411 -   2. Chi phí sau Two-Opt:       1895
2026-04-04 05:32:56,411 -   3. Chi phí sau Gurobi MIP:    1755
2026-04-04 05:32:56,411 -   => TỔNG CẢI THIỆN:            193
2026-04-04 05:32:56,411 -   => Số lần Gurobi Single cải thiện  : 0 lần
2026-04-04 05:32:56,411 -   => Số lần Gurobi Pairwise cải thiện: 12 lần
2026-04-04 05:32:56,411 -   => TỔNG THỜI GIAN CHẠY:       1200.046s
2026-04-04 05:32:56,412 - ======================================================================
2026-04-04 05:32:56,412 - GUROBI MIP SOLVER  |  FILE: B-n63-k10.vrp
2026-04-04 05:32:56,412 - ======================================================================
2026-04-04 05:32:56,418 - Thông tin dữ liệu: Dimension=63, K=10, Capacity=100
2026-04-04 05:32:56,418 - --- Step 1: Clarke-Wright Heuristic ---
2026-04-04 05:32:56,421 -   Kết quả CW: Cost = 1993, Time = 0.003s
2026-04-04 05:32:56,421 - --- Step 2: Two-Opt Local Search ---
2026-04-04 05:32:56,422 -   Kết quả Two-Opt: Cost = 1932, Time = 0.001s
2026-04-04 05:32:56,422 - --- Step 3: Advanced Optimization (Gurobi MIP) ---
2026-04-04 05:32:56,422 - =========================================
2026-04-04 05:32:56,422 - BẮT ĐẦU OPTIMIZE  (100% Gurobi MIP)
2026-04-04 05:32:56,423 -  -> Max Single Size  : 20
2026-04-04 05:32:56,423 -  -> Single Timeout   : 40.0s
2026-04-04 05:32:56,423 -  -> Max Pairwise Size: 18
2026-04-04 05:32:56,423 -  -> Pairwise Timeout : 50.4s
2026-04-04 05:32:56,423 -  -> Global Timeout   : 1200.0s
2026-04-04 05:32:56,423 -  -> Closest Pairs    : 999
2026-04-04 05:32:56,423 -  -> Patience         : 3
2026-04-04 05:32:56,423 -  -> Max Iterations   : 150
2026-04-04 05:32:56,423 -  -> Chi phí khởi điểm: 1932
2026-04-04 05:32:56,423 - =========================================
2026-04-04 05:32:56,423 - --- Iter 1/150  (còn 1200s) ---
2026-04-04 05:32:57,939 -   [Pair] (0,1): 455 → 346  (−109)
2026-04-04 05:32:57,940 - => ITER 1: BEST MỚI = 1823
2026-04-04 05:32:57,940 - --- Iter 2/150  (còn 1198s) ---
2026-04-04 05:33:56,793 -   [Pair] (1,6): 504 → 422  (−82)
2026-04-04 05:33:56,793 - => ITER 2: BEST MỚI = 1741
2026-04-04 05:33:56,793 - --- Iter 3/150  (còn 1140s) ---
2026-04-04 05:34:48,061 -   [Pair] (1,4): 451 → 449  (−2)
2026-04-04 05:34:48,061 - => ITER 3: BEST MỚI = 1739
2026-04-04 05:34:48,061 - --- Iter 4/150  (còn 1088s) ---
2026-04-04 05:36:30,068 -   [Pair] (2,3): 262 → 238  (−24)
2026-04-04 05:36:30,068 - => ITER 4: BEST MỚI = 1715
2026-04-04 05:36:30,068 - --- Iter 5/150  (còn 986s) ---
2026-04-04 05:38:12,018 -   [Pair] (1,6): 335 → 333  (−2)
2026-04-04 05:38:12,018 - => ITER 5: BEST MỚI = 1713
2026-04-04 05:38:12,022 - --- Iter 6/150  (còn 884s) ---
2026-04-04 05:38:13,133 -   [Pair] (0,1): 189 → 185  (−4)
2026-04-04 05:38:13,134 - => ITER 6: BEST MỚI = 1709
2026-04-04 05:38:13,134 - --- Iter 7/150  (còn 883s) ---
2026-04-04 05:39:37,129 -   [Pair] (1,2): 256 → 244  (−12)
2026-04-04 05:39:37,129 - => ITER 7: BEST MỚI = 1697
2026-04-04 05:39:37,129 - --- Iter 8/150  (còn 799s) ---
2026-04-04 05:40:28,555 -   [Pair] (0,1): 137 → 133  (−4)
2026-04-04 05:40:28,555 - => ITER 8: BEST MỚI = 1693
2026-04-04 05:40:28,555 - --- Iter 9/150  (còn 748s) ---
2026-04-04 05:43:03,403 -   [Pair] (2,3): 274 → 266  (−8)
2026-04-04 05:43:03,404 - => ITER 9: BEST MỚI = 1685
2026-04-04 05:43:03,404 - --- Iter 10/150  (còn 593s) ---
2026-04-04 05:44:42,668 -   [Pair] (1,2): 249 → 248  (−1)
2026-04-04 05:44:42,668 - => ITER 10: BEST MỚI = 1684
2026-04-04 05:44:42,668 - --- Iter 11/150  (còn 494s) ---
2026-04-04 05:46:50,456 -   [Pair] (5,9): 456 → 429  (−27)
2026-04-04 05:46:50,457 - => ITER 11: BEST MỚI = 1657
2026-04-04 05:46:50,457 - --- Iter 12/150  (còn 366s) ---
2026-04-04 05:49:29,303 -   [Pair] (5,6): 442 → 440  (−2)
2026-04-04 05:49:29,303 - => ITER 12: BEST MỚI = 1655
2026-04-04 05:49:29,304 - --- Iter 13/150  (còn 207s) ---
2026-04-04 05:50:20,461 -   [Pair] (4,5): 522 → 478  (−44)
2026-04-04 05:50:20,461 - => ITER 13: BEST MỚI = 1611
2026-04-04 05:50:20,461 - --- Iter 14/150  (còn 156s) ---
2026-04-04 05:52:01,958 -   [Pair] (4,6): 448 → 447  (−1)
2026-04-04 05:52:01,958 - => ITER 14: BEST MỚI = 1610
2026-04-04 05:52:01,958 - --- Iter 15/150  (còn 54s) ---
2026-04-04 05:52:53,042 -   [Pair] (5,6): 396 → 390  (−6)
2026-04-04 05:52:53,042 - => ITER 15: BEST MỚI = 1604
2026-04-04 05:52:53,042 - --- Iter 16/150  (còn 3s) ---
2026-04-04 05:52:56,441 - => ITER 16: Không cải thiện (1/3)
2026-04-04 05:52:56,442 - [GlobalTimeout] Dừng trước iteration 17.
2026-04-04 05:52:56,442 - Hoàn thành trong 1200.0s. Final Cost: 1604
2026-04-04 05:52:56,442 - ======================================================================
2026-04-04 05:52:56,442 - BÁO CÁO TỔNG KẾT (SUMMARY)
2026-04-04 05:52:56,442 - ======================================================================
2026-04-04 05:52:56,442 -   1. Chi phí Clarke-Wright:     1993
2026-04-04 05:52:56,442 -   2. Chi phí sau Two-Opt:       1932
2026-04-04 05:52:56,442 -   3. Chi phí sau Gurobi MIP:    1604
2026-04-04 05:52:56,442 -   => TỔNG CẢI THIỆN:            389
2026-04-04 05:52:56,442 -   => Số lần Gurobi Single cải thiện  : 0 lần
2026-04-04 05:52:56,442 -   => Số lần Gurobi Pairwise cải thiện: 15 lần
2026-04-04 05:52:56,442 -   => TỔNG THỜI GIAN CHẠY:       1200.024s
2026-04-04 05:52:56,443 - ======================================================================
2026-04-04 05:52:56,443 - GUROBI MIP SOLVER  |  FILE: B-n64-k9.vrp
2026-04-04 05:52:56,443 - ======================================================================
2026-04-04 05:52:56,449 - Thông tin dữ liệu: Dimension=64, K=9, Capacity=100
2026-04-04 05:52:56,449 - --- Step 1: Clarke-Wright Heuristic ---
2026-04-04 05:52:56,452 -   Kết quả CW: Cost = 1388, Time = 0.003s
2026-04-04 05:52:56,452 - --- Step 2: Two-Opt Local Search ---
2026-04-04 05:52:56,454 -   Kết quả Two-Opt: Cost = 1332, Time = 0.002s
2026-04-04 05:52:56,454 - --- Step 3: Advanced Optimization (Gurobi MIP) ---
2026-04-04 05:52:56,454 - =========================================
2026-04-04 05:52:56,454 - BẮT ĐẦU OPTIMIZE  (100% Gurobi MIP)
2026-04-04 05:52:56,454 -  -> Max Single Size  : 20
2026-04-04 05:52:56,454 -  -> Single Timeout   : 40.0s
2026-04-04 05:52:56,454 -  -> Max Pairwise Size: 21
2026-04-04 05:52:56,454 -  -> Pairwise Timeout : 56.888888888888886s
2026-04-04 05:52:56,454 -  -> Global Timeout   : 1200.0s
2026-04-04 05:52:56,454 -  -> Closest Pairs    : 999
2026-04-04 05:52:56,454 -  -> Patience         : 3
2026-04-04 05:52:56,454 -  -> Max Iterations   : 150
2026-04-04 05:52:56,454 -  -> Chi phí khởi điểm: 1332
2026-04-04 05:52:56,454 - =========================================
2026-04-04 05:52:56,454 - --- Iter 1/150  (còn 1200s) ---
2026-04-04 05:53:05,503 -   [Pair] (1,5): 211 → 200  (−11)
2026-04-04 05:53:05,503 - => ITER 1: BEST MỚI = 1321
2026-04-04 05:53:05,503 - --- Iter 2/150  (còn 1191s) ---
2026-04-04 05:54:11,361 -   [Pair] (1,4): 242 → 200  (−42)
2026-04-04 05:54:11,361 - => ITER 2: BEST MỚI = 1279
2026-04-04 05:54:11,361 - --- Iter 3/150  (còn 1125s) ---
2026-04-04 05:55:09,072 -   [Pair] (1,5): 251 → 199  (−52)
2026-04-04 05:55:09,072 - => ITER 3: BEST MỚI = 1227
2026-04-04 05:55:09,072 - --- Iter 4/150  (còn 1067s) ---
2026-04-04 05:56:09,527 -   [Pair] (0,1): 205 → 203  (−2)
2026-04-04 05:56:09,528 - => ITER 4: BEST MỚI = 1225
2026-04-04 05:56:09,528 - --- Iter 5/150  (còn 1007s) ---
2026-04-04 05:57:12,262 -   [Pair] (0,4): 184 → 183  (−1)
2026-04-04 05:57:12,262 - => ITER 5: BEST MỚI = 1224
2026-04-04 05:57:12,262 - --- Iter 6/150  (còn 944s) ---
2026-04-04 05:59:11,977 -   [Pair] (2,5): 230 → 220  (−10)
2026-04-04 05:59:11,977 - => ITER 6: BEST MỚI = 1214
2026-04-04 05:59:11,977 - --- Iter 7/150  (còn 824s) ---
2026-04-04 06:01:14,528 -   [Pair] (2,8): 245 → 198  (−47)
2026-04-04 06:01:14,528 - => ITER 7: BEST MỚI = 1167
2026-04-04 06:01:14,528 - --- Iter 8/150  (còn 702s) ---
2026-04-04 06:03:05,777 -   [Pair] (2,5): 224 → 221  (−3)
2026-04-04 06:03:05,777 - => ITER 8: BEST MỚI = 1164
2026-04-04 06:03:05,777 - --- Iter 9/150  (còn 591s) ---
2026-04-04 06:06:09,596 -   [Pair] (2,6): 245 → 243  (−2)
2026-04-04 06:06:09,596 - => ITER 9: BEST MỚI = 1162
2026-04-04 06:06:09,596 - --- Iter 10/150  (còn 407s) ---
2026-04-04 06:09:36,707 -   [Pair] (3,7): 463 → 398  (−65)
2026-04-04 06:09:36,707 - => ITER 10: BEST MỚI = 1097
2026-04-04 06:09:36,708 - --- Iter 11/150  (còn 200s) ---
2026-04-04 06:12:56,501 - => ITER 11: Không cải thiện (1/3)
2026-04-04 06:12:56,502 - [GlobalTimeout] Dừng trước iteration 12.
2026-04-04 06:12:56,502 - Hoàn thành trong 1200.0s. Final Cost: 1097
2026-04-04 06:12:56,502 - ======================================================================
2026-04-04 06:12:56,502 - BÁO CÁO TỔNG KẾT (SUMMARY)
2026-04-04 06:12:56,502 - ======================================================================
2026-04-04 06:12:56,502 -   1. Chi phí Clarke-Wright:     1388
2026-04-04 06:12:56,502 -   2. Chi phí sau Two-Opt:       1332
2026-04-04 06:12:56,502 -   3. Chi phí sau Gurobi MIP:    1097
2026-04-04 06:12:56,502 -   => TỔNG CẢI THIỆN:            291
2026-04-04 06:12:56,502 -   => Số lần Gurobi Single cải thiện  : 0 lần
2026-04-04 06:12:56,502 -   => Số lần Gurobi Pairwise cải thiện: 10 lần
2026-04-04 06:12:56,502 -   => TỔNG THỜI GIAN CHẠY:       1200.053s
2026-04-04 06:12:56,503 - ======================================================================
2026-04-04 06:12:56,503 - GUROBI MIP SOLVER  |  FILE: B-n66-k9.vrp
2026-04-04 06:12:56,503 - ======================================================================
2026-04-04 06:12:56,509 - Thông tin dữ liệu: Dimension=66, K=9, Capacity=100
2026-04-04 06:12:56,509 - --- Step 1: Clarke-Wright Heuristic ---
2026-04-04 06:12:56,512 -   Kết quả CW: Cost = 1540, Time = 0.003s
2026-04-04 06:12:56,512 - --- Step 2: Two-Opt Local Search ---
2026-04-04 06:12:56,514 -   Kết quả Two-Opt: Cost = 1406, Time = 0.002s
2026-04-04 06:12:56,515 - --- Step 3: Advanced Optimization (Gurobi MIP) ---
2026-04-04 06:12:56,515 - =========================================
2026-04-04 06:12:56,515 - BẮT ĐẦU OPTIMIZE  (100% Gurobi MIP)
2026-04-04 06:12:56,515 -  -> Max Single Size  : 20
2026-04-04 06:12:56,515 -  -> Single Timeout   : 40.0s
2026-04-04 06:12:56,515 -  -> Max Pairwise Size: 22
2026-04-04 06:12:56,515 -  -> Pairwise Timeout : 58.666666666666664s
2026-04-04 06:12:56,515 -  -> Global Timeout   : 1200.0s
2026-04-04 06:12:56,515 -  -> Closest Pairs    : 999
2026-04-04 06:12:56,515 -  -> Patience         : 3
2026-04-04 06:12:56,515 -  -> Max Iterations   : 150
2026-04-04 06:12:56,515 -  -> Chi phí khởi điểm: 1406
2026-04-04 06:12:56,515 - =========================================
2026-04-04 06:12:56,515 - --- Iter 1/150  (còn 1200s) ---
2026-04-04 06:13:55,894 -   [Pair] (1,5): 285 → 275  (−10)
2026-04-04 06:13:55,894 - => ITER 1: BEST MỚI = 1396
2026-04-04 06:13:55,894 - --- Iter 2/150  (còn 1141s) ---
2026-04-04 06:14:55,267 -   [Pair] (1,7): 226 → 225  (−1)
2026-04-04 06:14:55,267 - => ITER 2: BEST MỚI = 1395
2026-04-04 06:14:55,267 - --- Iter 3/150  (còn 1081s) ---
2026-04-04 06:16:53,336 -   [Pair] (1,2): 367 → 364  (−3)
2026-04-04 06:16:53,337 - => ITER 3: BEST MỚI = 1392
2026-04-04 06:16:53,337 - --- Iter 4/150  (còn 963s) ---
2026-04-04 06:19:50,075 -   [Pair] (4,5): 311 → 307  (−4)
2026-04-04 06:19:50,075 - => ITER 4: BEST MỚI = 1388
2026-04-04 06:19:50,075 - --- Iter 5/150  (còn 786s) ---
2026-04-04 06:24:52,167 -   [Pair] (1,4): 411 → 393  (−18)
2026-04-04 06:24:52,167 - => ITER 5: BEST MỚI = 1370
2026-04-04 06:24:52,167 - --- Iter 6/150  (còn 484s) ---
2026-04-04 06:25:51,750 -   [Pair] (1,2): 267 → 266  (−1)
2026-04-04 06:25:51,750 - => ITER 6: BEST MỚI = 1369
2026-04-04 06:25:51,750 - --- Iter 7/150  (còn 425s) ---
2026-04-04 06:30:51,669 -   [Pair] (3,6): 397 → 378  (−19)
2026-04-04 06:30:51,669 - => ITER 7: BEST MỚI = 1350
2026-04-04 06:30:51,669 - --- Iter 8/150  (còn 125s) ---
2026-04-04 06:32:56,543 - => ITER 8: Không cải thiện (1/3)
2026-04-04 06:32:56,543 - [GlobalTimeout] Dừng trước iteration 9.
2026-04-04 06:32:56,543 - Hoàn thành trong 1200.0s. Final Cost: 1350
2026-04-04 06:32:56,543 - ======================================================================
2026-04-04 06:32:56,543 - BÁO CÁO TỔNG KẾT (SUMMARY)
2026-04-04 06:32:56,543 - ======================================================================
2026-04-04 06:32:56,543 -   1. Chi phí Clarke-Wright:     1540
2026-04-04 06:32:56,544 -   2. Chi phí sau Two-Opt:       1406
2026-04-04 06:32:56,544 -   3. Chi phí sau Gurobi MIP:    1350
2026-04-04 06:32:56,544 -   => TỔNG CẢI THIỆN:            190
2026-04-04 06:32:56,544 -   => Số lần Gurobi Single cải thiện  : 0 lần
2026-04-04 06:32:56,544 -   => Số lần Gurobi Pairwise cải thiện: 7 lần
2026-04-04 06:32:56,544 -   => TỔNG THỜI GIAN CHẠY:       1200.034s
2026-04-04 06:32:56,544 - ======================================================================
2026-04-04 06:32:56,544 - GUROBI MIP SOLVER  |  FILE: B-n67-k10.vrp
2026-04-04 06:32:56,544 - ======================================================================
2026-04-04 06:32:56,551 - Thông tin dữ liệu: Dimension=67, K=10, Capacity=100
2026-04-04 06:32:56,551 - --- Step 1: Clarke-Wright Heuristic ---
2026-04-04 06:32:56,554 -   Kết quả CW: Cost = 1302, Time = 0.003s
2026-04-04 06:32:56,554 - --- Step 2: Two-Opt Local Search ---
2026-04-04 06:32:56,556 -   Kết quả Two-Opt: Cost = 1208, Time = 0.002s
2026-04-04 06:32:56,556 - --- Step 3: Advanced Optimization (Gurobi MIP) ---
2026-04-04 06:32:56,557 - =========================================
2026-04-04 06:32:56,557 - BẮT ĐẦU OPTIMIZE  (100% Gurobi MIP)
2026-04-04 06:32:56,557 -  -> Max Single Size  : 20
2026-04-04 06:32:56,557 -  -> Single Timeout   : 40.0s
2026-04-04 06:32:56,557 -  -> Max Pairwise Size: 20
2026-04-04 06:32:56,557 -  -> Pairwise Timeout : 53.6s
2026-04-04 06:32:56,557 -  -> Global Timeout   : 1200.0s
2026-04-04 06:32:56,557 -  -> Closest Pairs    : 999
2026-04-04 06:32:56,557 -  -> Patience         : 3
2026-04-04 06:32:56,557 -  -> Max Iterations   : 150
2026-04-04 06:32:56,557 -  -> Chi phí khởi điểm: 1208
2026-04-04 06:32:56,557 - =========================================
2026-04-04 06:32:56,557 - --- Iter 1/150  (còn 1200s) ---
2026-04-04 06:33:50,784 -   [Pair] (0,5): 398 → 359  (−39)
2026-04-04 06:33:50,784 - => ITER 1: BEST MỚI = 1169
2026-04-04 06:33:50,784 - --- Iter 2/150  (còn 1146s) ---
2026-04-04 06:34:07,677 -   [Pair] (1,6): 213 → 210  (−3)
2026-04-04 06:34:07,677 - => ITER 2: BEST MỚI = 1166
2026-04-04 06:34:07,677 - --- Iter 3/150  (còn 1129s) ---
2026-04-04 06:34:09,839 -   [Pair] (0,1): 288 → 229  (−59)
2026-04-04 06:34:09,839 - => ITER 3: BEST MỚI = 1107
2026-04-04 06:34:09,839 - --- Iter 4/150  (còn 1127s) ---
2026-04-04 06:35:03,893 -   [Pair] (0,6): 160 → 159  (−1)
2026-04-04 06:35:03,893 - => ITER 4: BEST MỚI = 1106
2026-04-04 06:35:03,894 - --- Iter 5/150  (còn 1073s) ---
2026-04-04 06:36:51,527 -   [Pair] (1,5): 350 → 348  (−2)
2026-04-04 06:36:51,527 - => ITER 5: BEST MỚI = 1104
2026-04-04 06:36:51,527 - --- Iter 6/150  (còn 965s) ---
2026-04-04 06:39:05,197 -   [Pair] (1,3): 261 → 258  (−3)
2026-04-04 06:39:05,197 - => ITER 6: BEST MỚI = 1101
2026-04-04 06:39:05,197 - --- Iter 7/150  (còn 831s) ---
2026-04-04 06:42:44,544 -   [Pair] (4,9): 139 → 136  (−3)
2026-04-04 06:42:44,544 - => ITER 7: BEST MỚI = 1098
2026-04-04 06:42:44,544 - --- Iter 8/150  (còn 612s) ---
2026-04-04 06:46:47,936 -   [Pair] (6,7): 191 → 190  (−1)
2026-04-04 06:46:47,937 - => ITER 8: BEST MỚI = 1097
2026-04-04 06:46:47,937 - --- Iter 9/150  (còn 369s) ---
2026-04-04 06:52:56,576 - => ITER 9: Không cải thiện (1/3)
2026-04-04 06:52:56,576 - [GlobalTimeout] Dừng trước iteration 10.
2026-04-04 06:52:56,576 - Hoàn thành trong 1200.0s. Final Cost: 1097
2026-04-04 06:52:56,576 - ======================================================================
2026-04-04 06:52:56,576 - BÁO CÁO TỔNG KẾT (SUMMARY)
2026-04-04 06:52:56,576 - ======================================================================
2026-04-04 06:52:56,577 -   1. Chi phí Clarke-Wright:     1302
2026-04-04 06:52:56,577 -   2. Chi phí sau Two-Opt:       1208
2026-04-04 06:52:56,577 -   3. Chi phí sau Gurobi MIP:    1097
2026-04-04 06:52:56,577 -   => TỔNG CẢI THIỆN:            205
2026-04-04 06:52:56,577 -   => Số lần Gurobi Single cải thiện  : 0 lần
2026-04-04 06:52:56,577 -   => Số lần Gurobi Pairwise cải thiện: 8 lần
2026-04-04 06:52:56,577 -   => TỔNG THỜI GIAN CHẠY:       1200.025s
2026-04-04 06:52:56,580 - ======================================================================
2026-04-04 06:52:56,580 - GUROBI MIP SOLVER  |  FILE: B-n68-k9.vrp
2026-04-04 06:52:56,580 - ======================================================================
2026-04-04 06:52:56,586 - Thông tin dữ liệu: Dimension=68, K=9, Capacity=100
2026-04-04 06:52:56,586 - --- Step 1: Clarke-Wright Heuristic ---
2026-04-04 06:52:56,590 -   Kết quả CW: Cost = 1580, Time = 0.004s
2026-04-04 06:52:56,590 - --- Step 2: Two-Opt Local Search ---
2026-04-04 06:52:56,592 -   Kết quả Two-Opt: Cost = 1533, Time = 0.002s
2026-04-04 06:52:56,593 - --- Step 3: Advanced Optimization (Gurobi MIP) ---
2026-04-04 06:52:56,593 - =========================================
2026-04-04 06:52:56,593 - BẮT ĐẦU OPTIMIZE  (100% Gurobi MIP)
2026-04-04 06:52:56,593 -  -> Max Single Size  : 20
2026-04-04 06:52:56,593 -  -> Single Timeout   : 40.0s
2026-04-04 06:52:56,593 -  -> Max Pairwise Size: 22
2026-04-04 06:52:56,593 -  -> Pairwise Timeout : 60.44444444444444s
2026-04-04 06:52:56,593 -  -> Global Timeout   : 1200.0s
2026-04-04 06:52:56,593 -  -> Closest Pairs    : 999
2026-04-04 06:52:56,593 -  -> Patience         : 3
2026-04-04 06:52:56,593 -  -> Max Iterations   : 150
2026-04-04 06:52:56,593 -  -> Chi phí khởi điểm: 1533
2026-04-04 06:52:56,593 - =========================================
2026-04-04 06:52:56,593 - --- Iter 1/150  (còn 1200s) ---
2026-04-04 06:52:57,029 -   [Single] Route 0: 90 → 88  (−2)
2026-04-04 06:52:57,319 -   [Single] Route 2: 62 → 61  (−1)
2026-04-04 06:53:58,529 -   [Pair] (4,6): 426 → 422  (−4)
2026-04-04 06:53:58,529 - => ITER 1: BEST MỚI = 1526
2026-04-04 06:53:58,530 - --- Iter 2/150  (còn 1138s) ---
2026-04-04 06:53:59,688 -   [Single] Route 4: 168 → 167  (−1)
2026-04-04 06:54:06,036 -   [Pair] (7,8): 359 → 357  (−2)
2026-04-04 06:54:06,037 - => ITER 2: BEST MỚI = 1523
2026-04-04 06:54:06,037 - --- Iter 3/150  (còn 1131s) ---
2026-04-04 06:55:09,267 -   [Pair] (0,2): 149 → 147  (−2)
2026-04-04 06:55:09,267 - => ITER 3: BEST MỚI = 1521
2026-04-04 06:55:09,267 - --- Iter 4/150  (còn 1067s) ---
2026-04-04 06:57:33,074 -   [Pair] (3,5): 397 → 368  (−29)
2026-04-04 06:57:33,074 - => ITER 4: BEST MỚI = 1492
2026-04-04 06:57:33,074 - --- Iter 5/150  (còn 924s) ---
2026-04-04 07:01:56,416 -   [Pair] (1,4): 366 → 363  (−3)
2026-04-04 07:01:56,417 - => ITER 5: BEST MỚI = 1489
2026-04-04 07:01:56,417 - --- Iter 6/150  (còn 660s) ---
2026-04-04 07:05:19,140 -   [Pair] (1,6): 448 → 434  (−14)
2026-04-04 07:05:19,140 - => ITER 6: BEST MỚI = 1475
2026-04-04 07:05:19,140 - --- Iter 7/150  (còn 457s) ---
2026-04-04 07:09:40,691 -   [Pair] (4,8): 354 → 344  (−10)
2026-04-04 07:09:40,691 - => ITER 7: BEST MỚI = 1465
2026-04-04 07:09:40,691 - --- Iter 8/150  (còn 196s) ---
2026-04-04 07:10:42,073 -   [Pair] (4,6): 388 → 363  (−25)
2026-04-04 07:10:42,073 - => ITER 8: BEST MỚI = 1440
2026-04-04 07:10:42,073 - --- Iter 9/150  (còn 135s) ---
2026-04-04 07:11:44,127 -   [Pair] (4,6): 363 → 362  (−1)
2026-04-04 07:11:44,127 - => ITER 9: BEST MỚI = 1439
2026-04-04 07:11:44,127 - --- Iter 10/150  (còn 72s) ---
2026-04-04 07:12:56,619 - => ITER 10: Không cải thiện (1/3)
2026-04-04 07:12:56,619 - [GlobalTimeout] Dừng trước iteration 11.
2026-04-04 07:12:56,619 - Hoàn thành trong 1200.0s. Final Cost: 1439
2026-04-04 07:12:56,619 - ======================================================================
2026-04-04 07:12:56,619 - BÁO CÁO TỔNG KẾT (SUMMARY)
2026-04-04 07:12:56,619 - ======================================================================
2026-04-04 07:12:56,619 -   1. Chi phí Clarke-Wright:     1580
2026-04-04 07:12:56,619 -   2. Chi phí sau Two-Opt:       1533
2026-04-04 07:12:56,619 -   3. Chi phí sau Gurobi MIP:    1439
2026-04-04 07:12:56,620 -   => TỔNG CẢI THIỆN:            141
2026-04-04 07:12:56,620 -   => Số lần Gurobi Single cải thiện  : 3 lần
2026-04-04 07:12:56,620 -   => Số lần Gurobi Pairwise cải thiện: 9 lần
2026-04-04 07:12:56,620 -   => TỔNG THỜI GIAN CHẠY:       1200.033s
2026-04-04 07:12:56,620 - ======================================================================
2026-04-04 07:12:56,620 - GUROBI MIP SOLVER  |  FILE: B-n78-k10.vrp
2026-04-04 07:12:56,620 - ======================================================================
2026-04-04 07:12:56,629 - Thông tin dữ liệu: Dimension=78, K=10, Capacity=100
2026-04-04 07:12:56,629 - --- Step 1: Clarke-Wright Heuristic ---
2026-04-04 07:12:56,633 -   Kết quả CW: Cost = 1576, Time = 0.004s
2026-04-04 07:12:56,633 - --- Step 2: Two-Opt Local Search ---
2026-04-04 07:12:56,637 -   Kết quả Two-Opt: Cost = 1483, Time = 0.003s
2026-04-04 07:12:56,637 - --- Step 3: Advanced Optimization (Gurobi MIP) ---
2026-04-04 07:12:56,637 - =========================================
2026-04-04 07:12:56,637 - BẮT ĐẦU OPTIMIZE  (100% Gurobi MIP)
2026-04-04 07:12:56,637 -  -> Max Single Size  : 20
2026-04-04 07:12:56,637 -  -> Single Timeout   : 40.0s
2026-04-04 07:12:56,637 -  -> Max Pairwise Size: 23
2026-04-04 07:12:56,637 -  -> Pairwise Timeout : 62.4s
2026-04-04 07:12:56,637 -  -> Global Timeout   : 1200.0s
2026-04-04 07:12:56,637 -  -> Closest Pairs    : 999
2026-04-04 07:12:56,637 -  -> Patience         : 3
2026-04-04 07:12:56,637 -  -> Max Iterations   : 150
2026-04-04 07:12:56,637 -  -> Chi phí khởi điểm: 1483
2026-04-04 07:12:56,637 - =========================================
2026-04-04 07:12:56,637 - --- Iter 1/150  (còn 1200s) ---
2026-04-04 07:12:56,746 -   [Single] Route 2: 252 → 250  (−2)
2026-04-04 07:12:56,892 -   [Single] Route 3: 193 → 192  (−1)
2026-04-04 07:14:00,380 -   [Pair] (0,5): 177 → 169  (−8)
2026-04-04 07:14:00,380 - => ITER 1: BEST MỚI = 1472
2026-04-04 07:14:00,380 - --- Iter 2/150  (còn 1136s) ---
