2026-04-04 14:37:33,296 - ======================================================================
2026-04-04 14:37:33,296 - FILE: B-n31-k5.vrp
2026-04-04 14:37:33,296 - ======================================================================
2026-04-04 14:37:33,298 - Dim=31 K=5 Cap=100
2026-04-04 14:37:33,298 - --- Step 1: Clarke-Wright Heuristic ---
2026-04-04 14:37:33,299 -   cost=748 time=0.00s
2026-04-04 14:37:33,299 - --- Step 2, 3, 4: Advanced Optimization Pipeline ---
2026-04-04 14:37:33,299 - =========================================
2026-04-04 14:37:33,299 - BẮT ĐẦU TUYẾN TRÌNH TỐI ƯU (PIPELINE)
2026-04-04 14:37:33,299 - =========================================
2026-04-04 14:37:33,299 - === GIAI ĐOẠN 2: LOCAL SEARCH ĐA TOÁN TỬ | Bắt đầu: 748.00 ===
2026-04-04 14:37:33,338 -   [LS Iter 1] Cải thiện cost: 748.00 -> 683.00
2026-04-04 14:37:33,367 -   [LS Iter 2] Cải thiện cost: 683.00 -> 677.00
2026-04-04 14:37:33,393 - === KẾT THÚC GIAI ĐOẠN 2 | Đạt cực trị tại: 677.00 ===
2026-04-04 14:37:33,394 - === BẮT ĐẦU CHẶNG 3: ALNS + GLS | Vòng lặp: 150 | Cost: 677.00 ===
2026-04-04 14:37:33,508 -   [ALNS Iter 2] Related Destroy phá vỡ giới hạn -> BEST MỚI: 672.00
2026-04-04 14:37:33,509 -   [ALNS] 🎉 Đã chạm mốc BKS (672.0). Ngắt vòng lặp ALNS sớm!
2026-04-04 14:37:33,509 - === KẾT THÚC CHẶNG 3 | Cost xuất sắc nhất đạt được: 672.00 ===
2026-04-04 14:37:33,509 - 🎉 ĐÃ ĐẠT NGHIỆM TỐI ƯU TOÀN CỤC (BKS = 672.0). DỪNG SỚM!
2026-04-04 14:37:33,509 - ======================================================================
2026-04-04 14:37:33,509 - CW Khởi tạo = 748 → Sau Pipeline = 672
2026-04-04 14:37:33,509 - Cải thiện so CW: 76
2026-04-04 14:37:33,509 - Tổng thời gian: 0.2s
2026-04-04 14:37:33,509 - Verified cost: 672
2026-04-04 14:37:33,510 - ======================================================================
2026-04-04 14:37:33,510 - FILE: B-n34-k5.vrp
2026-04-04 14:37:33,510 - ======================================================================
2026-04-04 14:37:33,512 - Dim=34 K=5 Cap=100
2026-04-04 14:37:33,512 - --- Step 1: Clarke-Wright Heuristic ---
2026-04-04 14:37:33,513 -   cost=936 time=0.00s
2026-04-04 14:37:33,513 - --- Step 2, 3, 4: Advanced Optimization Pipeline ---
2026-04-04 14:37:33,513 - =========================================
2026-04-04 14:37:33,513 - BẮT ĐẦU TUYẾN TRÌNH TỐI ƯU (PIPELINE)
2026-04-04 14:37:33,513 - =========================================
2026-04-04 14:37:33,513 - === GIAI ĐOẠN 2: LOCAL SEARCH ĐA TOÁN TỬ | Bắt đầu: 936.00 ===
2026-04-04 14:37:33,556 -   [LS Iter 1] Cải thiện cost: 936.00 -> 821.00
2026-04-04 14:37:33,590 -   [LS Iter 2] Cải thiện cost: 821.00 -> 808.00
2026-04-04 14:37:33,623 -   [LS Iter 3] Cải thiện cost: 808.00 -> 799.00
2026-04-04 14:37:33,655 -   [LS Iter 4] Cải thiện cost: 799.00 -> 791.00
2026-04-04 14:37:33,687 - === KẾT THÚC GIAI ĐOẠN 2 | Đạt cực trị tại: 791.00 ===
2026-04-04 14:37:33,687 - === BẮT ĐẦU CHẶNG 3: ALNS + GLS | Vòng lặp: 150 | Cost: 791.00 ===
2026-04-04 14:37:34,691 -   [ALNS Iter 20] Worst Destroy phá vỡ giới hạn -> BEST MỚI: 789.00
2026-04-04 14:37:35,678 -   [GLS Iter 41] Cập nhật ma trận phạt để thay đổi hướng đi.
2026-04-04 14:37:38,961 -   [GLS Iter 101] Cập nhật ma trận phạt để thay đổi hướng đi.
2026-04-04 14:37:39,091 -   [ALNS Iter 103] Worst Destroy phá vỡ giới hạn -> BEST MỚI: 788.00
2026-04-04 14:37:39,091 -   [ALNS] 🎉 Đã chạm mốc BKS (788.0). Ngắt vòng lặp ALNS sớm!
2026-04-04 14:37:39,091 - === KẾT THÚC CHẶNG 3 | Cost xuất sắc nhất đạt được: 788.00 ===
2026-04-04 14:37:39,091 - 🎉 ĐÃ ĐẠT NGHIỆM TỐI ƯU TOÀN CỤC (BKS = 788.0). DỪNG SỚM!
2026-04-04 14:37:39,091 - ======================================================================
2026-04-04 14:37:39,091 - CW Khởi tạo = 936 → Sau Pipeline = 788
2026-04-04 14:37:39,091 - Cải thiện so CW: 148
2026-04-04 14:37:39,091 - Tổng thời gian: 5.6s
2026-04-04 14:37:39,091 - Verified cost: 788
2026-04-04 14:37:39,092 - ======================================================================
2026-04-04 14:37:39,092 - FILE: B-n35-k5.vrp
2026-04-04 14:37:39,092 - ======================================================================
2026-04-04 14:37:39,094 - Dim=35 K=5 Cap=100
2026-04-04 14:37:39,095 - --- Step 1: Clarke-Wright Heuristic ---
2026-04-04 14:37:39,096 -   cost=1016 time=0.00s
2026-04-04 14:37:39,096 - --- Step 2, 3, 4: Advanced Optimization Pipeline ---
2026-04-04 14:37:39,096 - =========================================
2026-04-04 14:37:39,096 - BẮT ĐẦU TUYẾN TRÌNH TỐI ƯU (PIPELINE)
2026-04-04 14:37:39,096 - =========================================
2026-04-04 14:37:39,096 - === GIAI ĐOẠN 2: LOCAL SEARCH ĐA TOÁN TỬ | Bắt đầu: 1016.00 ===
2026-04-04 14:37:39,139 -   [LS Iter 1] Cải thiện cost: 1016.00 -> 965.00
2026-04-04 14:37:39,177 -   [LS Iter 2] Cải thiện cost: 965.00 -> 959.00
2026-04-04 14:37:39,215 -   [LS Iter 3] Cải thiện cost: 959.00 -> 958.00
2026-04-04 14:37:39,249 -   [LS Iter 4] Cải thiện cost: 958.00 -> 956.00
2026-04-04 14:37:39,283 -   [LS Iter 5] Cải thiện cost: 956.00 -> 955.00
2026-04-04 14:37:39,319 - === KẾT THÚC GIAI ĐOẠN 2 | Đạt cực trị tại: 955.00 ===
2026-04-04 14:37:39,320 - === BẮT ĐẦU CHẶNG 3: ALNS + GLS | Vòng lặp: 150 | Cost: 955.00 ===
2026-04-04 14:37:39,320 -   [ALNS] 🎉 Đã chạm mốc BKS (955.0). Ngắt vòng lặp ALNS sớm!
2026-04-04 14:37:39,320 - === KẾT THÚC CHẶNG 3 | Cost xuất sắc nhất đạt được: 955.00 ===
2026-04-04 14:37:39,320 - 🎉 ĐÃ ĐẠT NGHIỆM TỐI ƯU TOÀN CỤC (BKS = 955.0). DỪNG SỚM!
2026-04-04 14:37:39,320 - ======================================================================
2026-04-04 14:37:39,320 - CW Khởi tạo = 1016 → Sau Pipeline = 955
2026-04-04 14:37:39,320 - Cải thiện so CW: 61
2026-04-04 14:37:39,320 - Tổng thời gian: 0.2s
2026-04-04 14:37:39,320 - Verified cost: 955
2026-04-04 14:37:39,321 - ======================================================================
2026-04-04 14:37:39,321 - FILE: B-n38-k6.vrp
2026-04-04 14:37:39,321 - ======================================================================
2026-04-04 14:37:39,324 - Dim=38 K=6 Cap=100
2026-04-04 14:37:39,324 - --- Step 1: Clarke-Wright Heuristic ---
2026-04-04 14:37:39,325 -   cost=961 time=0.00s
2026-04-04 14:37:39,325 - --- Step 2, 3, 4: Advanced Optimization Pipeline ---
2026-04-04 14:37:39,325 - =========================================
2026-04-04 14:37:39,325 - BẮT ĐẦU TUYẾN TRÌNH TỐI ƯU (PIPELINE)
2026-04-04 14:37:39,325 - =========================================
2026-04-04 14:37:39,325 - === GIAI ĐOẠN 2: LOCAL SEARCH ĐA TOÁN TỬ | Bắt đầu: 961.00 ===
2026-04-04 14:37:39,384 -   [LS Iter 1] Cải thiện cost: 961.00 -> 824.00
2026-04-04 14:37:39,435 -   [LS Iter 2] Cải thiện cost: 824.00 -> 815.00
2026-04-04 14:37:39,487 - === KẾT THÚC GIAI ĐOẠN 2 | Đạt cực trị tại: 815.00 ===
2026-04-04 14:37:39,487 - === BẮT ĐẦU CHẶNG 3: ALNS + GLS | Vòng lặp: 150 | Cost: 815.00 ===
2026-04-04 14:37:40,868 -   [GLS Iter 21] Cập nhật ma trận phạt để thay đổi hướng đi.
2026-04-04 14:37:43,523 -   [ALNS Iter 49] Worst Destroy phá vỡ giới hạn -> BEST MỚI: 808.00
2026-04-04 14:37:43,612 -   [ALNS Iter 50] Related Destroy phá vỡ giới hạn -> BEST MỚI: 807.00
2026-04-04 14:37:43,704 -   [ALNS Iter 51] Related Destroy phá vỡ giới hạn -> BEST MỚI: 806.00
2026-04-04 14:37:44,128 -   [ALNS Iter 55] Worst Destroy phá vỡ giới hạn -> BEST MỚI: 805.00
2026-04-04 14:37:44,128 -   [ALNS] 🎉 Đã chạm mốc BKS (805.0). Ngắt vòng lặp ALNS sớm!
2026-04-04 14:37:44,128 - === KẾT THÚC CHẶNG 3 | Cost xuất sắc nhất đạt được: 805.00 ===
2026-04-04 14:37:44,128 - 🎉 ĐÃ ĐẠT NGHIỆM TỐI ƯU TOÀN CỤC (BKS = 805.0). DỪNG SỚM!
2026-04-04 14:37:44,129 - ======================================================================
2026-04-04 14:37:44,129 - CW Khởi tạo = 961 → Sau Pipeline = 805
2026-04-04 14:37:44,129 - Cải thiện so CW: 156
2026-04-04 14:37:44,129 - Tổng thời gian: 4.8s
2026-04-04 14:37:44,129 - Verified cost: 805
2026-04-04 14:37:44,129 - ======================================================================
2026-04-04 14:37:44,129 - FILE: B-n39-k5.vrp
2026-04-04 14:37:44,129 - ======================================================================
2026-04-04 14:37:44,135 - Dim=39 K=5 Cap=100
2026-04-04 14:37:44,138 - --- Step 1: Clarke-Wright Heuristic ---
2026-04-04 14:37:44,139 -   cost=695 time=0.00s
2026-04-04 14:37:44,142 - --- Step 2, 3, 4: Advanced Optimization Pipeline ---
2026-04-04 14:37:44,142 - =========================================
2026-04-04 14:37:44,142 - BẮT ĐẦU TUYẾN TRÌNH TỐI ƯU (PIPELINE)
2026-04-04 14:37:44,142 - =========================================
2026-04-04 14:37:44,142 - === GIAI ĐOẠN 2: LOCAL SEARCH ĐA TOÁN TỬ | Bắt đầu: 695.00 ===
2026-04-04 14:37:44,216 -   [LS Iter 1] Cải thiện cost: 695.00 -> 556.00
2026-04-04 14:37:44,272 -   [LS Iter 2] Cải thiện cost: 556.00 -> 555.00
2026-04-04 14:37:44,323 - === KẾT THÚC GIAI ĐOẠN 2 | Đạt cực trị tại: 555.00 ===
2026-04-04 14:37:44,323 - === BẮT ĐẦU CHẶNG 3: ALNS + GLS | Vòng lặp: 150 | Cost: 555.00 ===
2026-04-04 14:37:44,925 -   [ALNS Iter 4] Worst Destroy phá vỡ giới hạn -> BEST MỚI: 550.00
2026-04-04 14:37:51,161 -   [GLS Iter 61] Cập nhật ma trận phạt để thay đổi hướng đi.
2026-04-04 14:37:58,042 -   [GLS Iter 121] Cập nhật ma trận phạt để thay đổi hướng đi.
2026-04-04 14:38:01,473 - === KẾT THÚC CHẶNG 3 | Cost xuất sắc nhất đạt được: 550.00 ===
2026-04-04 14:38:01,473 - === BẮT ĐẦU CHẶNG 4: MAX-SAT CHÍNH XÁC | Cost: 550.00 ===
2026-04-04 14:38:01,473 -   [GĐ 4.1] Giải bài toán TSP trên từng tuyến đơn...
2026-04-04 14:38:04,307 -   [GĐ 4.2] Xét từng cặp tuyến để phân bổ lại khách hàng...
2026-04-04 14:38:04,308 -   --- Pairwise Iter 1 (còn 1180s) ---
2026-04-04 14:39:04,311 -     [P-Timeout 60.0s]
2026-04-04 14:40:04,323 -     [P-Timeout 60.0s]
2026-04-04 14:41:04,337 -     [P-Timeout 60.0s]
2026-04-04 14:42:04,349 -     [P-Timeout 60.0s]
2026-04-04 14:43:04,362 -     [P-Timeout 60.0s]
2026-04-04 14:44:04,380 -     [P-Timeout 60.0s]
2026-04-04 14:44:04,394 -     -> Đã đạt cực trị toàn cục cho mọi cặp dưới ngưỡng. KẾT THÚC CHẶNG 4.
2026-04-04 14:44:04,394 - HOÀN THÀNH PIPELINE. Final cost=550.00 | Time=380.3s
2026-04-04 14:44:04,395 - ======================================================================
2026-04-04 14:44:04,395 - CW Khởi tạo = 695 → Sau Pipeline = 550
2026-04-04 14:44:04,395 - Cải thiện so CW: 145
2026-04-04 14:44:04,395 - Tổng thời gian: 380.3s
2026-04-04 14:44:04,395 - Verified cost: 550
2026-04-04 14:44:04,396 - ======================================================================
2026-04-04 14:44:04,396 - FILE: B-n41-k6.vrp
2026-04-04 14:44:04,396 - ======================================================================
2026-04-04 14:44:04,400 - Dim=41 K=6 Cap=100
2026-04-04 14:44:04,400 - --- Step 1: Clarke-Wright Heuristic ---
2026-04-04 14:44:04,401 -   cost=981 time=0.00s
2026-04-04 14:44:04,404 - --- Step 2, 3, 4: Advanced Optimization Pipeline ---
2026-04-04 14:44:04,404 - =========================================
2026-04-04 14:44:04,404 - BẮT ĐẦU TUYẾN TRÌNH TỐI ƯU (PIPELINE)
2026-04-04 14:44:04,404 - =========================================
2026-04-04 14:44:04,404 - === GIAI ĐOẠN 2: LOCAL SEARCH ĐA TOÁN TỬ | Bắt đầu: 981.00 ===
2026-04-04 14:44:04,453 -   [LS Iter 1] Cải thiện cost: 981.00 -> 940.00
2026-04-04 14:44:04,499 -   [LS Iter 2] Cải thiện cost: 940.00 -> 932.00
2026-04-04 14:44:04,549 -   [LS Iter 3] Cải thiện cost: 932.00 -> 877.00
2026-04-04 14:44:04,590 -   [LS Iter 4] Cải thiện cost: 877.00 -> 873.00
2026-04-04 14:44:04,631 - === KẾT THÚC GIAI ĐOẠN 2 | Đạt cực trị tại: 873.00 ===
2026-04-04 14:44:04,632 - === BẮT ĐẦU CHẶNG 3: ALNS + GLS | Vòng lặp: 150 | Cost: 873.00 ===
2026-04-04 14:44:05,069 -   [ALNS Iter 4] Related Destroy phá vỡ giới hạn -> BEST MỚI: 869.00
2026-04-04 14:44:06,563 -   [ALNS Iter 23] Related Destroy phá vỡ giới hạn -> BEST MỚI: 852.00
2026-04-04 14:44:06,695 -   [ALNS Iter 24] Random Destroy phá vỡ giới hạn -> BEST MỚI: 846.00
2026-04-04 14:44:06,738 -   [ALNS Iter 25] Related Destroy phá vỡ giới hạn -> BEST MỚI: 845.00
2026-04-04 14:44:07,722 -   [ALNS Iter 36] Related Destroy phá vỡ giới hạn -> BEST MỚI: 844.00
2026-04-04 14:44:07,857 -   [ALNS Iter 37] Related Destroy phá vỡ giới hạn -> BEST MỚI: 840.00
2026-04-04 14:44:09,931 -   [ALNS Iter 58] Related Destroy phá vỡ giới hạn -> BEST MỚI: 838.00
2026-04-04 14:44:10,234 -   [GLS Iter 61] Cập nhật ma trận phạt để thay đổi hướng đi.
2026-04-04 14:44:10,902 -   [ALNS Iter 70] Related Destroy phá vỡ giới hạn -> BEST MỚI: 834.00
2026-04-04 14:44:11,246 -   [ALNS Iter 74] Related Destroy phá vỡ giới hạn -> BEST MỚI: 829.00
2026-04-04 14:44:11,246 -   [ALNS] 🎉 Đã chạm mốc BKS (829.0). Ngắt vòng lặp ALNS sớm!
2026-04-04 14:44:11,247 - === KẾT THÚC CHẶNG 3 | Cost xuất sắc nhất đạt được: 829.00 ===
2026-04-04 14:44:11,247 - 🎉 ĐÃ ĐẠT NGHIỆM TỐI ƯU TOÀN CỤC (BKS = 829.0). DỪNG SỚM!
2026-04-04 14:44:11,247 - ======================================================================
2026-04-04 14:44:11,247 - CW Khởi tạo = 981 → Sau Pipeline = 829
2026-04-04 14:44:11,247 - Cải thiện so CW: 152
2026-04-04 14:44:11,247 - Tổng thời gian: 6.8s
2026-04-04 14:44:11,247 - Verified cost: 829
2026-04-04 14:44:11,248 - ======================================================================
2026-04-04 14:44:11,248 - FILE: B-n43-k6.vrp
2026-04-04 14:44:11,248 - ======================================================================
2026-04-04 14:44:11,251 - Dim=43 K=6 Cap=100
2026-04-04 14:44:11,251 - --- Step 1: Clarke-Wright Heuristic ---
2026-04-04 14:44:11,252 -   cost=861 time=0.00s
2026-04-04 14:44:11,252 - --- Step 2, 3, 4: Advanced Optimization Pipeline ---
2026-04-04 14:44:11,253 - =========================================
2026-04-04 14:44:11,253 - BẮT ĐẦU TUYẾN TRÌNH TỐI ƯU (PIPELINE)
2026-04-04 14:44:11,253 - =========================================
2026-04-04 14:44:11,253 - === GIAI ĐOẠN 2: LOCAL SEARCH ĐA TOÁN TỬ | Bắt đầu: 861.00 ===
2026-04-04 14:44:11,314 -   [LS Iter 1] Cải thiện cost: 861.00 -> 787.00
2026-04-04 14:44:11,368 -   [LS Iter 2] Cải thiện cost: 787.00 -> 783.00
2026-04-04 14:44:11,426 -   [LS Iter 3] Cải thiện cost: 783.00 -> 766.00
2026-04-04 14:44:11,481 -   [LS Iter 4] Cải thiện cost: 766.00 -> 758.00
2026-04-04 14:44:11,537 -   [LS Iter 5] Cải thiện cost: 758.00 -> 757.00
2026-04-04 14:44:11,592 - === KẾT THÚC GIAI ĐOẠN 2 | Đạt cực trị tại: 757.00 ===
2026-04-04 14:44:11,592 - === BẮT ĐẦU CHẶNG 3: ALNS + GLS | Vòng lặp: 150 | Cost: 757.00 ===
2026-04-04 14:44:14,197 -   [GLS Iter 21] Cập nhật ma trận phạt để thay đổi hướng đi.
2026-04-04 14:44:17,924 -   [ALNS Iter 48] Random Destroy phá vỡ giới hạn -> BEST MỚI: 752.00
2026-04-04 14:44:18,111 -   [ALNS Iter 49] Random Destroy phá vỡ giới hạn -> BEST MỚI: 747.00
2026-04-04 14:44:18,366 -   [ALNS Iter 51] Related Destroy phá vỡ giới hạn -> BEST MỚI: 745.00
2026-04-04 14:44:22,399 -   [GLS Iter 81] Cập nhật ma trận phạt để thay đổi hướng đi.
2026-04-04 14:44:28,544 -   [ALNS Iter 126] Random Destroy phá vỡ giới hạn -> BEST MỚI: 744.00
2026-04-04 14:44:28,785 -   [ALNS Iter 128] Related Destroy phá vỡ giới hạn -> BEST MỚI: 743.00
2026-04-04 14:44:32,032 -   [ALNS Iter 150] Worst Destroy phá vỡ giới hạn -> BEST MỚI: 742.00
2026-04-04 14:44:32,032 - === KẾT THÚC CHẶNG 3 | Cost xuất sắc nhất đạt được: 742.00 ===
2026-04-04 14:44:32,032 - 🎉 ĐÃ ĐẠT NGHIỆM TỐI ƯU TOÀN CỤC (BKS = 742.0). DỪNG SỚM!
2026-04-04 14:44:32,032 - ======================================================================
2026-04-04 14:44:32,032 - CW Khởi tạo = 861 → Sau Pipeline = 742
2026-04-04 14:44:32,032 - Cải thiện so CW: 119
2026-04-04 14:44:32,032 - Tổng thời gian: 20.8s
2026-04-04 14:44:32,032 - Verified cost: 742
2026-04-04 14:44:32,033 - ======================================================================
2026-04-04 14:44:32,033 - FILE: B-n44-k7.vrp
2026-04-04 14:44:32,033 - ======================================================================
2026-04-04 14:44:32,036 - Dim=44 K=7 Cap=100
2026-04-04 14:44:32,036 - --- Step 1: Clarke-Wright Heuristic ---
2026-04-04 14:44:32,038 -   cost=1103 time=0.00s
2026-04-04 14:44:32,038 - --- Step 2, 3, 4: Advanced Optimization Pipeline ---
2026-04-04 14:44:32,038 - =========================================
2026-04-04 14:44:32,038 - BẮT ĐẦU TUYẾN TRÌNH TỐI ƯU (PIPELINE)
2026-04-04 14:44:32,038 - =========================================
2026-04-04 14:44:32,038 - === GIAI ĐOẠN 2: LOCAL SEARCH ĐA TOÁN TỬ | Bắt đầu: 1103.00 ===
2026-04-04 14:44:32,094 -   [LS Iter 1] Cải thiện cost: 1103.00 -> 986.00
2026-04-04 14:44:32,144 -   [LS Iter 2] Cải thiện cost: 986.00 -> 981.00
2026-04-04 14:44:32,195 -   [LS Iter 3] Cải thiện cost: 981.00 -> 977.00
2026-04-04 14:44:32,248 -   [LS Iter 4] Cải thiện cost: 977.00 -> 976.00
2026-04-04 14:44:32,298 -   [LS Iter 5] Cải thiện cost: 976.00 -> 975.00
2026-04-04 14:44:32,347 - === KẾT THÚC GIAI ĐOẠN 2 | Đạt cực trị tại: 975.00 ===
2026-04-04 14:44:32,347 - === BẮT ĐẦU CHẶNG 3: ALNS + GLS | Vòng lặp: 150 | Cost: 975.00 ===
2026-04-04 14:44:32,652 -   [ALNS Iter 2] Worst Destroy phá vỡ giới hạn -> BEST MỚI: 929.00
2026-04-04 14:44:33,077 -   [ALNS Iter 8] Random Destroy phá vỡ giới hạn -> BEST MỚI: 909.00
2026-04-04 14:44:33,078 -   [ALNS] 🎉 Đã chạm mốc BKS (909.0). Ngắt vòng lặp ALNS sớm!
2026-04-04 14:44:33,078 - === KẾT THÚC CHẶNG 3 | Cost xuất sắc nhất đạt được: 909.00 ===
2026-04-04 14:44:33,078 - 🎉 ĐÃ ĐẠT NGHIỆM TỐI ƯU TOÀN CỤC (BKS = 909.0). DỪNG SỚM!
2026-04-04 14:44:33,078 - ======================================================================
2026-04-04 14:44:33,078 - CW Khởi tạo = 1103 → Sau Pipeline = 909
2026-04-04 14:44:33,079 - Cải thiện so CW: 194
2026-04-04 14:44:33,079 - Tổng thời gian: 1.0s
2026-04-04 14:44:33,079 - Verified cost: 909
2026-04-04 14:44:33,079 - ======================================================================
2026-04-04 14:44:33,079 - FILE: B-n45-k5.vrp
2026-04-04 14:44:33,079 - ======================================================================
2026-04-04 14:44:33,082 - Dim=45 K=5 Cap=100
2026-04-04 14:44:33,083 - --- Step 1: Clarke-Wright Heuristic ---
2026-04-04 14:44:33,084 -   cost=1030 time=0.00s
2026-04-04 14:44:33,084 - --- Step 2, 3, 4: Advanced Optimization Pipeline ---
2026-04-04 14:44:33,085 - =========================================
2026-04-04 14:44:33,085 - BẮT ĐẦU TUYẾN TRÌNH TỐI ƯU (PIPELINE)
2026-04-04 14:44:33,085 - =========================================
2026-04-04 14:44:33,085 - === GIAI ĐOẠN 2: LOCAL SEARCH ĐA TOÁN TỬ | Bắt đầu: 1030.00 ===
2026-04-04 14:44:33,162 -   [LS Iter 1] Cải thiện cost: 1030.00 -> 830.00
2026-04-04 14:44:33,223 - === KẾT THÚC GIAI ĐOẠN 2 | Đạt cực trị tại: 830.00 ===
2026-04-04 14:44:33,223 - === BẮT ĐẦU CHẶNG 3: ALNS + GLS | Vòng lặp: 150 | Cost: 830.00 ===
2026-04-04 14:44:34,716 -   [ALNS Iter 19] Worst Destroy phá vỡ giới hạn -> BEST MỚI: 810.00
2026-04-04 14:44:35,003 -   [ALNS Iter 22] Random Destroy phá vỡ giới hạn -> BEST MỚI: 807.00
2026-04-04 14:44:35,462 -   [ALNS Iter 28] Worst Destroy phá vỡ giới hạn -> BEST MỚI: 798.00
2026-04-04 14:44:35,574 -   [ALNS Iter 29] Random Destroy phá vỡ giới hạn -> BEST MỚI: 797.00
2026-04-04 14:44:35,739 -   [ALNS Iter 31] Random Destroy phá vỡ giới hạn -> BEST MỚI: 767.00
2026-04-04 14:44:36,039 -   [ALNS Iter 33] Worst Destroy phá vỡ giới hạn -> BEST MỚI: 755.00
2026-04-04 14:44:40,799 -   [GLS Iter 81] Cập nhật ma trận phạt để thay đổi hướng đi.
2026-04-04 14:44:46,643 -   [GLS Iter 141] Cập nhật ma trận phạt để thay đổi hướng đi.
2026-04-04 14:44:47,809 - === KẾT THÚC CHẶNG 3 | Cost xuất sắc nhất đạt được: 755.00 ===
2026-04-04 14:44:47,810 - === BẮT ĐẦU CHẶNG 4: MAX-SAT CHÍNH XÁC | Cost: 755.00 ===
2026-04-04 14:44:47,810 -   [GĐ 4.1] Giải bài toán TSP trên từng tuyến đơn...
2026-04-04 14:44:56,491 -     -> Single MaxSAT cải thiện: 1.00. Cost mới: 754.00
2026-04-04 14:44:56,492 -   [GĐ 4.2] Xét từng cặp tuyến để phân bổ lại khách hàng...
2026-04-04 14:44:56,492 -   --- Pairwise Iter 1 (còn 1177s) ---
2026-04-04 14:45:56,496 -     [P-Timeout 60.0s]
2026-04-04 14:46:56,510 -     [P-Timeout 60.0s]
2026-04-04 14:47:56,534 -     [P-Timeout 60.0s]
2026-04-04 14:47:56,549 -     -> Đã đạt cực trị toàn cục cho mọi cặp dưới ngưỡng. KẾT THÚC CHẶNG 4.
2026-04-04 14:47:56,549 - HOÀN THÀNH PIPELINE. Final cost=754.00 | Time=203.5s
2026-04-04 14:47:56,550 - ======================================================================
2026-04-04 14:47:56,550 - CW Khởi tạo = 1030 → Sau Pipeline = 754
2026-04-04 14:47:56,550 - Cải thiện so CW: 276
2026-04-04 14:47:56,550 - Tổng thời gian: 203.5s
2026-04-04 14:47:56,550 - Verified cost: 754
2026-04-04 14:47:56,551 - ======================================================================
2026-04-04 14:47:56,551 - FILE: B-n45-k6.vrp
2026-04-04 14:47:56,551 - ======================================================================
2026-04-04 14:47:56,554 - Dim=45 K=6 Cap=100
2026-04-04 14:47:56,554 - --- Step 1: Clarke-Wright Heuristic ---
2026-04-04 14:47:56,557 -   cost=888 time=0.00s
2026-04-04 14:47:56,557 - --- Step 2, 3, 4: Advanced Optimization Pipeline ---
2026-04-04 14:47:56,557 - =========================================
2026-04-04 14:47:56,557 - BẮT ĐẦU TUYẾN TRÌNH TỐI ƯU (PIPELINE)
2026-04-04 14:47:56,557 - =========================================
2026-04-04 14:47:56,557 - === GIAI ĐOẠN 2: LOCAL SEARCH ĐA TOÁN TỬ | Bắt đầu: 888.00 ===
2026-04-04 14:47:56,612 -   [LS Iter 1] Cải thiện cost: 888.00 -> 772.00
2026-04-04 14:47:56,661 -   [LS Iter 2] Cải thiện cost: 772.00 -> 771.00
2026-04-04 14:47:56,706 - === KẾT THÚC GIAI ĐOẠN 2 | Đạt cực trị tại: 771.00 ===
2026-04-04 14:47:56,706 - === BẮT ĐẦU CHẶNG 3: ALNS + GLS | Vòng lặp: 150 | Cost: 771.00 ===
2026-04-04 14:47:56,710 - ======================================================================
2026-04-04 14:47:56,710 - FILE: B-n50-k8.vrp
2026-04-04 14:47:56,710 - ======================================================================
2026-04-04 14:47:56,713 - Dim=50 K=8 Cap=100
2026-04-04 14:47:56,714 - --- Step 1: Clarke-Wright Heuristic ---
2026-04-04 14:47:56,716 -   cost=1554 time=0.00s
2026-04-04 14:47:56,716 - --- Step 2, 3, 4: Advanced Optimization Pipeline ---
2026-04-04 14:47:56,716 - =========================================
2026-04-04 14:47:56,716 - BẮT ĐẦU TUYẾN TRÌNH TỐI ƯU (PIPELINE)
2026-04-04 14:47:56,716 - =========================================
2026-04-04 14:47:56,716 - === GIAI ĐOẠN 2: LOCAL SEARCH ĐA TOÁN TỬ | Bắt đầu: 1554.00 ===
2026-04-04 14:47:56,795 -   [LS Iter 1] Cải thiện cost: 1554.00 -> 1412.00
2026-04-04 14:47:56,861 -   [LS Iter 2] Cải thiện cost: 1412.00 -> 1342.00
2026-04-04 14:47:56,922 -   [LS Iter 3] Cải thiện cost: 1342.00 -> 1340.00
2026-04-04 14:47:56,985 -   [LS Iter 4] Cải thiện cost: 1340.00 -> 1337.00
2026-04-04 14:47:57,044 - === KẾT THÚC GIAI ĐOẠN 2 | Đạt cực trị tại: 1337.00 ===
2026-04-04 14:47:57,044 - === BẮT ĐẦU CHẶNG 3: ALNS + GLS | Vòng lặp: 150 | Cost: 1337.00 ===
2026-04-04 14:47:58,600 -   [ALNS Iter 11] Random Destroy phá vỡ giới hạn -> BEST MỚI: 1335.00
2026-04-04 14:47:58,791 -   [ALNS Iter 12] Random Destroy phá vỡ giới hạn -> BEST MỚI: 1334.00
2026-04-04 14:47:58,985 -   [ALNS Iter 14] Random Destroy phá vỡ giới hạn -> BEST MỚI: 1332.00
2026-04-04 14:47:59,721 -   [ALNS Iter 17] Worst Destroy phá vỡ giới hạn -> BEST MỚI: 1331.00
2026-04-04 14:47:59,886 -   [ALNS Iter 19] Random Destroy phá vỡ giới hạn -> BEST MỚI: 1321.00
2026-04-04 14:48:06,078 -   [GLS Iter 61] Cập nhật ma trận phạt để thay đổi hướng đi.
2026-04-04 14:48:16,663 -   [GLS Iter 121] Cập nhật ma trận phạt để thay đổi hướng đi.
2026-04-04 14:48:20,307 - === KẾT THÚC CHẶNG 3 | Cost xuất sắc nhất đạt được: 1321.00 ===
2026-04-04 14:48:20,307 - === BẮT ĐẦU CHẶNG 4: MAX-SAT CHÍNH XÁC | Cost: 1321.00 ===
2026-04-04 14:48:20,307 -   [GĐ 4.1] Giải bài toán TSP trên từng tuyến đơn...
