2026-04-04 02:01:06,337 - ======================================================================
2026-04-04 02:01:06,337 - CPLEX MIP SOLVER  |  FILE: B-n31-k5.vrp
2026-04-04 02:01:06,337 - ======================================================================
2026-04-04 02:01:06,339 - Dimension=31  K=5  Capacity=100
2026-04-04 02:01:06,339 - --- Tạo nghiệm khởi tạo (Greedy Nearest-Neighbor) ---
2026-04-04 02:01:06,339 -   Nghiệm khởi tạo: Cost = 943  (5 routes)  (0.00s)
2026-04-04 02:01:06,339 - --- Tối ưu bằng CPLEX MIP ---
2026-04-04 02:01:06,339 - =========================================
2026-04-04 02:01:06,339 - BẮT ĐẦU OPTIMIZE  (100% CPLEX MIP)
2026-04-04 02:01:06,339 -  -> Max Single Size  : 11
2026-04-04 02:01:06,339 -  -> Single Timeout   : 60.0s
2026-04-04 02:01:06,339 -  -> Max Pairwise Size: 10
2026-04-04 02:01:06,339 -  -> Pairwise Timeout : 500.0s
2026-04-04 02:01:06,339 -  -> Global Timeout   : 1200.0s
2026-04-04 02:01:06,339 -  -> Closest Pairs    : 999
2026-04-04 02:01:06,339 -  -> Patience         : 20
2026-04-04 02:01:06,339 -  -> Max Iterations   : 150
2026-04-04 02:01:06,340 -  -> Chi phí khởi điểm: 943
2026-04-04 02:01:06,340 - =========================================
2026-04-04 02:01:06,340 - --- Iter 1/150  (còn 1200s) ---
2026-04-04 02:01:06,509 -   [Single] Route 0: 145 → 118  (−27)
2026-04-04 02:01:06,545 -   [Single] Route 1: 236 → 223  (−13)
2026-04-04 02:01:06,568 -   [Single] Route 2: 114 → 111  (−3)
2026-04-04 02:01:06,674 -   [Single] Route 3: 260 → 241  (−19)
2026-04-04 02:01:06,836 -   [Pair] (1,4): 411 → 297  (−114)
2026-04-04 02:01:06,836 - => ITER 1: BEST MỚI = 767
2026-04-04 02:01:06,836 - --- Iter 2/150  (còn 1200s) ---
2026-04-04 02:01:07,445 - => ITER 2: Không cải thiện (1/20)
2026-04-04 02:01:07,445 - --- Iter 3/150  (còn 1199s) ---
2026-04-04 02:01:08,049 - => ITER 3: Không cải thiện (2/20)
2026-04-04 02:01:08,049 - --- Iter 4/150  (còn 1198s) ---
2026-04-04 02:01:08,648 - => ITER 4: Không cải thiện (3/20)
2026-04-04 02:01:08,649 - --- Iter 5/150  (còn 1198s) ---
2026-04-04 02:01:09,242 - => ITER 5: Không cải thiện (4/20)
2026-04-04 02:01:09,242 - --- Iter 6/150  (còn 1197s) ---
2026-04-04 02:01:09,847 - => ITER 6: Không cải thiện (5/20)
2026-04-04 02:01:09,847 - --- Iter 7/150  (còn 1196s) ---
2026-04-04 02:01:10,459 - => ITER 7: Không cải thiện (6/20)
2026-04-04 02:01:10,460 - --- Iter 8/150  (còn 1196s) ---
2026-04-04 02:01:11,057 - => ITER 8: Không cải thiện (7/20)
2026-04-04 02:01:11,057 - --- Iter 9/150  (còn 1195s) ---
2026-04-04 02:01:11,662 - => ITER 9: Không cải thiện (8/20)
2026-04-04 02:01:11,662 - --- Iter 10/150  (còn 1195s) ---
2026-04-04 02:01:12,251 - => ITER 10: Không cải thiện (9/20)
2026-04-04 02:01:12,252 - --- Iter 11/150  (còn 1194s) ---
2026-04-04 02:01:12,844 - => ITER 11: Không cải thiện (10/20)
2026-04-04 02:01:12,845 - --- Iter 12/150  (còn 1193s) ---
2026-04-04 02:01:13,508 - => ITER 12: Không cải thiện (11/20)
2026-04-04 02:01:13,508 - --- Iter 13/150  (còn 1193s) ---
2026-04-04 02:01:14,099 - => ITER 13: Không cải thiện (12/20)
2026-04-04 02:01:14,099 - --- Iter 14/150  (còn 1192s) ---
2026-04-04 02:01:14,697 - => ITER 14: Không cải thiện (13/20)
2026-04-04 02:01:14,697 - --- Iter 15/150  (còn 1192s) ---
2026-04-04 02:01:15,287 - => ITER 15: Không cải thiện (14/20)
2026-04-04 02:01:15,287 - --- Iter 16/150  (còn 1191s) ---
2026-04-04 02:01:15,878 - => ITER 16: Không cải thiện (15/20)
2026-04-04 02:01:15,878 - --- Iter 17/150  (còn 1190s) ---
2026-04-04 02:01:16,476 - => ITER 17: Không cải thiện (16/20)
2026-04-04 02:01:16,476 - --- Iter 18/150  (còn 1190s) ---
2026-04-04 02:01:17,071 - => ITER 18: Không cải thiện (17/20)
2026-04-04 02:01:17,071 - --- Iter 19/150  (còn 1189s) ---
2026-04-04 02:01:17,669 - => ITER 19: Không cải thiện (18/20)
2026-04-04 02:01:17,669 - --- Iter 20/150  (còn 1189s) ---
2026-04-04 02:01:18,254 - => ITER 20: Không cải thiện (19/20)
2026-04-04 02:01:18,254 - --- Iter 21/150  (còn 1188s) ---
2026-04-04 02:01:18,864 - => ITER 21: Không cải thiện (20/20)
2026-04-04 02:01:18,864 - Hoàn thành trong 12.5s. Final Cost: 767
2026-04-04 02:01:18,864 - ======================================================================
2026-04-04 02:01:18,864 - SUMMARY
2026-04-04 02:01:18,864 -   Init Cost  : 943
2026-04-04 02:01:18,864 -   Final Cost : 767
2026-04-04 02:01:18,865 -   Cải thiện  : 176
2026-04-04 02:01:18,865 -   Single MIP cải thiện  : 4 lần
2026-04-04 02:01:18,865 -   Pairwise MIP cải thiện: 1 lần
2026-04-04 02:01:18,865 -   Single timeout        : 0
2026-04-04 02:01:18,865 -   Pairwise timeout      : 0
2026-04-04 02:01:18,865 -   Global timeout hit    : False
2026-04-04 02:01:18,865 - ======================================================================
2026-04-04 02:01:18,879 - ======================================================================
2026-04-04 02:01:18,880 - CPLEX MIP SOLVER  |  FILE: B-n34-k5.vrp
2026-04-04 02:01:18,880 - ======================================================================
2026-04-04 02:01:18,887 - Dimension=34  K=5  Capacity=100
2026-04-04 02:01:18,887 - --- Tạo nghiệm khởi tạo (Greedy Nearest-Neighbor) ---
2026-04-04 02:01:18,887 -   Nghiệm khởi tạo: Cost = 1150  (5 routes)  (0.00s)
2026-04-04 02:01:18,887 - --- Tối ưu bằng CPLEX MIP ---
2026-04-04 02:01:18,888 - =========================================
2026-04-04 02:01:18,888 - BẮT ĐẦU OPTIMIZE  (100% CPLEX MIP)
2026-04-04 02:01:18,888 -  -> Max Single Size  : 11
2026-04-04 02:01:18,888 -  -> Single Timeout   : 60.0s
2026-04-04 02:01:18,888 -  -> Max Pairwise Size: 10
2026-04-04 02:01:18,888 -  -> Pairwise Timeout : 500.0s
2026-04-04 02:01:18,888 -  -> Global Timeout   : 1200.0s
2026-04-04 02:01:18,888 -  -> Closest Pairs    : 999
2026-04-04 02:01:18,888 -  -> Patience         : 20
2026-04-04 02:01:18,888 -  -> Max Iterations   : 150
2026-04-04 02:01:18,888 -  -> Chi phí khởi điểm: 1150
2026-04-04 02:01:18,888 - =========================================
2026-04-04 02:01:18,888 - --- Iter 1/150  (còn 1200s) ---
2026-04-04 02:01:20,063 -   [Single] Route 0: 407 → 234  (−173)
2026-04-04 02:01:20,159 -   [Single] Route 1: 235 → 205  (−30)
2026-04-04 02:01:20,203 -   [Single] Route 2: 206 → 172  (−34)
2026-04-04 02:01:24,001 -   [Pair] (2,4): 328 → 317  (−11)
2026-04-04 02:01:24,001 - => ITER 1: BEST MỚI = 902
2026-04-04 02:01:24,001 - --- Iter 2/150  (còn 1195s) ---
2026-04-04 02:01:28,865 - => ITER 2: Không cải thiện (1/20)
2026-04-04 02:01:28,866 - --- Iter 3/150  (còn 1190s) ---
2026-04-04 02:01:30,597 - => ITER 3: Không cải thiện (2/20)
2026-04-04 02:01:30,597 - --- Iter 4/150  (còn 1188s) ---
2026-04-04 02:01:34,924 - => ITER 4: Không cải thiện (3/20)
2026-04-04 02:01:34,924 - --- Iter 5/150  (còn 1184s) ---
2026-04-04 02:01:40,081 - => ITER 5: Không cải thiện (4/20)
2026-04-04 02:01:40,081 - --- Iter 6/150  (còn 1179s) ---
2026-04-04 02:01:45,640 - => ITER 6: Không cải thiện (5/20)
2026-04-04 02:01:45,640 - --- Iter 7/150  (còn 1173s) ---
2026-04-04 02:01:51,004 - => ITER 7: Không cải thiện (6/20)
2026-04-04 02:01:51,004 - --- Iter 8/150  (còn 1168s) ---
