2026-04-04 02:26:54,576 - ======================================================================
2026-04-04 02:26:54,576 - CPLEX MIP SOLVER  |  FILE: B-n31-k5.vrp
2026-04-04 02:26:54,576 - ======================================================================
2026-04-04 02:26:54,578 - Thông tin dữ liệu: Dimension=31, K=5, Capacity=100
2026-04-04 02:26:54,578 - --- Step 1: Clarke-Wright Heuristic ---
2026-04-04 02:26:54,580 -   Kết quả CW: Cost = 748, Time = 0.001s
2026-04-04 02:26:54,580 - --- Step 2: Two-Opt Local Search ---
2026-04-04 02:26:54,580 -   Kết quả Two-Opt: Cost = 730, Time = 0.001s
2026-04-04 02:26:54,580 - --- Step 3: Advanced Optimization (CPLEX MIP) ---
2026-04-04 02:26:54,580 - =========================================
2026-04-04 02:26:54,581 - BẮT ĐẦU OPTIMIZE  (100% CPLEX MIP)
2026-04-04 02:26:54,581 -  -> Max Single Size  : 50
2026-04-04 02:26:54,581 -  -> Single Timeout   : 40.0s
2026-04-04 02:26:54,581 -  -> Max Pairwise Size: 20
2026-04-04 02:26:54,581 -  -> Pairwise Timeout : 15.0s
2026-04-04 02:26:54,581 -  -> Global Timeout   : 1200.0s
2026-04-04 02:26:54,581 -  -> Closest Pairs    : 999
2026-04-04 02:26:54,581 -  -> Patience         : 20
2026-04-04 02:26:54,581 -  -> Max Iterations   : 150
2026-04-04 02:26:54,581 -  -> Chi phí khởi điểm: 730
2026-04-04 02:26:54,581 - =========================================
2026-04-04 02:26:54,581 - --- Iter 1/150  (còn 1200s) ---
2026-04-04 02:27:09,725 -   [Pair] (1,2): 363 → 344  (−19)
2026-04-04 02:27:09,725 - => ITER 1: BEST MỚI = 711
2026-04-04 02:27:09,725 - --- Iter 2/150  (còn 1185s) ---
2026-04-04 02:27:24,895 -   [Pair] (2,3): 350 → 340  (−10)
2026-04-04 02:27:24,896 - => ITER 2: BEST MỚI = 701
2026-04-04 02:27:24,896 - --- Iter 3/150  (còn 1170s) ---
2026-04-04 02:27:42,588 -   [Pair] (2,4): 222 → 219  (−3)
2026-04-04 02:27:42,588 - => ITER 3: BEST MỚI = 698
2026-04-04 02:27:42,589 - --- Iter 4/150  (còn 1152s) ---
2026-04-04 02:27:51,422 -   [Pair] (2,3): 325 → 318  (−7)
2026-04-04 02:27:51,422 - => ITER 4: BEST MỚI = 691
2026-04-04 02:27:51,422 - --- Iter 5/150  (còn 1143s) ---
2026-04-04 02:28:43,835 -   [Pair] (1,2): 321 → 315  (−6)
2026-04-04 02:28:43,836 - => ITER 5: BEST MỚI = 685
2026-04-04 02:28:43,836 - --- Iter 6/150  (còn 1091s) ---
2026-04-04 02:28:58,962 -   [Pair] (2,3): 326 → 322  (−4)
2026-04-04 02:28:58,962 - => ITER 6: BEST MỚI = 681
2026-04-04 02:28:58,962 - --- Iter 7/150  (còn 1076s) ---
2026-04-04 02:29:59,792 -   [Pair] (0,4): 268 → 264  (−4)
2026-04-04 02:29:59,793 - => ITER 7: BEST MỚI = 677
2026-04-04 02:29:59,793 - --- Iter 8/150  (còn 1015s) ---
2026-04-04 02:31:52,832 - => ITER 8: Không cải thiện (1/20)
2026-04-04 02:31:52,832 - --- Iter 9/150  (còn 902s) ---
2026-04-04 02:33:41,989 - => ITER 9: Không cải thiện (2/20)
2026-04-04 02:33:41,989 - --- Iter 10/150  (còn 793s) ---
2026-04-04 02:35:35,980 - => ITER 10: Không cải thiện (3/20)
2026-04-04 02:35:35,980 - --- Iter 11/150  (còn 679s) ---
2026-04-04 02:37:26,232 - => ITER 11: Không cải thiện (4/20)
2026-04-04 02:37:26,232 - --- Iter 12/150  (còn 568s) ---
