2026-04-02 15:52:46,848 - ======================================================================
2026-04-02 15:52:46,848 - FILE: B-n51-k7.vrp
2026-04-02 15:52:46,848 - ======================================================================
2026-04-02 15:52:46,856 - Dimension=51, K=7, Capacity=100
2026-04-02 15:52:46,856 - --- Step 1: Clarke-Wright ---
2026-04-02 15:52:46,858 -   CW cost=1528, time=0.002s
2026-04-02 15:52:46,858 - --- Step 2: Two-Opt ---
2026-04-02 15:52:46,860 -   2-opt cost=1427, time=0.001s
2026-04-02 15:52:46,860 - --- Step 3: MaxSAT Optimization ---
2026-04-02 15:52:46,860 - =========================================
2026-04-02 15:52:46,860 - BẮT ĐẦU VÒNG LẶP OPTIMIZE (MaxSAT-RC2)
2026-04-02 15:52:46,860 -  -> Max Single Size   : 11
2026-04-02 15:52:46,860 -  -> Single Timeout    : 60.0s (config, sẽ co theo global)
2026-04-02 15:52:46,860 -  -> Max Pairwise Size : 9
2026-04-02 15:52:46,860 -  -> Pairwise Timeout  : 600.0s (config, sẽ co theo global)
2026-04-02 15:52:46,860 -  -> Global Timeout    : 1200.0s
2026-04-02 15:52:46,860 -  -> Closest Pairs     : 12
2026-04-02 15:52:46,860 -  -> Patience          : 20
2026-04-02 15:52:46,860 -  -> Max Iterations    : 150
2026-04-02 15:52:46,860 - Chi phí khởi điểm: 1427.00
2026-04-02 15:52:46,860 - =========================================
2026-04-02 15:52:46,860 - --- Iteration 1/150 (còn 1200s) ---
2026-04-02 15:52:46,867 -   [P2] Exchange → 1348.00
2026-04-02 15:52:48,592 -   [P3] MaxSAT Single cải thiện: 18
2026-04-02 15:52:48,592 - => ITER 1: BEST = 1330.00
2026-04-02 15:52:48,593 - --- Iteration 2/150 (còn 1198s) ---
2026-04-02 15:52:48,600 -   [P2] Exchange → 1277.00
2026-04-02 15:52:50,403 -   [P3] MaxSAT Single cải thiện: 16
2026-04-02 15:52:50,404 - => ITER 2: BEST = 1261.00
2026-04-02 15:52:50,404 - --- Iteration 3/150 (còn 1196s) ---
2026-04-02 15:52:50,411 -   [P2] Exchange → 1256.00
2026-04-02 15:52:52,169 -   [P3] MaxSAT Single cải thiện: 1
2026-04-02 15:52:52,170 - => ITER 3: BEST = 1255.00
2026-04-02 15:52:52,170 - --- Iteration 4/150 (còn 1195s) ---
2026-04-02 15:52:52,177 -   [P2] Exchange → 1251.00
2026-04-02 15:52:53,820 -   [P3] MaxSAT Single cải thiện: 2
2026-04-02 15:52:53,821 - => ITER 4: BEST = 1249.00
2026-04-02 15:52:53,821 - --- Iteration 5/150 (còn 1193s) ---
2026-04-02 15:52:53,822 -   [P1] Relocate → 1213.00
2026-04-02 15:52:53,828 -   [P2] Exchange → 1206.00
2026-04-02 15:52:55,017 - => ITER 5: BEST = 1206.00
2026-04-02 15:52:55,017 - --- Iteration 6/150 (còn 1192s) ---
2026-04-02 15:52:55,024 -   [P2] Exchange → 1162.00
2026-04-02 15:52:57,358 -   [P3] MaxSAT Single cải thiện: 18
2026-04-02 15:52:57,359 - => ITER 6: BEST = 1144.00
2026-04-02 15:52:57,359 - --- Iteration 7/150 (còn 1190s) ---
2026-04-02 15:52:57,366 -   [P2] Exchange → 1136.00
2026-04-02 15:52:58,778 - => ITER 7: BEST = 1136.00
2026-04-02 15:52:58,778 - --- Iteration 8/150 (còn 1188s) ---
2026-04-02 15:53:00,202 - => ITER 8: Không cải thiện (1/20)
2026-04-02 15:53:00,202 - --- Iteration 9/150 (còn 1187s) ---
2026-04-02 15:53:01,631 - => ITER 9: Không cải thiện (3/20)
2026-04-02 15:53:01,631 - --- Iteration 10/150 (còn 1185s) ---
2026-04-02 15:53:03,055 - => ITER 10: Không cải thiện (5/20)
2026-04-02 15:53:03,056 - --- Iteration 11/150 (còn 1184s) ---
2026-04-02 15:53:04,494 - => ITER 11: Không cải thiện (7/20)
2026-04-02 15:53:04,494 - --- Iteration 12/150 (còn 1182s) ---
2026-04-02 15:53:05,935 - => ITER 12: Không cải thiện (9/20)
2026-04-02 15:53:05,935 - --- Iteration 13/150 (còn 1181s) ---
2026-04-02 15:53:07,372 - => ITER 13: Không cải thiện (11/20)
2026-04-02 15:53:07,372 - --- Iteration 14/150 (còn 1179s) ---
2026-04-02 15:53:08,802 - => ITER 14: Không cải thiện (13/20)
2026-04-02 15:53:08,802 - --- Iteration 15/150 (còn 1178s) ---
2026-04-02 15:53:10,226 - => ITER 15: Không cải thiện (15/20)
2026-04-02 15:53:10,227 - --- Iteration 16/150 (còn 1177s) ---
2026-04-02 15:53:11,659 - => ITER 16: Không cải thiện (17/20)
2026-04-02 15:53:11,659 - --- Iteration 17/150 (còn 1175s) ---
2026-04-02 15:53:13,086 - => ITER 17: Không cải thiện (19/20)
2026-04-02 15:53:13,087 - Hoàn thành. Final cost: 1136.00 | Thời gian: 26.2s | Single timeouts: 0 | Pairwise timeouts: 0
2026-04-02 15:53:13,087 - ======================================================================
2026-04-02 15:53:13,087 - SUMMARY
2026-04-02 15:53:13,087 -   CW        : 1528
2026-04-02 15:53:13,087 -   + Two-Opt : 1427
2026-04-02 15:53:13,087 -   + MaxSAT  : 1136
2026-04-02 15:53:13,087 -   Cải thiện : 392
2026-04-02 15:53:13,087 -   Single    : 7 imp, 0 timeouts
2026-04-02 15:53:13,087 -   Pairwise  : 0 imp, 0 timeouts
2026-04-02 15:53:13,087 -   Tổng TG   : 26.230s
2026-04-02 15:53:13,087 -   Route 0: [7, 28, 22, 24, 30, 49, 9] (demand=94/100, cost=241)
2026-04-02 15:53:13,087 -   Route 1: [40, 17, 10, 34, 38, 2, 16, 11] (demand=96/100, cost=157)
2026-04-02 15:53:13,087 -   Route 2: [33, 48, 19, 3, 35, 1, 20] (demand=98/100, cost=198)
2026-04-02 15:53:13,087 -   Route 3: [36, 18, 4, 26, 43, 6] (demand=96/100, cost=124)
2026-04-02 15:53:13,087 -   Route 4: [41, 27, 31, 32, 37, 12, 8] (demand=100/100, cost=152)
2026-04-02 15:53:13,087 -   Route 5: [14, 42, 13, 29, 39, 5] (demand=100/100, cost=131)
2026-04-02 15:53:13,087 -   Route 6: [46, 25, 47, 45, 23, 15, 50, 21, 44] (demand=100/100, cost=133)
2026-04-02 15:53:13,088 - Verified cost: 1136
