2026-04-04 14:07:01,271 - ======================================================================
2026-04-04 14:07:01,271 - FILE: B-n31-k5.vrp
2026-04-04 14:07:01,271 - ======================================================================
2026-04-04 14:07:01,273 - Dim=31 K=5 Cap=100
2026-04-04 14:07:01,273 - --- Step 1: Clarke-Wright Heuristic ---
2026-04-04 14:07:01,274 -   cost=748 time=0.00s
2026-04-04 14:07:01,274 - --- Step 2, 3, 4: Advanced Optimization Pipeline ---
2026-04-04 14:07:01,274 - =========================================
2026-04-04 14:07:01,274 - BẮT ĐẦU TUYẾN TRÌNH TỐI ƯU (PIPELINE)
2026-04-04 14:07:01,274 - =========================================
2026-04-04 14:07:01,274 - === GIAI ĐOẠN 2: LOCAL SEARCH ĐA TOÁN TỬ | Bắt đầu: 748.00 ===
2026-04-04 14:07:01,312 -   [LS Iter 1] Cải thiện cost: 748.00 -> 683.00
2026-04-04 14:07:01,340 -   [LS Iter 2] Cải thiện cost: 683.00 -> 677.00
2026-04-04 14:07:01,365 - === KẾT THÚC GIAI ĐOẠN 2 | Đạt cực trị tại: 677.00 ===
2026-04-04 14:07:01,365 - === GIAI ĐOẠN 3: ALNS (Đang chờ cài đặt) ===
2026-04-04 14:07:01,366 - === BẮT ĐẦU CHẶNG 4: MAX-SAT CHÍNH XÁC | Cost: 677.00 ===
2026-04-04 14:07:01,366 -   [GĐ 4.1] Giải bài toán TSP trên từng tuyến đơn...
2026-04-04 14:07:01,497 -   [GĐ 4.2] Xét từng cặp tuyến để phân bổ lại khách hàng...
2026-04-04 14:07:01,497 -   --- Pairwise Iter 1 (còn 1200s) ---
2026-04-04 14:07:19,895 -     [P4.2] Pair (2,8) giảm 2 -> BEST = 675.00
2026-04-04 14:07:19,895 -   --- Pairwise Iter 2 (còn 1181s) ---
2026-04-04 14:07:49,899 -     [P-Timeout 30.0s]
2026-04-04 14:08:19,909 -     [P-Timeout 30.0s]
2026-04-04 14:08:49,921 -     [P-Timeout 30.0s]
2026-04-04 14:09:19,931 -     [P-Timeout 30.0s]
2026-04-04 14:09:49,942 -     [P-Timeout 30.0s]
2026-04-04 14:10:19,953 -     [P-Timeout 30.0s]
2026-04-04 14:10:49,963 -     [P-Timeout 30.0s]
2026-04-04 14:11:27,679 -     [P-Timeout 30.0s]
