2026-04-03 12:39:25,894 - ======================================================================
2026-04-03 12:39:25,894 - FILE: B-n31-k5.vrp
2026-04-03 12:39:25,894 - ======================================================================
2026-04-03 12:39:25,897 - Dim=31 K=5 Cap=100
2026-04-03 12:39:25,897 - --- Clarke-Wright ---
2026-04-03 12:39:25,898 -   cost=748 time=0.00s
2026-04-03 12:39:25,899 - --- Two-Opt ---
2026-04-03 12:39:25,899 -   cost=730 time=0.00s
2026-04-03 12:39:25,899 - --- MaxSAT (2-tầng) ---
2026-04-03 12:39:25,900 - =========================================
2026-04-03 12:39:25,900 - BẮT ĐẦU OPTIMIZE (MaxSAT-RC2, 2-tầng)
2026-04-03 12:39:25,900 -   max_single=11  s_to=20.0s
2026-04-03 12:39:25,900 -   max_pair=9  p_to=1000.0s
2026-04-03 12:39:25,900 -   n_pairs=15
2026-04-03 12:39:25,900 -   inner_patience=20  outer_patience=3
2026-04-03 12:39:25,900 -   global_timeout=1200.0s
2026-04-03 12:39:25,900 -   start_cost=730.00
2026-04-03 12:39:25,900 - =========================================
2026-04-03 12:39:25,900 - === OUTER 1 | cost=730.00 outer_no_imp=0/3 (còn 1200s) ===
2026-04-03 12:39:25,900 -   [Inner 1.1] cost=730.00 no_imp=0/20 (còn 1200s)
2026-04-03 12:39:25,905 -     [P1] Relocate → 722.00
2026-04-03 12:39:25,909 -     [P2] Exchange → 719.00
2026-04-03 12:39:26,096 -     [P3] Single +2
2026-04-03 12:39:26,097 -     → INNER BEST = 717.00
2026-04-03 12:39:26,097 -   [Inner 1.2] cost=717.00 no_imp=0/20 (còn 1200s)
2026-04-03 12:39:26,101 -     [P1] Relocate → 705.00
2026-04-03 12:39:26,221 -     → INNER BEST = 705.00
2026-04-03 12:39:26,221 -   [Inner 1.3] cost=705.00 no_imp=0/20 (còn 1200s)
2026-04-03 12:39:26,225 -     [P1] Relocate → 703.00
2026-04-03 12:39:26,358 -     → INNER BEST = 703.00
2026-04-03 12:39:26,358 -   [Inner 1.4] cost=703.00 no_imp=0/20 (còn 1200s)
2026-04-03 12:39:26,364 -     [P1] Relocate → 701.00
2026-04-03 12:39:26,498 -     → INNER BEST = 701.00
2026-04-03 12:39:26,498 -   [Inner 1.5] cost=701.00 no_imp=0/20 (còn 1199s)
2026-04-03 12:39:26,640 -   [Inner 1.6] cost=701.00 no_imp=2/20 (còn 1199s)
2026-04-03 12:39:26,778 -   [Inner 1.7] cost=701.00 no_imp=4/20 (còn 1199s)
2026-04-03 12:39:26,916 -   [Inner 1.8] cost=701.00 no_imp=6/20 (còn 1199s)
2026-04-03 12:39:27,046 -   [Inner 1.9] cost=701.00 no_imp=8/20 (còn 1199s)
2026-04-03 12:39:27,176 -   [Inner 1.10] cost=701.00 no_imp=10/20 (còn 1199s)
2026-04-03 12:39:27,298 -   [Inner 1.11] cost=701.00 no_imp=12/20 (còn 1199s)
2026-04-03 12:39:27,421 -   [Inner 1.12] cost=701.00 no_imp=14/20 (còn 1198s)
2026-04-03 12:39:27,545 -   [Inner 1.13] cost=701.00 no_imp=16/20 (còn 1198s)
2026-04-03 12:39:27,668 -   [Inner 1.14] cost=701.00 no_imp=18/20 (còn 1198s)
2026-04-03 12:39:27,788 -   [Outer] Inner cải thiện → best=701.00
2026-04-03 12:39:27,788 -   [Outer 1] Chạy Pairwise MaxSAT...
2026-04-03 12:39:44,785 -     [P4] Pair (3,4) −1
2026-04-03 12:39:44,786 -     [P4] → OUTER BEST = 700.00
2026-04-03 12:39:44,786 - === OUTER 2 | cost=700.00 outer_no_imp=0/3 (còn 1181s) ===
2026-04-03 12:39:44,786 -   [Inner 2.1] cost=700.00 no_imp=0/20 (còn 1181s)
2026-04-03 12:39:44,906 -   [Inner 2.2] cost=700.00 no_imp=2/20 (còn 1181s)
2026-04-03 12:39:45,027 -   [Inner 2.3] cost=700.00 no_imp=4/20 (còn 1181s)
2026-04-03 12:39:45,147 -   [Inner 2.4] cost=700.00 no_imp=6/20 (còn 1181s)
2026-04-03 12:39:45,268 -   [Inner 2.5] cost=700.00 no_imp=8/20 (còn 1181s)
2026-04-03 12:39:45,399 -   [Inner 2.6] cost=700.00 no_imp=10/20 (còn 1181s)
2026-04-03 12:39:45,523 -   [Inner 2.7] cost=700.00 no_imp=12/20 (còn 1180s)
2026-04-03 12:39:45,646 -   [Inner 2.8] cost=700.00 no_imp=14/20 (còn 1180s)
2026-04-03 12:39:45,768 -   [Inner 2.9] cost=700.00 no_imp=16/20 (còn 1180s)
2026-04-03 12:39:45,896 -   [Inner 2.10] cost=700.00 no_imp=18/20 (còn 1180s)
2026-04-03 12:39:46,024 -   [Outer 2] Chạy Pairwise MaxSAT...
