2026-04-04 15:34:10,539 - ======================================================================
2026-04-04 15:34:10,539 - GUROBI MIP SOLVER  |  FILE: X-n106-k14.vrp
2026-04-04 15:34:10,539 - ======================================================================
2026-04-04 15:34:10,558 - Thông tin dữ liệu: Dimension=106, K=14, Capacity=600
2026-04-04 15:34:10,558 - --- Step 1: Clarke-Wright Heuristic ---
2026-04-04 15:34:10,571 -   Kết quả CW: Cost = 29479, Time = 0.013s
2026-04-04 15:34:10,571 - --- Step 2: Advanced Optimization (Gurobi MIP) ---
2026-04-04 15:34:10,571 - =========================================
2026-04-04 15:34:10,571 - BẮT ĐẦU OPTIMIZE  (100% Gurobi MIP)
2026-04-04 15:34:10,571 -  -> Max Single Size  : 20
2026-04-04 15:34:10,571 -  -> Single Timeout   : 40.0s
2026-04-04 15:34:10,571 -  -> Max Pairwise Size: 26
2026-04-04 15:34:10,571 -  -> Pairwise Timeout : 75.71428571428571s
2026-04-04 15:34:10,571 -  -> Global Timeout   : 1200.0s
2026-04-04 15:34:10,571 -  -> Chi phí khởi điểm: 29479
2026-04-04 15:34:10,571 - =========================================
2026-04-04 15:34:10,571 - === BẮT ĐẦU CHẶNG 4: GUROBI MIP CHÍNH XÁC | Cost: 29479 ===
2026-04-04 15:34:10,571 -   [GĐ 4.1] Giải bài toán TSP trên từng tuyến đơn...
2026-04-04 15:34:12,931 -     -> Single Gurobi cải thiện: 863. Cost mới: 28616
2026-04-04 15:34:12,931 -   [GĐ 4.2] Xét từng cặp tuyến để phân bổ lại khách hàng...
2026-04-04 15:34:12,931 -   --- Pairwise Iter 1 (còn 1198s) ---
