2026-04-03 09:38:06,593 - ======================================================================
2026-04-03 09:38:06,593 - FILE: B-n51-k7.vrp
2026-04-03 09:38:06,593 - ======================================================================
2026-04-03 09:38:06,597 - Dim=51 K=7 Cap=100
2026-04-03 09:38:06,597 - --- Clarke-Wright ---
2026-04-03 09:38:06,600 -   cost=1528 time=0.00s
2026-04-03 09:38:06,600 - --- Two-Opt ---
2026-04-03 09:38:06,602 -   cost=1427 time=0.00s
2026-04-03 09:38:06,602 - --- MaxSAT (2-tầng) ---
2026-04-03 09:38:06,602 - =========================================
2026-04-03 09:38:06,602 - BẮT ĐẦU OPTIMIZE (MaxSAT-RC2, 2-tầng)
2026-04-03 09:38:06,602 -   max_single=11  s_to=60.0s
2026-04-03 09:38:06,602 -   max_pair=12  p_to=600.0s
2026-04-03 09:38:06,602 -   n_pairs=12
2026-04-03 09:38:06,603 -   inner_patience=20  outer_patience=3
2026-04-03 09:38:06,603 -   global_timeout=1200.0s
2026-04-03 09:38:06,603 -   start_cost=1427.00
2026-04-03 09:38:06,603 - =========================================
2026-04-03 09:38:06,603 - === OUTER 1 | cost=1427.00 outer_no_imp=0/3 (còn 1200s) ===
2026-04-03 09:38:06,603 -   [Inner 1.1] cost=1427.00 no_imp=0/20 (còn 1200s)
2026-04-03 09:38:06,610 -     [P2] Exchange → 1348.00
2026-04-03 09:38:08,264 -     [P3] Single +18
2026-04-03 09:38:08,265 -     → INNER BEST = 1330.00
2026-04-03 09:38:08,265 -   [Inner 1.2] cost=1330.00 no_imp=0/20 (còn 1198s)
2026-04-03 09:38:08,272 -     [P2] Exchange → 1277.00
2026-04-03 09:38:10,038 -     [P3] Single +16
2026-04-03 09:38:10,038 -     → INNER BEST = 1261.00
2026-04-03 09:38:10,038 -   [Inner 1.3] cost=1261.00 no_imp=0/20 (còn 1197s)
2026-04-03 09:38:10,046 -     [P2] Exchange → 1256.00
2026-04-03 09:38:11,704 -     [P3] Single +1
2026-04-03 09:38:11,704 -     → INNER BEST = 1255.00
2026-04-03 09:38:11,704 -   [Inner 1.4] cost=1255.00 no_imp=0/20 (còn 1195s)
2026-04-03 09:38:11,711 -     [P2] Exchange → 1251.00
2026-04-03 09:38:13,263 -     [P3] Single +2
2026-04-03 09:38:13,263 -     → INNER BEST = 1249.00
2026-04-03 09:38:13,263 -   [Inner 1.5] cost=1249.00 no_imp=0/20 (còn 1193s)
2026-04-03 09:38:13,265 -     [P1] Relocate → 1213.00
2026-04-03 09:38:13,271 -     [P2] Exchange → 1206.00
2026-04-03 09:38:14,380 -     → INNER BEST = 1206.00
2026-04-03 09:38:14,381 -   [Inner 1.6] cost=1206.00 no_imp=0/20 (còn 1192s)
2026-04-03 09:38:14,388 -     [P2] Exchange → 1162.00
2026-04-03 09:38:16,543 -     [P3] Single +18
2026-04-03 09:38:16,544 -     → INNER BEST = 1144.00
2026-04-03 09:38:16,544 -   [Inner 1.7] cost=1144.00 no_imp=0/20 (còn 1190s)
2026-04-03 09:38:16,551 -     [P2] Exchange → 1136.00
2026-04-03 09:38:17,865 -     → INNER BEST = 1136.00
2026-04-03 09:38:17,865 -   [Inner 1.8] cost=1136.00 no_imp=0/20 (còn 1189s)
2026-04-03 09:38:19,255 -   [Inner 1.9] cost=1136.00 no_imp=2/20 (còn 1187s)
2026-04-03 09:38:20,602 -   [Inner 1.10] cost=1136.00 no_imp=4/20 (còn 1186s)
2026-04-03 09:38:21,930 -   [Inner 1.11] cost=1136.00 no_imp=6/20 (còn 1185s)
2026-04-03 09:38:23,454 -   [Inner 1.12] cost=1136.00 no_imp=8/20 (còn 1183s)
2026-04-03 09:38:25,032 -   [Inner 1.13] cost=1136.00 no_imp=10/20 (còn 1182s)
2026-04-03 09:38:26,477 -   [Inner 1.14] cost=1136.00 no_imp=12/20 (còn 1180s)
2026-04-03 09:38:27,982 -   [Inner 1.15] cost=1136.00 no_imp=14/20 (còn 1179s)
2026-04-03 09:38:29,523 -   [Inner 1.16] cost=1136.00 no_imp=16/20 (còn 1177s)
2026-04-03 09:38:31,071 -   [Inner 1.17] cost=1136.00 no_imp=18/20 (còn 1176s)
2026-04-03 09:38:32,562 -   [Outer] Inner cải thiện → best=1136.00
2026-04-03 09:38:32,562 -   [Outer 1] Chạy Pairwise MaxSAT...
2026-04-03 09:48:32,567 -     [P-Timeout 600.0s]
2026-04-03 09:48:32,588 - === OUTER 2 | cost=1136.00 outer_no_imp=0/3 (còn 574s) ===
2026-04-03 09:48:32,588 -   [Inner 2.1] cost=1136.00 no_imp=0/20 (còn 574s)
2026-04-03 09:48:34,056 -   [Inner 2.2] cost=1136.00 no_imp=2/20 (còn 573s)
2026-04-03 09:48:35,568 -   [Inner 2.3] cost=1136.00 no_imp=4/20 (còn 571s)
2026-04-03 09:48:37,003 -   [Inner 2.4] cost=1136.00 no_imp=6/20 (còn 570s)
2026-04-03 09:48:38,352 -   [Inner 2.5] cost=1136.00 no_imp=8/20 (còn 568s)
2026-04-03 09:48:39,679 -   [Inner 2.6] cost=1136.00 no_imp=10/20 (còn 567s)
2026-04-03 09:48:40,987 -   [Inner 2.7] cost=1136.00 no_imp=12/20 (còn 566s)
2026-04-03 09:48:42,353 -   [Inner 2.8] cost=1136.00 no_imp=14/20 (còn 564s)
2026-04-03 09:48:43,911 -   [Inner 2.9] cost=1136.00 no_imp=16/20 (còn 563s)
2026-04-03 09:48:45,306 -   [Inner 2.10] cost=1136.00 no_imp=18/20 (còn 561s)
2026-04-03 09:48:46,728 -   [Outer 2] Chạy Pairwise MaxSAT...
2026-04-03 09:58:04,605 -     [P-Timeout 557.9s]
2026-04-03 09:58:04,619 -   [Outer] Không cải thiện (1/3)
2026-04-03 09:58:04,619 - === OUTER 3 | cost=1136.00 outer_no_imp=1/3 (còn 2s) ===
2026-04-03 09:58:04,619 -   [Inner 3.1] cost=1136.00 no_imp=0/20 (còn 2s)
2026-04-03 09:58:04,626 -   [Inner 3.2] cost=1136.00 no_imp=2/20 (còn 2s)
2026-04-03 09:58:04,633 -   [Inner 3.3] cost=1136.00 no_imp=4/20 (còn 2s)
2026-04-03 09:58:04,640 -   [Inner 3.4] cost=1136.00 no_imp=6/20 (còn 2s)
2026-04-03 09:58:04,648 -   [Inner 3.5] cost=1136.00 no_imp=8/20 (còn 2s)
2026-04-03 09:58:04,655 -   [Inner 3.6] cost=1136.00 no_imp=10/20 (còn 2s)
2026-04-03 09:58:04,662 -   [Inner 3.7] cost=1136.00 no_imp=12/20 (còn 2s)
2026-04-03 09:58:04,669 -   [Inner 3.8] cost=1136.00 no_imp=14/20 (còn 2s)
2026-04-03 09:58:04,676 -   [Inner 3.9] cost=1136.00 no_imp=16/20 (còn 2s)
2026-04-03 09:58:04,684 -   [Inner 3.10] cost=1136.00 no_imp=18/20 (còn 2s)
2026-04-03 09:58:04,692 -   [Outer 3] Chạy Pairwise MaxSAT...
2026-04-03 09:58:04,692 -   [Outer] Không cải thiện (2/3)
2026-04-03 09:58:04,692 - === OUTER 4 | cost=1136.00 outer_no_imp=2/3 (còn 2s) ===
2026-04-03 09:58:04,692 -   [Inner 4.1] cost=1136.00 no_imp=0/20 (còn 2s)
2026-04-03 09:58:04,700 -   [Inner 4.2] cost=1136.00 no_imp=2/20 (còn 2s)
2026-04-03 09:58:04,707 -   [Inner 4.3] cost=1136.00 no_imp=4/20 (còn 2s)
2026-04-03 09:58:04,713 -   [Inner 4.4] cost=1136.00 no_imp=6/20 (còn 2s)
2026-04-03 09:58:04,720 -   [Inner 4.5] cost=1136.00 no_imp=8/20 (còn 2s)
2026-04-03 09:58:04,728 -   [Inner 4.6] cost=1136.00 no_imp=10/20 (còn 2s)
2026-04-03 09:58:04,735 -   [Inner 4.7] cost=1136.00 no_imp=12/20 (còn 2s)
2026-04-03 09:58:04,743 -   [Inner 4.8] cost=1136.00 no_imp=14/20 (còn 2s)
2026-04-03 09:58:04,750 -   [Inner 4.9] cost=1136.00 no_imp=16/20 (còn 2s)
2026-04-03 09:58:04,758 -   [Inner 4.10] cost=1136.00 no_imp=18/20 (còn 2s)
2026-04-03 09:58:04,766 -   [Outer 4] Chạy Pairwise MaxSAT...
2026-04-03 09:58:04,766 -   [Outer] Không cải thiện (3/3)
2026-04-03 09:58:04,766 - Hoàn thành. cost=1136.00 | time=1198.2s | s_imp=7 s_to=0 | p_imp=0 p_to=2
2026-04-03 09:58:04,766 - ======================================================================
2026-04-03 09:58:04,766 - CW=1528 → 2opt=1427 → MaxSAT=1136
2026-04-03 09:58:04,766 - Cải thiện so CW: 392
2026-04-03 09:58:04,766 - Total time: 1198.2s
2026-04-03 09:58:04,766 - Verified cost: 1136
