2026-04-04 03:14:26,687 - ======================================================================
2026-04-04 03:14:26,687 - CPLEX MIP SOLVER  |  FILE: B-n31-k5.vrp
2026-04-04 03:14:26,688 - ======================================================================
2026-04-04 03:14:26,689 - Thông tin dữ liệu: Dimension=31, K=5, Capacity=100
2026-04-04 03:14:26,690 - --- Step 1: Clarke-Wright Heuristic ---
2026-04-04 03:14:26,691 -   Kết quả CW: Cost = 748, Time = 0.001s
2026-04-04 03:14:26,691 - --- Step 2: Two-Opt Local Search ---
2026-04-04 03:14:26,692 -   Kết quả Two-Opt: Cost = 730, Time = 0.001s
2026-04-04 03:14:26,693 - --- Step 3: Advanced Optimization (CPLEX MIP) ---
2026-04-04 03:14:26,693 - =========================================
2026-04-04 03:14:26,693 - BẮT ĐẦU OPTIMIZE  (100% CPLEX MIP)
2026-04-04 03:14:26,693 -  -> Max Single Size  : 15
2026-04-04 03:14:26,693 -  -> Single Timeout   : 40.0s
2026-04-04 03:14:26,694 -  -> Max Pairwise Size: 15
2026-04-04 03:14:26,694 -  -> Pairwise Timeout : 49.6s
2026-04-04 03:14:26,694 -  -> Global Timeout   : 1200.0s
2026-04-04 03:14:26,694 -  -> Closest Pairs    : 999
2026-04-04 03:14:26,694 -  -> Patience         : 3
2026-04-04 03:14:26,694 -  -> Max Iterations   : 150
2026-04-04 03:14:26,695 -  -> Chi phí khởi điểm: 730
2026-04-04 03:14:26,695 - =========================================
2026-04-04 03:14:26,695 - --- Iter 1/150  (còn 1200s) ---
2026-04-04 03:15:16,447 -   [Pair] (1,2): 363 → 344  (−19)
2026-04-04 03:15:16,447 - => ITER 1: BEST MỚI = 711
2026-04-04 03:15:16,447 - --- Iter 2/150  (còn 1150s) ---
2026-04-04 03:16:06,243 -   [Pair] (2,3): 350 → 340  (−10)
2026-04-04 03:16:06,243 - => ITER 2: BEST MỚI = 701
2026-04-04 03:16:06,243 - --- Iter 3/150  (còn 1100s) ---
2026-04-04 03:16:58,435 -   [Pair] (2,4): 222 → 219  (−3)
2026-04-04 03:16:58,435 - => ITER 3: BEST MỚI = 698
2026-04-04 03:16:58,435 - --- Iter 4/150  (còn 1048s) ---
2026-04-04 03:17:07,112 -   [Pair] (2,3): 325 → 318  (−7)
2026-04-04 03:17:07,112 - => ITER 4: BEST MỚI = 691
2026-04-04 03:17:07,112 - --- Iter 5/150  (còn 1040s) ---
2026-04-04 03:19:09,037 -   [Pair] (1,2): 321 → 315  (−6)
2026-04-04 03:19:09,037 - => ITER 5: BEST MỚI = 685
2026-04-04 03:19:09,037 - --- Iter 6/150  (còn 918s) ---
2026-04-04 03:19:49,704 -   [Pair] (2,3): 326 → 322  (−4)
2026-04-04 03:19:49,704 - => ITER 6: BEST MỚI = 681
2026-04-04 03:19:49,705 - --- Iter 7/150  (còn 877s) ---
2026-04-04 03:22:50,928 -   [Pair] (0,4): 268 → 264  (−4)
2026-04-04 03:22:50,929 - => ITER 7: BEST MỚI = 677
2026-04-04 03:22:50,929 - --- Iter 8/150  (còn 696s) ---
2026-04-04 03:26:40,727 - => ITER 8: Không cải thiện (1/3)
2026-04-04 03:26:40,727 - --- Iter 9/150  (còn 466s) ---
2026-04-04 03:30:31,946 - => ITER 9: Không cải thiện (2/3)
2026-04-04 03:30:31,947 - --- Iter 10/150  (còn 235s) ---
2026-04-04 03:34:23,548 - => ITER 10: Không cải thiện (3/3)
2026-04-04 03:34:23,549 - Hoàn thành trong 1196.9s. Final Cost: 677
2026-04-04 03:34:23,549 - ======================================================================
2026-04-04 03:34:23,549 - BÁO CÁO TỔNG KẾT (SUMMARY)
2026-04-04 03:34:23,549 - ======================================================================
2026-04-04 03:34:23,549 -   1. Chi phí Clarke-Wright:     748
2026-04-04 03:34:23,549 -   2. Chi phí sau Two-Opt:       730
2026-04-04 03:34:23,549 -   3. Chi phí sau CPLEX MIP:     677
2026-04-04 03:34:23,550 -   => TỔNG CẢI THIỆN:            71
2026-04-04 03:34:23,550 -   => Số lần CPLEX Single cải thiện  : 0 lần
2026-04-04 03:34:23,550 -   => Số lần CPLEX Pairwise cải thiện: 7 lần
2026-04-04 03:34:23,550 -   => TỔNG THỜI GIAN CHẠY:       1196.858s
2026-04-04 03:34:23,551 - ======================================================================
2026-04-04 03:34:23,551 - CPLEX MIP SOLVER  |  FILE: B-n34-k5.vrp
2026-04-04 03:34:23,551 - ======================================================================
2026-04-04 03:34:23,553 - Thông tin dữ liệu: Dimension=34, K=5, Capacity=100
2026-04-04 03:34:23,553 - --- Step 1: Clarke-Wright Heuristic ---
2026-04-04 03:34:23,555 -   Kết quả CW: Cost = 936, Time = 0.001s
2026-04-04 03:34:23,555 - --- Step 2: Two-Opt Local Search ---
2026-04-04 03:34:23,557 -   Kết quả Two-Opt: Cost = 875, Time = 0.002s
2026-04-04 03:34:23,558 - --- Step 3: Advanced Optimization (CPLEX MIP) ---
2026-04-04 03:34:23,558 - =========================================
2026-04-04 03:34:23,558 - BẮT ĐẦU OPTIMIZE  (100% CPLEX MIP)
2026-04-04 03:34:23,558 -  -> Max Single Size  : 15
2026-04-04 03:34:23,558 -  -> Single Timeout   : 40.0s
2026-04-04 03:34:23,558 -  -> Max Pairwise Size: 17
2026-04-04 03:34:23,558 -  -> Pairwise Timeout : 54.4s
2026-04-04 03:34:23,558 -  -> Global Timeout   : 1200.0s
2026-04-04 03:34:23,558 -  -> Closest Pairs    : 999
2026-04-04 03:34:23,558 -  -> Patience         : 3
2026-04-04 03:34:23,558 -  -> Max Iterations   : 150
2026-04-04 03:34:23,558 -  -> Chi phí khởi điểm: 875
2026-04-04 03:34:23,558 - =========================================
2026-04-04 03:34:23,558 - --- Iter 1/150  (còn 1200s) ---
2026-04-04 03:35:18,210 -   [Pair] (0,1): 341 → 321  (−20)
2026-04-04 03:35:18,210 - => ITER 1: BEST MỚI = 855
2026-04-04 03:35:18,210 - --- Iter 2/150  (còn 1145s) ---
2026-04-04 03:36:34,029 -   [Pair] (0,4): 329 → 326  (−3)
2026-04-04 03:36:34,029 - => ITER 2: BEST MỚI = 852
2026-04-04 03:36:34,029 - --- Iter 3/150  (còn 1070s) ---
2026-04-04 03:37:28,627 -   [Pair] (1,4): 337 → 300  (−37)
2026-04-04 03:37:28,627 - => ITER 3: BEST MỚI = 815
2026-04-04 03:37:28,627 - --- Iter 4/150  (còn 1015s) ---
2026-04-04 03:38:23,184 -   [Pair] (2,3): 357 → 336  (−21)
2026-04-04 03:38:23,184 - => ITER 4: BEST MỚI = 794
2026-04-04 03:38:23,184 - --- Iter 5/150  (còn 960s) ---
2026-04-04 03:39:17,765 -   [Pair] (1,3): 378 → 372  (−6)
2026-04-04 03:39:17,765 - => ITER 5: BEST MỚI = 788
2026-04-04 03:39:17,765 - --- Iter 6/150  (còn 906s) ---
2026-04-04 03:43:23,368 - => ITER 6: Không cải thiện (1/3)
2026-04-04 03:43:23,368 - --- Iter 7/150  (còn 660s) ---
2026-04-04 03:47:28,962 - => ITER 7: Không cải thiện (2/3)
2026-04-04 03:47:28,962 - --- Iter 8/150  (còn 415s) ---
2026-04-04 03:51:34,255 - => ITER 8: Không cải thiện (3/3)
2026-04-04 03:51:34,255 - Hoàn thành trong 1030.7s. Final Cost: 788
2026-04-04 03:51:34,255 - ======================================================================
2026-04-04 03:51:34,255 - BÁO CÁO TỔNG KẾT (SUMMARY)
2026-04-04 03:51:34,255 - ======================================================================
2026-04-04 03:51:34,255 -   1. Chi phí Clarke-Wright:     936
2026-04-04 03:51:34,255 -   2. Chi phí sau Two-Opt:       875
2026-04-04 03:51:34,255 -   3. Chi phí sau CPLEX MIP:     788
2026-04-04 03:51:34,255 -   => TỔNG CẢI THIỆN:            148
2026-04-04 03:51:34,256 -   => Số lần CPLEX Single cải thiện  : 0 lần
2026-04-04 03:51:34,256 -   => Số lần CPLEX Pairwise cải thiện: 5 lần
2026-04-04 03:51:34,256 -   => TỔNG THỜI GIAN CHẠY:       1030.701s
2026-04-04 03:51:34,256 - ======================================================================
2026-04-04 03:51:34,256 - CPLEX MIP SOLVER  |  FILE: B-n35-k5.vrp
2026-04-04 03:51:34,256 - ======================================================================
2026-04-04 03:51:34,258 - Thông tin dữ liệu: Dimension=35, K=5, Capacity=100
2026-04-04 03:51:34,258 - --- Step 1: Clarke-Wright Heuristic ---
2026-04-04 03:51:34,260 -   Kết quả CW: Cost = 1016, Time = 0.001s
2026-04-04 03:51:34,260 - --- Step 2: Two-Opt Local Search ---
2026-04-04 03:51:34,261 -   Kết quả Two-Opt: Cost = 973, Time = 0.001s
2026-04-04 03:51:34,261 - --- Step 3: Advanced Optimization (CPLEX MIP) ---
2026-04-04 03:51:34,261 - =========================================
2026-04-04 03:51:34,261 - BẮT ĐẦU OPTIMIZE  (100% CPLEX MIP)
2026-04-04 03:51:34,261 -  -> Max Single Size  : 15
2026-04-04 03:51:34,261 -  -> Single Timeout   : 40.0s
2026-04-04 03:51:34,261 -  -> Max Pairwise Size: 17
2026-04-04 03:51:34,261 -  -> Pairwise Timeout : 56.0s
2026-04-04 03:51:34,261 -  -> Global Timeout   : 1200.0s
2026-04-04 03:51:34,261 -  -> Closest Pairs    : 999
2026-04-04 03:51:34,261 -  -> Patience         : 3
2026-04-04 03:51:34,261 -  -> Max Iterations   : 150
2026-04-04 03:51:34,261 -  -> Chi phí khởi điểm: 973
2026-04-04 03:51:34,261 - =========================================
2026-04-04 03:51:34,261 - --- Iter 1/150  (còn 1200s) ---
2026-04-04 03:51:34,289 -   [Single] Route 0: 124 → 123  (−1)
2026-04-04 03:52:30,611 -   [Pair] (2,4): 368 → 362  (−6)
2026-04-04 03:52:30,611 - => ITER 1: BEST MỚI = 966
2026-04-04 03:52:30,611 - --- Iter 2/150  (còn 1144s) ---
2026-04-04 03:54:23,033 -   [Pair] (0,4): 354 → 351  (−3)
2026-04-04 03:54:23,033 - => ITER 2: BEST MỚI = 963
2026-04-04 03:54:23,033 - --- Iter 3/150  (còn 1031s) ---
2026-04-04 03:57:12,435 -   [Pair] (1,3): 481 → 474  (−7)
2026-04-04 03:57:12,436 - => ITER 3: BEST MỚI = 956
2026-04-04 03:57:12,436 - --- Iter 4/150  (còn 862s) ---
2026-04-04 03:59:05,585 -   [Pair] (1,3): 474 → 473  (−1)
2026-04-04 03:59:05,586 - => ITER 4: BEST MỚI = 955
2026-04-04 03:59:05,586 - --- Iter 5/150  (còn 749s) ---
2026-04-04 04:03:55,668 - => ITER 5: Không cải thiện (1/3)
2026-04-04 04:03:55,668 - --- Iter 6/150  (còn 459s) ---
2026-04-04 04:08:45,666 - => ITER 6: Không cải thiện (2/3)
2026-04-04 04:08:45,666 - --- Iter 7/150  (còn 169s) ---
2026-04-04 04:11:34,297 - => ITER 7: Không cải thiện (3/3)
2026-04-04 04:11:34,297 - Hoàn thành trong 1200.0s. Final Cost: 955
2026-04-04 04:11:34,297 - ======================================================================
2026-04-04 04:11:34,297 - BÁO CÁO TỔNG KẾT (SUMMARY)
2026-04-04 04:11:34,297 - ======================================================================
2026-04-04 04:11:34,297 -   1. Chi phí Clarke-Wright:     1016
2026-04-04 04:11:34,297 -   2. Chi phí sau Two-Opt:       973
2026-04-04 04:11:34,298 -   3. Chi phí sau CPLEX MIP:     955
2026-04-04 04:11:34,298 -   => TỔNG CẢI THIỆN:            61
2026-04-04 04:11:34,298 -   => Số lần CPLEX Single cải thiện  : 1 lần
2026-04-04 04:11:34,298 -   => Số lần CPLEX Pairwise cải thiện: 4 lần
2026-04-04 04:11:34,298 -   => TỔNG THỜI GIAN CHẠY:       1200.039s
2026-04-04 04:11:34,298 - ======================================================================
2026-04-04 04:11:34,298 - CPLEX MIP SOLVER  |  FILE: B-n38-k6.vrp
2026-04-04 04:11:34,298 - ======================================================================
2026-04-04 04:11:34,301 - Thông tin dữ liệu: Dimension=38, K=6, Capacity=100
2026-04-04 04:11:34,301 - --- Step 1: Clarke-Wright Heuristic ---
2026-04-04 04:11:34,302 -   Kết quả CW: Cost = 961, Time = 0.001s
2026-04-04 04:11:34,302 - --- Step 2: Two-Opt Local Search ---
2026-04-04 04:11:34,303 -   Kết quả Two-Opt: Cost = 912, Time = 0.001s
2026-04-04 04:11:34,303 - --- Step 3: Advanced Optimization (CPLEX MIP) ---
2026-04-04 04:11:34,304 - =========================================
2026-04-04 04:11:34,304 - BẮT ĐẦU OPTIMIZE  (100% CPLEX MIP)
2026-04-04 04:11:34,304 -  -> Max Single Size  : 15
2026-04-04 04:11:34,304 -  -> Single Timeout   : 40.0s
2026-04-04 04:11:34,304 -  -> Max Pairwise Size: 15
2026-04-04 04:11:34,304 -  -> Pairwise Timeout : 50.666666666666664s
2026-04-04 04:11:34,304 -  -> Global Timeout   : 1200.0s
2026-04-04 04:11:34,304 -  -> Closest Pairs    : 999
2026-04-04 04:11:34,304 -  -> Patience         : 3
2026-04-04 04:11:34,304 -  -> Max Iterations   : 150
2026-04-04 04:11:34,304 -  -> Chi phí khởi điểm: 912
2026-04-04 04:11:34,304 - =========================================
2026-04-04 04:11:34,304 - --- Iter 1/150  (còn 1200s) ---
2026-04-04 04:12:25,193 -   [Pair] (2,3): 415 → 360  (−55)
2026-04-04 04:12:25,193 - => ITER 1: BEST MỚI = 857
2026-04-04 04:12:25,193 - --- Iter 2/150  (còn 1149s) ---
2026-04-04 04:12:36,111 -   [Pair] (1,5): 214 → 209  (−5)
2026-04-04 04:12:36,112 - => ITER 2: BEST MỚI = 852
2026-04-04 04:12:36,112 - --- Iter 3/150  (còn 1138s) ---
2026-04-04 04:12:36,707 -   [Pair] (4,5): 212 → 208  (−4)
2026-04-04 04:12:36,708 - => ITER 3: BEST MỚI = 848
2026-04-04 04:12:36,708 - --- Iter 4/150  (còn 1138s) ---
2026-04-04 04:13:27,943 -   [Pair] (2,4): 300 → 299  (−1)
2026-04-04 04:13:27,943 - => ITER 4: BEST MỚI = 847
2026-04-04 04:13:27,943 - --- Iter 5/150  (còn 1086s) ---
2026-04-04 04:14:40,949 -   [Pair] (0,1): 280 → 250  (−30)
2026-04-04 04:14:40,949 - => ITER 5: BEST MỚI = 817
2026-04-04 04:14:40,949 - --- Iter 6/150  (còn 1013s) ---
2026-04-04 04:20:48,655 - => ITER 6: Không cải thiện (1/3)
2026-04-04 04:20:48,655 - --- Iter 7/150  (còn 646s) ---
2026-04-04 04:26:56,418 - => ITER 7: Không cải thiện (2/3)
2026-04-04 04:26:56,418 - --- Iter 8/150  (còn 278s) ---
2026-04-04 04:31:34,343 - => ITER 8: Không cải thiện (3/3)
2026-04-04 04:31:34,343 - Hoàn thành trong 1200.0s. Final Cost: 817
2026-04-04 04:31:34,343 - ======================================================================
2026-04-04 04:31:34,343 - BÁO CÁO TỔNG KẾT (SUMMARY)
2026-04-04 04:31:34,343 - ======================================================================
2026-04-04 04:31:34,343 -   1. Chi phí Clarke-Wright:     961
2026-04-04 04:31:34,343 -   2. Chi phí sau Two-Opt:       912
2026-04-04 04:31:34,343 -   3. Chi phí sau CPLEX MIP:     817
2026-04-04 04:31:34,343 -   => TỔNG CẢI THIỆN:            144
2026-04-04 04:31:34,343 -   => Số lần CPLEX Single cải thiện  : 0 lần
2026-04-04 04:31:34,343 -   => Số lần CPLEX Pairwise cải thiện: 5 lần
2026-04-04 04:31:34,343 -   => TỔNG THỜI GIAN CHẠY:       1200.042s
2026-04-04 04:31:34,344 - ======================================================================
2026-04-04 04:31:34,344 - CPLEX MIP SOLVER  |  FILE: B-n39-k5.vrp
2026-04-04 04:31:34,344 - ======================================================================
2026-04-04 04:31:34,346 - Thông tin dữ liệu: Dimension=39, K=5, Capacity=100
2026-04-04 04:31:34,347 - --- Step 1: Clarke-Wright Heuristic ---
2026-04-04 04:31:34,348 -   Kết quả CW: Cost = 695, Time = 0.001s
2026-04-04 04:31:34,348 - --- Step 2: Two-Opt Local Search ---
2026-04-04 04:31:34,349 -   Kết quả Two-Opt: Cost = 660, Time = 0.001s
2026-04-04 04:31:34,349 - --- Step 3: Advanced Optimization (CPLEX MIP) ---
2026-04-04 04:31:34,349 - =========================================
2026-04-04 04:31:34,349 - BẮT ĐẦU OPTIMIZE  (100% CPLEX MIP)
2026-04-04 04:31:34,350 -  -> Max Single Size  : 15
2026-04-04 04:31:34,350 -  -> Single Timeout   : 40.0s
2026-04-04 04:31:34,350 -  -> Max Pairwise Size: 19
2026-04-04 04:31:34,350 -  -> Pairwise Timeout : 62.4s
2026-04-04 04:31:34,350 -  -> Global Timeout   : 1200.0s
2026-04-04 04:31:34,350 -  -> Closest Pairs    : 999
2026-04-04 04:31:34,350 -  -> Patience         : 3
2026-04-04 04:31:34,350 -  -> Max Iterations   : 150
2026-04-04 04:31:34,350 -  -> Chi phí khởi điểm: 660
2026-04-04 04:31:34,350 - =========================================
2026-04-04 04:31:34,350 - --- Iter 1/150  (còn 1200s) ---
2026-04-04 04:31:39,034 -   [Single] Route 1: 197 → 196  (−1)
2026-04-04 04:31:39,113 -   [Single] Route 4: 68 → 65  (−3)
2026-04-04 04:32:11,822 -   [Pair] (2,3): 231 → 145  (−86)
2026-04-04 04:32:11,822 - => ITER 1: BEST MỚI = 570
2026-04-04 04:32:11,822 - --- Iter 2/150  (còn 1163s) ---
2026-04-04 04:33:19,354 -   [Pair] (0,1): 360 → 356  (−4)
2026-04-04 04:33:19,354 - => ITER 2: BEST MỚI = 566
2026-04-04 04:33:19,354 - --- Iter 3/150  (còn 1095s) ---
2026-04-04 04:33:51,749 -   [Single] Route 0: 199 → 198  (−1)
2026-04-04 04:36:59,265 -   [Pair] (3,4): 138 → 132  (−6)
2026-04-04 04:36:59,265 - => ITER 3: BEST MỚI = 559
2026-04-04 04:36:59,265 - --- Iter 4/150  (còn 875s) ---
2026-04-04 04:38:36,331 -   [Pair] (0,2): 270 → 269  (−1)
2026-04-04 04:38:36,331 - => ITER 4: BEST MỚI = 558
2026-04-04 04:38:36,331 - --- Iter 5/150  (còn 778s) ---
2026-04-04 04:45:15,835 - => ITER 5: Không cải thiện (1/3)
2026-04-04 04:45:15,835 - --- Iter 6/150  (còn 379s) ---
2026-04-04 04:51:34,392 - => ITER 6: Không cải thiện (2/3)
2026-04-04 04:51:34,392 - [GlobalTimeout] Dừng trước iteration 7.
2026-04-04 04:51:34,396 - Hoàn thành trong 1200.0s. Final Cost: 558
2026-04-04 04:51:34,396 - ======================================================================
2026-04-04 04:51:34,396 - BÁO CÁO TỔNG KẾT (SUMMARY)
2026-04-04 04:51:34,396 - ======================================================================
2026-04-04 04:51:34,396 -   1. Chi phí Clarke-Wright:     695
2026-04-04 04:51:34,396 -   2. Chi phí sau Two-Opt:       660
2026-04-04 04:51:34,396 -   3. Chi phí sau CPLEX MIP:     558
2026-04-04 04:51:34,396 -   => TỔNG CẢI THIỆN:            137
2026-04-04 04:51:34,396 -   => Số lần CPLEX Single cải thiện  : 3 lần
2026-04-04 04:51:34,396 -   => Số lần CPLEX Pairwise cải thiện: 4 lần
2026-04-04 04:51:34,396 -   => TỔNG THỜI GIAN CHẠY:       1200.049s
2026-04-04 04:51:34,397 - ======================================================================
2026-04-04 04:51:34,397 - CPLEX MIP SOLVER  |  FILE: B-n41-k6.vrp
2026-04-04 04:51:34,397 - ======================================================================
2026-04-04 04:51:34,400 - Thông tin dữ liệu: Dimension=41, K=6, Capacity=100
2026-04-04 04:51:34,400 - --- Step 1: Clarke-Wright Heuristic ---
2026-04-04 04:51:34,402 -   Kết quả CW: Cost = 981, Time = 0.001s
2026-04-04 04:51:34,402 - --- Step 2: Two-Opt Local Search ---
2026-04-04 04:51:34,403 -   Kết quả Two-Opt: Cost = 953, Time = 0.001s
2026-04-04 04:51:34,403 - --- Step 3: Advanced Optimization (CPLEX MIP) ---
2026-04-04 04:51:34,403 - =========================================
2026-04-04 04:51:34,403 - BẮT ĐẦU OPTIMIZE  (100% CPLEX MIP)
2026-04-04 04:51:34,403 -  -> Max Single Size  : 15
2026-04-04 04:51:34,403 -  -> Single Timeout   : 40.0s
2026-04-04 04:51:34,403 -  -> Max Pairwise Size: 17
2026-04-04 04:51:34,403 -  -> Pairwise Timeout : 54.666666666666664s
2026-04-04 04:51:34,403 -  -> Global Timeout   : 1200.0s
2026-04-04 04:51:34,403 -  -> Closest Pairs    : 999
2026-04-04 04:51:34,403 -  -> Patience         : 3
2026-04-04 04:51:34,403 -  -> Max Iterations   : 150
2026-04-04 04:51:34,403 -  -> Chi phí khởi điểm: 953
2026-04-04 04:51:34,403 - =========================================
2026-04-04 04:51:34,403 - --- Iter 1/150  (còn 1200s) ---
2026-04-04 04:51:39,807 -   [Pair] (4,5): 329 → 324  (−5)
2026-04-04 04:51:39,807 - => ITER 1: BEST MỚI = 948
2026-04-04 04:51:39,807 - --- Iter 2/150  (còn 1195s) ---
2026-04-04 04:52:35,013 -   [Pair] (0,5): 333 → 323  (−10)
2026-04-04 04:52:35,013 - => ITER 2: BEST MỚI = 938
2026-04-04 04:52:35,013 - --- Iter 3/150  (còn 1139s) ---
2026-04-04 04:53:35,801 -   [Pair] (4,5): 317 → 314  (−3)
2026-04-04 04:53:35,802 - => ITER 3: BEST MỚI = 935
2026-04-04 04:53:35,802 - --- Iter 4/150  (còn 1079s) ---
2026-04-04 04:56:27,304 -   [Pair] (0,1): 381 → 374  (−7)
2026-04-04 04:56:27,304 - => ITER 4: BEST MỚI = 928
2026-04-04 04:56:27,304 - --- Iter 5/150  (còn 907s) ---
2026-04-04 05:00:33,103 -   [Pair] (1,2): 284 → 257  (−27)
2026-04-04 05:00:33,103 - => ITER 5: BEST MỚI = 901
2026-04-04 05:00:33,103 - --- Iter 6/150  (còn 661s) ---
2026-04-04 05:01:27,981 -   [Pair] (0,2): 310 → 300  (−10)
2026-04-04 05:01:27,981 - => ITER 6: BEST MỚI = 891
2026-04-04 05:01:27,981 - --- Iter 7/150  (còn 606s) ---
2026-04-04 05:06:07,331 -   [Pair] (1,3): 277 → 272  (−5)
2026-04-04 05:06:07,331 - => ITER 7: BEST MỚI = 886
2026-04-04 05:06:07,332 - --- Iter 8/150  (còn 327s) ---
2026-04-04 05:11:34,438 - => ITER 8: Không cải thiện (1/3)
2026-04-04 05:11:34,438 - [GlobalTimeout] Dừng trước iteration 9.
2026-04-04 05:11:34,438 - Hoàn thành trong 1200.0s. Final Cost: 886
2026-04-04 05:11:34,438 - ======================================================================
2026-04-04 05:11:34,438 - BÁO CÁO TỔNG KẾT (SUMMARY)
2026-04-04 05:11:34,439 - ======================================================================
2026-04-04 05:11:34,439 -   1. Chi phí Clarke-Wright:     981
2026-04-04 05:11:34,439 -   2. Chi phí sau Two-Opt:       953
2026-04-04 05:11:34,439 -   3. Chi phí sau CPLEX MIP:     886
2026-04-04 05:11:34,439 -   => TỔNG CẢI THIỆN:            95
2026-04-04 05:11:34,439 -   => Số lần CPLEX Single cải thiện  : 0 lần
2026-04-04 05:11:34,439 -   => Số lần CPLEX Pairwise cải thiện: 7 lần
2026-04-04 05:11:34,439 -   => TỔNG THỜI GIAN CHẠY:       1200.038s
2026-04-04 05:11:34,440 - ======================================================================
2026-04-04 05:11:34,440 - CPLEX MIP SOLVER  |  FILE: B-n43-k6.vrp
2026-04-04 05:11:34,440 - ======================================================================
2026-04-04 05:11:34,442 - Thông tin dữ liệu: Dimension=43, K=6, Capacity=100
2026-04-04 05:11:34,443 - --- Step 1: Clarke-Wright Heuristic ---
2026-04-04 05:11:34,444 -   Kết quả CW: Cost = 861, Time = 0.002s
2026-04-04 05:11:34,444 - --- Step 2: Two-Opt Local Search ---
2026-04-04 05:11:34,446 -   Kết quả Two-Opt: Cost = 795, Time = 0.001s
2026-04-04 05:11:34,446 - --- Step 3: Advanced Optimization (CPLEX MIP) ---
2026-04-04 05:11:34,446 - =========================================
2026-04-04 05:11:34,446 - BẮT ĐẦU OPTIMIZE  (100% CPLEX MIP)
2026-04-04 05:11:34,446 -  -> Max Single Size  : 15
2026-04-04 05:11:34,446 -  -> Single Timeout   : 40.0s
2026-04-04 05:11:34,446 -  -> Max Pairwise Size: 17
2026-04-04 05:11:34,446 -  -> Pairwise Timeout : 57.333333333333336s
2026-04-04 05:11:34,446 -  -> Global Timeout   : 1200.0s
2026-04-04 05:11:34,446 -  -> Closest Pairs    : 999
2026-04-04 05:11:34,446 -  -> Patience         : 3
2026-04-04 05:11:34,446 -  -> Max Iterations   : 150
2026-04-04 05:11:34,446 -  -> Chi phí khởi điểm: 795
2026-04-04 05:11:34,446 - =========================================
2026-04-04 05:11:34,446 - --- Iter 1/150  (còn 1200s) ---
2026-04-04 05:11:35,518 -   [Single] Route 3: 87 → 84  (−3)
2026-04-04 05:12:26,256 -   [Pair] (1,5): 293 → 287  (−6)
2026-04-04 05:12:26,256 - => ITER 1: BEST MỚI = 786
2026-04-04 05:12:26,256 - --- Iter 2/150  (còn 1148s) ---
2026-04-04 05:15:18,134 -   [Pair] (4,5): 274 → 270  (−4)
2026-04-04 05:15:18,134 - => ITER 2: BEST MỚI = 782
2026-04-04 05:15:18,134 - --- Iter 3/150  (còn 976s) ---
2026-04-04 05:16:16,938 -   [Pair] (0,5): 329 → 324  (−5)
2026-04-04 05:16:16,938 - => ITER 3: BEST MỚI = 777
2026-04-04 05:16:16,938 - --- Iter 4/150  (còn 918s) ---
2026-04-04 05:16:16,957 -   [Single] Route 0: 138 → 136  (−2)
2026-04-04 05:17:32,127 -   [Pair] (1,4): 276 → 275  (−1)
2026-04-04 05:17:32,127 - => ITER 4: BEST MỚI = 774
2026-04-04 05:17:32,127 - --- Iter 5/150  (còn 842s) ---
2026-04-04 05:22:03,179 -   [Pair] (2,3): 177 → 176  (−1)
2026-04-04 05:22:03,180 - => ITER 5: BEST MỚI = 773
2026-04-04 05:22:03,180 - --- Iter 6/150  (còn 571s) ---
2026-04-04 05:26:36,532 -   [Pair] (3,5): 259 → 255  (−4)
2026-04-04 05:26:36,532 - => ITER 6: BEST MỚI = 769
2026-04-04 05:26:36,532 - --- Iter 7/150  (còn 298s) ---
2026-04-04 05:31:34,481 - => ITER 7: Không cải thiện (1/3)
2026-04-04 05:31:34,481 - [GlobalTimeout] Dừng trước iteration 8.
2026-04-04 05:31:34,481 - Hoàn thành trong 1200.0s. Final Cost: 769
2026-04-04 05:31:34,481 - ======================================================================
2026-04-04 05:31:34,481 - BÁO CÁO TỔNG KẾT (SUMMARY)
2026-04-04 05:31:34,481 - ======================================================================
2026-04-04 05:31:34,481 -   1. Chi phí Clarke-Wright:     861
2026-04-04 05:31:34,481 -   2. Chi phí sau Two-Opt:       795
2026-04-04 05:31:34,481 -   3. Chi phí sau CPLEX MIP:     769
2026-04-04 05:31:34,481 -   => TỔNG CẢI THIỆN:            92
2026-04-04 05:31:34,481 -   => Số lần CPLEX Single cải thiện  : 2 lần
2026-04-04 05:31:34,481 -   => Số lần CPLEX Pairwise cải thiện: 6 lần
2026-04-04 05:31:34,481 -   => TỔNG THỜI GIAN CHẠY:       1200.038s
2026-04-04 05:31:34,482 - ======================================================================
2026-04-04 05:31:34,482 - CPLEX MIP SOLVER  |  FILE: B-n44-k7.vrp
2026-04-04 05:31:34,482 - ======================================================================
2026-04-04 05:31:34,485 - Thông tin dữ liệu: Dimension=44, K=7, Capacity=100
2026-04-04 05:31:34,485 - --- Step 1: Clarke-Wright Heuristic ---
2026-04-04 05:31:34,487 -   Kết quả CW: Cost = 1103, Time = 0.002s
2026-04-04 05:31:34,487 - --- Step 2: Two-Opt Local Search ---
2026-04-04 05:31:34,488 -   Kết quả Two-Opt: Cost = 1045, Time = 0.001s
2026-04-04 05:31:34,489 - --- Step 3: Advanced Optimization (CPLEX MIP) ---
2026-04-04 05:31:34,489 - =========================================
2026-04-04 05:31:34,489 - BẮT ĐẦU OPTIMIZE  (100% CPLEX MIP)
2026-04-04 05:31:34,489 -  -> Max Single Size  : 15
2026-04-04 05:31:34,489 -  -> Single Timeout   : 40.0s
2026-04-04 05:31:34,489 -  -> Max Pairwise Size: 15
2026-04-04 05:31:34,489 -  -> Pairwise Timeout : 50.285714285714285s
2026-04-04 05:31:34,489 -  -> Global Timeout   : 1200.0s
2026-04-04 05:31:34,489 -  -> Closest Pairs    : 999
2026-04-04 05:31:34,489 -  -> Patience         : 3
2026-04-04 05:31:34,489 -  -> Max Iterations   : 150
2026-04-04 05:31:34,489 -  -> Chi phí khởi điểm: 1045
2026-04-04 05:31:34,489 - =========================================
2026-04-04 05:31:34,489 - --- Iter 1/150  (còn 1200s) ---
2026-04-04 05:31:34,594 -   [Single] Route 1: 202 → 199  (−3)
2026-04-04 05:31:34,605 -   [Single] Route 2: 136 → 135  (−1)
2026-04-04 05:32:25,037 -   [Pair] (0,2): 256 → 253  (−3)
2026-04-04 05:32:25,037 - => ITER 1: BEST MỚI = 1038
2026-04-04 05:32:25,037 - --- Iter 2/150  (còn 1149s) ---
2026-04-04 05:34:05,996 -   [Pair] (0,4): 301 → 283  (−18)
2026-04-04 05:34:05,996 - => ITER 2: BEST MỚI = 1020
2026-04-04 05:34:05,996 - --- Iter 3/150  (còn 1048s) ---
2026-04-04 05:35:46,832 -   [Pair] (0,2): 265 → 226  (−39)
2026-04-04 05:35:46,833 - => ITER 3: BEST MỚI = 981
2026-04-04 05:35:46,833 - --- Iter 4/150  (còn 948s) ---
2026-04-04 05:36:37,366 -   [Pair] (2,4): 255 → 254  (−1)
2026-04-04 05:36:37,366 - => ITER 4: BEST MỚI = 980
2026-04-04 05:36:37,366 - --- Iter 5/150  (còn 897s) ---
2026-04-04 05:37:28,221 -   [Pair] (5,6): 348 → 339  (−9)
2026-04-04 05:37:28,221 - => ITER 5: BEST MỚI = 971
2026-04-04 05:37:28,221 - --- Iter 6/150  (còn 846s) ---
2026-04-04 05:39:09,372 -   [Pair] (0,3): 179 → 146  (−33)
2026-04-04 05:39:09,372 - => ITER 6: BEST MỚI = 938
2026-04-04 05:39:09,372 - --- Iter 7/150  (còn 745s) ---
2026-04-04 05:41:56,554 -   [Pair] (2,3): 193 → 186  (−7)
2026-04-04 05:41:56,555 - => ITER 7: BEST MỚI = 931
2026-04-04 05:41:56,555 - --- Iter 8/150  (còn 578s) ---
2026-04-04 05:43:32,780 -   [Pair] (0,2): 140 → 139  (−1)
2026-04-04 05:43:32,780 - => ITER 8: BEST MỚI = 930
2026-04-04 05:43:32,780 - --- Iter 9/150  (còn 482s) ---
2026-04-04 05:50:13,305 -   [Pair] (0,5): 242 → 241  (−1)
2026-04-04 05:50:13,305 - => ITER 9: BEST MỚI = 929
2026-04-04 05:50:13,305 - --- Iter 10/150  (còn 81s) ---
2026-04-04 05:51:34,513 - => ITER 10: Không cải thiện (1/3)
2026-04-04 05:51:34,514 - [GlobalTimeout] Dừng trước iteration 11.
2026-04-04 05:51:34,514 - Hoàn thành trong 1200.0s. Final Cost: 929
2026-04-04 05:51:34,514 - ======================================================================
2026-04-04 05:51:34,514 - BÁO CÁO TỔNG KẾT (SUMMARY)
2026-04-04 05:51:34,514 - ======================================================================
2026-04-04 05:51:34,514 -   1. Chi phí Clarke-Wright:     1103
2026-04-04 05:51:34,514 -   2. Chi phí sau Two-Opt:       1045
2026-04-04 05:51:34,514 -   3. Chi phí sau CPLEX MIP:     929
2026-04-04 05:51:34,514 -   => TỔNG CẢI THIỆN:            174
2026-04-04 05:51:34,514 -   => Số lần CPLEX Single cải thiện  : 2 lần
2026-04-04 05:51:34,514 -   => Số lần CPLEX Pairwise cải thiện: 9 lần
2026-04-04 05:51:34,514 -   => TỔNG THỜI GIAN CHẠY:       1200.028s
2026-04-04 05:51:34,515 - ======================================================================
2026-04-04 05:51:34,515 - CPLEX MIP SOLVER  |  FILE: B-n45-k5.vrp
2026-04-04 05:51:34,515 - ======================================================================
2026-04-04 05:51:34,518 - Thông tin dữ liệu: Dimension=45, K=5, Capacity=100
2026-04-04 05:51:34,518 - --- Step 1: Clarke-Wright Heuristic ---
2026-04-04 05:51:34,520 -   Kết quả CW: Cost = 1030, Time = 0.002s
2026-04-04 05:51:34,520 - --- Step 2: Two-Opt Local Search ---
2026-04-04 05:51:34,524 -   Kết quả Two-Opt: Cost = 943, Time = 0.004s
2026-04-04 05:51:34,525 - --- Step 3: Advanced Optimization (CPLEX MIP) ---
2026-04-04 05:51:34,525 - =========================================
2026-04-04 05:51:34,525 - BẮT ĐẦU OPTIMIZE  (100% CPLEX MIP)
2026-04-04 05:51:34,525 -  -> Max Single Size  : 18
2026-04-04 05:51:34,525 -  -> Single Timeout   : 40.0s
2026-04-04 05:51:34,525 -  -> Max Pairwise Size: 20
2026-04-04 05:51:34,525 -  -> Pairwise Timeout : 72.0s
2026-04-04 05:51:34,525 -  -> Global Timeout   : 1200.0s
2026-04-04 05:51:34,525 -  -> Closest Pairs    : 999
2026-04-04 05:51:34,525 -  -> Patience         : 3
2026-04-04 05:51:34,525 -  -> Max Iterations   : 150
2026-04-04 05:51:34,525 -  -> Chi phí khởi điểm: 943
2026-04-04 05:51:34,525 - =========================================
2026-04-04 05:51:34,525 - --- Iter 1/150  (còn 1200s) ---
2026-04-04 05:52:47,264 -   [Pair] (0,1): 322 → 274  (−48)
2026-04-04 05:52:47,264 - => ITER 1: BEST MỚI = 895
2026-04-04 05:52:47,268 - --- Iter 2/150  (còn 1127s) ---
2026-04-04 05:55:12,059 -   [Pair] (1,3): 330 → 318  (−12)
2026-04-04 05:55:12,060 - => ITER 2: BEST MỚI = 883
2026-04-04 05:55:12,063 - --- Iter 3/150  (còn 982s) ---
2026-04-04 05:55:12,340 -   [Single] Route 1: 188 → 187  (−1)
2026-04-04 05:56:24,972 -   [Pair] (0,1): 320 → 290  (−30)
2026-04-04 05:56:24,972 - => ITER 3: BEST MỚI = 852
2026-04-04 05:56:24,972 - --- Iter 4/150  (còn 910s) ---
2026-04-04 05:57:37,916 -   [Pair] (1,3): 284 → 274  (−10)
2026-04-04 05:57:37,916 - => ITER 4: BEST MỚI = 842
2026-04-04 05:57:37,916 - --- Iter 5/150  (còn 837s) ---
2026-04-04 06:00:23,779 -   [Pair] (0,3): 297 → 293  (−4)
2026-04-04 06:00:23,779 - => ITER 5: BEST MỚI = 838
2026-04-04 06:00:23,779 - --- Iter 6/150  (còn 671s) ---
2026-04-04 06:04:24,262 - => ITER 6: Không cải thiện (1/3)
2026-04-04 06:04:24,262 - --- Iter 7/150  (còn 430s) ---
2026-04-04 06:08:24,993 - => ITER 7: Không cải thiện (2/3)
2026-04-04 06:08:24,993 - --- Iter 8/150  (còn 190s) ---
2026-04-04 06:11:34,566 - => ITER 8: Không cải thiện (3/3)
2026-04-04 06:11:34,566 - Hoàn thành trong 1200.0s. Final Cost: 838
2026-04-04 06:11:34,566 - ======================================================================
2026-04-04 06:11:34,566 - BÁO CÁO TỔNG KẾT (SUMMARY)
2026-04-04 06:11:34,566 - ======================================================================
2026-04-04 06:11:34,566 -   1. Chi phí Clarke-Wright:     1030
2026-04-04 06:11:34,566 -   2. Chi phí sau Two-Opt:       943
2026-04-04 06:11:34,566 -   3. Chi phí sau CPLEX MIP:     838
2026-04-04 06:11:34,566 -   => TỔNG CẢI THIỆN:            192
2026-04-04 06:11:34,566 -   => Số lần CPLEX Single cải thiện  : 1 lần
2026-04-04 06:11:34,566 -   => Số lần CPLEX Pairwise cải thiện: 5 lần
2026-04-04 06:11:34,566 -   => TỔNG THỜI GIAN CHẠY:       1200.047s
2026-04-04 06:11:34,567 - ======================================================================
2026-04-04 06:11:34,567 - CPLEX MIP SOLVER  |  FILE: B-n45-k6.vrp
2026-04-04 06:11:34,567 - ======================================================================
2026-04-04 06:11:34,570 - Thông tin dữ liệu: Dimension=45, K=6, Capacity=100
2026-04-04 06:11:34,570 - --- Step 1: Clarke-Wright Heuristic ---
2026-04-04 06:11:34,572 -   Kết quả CW: Cost = 888, Time = 0.002s
2026-04-04 06:11:34,572 - --- Step 2: Two-Opt Local Search ---
2026-04-04 06:11:34,573 -   Kết quả Two-Opt: Cost = 846, Time = 0.001s
2026-04-04 06:11:34,573 - --- Step 3: Advanced Optimization (CPLEX MIP) ---
2026-04-04 06:11:34,573 - =========================================
2026-04-04 06:11:34,573 - BẮT ĐẦU OPTIMIZE  (100% CPLEX MIP)
2026-04-04 06:11:34,573 -  -> Max Single Size  : 15
2026-04-04 06:11:34,573 -  -> Single Timeout   : 40.0s
2026-04-04 06:11:34,573 -  -> Max Pairwise Size: 18
2026-04-04 06:11:34,573 -  -> Pairwise Timeout : 60.0s
2026-04-04 06:11:34,573 -  -> Global Timeout   : 1200.0s
2026-04-04 06:11:34,573 -  -> Closest Pairs    : 999
2026-04-04 06:11:34,573 -  -> Patience         : 3
2026-04-04 06:11:34,573 -  -> Max Iterations   : 150
2026-04-04 06:11:34,574 -  -> Chi phí khởi điểm: 846
2026-04-04 06:11:34,574 - =========================================
2026-04-04 06:11:34,574 - --- Iter 1/150  (còn 1200s) ---
2026-04-04 06:12:34,840 -   [Pair] (1,2): 301 → 258  (−43)
2026-04-04 06:12:34,840 - => ITER 1: BEST MỚI = 803
2026-04-04 06:12:34,840 - --- Iter 2/150  (còn 1140s) ---
2026-04-04 06:13:42,294 -   [Pair] (0,5): 282 → 257  (−25)
2026-04-04 06:13:42,294 - => ITER 2: BEST MỚI = 778
2026-04-04 06:13:42,295 - --- Iter 3/150  (còn 1072s) ---
2026-04-04 06:16:53,087 -   [Pair] (1,3): 225 → 215  (−10)
2026-04-04 06:16:53,087 - => ITER 3: BEST MỚI = 768
2026-04-04 06:16:53,087 - --- Iter 4/150  (còn 881s) ---
2026-04-04 06:19:18,086 -   [Pair] (1,5): 294 → 249  (−45)
2026-04-04 06:19:18,086 - => ITER 4: BEST MỚI = 723
2026-04-04 06:19:18,086 - --- Iter 5/150  (còn 736s) ---
2026-04-04 06:21:02,091 -   [Pair] (0,2): 222 → 217  (−5)
2026-04-04 06:21:02,091 - => ITER 5: BEST MỚI = 718
2026-04-04 06:21:02,091 - --- Iter 6/150  (còn 632s) ---
2026-04-04 06:22:04,816 -   [Pair] (2,5): 224 → 222  (−2)
2026-04-04 06:22:04,816 - => ITER 6: BEST MỚI = 716
2026-04-04 06:22:04,816 - --- Iter 7/150  (còn 570s) ---
2026-04-04 06:24:09,558 -   [Pair] (0,2): 312 → 296  (−16)
2026-04-04 06:24:09,558 - => ITER 7: BEST MỚI = 700
2026-04-04 06:24:09,558 - --- Iter 8/150  (còn 445s) ---
2026-04-04 06:26:10,210 -   [Pair] (0,5): 193 → 192  (−1)
2026-04-04 06:26:10,210 - => ITER 8: BEST MỚI = 699
2026-04-04 06:26:10,210 - --- Iter 9/150  (còn 324s) ---
2026-04-04 06:28:23,808 -   [Pair] (2,3): 277 → 269  (−8)
2026-04-04 06:28:23,808 - => ITER 9: BEST MỚI = 691
2026-04-04 06:28:23,808 - --- Iter 10/150  (còn 191s) ---
2026-04-04 06:31:34,613 - => ITER 10: Không cải thiện (1/3)
2026-04-04 06:31:34,613 - [GlobalTimeout] Dừng trước iteration 11.
2026-04-04 06:31:34,613 - Hoàn thành trong 1200.0s. Final Cost: 691
2026-04-04 06:31:34,613 - ======================================================================
2026-04-04 06:31:34,613 - BÁO CÁO TỔNG KẾT (SUMMARY)
2026-04-04 06:31:34,613 - ======================================================================
2026-04-04 06:31:34,613 -   1. Chi phí Clarke-Wright:     888
2026-04-04 06:31:34,613 -   2. Chi phí sau Two-Opt:       846
2026-04-04 06:31:34,613 -   3. Chi phí sau CPLEX MIP:     691
2026-04-04 06:31:34,613 -   => TỔNG CẢI THIỆN:            197
2026-04-04 06:31:34,613 -   => Số lần CPLEX Single cải thiện  : 0 lần
2026-04-04 06:31:34,613 -   => Số lần CPLEX Pairwise cải thiện: 9 lần
2026-04-04 06:31:34,613 -   => TỔNG THỜI GIAN CHẠY:       1200.042s
2026-04-04 06:31:34,616 - ======================================================================
2026-04-04 06:31:34,617 - CPLEX MIP SOLVER  |  FILE: B-n50-k8.vrp
2026-04-04 06:31:34,617 - ======================================================================
2026-04-04 06:31:34,620 - Thông tin dữ liệu: Dimension=50, K=8, Capacity=100
2026-04-04 06:31:34,621 - --- Step 1: Clarke-Wright Heuristic ---
2026-04-04 06:31:34,622 -   Kết quả CW: Cost = 1554, Time = 0.002s
2026-04-04 06:31:34,623 - --- Step 2: Two-Opt Local Search ---
2026-04-04 06:31:34,624 -   Kết quả Two-Opt: Cost = 1503, Time = 0.001s
2026-04-04 06:31:34,624 - --- Step 3: Advanced Optimization (CPLEX MIP) ---
2026-04-04 06:31:34,624 - =========================================
2026-04-04 06:31:34,624 - BẮT ĐẦU OPTIMIZE  (100% CPLEX MIP)
2026-04-04 06:31:34,624 -  -> Max Single Size  : 15
2026-04-04 06:31:34,624 -  -> Single Timeout   : 40.0s
2026-04-04 06:31:34,624 -  -> Max Pairwise Size: 15
2026-04-04 06:31:34,624 -  -> Pairwise Timeout : 50.0s
2026-04-04 06:31:34,624 -  -> Global Timeout   : 1200.0s
2026-04-04 06:31:34,624 -  -> Closest Pairs    : 999
2026-04-04 06:31:34,624 -  -> Patience         : 3
2026-04-04 06:31:34,624 -  -> Max Iterations   : 150
2026-04-04 06:31:34,624 -  -> Chi phí khởi điểm: 1503
2026-04-04 06:31:34,624 - =========================================
2026-04-04 06:31:34,624 - --- Iter 1/150  (còn 1200s) ---
2026-04-04 06:31:34,641 -   [Single] Route 0: 189 → 187  (−2)
2026-04-04 06:31:34,770 -   [Single] Route 5: 276 → 273  (−3)
2026-04-04 06:31:38,961 -   [Pair] (0,6): 282 → 281  (−1)
2026-04-04 06:31:38,961 - => ITER 1: BEST MỚI = 1497
2026-04-04 06:31:38,961 - --- Iter 2/150  (còn 1196s) ---
2026-04-04 06:32:14,431 -   [Pair] (0,7): 420 → 388  (−32)
2026-04-04 06:32:14,431 - => ITER 2: BEST MỚI = 1465
2026-04-04 06:32:14,431 - --- Iter 3/150  (còn 1160s) ---
2026-04-04 06:33:05,957 -   [Pair] (0,3): 459 → 455  (−4)
2026-04-04 06:33:05,957 - => ITER 3: BEST MỚI = 1461
2026-04-04 06:33:05,957 - --- Iter 4/150  (còn 1109s) ---
2026-04-04 06:33:17,748 -   [Pair] (0,7): 363 → 362  (−1)
2026-04-04 06:33:17,748 - => ITER 4: BEST MỚI = 1460
2026-04-04 06:33:17,748 - --- Iter 5/150  (còn 1097s) ---
2026-04-04 06:33:21,186 -   [Pair] (6,7): 250 → 239  (−11)
2026-04-04 06:33:21,187 - => ITER 5: BEST MỚI = 1449
2026-04-04 06:33:21,187 - --- Iter 6/150  (còn 1093s) ---
2026-04-04 06:33:23,845 -   [Pair] (0,6): 314 → 312  (−2)
2026-04-04 06:33:23,845 - => ITER 6: BEST MỚI = 1447
2026-04-04 06:33:23,845 - --- Iter 7/150  (còn 1091s) ---
2026-04-04 06:33:29,090 -   [Pair] (0,3): 344 → 342  (−2)
2026-04-04 06:33:29,090 - => ITER 7: BEST MỚI = 1445
2026-04-04 06:33:29,090 - --- Iter 8/150  (còn 1086s) ---
2026-04-04 06:34:24,876 -   [Pair] (2,7): 248 → 247  (−1)
2026-04-04 06:34:24,876 - => ITER 8: BEST MỚI = 1444
2026-04-04 06:34:24,876 - --- Iter 9/150  (còn 1030s) ---
2026-04-04 06:35:23,542 -   [Pair] (3,5): 511 → 450  (−61)
2026-04-04 06:35:23,542 - => ITER 9: BEST MỚI = 1383
2026-04-04 06:35:23,542 - --- Iter 10/150  (còn 971s) ---
2026-04-04 06:37:01,630 -   [Pair] (1,4): 374 → 368  (−6)
2026-04-04 06:37:01,631 - => ITER 10: BEST MỚI = 1377
2026-04-04 06:37:01,631 - --- Iter 11/150  (còn 873s) ---
2026-04-04 06:39:21,422 -   [Pair] (1,7): 285 → 253  (−32)
2026-04-04 06:39:21,422 - => ITER 11: BEST MỚI = 1345
2026-04-04 06:39:21,422 - --- Iter 12/150  (còn 733s) ---
2026-04-04 06:40:17,233 -   [Pair] (1,2): 293 → 287  (−6)
2026-04-04 06:40:17,233 - => ITER 12: BEST MỚI = 1339
2026-04-04 06:40:17,234 - --- Iter 13/150  (còn 677s) ---
2026-04-04 06:41:27,162 -   [Pair] (1,5): 385 → 373  (−12)
2026-04-04 06:41:27,162 - => ITER 13: BEST MỚI = 1327
2026-04-04 06:41:27,163 - --- Iter 14/150  (còn 607s) ---
2026-04-04 06:44:33,186 -   [Pair] (2,7): 202 → 198  (−4)
2026-04-04 06:44:33,187 - => ITER 14: BEST MỚI = 1323
2026-04-04 06:44:33,187 - --- Iter 15/150  (còn 421s) ---
2026-04-04 06:46:05,897 -   [Pair] (2,4): 275 → 274  (−1)
2026-04-04 06:46:05,898 - => ITER 15: BEST MỚI = 1322
2026-04-04 06:46:05,898 - --- Iter 16/150  (còn 329s) ---
2026-04-04 06:51:12,185 -   [Pair] (0,4): 181 → 180  (−1)
2026-04-04 06:51:12,185 - => ITER 16: BEST MỚI = 1321
2026-04-04 06:51:12,189 - --- Iter 17/150  (còn 22s) ---
2026-04-04 06:51:34,656 - => ITER 17: Không cải thiện (1/3)
2026-04-04 06:51:34,656 - [GlobalTimeout] Dừng trước iteration 18.
2026-04-04 06:51:34,656 - Hoàn thành trong 1200.0s. Final Cost: 1321
2026-04-04 06:51:34,656 - ======================================================================
2026-04-04 06:51:34,656 - BÁO CÁO TỔNG KẾT (SUMMARY)
2026-04-04 06:51:34,656 - ======================================================================
2026-04-04 06:51:34,656 -   1. Chi phí Clarke-Wright:     1554
2026-04-04 06:51:34,656 -   2. Chi phí sau Two-Opt:       1503
2026-04-04 06:51:34,656 -   3. Chi phí sau CPLEX MIP:     1321
2026-04-04 06:51:34,656 -   => TỔNG CẢI THIỆN:            233
2026-04-04 06:51:34,656 -   => Số lần CPLEX Single cải thiện  : 2 lần
2026-04-04 06:51:34,656 -   => Số lần CPLEX Pairwise cải thiện: 16 lần
2026-04-04 06:51:34,656 -   => TỔNG THỜI GIAN CHẠY:       1200.035s
2026-04-04 06:51:34,657 - ======================================================================
2026-04-04 06:51:34,657 - CPLEX MIP SOLVER  |  FILE: B-n50-k7.vrp
2026-04-04 06:51:34,657 - ======================================================================
2026-04-04 06:51:34,661 - Thông tin dữ liệu: Dimension=50, K=7, Capacity=100
2026-04-04 06:51:34,661 - --- Step 1: Clarke-Wright Heuristic ---
2026-04-04 06:51:34,663 -   Kết quả CW: Cost = 995, Time = 0.002s
2026-04-04 06:51:34,663 - --- Step 2: Two-Opt Local Search ---
2026-04-04 06:51:34,665 -   Kết quả Two-Opt: Cost = 948, Time = 0.002s
2026-04-04 06:51:34,665 - --- Step 3: Advanced Optimization (CPLEX MIP) ---
2026-04-04 06:51:34,665 - =========================================
2026-04-04 06:51:34,665 - BẮT ĐẦU OPTIMIZE  (100% CPLEX MIP)
2026-04-04 06:51:34,665 -  -> Max Single Size  : 15
2026-04-04 06:51:34,665 -  -> Single Timeout   : 40.0s
2026-04-04 06:51:34,665 -  -> Max Pairwise Size: 17
2026-04-04 06:51:34,665 -  -> Pairwise Timeout : 57.142857142857146s
2026-04-04 06:51:34,665 -  -> Global Timeout   : 1200.0s
2026-04-04 06:51:34,665 -  -> Closest Pairs    : 999
2026-04-04 06:51:34,665 -  -> Patience         : 3
2026-04-04 06:51:34,665 -  -> Max Iterations   : 150
2026-04-04 06:51:34,666 -  -> Chi phí khởi điểm: 948
2026-04-04 06:51:34,666 - =========================================
2026-04-04 06:51:34,666 - --- Iter 1/150  (còn 1200s) ---
2026-04-04 06:52:59,809 -   [Pair] (3,5): 169 → 161  (−8)
2026-04-04 06:52:59,809 - => ITER 1: BEST MỚI = 940
2026-04-04 06:52:59,809 - --- Iter 2/150  (còn 1115s) ---
2026-04-04 06:55:11,452 -   [Pair] (1,4): 274 → 271  (−3)
2026-04-04 06:55:11,452 - => ITER 2: BEST MỚI = 937
2026-04-04 06:55:11,452 - --- Iter 3/150  (còn 983s) ---
2026-04-04 06:56:09,286 -   [Pair] (1,6): 277 → 274  (−3)
2026-04-04 06:56:09,287 - => ITER 3: BEST MỚI = 934
2026-04-04 06:56:09,287 - --- Iter 4/150  (còn 925s) ---
2026-04-04 06:57:28,895 -   [Pair] (0,3): 222 → 217  (−5)
2026-04-04 06:57:28,895 - => ITER 4: BEST MỚI = 929
2026-04-04 06:57:28,895 - --- Iter 5/150  (còn 846s) ---
2026-04-04 06:58:28,226 -   [Pair] (3,5): 154 → 150  (−4)
2026-04-04 06:58:28,226 - => ITER 5: BEST MỚI = 925
2026-04-04 06:58:28,226 - --- Iter 6/150  (còn 786s) ---
2026-04-04 07:02:08,799 -   [Pair] (2,3): 261 → 244  (−17)
2026-04-04 07:02:08,800 - => ITER 6: BEST MỚI = 908
2026-04-04 07:02:08,800 - --- Iter 7/150  (còn 566s) ---
2026-04-04 07:03:14,065 -   [Pair] (3,4): 308 → 217  (−91)
2026-04-04 07:03:14,066 - => ITER 7: BEST MỚI = 817
2026-04-04 07:03:14,066 - --- Iter 8/150  (còn 501s) ---
2026-04-04 07:05:30,583 -   [Pair] (1,3): 245 → 199  (−46)
2026-04-04 07:05:30,583 - => ITER 8: BEST MỚI = 771
2026-04-04 07:05:30,583 - --- Iter 9/150  (còn 364s) ---
2026-04-04 07:06:28,049 -   [Pair] (2,3): 201 → 183  (−18)
2026-04-04 07:06:28,049 - => ITER 9: BEST MỚI = 753
2026-04-04 07:06:28,049 - --- Iter 10/150  (còn 307s) ---
2026-04-04 07:07:49,038 -   [Pair] (1,6): 201 → 189  (−12)
2026-04-04 07:07:49,038 - => ITER 10: BEST MỚI = 741
2026-04-04 07:07:49,039 - --- Iter 11/150  (còn 226s) ---
2026-04-04 07:11:34,701 - => ITER 11: Không cải thiện (1/3)
2026-04-04 07:11:34,701 - [GlobalTimeout] Dừng trước iteration 12.
2026-04-04 07:11:34,702 - Hoàn thành trong 1200.0s. Final Cost: 741
2026-04-04 07:11:34,702 - ======================================================================
2026-04-04 07:11:34,702 - BÁO CÁO TỔNG KẾT (SUMMARY)
2026-04-04 07:11:34,702 - ======================================================================
2026-04-04 07:11:34,702 -   1. Chi phí Clarke-Wright:     995
2026-04-04 07:11:34,702 -   2. Chi phí sau Two-Opt:       948
2026-04-04 07:11:34,702 -   3. Chi phí sau CPLEX MIP:     741
2026-04-04 07:11:34,702 -   => TỔNG CẢI THIỆN:            254
2026-04-04 07:11:34,702 -   => Số lần CPLEX Single cải thiện  : 0 lần
2026-04-04 07:11:34,702 -   => Số lần CPLEX Pairwise cải thiện: 10 lần
2026-04-04 07:11:34,702 -   => TỔNG THỜI GIAN CHẠY:       1200.040s
2026-04-04 07:11:34,703 - ======================================================================
2026-04-04 07:11:34,703 - CPLEX MIP SOLVER  |  FILE: B-n51-k7.vrp
2026-04-04 07:11:34,703 - ======================================================================
2026-04-04 07:11:34,706 - Thông tin dữ liệu: Dimension=51, K=7, Capacity=100
2026-04-04 07:11:34,707 - --- Step 1: Clarke-Wright Heuristic ---
2026-04-04 07:11:34,708 -   Kết quả CW: Cost = 1528, Time = 0.002s
2026-04-04 07:11:34,709 - --- Step 2: Two-Opt Local Search ---
2026-04-04 07:11:34,710 -   Kết quả Two-Opt: Cost = 1427, Time = 0.001s
2026-04-04 07:11:34,710 - --- Step 3: Advanced Optimization (CPLEX MIP) ---
2026-04-04 07:11:34,710 - =========================================
2026-04-04 07:11:34,710 - BẮT ĐẦU OPTIMIZE  (100% CPLEX MIP)
2026-04-04 07:11:34,710 -  -> Max Single Size  : 15
2026-04-04 07:11:34,710 -  -> Single Timeout   : 40.0s
2026-04-04 07:11:34,710 -  -> Max Pairwise Size: 18
2026-04-04 07:11:34,710 -  -> Pairwise Timeout : 58.285714285714285s
2026-04-04 07:11:34,710 -  -> Global Timeout   : 1200.0s
2026-04-04 07:11:34,710 -  -> Closest Pairs    : 999
2026-04-04 07:11:34,710 -  -> Patience         : 3
2026-04-04 07:11:34,710 -  -> Max Iterations   : 150
2026-04-04 07:11:34,710 -  -> Chi phí khởi điểm: 1427
2026-04-04 07:11:34,710 - =========================================
2026-04-04 07:11:34,710 - --- Iter 1/150  (còn 1200s) ---
2026-04-04 07:11:44,491 -   [Pair] (0,5): 371 → 360  (−11)
2026-04-04 07:11:44,491 - => ITER 1: BEST MỚI = 1416
2026-04-04 07:11:44,492 - --- Iter 2/150  (còn 1190s) ---
2026-04-04 07:12:43,261 -   [Pair] (1,6): 364 → 352  (−12)
2026-04-04 07:12:43,261 - => ITER 2: BEST MỚI = 1404
2026-04-04 07:12:43,261 - --- Iter 3/150  (còn 1131s) ---
