2026-04-04 14:11:50,811 - ======================================================================
2026-04-04 14:11:50,812 - FILE: B-n31-k5.vrp
2026-04-04 14:11:50,812 - ======================================================================
2026-04-04 14:11:50,813 - Dim=31 K=5 Cap=100
2026-04-04 14:11:50,813 - --- Step 1: Clarke-Wright Heuristic ---
2026-04-04 14:11:50,815 -   cost=748 time=0.00s
2026-04-04 14:11:50,815 - --- Step 2, 3, 4: Advanced Optimization Pipeline ---
2026-04-04 14:11:50,815 - =========================================
2026-04-04 14:11:50,815 - BẮT ĐẦU TUYẾN TRÌNH TỐI ƯU (PIPELINE)
2026-04-04 14:11:50,815 - =========================================
2026-04-04 14:11:50,815 - === GIAI ĐOẠN 2: LOCAL SEARCH ĐA TOÁN TỬ | Bắt đầu: 748.00 ===
2026-04-04 14:11:50,853 -   [LS Iter 1] Cải thiện cost: 748.00 -> 683.00
2026-04-04 14:11:50,881 -   [LS Iter 2] Cải thiện cost: 683.00 -> 677.00
2026-04-04 14:11:50,906 - === KẾT THÚC GIAI ĐOẠN 2 | Đạt cực trị tại: 677.00 ===
2026-04-04 14:11:50,907 - === GIAI ĐOẠN 3: ALNS (Đang chờ cài đặt) ===
2026-04-04 14:11:50,907 - === BẮT ĐẦU CHẶNG 4: MAX-SAT CHÍNH XÁC | Cost: 677.00 ===
2026-04-04 14:11:50,907 -   [GĐ 4.1] Giải bài toán TSP trên từng tuyến đơn...
2026-04-04 14:11:51,041 -   [GĐ 4.2] Xét từng cặp tuyến để phân bổ lại khách hàng...
2026-04-04 14:11:51,041 -   --- Pairwise Iter 1 (còn 1200s) ---
2026-04-04 14:12:10,202 -     [P4.2] Pair (2,8) giảm 2 -> BEST = 675.00
2026-04-04 14:12:10,203 -   --- Pairwise Iter 2 (còn 1181s) ---
2026-04-04 14:13:10,206 -     [P-Timeout 60.0s]
2026-04-04 14:14:10,217 -     [P-Timeout 60.0s]
2026-04-04 14:15:10,229 -     [P-Timeout 60.0s]
2026-04-04 14:16:10,242 -     [P-Timeout 60.0s]
2026-04-04 14:17:10,255 -     [P-Timeout 60.0s]
2026-04-04 14:18:58,821 -     [P-Timeout 60.0s]
