2026-04-03 12:42:14,755 - ======================================================================
2026-04-03 12:42:14,755 - KHỞI CHẠY ADVANCED CVRP SOLVER CHO FILE: B-n31-k5.vrp
2026-04-03 12:42:14,755 - ======================================================================
2026-04-03 12:42:14,757 - Thông tin dữ liệu: Dimension=31, K=5, Capacity=100
2026-04-03 12:42:14,757 - --- Step 1: Clarke-Wright Heuristic ---
2026-04-03 12:42:14,758 -   Kết quả CW: Cost = 748, Time = 0.001s
2026-04-03 12:42:14,758 - --- Step 2: Two-Opt Local Search ---
2026-04-03 12:42:14,759 -   Kết quả Two-Opt: Cost = 730, Time = 0.001s
2026-04-03 12:42:14,759 - --- Step 3: Advanced Optimization (100% Gurobi) ---
2026-04-03 12:42:14,759 - =========================================
2026-04-03 12:42:14,759 - BẮT ĐẦU VÒNG LẶP OPTIMIZE (100% GUROBI)
2026-04-03 12:42:14,759 -  -> Max Single Size  : 11
2026-04-03 12:42:14,759 -  -> Single Timeout   : 60.0s
2026-04-03 12:42:14,759 -  -> Max Pairwise Size: 10
2026-04-03 12:42:14,759 -  -> Pairwise Timeout : 500.0s
2026-04-03 12:42:14,759 -  -> Closest Pairs    : 12
2026-04-03 12:42:14,759 -  -> Patience (No Imp): 20
2026-04-03 12:42:14,759 -  -> Max Iterations   : 150
2026-04-03 12:42:14,759 - Chi phí khởi điểm (kể cả phạt): 730.00
2026-04-03 12:42:14,759 - =========================================
2026-04-03 12:42:14,759 - --- Đang chạy Iteration 1/150 ---
2026-04-03 12:42:14,762 - ======================================================================
2026-04-03 12:42:14,763 - FILE: B-n31-k5.vrp
2026-04-03 12:42:14,763 - ======================================================================
2026-04-03 12:42:14,764 - Dim=31 K=5 Cap=100
2026-04-03 12:42:14,764 - --- Clarke-Wright ---
2026-04-03 12:42:14,765 -   cost=748 time=0.00s
2026-04-03 12:42:14,765 - --- Two-Opt ---
2026-04-03 12:42:14,766 -   cost=730 time=0.00s
2026-04-03 12:42:14,766 - --- MaxSAT (2-tầng) ---
2026-04-03 12:42:14,766 - =========================================
2026-04-03 12:42:14,766 - BẮT ĐẦU OPTIMIZE (MaxSAT-RC2, 2-tầng)
2026-04-03 12:42:14,766 -   max_single=11  s_to=60.0s
2026-04-03 12:42:14,766 -   max_pair=10  p_to=500.0s
2026-04-03 12:42:14,766 -   n_pairs=12
2026-04-03 12:42:14,766 -   inner_patience=20  outer_patience=3
2026-04-03 12:42:14,766 -   global_timeout=1200.0s
2026-04-03 12:42:14,766 -   start_cost=730.00
2026-04-03 12:42:14,766 - =========================================
2026-04-03 12:42:14,766 - === OUTER 1 | cost=730.00 outer_no_imp=0/3 (còn 1200s) ===
2026-04-03 12:42:14,766 -   [Inner 1.1] cost=730.00 no_imp=0/20 (còn 1200s)
2026-04-03 12:42:14,771 -     [P1] Relocate → 722.00
2026-04-03 12:42:14,775 -     [P2] Exchange → 719.00
2026-04-03 12:42:14,777 -   [P1] Relocate giảm chi phí xuống còn: 722.00
2026-04-03 12:42:14,785 -   [P2] Exchange giảm chi phí xuống còn: 719.00
2026-04-03 12:42:14,789 - ======================================================================
2026-04-03 12:42:14,789 - KHỞI CHẠY ADVANCED CVRP SOLVER CHO FILE: B-n31-k5.vrp
2026-04-03 12:42:14,789 - ======================================================================
2026-04-03 12:42:14,791 - Thông tin dữ liệu: Dimension=31, K=5, Capacity=100
2026-04-03 12:42:14,791 - --- Step 1: Clarke-Wright Heuristic ---
2026-04-03 12:42:14,792 -   Kết quả CW: Cost = 748, Time = 0.001s
2026-04-03 12:42:14,792 - --- Step 2: Two-Opt Local Search ---
2026-04-03 12:42:14,793 -   Kết quả Two-Opt: Cost = 730, Time = 0.001s
2026-04-03 12:42:14,793 - --- Step 3: Advanced Optimization (100% CPLEX) ---
2026-04-03 12:42:14,793 - =========================================
2026-04-03 12:42:14,793 - BẮT ĐẦU VÒNG LẶP OPTIMIZE (100% CPLEX)
2026-04-03 12:42:14,793 -  -> Max Single Size  : 11
2026-04-03 12:42:14,793 -  -> Single Timeout   : 60.0s
2026-04-03 12:42:14,793 -  -> Max Pairwise Size: 10
2026-04-03 12:42:14,793 -  -> Pairwise Timeout : 500.0s
2026-04-03 12:42:14,793 -  -> Closest Pairs    : 12
2026-04-03 12:42:14,793 -  -> Patience (No Imp): 20
2026-04-03 12:42:14,793 -  -> Max Iterations   : 150
2026-04-03 12:42:14,793 - Chi phí khởi điểm (kể cả phạt): 730.00
2026-04-03 12:42:14,794 - =========================================
2026-04-03 12:42:14,794 - --- Đang chạy Iteration 1/150 ---
2026-04-03 12:42:14,813 -   [P1] Relocate giảm chi phí xuống còn: 722.00
2026-04-03 12:42:14,822 -   [P2] Exchange giảm chi phí xuống còn: 719.00
2026-04-03 12:42:14,956 -     [P3] Single +2
2026-04-03 12:42:14,956 -     → INNER BEST = 717.00
2026-04-03 12:42:14,956 -   [Inner 1.2] cost=717.00 no_imp=0/20 (còn 1200s)
2026-04-03 12:42:14,961 -     [P1] Relocate → 705.00
2026-04-03 12:42:15,074 -     → INNER BEST = 705.00
2026-04-03 12:42:15,075 -   [Inner 1.3] cost=705.00 no_imp=0/20 (còn 1200s)
2026-04-03 12:42:15,079 -     [P1] Relocate → 703.00
2026-04-03 12:42:15,198 -     → INNER BEST = 703.00
2026-04-03 12:42:15,198 -   [Inner 1.4] cost=703.00 no_imp=0/20 (còn 1200s)
2026-04-03 12:42:15,203 -     [P1] Relocate → 701.00
2026-04-03 12:42:15,347 -     → INNER BEST = 701.00
2026-04-03 12:42:15,347 -   [Inner 1.5] cost=701.00 no_imp=0/20 (còn 1199s)
2026-04-03 12:42:15,520 -   [Inner 1.6] cost=701.00 no_imp=2/20 (còn 1199s)
2026-04-03 12:42:15,703 -   [Inner 1.7] cost=701.00 no_imp=4/20 (còn 1199s)
2026-04-03 12:42:15,714 -   [P3] CPLEX Single Route cải thiện được: 2
2026-04-03 12:42:15,854 -   [Inner 1.8] cost=701.00 no_imp=6/20 (còn 1199s)
2026-04-03 12:42:16,025 -   [Inner 1.9] cost=701.00 no_imp=8/20 (còn 1199s)
2026-04-03 12:42:16,174 -   [Inner 1.10] cost=701.00 no_imp=10/20 (còn 1199s)
2026-04-03 12:42:16,245 -   [P3] Gurobi Single Route cải thiện được: 2
2026-04-03 12:42:16,317 -   [Inner 1.11] cost=701.00 no_imp=12/20 (còn 1198s)
2026-04-03 12:42:16,461 -   [Inner 1.12] cost=701.00 no_imp=14/20 (còn 1198s)
2026-04-03 12:42:16,665 -   [Inner 1.13] cost=701.00 no_imp=16/20 (còn 1198s)
2026-04-03 12:42:16,844 -   [Inner 1.14] cost=701.00 no_imp=18/20 (còn 1198s)
2026-04-03 12:42:16,987 -   [Outer] Inner cải thiện → best=701.00
2026-04-03 12:42:16,987 -   [Outer 1] Chạy Pairwise MaxSAT...
2026-04-03 12:42:21,423 -   [P4] Gurobi Pairwise (3,4) giảm: 2
2026-04-03 12:42:21,424 - => ITER 1: BEST COST MỚI = 715.00
2026-04-03 12:42:21,424 - --- Đang chạy Iteration 2/150 ---
2026-04-03 12:42:21,442 -   [P1] Relocate giảm chi phí xuống còn: 703.00
2026-04-03 12:42:27,442 - => ITER 2: BEST COST MỚI = 703.00
2026-04-03 12:42:27,443 - --- Đang chạy Iteration 3/150 ---
2026-04-03 12:42:27,472 -   [P1] Relocate giảm chi phí xuống còn: 701.00
2026-04-03 12:42:32,639 -   [P4] CPLEX Pairwise (3,4) giảm: 2
2026-04-03 12:42:32,639 - => ITER 1: BEST COST MỚI = 715.00
2026-04-03 12:42:32,640 - --- Đang chạy Iteration 2/150 ---
2026-04-03 12:42:32,657 -   [P1] Relocate giảm chi phí xuống còn: 703.00
2026-04-03 12:42:33,162 - => ITER 3: BEST COST MỚI = 701.00
2026-04-03 12:42:33,162 - --- Đang chạy Iteration 4/150 ---
2026-04-03 12:42:33,180 -   [P1] Relocate giảm chi phí xuống còn: 700.00
2026-04-03 12:42:34,660 -   [P4] Gurobi Pairwise (1,4) giảm: 21
2026-04-03 12:42:34,660 - => ITER 4: BEST COST MỚI = 679.00
2026-04-03 12:42:34,660 - --- Đang chạy Iteration 5/150 ---
2026-04-03 12:42:35,622 - => ITER 5: Không cải thiện (no_improve=1/20)
2026-04-03 12:42:35,622 - --- Đang chạy Iteration 6/150 ---
2026-04-03 12:42:36,556 - => ITER 6: Không cải thiện (no_improve=3/20)
2026-04-03 12:42:36,556 - --- Đang chạy Iteration 7/150 ---
2026-04-03 12:42:37,521 - => ITER 7: Không cải thiện (no_improve=5/20)
2026-04-03 12:42:37,521 - --- Đang chạy Iteration 8/150 ---
2026-04-03 12:42:38,476 - => ITER 8: Không cải thiện (no_improve=7/20)
2026-04-03 12:42:38,476 - --- Đang chạy Iteration 9/150 ---
2026-04-03 12:42:39,092 -     [P4] Pair (3,4) −1
2026-04-03 12:42:39,093 -     [P4] → OUTER BEST = 700.00
2026-04-03 12:42:39,430 - => ITER 9: Không cải thiện (no_improve=9/20)
2026-04-03 12:42:39,430 - --- Đang chạy Iteration 10/150 ---
2026-04-03 12:42:40,381 - => ITER 10: Không cải thiện (no_improve=11/20)
2026-04-03 12:42:40,381 - --- Đang chạy Iteration 11/150 ---
2026-04-03 12:42:40,795 -     [P4] Pair (1,4) −22
2026-04-03 12:42:40,796 -     [P4] → OUTER BEST = 678.00
2026-04-03 12:42:40,796 - === OUTER 2 | cost=678.00 outer_no_imp=0/3 (còn 1174s) ===
2026-04-03 12:42:40,796 -   [Inner 2.1] cost=678.00 no_imp=0/20 (còn 1174s)
2026-04-03 12:42:40,933 -   [Inner 2.2] cost=678.00 no_imp=2/20 (còn 1174s)
2026-04-03 12:42:41,060 -   [Inner 2.3] cost=678.00 no_imp=4/20 (còn 1174s)
2026-04-03 12:42:41,208 -   [Inner 2.4] cost=678.00 no_imp=6/20 (còn 1174s)
2026-04-03 12:42:41,327 - => ITER 11: Không cải thiện (no_improve=13/20)
2026-04-03 12:42:41,327 - --- Đang chạy Iteration 12/150 ---
2026-04-03 12:42:41,340 -   [Inner 2.5] cost=678.00 no_imp=8/20 (còn 1173s)
2026-04-03 12:42:41,466 -   [Inner 2.6] cost=678.00 no_imp=10/20 (còn 1173s)
2026-04-03 12:42:41,599 -   [Inner 2.7] cost=678.00 no_imp=12/20 (còn 1173s)
2026-04-03 12:42:41,725 -   [Inner 2.8] cost=678.00 no_imp=14/20 (còn 1173s)
2026-04-03 12:42:41,849 -   [Inner 2.9] cost=678.00 no_imp=16/20 (còn 1173s)
2026-04-03 12:42:41,994 -   [Inner 2.10] cost=678.00 no_imp=18/20 (còn 1173s)
2026-04-03 12:42:42,118 -   [Outer 2] Chạy Pairwise MaxSAT...
2026-04-03 12:42:42,289 - => ITER 12: Không cải thiện (no_improve=15/20)
2026-04-03 12:42:42,289 - --- Đang chạy Iteration 13/150 ---
2026-04-03 12:42:43,250 - => ITER 13: Không cải thiện (no_improve=17/20)
2026-04-03 12:42:43,250 - --- Đang chạy Iteration 14/150 ---
2026-04-03 12:42:44,208 - => ITER 14: Không cải thiện (no_improve=19/20)
2026-04-03 12:42:44,208 - Hoàn thành tối ưu. Final Pure Cost: 679
2026-04-03 12:42:44,208 - ======================================================================
2026-04-03 12:42:44,208 - BÁO CÁO TỔNG KẾT (SUMMARY)
2026-04-03 12:42:44,208 - ======================================================================
2026-04-03 12:42:44,208 -   1. Chi phí Clarke-Wright:     748
2026-04-03 12:42:44,208 -   2. Chi phí sau Two-Opt:       730
2026-04-03 12:42:44,208 -   3. Chi phí sau Gurobi:        679
2026-04-03 12:42:44,209 -   => TỔNG CẢI THIỆN:            69
2026-04-03 12:42:44,209 -   => Số lần Gurobi Single cải thiện  : 1 lần
2026-04-03 12:42:44,209 -   => Số lần Gurobi Pairwise cải thiện: 2 lần
2026-04-03 12:42:44,209 -   => TỔNG THỜI GIAN CHẠY:       29.451s
2026-04-03 12:42:44,213 - ======================================================================
2026-04-03 12:42:44,213 - KHỞI CHẠY ADVANCED CVRP SOLVER CHO FILE: B-n34-k5.vrp
2026-04-03 12:42:44,213 - ======================================================================
2026-04-03 12:42:44,215 - Thông tin dữ liệu: Dimension=34, K=5, Capacity=100
2026-04-03 12:42:44,216 - --- Step 1: Clarke-Wright Heuristic ---
2026-04-03 12:42:44,216 -   Kết quả CW: Cost = 936, Time = 0.001s
2026-04-03 12:42:44,217 - --- Step 2: Two-Opt Local Search ---
2026-04-03 12:42:44,218 -   Kết quả Two-Opt: Cost = 875, Time = 0.001s
2026-04-03 12:42:44,218 - --- Step 3: Advanced Optimization (100% Gurobi) ---
2026-04-03 12:42:44,218 - =========================================
2026-04-03 12:42:44,218 - BẮT ĐẦU VÒNG LẶP OPTIMIZE (100% GUROBI)
2026-04-03 12:42:44,218 -  -> Max Single Size  : 11
2026-04-03 12:42:44,218 -  -> Single Timeout   : 60.0s
2026-04-03 12:42:44,218 -  -> Max Pairwise Size: 10
2026-04-03 12:42:44,218 -  -> Pairwise Timeout : 500.0s
2026-04-03 12:42:44,218 -  -> Closest Pairs    : 12
2026-04-03 12:42:44,218 -  -> Patience (No Imp): 20
2026-04-03 12:42:44,218 -  -> Max Iterations   : 150
2026-04-03 12:42:44,218 - Chi phí khởi điểm (kể cả phạt): 875.00
2026-04-03 12:42:44,219 - =========================================
2026-04-03 12:42:44,219 - --- Đang chạy Iteration 1/150 ---
2026-04-03 12:42:44,241 -   [P1] Relocate giảm chi phí xuống còn: 854.00
2026-04-03 12:42:44,251 -   [P2] Exchange giảm chi phí xuống còn: 841.00
2026-04-03 12:42:44,607 -   [P3] Gurobi Single Route cải thiện được: 2
2026-04-03 12:42:45,378 - => ITER 2: BEST COST MỚI = 703.00
2026-04-03 12:42:45,379 - --- Đang chạy Iteration 3/150 ---
2026-04-03 12:42:45,398 -   [P1] Relocate giảm chi phí xuống còn: 701.00
2026-04-03 12:42:45,731 - => ITER 1: BEST COST MỚI = 839.00
2026-04-03 12:42:45,731 - --- Đang chạy Iteration 2/150 ---
2026-04-03 12:42:45,755 -   [P1] Relocate giảm chi phí xuống còn: 833.00
2026-04-03 12:42:46,141 -   [P3] Gurobi Single Route cải thiện được: 1
2026-04-03 12:42:51,666 - => ITER 2: BEST COST MỚI = 832.00
2026-04-03 12:42:51,666 - --- Đang chạy Iteration 3/150 ---
2026-04-03 12:42:51,698 -   [P1] Relocate giảm chi phí xuống còn: 831.00
2026-04-03 12:42:51,993 -   [P3] Gurobi Single Route cải thiện được: 1
2026-04-03 12:42:57,428 - => ITER 3: BEST COST MỚI = 830.00
2026-04-03 12:42:57,429 - --- Đang chạy Iteration 4/150 ---
2026-04-03 12:42:57,457 -   [P1] Relocate giảm chi phí xuống còn: 829.00
2026-04-03 12:42:59,256 - => ITER 3: BEST COST MỚI = 701.00
2026-04-03 12:42:59,256 - --- Đang chạy Iteration 4/150 ---
2026-04-03 12:42:59,275 -   [P1] Relocate giảm chi phí xuống còn: 700.00
2026-04-03 12:43:02,982 - => ITER 4: BEST COST MỚI = 829.00
2026-04-03 12:43:02,982 - --- Đang chạy Iteration 5/150 ---
2026-04-03 12:43:06,224 -   [Outer] Không cải thiện (1/3)
2026-04-03 12:43:06,224 - === OUTER 3 | cost=678.00 outer_no_imp=1/3 (còn 1149s) ===
2026-04-03 12:43:06,224 -   [Inner 3.1] cost=678.00 no_imp=0/20 (còn 1149s)
2026-04-03 12:43:06,356 -   [Inner 3.2] cost=678.00 no_imp=2/20 (còn 1148s)
2026-04-03 12:43:06,473 -   [Inner 3.3] cost=678.00 no_imp=4/20 (còn 1148s)
2026-04-03 12:43:06,523 -   [P4] CPLEX Pairwise (1,4) giảm: 21
2026-04-03 12:43:06,523 - => ITER 4: BEST COST MỚI = 679.00
2026-04-03 12:43:06,524 - --- Đang chạy Iteration 5/150 ---
2026-04-03 12:43:06,602 -   [Inner 3.4] cost=678.00 no_imp=6/20 (còn 1148s)
2026-04-03 12:43:06,723 -   [Inner 3.5] cost=678.00 no_imp=8/20 (còn 1148s)
2026-04-03 12:43:06,855 -   [Inner 3.6] cost=678.00 no_imp=10/20 (còn 1148s)
2026-04-03 12:43:06,998 -   [Inner 3.7] cost=678.00 no_imp=12/20 (còn 1148s)
2026-04-03 12:43:07,126 -   [Inner 3.8] cost=678.00 no_imp=14/20 (còn 1148s)
2026-04-03 12:43:07,261 -   [Inner 3.9] cost=678.00 no_imp=16/20 (còn 1148s)
2026-04-03 12:43:07,363 - => ITER 5: Không cải thiện (no_improve=1/20)
2026-04-03 12:43:07,363 - --- Đang chạy Iteration 6/150 ---
2026-04-03 12:43:07,404 -   [Inner 3.10] cost=678.00 no_imp=18/20 (còn 1147s)
2026-04-03 12:43:07,534 -   [Outer 3] Chạy Pairwise MaxSAT...
2026-04-03 12:43:08,187 - => ITER 6: Không cải thiện (no_improve=3/20)
2026-04-03 12:43:08,188 - --- Đang chạy Iteration 7/150 ---
2026-04-03 12:43:08,427 - => ITER 5: Không cải thiện (no_improve=1/20)
2026-04-03 12:43:08,427 - --- Đang chạy Iteration 6/150 ---
2026-04-03 12:43:09,023 - => ITER 7: Không cải thiện (no_improve=5/20)
2026-04-03 12:43:09,023 - --- Đang chạy Iteration 8/150 ---
2026-04-03 12:43:09,854 - => ITER 8: Không cải thiện (no_improve=7/20)
2026-04-03 12:43:09,854 - --- Đang chạy Iteration 9/150 ---
2026-04-03 12:43:10,687 - => ITER 9: Không cải thiện (no_improve=9/20)
2026-04-03 12:43:10,687 - --- Đang chạy Iteration 10/150 ---
2026-04-03 12:43:11,505 - => ITER 10: Không cải thiện (no_improve=11/20)
2026-04-03 12:43:11,505 - --- Đang chạy Iteration 11/150 ---
2026-04-03 12:43:12,339 - => ITER 11: Không cải thiện (no_improve=13/20)
2026-04-03 12:43:12,339 - --- Đang chạy Iteration 12/150 ---
2026-04-03 12:43:13,197 - => ITER 12: Không cải thiện (no_improve=15/20)
2026-04-03 12:43:13,197 - --- Đang chạy Iteration 13/150 ---
2026-04-03 12:43:13,868 - => ITER 6: Không cải thiện (no_improve=3/20)
2026-04-03 12:43:13,868 - --- Đang chạy Iteration 7/150 ---
2026-04-03 12:43:14,035 - => ITER 13: Không cải thiện (no_improve=17/20)
2026-04-03 12:43:14,035 - --- Đang chạy Iteration 14/150 ---
2026-04-03 12:43:14,892 - => ITER 14: Không cải thiện (no_improve=19/20)
2026-04-03 12:43:14,892 - Hoàn thành tối ưu. Final Pure Cost: 679
2026-04-03 12:43:14,892 - ======================================================================
2026-04-03 12:43:14,892 - BÁO CÁO TỔNG KẾT (SUMMARY)
2026-04-03 12:43:14,892 - ======================================================================
2026-04-03 12:43:14,892 -   1. Chi phí Clarke-Wright:     748
2026-04-03 12:43:14,892 -   2. Chi phí sau Two-Opt:       730
2026-04-03 12:43:14,892 -   3. Chi phí sau CPLEX:        679
2026-04-03 12:43:14,892 -   => TỔNG CẢI THIỆN:            69
2026-04-03 12:43:14,892 -   => Số lần CPLEX Single cải thiện  : 1 lần
2026-04-03 12:43:14,892 -   => Số lần CPLEX Pairwise cải thiện: 2 lần
2026-04-03 12:43:14,892 -   => TỔNG THỜI GIAN CHẠY:       60.100s
2026-04-03 12:43:14,893 - ======================================================================
2026-04-03 12:43:14,893 - KHỞI CHẠY ADVANCED CVRP SOLVER CHO FILE: B-n34-k5.vrp
2026-04-03 12:43:14,893 - ======================================================================
2026-04-03 12:43:14,895 - Thông tin dữ liệu: Dimension=34, K=5, Capacity=100
2026-04-03 12:43:14,895 - --- Step 1: Clarke-Wright Heuristic ---
2026-04-03 12:43:14,896 -   Kết quả CW: Cost = 936, Time = 0.001s
2026-04-03 12:43:14,896 - --- Step 2: Two-Opt Local Search ---
2026-04-03 12:43:14,898 -   Kết quả Two-Opt: Cost = 875, Time = 0.001s
2026-04-03 12:43:14,898 - --- Step 3: Advanced Optimization (100% CPLEX) ---
2026-04-03 12:43:14,898 - =========================================
2026-04-03 12:43:14,898 - BẮT ĐẦU VÒNG LẶP OPTIMIZE (100% CPLEX)
2026-04-03 12:43:14,898 -  -> Max Single Size  : 11
2026-04-03 12:43:14,898 -  -> Single Timeout   : 60.0s
2026-04-03 12:43:14,898 -  -> Max Pairwise Size: 10
2026-04-03 12:43:14,898 -  -> Pairwise Timeout : 500.0s
2026-04-03 12:43:14,898 -  -> Closest Pairs    : 12
2026-04-03 12:43:14,898 -  -> Patience (No Imp): 20
2026-04-03 12:43:14,898 -  -> Max Iterations   : 150
2026-04-03 12:43:14,898 - Chi phí khởi điểm (kể cả phạt): 875.00
2026-04-03 12:43:14,898 - =========================================
2026-04-03 12:43:14,898 - --- Đang chạy Iteration 1/150 ---
2026-04-03 12:43:14,921 -   [P1] Relocate giảm chi phí xuống còn: 854.00
2026-04-03 12:43:14,931 -   [P2] Exchange giảm chi phí xuống còn: 841.00
2026-04-03 12:43:15,154 -   [P3] CPLEX Single Route cải thiện được: 2
2026-04-03 12:43:16,190 - => ITER 1: BEST COST MỚI = 839.00
2026-04-03 12:43:16,190 - --- Đang chạy Iteration 2/150 ---
2026-04-03 12:43:16,213 -   [P1] Relocate giảm chi phí xuống còn: 833.00
2026-04-03 12:43:16,425 -   [P3] CPLEX Single Route cải thiện được: 1
2026-04-03 12:43:19,304 - => ITER 7: Không cải thiện (no_improve=5/20)
2026-04-03 12:43:19,304 - --- Đang chạy Iteration 8/150 ---
2026-04-03 12:43:24,766 - => ITER 8: Không cải thiện (no_improve=7/20)
2026-04-03 12:43:24,766 - --- Đang chạy Iteration 9/150 ---
2026-04-03 12:43:24,883 - => ITER 2: BEST COST MỚI = 832.00
2026-04-03 12:43:24,883 - --- Đang chạy Iteration 3/150 ---
2026-04-03 12:43:24,906 -   [P1] Relocate giảm chi phí xuống còn: 831.00
2026-04-03 12:43:25,088 -   [P3] CPLEX Single Route cải thiện được: 1
2026-04-03 12:43:29,915 -   [Outer] Không cải thiện (2/3)
2026-04-03 12:43:29,915 - === OUTER 4 | cost=678.00 outer_no_imp=2/3 (còn 1125s) ===
2026-04-03 12:43:29,915 -   [Inner 4.1] cost=678.00 no_imp=0/20 (còn 1125s)
2026-04-03 12:43:30,049 -   [Inner 4.2] cost=678.00 no_imp=2/20 (còn 1125s)
2026-04-03 12:43:30,167 - => ITER 9: Không cải thiện (no_improve=9/20)
2026-04-03 12:43:30,167 - --- Đang chạy Iteration 10/150 ---
2026-04-03 12:43:30,183 -   [Inner 4.3] cost=678.00 no_imp=4/20 (còn 1125s)
2026-04-03 12:43:30,317 -   [Inner 4.4] cost=678.00 no_imp=6/20 (còn 1124s)
2026-04-03 12:43:30,447 -   [Inner 4.5] cost=678.00 no_imp=8/20 (còn 1124s)
2026-04-03 12:43:30,584 -   [Inner 4.6] cost=678.00 no_imp=10/20 (còn 1124s)
2026-04-03 12:43:30,715 -   [Inner 4.7] cost=678.00 no_imp=12/20 (còn 1124s)
2026-04-03 12:43:30,848 -   [Inner 4.8] cost=678.00 no_imp=14/20 (còn 1124s)
2026-04-03 12:43:30,985 -   [Inner 4.9] cost=678.00 no_imp=16/20 (còn 1124s)
2026-04-03 12:43:31,112 -   [Inner 4.10] cost=678.00 no_imp=18/20 (còn 1124s)
2026-04-03 12:43:31,242 -   [Outer 4] Chạy Pairwise MaxSAT...
2026-04-03 12:43:33,673 - => ITER 3: BEST COST MỚI = 830.00
2026-04-03 12:43:33,673 - --- Đang chạy Iteration 4/150 ---
2026-04-03 12:43:33,696 -   [P1] Relocate giảm chi phí xuống còn: 829.00
2026-04-03 12:43:35,542 - => ITER 10: Không cải thiện (no_improve=11/20)
2026-04-03 12:43:35,542 - --- Đang chạy Iteration 11/150 ---
2026-04-03 12:43:40,931 - => ITER 11: Không cải thiện (no_improve=13/20)
2026-04-03 12:43:40,932 - --- Đang chạy Iteration 12/150 ---
2026-04-03 12:43:42,395 - => ITER 4: BEST COST MỚI = 829.00
2026-04-03 12:43:42,396 - --- Đang chạy Iteration 5/150 ---
2026-04-03 12:43:46,285 - => ITER 12: Không cải thiện (no_improve=15/20)
2026-04-03 12:43:46,286 - --- Đang chạy Iteration 13/150 ---
2026-04-03 12:43:51,117 - => ITER 5: Không cải thiện (no_improve=1/20)
2026-04-03 12:43:51,117 - --- Đang chạy Iteration 6/150 ---
2026-04-03 12:43:51,750 - => ITER 13: Không cải thiện (no_improve=17/20)
2026-04-03 12:43:51,750 - --- Đang chạy Iteration 14/150 ---
2026-04-03 12:43:53,473 -   [Outer] Không cải thiện (3/3)
2026-04-03 12:43:53,473 - Hoàn thành. cost=678.00 | time=98.7s | s_imp=1 s_to=0 | p_imp=2 p_to=0
2026-04-03 12:43:53,473 - ======================================================================
2026-04-03 12:43:53,473 - CW=748 → 2opt=730 → MaxSAT=678
2026-04-03 12:43:53,473 - Cải thiện so CW: 70
2026-04-03 12:43:53,473 - Total time: 98.7s
2026-04-03 12:43:53,473 - Verified cost: 678
2026-04-03 12:43:53,474 - ======================================================================
2026-04-03 12:43:53,474 - FILE: B-n34-k5.vrp
2026-04-03 12:43:53,474 - ======================================================================
2026-04-03 12:43:53,482 - Dim=34 K=5 Cap=100
2026-04-03 12:43:53,483 - --- Clarke-Wright ---
2026-04-03 12:43:53,486 -   cost=936 time=0.00s
2026-04-03 12:43:53,486 - --- Two-Opt ---
2026-04-03 12:43:53,489 -   cost=875 time=0.00s
2026-04-03 12:43:53,489 - --- MaxSAT (2-tầng) ---
2026-04-03 12:43:53,489 - =========================================
2026-04-03 12:43:53,489 - BẮT ĐẦU OPTIMIZE (MaxSAT-RC2, 2-tầng)
2026-04-03 12:43:53,489 -   max_single=11  s_to=60.0s
2026-04-03 12:43:53,489 -   max_pair=10  p_to=500.0s
2026-04-03 12:43:53,489 -   n_pairs=12
2026-04-03 12:43:53,489 -   inner_patience=20  outer_patience=3
2026-04-03 12:43:53,489 -   global_timeout=1200.0s
2026-04-03 12:43:53,489 -   start_cost=875.00
2026-04-03 12:43:53,489 - =========================================
2026-04-03 12:43:53,489 - === OUTER 1 | cost=875.00 outer_no_imp=0/3 (còn 1200s) ===
2026-04-03 12:43:53,489 -   [Inner 1.1] cost=875.00 no_imp=0/20 (còn 1200s)
2026-04-03 12:43:53,493 -     [P1] Relocate → 854.00
2026-04-03 12:43:53,496 -     [P2] Exchange → 841.00
2026-04-03 12:43:54,092 -     [P3] Single +2
2026-04-03 12:43:54,092 -     → INNER BEST = 839.00
2026-04-03 12:43:54,092 -   [Inner 1.2] cost=839.00 no_imp=0/20 (còn 1199s)
2026-04-03 12:43:54,096 -     [P1] Relocate → 833.00
2026-04-03 12:43:54,626 -     [P3] Single +1
2026-04-03 12:43:54,627 -     → INNER BEST = 832.00
2026-04-03 12:43:54,627 -   [Inner 1.3] cost=832.00 no_imp=0/20 (còn 1199s)
2026-04-03 12:43:54,631 -     [P1] Relocate → 831.00
2026-04-03 12:43:54,863 -     [P3] Single +1
2026-04-03 12:43:54,864 -     → INNER BEST = 830.00
2026-04-03 12:43:54,864 -   [Inner 1.4] cost=830.00 no_imp=0/20 (còn 1199s)
2026-04-03 12:43:54,868 -     [P1] Relocate → 829.00
2026-04-03 12:43:55,133 -     → INNER BEST = 829.00
2026-04-03 12:43:55,133 -   [Inner 1.5] cost=829.00 no_imp=0/20 (còn 1198s)
2026-04-03 12:43:55,410 -   [Inner 1.6] cost=829.00 no_imp=2/20 (còn 1198s)
2026-04-03 12:43:55,672 -   [Inner 1.7] cost=829.00 no_imp=4/20 (còn 1198s)
2026-04-03 12:43:55,936 -   [Inner 1.8] cost=829.00 no_imp=6/20 (còn 1198s)
2026-04-03 12:43:56,202 -   [Inner 1.9] cost=829.00 no_imp=8/20 (còn 1197s)
2026-04-03 12:43:56,470 -   [Inner 1.10] cost=829.00 no_imp=10/20 (còn 1197s)
2026-04-03 12:43:56,738 -   [Inner 1.11] cost=829.00 no_imp=12/20 (còn 1197s)
2026-04-03 12:43:57,005 -   [Inner 1.12] cost=829.00 no_imp=14/20 (còn 1196s)
2026-04-03 12:43:57,134 - => ITER 14: Không cải thiện (no_improve=19/20)
2026-04-03 12:43:57,134 - Hoàn thành tối ưu. Final Pure Cost: 829
2026-04-03 12:43:57,134 - ======================================================================
2026-04-03 12:43:57,134 - BÁO CÁO TỔNG KẾT (SUMMARY)
2026-04-03 12:43:57,134 - ======================================================================
2026-04-03 12:43:57,134 -   1. Chi phí Clarke-Wright:     936
2026-04-03 12:43:57,134 -   2. Chi phí sau Two-Opt:       875
2026-04-03 12:43:57,134 -   3. Chi phí sau Gurobi:        829
2026-04-03 12:43:57,134 -   => TỔNG CẢI THIỆN:            107
2026-04-03 12:43:57,134 -   => Số lần Gurobi Single cải thiện  : 3 lần
2026-04-03 12:43:57,134 -   => Số lần Gurobi Pairwise cải thiện: 0 lần
2026-04-03 12:43:57,134 -   => TỔNG THỜI GIAN CHẠY:       72.918s
2026-04-03 12:43:57,139 - ======================================================================
2026-04-03 12:43:57,139 - KHỞI CHẠY ADVANCED CVRP SOLVER CHO FILE: B-n35-k5.vrp
2026-04-03 12:43:57,139 - ======================================================================
2026-04-03 12:43:57,149 - Thông tin dữ liệu: Dimension=35, K=5, Capacity=100
2026-04-03 12:43:57,149 - --- Step 1: Clarke-Wright Heuristic ---
2026-04-03 12:43:57,150 -   Kết quả CW: Cost = 1016, Time = 0.001s
2026-04-03 12:43:57,150 - --- Step 2: Two-Opt Local Search ---
2026-04-03 12:43:57,151 -   Kết quả Two-Opt: Cost = 973, Time = 0.001s
2026-04-03 12:43:57,151 - --- Step 3: Advanced Optimization (100% Gurobi) ---
2026-04-03 12:43:57,151 - =========================================
2026-04-03 12:43:57,152 - BẮT ĐẦU VÒNG LẶP OPTIMIZE (100% GUROBI)
2026-04-03 12:43:57,152 -  -> Max Single Size  : 11
2026-04-03 12:43:57,152 -  -> Single Timeout   : 60.0s
2026-04-03 12:43:57,152 -  -> Max Pairwise Size: 10
2026-04-03 12:43:57,152 -  -> Pairwise Timeout : 500.0s
2026-04-03 12:43:57,152 -  -> Closest Pairs    : 12
2026-04-03 12:43:57,152 -  -> Patience (No Imp): 20
2026-04-03 12:43:57,152 -  -> Max Iterations   : 150
2026-04-03 12:43:57,152 - Chi phí khởi điểm (kể cả phạt): 973.00
2026-04-03 12:43:57,152 - =========================================
2026-04-03 12:43:57,152 - --- Đang chạy Iteration 1/150 ---
2026-04-03 12:43:57,176 -   [P1] Relocate giảm chi phí xuống còn: 971.00
2026-04-03 12:43:57,260 -   [Inner 1.13] cost=829.00 no_imp=16/20 (còn 1196s)
2026-04-03 12:43:57,538 -   [P3] Gurobi Single Route cải thiện được: 1
2026-04-03 12:43:57,538 - => ITER 1: BEST COST MỚI = 970.00
2026-04-03 12:43:57,538 - --- Đang chạy Iteration 2/150 ---
2026-04-03 12:43:57,558 -   [Inner 1.14] cost=829.00 no_imp=18/20 (còn 1196s)
2026-04-03 12:43:57,864 -   [Outer] Inner cải thiện → best=829.00
2026-04-03 12:43:57,864 -   [Outer 1] Chạy Pairwise MaxSAT...
2026-04-03 12:43:57,910 - => ITER 2: Không cải thiện (no_improve=1/20)
2026-04-03 12:43:57,910 - --- Đang chạy Iteration 3/150 ---
2026-04-03 12:43:58,261 - => ITER 3: Không cải thiện (no_improve=3/20)
2026-04-03 12:43:58,261 - --- Đang chạy Iteration 4/150 ---
2026-04-03 12:43:58,760 - => ITER 4: Không cải thiện (no_improve=5/20)
2026-04-03 12:43:58,761 - --- Đang chạy Iteration 5/150 ---
2026-04-03 12:43:59,259 - => ITER 5: Không cải thiện (no_improve=7/20)
2026-04-03 12:43:59,259 - --- Đang chạy Iteration 6/150 ---
2026-04-03 12:43:59,632 - => ITER 6: Không cải thiện (no_improve=9/20)
2026-04-03 12:43:59,633 - --- Đang chạy Iteration 7/150 ---
2026-04-03 12:43:59,996 - => ITER 7: Không cải thiện (no_improve=11/20)
2026-04-03 12:43:59,997 - --- Đang chạy Iteration 8/150 ---
2026-04-03 12:44:00,172 - => ITER 6: Không cải thiện (no_improve=3/20)
2026-04-03 12:44:00,172 - --- Đang chạy Iteration 7/150 ---
2026-04-03 12:44:00,433 - => ITER 8: Không cải thiện (no_improve=13/20)
2026-04-03 12:44:00,433 - --- Đang chạy Iteration 9/150 ---
2026-04-03 12:44:00,810 - => ITER 9: Không cải thiện (no_improve=15/20)
2026-04-03 12:44:00,810 - --- Đang chạy Iteration 10/150 ---
2026-04-03 12:44:01,205 - => ITER 10: Không cải thiện (no_improve=17/20)
2026-04-03 12:44:01,205 - --- Đang chạy Iteration 11/150 ---
2026-04-03 12:44:01,609 - => ITER 11: Không cải thiện (no_improve=19/20)
2026-04-03 12:44:01,609 - Hoàn thành tối ưu. Final Pure Cost: 970
2026-04-03 12:44:01,609 - ======================================================================
2026-04-03 12:44:01,609 - BÁO CÁO TỔNG KẾT (SUMMARY)
2026-04-03 12:44:01,610 - ======================================================================
2026-04-03 12:44:01,610 -   1. Chi phí Clarke-Wright:     1016
2026-04-03 12:44:01,610 -   2. Chi phí sau Two-Opt:       973
2026-04-03 12:44:01,610 -   3. Chi phí sau Gurobi:        970
2026-04-03 12:44:01,610 -   => TỔNG CẢI THIỆN:            46
2026-04-03 12:44:01,610 -   => Số lần Gurobi Single cải thiện  : 1 lần
2026-04-03 12:44:01,610 -   => Số lần Gurobi Pairwise cải thiện: 0 lần
2026-04-03 12:44:01,610 -   => TỔNG THỜI GIAN CHẠY:       4.460s
2026-04-03 12:44:01,614 - ======================================================================
2026-04-03 12:44:01,614 - KHỞI CHẠY ADVANCED CVRP SOLVER CHO FILE: B-n38-k6.vrp
2026-04-03 12:44:01,615 - ======================================================================
2026-04-03 12:44:01,625 - Thông tin dữ liệu: Dimension=38, K=6, Capacity=100
2026-04-03 12:44:01,625 - --- Step 1: Clarke-Wright Heuristic ---
2026-04-03 12:44:01,626 -   Kết quả CW: Cost = 961, Time = 0.001s
2026-04-03 12:44:01,626 - --- Step 2: Two-Opt Local Search ---
2026-04-03 12:44:01,627 -   Kết quả Two-Opt: Cost = 912, Time = 0.001s
2026-04-03 12:44:01,628 - --- Step 3: Advanced Optimization (100% Gurobi) ---
2026-04-03 12:44:01,628 - =========================================
2026-04-03 12:44:01,628 - BẮT ĐẦU VÒNG LẶP OPTIMIZE (100% GUROBI)
2026-04-03 12:44:01,628 -  -> Max Single Size  : 11
2026-04-03 12:44:01,628 -  -> Single Timeout   : 60.0s
2026-04-03 12:44:01,628 -  -> Max Pairwise Size: 10
2026-04-03 12:44:01,628 -  -> Pairwise Timeout : 500.0s
2026-04-03 12:44:01,628 -  -> Closest Pairs    : 12
2026-04-03 12:44:01,628 -  -> Patience (No Imp): 20
2026-04-03 12:44:01,628 -  -> Max Iterations   : 150
2026-04-03 12:44:01,628 - Chi phí khởi điểm (kể cả phạt): 912.00
2026-04-03 12:44:01,628 - =========================================
2026-04-03 12:44:01,628 - --- Đang chạy Iteration 1/150 ---
2026-04-03 12:44:01,663 -   [P1] Relocate giảm chi phí xuống còn: 900.00
2026-04-03 12:44:01,684 -   [P2] Exchange giảm chi phí xuống còn: 886.00
2026-04-03 12:44:02,131 -   [P3] Gurobi Single Route cải thiện được: 3
2026-04-03 12:44:04,253 -   [P4] Gurobi Pairwise (1,5) giảm: 11
2026-04-03 12:44:05,407 - => ITER 1: BEST COST MỚI = 872.00
2026-04-03 12:44:05,408 - --- Đang chạy Iteration 2/150 ---
2026-04-03 12:44:05,453 -   [P1] Relocate giảm chi phí xuống còn: 868.00
2026-04-03 12:44:05,469 -   [P2] Exchange giảm chi phí xuống còn: 864.00
2026-04-03 12:44:10,243 - => ITER 7: Không cải thiện (no_improve=5/20)
2026-04-03 12:44:10,244 - --- Đang chạy Iteration 8/150 ---
2026-04-03 12:44:12,128 - => ITER 2: BEST COST MỚI = 864.00
2026-04-03 12:44:12,128 - --- Đang chạy Iteration 3/150 ---
2026-04-03 12:44:12,165 -   [P1] Relocate giảm chi phí xuống còn: 861.00
2026-04-03 12:44:14,390 - => ITER 8: Không cải thiện (no_improve=7/20)
2026-04-03 12:44:14,390 - --- Đang chạy Iteration 9/150 ---
2026-04-03 12:44:14,425 - === OUTER 2 | cost=829.00 outer_no_imp=0/3 (còn 1179s) ===
2026-04-03 12:44:14,425 -   [Inner 2.1] cost=829.00 no_imp=0/20 (còn 1179s)
2026-04-03 12:44:14,701 -   [Inner 2.2] cost=829.00 no_imp=2/20 (còn 1179s)
2026-04-03 12:44:14,957 -   [Inner 2.3] cost=829.00 no_imp=4/20 (còn 1179s)
2026-04-03 12:44:15,112 - => ITER 3: BEST COST MỚI = 861.00
2026-04-03 12:44:15,112 - --- Đang chạy Iteration 4/150 ---
2026-04-03 12:44:15,249 -   [Inner 2.4] cost=829.00 no_imp=6/20 (còn 1178s)
2026-04-03 12:44:15,529 -   [Inner 2.5] cost=829.00 no_imp=8/20 (còn 1178s)
2026-04-03 12:44:15,812 -   [Inner 2.6] cost=829.00 no_imp=10/20 (còn 1178s)
2026-04-03 12:44:16,083 -   [Inner 2.7] cost=829.00 no_imp=12/20 (còn 1177s)
2026-04-03 12:44:16,340 -   [Inner 2.8] cost=829.00 no_imp=14/20 (còn 1177s)
2026-04-03 12:44:16,934 -   [Inner 2.9] cost=829.00 no_imp=16/20 (còn 1177s)
2026-04-03 12:44:17,545 -   [Inner 2.10] cost=829.00 no_imp=18/20 (còn 1176s)
2026-04-03 12:44:18,132 -   [Outer 2] Chạy Pairwise MaxSAT...
2026-04-03 12:44:25,737 - => ITER 4: Không cải thiện (no_improve=1/20)
2026-04-03 12:44:25,737 - --- Đang chạy Iteration 5/150 ---
2026-04-03 12:44:28,023 - => ITER 9: Không cải thiện (no_improve=9/20)
2026-04-03 12:44:28,026 - --- Đang chạy Iteration 10/150 ---
2026-04-03 12:44:36,483 - => ITER 5: Không cải thiện (no_improve=3/20)
2026-04-03 12:44:36,483 - --- Đang chạy Iteration 6/150 ---
2026-04-03 12:44:44,419 - => ITER 10: Không cải thiện (no_improve=11/20)
2026-04-03 12:44:44,419 - --- Đang chạy Iteration 11/150 ---
2026-04-03 12:44:49,631 - => ITER 6: Không cải thiện (no_improve=5/20)
2026-04-03 12:44:49,631 - --- Đang chạy Iteration 7/150 ---
2026-04-03 12:45:00,747 - => ITER 11: Không cải thiện (no_improve=13/20)
2026-04-03 12:45:00,748 - --- Đang chạy Iteration 12/150 ---
2026-04-03 12:45:02,044 - => ITER 7: Không cải thiện (no_improve=7/20)
2026-04-03 12:45:02,044 - --- Đang chạy Iteration 8/150 ---
2026-04-03 12:45:13,901 - => ITER 12: Không cải thiện (no_improve=15/20)
2026-04-03 12:45:13,901 - --- Đang chạy Iteration 13/150 ---
2026-04-03 12:45:15,258 - => ITER 8: Không cải thiện (no_improve=9/20)
2026-04-03 12:45:15,262 - --- Đang chạy Iteration 9/150 ---
2026-04-03 12:45:29,250 - => ITER 13: Không cải thiện (no_improve=17/20)
2026-04-03 12:45:29,250 - --- Đang chạy Iteration 14/150 ---
2026-04-03 12:45:31,147 - => ITER 9: Không cải thiện (no_improve=11/20)
2026-04-03 12:45:31,147 - --- Đang chạy Iteration 10/150 ---
2026-04-03 12:45:42,586 - => ITER 10: Không cải thiện (no_improve=13/20)
2026-04-03 12:45:42,587 - --- Đang chạy Iteration 11/150 ---
2026-04-03 12:45:43,017 - => ITER 14: Không cải thiện (no_improve=19/20)
2026-04-03 12:45:43,017 - Hoàn thành tối ưu. Final Pure Cost: 829
2026-04-03 12:45:43,017 - ======================================================================
2026-04-03 12:45:43,017 - BÁO CÁO TỔNG KẾT (SUMMARY)
2026-04-03 12:45:43,017 - ======================================================================
2026-04-03 12:45:43,017 -   1. Chi phí Clarke-Wright:     936
2026-04-03 12:45:43,017 -   2. Chi phí sau Two-Opt:       875
2026-04-03 12:45:43,017 -   3. Chi phí sau CPLEX:        829
2026-04-03 12:45:43,017 -   => TỔNG CẢI THIỆN:            107
2026-04-03 12:45:43,017 -   => Số lần CPLEX Single cải thiện  : 3 lần
2026-04-03 12:45:43,017 -   => Số lần CPLEX Pairwise cải thiện: 0 lần
2026-04-03 12:45:43,018 -   => TỔNG THỜI GIAN CHẠY:       148.122s
2026-04-03 12:45:43,018 - ======================================================================
2026-04-03 12:45:43,018 - KHỞI CHẠY ADVANCED CVRP SOLVER CHO FILE: B-n35-k5.vrp
2026-04-03 12:45:43,018 - ======================================================================
2026-04-03 12:45:43,020 - Thông tin dữ liệu: Dimension=35, K=5, Capacity=100
2026-04-03 12:45:43,020 - --- Step 1: Clarke-Wright Heuristic ---
2026-04-03 12:45:43,021 -   Kết quả CW: Cost = 1016, Time = 0.001s
2026-04-03 12:45:43,022 - --- Step 2: Two-Opt Local Search ---
2026-04-03 12:45:43,023 -   Kết quả Two-Opt: Cost = 973, Time = 0.001s
2026-04-03 12:45:43,023 - --- Step 3: Advanced Optimization (100% CPLEX) ---
2026-04-03 12:45:43,023 - =========================================
2026-04-03 12:45:43,023 - BẮT ĐẦU VÒNG LẶP OPTIMIZE (100% CPLEX)
2026-04-03 12:45:43,023 -  -> Max Single Size  : 11
2026-04-03 12:45:43,023 -  -> Single Timeout   : 60.0s
2026-04-03 12:45:43,023 -  -> Max Pairwise Size: 10
2026-04-03 12:45:43,023 -  -> Pairwise Timeout : 500.0s
2026-04-03 12:45:43,023 -  -> Closest Pairs    : 12
2026-04-03 12:45:43,023 -  -> Patience (No Imp): 20
2026-04-03 12:45:43,023 -  -> Max Iterations   : 150
2026-04-03 12:45:43,023 - Chi phí khởi điểm (kể cả phạt): 973.00
2026-04-03 12:45:43,023 - =========================================
2026-04-03 12:45:43,023 - --- Đang chạy Iteration 1/150 ---
2026-04-03 12:45:43,048 -   [P1] Relocate giảm chi phí xuống còn: 971.00
2026-04-03 12:45:43,755 -   [P3] CPLEX Single Route cải thiện được: 1
2026-04-03 12:45:43,756 - => ITER 1: BEST COST MỚI = 970.00
2026-04-03 12:45:43,756 - --- Đang chạy Iteration 2/150 ---
2026-04-03 12:45:44,427 - => ITER 2: Không cải thiện (no_improve=1/20)
2026-04-03 12:45:44,428 - --- Đang chạy Iteration 3/150 ---
2026-04-03 12:45:45,129 - => ITER 3: Không cải thiện (no_improve=3/20)
2026-04-03 12:45:45,129 - --- Đang chạy Iteration 4/150 ---
2026-04-03 12:45:46,000 - => ITER 4: Không cải thiện (no_improve=5/20)
2026-04-03 12:45:46,000 - --- Đang chạy Iteration 5/150 ---
2026-04-03 12:45:46,857 - => ITER 5: Không cải thiện (no_improve=7/20)
2026-04-03 12:45:46,857 - --- Đang chạy Iteration 6/150 ---
2026-04-03 12:45:47,803 - => ITER 6: Không cải thiện (no_improve=9/20)
2026-04-03 12:45:47,806 - --- Đang chạy Iteration 7/150 ---
2026-04-03 12:45:48,670 - => ITER 7: Không cải thiện (no_improve=11/20)
2026-04-03 12:45:48,670 - --- Đang chạy Iteration 8/150 ---
2026-04-03 12:45:49,581 - => ITER 8: Không cải thiện (no_improve=13/20)
2026-04-03 12:45:49,581 - --- Đang chạy Iteration 9/150 ---
2026-04-03 12:45:50,462 - => ITER 9: Không cải thiện (no_improve=15/20)
2026-04-03 12:45:50,462 - --- Đang chạy Iteration 10/150 ---
2026-04-03 12:45:51,023 - => ITER 10: Không cải thiện (no_improve=17/20)
2026-04-03 12:45:51,024 - --- Đang chạy Iteration 11/150 ---
2026-04-03 12:45:51,490 - => ITER 11: Không cải thiện (no_improve=19/20)
2026-04-03 12:45:51,490 - Hoàn thành tối ưu. Final Pure Cost: 970
2026-04-03 12:45:51,490 - ======================================================================
2026-04-03 12:45:51,490 - BÁO CÁO TỔNG KẾT (SUMMARY)
2026-04-03 12:45:51,490 - ======================================================================
2026-04-03 12:45:51,490 -   1. Chi phí Clarke-Wright:     1016
2026-04-03 12:45:51,490 -   2. Chi phí sau Two-Opt:       973
2026-04-03 12:45:51,490 -   3. Chi phí sau CPLEX:        970
2026-04-03 12:45:51,490 -   => TỔNG CẢI THIỆN:            46
2026-04-03 12:45:51,490 -   => Số lần CPLEX Single cải thiện  : 1 lần
2026-04-03 12:45:51,490 -   => Số lần CPLEX Pairwise cải thiện: 0 lần
2026-04-03 12:45:51,490 -   => TỔNG THỜI GIAN CHẠY:       8.469s
2026-04-03 12:45:51,491 - ======================================================================
2026-04-03 12:45:51,491 - KHỞI CHẠY ADVANCED CVRP SOLVER CHO FILE: B-n38-k6.vrp
2026-04-03 12:45:51,491 - ======================================================================
2026-04-03 12:45:51,493 - Thông tin dữ liệu: Dimension=38, K=6, Capacity=100
2026-04-03 12:45:51,493 - --- Step 1: Clarke-Wright Heuristic ---
2026-04-03 12:45:51,494 -   Kết quả CW: Cost = 961, Time = 0.001s
2026-04-03 12:45:51,494 - --- Step 2: Two-Opt Local Search ---
2026-04-03 12:45:51,495 -   Kết quả Two-Opt: Cost = 912, Time = 0.001s
2026-04-03 12:45:51,495 - --- Step 3: Advanced Optimization (100% CPLEX) ---
2026-04-03 12:45:51,496 - =========================================
2026-04-03 12:45:51,496 - BẮT ĐẦU VÒNG LẶP OPTIMIZE (100% CPLEX)
2026-04-03 12:45:51,496 -  -> Max Single Size  : 11
2026-04-03 12:45:51,496 -  -> Single Timeout   : 60.0s
2026-04-03 12:45:51,496 -  -> Max Pairwise Size: 10
2026-04-03 12:45:51,496 -  -> Pairwise Timeout : 500.0s
2026-04-03 12:45:51,496 -  -> Closest Pairs    : 12
2026-04-03 12:45:51,496 -  -> Patience (No Imp): 20
2026-04-03 12:45:51,496 -  -> Max Iterations   : 150
2026-04-03 12:45:51,496 - Chi phí khởi điểm (kể cả phạt): 912.00
2026-04-03 12:45:51,496 - =========================================
2026-04-03 12:45:51,496 - --- Đang chạy Iteration 1/150 ---
2026-04-03 12:45:51,531 -   [P1] Relocate giảm chi phí xuống còn: 900.00
2026-04-03 12:45:51,546 -   [P2] Exchange giảm chi phí xuống còn: 886.00
2026-04-03 12:45:52,346 -   [P3] CPLEX Single Route cải thiện được: 3
2026-04-03 12:45:52,722 - => ITER 11: Không cải thiện (no_improve=15/20)
2026-04-03 12:45:52,722 - --- Đang chạy Iteration 12/150 ---
