2026-04-04 02:00:57,725 - ======================================================================
2026-04-04 02:00:57,725 - FILE: B-n31-k5.vrp
2026-04-04 02:00:57,725 - ======================================================================
2026-04-04 02:00:57,728 - Dim=31 K=5 Cap=100
2026-04-04 02:00:57,728 - --- Clarke-Wright ---
2026-04-04 02:00:57,731 -   cost=748 time=0.00s
2026-04-04 02:00:57,731 - --- Two-Opt ---
2026-04-04 02:00:57,732 -   cost=730 time=0.00s
2026-04-04 02:00:57,732 - --- MaxSAT (2-tầng) ---
2026-04-04 02:00:57,732 - =========================================
2026-04-04 02:00:57,732 - BẮT ĐẦU OPTIMIZE (MaxSAT-RC2, 2-tầng)
2026-04-04 02:00:57,732 -   max_single=11  s_to=60.0s
2026-04-04 02:00:57,732 -   max_pair=10  p_to=500.0s
2026-04-04 02:00:57,732 -   n_pairs=12
2026-04-04 02:00:57,732 -   inner_patience=20  outer_patience=3
2026-04-04 02:00:57,732 -   global_timeout=1200.0s
2026-04-04 02:00:57,732 -   start_cost=730.00
2026-04-04 02:00:57,732 - =========================================
2026-04-04 02:00:57,732 - === OUTER 1 | cost=730.00 outer_no_imp=0/3 (còn 1200s) ===
2026-04-04 02:00:57,732 -   [Inner 1.1] cost=730.00 no_imp=0/20 (còn 1200s)
2026-04-04 02:00:57,739 -     [P1] Relocate → 722.00
2026-04-04 02:00:57,743 -     [P2] Exchange → 719.00
2026-04-04 02:00:57,960 -     [P3] Single +2
2026-04-04 02:00:57,960 -     → INNER BEST = 717.00
2026-04-04 02:00:57,960 -   [Inner 1.2] cost=717.00 no_imp=0/20 (còn 1200s)
2026-04-04 02:00:57,966 -     [P1] Relocate → 705.00
2026-04-04 02:00:58,083 -     → INNER BEST = 705.00
2026-04-04 02:00:58,083 -   [Inner 1.3] cost=705.00 no_imp=0/20 (còn 1200s)
2026-04-04 02:00:58,087 -     [P1] Relocate → 703.00
2026-04-04 02:00:58,219 -     → INNER BEST = 703.00
2026-04-04 02:00:58,219 -   [Inner 1.4] cost=703.00 no_imp=0/20 (còn 1200s)
2026-04-04 02:00:58,224 -     [P1] Relocate → 701.00
2026-04-04 02:00:58,385 -     → INNER BEST = 701.00
2026-04-04 02:00:58,385 -   [Inner 1.5] cost=701.00 no_imp=0/20 (còn 1199s)
2026-04-04 02:00:58,534 -   [Inner 1.6] cost=701.00 no_imp=2/20 (còn 1199s)
2026-04-04 02:00:58,689 -   [Inner 1.7] cost=701.00 no_imp=4/20 (còn 1199s)
2026-04-04 02:00:58,823 -   [Inner 1.8] cost=701.00 no_imp=6/20 (còn 1199s)
2026-04-04 02:00:58,959 -   [Inner 1.9] cost=701.00 no_imp=8/20 (còn 1199s)
2026-04-04 02:00:59,093 -   [Inner 1.10] cost=701.00 no_imp=10/20 (còn 1199s)
2026-04-04 02:00:59,229 -   [Inner 1.11] cost=701.00 no_imp=12/20 (còn 1199s)
2026-04-04 02:00:59,361 -   [Inner 1.12] cost=701.00 no_imp=14/20 (còn 1198s)
2026-04-04 02:00:59,496 -   [Inner 1.13] cost=701.00 no_imp=16/20 (còn 1198s)
2026-04-04 02:00:59,631 -   [Inner 1.14] cost=701.00 no_imp=18/20 (còn 1198s)
2026-04-04 02:00:59,765 -   [Outer] Inner cải thiện → best=701.00
2026-04-04 02:00:59,765 -   [Outer 1] Chạy Pairwise MaxSAT...
