2026-04-04 13:19:58,696 - ======================================================================
2026-04-04 13:19:58,696 - FILE: B-n31-k5.vrp
2026-04-04 13:19:58,696 - ======================================================================
2026-04-04 13:19:58,698 - Dim=31 K=5 Cap=100
2026-04-04 13:19:58,698 - --- Step 1: Clarke-Wright Heuristic ---
2026-04-04 13:19:58,700 -   cost=748 time=0.00s
2026-04-04 13:19:58,700 - --- Step 2, 3, 4: Advanced Optimization Pipeline ---
2026-04-04 13:19:58,700 - =========================================
2026-04-04 13:19:58,700 - BẮT ĐẦU TUYẾN TRÌNH TỐI ƯU (PIPELINE)
2026-04-04 13:19:58,701 - =========================================
2026-04-04 13:19:58,701 - === GIAI ĐOẠN 2: LOCAL SEARCH ĐA TOÁN TỬ | Bắt đầu: 748.00 ===
2026-04-04 13:19:58,742 -   [LS Iter 1] Cải thiện cost: 748.00 -> 683.00
2026-04-04 13:19:58,769 -   [LS Iter 2] Cải thiện cost: 683.00 -> 677.00
2026-04-04 13:19:58,796 - === KẾT THÚC GIAI ĐOẠN 2 | Đạt cực trị tại: 677.00 ===
2026-04-04 13:19:58,796 - === GIAI ĐOẠN 3: ALNS (Đang chờ cài đặt) ===
2026-04-04 13:19:58,796 - === GIAI ĐOẠN 4: MAX-SAT EXACT OPTIMIZATION | Bắt đầu: 677.00 ===
2026-04-04 13:19:58,796 -   [GĐ4.1] Tối ưu Single Route Max-SAT...
2026-04-04 13:19:58,945 -   [GĐ4.2] Tối ưu Pairwise Max-SAT (Vét cạn)...
2026-04-04 13:19:58,945 -   --- Pairwise Iter 1 (còn 1200s) ---
2026-04-04 13:20:28,950 -     [P-Timeout 30.0s]
