2026-04-04 02:53:35,678 - ======================================================================
2026-04-04 02:53:35,678 - GUROBI MIP SOLVER  |  FILE: B-n31-k5.vrp
2026-04-04 02:53:35,678 - ======================================================================
2026-04-04 02:53:35,680 - Thông tin dữ liệu: Dimension=31, K=5, Capacity=100
2026-04-04 02:53:35,680 - --- Step 1: Clarke-Wright Heuristic ---
2026-04-04 02:53:35,682 -   Kết quả CW: Cost = 748, Time = 0.001s
2026-04-04 02:53:35,682 - --- Step 2: Two-Opt Local Search ---
2026-04-04 02:53:35,682 -   Kết quả Two-Opt: Cost = 730, Time = 0.001s
2026-04-04 02:53:35,682 - --- Step 3: Advanced Optimization (Gurobi MIP) ---
2026-04-04 02:53:35,683 - =========================================
2026-04-04 02:53:35,683 - BẮT ĐẦU OPTIMIZE  (100% Gurobi MIP)
2026-04-04 02:53:35,683 -  -> Max Single Size  : 20
2026-04-04 02:53:35,683 -  -> Single Timeout   : 40.0s
2026-04-04 02:53:35,683 -  -> Max Pairwise Size: 18
2026-04-04 02:53:35,683 -  -> Pairwise Timeout : 49.6s
2026-04-04 02:53:35,683 -  -> Global Timeout   : 1200.0s
2026-04-04 02:53:35,683 -  -> Closest Pairs    : 999
2026-04-04 02:53:35,683 -  -> Patience         : 20
2026-04-04 02:53:35,683 -  -> Max Iterations   : 150
2026-04-04 02:53:35,683 -  -> Chi phí khởi điểm: 730
2026-04-04 02:53:35,683 - =========================================
2026-04-04 02:53:35,683 - --- Iter 1/150  (còn 1200s) ---
2026-04-04 02:54:21,058 -   [Pair] (1,2): 363 → 344  (−19)
2026-04-04 02:54:21,058 - => ITER 1: BEST MỚI = 711
2026-04-04 02:54:21,058 - --- Iter 2/150  (còn 1155s) ---
2026-04-04 02:54:59,906 -   [Pair] (1,3): 350 → 340  (−10)
2026-04-04 02:54:59,907 - => ITER 2: BEST MỚI = 701
2026-04-04 02:54:59,907 - --- Iter 3/150  (còn 1116s) ---
2026-04-04 02:55:56,442 -   [Pair] (1,4): 328 → 321  (−7)
2026-04-04 02:55:56,443 - => ITER 3: BEST MỚI = 694
2026-04-04 02:55:56,443 - --- Iter 4/150  (còn 1059s) ---
2026-04-04 02:55:59,651 -   [Pair] (3,4): 222 → 219  (−3)
2026-04-04 02:55:59,651 - => ITER 4: BEST MỚI = 691
2026-04-04 02:55:59,652 - --- Iter 5/150  (còn 1056s) ---
2026-04-04 02:57:34,609 -   [Pair] (1,2): 321 → 315  (−6)
2026-04-04 02:57:34,610 - => ITER 5: BEST MỚI = 685
2026-04-04 02:57:34,610 - --- Iter 6/150  (còn 961s) ---
2026-04-04 02:57:49,216 -   [Pair] (1,4): 326 → 322  (−4)
2026-04-04 02:57:49,216 - => ITER 6: BEST MỚI = 681
2026-04-04 02:57:49,216 - --- Iter 7/150  (còn 946s) ---
2026-04-04 02:59:37,804 -   [Pair] (0,3): 268 → 264  (−4)
2026-04-04 02:59:37,804 - => ITER 7: BEST MỚI = 677
2026-04-04 02:59:37,804 - --- Iter 8/150  (còn 838s) ---
2026-04-04 03:02:04,301 - => ITER 8: Không cải thiện (1/20)
2026-04-04 03:02:04,301 - --- Iter 9/150  (còn 691s) ---
2026-04-04 03:04:39,113 - => ITER 9: Không cải thiện (2/20)
2026-04-04 03:04:39,113 - --- Iter 10/150  (còn 537s) ---
2026-04-04 03:07:11,560 - => ITER 10: Không cải thiện (3/20)
2026-04-04 03:07:11,560 - --- Iter 11/150  (còn 384s) ---
2026-04-04 03:09:45,447 - => ITER 11: Không cải thiện (4/20)
2026-04-04 03:09:45,447 - --- Iter 12/150  (còn 230s) ---
2026-04-04 03:12:15,900 - => ITER 12: Không cải thiện (5/20)
2026-04-04 03:12:15,900 - --- Iter 13/150  (còn 80s) ---
2026-04-04 03:13:35,706 - => ITER 13: Không cải thiện (6/20)
2026-04-04 03:13:35,707 - [GlobalTimeout] Dừng trước iteration 14.
2026-04-04 03:13:35,707 - Hoàn thành trong 1200.0s. Final Cost: 677
2026-04-04 03:13:35,707 - ======================================================================
2026-04-04 03:13:35,707 - BÁO CÁO TỔNG KẾT (SUMMARY)
2026-04-04 03:13:35,707 - ======================================================================
2026-04-04 03:13:35,707 -   1. Chi phí Clarke-Wright:     748
2026-04-04 03:13:35,707 -   2. Chi phí sau Two-Opt:       730
2026-04-04 03:13:35,707 -   3. Chi phí sau Gurobi MIP:    677
2026-04-04 03:13:35,707 -   => TỔNG CẢI THIỆN:            71
2026-04-04 03:13:35,707 -   => Số lần Gurobi Single cải thiện  : 0 lần
2026-04-04 03:13:35,707 -   => Số lần Gurobi Pairwise cải thiện: 7 lần
2026-04-04 03:13:35,707 -   => TỔNG THỜI GIAN CHẠY:       1200.026s
2026-04-04 03:13:35,708 - ======================================================================
2026-04-04 03:13:35,708 - GUROBI MIP SOLVER  |  FILE: B-n34-k5.vrp
2026-04-04 03:13:35,708 - ======================================================================
2026-04-04 03:13:35,710 - Thông tin dữ liệu: Dimension=34, K=5, Capacity=100
2026-04-04 03:13:35,710 - --- Step 1: Clarke-Wright Heuristic ---
2026-04-04 03:13:35,711 -   Kết quả CW: Cost = 936, Time = 0.001s
2026-04-04 03:13:35,711 - --- Step 2: Two-Opt Local Search ---
2026-04-04 03:13:35,713 -   Kết quả Two-Opt: Cost = 875, Time = 0.001s
2026-04-04 03:13:35,713 - --- Step 3: Advanced Optimization (Gurobi MIP) ---
2026-04-04 03:13:35,713 - =========================================
2026-04-04 03:13:35,713 - BẮT ĐẦU OPTIMIZE  (100% Gurobi MIP)
2026-04-04 03:13:35,713 -  -> Max Single Size  : 20
2026-04-04 03:13:35,713 -  -> Single Timeout   : 40.0s
2026-04-04 03:13:35,713 -  -> Max Pairwise Size: 20
2026-04-04 03:13:35,713 -  -> Pairwise Timeout : 54.4s
2026-04-04 03:13:35,713 -  -> Global Timeout   : 1200.0s
2026-04-04 03:13:35,713 -  -> Closest Pairs    : 999
2026-04-04 03:13:35,713 -  -> Patience         : 20
2026-04-04 03:13:35,713 -  -> Max Iterations   : 150
2026-04-04 03:13:35,713 -  -> Chi phí khởi điểm: 875
2026-04-04 03:13:35,714 - =========================================
2026-04-04 03:13:35,714 - --- Iter 1/150  (còn 1200s) ---
