2026-04-04 03:14:11,989 - ======================================================================
2026-04-04 03:14:11,989 - GUROBI MIP SOLVER  |  FILE: B-n31-k5.vrp
2026-04-04 03:14:11,989 - ======================================================================
2026-04-04 03:14:11,991 - Thông tin dữ liệu: Dimension=31, K=5, Capacity=100
2026-04-04 03:14:11,991 - --- Step 1: Clarke-Wright Heuristic ---
2026-04-04 03:14:11,992 -   Kết quả CW: Cost = 748, Time = 0.001s
2026-04-04 03:14:11,992 - --- Step 2: Two-Opt Local Search ---
2026-04-04 03:14:11,993 -   Kết quả Two-Opt: Cost = 730, Time = 0.001s
2026-04-04 03:14:11,993 - --- Step 3: Advanced Optimization (Gurobi MIP) ---
2026-04-04 03:14:11,993 - =========================================
2026-04-04 03:14:11,993 - BẮT ĐẦU OPTIMIZE  (100% Gurobi MIP)
2026-04-04 03:14:11,993 -  -> Max Single Size  : 20
2026-04-04 03:14:11,993 -  -> Single Timeout   : 40.0s
2026-04-04 03:14:11,993 -  -> Max Pairwise Size: 18
2026-04-04 03:14:11,993 -  -> Pairwise Timeout : 49.6s
2026-04-04 03:14:11,993 -  -> Global Timeout   : 1200.0s
2026-04-04 03:14:11,993 -  -> Closest Pairs    : 999
2026-04-04 03:14:11,993 -  -> Patience         : 3
2026-04-04 03:14:11,993 -  -> Max Iterations   : 150
2026-04-04 03:14:11,993 -  -> Chi phí khởi điểm: 730
2026-04-04 03:14:11,994 - =========================================
2026-04-04 03:14:11,994 - --- Iter 1/150  (còn 1200s) ---
