2026-04-06 17:02:54,293 - ======================================================================
2026-04-06 17:02:54,293 - FILE: B-n39-k5.vrp
2026-04-06 17:02:54,294 - ======================================================================
2026-04-06 17:02:54,297 - Dim=39 K=5 Cap=100
2026-04-06 17:02:54,297 - --- Step 1: Clarke-Wright Heuristic ---
2026-04-06 17:02:54,299 -   cost=695 time=0.00s
2026-04-06 17:02:54,299 - --- Step 2, 3, 4: Advanced Optimization Pipeline ---
2026-04-06 17:02:54,299 - =========================================
2026-04-06 17:02:54,299 - BẮT ĐẦU TUYẾN TRÌNH TỐI ƯU (PIPELINE)
2026-04-06 17:02:54,299 - =========================================
2026-04-06 17:02:54,300 - === GIAI ĐOẠN 2: LOCAL SEARCH ĐA TOÁN TỬ | Bắt đầu: 695.00 ===
2026-04-06 17:02:54,357 -   [LS Iter 1] Cải thiện cost: 695.00 -> 556.00
2026-04-06 17:02:54,406 -   [LS Iter 2] Cải thiện cost: 556.00 -> 555.00
2026-04-06 17:02:54,450 - === KẾT THÚC GIAI ĐOẠN 2 | Đạt cực trị tại: 555.00 ===
2026-04-06 17:02:54,450 - === BẮT ĐẦU CHẶNG 3: ALNS + GLS | Vòng lặp: 150 | Cost: 555.00 ===
2026-04-06 17:02:55,330 -   [ALNS Iter 12] Random Destroy phá vỡ giới hạn -> BEST MỚI: 550.00
2026-04-06 17:02:56,159 -   [GLS Iter 21] Cập nhật ma trận phạt để thay đổi hướng đi.
2026-04-06 17:03:01,335 -   [ALNS Iter 75] Random Destroy phá vỡ giới hạn -> BEST MỚI: 549.00
2026-04-06 17:03:01,336 -   [ALNS] 🎉 Đã chạm mốc BKS (549.0). Ngắt vòng lặp ALNS sớm!
2026-04-06 17:03:01,336 - === KẾT THÚC CHẶNG 3 | Cost xuất sắc nhất đạt được: 549.00 ===
2026-04-06 17:03:01,336 - 🎉 ĐÃ ĐẠT NGHIỆM TỐI ƯU TOÀN CỤC (BKS = 549.0). DỪNG SỚM!
2026-04-06 17:03:01,336 - ======================================================================
2026-04-06 17:03:01,336 - CW Khởi tạo = 695 → Sau Pipeline = 549
2026-04-06 17:03:01,336 - Cải thiện so CW: 146
2026-04-06 17:03:01,336 - Tổng thời gian: 7.0s
2026-04-06 17:03:01,336 - Verified cost: 549
