2026-04-06 00:46:26,651 - ======================================================================
2026-04-06 00:46:26,651 - FILE: B-n31-k5.vrp
2026-04-06 00:46:26,651 - ======================================================================
2026-04-06 00:46:26,653 - Dim=31 K=5 Cap=100
2026-04-06 00:46:26,654 - --- Step 1: Clarke-Wright Heuristic ---
2026-04-06 00:46:26,654 -   cost=748 time=0.00s
2026-04-06 00:46:26,655 - --- Step 2, 3, 4: Advanced Optimization Pipeline ---
2026-04-06 00:46:26,655 - =========================================
2026-04-06 00:46:26,655 - BẮT ĐẦU TUYẾN TRÌNH TỐI ƯU (PIPELINE)
2026-04-06 00:46:26,655 - =========================================
2026-04-06 00:46:26,655 - === GIAI ĐOẠN 2: LOCAL SEARCH ĐA TOÁN TỬ | Bắt đầu: 748.00 ===
2026-04-06 00:46:26,694 -   [LS Iter 1] Cải thiện cost: 748.00 -> 683.00
2026-04-06 00:46:26,723 -   [LS Iter 2] Cải thiện cost: 683.00 -> 677.00
2026-04-06 00:46:26,751 - === KẾT THÚC GIAI ĐOẠN 2 | Đạt cực trị tại: 677.00 ===
2026-04-06 00:46:26,751 - === BẮT ĐẦU CHẶNG 3: ALNS + GLS | Vòng lặp: 150 | Cost: 677.00 ===
2026-04-06 00:46:27,895 -   [GLS Iter 21] Cập nhật ma trận phạt để thay đổi hướng đi.
2026-04-06 00:46:31,596 -   [GLS Iter 81] Cập nhật ma trận phạt để thay đổi hướng đi.
2026-04-06 00:46:35,385 -   [GLS Iter 141] Cập nhật ma trận phạt để thay đổi hướng đi.
2026-04-06 00:46:35,969 - === KẾT THÚC CHẶNG 3 | Cost xuất sắc nhất đạt được: 677.00 ===
2026-04-06 00:46:35,969 - === BẮT ĐẦU CHẶNG 4: MAX-SAT CHÍNH XÁC | Cost: 677.00 ===
2026-04-06 00:46:35,969 -   [GĐ 4.1] Giải bài toán TSP trên từng tuyến đơn...
2026-04-06 00:46:36,562 -   [GĐ 4.2] Xét từng cặp tuyến để phân bổ lại khách hàng...
2026-04-06 00:46:36,562 -   --- Pairwise Iter 1 (còn 1190s) ---
2026-04-06 00:47:36,566 -     [P-Timeout 60.0s]
2026-04-06 00:48:36,578 -     [P-Timeout 60.0s]
2026-04-06 00:49:36,589 -     [P-Timeout 60.0s]
2026-04-06 00:50:36,601 -     [P-Timeout 60.0s]
2026-04-06 00:51:36,618 -     [P-Timeout 60.0s]
2026-04-06 00:52:36,629 -     [P-Timeout 60.0s]
2026-04-06 00:53:36,648 -     [P-Timeout 60.0s]
2026-04-06 00:54:40,052 -     [P-Timeout 60.0s]
2026-04-06 00:55:40,065 -     [P-Timeout 60.0s]
2026-04-06 00:55:40,076 -     -> Đã đạt cực trị toàn cục cho mọi cặp dưới ngưỡng. KẾT THÚC CHẶNG 4.
2026-04-06 00:55:40,076 - HOÀN THÀNH PIPELINE. Final cost=677.00 | Time=553.4s
2026-04-06 00:55:40,076 - ======================================================================
2026-04-06 00:55:40,077 - CW Khởi tạo = 748 → Sau Pipeline = 677
2026-04-06 00:55:40,077 - Cải thiện so CW: 71
2026-04-06 00:55:40,077 - Tổng thời gian: 553.4s
2026-04-06 00:55:40,077 - Verified cost: 677
2026-04-06 00:55:40,078 - ======================================================================
2026-04-06 00:55:40,078 - FILE: B-n34-k5.vrp
2026-04-06 00:55:40,078 - ======================================================================
2026-04-06 00:55:40,084 - Dim=34 K=5 Cap=100
2026-04-06 00:55:40,084 - --- Step 1: Clarke-Wright Heuristic ---
2026-04-06 00:55:40,085 -   cost=936 time=0.00s
2026-04-06 00:55:40,085 - --- Step 2, 3, 4: Advanced Optimization Pipeline ---
2026-04-06 00:55:40,085 - =========================================
2026-04-06 00:55:40,085 - BẮT ĐẦU TUYẾN TRÌNH TỐI ƯU (PIPELINE)
2026-04-06 00:55:40,085 - =========================================
2026-04-06 00:55:40,086 - === GIAI ĐOẠN 2: LOCAL SEARCH ĐA TOÁN TỬ | Bắt đầu: 936.00 ===
2026-04-06 00:55:40,129 -   [LS Iter 1] Cải thiện cost: 936.00 -> 821.00
2026-04-06 00:55:40,168 -   [LS Iter 2] Cải thiện cost: 821.00 -> 808.00
2026-04-06 00:55:40,200 -   [LS Iter 3] Cải thiện cost: 808.00 -> 799.00
2026-04-06 00:55:40,231 -   [LS Iter 4] Cải thiện cost: 799.00 -> 791.00
2026-04-06 00:55:40,261 - === KẾT THÚC GIAI ĐOẠN 2 | Đạt cực trị tại: 791.00 ===
2026-04-06 00:55:40,261 - === BẮT ĐẦU CHẶNG 3: ALNS + GLS | Vòng lặp: 150 | Cost: 791.00 ===
2026-04-06 00:55:41,118 -   [GLS Iter 21] Cập nhật ma trận phạt do kẹt tải trọng liên tục.
2026-04-06 00:55:42,736 -   [ALNS Iter 49] Related Destroy phá vỡ giới hạn -> BEST MỚI: 788.00
2026-04-06 00:55:42,737 -   [ALNS] 🎉 Đã chạm mốc BKS (788.0). Ngắt vòng lặp ALNS sớm!
2026-04-06 00:55:42,737 - === KẾT THÚC CHẶNG 3 | Cost xuất sắc nhất đạt được: 788.00 ===
2026-04-06 00:55:42,737 - 🎉 ĐÃ ĐẠT NGHIỆM TỐI ƯU TOÀN CỤC (BKS = 788.0). DỪNG SỚM!
2026-04-06 00:55:42,737 - ======================================================================
2026-04-06 00:55:42,737 - CW Khởi tạo = 936 → Sau Pipeline = 788
2026-04-06 00:55:42,737 - Cải thiện so CW: 148
2026-04-06 00:55:42,737 - Tổng thời gian: 2.7s
2026-04-06 00:55:42,737 - Verified cost: 788
2026-04-06 00:55:42,738 - ======================================================================
2026-04-06 00:55:42,738 - FILE: B-n35-k5.vrp
2026-04-06 00:55:42,738 - ======================================================================
2026-04-06 00:55:42,744 - Dim=35 K=5 Cap=100
2026-04-06 00:55:42,744 - --- Step 1: Clarke-Wright Heuristic ---
2026-04-06 00:55:42,745 -   cost=1016 time=0.00s
2026-04-06 00:55:42,745 - --- Step 2, 3, 4: Advanced Optimization Pipeline ---
2026-04-06 00:55:42,745 - =========================================
2026-04-06 00:55:42,745 - BẮT ĐẦU TUYẾN TRÌNH TỐI ƯU (PIPELINE)
2026-04-06 00:55:42,745 - =========================================
2026-04-06 00:55:42,745 - === GIAI ĐOẠN 2: LOCAL SEARCH ĐA TOÁN TỬ | Bắt đầu: 1016.00 ===
2026-04-06 00:55:42,785 -   [LS Iter 1] Cải thiện cost: 1016.00 -> 965.00
2026-04-06 00:55:42,823 -   [LS Iter 2] Cải thiện cost: 965.00 -> 959.00
2026-04-06 00:55:42,860 -   [LS Iter 3] Cải thiện cost: 959.00 -> 958.00
2026-04-06 00:55:42,893 -   [LS Iter 4] Cải thiện cost: 958.00 -> 956.00
2026-04-06 00:55:42,924 -   [LS Iter 5] Cải thiện cost: 956.00 -> 955.00
2026-04-06 00:55:42,957 - === KẾT THÚC GIAI ĐOẠN 2 | Đạt cực trị tại: 955.00 ===
2026-04-06 00:55:42,958 - === BẮT ĐẦU CHẶNG 3: ALNS + GLS | Vòng lặp: 150 | Cost: 955.00 ===
2026-04-06 00:55:42,958 -   [ALNS] 🎉 Đã chạm mốc BKS (955.0). Ngắt vòng lặp ALNS sớm!
2026-04-06 00:55:42,958 - === KẾT THÚC CHẶNG 3 | Cost xuất sắc nhất đạt được: 955.00 ===
2026-04-06 00:55:42,958 - 🎉 ĐÃ ĐẠT NGHIỆM TỐI ƯU TOÀN CỤC (BKS = 955.0). DỪNG SỚM!
2026-04-06 00:55:42,958 - ======================================================================
2026-04-06 00:55:42,958 - CW Khởi tạo = 1016 → Sau Pipeline = 955
2026-04-06 00:55:42,958 - Cải thiện so CW: 61
2026-04-06 00:55:42,958 - Tổng thời gian: 0.2s
2026-04-06 00:55:42,958 - Verified cost: 955
2026-04-06 00:55:42,959 - ======================================================================
2026-04-06 00:55:42,959 - FILE: B-n38-k6.vrp
2026-04-06 00:55:42,959 - ======================================================================
2026-04-06 00:55:42,965 - Dim=38 K=6 Cap=100
2026-04-06 00:55:42,965 - --- Step 1: Clarke-Wright Heuristic ---
2026-04-06 00:55:42,967 -   cost=961 time=0.00s
2026-04-06 00:55:42,967 - --- Step 2, 3, 4: Advanced Optimization Pipeline ---
2026-04-06 00:55:42,967 - =========================================
2026-04-06 00:55:42,967 - BẮT ĐẦU TUYẾN TRÌNH TỐI ƯU (PIPELINE)
2026-04-06 00:55:42,967 - =========================================
2026-04-06 00:55:42,967 - === GIAI ĐOẠN 2: LOCAL SEARCH ĐA TOÁN TỬ | Bắt đầu: 961.00 ===
2026-04-06 00:55:43,021 -   [LS Iter 1] Cải thiện cost: 961.00 -> 824.00
2026-04-06 00:55:43,064 -   [LS Iter 2] Cải thiện cost: 824.00 -> 815.00
2026-04-06 00:55:43,113 - === KẾT THÚC GIAI ĐOẠN 2 | Đạt cực trị tại: 815.00 ===
2026-04-06 00:55:43,113 - === BẮT ĐẦU CHẶNG 3: ALNS + GLS | Vòng lặp: 150 | Cost: 815.00 ===
2026-04-06 00:55:44,476 -   [GLS Iter 21] Cập nhật ma trận phạt để thay đổi hướng đi.
2026-04-06 00:55:50,624 -   [GLS Iter 81] Cập nhật ma trận phạt để thay đổi hướng đi.
2026-04-06 00:55:56,733 -   [GLS Iter 141] Cập nhật ma trận phạt để thay đổi hướng đi.
2026-04-06 00:55:57,778 - === KẾT THÚC CHẶNG 3 | Cost xuất sắc nhất đạt được: 815.00 ===
2026-04-06 00:55:57,778 - === BẮT ĐẦU CHẶNG 4: MAX-SAT CHÍNH XÁC | Cost: 815.00 ===
2026-04-06 00:55:57,778 -   [GĐ 4.1] Giải bài toán TSP trên từng tuyến đơn...
2026-04-06 00:56:00,769 -   [GĐ 4.2] Xét từng cặp tuyến để phân bổ lại khách hàng...
2026-04-06 00:56:00,769 -   --- Pairwise Iter 1 (còn 1182s) ---
2026-04-06 00:57:00,773 -     [P-Timeout 60.0s]
2026-04-06 00:58:00,785 -     [P-Timeout 60.0s]
2026-04-06 00:59:00,797 -     [P-Timeout 60.0s]
2026-04-06 01:00:00,813 -     [P-Timeout 60.0s]
2026-04-06 01:01:00,826 -     [P-Timeout 60.0s]
2026-04-06 01:02:00,838 -     [P-Timeout 60.0s]
2026-04-06 01:03:00,850 -     [P-Timeout 60.0s]
2026-04-06 01:04:00,865 -     [P-Timeout 60.0s]
2026-04-06 01:05:00,879 -     [P-Timeout 60.0s]
2026-04-06 01:06:00,890 -     [P-Timeout 60.0s]
2026-04-06 01:07:00,904 -     [P-Timeout 60.0s]
2026-04-06 01:08:00,920 -     [P-Timeout 60.0s]
2026-04-06 01:09:00,938 -     [P-Timeout 60.0s]
2026-04-06 01:10:00,951 -     [P-Timeout 60.0s]
2026-04-06 01:11:00,967 -     [P-Timeout 60.0s]
2026-04-06 01:11:00,978 -     -> Đã đạt cực trị toàn cục cho mọi cặp dưới ngưỡng. KẾT THÚC CHẶNG 4.
2026-04-06 01:11:00,979 - HOÀN THÀNH PIPELINE. Final cost=815.00 | Time=918.0s
2026-04-06 01:11:00,979 - ======================================================================
2026-04-06 01:11:00,979 - CW Khởi tạo = 961 → Sau Pipeline = 815
2026-04-06 01:11:00,979 - Cải thiện so CW: 146
2026-04-06 01:11:00,979 - Tổng thời gian: 918.0s
2026-04-06 01:11:00,979 - Verified cost: 815
2026-04-06 01:11:00,980 - ======================================================================
2026-04-06 01:11:00,980 - FILE: B-n39-k5.vrp
2026-04-06 01:11:00,980 - ======================================================================
2026-04-06 01:11:00,987 - Dim=39 K=5 Cap=100
2026-04-06 01:11:00,987 - --- Step 1: Clarke-Wright Heuristic ---
2026-04-06 01:11:00,988 -   cost=695 time=0.00s
2026-04-06 01:11:00,988 - --- Step 2, 3, 4: Advanced Optimization Pipeline ---
2026-04-06 01:11:00,988 - =========================================
2026-04-06 01:11:00,988 - BẮT ĐẦU TUYẾN TRÌNH TỐI ƯU (PIPELINE)
2026-04-06 01:11:00,989 - =========================================
2026-04-06 01:11:00,989 - === GIAI ĐOẠN 2: LOCAL SEARCH ĐA TOÁN TỬ | Bắt đầu: 695.00 ===
2026-04-06 01:11:01,051 -   [LS Iter 1] Cải thiện cost: 695.00 -> 556.00
2026-04-06 01:11:01,104 -   [LS Iter 2] Cải thiện cost: 556.00 -> 555.00
2026-04-06 01:11:01,153 - === KẾT THÚC GIAI ĐOẠN 2 | Đạt cực trị tại: 555.00 ===
2026-04-06 01:11:01,153 - === BẮT ĐẦU CHẶNG 3: ALNS + GLS | Vòng lặp: 150 | Cost: 555.00 ===
2026-04-06 01:11:01,306 -   [ALNS Iter 3] Worst Destroy phá vỡ giới hạn -> BEST MỚI: 551.00
2026-04-06 01:11:03,331 -   [GLS Iter 21] Cập nhật ma trận phạt để thay đổi hướng đi.
2026-04-06 01:11:05,503 -   [ALNS Iter 49] Random Destroy phá vỡ giới hạn -> BEST MỚI: 550.00
2026-04-06 01:11:06,627 -   [GLS Iter 61] Cập nhật ma trận phạt để thay đổi hướng đi.
2026-04-06 01:11:13,641 -   [GLS Iter 121] Cập nhật ma trận phạt để thay đổi hướng đi.
2026-04-06 01:11:16,754 - === KẾT THÚC CHẶNG 3 | Cost xuất sắc nhất đạt được: 550.00 ===
2026-04-06 01:11:16,754 - === BẮT ĐẦU CHẶNG 4: MAX-SAT CHÍNH XÁC | Cost: 550.00 ===
2026-04-06 01:11:16,755 -   [GĐ 4.1] Giải bài toán TSP trên từng tuyến đơn...
2026-04-06 01:11:58,655 -     [S-Timeout 40.0s]
2026-04-06 01:12:00,217 -   [GĐ 4.2] Xét từng cặp tuyến để phân bổ lại khách hàng...
2026-04-06 01:12:00,217 -   --- Pairwise Iter 1 (còn 1141s) ---
2026-04-06 01:13:00,222 -     [P-Timeout 60.0s]
2026-04-06 01:14:00,234 -     [P-Timeout 60.0s]
2026-04-06 01:15:00,249 -     [P-Timeout 60.0s]
2026-04-06 01:16:00,261 -     [P-Timeout 60.0s]
2026-04-06 01:17:00,277 -     [P-Timeout 60.0s]
2026-04-06 01:18:00,291 -     [P-Timeout 60.0s]
2026-04-06 01:19:00,307 -     [P-Timeout 60.0s]
2026-04-06 01:19:00,319 -     -> Đã đạt cực trị toàn cục cho mọi cặp dưới ngưỡng. KẾT THÚC CHẶNG 4.
2026-04-06 01:19:00,319 - HOÀN THÀNH PIPELINE. Final cost=550.00 | Time=479.3s
2026-04-06 01:19:00,319 - ======================================================================
2026-04-06 01:19:00,319 - CW Khởi tạo = 695 → Sau Pipeline = 550
2026-04-06 01:19:00,319 - Cải thiện so CW: 145
2026-04-06 01:19:00,319 - Tổng thời gian: 479.3s
2026-04-06 01:19:00,319 - Verified cost: 550
2026-04-06 01:19:00,321 - ======================================================================
2026-04-06 01:19:00,321 - FILE: B-n41-k6.vrp
2026-04-06 01:19:00,321 - ======================================================================
2026-04-06 01:19:00,327 - Dim=41 K=6 Cap=100
2026-04-06 01:19:00,327 - --- Step 1: Clarke-Wright Heuristic ---
2026-04-06 01:19:00,329 -   cost=981 time=0.00s
2026-04-06 01:19:00,329 - --- Step 2, 3, 4: Advanced Optimization Pipeline ---
2026-04-06 01:19:00,329 - =========================================
2026-04-06 01:19:00,329 - BẮT ĐẦU TUYẾN TRÌNH TỐI ƯU (PIPELINE)
2026-04-06 01:19:00,329 - =========================================
2026-04-06 01:19:00,329 - === GIAI ĐOẠN 2: LOCAL SEARCH ĐA TOÁN TỬ | Bắt đầu: 981.00 ===
2026-04-06 01:19:00,378 -   [LS Iter 1] Cải thiện cost: 981.00 -> 940.00
2026-04-06 01:19:00,425 -   [LS Iter 2] Cải thiện cost: 940.00 -> 932.00
2026-04-06 01:19:00,474 -   [LS Iter 3] Cải thiện cost: 932.00 -> 877.00
2026-04-06 01:19:00,510 -   [LS Iter 4] Cải thiện cost: 877.00 -> 873.00
2026-04-06 01:19:00,548 - === KẾT THÚC GIAI ĐOẠN 2 | Đạt cực trị tại: 873.00 ===
2026-04-06 01:19:00,548 - === BẮT ĐẦU CHẶNG 3: ALNS + GLS | Vòng lặp: 150 | Cost: 873.00 ===
2026-04-06 01:19:00,964 -   [ALNS Iter 5] Random Destroy phá vỡ giới hạn -> BEST MỚI: 870.00
2026-04-06 01:19:01,180 -   [ALNS Iter 9] Random Destroy phá vỡ giới hạn -> BEST MỚI: 869.00
2026-04-06 01:19:01,613 -   [ALNS Iter 15] Random Destroy phá vỡ giới hạn -> BEST MỚI: 868.00
2026-04-06 01:19:01,860 -   [ALNS Iter 17] Random Destroy phá vỡ giới hạn -> BEST MỚI: 867.00
2026-04-06 01:19:03,344 -   [GLS Iter 41] Cập nhật ma trận phạt để thay đổi hướng đi.
2026-04-06 01:19:03,465 -   [ALNS Iter 42] Random Destroy phá vỡ giới hạn -> BEST MỚI: 866.00
2026-04-06 01:19:03,504 -   [ALNS Iter 43] Random Destroy phá vỡ giới hạn -> BEST MỚI: 865.00
2026-04-06 01:19:03,788 -   [ALNS Iter 48] Worst Destroy phá vỡ giới hạn -> BEST MỚI: 848.00
2026-04-06 01:19:03,912 -   [ALNS Iter 49] Random Destroy phá vỡ giới hạn -> BEST MỚI: 844.00
2026-04-06 01:19:04,701 -   [ALNS Iter 59] Random Destroy phá vỡ giới hạn -> BEST MỚI: 839.00
2026-04-06 01:19:08,127 -   [GLS Iter 101] Cập nhật ma trận phạt để thay đổi hướng đi.
2026-04-06 01:19:11,998 - === KẾT THÚC CHẶNG 3 | Cost xuất sắc nhất đạt được: 839.00 ===
2026-04-06 01:19:11,999 - === BẮT ĐẦU CHẶNG 4: MAX-SAT CHÍNH XÁC | Cost: 839.00 ===
2026-04-06 01:19:11,999 -   [GĐ 4.1] Giải bài toán TSP trên từng tuyến đơn...
2026-04-06 01:19:13,988 -   [GĐ 4.2] Xét từng cặp tuyến để phân bổ lại khách hàng...
2026-04-06 01:19:13,988 -   --- Pairwise Iter 1 (còn 1186s) ---
2026-04-06 01:20:13,996 -     [P-Timeout 60.0s]
2026-04-06 01:21:14,010 -     [P-Timeout 60.0s]
2026-04-06 01:22:14,022 -     [P-Timeout 60.0s]
2026-04-06 01:23:14,038 -     [P-Timeout 60.0s]
2026-04-06 01:24:14,054 -     [P-Timeout 60.0s]
2026-04-06 01:25:14,066 -     [P-Timeout 60.0s]
2026-04-06 01:26:14,080 -     [P-Timeout 60.0s]
2026-04-06 01:27:14,096 -     [P-Timeout 60.0s]
2026-04-06 01:28:14,113 -     [P-Timeout 60.0s]
2026-04-06 01:29:14,127 -     [P-Timeout 60.0s]
2026-04-06 01:30:14,143 -     [P-Timeout 60.0s]
2026-04-06 01:31:14,156 -     [P-Timeout 60.0s]
2026-04-06 01:32:14,176 -     [P-Timeout 60.0s]
2026-04-06 01:33:14,191 -     [P-Timeout 60.0s]
2026-04-06 01:34:14,209 -     [P-Timeout 60.0s]
2026-04-06 01:34:14,223 -     -> Đã đạt cực trị toàn cục cho mọi cặp dưới ngưỡng. KẾT THÚC CHẶNG 4.
2026-04-06 01:34:14,223 - HOÀN THÀNH PIPELINE. Final cost=839.00 | Time=913.9s
2026-04-06 01:34:14,223 - ======================================================================
2026-04-06 01:34:14,223 - CW Khởi tạo = 981 → Sau Pipeline = 839
2026-04-06 01:34:14,223 - Cải thiện so CW: 142
2026-04-06 01:34:14,223 - Tổng thời gian: 913.9s
2026-04-06 01:34:14,223 - Verified cost: 839
2026-04-06 01:34:14,224 - ======================================================================
2026-04-06 01:34:14,224 - FILE: B-n43-k6.vrp
2026-04-06 01:34:14,225 - ======================================================================
2026-04-06 01:34:14,231 - Dim=43 K=6 Cap=100
2026-04-06 01:34:14,231 - --- Step 1: Clarke-Wright Heuristic ---
2026-04-06 01:34:14,233 -   cost=861 time=0.00s
2026-04-06 01:34:14,233 - --- Step 2, 3, 4: Advanced Optimization Pipeline ---
2026-04-06 01:34:14,233 - =========================================
2026-04-06 01:34:14,233 - BẮT ĐẦU TUYẾN TRÌNH TỐI ƯU (PIPELINE)
2026-04-06 01:34:14,233 - =========================================
2026-04-06 01:34:14,233 - === GIAI ĐOẠN 2: LOCAL SEARCH ĐA TOÁN TỬ | Bắt đầu: 861.00 ===
2026-04-06 01:34:14,300 -   [LS Iter 1] Cải thiện cost: 861.00 -> 787.00
2026-04-06 01:34:14,357 -   [LS Iter 2] Cải thiện cost: 787.00 -> 783.00
2026-04-06 01:34:14,413 -   [LS Iter 3] Cải thiện cost: 783.00 -> 766.00
2026-04-06 01:34:14,469 -   [LS Iter 4] Cải thiện cost: 766.00 -> 758.00
2026-04-06 01:34:14,521 -   [LS Iter 5] Cải thiện cost: 758.00 -> 757.00
2026-04-06 01:34:14,576 - === KẾT THÚC GIAI ĐOẠN 2 | Đạt cực trị tại: 757.00 ===
2026-04-06 01:34:14,576 - === BẮT ĐẦU CHẶNG 3: ALNS + GLS | Vòng lặp: 150 | Cost: 757.00 ===
2026-04-06 01:34:15,152 -   [ALNS Iter 5] Random Destroy phá vỡ giới hạn -> BEST MỚI: 749.00
2026-04-06 01:34:15,420 -   [ALNS Iter 8] Related Destroy phá vỡ giới hạn -> BEST MỚI: 746.00
2026-04-06 01:34:18,222 -   [GLS Iter 41] Cập nhật ma trận phạt để thay đổi hướng đi.
2026-04-06 01:34:19,446 -   [ALNS Iter 52] Related Destroy phá vỡ giới hạn -> BEST MỚI: 744.00
2026-04-06 01:34:20,189 -   [GLS Iter 61] Cập nhật ma trận phạt để thay đổi hướng đi.
2026-04-06 01:34:28,443 -   [GLS Iter 121] Cập nhật ma trận phạt để thay đổi hướng đi.
2026-04-06 01:34:33,108 - === KẾT THÚC CHẶNG 3 | Cost xuất sắc nhất đạt được: 744.00 ===
2026-04-06 01:34:33,108 - === BẮT ĐẦU CHẶNG 4: MAX-SAT CHÍNH XÁC | Cost: 744.00 ===
2026-04-06 01:34:33,108 -   [GĐ 4.1] Giải bài toán TSP trên từng tuyến đơn...
2026-04-06 01:34:34,813 -   [GĐ 4.2] Xét từng cặp tuyến để phân bổ lại khách hàng...
2026-04-06 01:34:34,813 -   --- Pairwise Iter 1 (còn 1179s) ---
2026-04-06 01:35:34,817 -     [P-Timeout 60.0s]
2026-04-06 01:36:34,832 -     [P-Timeout 60.0s]
2026-04-06 01:37:34,844 -     [P-Timeout 60.0s]
2026-04-06 01:38:34,857 -     [P-Timeout 60.0s]
2026-04-06 01:39:34,869 -     [P-Timeout 60.0s]
2026-04-06 01:40:34,886 -     [P-Timeout 60.0s]
2026-04-06 01:41:34,903 -     [P-Timeout 60.0s]
2026-04-06 01:42:34,922 -     [P-Timeout 60.0s]
2026-04-06 01:43:34,939 -     [P-Timeout 60.0s]
2026-04-06 01:44:34,956 -     [P-Timeout 60.0s]
2026-04-06 01:45:34,969 -     [P-Timeout 60.0s]
2026-04-06 01:46:34,982 -     [P-Timeout 60.0s]
2026-04-06 01:47:34,999 -     [P-Timeout 60.0s]
2026-04-06 01:47:35,010 -     -> Đã đạt cực trị toàn cục cho mọi cặp dưới ngưỡng. KẾT THÚC CHẶNG 4.
2026-04-06 01:47:35,013 - HOÀN THÀNH PIPELINE. Final cost=744.00 | Time=800.8s
2026-04-06 01:47:35,013 - ======================================================================
2026-04-06 01:47:35,013 - CW Khởi tạo = 861 → Sau Pipeline = 744
2026-04-06 01:47:35,013 - Cải thiện so CW: 117
2026-04-06 01:47:35,013 - Tổng thời gian: 800.8s
2026-04-06 01:47:35,013 - Verified cost: 744
2026-04-06 01:47:35,014 - ======================================================================
2026-04-06 01:47:35,014 - FILE: B-n44-k7.vrp
2026-04-06 01:47:35,014 - ======================================================================
2026-04-06 01:47:35,018 - Dim=44 K=7 Cap=100
2026-04-06 01:47:35,018 - --- Step 1: Clarke-Wright Heuristic ---
2026-04-06 01:47:35,020 -   cost=1103 time=0.00s
2026-04-06 01:47:35,020 - --- Step 2, 3, 4: Advanced Optimization Pipeline ---
2026-04-06 01:47:35,020 - =========================================
2026-04-06 01:47:35,020 - BẮT ĐẦU TUYẾN TRÌNH TỐI ƯU (PIPELINE)
2026-04-06 01:47:35,020 - =========================================
2026-04-06 01:47:35,020 - === GIAI ĐOẠN 2: LOCAL SEARCH ĐA TOÁN TỬ | Bắt đầu: 1103.00 ===
2026-04-06 01:47:35,081 -   [LS Iter 1] Cải thiện cost: 1103.00 -> 986.00
2026-04-06 01:47:35,133 -   [LS Iter 2] Cải thiện cost: 986.00 -> 981.00
2026-04-06 01:47:35,183 -   [LS Iter 3] Cải thiện cost: 981.00 -> 977.00
2026-04-06 01:47:35,238 -   [LS Iter 4] Cải thiện cost: 977.00 -> 976.00
2026-04-06 01:47:35,285 -   [LS Iter 5] Cải thiện cost: 976.00 -> 975.00
2026-04-06 01:47:35,336 - === KẾT THÚC GIAI ĐOẠN 2 | Đạt cực trị tại: 975.00 ===
2026-04-06 01:47:35,336 - === BẮT ĐẦU CHẶNG 3: ALNS + GLS | Vòng lặp: 150 | Cost: 975.00 ===
2026-04-06 01:47:35,426 -   [ALNS Iter 1] Related Destroy phá vỡ giới hạn -> BEST MỚI: 973.00
2026-04-06 01:47:35,932 -   [ALNS Iter 5] Related Destroy phá vỡ giới hạn -> BEST MỚI: 929.00
2026-04-06 01:47:36,330 -   [ALNS Iter 9] Related Destroy phá vỡ giới hạn -> BEST MỚI: 926.00
2026-04-06 01:47:36,699 -   [ALNS Iter 14] Related Destroy phá vỡ giới hạn -> BEST MỚI: 909.00
2026-04-06 01:47:36,699 -   [ALNS] 🎉 Đã chạm mốc BKS (909.0). Ngắt vòng lặp ALNS sớm!
2026-04-06 01:47:36,699 - === KẾT THÚC CHẶNG 3 | Cost xuất sắc nhất đạt được: 909.00 ===
2026-04-06 01:47:36,699 - 🎉 ĐÃ ĐẠT NGHIỆM TỐI ƯU TOÀN CỤC (BKS = 909.0). DỪNG SỚM!
2026-04-06 01:47:36,699 - ======================================================================
2026-04-06 01:47:36,700 - CW Khởi tạo = 1103 → Sau Pipeline = 909
2026-04-06 01:47:36,700 - Cải thiện so CW: 194
2026-04-06 01:47:36,700 - Tổng thời gian: 1.7s
2026-04-06 01:47:36,700 - Verified cost: 909
2026-04-06 01:47:36,701 - ======================================================================
2026-04-06 01:47:36,701 - FILE: B-n45-k5.vrp
2026-04-06 01:47:36,701 - ======================================================================
2026-04-06 01:47:36,708 - Dim=45 K=5 Cap=100
2026-04-06 01:47:36,708 - --- Step 1: Clarke-Wright Heuristic ---
2026-04-06 01:47:36,710 -   cost=1030 time=0.00s
2026-04-06 01:47:36,710 - --- Step 2, 3, 4: Advanced Optimization Pipeline ---
2026-04-06 01:47:36,710 - =========================================
2026-04-06 01:47:36,710 - BẮT ĐẦU TUYẾN TRÌNH TỐI ƯU (PIPELINE)
2026-04-06 01:47:36,710 - =========================================
2026-04-06 01:47:36,710 - === GIAI ĐOẠN 2: LOCAL SEARCH ĐA TOÁN TỬ | Bắt đầu: 1030.00 ===
2026-04-06 01:47:36,789 -   [LS Iter 1] Cải thiện cost: 1030.00 -> 830.00
2026-04-06 01:47:36,849 - === KẾT THÚC GIAI ĐOẠN 2 | Đạt cực trị tại: 830.00 ===
2026-04-06 01:47:36,849 - === BẮT ĐẦU CHẶNG 3: ALNS + GLS | Vòng lặp: 150 | Cost: 830.00 ===
2026-04-06 01:47:37,076 -   [ALNS Iter 3] Random Destroy phá vỡ giới hạn -> BEST MỚI: 827.00
2026-04-06 01:47:37,681 -   [ALNS Iter 12] Random Destroy phá vỡ giới hạn -> BEST MỚI: 802.00
2026-04-06 01:47:38,266 -   [GLS Iter 21] Cập nhật ma trận phạt do kẹt tải trọng liên tục.
2026-04-06 01:47:40,978 -   [ALNS Iter 52] Random Destroy phá vỡ giới hạn -> BEST MỚI: 788.00
2026-04-06 01:47:41,605 -   [GLS Iter 61] Cập nhật ma trận phạt để thay đổi hướng đi.
2026-04-06 01:47:42,015 -   [ALNS Iter 65] Random Destroy phá vỡ giới hạn -> BEST MỚI: 787.00
2026-04-06 01:47:42,474 -   [ALNS Iter 75] Worst Destroy phá vỡ giới hạn -> BEST MỚI: 777.00
2026-04-06 01:47:42,925 -   [GLS Iter 81] Cập nhật ma trận phạt để thay đổi hướng đi.
2026-04-06 01:47:43,210 -   [ALNS Iter 84] Random Destroy phá vỡ giới hạn -> BEST MỚI: 768.00
2026-04-06 01:47:44,050 -   [ALNS Iter 95] Random Destroy phá vỡ giới hạn -> BEST MỚI: 755.00
2026-04-06 01:47:44,638 -   [GLS Iter 101] Cập nhật ma trận phạt để thay đổi hướng đi.
2026-04-06 01:47:49,133 - === KẾT THÚC CHẶNG 3 | Cost xuất sắc nhất đạt được: 755.00 ===
2026-04-06 01:47:49,133 - === BẮT ĐẦU CHẶNG 4: MAX-SAT CHÍNH XÁC | Cost: 755.00 ===
2026-04-06 01:47:49,133 -   [GĐ 4.1] Giải bài toán TSP trên từng tuyến đơn...
2026-04-06 01:49:19,990 -     [S-Timeout 40.0s]
2026-04-06 01:49:20,511 -     -> Single MaxSAT cải thiện: 1.00. Cost mới: 754.00
2026-04-06 01:49:20,511 -   [GĐ 4.2] Xét từng cặp tuyến để phân bổ lại khách hàng...
2026-04-06 01:49:20,511 -   --- Pairwise Iter 1 (còn 1096s) ---
2026-04-06 01:50:20,515 -     [P-Timeout 60.0s]
2026-04-06 01:51:20,531 -     [P-Timeout 60.0s]
2026-04-06 01:52:20,550 -     [P-Timeout 60.0s]
2026-04-06 01:52:20,561 -     -> Đã đạt cực trị toàn cục cho mọi cặp dưới ngưỡng. KẾT THÚC CHẶNG 4.
2026-04-06 01:52:20,561 - HOÀN THÀNH PIPELINE. Final cost=754.00 | Time=283.9s
2026-04-06 01:52:20,561 - ======================================================================
2026-04-06 01:52:20,562 - CW Khởi tạo = 1030 → Sau Pipeline = 754
2026-04-06 01:52:20,562 - Cải thiện so CW: 276
2026-04-06 01:52:20,562 - Tổng thời gian: 283.9s
2026-04-06 01:52:20,562 - Verified cost: 754
2026-04-06 01:52:20,563 - ======================================================================
2026-04-06 01:52:20,563 - FILE: B-n45-k6.vrp
2026-04-06 01:52:20,563 - ======================================================================
2026-04-06 01:52:20,570 - Dim=45 K=6 Cap=100
2026-04-06 01:52:20,570 - --- Step 1: Clarke-Wright Heuristic ---
2026-04-06 01:52:20,572 -   cost=888 time=0.00s
2026-04-06 01:52:20,572 - --- Step 2, 3, 4: Advanced Optimization Pipeline ---
2026-04-06 01:52:20,572 - =========================================
2026-04-06 01:52:20,572 - BẮT ĐẦU TUYẾN TRÌNH TỐI ƯU (PIPELINE)
2026-04-06 01:52:20,572 - =========================================
2026-04-06 01:52:20,572 - === GIAI ĐOẠN 2: LOCAL SEARCH ĐA TOÁN TỬ | Bắt đầu: 888.00 ===
2026-04-06 01:52:20,627 -   [LS Iter 1] Cải thiện cost: 888.00 -> 772.00
2026-04-06 01:52:20,674 -   [LS Iter 2] Cải thiện cost: 772.00 -> 771.00
2026-04-06 01:52:20,719 - === KẾT THÚC GIAI ĐOẠN 2 | Đạt cực trị tại: 771.00 ===
2026-04-06 01:52:20,719 - === BẮT ĐẦU CHẶNG 3: ALNS + GLS | Vòng lặp: 150 | Cost: 771.00 ===
2026-04-06 01:52:20,992 -   [ALNS Iter 6] Related Destroy phá vỡ giới hạn -> BEST MỚI: 748.00
2026-04-06 01:52:21,177 -   [ALNS Iter 11] Related Destroy phá vỡ giới hạn -> BEST MỚI: 722.00
2026-04-06 01:52:22,288 -   [GLS Iter 41] Cập nhật ma trận phạt để thay đổi hướng đi.
2026-04-06 01:52:25,181 -   [ALNS Iter 92] Related Destroy phá vỡ giới hạn -> BEST MỚI: 721.00
2026-04-06 01:52:25,837 -   [GLS Iter 101] Cập nhật ma trận phạt do kẹt tải trọng liên tục.
2026-04-06 01:52:28,776 - === KẾT THÚC CHẶNG 3 | Cost xuất sắc nhất đạt được: 721.00 ===
2026-04-06 01:52:28,776 - === BẮT ĐẦU CHẶNG 4: MAX-SAT CHÍNH XÁC | Cost: 721.00 ===
2026-04-06 01:52:28,776 -   [GĐ 4.1] Giải bài toán TSP trên từng tuyến đơn...
2026-04-06 01:52:30,404 -   [GĐ 4.2] Xét từng cặp tuyến để phân bổ lại khách hàng...
2026-04-06 01:52:30,404 -   --- Pairwise Iter 1 (còn 1190s) ---
2026-04-06 01:53:30,409 -     [P-Timeout 60.0s]
2026-04-06 01:54:30,424 -     [P-Timeout 60.0s]
2026-04-06 01:55:30,441 -     [P-Timeout 60.0s]
2026-04-06 01:56:30,456 -     [P-Timeout 60.0s]
2026-04-06 01:57:30,472 -     [P-Timeout 60.0s]
2026-04-06 01:58:30,486 -     [P-Timeout 60.0s]
2026-04-06 01:59:30,499 -     [P-Timeout 60.0s]
2026-04-06 02:00:30,515 -     [P-Timeout 60.0s]
2026-04-06 02:01:30,529 -     [P-Timeout 60.0s]
2026-04-06 02:02:30,545 -     [P-Timeout 60.0s]
2026-04-06 02:03:30,560 -     [P-Timeout 60.0s]
2026-04-06 02:03:30,570 -     -> Đã đạt cực trị toàn cục cho mọi cặp dưới ngưỡng. KẾT THÚC CHẶNG 4.
2026-04-06 02:03:30,570 - HOÀN THÀNH PIPELINE. Final cost=721.00 | Time=670.0s
2026-04-06 02:03:30,570 - ======================================================================
2026-04-06 02:03:30,570 - CW Khởi tạo = 888 → Sau Pipeline = 721
2026-04-06 02:03:30,570 - Cải thiện so CW: 167
2026-04-06 02:03:30,570 - Tổng thời gian: 670.0s
2026-04-06 02:03:30,570 - Verified cost: 721
2026-04-06 02:03:30,572 - ======================================================================
2026-04-06 02:03:30,572 - FILE: B-n50-k8.vrp
2026-04-06 02:03:30,572 - ======================================================================
2026-04-06 02:03:30,580 - Dim=50 K=8 Cap=100
2026-04-06 02:03:30,580 - --- Step 1: Clarke-Wright Heuristic ---
2026-04-06 02:03:30,582 -   cost=1554 time=0.00s
2026-04-06 02:03:30,582 - --- Step 2, 3, 4: Advanced Optimization Pipeline ---
2026-04-06 02:03:30,583 - =========================================
2026-04-06 02:03:30,583 - BẮT ĐẦU TUYẾN TRÌNH TỐI ƯU (PIPELINE)
2026-04-06 02:03:30,583 - =========================================
2026-04-06 02:03:30,583 - === GIAI ĐOẠN 2: LOCAL SEARCH ĐA TOÁN TỬ | Bắt đầu: 1554.00 ===
2026-04-06 02:03:30,672 -   [LS Iter 1] Cải thiện cost: 1554.00 -> 1412.00
2026-04-06 02:03:30,740 -   [LS Iter 2] Cải thiện cost: 1412.00 -> 1342.00
2026-04-06 02:03:30,803 -   [LS Iter 3] Cải thiện cost: 1342.00 -> 1340.00
2026-04-06 02:03:30,869 -   [LS Iter 4] Cải thiện cost: 1340.00 -> 1337.00
2026-04-06 02:03:30,930 - === KẾT THÚC GIAI ĐOẠN 2 | Đạt cực trị tại: 1337.00 ===
2026-04-06 02:03:30,930 - === BẮT ĐẦU CHẶNG 3: ALNS + GLS | Vòng lặp: 150 | Cost: 1337.00 ===
2026-04-06 02:03:31,258 -   [ALNS Iter 2] Related Destroy phá vỡ giới hạn -> BEST MỚI: 1336.00
2026-04-06 02:03:31,729 -   [ALNS Iter 4] Related Destroy phá vỡ giới hạn -> BEST MỚI: 1329.00
2026-04-06 02:03:31,984 -   [ALNS Iter 5] Related Destroy phá vỡ giới hạn -> BEST MỚI: 1328.00
2026-04-06 02:03:36,112 -   [ALNS Iter 32] Related Destroy phá vỡ giới hạn -> BEST MỚI: 1326.00
2026-04-06 02:03:37,714 -   [GLS Iter 41] Cập nhật ma trận phạt để thay đổi hướng đi.
2026-04-06 02:03:47,318 -   [GLS Iter 101] Cập nhật ma trận phạt để thay đổi hướng đi.
2026-04-06 02:03:51,998 -   [ALNS Iter 127] Related Destroy phá vỡ giới hạn -> BEST MỚI: 1324.00
2026-04-06 02:03:52,682 -   [ALNS Iter 130] Related Destroy phá vỡ giới hạn -> BEST MỚI: 1323.00
2026-04-06 02:03:54,673 -   [ALNS Iter 142] Related Destroy phá vỡ giới hạn -> BEST MỚI: 1321.00
2026-04-06 02:03:55,632 -   [ALNS Iter 147] Random Destroy phá vỡ giới hạn -> BEST MỚI: 1317.00
2026-04-06 02:03:56,041 - === KẾT THÚC CHẶNG 3 | Cost xuất sắc nhất đạt được: 1317.00 ===
2026-04-06 02:03:56,041 - === BẮT ĐẦU CHẶNG 4: MAX-SAT CHÍNH XÁC | Cost: 1317.00 ===
2026-04-06 02:03:56,041 -   [GĐ 4.1] Giải bài toán TSP trên từng tuyến đơn...
2026-04-06 02:04:00,040 -   [GĐ 4.2] Xét từng cặp tuyến để phân bổ lại khách hàng...
2026-04-06 02:04:00,040 -   --- Pairwise Iter 1 (còn 1171s) ---
2026-04-06 02:05:00,044 -     [P-Timeout 60.0s]
2026-04-06 02:06:00,058 -     [P-Timeout 60.0s]
2026-04-06 02:07:00,073 -     [P-Timeout 60.0s]
2026-04-06 02:08:00,084 -     [P-Timeout 60.0s]
2026-04-06 02:09:00,098 -     [P-Timeout 60.0s]
2026-04-06 02:10:00,112 -     [P-Timeout 60.0s]
2026-04-06 02:11:00,124 -     [P-Timeout 60.0s]
2026-04-06 02:12:00,140 -     [P-Timeout 60.0s]
2026-04-06 02:13:00,153 -     [P-Timeout 60.0s]
2026-04-06 02:14:00,168 -     [P-Timeout 60.0s]
2026-04-06 02:15:00,183 -     [P-Timeout 60.0s]
2026-04-06 02:16:00,198 -     [P-Timeout 60.0s]
2026-04-06 02:17:00,215 -     [P-Timeout 60.0s]
2026-04-06 02:18:00,228 -     [P-Timeout 60.0s]
2026-04-06 02:19:00,241 -     [P-Timeout 60.0s]
2026-04-06 02:20:00,258 -     [P-Timeout 60.0s]
2026-04-06 02:21:00,273 -     [P-Timeout 60.0s]
2026-04-06 02:22:00,286 -     [P-Timeout 60.0s]
2026-04-06 02:23:00,303 -     [P-Timeout 60.0s]
2026-04-06 02:23:28,586 -     [P-Timeout 28.3s]
2026-04-06 02:23:28,594 -     -> Đã đạt cực trị toàn cục cho mọi cặp dưới ngưỡng. KẾT THÚC CHẶNG 4.
2026-04-06 02:23:28,594 - HOÀN THÀNH PIPELINE. Final cost=1317.00 | Time=1198.0s
2026-04-06 02:23:28,594 - ======================================================================
2026-04-06 02:23:28,594 - CW Khởi tạo = 1554 → Sau Pipeline = 1317
2026-04-06 02:23:28,594 - Cải thiện so CW: 237
2026-04-06 02:23:28,594 - Tổng thời gian: 1198.0s
2026-04-06 02:23:28,594 - Verified cost: 1317
2026-04-06 02:23:28,595 - ======================================================================
2026-04-06 02:23:28,595 - FILE: B-n50-k7.vrp
2026-04-06 02:23:28,596 - ======================================================================
2026-04-06 02:23:28,600 - Dim=50 K=7 Cap=100
2026-04-06 02:23:28,600 - --- Step 1: Clarke-Wright Heuristic ---
2026-04-06 02:23:28,603 -   cost=995 time=0.00s
2026-04-06 02:23:28,603 - --- Step 2, 3, 4: Advanced Optimization Pipeline ---
2026-04-06 02:23:28,603 - =========================================
2026-04-06 02:23:28,603 - BẮT ĐẦU TUYẾN TRÌNH TỐI ƯU (PIPELINE)
2026-04-06 02:23:28,603 - =========================================
2026-04-06 02:23:28,603 - === GIAI ĐOẠN 2: LOCAL SEARCH ĐA TOÁN TỬ | Bắt đầu: 995.00 ===
2026-04-06 02:23:28,695 -   [LS Iter 1] Cải thiện cost: 995.00 -> 863.00
2026-04-06 02:23:28,791 -   [LS Iter 2] Cải thiện cost: 863.00 -> 788.00
2026-04-06 02:23:28,879 -   [LS Iter 3] Cải thiện cost: 788.00 -> 781.00
2026-04-06 02:23:28,959 -   [LS Iter 4] Cải thiện cost: 781.00 -> 778.00
2026-04-06 02:23:29,042 -   [LS Iter 5] Cải thiện cost: 778.00 -> 776.00
2026-04-06 02:23:29,118 -   [LS Iter 6] Cải thiện cost: 776.00 -> 772.00
2026-04-06 02:23:29,194 -   [LS Iter 7] Cải thiện cost: 772.00 -> 771.00
2026-04-06 02:23:29,268 -   [LS Iter 8] Cải thiện cost: 771.00 -> 768.00
2026-04-06 02:23:29,345 -   [LS Iter 9] Cải thiện cost: 768.00 -> 747.00
2026-04-06 02:23:29,420 - === KẾT THÚC GIAI ĐOẠN 2 | Đạt cực trị tại: 747.00 ===
2026-04-06 02:23:29,420 - === BẮT ĐẦU CHẶNG 3: ALNS + GLS | Vòng lặp: 150 | Cost: 747.00 ===
2026-04-06 02:23:29,974 -   [ALNS Iter 5] Random Destroy phá vỡ giới hạn -> BEST MỚI: 741.00
2026-04-06 02:23:29,974 -   [ALNS] 🎉 Đã chạm mốc BKS (741.0). Ngắt vòng lặp ALNS sớm!
2026-04-06 02:23:29,974 - === KẾT THÚC CHẶNG 3 | Cost xuất sắc nhất đạt được: 741.00 ===
2026-04-06 02:23:29,974 - 🎉 ĐÃ ĐẠT NGHIỆM TỐI ƯU TOÀN CỤC (BKS = 741.0). DỪNG SỚM!
2026-04-06 02:23:29,974 - ======================================================================
2026-04-06 02:23:29,974 - CW Khởi tạo = 995 → Sau Pipeline = 741
2026-04-06 02:23:29,974 - Cải thiện so CW: 254
2026-04-06 02:23:29,974 - Tổng thời gian: 1.4s
2026-04-06 02:23:29,974 - Verified cost: 741
2026-04-06 02:23:29,975 - ======================================================================
2026-04-06 02:23:29,975 - FILE: B-n51-k7.vrp
2026-04-06 02:23:29,975 - ======================================================================
2026-04-06 02:23:29,983 - Dim=51 K=7 Cap=100
2026-04-06 02:23:29,983 - --- Step 1: Clarke-Wright Heuristic ---
2026-04-06 02:23:29,986 -   cost=1528 time=0.00s
2026-04-06 02:23:29,986 - --- Step 2, 3, 4: Advanced Optimization Pipeline ---
2026-04-06 02:23:29,986 - =========================================
2026-04-06 02:23:29,986 - BẮT ĐẦU TUYẾN TRÌNH TỐI ƯU (PIPELINE)
2026-04-06 02:23:29,986 - =========================================
2026-04-06 02:23:29,986 - === GIAI ĐOẠN 2: LOCAL SEARCH ĐA TOÁN TỬ | Bắt đầu: 1528.00 ===
2026-04-06 02:23:30,059 -   [LS Iter 1] Cải thiện cost: 1528.00 -> 1085.00
2026-04-06 02:23:30,119 -   [LS Iter 2] Cải thiện cost: 1085.00 -> 1080.00
2026-04-06 02:23:30,177 - === KẾT THÚC GIAI ĐOẠN 2 | Đạt cực trị tại: 1080.00 ===
2026-04-06 02:23:30,177 - === BẮT ĐẦU CHẶNG 3: ALNS + GLS | Vòng lặp: 150 | Cost: 1080.00 ===
2026-04-06 02:23:30,421 -   [ALNS Iter 4] Related Destroy phá vỡ giới hạn -> BEST MỚI: 1062.00
2026-04-06 02:23:30,550 -   [ALNS Iter 5] Related Destroy phá vỡ giới hạn -> BEST MỚI: 1042.00
2026-04-06 02:23:31,563 -   [ALNS Iter 14] Related Destroy phá vỡ giới hạn -> BEST MỚI: 1041.00
2026-04-06 02:23:32,499 -   [ALNS Iter 23] Related Destroy phá vỡ giới hạn -> BEST MỚI: 1039.00
2026-04-06 02:23:33,329 -   [ALNS Iter 31] Related Destroy phá vỡ giới hạn -> BEST MỚI: 1037.00
2026-04-06 02:23:36,152 -   [GLS Iter 61] Cập nhật ma trận phạt để thay đổi hướng đi.
2026-04-06 02:23:38,881 -   [ALNS Iter 88] Related Destroy phá vỡ giới hạn -> BEST MỚI: 1035.00
2026-04-06 02:23:42,354 -   [GLS Iter 121] Cập nhật ma trận phạt để thay đổi hướng đi.
2026-04-06 02:23:44,286 -   [ALNS Iter 143] Related Destroy phá vỡ giới hạn -> BEST MỚI: 1033.00
2026-04-06 02:23:44,863 - === KẾT THÚC CHẶNG 3 | Cost xuất sắc nhất đạt được: 1033.00 ===
2026-04-06 02:23:44,863 - === BẮT ĐẦU CHẶNG 4: MAX-SAT CHÍNH XÁC | Cost: 1033.00 ===
2026-04-06 02:23:44,863 -   [GĐ 4.1] Giải bài toán TSP trên từng tuyến đơn...
2026-04-06 02:23:47,860 -   [GĐ 4.2] Xét từng cặp tuyến để phân bổ lại khách hàng...
2026-04-06 02:23:47,860 -   --- Pairwise Iter 1 (còn 1182s) ---
2026-04-06 02:24:47,864 -     [P-Timeout 60.0s]
2026-04-06 02:25:47,876 -     [P-Timeout 60.0s]
2026-04-06 02:26:47,890 -     [P-Timeout 60.0s]
2026-04-06 02:27:47,903 -     [P-Timeout 60.0s]
2026-04-06 02:28:47,919 -     [P-Timeout 60.0s]
2026-04-06 02:29:47,938 -     [P-Timeout 60.0s]
2026-04-06 02:30:47,951 -     [P-Timeout 60.0s]
2026-04-06 02:31:47,964 -     [P-Timeout 60.0s]
2026-04-06 02:32:47,978 -     [P-Timeout 60.0s]
2026-04-06 02:33:47,993 -     [P-Timeout 60.0s]
2026-04-06 02:34:48,011 -     [P-Timeout 60.0s]
2026-04-06 02:35:48,026 -     [P-Timeout 60.0s]
2026-04-06 02:36:48,046 -     [P-Timeout 60.0s]
2026-04-06 02:37:48,064 -     [P-Timeout 60.0s]
2026-04-06 02:38:48,079 -     [P-Timeout 60.0s]
2026-04-06 02:39:48,094 -     [P-Timeout 60.0s]
2026-04-06 02:40:48,110 -     [P-Timeout 60.0s]
2026-04-06 02:41:48,125 -     [P-Timeout 60.0s]
2026-04-06 02:42:48,140 -     [P-Timeout 60.0s]
2026-04-06 02:43:27,989 -     [P-Timeout 39.8s]
2026-04-06 02:43:28,000 -     -> Đã đạt cực trị toàn cục cho mọi cặp dưới ngưỡng. KẾT THÚC CHẶNG 4.
2026-04-06 02:43:28,000 - HOÀN THÀNH PIPELINE. Final cost=1033.00 | Time=1198.0s
2026-04-06 02:43:28,000 - ======================================================================
2026-04-06 02:43:28,000 - CW Khởi tạo = 1528 → Sau Pipeline = 1033
2026-04-06 02:43:28,000 - Cải thiện so CW: 495
2026-04-06 02:43:28,000 - Tổng thời gian: 1198.0s
2026-04-06 02:43:28,000 - Verified cost: 1033
2026-04-06 02:43:28,001 - ======================================================================
2026-04-06 02:43:28,002 - FILE: B-n52-k7.vrp
2026-04-06 02:43:28,002 - ======================================================================
2026-04-06 02:43:28,005 - Dim=52 K=7 Cap=100
2026-04-06 02:43:28,006 - --- Step 1: Clarke-Wright Heuristic ---
2026-04-06 02:43:28,008 -   cost=927 time=0.00s
2026-04-06 02:43:28,008 - --- Step 2, 3, 4: Advanced Optimization Pipeline ---
2026-04-06 02:43:28,008 - =========================================
2026-04-06 02:43:28,008 - BẮT ĐẦU TUYẾN TRÌNH TỐI ƯU (PIPELINE)
2026-04-06 02:43:28,008 - =========================================
2026-04-06 02:43:28,008 - === GIAI ĐOẠN 2: LOCAL SEARCH ĐA TOÁN TỬ | Bắt đầu: 927.00 ===
2026-04-06 02:43:28,120 -   [LS Iter 1] Cải thiện cost: 927.00 -> 849.00
2026-04-06 02:43:28,215 -   [LS Iter 2] Cải thiện cost: 849.00 -> 764.00
2026-04-06 02:43:28,314 -   [LS Iter 3] Cải thiện cost: 764.00 -> 763.00
2026-04-06 02:43:28,411 - === KẾT THÚC GIAI ĐOẠN 2 | Đạt cực trị tại: 763.00 ===
2026-04-06 02:43:28,411 - === BẮT ĐẦU CHẶNG 3: ALNS + GLS | Vòng lặp: 150 | Cost: 763.00 ===
2026-04-06 02:43:29,849 -   [ALNS Iter 9] Related Destroy phá vỡ giới hạn -> BEST MỚI: 753.00
2026-04-06 02:43:32,711 -   [GLS Iter 21] Cập nhật ma trận phạt để thay đổi hướng đi.
2026-04-06 02:43:44,348 -   [GLS Iter 81] Cập nhật ma trận phạt để thay đổi hướng đi.
2026-04-06 02:43:58,302 -   [GLS Iter 141] Cập nhật ma trận phạt để thay đổi hướng đi.
2026-04-06 02:44:00,956 - === KẾT THÚC CHẶNG 3 | Cost xuất sắc nhất đạt được: 753.00 ===
2026-04-06 02:44:00,956 - === BẮT ĐẦU CHẶNG 4: MAX-SAT CHÍNH XÁC | Cost: 753.00 ===
2026-04-06 02:44:00,956 -   [GĐ 4.1] Giải bài toán TSP trên từng tuyến đơn...
2026-04-06 02:44:02,933 -   [GĐ 4.2] Xét từng cặp tuyến để phân bổ lại khách hàng...
2026-04-06 02:44:02,933 -   --- Pairwise Iter 1 (còn 1165s) ---
2026-04-06 02:45:02,937 -     [P-Timeout 60.0s]
2026-04-06 02:46:02,949 -     [P-Timeout 60.0s]
2026-04-06 02:47:02,960 -     [P-Timeout 60.0s]
2026-04-06 02:48:02,976 -     [P-Timeout 60.0s]
2026-04-06 02:49:02,991 -     [P-Timeout 60.0s]
2026-04-06 02:50:03,006 -     [P-Timeout 60.0s]
2026-04-06 02:51:03,019 -     [P-Timeout 60.0s]
2026-04-06 02:52:03,031 -     [P-Timeout 60.0s]
2026-04-06 02:53:03,044 -     [P-Timeout 60.0s]
2026-04-06 02:54:03,060 -     [P-Timeout 60.0s]
2026-04-06 02:55:03,075 -     [P-Timeout 60.0s]
2026-04-06 02:56:03,090 -     [P-Timeout 60.0s]
2026-04-06 02:57:03,105 -     [P-Timeout 60.0s]
2026-04-06 02:58:03,119 -     [P-Timeout 60.0s]
2026-04-06 02:59:03,137 -     [P-Timeout 60.0s]
2026-04-06 03:00:03,152 -     [P-Timeout 60.0s]
2026-04-06 03:01:03,166 -     [P-Timeout 60.0s]
2026-04-06 03:01:03,178 -     -> Đã đạt cực trị toàn cục cho mọi cặp dưới ngưỡng. KẾT THÚC CHẶNG 4.
2026-04-06 03:01:03,178 - HOÀN THÀNH PIPELINE. Final cost=753.00 | Time=1055.2s
2026-04-06 03:01:03,178 - ======================================================================
2026-04-06 03:01:03,178 - CW Khởi tạo = 927 → Sau Pipeline = 753
2026-04-06 03:01:03,178 - Cải thiện so CW: 174
2026-04-06 03:01:03,178 - Tổng thời gian: 1055.2s
2026-04-06 03:01:03,178 - Verified cost: 753
2026-04-06 03:01:03,180 - ======================================================================
2026-04-06 03:01:03,180 - FILE: B-n56-k7.vrp
2026-04-06 03:01:03,180 - ======================================================================
2026-04-06 03:01:03,185 - Dim=56 K=7 Cap=100
2026-04-06 03:01:03,185 - --- Step 1: Clarke-Wright Heuristic ---
2026-04-06 03:01:03,192 -   cost=941 time=0.01s
2026-04-06 03:01:03,192 - --- Step 2, 3, 4: Advanced Optimization Pipeline ---
2026-04-06 03:01:03,192 - =========================================
2026-04-06 03:01:03,192 - BẮT ĐẦU TUYẾN TRÌNH TỐI ƯU (PIPELINE)
2026-04-06 03:01:03,192 - =========================================
2026-04-06 03:01:03,192 - === GIAI ĐOẠN 2: LOCAL SEARCH ĐA TOÁN TỬ | Bắt đầu: 941.00 ===
2026-04-06 03:01:03,349 -   [LS Iter 1] Cải thiện cost: 941.00 -> 771.00
2026-04-06 03:01:03,469 -   [LS Iter 2] Cải thiện cost: 771.00 -> 759.00
2026-04-06 03:01:03,586 -   [LS Iter 3] Cải thiện cost: 759.00 -> 755.00
2026-04-06 03:01:03,704 -   [LS Iter 4] Cải thiện cost: 755.00 -> 748.00
2026-04-06 03:01:03,829 -   [LS Iter 5] Cải thiện cost: 748.00 -> 729.00
2026-04-06 03:01:03,943 -   [LS Iter 6] Cải thiện cost: 729.00 -> 720.00
2026-04-06 03:01:04,053 -   [LS Iter 7] Cải thiện cost: 720.00 -> 718.00
2026-04-06 03:01:04,163 - === KẾT THÚC GIAI ĐOẠN 2 | Đạt cực trị tại: 718.00 ===
2026-04-06 03:01:04,164 - === BẮT ĐẦU CHẶNG 3: ALNS + GLS | Vòng lặp: 150 | Cost: 718.00 ===
2026-04-06 03:01:04,528 -   [ALNS Iter 2] Worst Destroy phá vỡ giới hạn -> BEST MỚI: 715.00
2026-04-06 03:01:11,140 -   [ALNS Iter 30] Random Destroy phá vỡ giới hạn -> BEST MỚI: 714.00
2026-04-06 03:01:22,622 -   [ALNS Iter 75] Worst Destroy phá vỡ giới hạn -> BEST MỚI: 711.00
2026-04-06 03:01:24,381 -   [GLS Iter 81] Cập nhật ma trận phạt để thay đổi hướng đi.
2026-04-06 03:01:42,243 -   [GLS Iter 141] Cập nhật ma trận phạt để thay đổi hướng đi.
2026-04-06 03:01:45,761 - === KẾT THÚC CHẶNG 3 | Cost xuất sắc nhất đạt được: 711.00 ===
2026-04-06 03:01:45,762 - === BẮT ĐẦU CHẶNG 4: MAX-SAT CHÍNH XÁC | Cost: 711.00 ===
2026-04-06 03:01:45,762 -   [GĐ 4.1] Giải bài toán TSP trên từng tuyến đơn...
2026-04-06 03:02:25,788 -     [S-Timeout 40.0s]
2026-04-06 03:02:33,152 -     -> Single MaxSAT cải thiện: 1.00. Cost mới: 710.00
2026-04-06 03:02:33,152 -   [GĐ 4.2] Xét từng cặp tuyến để phân bổ lại khách hàng...
2026-04-06 03:02:33,152 -   --- Pairwise Iter 1 (còn 1110s) ---
2026-04-06 03:03:33,156 -     [P-Timeout 60.0s]
2026-04-06 03:04:33,167 -     [P-Timeout 60.0s]
2026-04-06 03:05:33,185 -     [P-Timeout 60.0s]
2026-04-06 03:07:00,747 -     [P-Timeout 60.0s]
2026-04-06 03:08:00,759 -     [P-Timeout 60.0s]
2026-04-06 03:09:00,771 -     [P-Timeout 60.0s]
2026-04-06 03:10:55,627 -     [P-Timeout 60.0s]
2026-04-06 03:11:55,639 -     [P-Timeout 60.0s]
2026-04-06 03:12:55,654 -     [P-Timeout 60.0s]
2026-04-06 03:13:55,668 -     [P-Timeout 60.0s]
2026-04-06 03:14:55,683 -     [P-Timeout 60.0s]
2026-04-06 03:14:55,695 -     -> Đã đạt cực trị toàn cục cho mọi cặp dưới ngưỡng. KẾT THÚC CHẶNG 4.
2026-04-06 03:14:55,695 - HOÀN THÀNH PIPELINE. Final cost=710.00 | Time=832.5s
2026-04-06 03:14:55,695 - ======================================================================
2026-04-06 03:14:55,696 - CW Khởi tạo = 941 → Sau Pipeline = 710
2026-04-06 03:14:55,696 - Cải thiện so CW: 231
2026-04-06 03:14:55,696 - Tổng thời gian: 832.5s
2026-04-06 03:14:55,696 - Verified cost: 710
2026-04-06 03:14:55,697 - ======================================================================
2026-04-06 03:14:55,697 - FILE: B-n57-k7.vrp
2026-04-06 03:14:55,697 - ======================================================================
2026-04-06 03:14:55,702 - Dim=57 K=7 Cap=100
2026-04-06 03:14:55,702 - --- Step 1: Clarke-Wright Heuristic ---
2026-04-06 03:14:55,705 -   cost=1460 time=0.00s
2026-04-06 03:14:55,705 - --- Step 2, 3, 4: Advanced Optimization Pipeline ---
2026-04-06 03:14:55,706 - =========================================
2026-04-06 03:14:55,706 - BẮT ĐẦU TUYẾN TRÌNH TỐI ƯU (PIPELINE)
2026-04-06 03:14:55,706 - =========================================
2026-04-06 03:14:55,706 - === GIAI ĐOẠN 2: LOCAL SEARCH ĐA TOÁN TỬ | Bắt đầu: 1460.00 ===
2026-04-06 03:14:55,790 -   [LS Iter 1] Cải thiện cost: 1460.00 -> 1367.00
2026-04-06 03:14:55,867 -   [LS Iter 2] Cải thiện cost: 1367.00 -> 1314.00
2026-04-06 03:14:55,941 -   [LS Iter 3] Cải thiện cost: 1314.00 -> 1276.00
2026-04-06 03:14:56,015 -   [LS Iter 4] Cải thiện cost: 1276.00 -> 1264.00
2026-04-06 03:14:56,089 -   [LS Iter 5] Cải thiện cost: 1264.00 -> 1260.00
2026-04-06 03:14:56,161 - === KẾT THÚC GIAI ĐOẠN 2 | Đạt cực trị tại: 1260.00 ===
2026-04-06 03:14:56,161 - === BẮT ĐẦU CHẶNG 3: ALNS + GLS | Vòng lặp: 150 | Cost: 1260.00 ===
2026-04-06 03:14:56,244 -   [ALNS Iter 3] Related Destroy phá vỡ giới hạn -> BEST MỚI: 1258.00
2026-04-06 03:14:56,952 -   [GLS Iter 21] Cập nhật ma trận phạt do kẹt tải trọng liên tục.
2026-04-06 03:14:59,220 -   [GLS Iter 81] Cập nhật ma trận phạt do kẹt tải trọng liên tục.
2026-04-06 03:15:02,388 -   [GLS Iter 141] Cập nhật ma trận phạt do kẹt tải trọng liên tục.
2026-04-06 03:15:02,704 - === KẾT THÚC CHẶNG 3 | Cost xuất sắc nhất đạt được: 1258.00 ===
2026-04-06 03:15:02,704 - === BẮT ĐẦU CHẶNG 4: MAX-SAT CHÍNH XÁC | Cost: 1258.00 ===
2026-04-06 03:15:02,704 -   [GĐ 4.1] Giải bài toán TSP trên từng tuyến đơn...
2026-04-06 03:15:26,822 -   [GĐ 4.2] Xét từng cặp tuyến để phân bổ lại khách hàng...
2026-04-06 03:15:26,822 -   --- Pairwise Iter 1 (còn 1169s) ---
2026-04-06 03:16:26,830 -     [P-Timeout 60.0s]
2026-04-06 03:17:26,844 -     [P-Timeout 60.0s]
2026-04-06 03:18:26,861 -     [P-Timeout 60.0s]
2026-04-06 03:19:26,882 -     [P-Timeout 60.0s]
2026-04-06 03:20:26,899 -     [P-Timeout 60.0s]
2026-04-06 03:21:26,916 -     [P-Timeout 60.0s]
2026-04-06 03:22:26,932 -     [P-Timeout 60.0s]
2026-04-06 03:23:26,947 -     [P-Timeout 60.0s]
2026-04-06 03:24:26,965 -     [P-Timeout 60.0s]
2026-04-06 03:25:26,982 -     [P-Timeout 60.0s]
2026-04-06 03:26:26,999 -     [P-Timeout 60.0s]
2026-04-06 03:27:27,012 -     [P-Timeout 60.0s]
2026-04-06 03:28:27,028 -     [P-Timeout 60.0s]
2026-04-06 03:28:27,044 -     -> Đã đạt cực trị toàn cục cho mọi cặp dưới ngưỡng. KẾT THÚC CHẶNG 4.
2026-04-06 03:28:27,044 - HOÀN THÀNH PIPELINE. Final cost=1258.00 | Time=811.3s
2026-04-06 03:28:27,044 - ======================================================================
2026-04-06 03:28:27,044 - CW Khởi tạo = 1460 → Sau Pipeline = 1258
2026-04-06 03:28:27,044 - Cải thiện so CW: 202
2026-04-06 03:28:27,044 - Tổng thời gian: 811.3s
2026-04-06 03:28:27,044 - Verified cost: 1258
2026-04-06 03:28:27,046 - ======================================================================
2026-04-06 03:28:27,046 - FILE: B-n57-k9.vrp
2026-04-06 03:28:27,046 - ======================================================================
2026-04-06 03:28:27,051 - Dim=57 K=9 Cap=100
2026-04-06 03:28:27,051 - --- Step 1: Clarke-Wright Heuristic ---
2026-04-06 03:28:27,054 -   cost=1948 time=0.00s
2026-04-06 03:28:27,054 - --- Step 2, 3, 4: Advanced Optimization Pipeline ---
2026-04-06 03:28:27,054 - =========================================
2026-04-06 03:28:27,054 - BẮT ĐẦU TUYẾN TRÌNH TỐI ƯU (PIPELINE)
2026-04-06 03:28:27,054 - =========================================
2026-04-06 03:28:27,054 - === GIAI ĐOẠN 2: LOCAL SEARCH ĐA TOÁN TỬ | Bắt đầu: 1948.00 ===
2026-04-06 03:28:27,175 -   [LS Iter 1] Cải thiện cost: 1948.00 -> 1713.00
2026-04-06 03:28:27,268 -   [LS Iter 2] Cải thiện cost: 1713.00 -> 1710.00
2026-04-06 03:28:27,358 -   [LS Iter 3] Cải thiện cost: 1710.00 -> 1707.00
2026-04-06 03:28:27,440 -   [LS Iter 4] Cải thiện cost: 1707.00 -> 1700.00
2026-04-06 03:28:27,519 -   [LS Iter 5] Cải thiện cost: 1700.00 -> 1696.00
2026-04-06 03:28:27,598 - === KẾT THÚC GIAI ĐOẠN 2 | Đạt cực trị tại: 1696.00 ===
2026-04-06 03:28:27,598 - === BẮT ĐẦU CHẶNG 3: ALNS + GLS | Vòng lặp: 150 | Cost: 1696.00 ===
2026-04-06 03:28:27,960 -   [ALNS Iter 1] Worst Destroy phá vỡ giới hạn -> BEST MỚI: 1657.00
2026-04-06 03:28:28,581 -   [ALNS Iter 2] Worst Destroy phá vỡ giới hạn -> BEST MỚI: 1641.00
2026-04-06 03:28:28,750 -   [ALNS Iter 3] Worst Destroy phá vỡ giới hạn -> BEST MỚI: 1635.00
2026-04-06 03:28:32,719 -   [GLS Iter 21] Cập nhật ma trận phạt để thay đổi hướng đi.
2026-04-06 03:28:35,807 -   [ALNS Iter 31] Worst Destroy phá vỡ giới hạn -> BEST MỚI: 1627.00
2026-04-06 03:28:44,662 -   [GLS Iter 61] Cập nhật ma trận phạt để thay đổi hướng đi.
2026-04-06 03:28:59,457 -   [ALNS Iter 116] Related Destroy phá vỡ giới hạn -> BEST MỚI: 1624.00
2026-04-06 03:28:59,731 -   [ALNS Iter 117] Worst Destroy phá vỡ giới hạn -> BEST MỚI: 1623.00
2026-04-06 03:29:04,153 -   [ALNS Iter 132] Related Destroy phá vỡ giới hạn -> BEST MỚI: 1619.00
2026-04-06 03:29:05,631 -   [GLS Iter 141] Cập nhật ma trận phạt để thay đổi hướng đi.
2026-04-06 03:29:06,508 -   [ALNS Iter 143] Related Destroy phá vỡ giới hạn -> BEST MỚI: 1617.00
2026-04-06 03:29:07,426 - === KẾT THÚC CHẶNG 3 | Cost xuất sắc nhất đạt được: 1617.00 ===
2026-04-06 03:29:07,427 - === BẮT ĐẦU CHẶNG 4: MAX-SAT CHÍNH XÁC | Cost: 1617.00 ===
2026-04-06 03:29:07,427 -   [GĐ 4.1] Giải bài toán TSP trên từng tuyến đơn...
2026-04-06 03:29:08,789 -   [GĐ 4.2] Xét từng cặp tuyến để phân bổ lại khách hàng...
2026-04-06 03:29:08,789 -   --- Pairwise Iter 1 (còn 1158s) ---
2026-04-06 03:30:08,793 -     [P-Timeout 60.0s]
2026-04-06 03:31:08,804 -     [P-Timeout 60.0s]
2026-04-06 03:32:08,818 -     [P-Timeout 60.0s]
2026-04-06 03:33:08,834 -     [P-Timeout 60.0s]
2026-04-06 03:34:08,849 -     [P-Timeout 60.0s]
2026-04-06 03:35:08,864 -     [P-Timeout 60.0s]
2026-04-06 03:36:08,880 -     [P-Timeout 60.0s]
2026-04-06 03:37:08,892 -     [P-Timeout 60.0s]
2026-04-06 03:38:08,907 -     [P-Timeout 60.0s]
2026-04-06 03:39:08,920 -     [P-Timeout 60.0s]
2026-04-06 03:40:08,936 -     [P-Timeout 60.0s]
2026-04-06 03:41:08,949 -     [P-Timeout 60.0s]
2026-04-06 03:42:08,964 -     [P-Timeout 60.0s]
2026-04-06 03:43:08,983 -     [P-Timeout 60.0s]
2026-04-06 03:44:08,995 -     [P-Timeout 60.0s]
2026-04-06 03:45:09,011 -     [P-Timeout 60.0s]
2026-04-06 03:46:09,026 -     [P-Timeout 60.0s]
2026-04-06 03:47:09,038 -     [P-Timeout 60.0s]
2026-04-06 03:48:09,056 -     [P-Timeout 60.0s]
2026-04-06 03:48:25,057 -     [P-Timeout 16.0s]
2026-04-06 03:48:25,064 -     -> Đã đạt cực trị toàn cục cho mọi cặp dưới ngưỡng. KẾT THÚC CHẶNG 4.
2026-04-06 03:48:25,065 - HOÀN THÀNH PIPELINE. Final cost=1617.00 | Time=1198.0s
2026-04-06 03:48:25,065 - ======================================================================
2026-04-06 03:48:25,065 - CW Khởi tạo = 1948 → Sau Pipeline = 1617
2026-04-06 03:48:25,065 - Cải thiện so CW: 331
2026-04-06 03:48:25,065 - Tổng thời gian: 1198.0s
2026-04-06 03:48:25,065 - Verified cost: 1617
2026-04-06 03:48:25,066 - ======================================================================
2026-04-06 03:48:25,066 - FILE: B-n63-k10.vrp
2026-04-06 03:48:25,066 - ======================================================================
2026-04-06 03:48:25,073 - Dim=63 K=10 Cap=100
2026-04-06 03:48:25,073 - --- Step 1: Clarke-Wright Heuristic ---
2026-04-06 03:48:25,076 -   cost=1993 time=0.00s
2026-04-06 03:48:25,076 - --- Step 2, 3, 4: Advanced Optimization Pipeline ---
2026-04-06 03:48:25,077 - =========================================
2026-04-06 03:48:25,077 - BẮT ĐẦU TUYẾN TRÌNH TỐI ƯU (PIPELINE)
2026-04-06 03:48:25,077 - =========================================
2026-04-06 03:48:25,077 - === GIAI ĐOẠN 2: LOCAL SEARCH ĐA TOÁN TỬ | Bắt đầu: 1993.00 ===
2026-04-06 03:48:25,205 -   [LS Iter 1] Cải thiện cost: 1993.00 -> 1663.00
2026-04-06 03:48:25,312 -   [LS Iter 2] Cải thiện cost: 1663.00 -> 1638.00
2026-04-06 03:48:25,419 -   [LS Iter 3] Cải thiện cost: 1638.00 -> 1630.00
2026-04-06 03:48:25,525 - === KẾT THÚC GIAI ĐOẠN 2 | Đạt cực trị tại: 1630.00 ===
2026-04-06 03:48:25,526 - === BẮT ĐẦU CHẶNG 3: ALNS + GLS | Vòng lặp: 150 | Cost: 1630.00 ===
2026-04-06 03:48:25,979 -   [ALNS Iter 2] Random Destroy phá vỡ giới hạn -> BEST MỚI: 1582.00
2026-04-06 03:48:26,658 -   [ALNS Iter 4] Random Destroy phá vỡ giới hạn -> BEST MỚI: 1580.00
2026-04-06 03:48:30,250 -   [ALNS Iter 19] Random Destroy phá vỡ giới hạn -> BEST MỚI: 1548.00
2026-04-06 03:48:39,875 -   [GLS Iter 61] Cập nhật ma trận phạt để thay đổi hướng đi.
2026-04-06 03:48:51,409 -   [ALNS Iter 113] Random Destroy phá vỡ giới hạn -> BEST MỚI: 1529.00
2026-04-06 03:49:00,208 - === KẾT THÚC CHẶNG 3 | Cost xuất sắc nhất đạt được: 1529.00 ===
2026-04-06 03:49:00,208 - === BẮT ĐẦU CHẶNG 4: MAX-SAT CHÍNH XÁC | Cost: 1529.00 ===
2026-04-06 03:49:00,208 -   [GĐ 4.1] Giải bài toán TSP trên từng tuyến đơn...
2026-04-06 03:49:14,239 -   [GĐ 4.2] Xét từng cặp tuyến để phân bổ lại khách hàng...
2026-04-06 03:49:14,240 -   --- Pairwise Iter 1 (còn 1151s) ---
2026-04-06 03:50:14,244 -     [P-Timeout 60.0s]
2026-04-06 03:51:14,256 -     [P-Timeout 60.0s]
2026-04-06 03:52:14,267 -     [P-Timeout 60.0s]
2026-04-06 03:53:14,677 -     [P-Timeout 60.0s]
2026-04-06 03:54:14,693 -     [P-Timeout 60.0s]
2026-04-06 03:55:14,705 -     [P-Timeout 60.0s]
2026-04-06 03:56:14,721 -     [P-Timeout 60.0s]
2026-04-06 03:57:14,734 -     [P-Timeout 60.0s]
2026-04-06 03:58:14,746 -     [P-Timeout 60.0s]
2026-04-06 03:59:14,758 -     [P-Timeout 60.0s]
2026-04-06 04:00:14,774 -     [P-Timeout 60.0s]
2026-04-06 04:01:14,791 -     [P-Timeout 60.0s]
2026-04-06 04:02:14,805 -     [P-Timeout 60.0s]
2026-04-06 04:03:14,820 -     [P-Timeout 60.0s]
2026-04-06 04:04:14,838 -     [P-Timeout 60.0s]
2026-04-06 04:05:14,853 -     [P-Timeout 60.0s]
2026-04-06 04:06:14,869 -     [P-Timeout 60.0s]
2026-04-06 04:07:14,888 -     [P-Timeout 60.0s]
2026-04-06 04:08:14,907 -     [P-Timeout 60.0s]
2026-04-06 04:08:23,080 -     [P-Timeout 8.2s]
2026-04-06 04:08:23,088 -     -> Đã đạt cực trị toàn cục cho mọi cặp dưới ngưỡng. KẾT THÚC CHẶNG 4.
2026-04-06 04:08:23,088 - HOÀN THÀNH PIPELINE. Final cost=1529.00 | Time=1198.0s
2026-04-06 04:08:23,088 - ======================================================================
2026-04-06 04:08:23,088 - CW Khởi tạo = 1993 → Sau Pipeline = 1529
2026-04-06 04:08:23,088 - Cải thiện so CW: 464
2026-04-06 04:08:23,088 - Tổng thời gian: 1198.0s
2026-04-06 04:08:23,088 - Verified cost: 1529
2026-04-06 04:08:23,090 - ======================================================================
2026-04-06 04:08:23,090 - FILE: B-n64-k9.vrp
2026-04-06 04:08:23,090 - ======================================================================
2026-04-06 04:08:23,096 - Dim=64 K=9 Cap=100
2026-04-06 04:08:23,096 - --- Step 1: Clarke-Wright Heuristic ---
2026-04-06 04:08:23,102 -   cost=1388 time=0.01s
2026-04-06 04:08:23,102 - --- Step 2, 3, 4: Advanced Optimization Pipeline ---
2026-04-06 04:08:23,103 - =========================================
2026-04-06 04:08:23,103 - BẮT ĐẦU TUYẾN TRÌNH TỐI ƯU (PIPELINE)
2026-04-06 04:08:23,103 - =========================================
2026-04-06 04:08:23,103 - === GIAI ĐOẠN 2: LOCAL SEARCH ĐA TOÁN TỬ | Bắt đầu: 1388.00 ===
2026-04-06 04:08:23,219 -   [LS Iter 1] Cải thiện cost: 1388.00 -> 1062.00
2026-04-06 04:08:23,313 -   [LS Iter 2] Cải thiện cost: 1062.00 -> 977.00
2026-04-06 04:08:23,405 - === KẾT THÚC GIAI ĐOẠN 2 | Đạt cực trị tại: 977.00 ===
2026-04-06 04:08:23,405 - === BẮT ĐẦU CHẶNG 3: ALNS + GLS | Vòng lặp: 150 | Cost: 977.00 ===
2026-04-06 04:08:25,901 -   [GLS Iter 21] Cập nhật ma trận phạt để thay đổi hướng đi.
2026-04-06 04:08:28,794 -   [ALNS Iter 49] Random Destroy phá vỡ giới hạn -> BEST MỚI: 943.00
2026-04-06 04:08:29,715 -   [ALNS Iter 55] Related Destroy phá vỡ giới hạn -> BEST MỚI: 939.00
2026-04-06 04:08:30,553 -   [GLS Iter 61] Cập nhật ma trận phạt để thay đổi hướng đi.
2026-04-06 04:08:32,388 -   [ALNS Iter 73] Related Destroy phá vỡ giới hạn -> BEST MỚI: 914.00
2026-04-06 04:08:33,038 -   [ALNS Iter 79] Random Destroy phá vỡ giới hạn -> BEST MỚI: 906.00
2026-04-06 04:08:34,646 -   [ALNS Iter 96] Related Destroy phá vỡ giới hạn -> BEST MỚI: 896.00
2026-04-06 04:08:36,617 -   [ALNS Iter 115] Related Destroy phá vỡ giới hạn -> BEST MỚI: 893.00
2026-04-06 04:08:37,196 -   [GLS Iter 121] Cập nhật ma trận phạt để thay đổi hướng đi.
2026-04-06 04:08:39,076 -   [ALNS Iter 136] Random Destroy phá vỡ giới hạn -> BEST MỚI: 892.00
2026-04-06 04:08:41,105 - === KẾT THÚC CHẶNG 3 | Cost xuất sắc nhất đạt được: 892.00 ===
2026-04-06 04:08:41,105 - === BẮT ĐẦU CHẶNG 4: MAX-SAT CHÍNH XÁC | Cost: 892.00 ===
2026-04-06 04:08:41,105 -   [GĐ 4.1] Giải bài toán TSP trên từng tuyến đơn...
2026-04-06 04:09:22,538 -     [S-Timeout 40.0s]
2026-04-06 04:09:24,183 -   [GĐ 4.2] Xét từng cặp tuyến để phân bổ lại khách hàng...
2026-04-06 04:09:24,183 -   --- Pairwise Iter 1 (còn 1139s) ---
2026-04-06 04:10:24,187 -     [P-Timeout 60.0s]
2026-04-06 04:11:24,198 -     [P-Timeout 60.0s]
2026-04-06 04:12:24,210 -     [P-Timeout 60.0s]
2026-04-06 04:13:24,227 -     [P-Timeout 60.0s]
2026-04-06 04:14:24,240 -     [P-Timeout 60.0s]
2026-04-06 04:15:24,252 -     [P-Timeout 60.0s]
2026-04-06 04:16:24,266 -     [P-Timeout 60.0s]
2026-04-06 04:17:24,278 -     [P-Timeout 60.0s]
2026-04-06 04:18:24,295 -     [P-Timeout 60.0s]
2026-04-06 04:19:24,308 -     [P-Timeout 60.0s]
2026-04-06 04:20:24,323 -     [P-Timeout 60.0s]
2026-04-06 04:21:24,339 -     [P-Timeout 60.0s]
2026-04-06 04:22:24,352 -     [P-Timeout 60.0s]
2026-04-06 04:23:24,369 -     [P-Timeout 60.0s]
2026-04-06 04:24:24,381 -     [P-Timeout 60.0s]
2026-04-06 04:25:24,394 -     [P-Timeout 60.0s]
2026-04-06 04:26:24,411 -     [P-Timeout 60.0s]
2026-04-06 04:27:24,427 -     [P-Timeout 60.0s]
2026-04-06 04:28:21,106 -     [P-Timeout 56.7s]
2026-04-06 04:28:21,117 -     -> Đã đạt cực trị toàn cục cho mọi cặp dưới ngưỡng. KẾT THÚC CHẶNG 4.
2026-04-06 04:28:21,117 - HOÀN THÀNH PIPELINE. Final cost=892.00 | Time=1198.0s
2026-04-06 04:28:21,117 - ======================================================================
2026-04-06 04:28:21,117 - CW Khởi tạo = 1388 → Sau Pipeline = 892
2026-04-06 04:28:21,117 - Cải thiện so CW: 496
2026-04-06 04:28:21,117 - Tổng thời gian: 1198.0s
2026-04-06 04:28:21,117 - Verified cost: 892
2026-04-06 04:28:21,119 - ======================================================================
2026-04-06 04:28:21,119 - FILE: B-n66-k9.vrp
2026-04-06 04:28:21,119 - ======================================================================
2026-04-06 04:28:21,126 - Dim=66 K=9 Cap=100
2026-04-06 04:28:21,126 - --- Step 1: Clarke-Wright Heuristic ---
2026-04-06 04:28:21,130 -   cost=1540 time=0.00s
2026-04-06 04:28:21,130 - --- Step 2, 3, 4: Advanced Optimization Pipeline ---
2026-04-06 04:28:21,130 - =========================================
2026-04-06 04:28:21,131 - BẮT ĐẦU TUYẾN TRÌNH TỐI ƯU (PIPELINE)
2026-04-06 04:28:21,131 - =========================================
2026-04-06 04:28:21,131 - === GIAI ĐOẠN 2: LOCAL SEARCH ĐA TOÁN TỬ | Bắt đầu: 1540.00 ===
2026-04-06 04:28:21,270 -   [LS Iter 1] Cải thiện cost: 1540.00 -> 1400.00
2026-04-06 04:28:21,392 -   [LS Iter 2] Cải thiện cost: 1400.00 -> 1381.00
2026-04-06 04:28:21,505 -   [LS Iter 3] Cải thiện cost: 1381.00 -> 1377.00
2026-04-06 04:28:21,612 -   [LS Iter 4] Cải thiện cost: 1377.00 -> 1374.00
2026-04-06 04:28:21,729 - === KẾT THÚC GIAI ĐOẠN 2 | Đạt cực trị tại: 1374.00 ===
2026-04-06 04:28:21,730 - === BẮT ĐẦU CHẶNG 3: ALNS + GLS | Vòng lặp: 150 | Cost: 1374.00 ===
2026-04-06 04:28:22,644 -   [ALNS Iter 4] Related Destroy phá vỡ giới hạn -> BEST MỚI: 1370.00
2026-04-06 04:28:22,754 -   [ALNS Iter 5] Worst Destroy phá vỡ giới hạn -> BEST MỚI: 1349.00
2026-04-06 04:28:25,887 -   [ALNS Iter 18] Random Destroy phá vỡ giới hạn -> BEST MỚI: 1348.00
2026-04-06 04:28:26,448 -   [ALNS Iter 20] Worst Destroy phá vỡ giới hạn -> BEST MỚI: 1346.00
2026-04-06 04:28:31,340 -   [GLS Iter 41] Cập nhật ma trận phạt để thay đổi hướng đi.
2026-04-06 04:28:41,782 -   [ALNS Iter 92] Worst Destroy phá vỡ giới hạn -> BEST MỚI: 1339.00
2026-04-06 04:28:42,462 -   [ALNS Iter 95] Worst Destroy phá vỡ giới hạn -> BEST MỚI: 1337.00
2026-04-06 04:28:44,149 -   [GLS Iter 101] Cập nhật ma trận phạt để thay đổi hướng đi.
2026-04-06 04:28:52,058 -   [ALNS Iter 139] Random Destroy phá vỡ giới hạn -> BEST MỚI: 1336.00
2026-04-06 04:28:54,136 - === KẾT THÚC CHẶNG 3 | Cost xuất sắc nhất đạt được: 1336.00 ===
2026-04-06 04:28:54,136 - === BẮT ĐẦU CHẶNG 4: MAX-SAT CHÍNH XÁC | Cost: 1336.00 ===
2026-04-06 04:28:54,136 -   [GĐ 4.1] Giải bài toán TSP trên từng tuyến đơn...
2026-04-06 04:29:04,470 -   [GĐ 4.2] Xét từng cặp tuyến để phân bổ lại khách hàng...
2026-04-06 04:29:04,470 -   --- Pairwise Iter 1 (còn 1157s) ---
2026-04-06 04:30:04,474 -     [P-Timeout 60.0s]
2026-04-06 04:31:04,485 -     [P-Timeout 60.0s]
2026-04-06 04:32:04,498 -     [P-Timeout 60.0s]
2026-04-06 04:33:04,514 -     [P-Timeout 60.0s]
2026-04-06 04:34:04,529 -     [P-Timeout 60.0s]
2026-04-06 04:35:04,544 -     [P-Timeout 60.0s]
2026-04-06 04:36:04,559 -     [P-Timeout 60.0s]
2026-04-06 04:37:04,571 -     [P-Timeout 60.0s]
2026-04-06 04:38:04,586 -     [P-Timeout 60.0s]
2026-04-06 04:39:04,600 -     [P-Timeout 60.0s]
2026-04-06 04:40:04,617 -     [P-Timeout 60.0s]
2026-04-06 04:41:04,631 -     [P-Timeout 60.0s]
2026-04-06 04:42:04,646 -     [P-Timeout 60.0s]
2026-04-06 04:43:04,660 -     [P-Timeout 60.0s]
2026-04-06 04:44:04,678 -     [P-Timeout 60.0s]
2026-04-06 04:45:04,694 -     [P-Timeout 60.0s]
2026-04-06 04:46:04,711 -     [P-Timeout 60.0s]
2026-04-06 04:47:04,727 -     [P-Timeout 60.0s]
2026-04-06 04:48:04,744 -     [P-Timeout 60.0s]
2026-04-06 04:48:19,134 -     [P-Timeout 14.4s]
2026-04-06 04:48:19,143 -     -> Đã đạt cực trị toàn cục cho mọi cặp dưới ngưỡng. KẾT THÚC CHẶNG 4.
2026-04-06 04:48:19,143 - HOÀN THÀNH PIPELINE. Final cost=1336.00 | Time=1198.0s
2026-04-06 04:48:19,143 - ======================================================================
2026-04-06 04:48:19,143 - CW Khởi tạo = 1540 → Sau Pipeline = 1336
2026-04-06 04:48:19,143 - Cải thiện so CW: 204
2026-04-06 04:48:19,143 - Tổng thời gian: 1198.0s
2026-04-06 04:48:19,143 - Verified cost: 1336
2026-04-06 04:48:19,145 - ======================================================================
2026-04-06 04:48:19,145 - FILE: B-n67-k10.vrp
2026-04-06 04:48:19,145 - ======================================================================
2026-04-06 04:48:19,152 - Dim=67 K=10 Cap=100
2026-04-06 04:48:19,152 - --- Step 1: Clarke-Wright Heuristic ---
2026-04-06 04:48:19,157 -   cost=1302 time=0.00s
2026-04-06 04:48:19,157 - --- Step 2, 3, 4: Advanced Optimization Pipeline ---
2026-04-06 04:48:19,157 - =========================================
2026-04-06 04:48:19,157 - BẮT ĐẦU TUYẾN TRÌNH TỐI ƯU (PIPELINE)
2026-04-06 04:48:19,157 - =========================================
2026-04-06 04:48:19,157 - === GIAI ĐOẠN 2: LOCAL SEARCH ĐA TOÁN TỬ | Bắt đầu: 1302.00 ===
2026-04-06 04:48:19,311 -   [LS Iter 1] Cải thiện cost: 1302.00 -> 1096.00
2026-04-06 04:48:19,443 -   [LS Iter 2] Cải thiện cost: 1096.00 -> 1083.00
2026-04-06 04:48:19,570 -   [LS Iter 3] Cải thiện cost: 1083.00 -> 1082.00
2026-04-06 04:48:19,695 - === KẾT THÚC GIAI ĐOẠN 2 | Đạt cực trị tại: 1082.00 ===
2026-04-06 04:48:19,696 - === BẮT ĐẦU CHẶNG 3: ALNS + GLS | Vòng lặp: 150 | Cost: 1082.00 ===
2026-04-06 04:48:21,424 -   [ALNS Iter 5] Worst Destroy phá vỡ giới hạn -> BEST MỚI: 1080.00
2026-04-06 04:48:33,781 -   [GLS Iter 41] Cập nhật ma trận phạt để thay đổi hướng đi.
2026-04-06 04:48:34,673 -   [ALNS Iter 42] Worst Destroy phá vỡ giới hạn -> BEST MỚI: 1075.00
2026-04-06 04:48:38,429 -   [ALNS Iter 53] Worst Destroy phá vỡ giới hạn -> BEST MỚI: 1074.00
2026-04-06 04:48:54,025 -   [GLS Iter 101] Cập nhật ma trận phạt để thay đổi hướng đi.
2026-04-06 04:49:12,363 - === KẾT THÚC CHẶNG 3 | Cost xuất sắc nhất đạt được: 1074.00 ===
2026-04-06 04:49:12,363 - === BẮT ĐẦU CHẶNG 4: MAX-SAT CHÍNH XÁC | Cost: 1074.00 ===
2026-04-06 04:49:12,363 -   [GĐ 4.1] Giải bài toán TSP trên từng tuyến đơn...
2026-04-06 04:49:13,837 -   [GĐ 4.2] Xét từng cặp tuyến để phân bổ lại khách hàng...
2026-04-06 04:49:13,837 -   --- Pairwise Iter 1 (còn 1145s) ---
2026-04-06 04:50:13,841 -     [P-Timeout 60.0s]
2026-04-06 04:51:13,852 -     [P-Timeout 60.0s]
2026-04-06 04:52:13,867 -     [P-Timeout 60.0s]
2026-04-06 04:53:13,883 -     [P-Timeout 60.0s]
2026-04-06 04:54:13,894 -     [P-Timeout 60.0s]
2026-04-06 04:55:13,906 -     [P-Timeout 60.0s]
2026-04-06 04:56:13,917 -     [P-Timeout 60.0s]
2026-04-06 04:57:13,930 -     [P-Timeout 60.0s]
2026-04-06 04:58:21,867 -     [P-Timeout 60.0s]
2026-04-06 04:59:21,881 -     [P-Timeout 60.0s]
2026-04-06 05:00:21,896 -     [P-Timeout 60.0s]
2026-04-06 05:01:21,907 -     [P-Timeout 60.0s]
2026-04-06 05:02:21,919 -     [P-Timeout 60.0s]
2026-04-06 05:03:21,934 -     [P-Timeout 60.0s]
2026-04-06 05:04:21,944 -     [P-Timeout 60.0s]
2026-04-06 05:05:21,956 -     [P-Timeout 60.0s]
2026-04-06 05:06:21,969 -     [P-Timeout 60.0s]
2026-04-06 05:07:21,984 -     [P-Timeout 60.0s]
2026-04-06 05:08:17,161 -     [P-Timeout 55.2s]
2026-04-06 05:08:17,171 -     -> Đã đạt cực trị toàn cục cho mọi cặp dưới ngưỡng. KẾT THÚC CHẶNG 4.
2026-04-06 05:08:17,171 - HOÀN THÀNH PIPELINE. Final cost=1074.00 | Time=1198.0s
2026-04-06 05:08:17,172 - ======================================================================
2026-04-06 05:08:17,172 - CW Khởi tạo = 1302 → Sau Pipeline = 1074
2026-04-06 05:08:17,172 - Cải thiện so CW: 228
2026-04-06 05:08:17,172 - Tổng thời gian: 1198.0s
2026-04-06 05:08:17,172 - Verified cost: 1074
2026-04-06 05:08:17,173 - ======================================================================
2026-04-06 05:08:17,173 - FILE: B-n68-k9.vrp
2026-04-06 05:08:17,173 - ======================================================================
2026-04-06 05:08:17,181 - Dim=68 K=9 Cap=100
2026-04-06 05:08:17,181 - --- Step 1: Clarke-Wright Heuristic ---
2026-04-06 05:08:17,186 -   cost=1580 time=0.01s
2026-04-06 05:08:17,186 - --- Step 2, 3, 4: Advanced Optimization Pipeline ---
2026-04-06 05:08:17,186 - =========================================
2026-04-06 05:08:17,186 - BẮT ĐẦU TUYẾN TRÌNH TỐI ƯU (PIPELINE)
2026-04-06 05:08:17,186 - =========================================
2026-04-06 05:08:17,186 - === GIAI ĐOẠN 2: LOCAL SEARCH ĐA TOÁN TỬ | Bắt đầu: 1580.00 ===
2026-04-06 05:08:17,365 -   [LS Iter 1] Cải thiện cost: 1580.00 -> 1472.00
2026-04-06 05:08:17,509 -   [LS Iter 2] Cải thiện cost: 1472.00 -> 1440.00
2026-04-06 05:08:17,652 -   [LS Iter 3] Cải thiện cost: 1440.00 -> 1414.00
2026-04-06 05:08:17,812 -   [LS Iter 4] Cải thiện cost: 1414.00 -> 1402.00
2026-04-06 05:08:17,969 - === KẾT THÚC GIAI ĐOẠN 2 | Đạt cực trị tại: 1402.00 ===
2026-04-06 05:08:17,969 - === BẮT ĐẦU CHẶNG 3: ALNS + GLS | Vòng lặp: 150 | Cost: 1402.00 ===
2026-04-06 05:08:18,872 -   [ALNS Iter 1] Worst Destroy phá vỡ giới hạn -> BEST MỚI: 1307.00
2026-04-06 05:08:20,424 -   [ALNS Iter 5] Related Destroy phá vỡ giới hạn -> BEST MỚI: 1301.00
2026-04-06 05:08:20,683 -   [ALNS Iter 6] Worst Destroy phá vỡ giới hạn -> BEST MỚI: 1294.00
2026-04-06 05:08:25,992 -   [GLS Iter 21] Cập nhật ma trận phạt để thay đổi hướng đi.
2026-04-06 05:08:48,588 -   [GLS Iter 81] Cập nhật ma trận phạt để thay đổi hướng đi.
2026-04-06 05:08:57,147 -   [ALNS Iter 106] Related Destroy phá vỡ giới hạn -> BEST MỚI: 1293.00
2026-04-06 05:09:03,311 -   [GLS Iter 121] Cập nhật ma trận phạt để thay đổi hướng đi.
2026-04-06 05:09:14,139 - === KẾT THÚC CHẶNG 3 | Cost xuất sắc nhất đạt được: 1293.00 ===
2026-04-06 05:09:14,139 - === BẮT ĐẦU CHẶNG 4: MAX-SAT CHÍNH XÁC | Cost: 1293.00 ===
2026-04-06 05:09:14,139 -   [GĐ 4.1] Giải bài toán TSP trên từng tuyến đơn...
2026-04-06 05:10:00,879 -   [GĐ 4.2] Xét từng cặp tuyến để phân bổ lại khách hàng...
2026-04-06 05:10:00,879 -   --- Pairwise Iter 1 (còn 1096s) ---
2026-04-06 05:11:00,884 -     [P-Timeout 60.0s]
2026-04-06 05:12:00,894 -     [P-Timeout 60.0s]
2026-04-06 05:13:00,908 -     [P-Timeout 60.0s]
2026-04-06 05:14:00,925 -     [P-Timeout 60.0s]
2026-04-06 05:15:00,937 -     [P-Timeout 60.0s]
2026-04-06 05:16:00,948 -     [P-Timeout 60.0s]
2026-04-06 05:17:00,964 -     [P-Timeout 60.0s]
2026-04-06 05:18:00,980 -     [P-Timeout 60.0s]
2026-04-06 05:19:00,993 -     [P-Timeout 60.0s]
2026-04-06 05:20:01,007 -     [P-Timeout 60.0s]
2026-04-06 05:21:01,024 -     [P-Timeout 60.0s]
2026-04-06 05:22:01,038 -     [P-Timeout 60.0s]
2026-04-06 05:23:01,052 -     [P-Timeout 60.0s]
2026-04-06 05:24:01,066 -     [P-Timeout 60.0s]
2026-04-06 05:25:01,083 -     [P-Timeout 60.0s]
2026-04-06 05:26:01,101 -     [P-Timeout 60.0s]
2026-04-06 05:27:01,114 -     [P-Timeout 60.0s]
2026-04-06 05:28:01,127 -     [P-Timeout 60.0s]
2026-04-06 05:28:15,190 -     [P-Timeout 14.0s]
2026-04-06 05:28:15,200 -     -> Đã đạt cực trị toàn cục cho mọi cặp dưới ngưỡng. KẾT THÚC CHẶNG 4.
2026-04-06 05:28:15,200 - HOÀN THÀNH PIPELINE. Final cost=1293.00 | Time=1198.0s
2026-04-06 05:28:15,200 - ======================================================================
2026-04-06 05:28:15,200 - CW Khởi tạo = 1580 → Sau Pipeline = 1293
2026-04-06 05:28:15,200 - Cải thiện so CW: 287
2026-04-06 05:28:15,200 - Tổng thời gian: 1198.0s
2026-04-06 05:28:15,200 - Verified cost: 1293
2026-04-06 05:28:15,202 - ======================================================================
2026-04-06 05:28:15,202 - FILE: B-n78-k10.vrp
2026-04-06 05:28:15,202 - ======================================================================
2026-04-06 05:28:15,213 - Dim=78 K=10 Cap=100
2026-04-06 05:28:15,213 - --- Step 1: Clarke-Wright Heuristic ---
2026-04-06 05:28:15,220 -   cost=1576 time=0.01s
2026-04-06 05:28:15,220 - --- Step 2, 3, 4: Advanced Optimization Pipeline ---
2026-04-06 05:28:15,220 - =========================================
2026-04-06 05:28:15,220 - BẮT ĐẦU TUYẾN TRÌNH TỐI ƯU (PIPELINE)
2026-04-06 05:28:15,220 - =========================================
2026-04-06 05:28:15,220 - === GIAI ĐOẠN 2: LOCAL SEARCH ĐA TOÁN TỬ | Bắt đầu: 1576.00 ===
2026-04-06 05:28:15,449 -   [LS Iter 1] Cải thiện cost: 1576.00 -> 1334.00
2026-04-06 05:28:15,645 -   [LS Iter 2] Cải thiện cost: 1334.00 -> 1284.00
2026-04-06 05:28:15,848 -   [LS Iter 3] Cải thiện cost: 1284.00 -> 1263.00
2026-04-06 05:28:16,050 -   [LS Iter 4] Cải thiện cost: 1263.00 -> 1257.00
2026-04-06 05:28:16,259 -   [LS Iter 5] Cải thiện cost: 1257.00 -> 1254.00
2026-04-06 05:28:16,466 -   [LS Iter 6] Cải thiện cost: 1254.00 -> 1253.00
2026-04-06 05:28:16,662 -   [LS Iter 7] Cải thiện cost: 1253.00 -> 1252.00
2026-04-06 05:28:16,851 - === KẾT THÚC GIAI ĐOẠN 2 | Đạt cực trị tại: 1252.00 ===
2026-04-06 05:28:16,851 - === BẮT ĐẦU CHẶNG 3: ALNS + GLS | Vòng lặp: 150 | Cost: 1252.00 ===
2026-04-06 05:28:26,118 -   [GLS Iter 21] Cập nhật ma trận phạt để thay đổi hướng đi.
2026-04-06 05:28:54,248 -   [GLS Iter 81] Cập nhật ma trận phạt để thay đổi hướng đi.
2026-04-06 05:29:12,999 -   [ALNS Iter 117] Worst Destroy phá vỡ giới hạn -> BEST MỚI: 1245.00
2026-04-06 05:29:28,591 -   [GLS Iter 141] Cập nhật ma trận phạt để thay đổi hướng đi.
2026-04-06 05:29:33,586 - === KẾT THÚC CHẶNG 3 | Cost xuất sắc nhất đạt được: 1245.00 ===
2026-04-06 05:29:33,586 - === BẮT ĐẦU CHẶNG 4: MAX-SAT CHÍNH XÁC | Cost: 1245.00 ===
2026-04-06 05:29:33,586 -   [GĐ 4.1] Giải bài toán TSP trên từng tuyến đơn...
2026-04-06 05:29:48,684 -     -> Single MaxSAT cải thiện: 2.00. Cost mới: 1243.00
2026-04-06 05:29:48,684 -   [GĐ 4.2] Xét từng cặp tuyến để phân bổ lại khách hàng...
2026-04-06 05:29:48,684 -   --- Pairwise Iter 1 (còn 1107s) ---
2026-04-06 05:30:48,688 -     [P-Timeout 60.0s]
2026-04-06 05:31:48,702 -     [P-Timeout 60.0s]
2026-04-06 05:32:48,717 -     [P-Timeout 60.0s]
2026-04-06 05:33:48,728 -     [P-Timeout 60.0s]
2026-04-06 05:34:48,742 -     [P-Timeout 60.0s]
2026-04-06 05:35:48,756 -     [P-Timeout 60.0s]
2026-04-06 05:36:48,769 -     [P-Timeout 60.0s]
2026-04-06 05:37:48,781 -     [P-Timeout 60.0s]
2026-04-06 05:38:48,794 -     [P-Timeout 60.0s]
2026-04-06 05:39:48,812 -     [P-Timeout 60.0s]
2026-04-06 05:40:48,827 -     [P-Timeout 60.0s]
2026-04-06 05:41:48,842 -     [P-Timeout 60.0s]
2026-04-06 05:42:48,856 -     [P-Timeout 60.0s]
2026-04-06 05:43:48,869 -     [P-Timeout 60.0s]
2026-04-06 05:44:48,882 -     [P-Timeout 60.0s]
2026-04-06 05:45:48,898 -     [P-Timeout 60.0s]
2026-04-06 05:46:48,912 -     [P-Timeout 60.0s]
2026-04-06 05:47:48,927 -     [P-Timeout 60.0s]
2026-04-06 05:48:13,224 -     [P-Timeout 24.3s]
2026-04-06 05:48:13,230 -     -> Đã đạt cực trị toàn cục cho mọi cặp dưới ngưỡng. KẾT THÚC CHẶNG 4.
2026-04-06 05:48:13,231 - HOÀN THÀNH PIPELINE. Final cost=1243.00 | Time=1198.0s
2026-04-06 05:48:13,231 - ======================================================================
2026-04-06 05:48:13,231 - CW Khởi tạo = 1576 → Sau Pipeline = 1243
2026-04-06 05:48:13,231 - Cải thiện so CW: 333
2026-04-06 05:48:13,231 - Tổng thời gian: 1198.0s
2026-04-06 05:48:13,231 - Verified cost: 1243
