2026-05-08 01:04:51,484 - ======================================================================
2026-05-08 01:04:51,484 - FILE: A-n38-k5.vrp
2026-05-08 01:04:51,484 - ======================================================================
2026-05-08 01:04:51,486 - Dim=38 K=5 Cap=100
2026-05-08 01:04:51,487 - --- Step 1: Clarke-Wright Heuristic ---
2026-05-08 01:04:51,488 -   cost=890 time=0.00s
2026-05-08 01:04:51,489 - --- Step 2, 3, 4: Advanced Optimization Pipeline ---
2026-05-08 01:04:51,489 - =========================================
2026-05-08 01:04:51,489 - BẮT ĐẦU TUYẾN TRÌNH TỐI ƯU (PIPELINE)
2026-05-08 01:04:51,489 - =========================================
2026-05-08 01:04:51,489 - === GIAI ĐOẠN 2: LOCAL SEARCH ĐA TOÁN TỬ | Bắt đầu: 890.00 ===
2026-05-08 01:04:51,534 -   [LS Iter 1] Cải thiện cost: 890.00 -> 776.00
2026-05-08 01:04:51,572 - === KẾT THÚC GIAI ĐOẠN 2 | Đạt cực trị tại: 776.00 ===
2026-05-08 01:04:51,573 - === BẮT ĐẦU CHẶNG 3: ALNS + GLS | Vòng lặp: 200 | Cost: 776.00 ===
2026-05-08 01:04:52,297 -   [ALNS Iter 10] Related Destroy phá vỡ giới hạn -> BEST MỚI: 766.00
2026-05-08 01:04:53,704 -   [ALNS Iter 38] Worst Destroy phá vỡ giới hạn -> BEST MỚI: 760.00
2026-05-08 01:04:53,780 -   [GLS Iter 41] Cập nhật ma trận phạt để thay đổi hướng đi.
2026-05-08 01:04:54,044 -   [ALNS Iter 46] Worst Destroy phá vỡ giới hạn -> BEST MỚI: 739.00
2026-05-08 01:04:54,603 -   [ALNS Iter 57] Worst Destroy phá vỡ giới hạn -> BEST MỚI: 731.00
2026-05-08 01:04:55,790 -   [GLS Iter 81] Cập nhật ma trận phạt để thay đổi hướng đi.
2026-05-08 01:04:57,116 -   [ALNS Iter 111] Related Destroy phá vỡ giới hạn -> BEST MỚI: 730.00
2026-05-08 01:04:57,116 -   [ALNS] 🎉 Đã chạm mốc BKS (730.0). Ngắt vòng lặp ALNS sớm!
2026-05-08 01:04:57,116 - === KẾT THÚC CHẶNG 3 | Cost xuất sắc nhất đạt được: 730.00 ===
2026-05-08 01:04:57,116 - 🎉 ĐÃ ĐẠT NGHIỆM TỐI ƯU TOÀN CỤC (BKS = 730.0). DỪNG SỚM!
2026-05-08 01:04:57,117 - ======================================================================
2026-05-08 01:04:57,117 - CW Khởi tạo = 890 → Sau Pipeline = 730
2026-05-08 01:04:57,117 - Cải thiện so CW: 160
2026-05-08 01:04:57,117 - Tổng thời gian: 5.6s
2026-05-08 01:04:57,117 - Verified cost: 730
