2026-04-06 18:36:29,238 - ======================================================================
2026-04-06 18:36:29,239 - FILE: B-n45-k6.vrp
2026-04-06 18:36:29,239 - ======================================================================
2026-04-06 18:36:29,242 - Dim=45 K=6 Cap=100
2026-04-06 18:36:29,242 - --- Step 1: Clarke-Wright Heuristic ---
2026-04-06 18:36:29,244 -   cost=888 time=0.00s
2026-04-06 18:36:29,244 - --- Step 2, 3, 4: Advanced Optimization Pipeline ---
2026-04-06 18:36:29,244 - =========================================
2026-04-06 18:36:29,244 - BẮT ĐẦU TUYẾN TRÌNH TỐI ƯU (PIPELINE)
2026-04-06 18:36:29,244 - =========================================
2026-04-06 18:36:29,244 - === GIAI ĐOẠN 2: LOCAL SEARCH ĐA TOÁN TỬ | Bắt đầu: 888.00 ===
2026-04-06 18:36:29,296 -   [LS Iter 1] Cải thiện cost: 888.00 -> 772.00
2026-04-06 18:36:29,337 -   [LS Iter 2] Cải thiện cost: 772.00 -> 771.00
2026-04-06 18:36:29,377 - === KẾT THÚC GIAI ĐOẠN 2 | Đạt cực trị tại: 771.00 ===
2026-04-06 18:36:29,377 - === BẮT ĐẦU CHẶNG 3: ALNS + GLS | Vòng lặp: 150 | Cost: 771.00 ===
2026-04-06 18:36:29,861 -   [ALNS Iter 13] Random Destroy phá vỡ giới hạn -> BEST MỚI: 770.00
2026-04-06 18:36:29,954 -   [ALNS Iter 14] Random Destroy phá vỡ giới hạn -> BEST MỚI: 756.00
2026-04-06 18:36:30,059 -   [ALNS Iter 15] Random Destroy phá vỡ giới hạn -> BEST MỚI: 723.00
2026-04-06 18:36:30,389 -   [GLS Iter 21] Cập nhật ma trận phạt để thay đổi hướng đi.
2026-04-06 18:36:30,587 -   [ALNS Iter 27] Random Destroy phá vỡ giới hạn -> BEST MỚI: 721.00
2026-04-06 18:36:32,716 -   [GLS Iter 81] Cập nhật ma trận phạt do kẹt tải trọng liên tục.
