2026-05-08 01:04:11,497 - ======================================================================
2026-05-08 01:04:11,497 - FILE: A-n37-k5.vrp
2026-05-08 01:04:11,497 - ======================================================================
2026-05-08 01:04:11,499 - Dim=37 K=5 Cap=100
2026-05-08 01:04:11,500 - --- Step 1: Clarke-Wright Heuristic ---
2026-05-08 01:04:11,501 -   cost=864 time=0.00s
2026-05-08 01:04:11,501 - --- Step 2, 3, 4: Advanced Optimization Pipeline ---
2026-05-08 01:04:11,501 - =========================================
2026-05-08 01:04:11,501 - BẮT ĐẦU TUYẾN TRÌNH TỐI ƯU (PIPELINE)
2026-05-08 01:04:11,501 - =========================================
2026-05-08 01:04:11,501 - === GIAI ĐOẠN 2: LOCAL SEARCH ĐA TOÁN TỬ | Bắt đầu: 864.00 ===
2026-05-08 01:04:11,552 -   [LS Iter 1] Cải thiện cost: 864.00 -> 724.00
2026-05-08 01:04:11,597 -   [LS Iter 2] Cải thiện cost: 724.00 -> 721.00
2026-05-08 01:04:11,642 - === KẾT THÚC GIAI ĐOẠN 2 | Đạt cực trị tại: 721.00 ===
2026-05-08 01:04:11,642 - === BẮT ĐẦU CHẶNG 3: ALNS + GLS | Vòng lặp: 200 | Cost: 721.00 ===
2026-05-08 01:04:12,086 -   [ALNS Iter 9] Related Destroy phá vỡ giới hạn -> BEST MỚI: 700.00
2026-05-08 01:04:12,717 -   [ALNS Iter 15] Related Destroy phá vỡ giới hạn -> BEST MỚI: 695.00
2026-05-08 01:04:12,800 -   [ALNS Iter 17] Related Destroy phá vỡ giới hạn -> BEST MỚI: 693.00
2026-05-08 01:04:13,163 -   [ALNS Iter 19] Worst Destroy phá vỡ giới hạn -> BEST MỚI: 692.00
2026-05-08 01:04:15,831 -   [GLS Iter 61] Cập nhật ma trận phạt để thay đổi hướng đi.
2026-05-08 01:04:17,674 -   [ALNS Iter 86] Worst Destroy phá vỡ giới hạn -> BEST MỚI: 691.00
2026-05-08 01:04:17,805 -   [ALNS Iter 87] Related Destroy phá vỡ giới hạn -> BEST MỚI: 670.00
2026-05-08 01:04:18,538 -   [ALNS Iter 96] Worst Destroy phá vỡ giới hạn -> BEST MỚI: 669.00
2026-05-08 01:04:18,538 -   [ALNS] 🎉 Đã chạm mốc BKS (669.0). Ngắt vòng lặp ALNS sớm!
2026-05-08 01:04:18,538 - === KẾT THÚC CHẶNG 3 | Cost xuất sắc nhất đạt được: 669.00 ===
2026-05-08 01:04:18,539 - 🎉 ĐÃ ĐẠT NGHIỆM TỐI ƯU TOÀN CỤC (BKS = 669.0). DỪNG SỚM!
2026-05-08 01:04:18,539 - ======================================================================
2026-05-08 01:04:18,539 - CW Khởi tạo = 864 → Sau Pipeline = 669
2026-05-08 01:04:18,539 - Cải thiện so CW: 195
2026-05-08 01:04:18,539 - Tổng thời gian: 7.0s
2026-05-08 01:04:18,539 - Verified cost: 669
