2026-05-01 11:19:27,049 - ======================================================================
2026-05-01 11:19:27,049 - FILE: X-n916-k207.vrp
2026-05-01 11:19:27,049 - ======================================================================
2026-05-01 11:19:28,217 - Dim=916 K=207 Cap=33
2026-05-01 11:19:28,217 - --- Step 1: Clarke-Wright Heuristic ---
2026-05-01 11:19:36,841 -     [CW-Phase4] BFD thất bại với 56 khách hàng. Kích hoạt Backtracking (Giảm depth dần)...
2026-05-01 11:19:36,852 -       -> Thử hoán đổi với depth=3 (Limit: 10s)...
2026-05-01 11:19:46,863 -       -> Thử hoán đổi với depth=2 (Limit: 10s)...
2026-05-01 11:19:51,665 -       -> Thử hoán đổi với depth=1 (Limit: 10s)...
2026-05-01 11:19:51,674 -     [CW-Phase4] TẤT CẢ depth đều thất bại hoặc timeout. Chuyển sang Fallback (Sweep).
2026-05-01 11:19:58,539 -     [CW-Phase4] BFD thất bại với 56 khách hàng. Kích hoạt Backtracking (Giảm depth dần)...
2026-05-01 11:19:58,548 -       -> Thử hoán đổi với depth=3 (Limit: 10s)...
2026-05-01 11:20:08,559 -       -> Thử hoán đổi với depth=2 (Limit: 10s)...
2026-05-01 11:20:13,357 -       -> Thử hoán đổi với depth=1 (Limit: 10s)...
2026-05-01 11:20:13,365 -     [CW-Phase4] TẤT CẢ depth đều thất bại hoặc timeout. Chuyển sang Fallback (Sweep).
2026-05-01 11:20:13,365 - ❌ CW THẤT BẠI (UNSAT): Không thể đóng gói vào đúng K=207 xe.
2026-05-01 11:20:13,365 - Lý do: Ràng buộc tải trọng quá khắt khe, Heuristic khởi tạo không tìm được tổ hợp khả thi.
2026-05-01 11:20:13,445 - ======================================================================
2026-05-01 11:20:13,445 - FILE: X-n936-k151.vrp
2026-05-01 11:20:13,445 - ======================================================================
2026-05-01 11:20:14,562 - Dim=936 K=151 Cap=138
2026-05-01 11:20:14,562 - --- Step 1: Clarke-Wright Heuristic ---
2026-05-01 11:23:24,060 -   cost=454412 time=189.50s
2026-05-01 11:23:24,061 - --- Step 2, 3, 4: Advanced Optimization Pipeline ---
2026-05-01 11:23:24,061 - =========================================
2026-05-01 11:23:24,061 - BẮT ĐẦU TUYẾN TRÌNH TỐI ƯU (PIPELINE)
2026-05-01 11:23:24,061 - =========================================
2026-05-01 11:23:24,062 - === GIAI ĐOẠN 2: LOCAL SEARCH ĐA TOÁN TỬ | Bắt đầu: 454412.00 ===
2026-05-01 11:23:54,912 -   [LS Iter 1] Cải thiện cost: 454412.00 -> 196910.00
2026-05-01 11:24:18,829 -   [LS Iter 2] Cải thiện cost: 196910.00 -> 173862.00
2026-05-01 11:24:40,811 -   [LS Iter 3] Cải thiện cost: 173862.00 -> 167997.00
2026-05-01 11:25:02,551 -   [LS Iter 4] Cải thiện cost: 167997.00 -> 164223.00
2026-05-01 11:25:24,194 -   [LS Iter 5] Cải thiện cost: 164223.00 -> 161828.00
2026-05-01 11:25:45,939 -   [LS Iter 6] Cải thiện cost: 161828.00 -> 160550.00
2026-05-01 11:26:07,403 -   [LS Iter 7] Cải thiện cost: 160550.00 -> 159918.00
2026-05-01 11:26:29,183 -   [LS Iter 8] Cải thiện cost: 159918.00 -> 159031.00
2026-05-01 11:26:50,546 -   [LS Iter 9] Cải thiện cost: 159031.00 -> 158778.00
2026-05-01 11:27:11,961 -   [LS Iter 10] Cải thiện cost: 158778.00 -> 158638.00
2026-05-01 11:27:33,351 -   [LS Iter 11] Cải thiện cost: 158638.00 -> 158486.00
2026-05-01 11:27:54,816 -   [LS Iter 12] Cải thiện cost: 158486.00 -> 158370.00
2026-05-01 11:28:16,268 -   [LS Iter 13] Cải thiện cost: 158370.00 -> 158323.00
2026-05-01 11:28:37,821 -   [LS Iter 14] Cải thiện cost: 158323.00 -> 158168.00
2026-05-01 11:28:59,310 -   [LS Iter 15] Cải thiện cost: 158168.00 -> 158006.00
2026-05-01 11:29:20,780 -   [LS Iter 16] Cải thiện cost: 158006.00 -> 157961.00
2026-05-01 11:29:42,186 -   [LS Iter 17] Cải thiện cost: 157961.00 -> 157933.00
2026-05-01 11:30:03,760 -   [LS Iter 18] Cải thiện cost: 157933.00 -> 157811.00
2026-05-01 11:30:25,141 -   [LS Iter 19] Cải thiện cost: 157811.00 -> 157627.00
2026-05-01 11:30:46,531 -   [LS Iter 20] Cải thiện cost: 157627.00 -> 157620.00
2026-05-01 11:31:08,015 -   [LS Iter 21] Cải thiện cost: 157620.00 -> 157611.00
2026-05-01 11:31:29,386 -   [LS Iter 22] Cải thiện cost: 157611.00 -> 157442.00
2026-05-01 11:31:50,696 -   [LS Iter 23] Cải thiện cost: 157442.00 -> 157409.00
2026-05-01 11:32:12,046 -   [LS Iter 24] Cải thiện cost: 157409.00 -> 157392.00
2026-05-01 11:32:33,394 -   [LS Iter 25] Cải thiện cost: 157392.00 -> 157345.00
2026-05-01 11:32:54,715 -   [LS Iter 26] Cải thiện cost: 157345.00 -> 157327.00
2026-05-01 11:33:16,313 -   [LS Iter 27] Cải thiện cost: 157327.00 -> 157260.00
2026-05-01 11:33:38,294 -   [LS Iter 28] Cải thiện cost: 157260.00 -> 157227.00
2026-05-01 11:34:00,061 -   [LS Iter 29] Cải thiện cost: 157227.00 -> 157210.00
2026-05-01 11:34:21,602 -   [LS Iter 30] Cải thiện cost: 157210.00 -> 157202.00
2026-05-01 11:34:42,973 -   [LS Iter 31] Cải thiện cost: 157202.00 -> 157197.00
2026-05-01 11:35:04,347 -   [LS Iter 32] Cải thiện cost: 157197.00 -> 157190.00
2026-05-01 11:35:25,742 -   [LS Iter 33] Cải thiện cost: 157190.00 -> 157176.00
2026-05-01 11:35:47,227 -   [LS Iter 34] Cải thiện cost: 157176.00 -> 157158.00
2026-05-01 11:36:08,616 -   [LS Iter 35] Cải thiện cost: 157158.00 -> 157148.00
2026-05-01 11:36:29,993 -   [LS Iter 36] Cải thiện cost: 157148.00 -> 157127.00
2026-05-01 11:36:51,307 -   [LS Iter 37] Cải thiện cost: 157127.00 -> 157123.00
2026-05-01 11:37:12,676 -   [LS Iter 38] Cải thiện cost: 157123.00 -> 157120.00
2026-05-01 11:37:34,054 -   [LS Iter 39] Cải thiện cost: 157120.00 -> 157117.00
2026-05-01 11:37:55,476 -   [LS Iter 40] Cải thiện cost: 157117.00 -> 157115.00
2026-05-01 11:38:16,875 -   [LS Iter 41] Cải thiện cost: 157115.00 -> 157113.00
2026-05-01 11:38:38,276 -   [LS Iter 42] Cải thiện cost: 157113.00 -> 157111.00
2026-05-01 11:38:59,661 -   [LS Iter 43] Cải thiện cost: 157111.00 -> 157070.00
2026-05-01 11:39:20,989 -   [LS Iter 44] Cải thiện cost: 157070.00 -> 157039.00
2026-05-01 11:39:42,347 -   [LS Iter 45] Cải thiện cost: 157039.00 -> 157036.00
2026-05-01 11:40:03,693 -   [LS Iter 46] Cải thiện cost: 157036.00 -> 157035.00
2026-05-01 11:40:24,874 - === KẾT THÚC GIAI ĐOẠN 2 | Đạt cực trị tại: 157034.00 ===
2026-05-01 11:40:24,875 - ======================================================================
2026-05-01 11:40:24,875 - CW Khởi tạo = 454412 → Sau Pipeline = 157034
2026-05-01 11:40:24,875 - Cải thiện so CW: 297378
2026-05-01 11:40:24,875 - Tổng thời gian: 1210.3s
2026-05-01 11:40:24,875 - Verified cost: 157034
2026-05-01 11:40:24,877 - ======================================================================
2026-05-01 11:40:24,877 - FILE: X-n957-k87.vrp
2026-05-01 11:40:24,877 - ======================================================================
2026-05-01 11:40:26,045 - Dim=957 K=87 Cap=11
2026-05-01 11:40:26,045 - --- Step 1: Clarke-Wright Heuristic ---
2026-05-01 11:40:28,582 -   cost=107210 time=2.54s
2026-05-01 11:40:28,582 - --- Step 2, 3, 4: Advanced Optimization Pipeline ---
2026-05-01 11:40:28,586 - =========================================
2026-05-01 11:40:28,587 - BẮT ĐẦU TUYẾN TRÌNH TỐI ƯU (PIPELINE)
2026-05-01 11:40:28,587 - =========================================
2026-05-01 11:40:28,587 - === GIAI ĐOẠN 2: LOCAL SEARCH ĐA TOÁN TỬ | Bắt đầu: 107210.00 ===
2026-05-01 11:41:09,223 -   [LS Iter 1] Cải thiện cost: 107210.00 -> 94321.00
2026-05-01 11:41:49,680 -   [LS Iter 2] Cải thiện cost: 94321.00 -> 91290.00
2026-05-01 11:42:30,366 -   [LS Iter 3] Cải thiện cost: 91290.00 -> 90345.00
2026-05-01 11:43:09,946 -   [LS Iter 4] Cải thiện cost: 90345.00 -> 90211.00
2026-05-01 11:43:50,078 -   [LS Iter 5] Cải thiện cost: 90211.00 -> 90170.00
2026-05-01 11:44:30,240 -   [LS Iter 6] Cải thiện cost: 90170.00 -> 90116.00
2026-05-01 11:45:10,352 -   [LS Iter 7] Cải thiện cost: 90116.00 -> 90089.00
2026-05-01 11:45:49,993 -   [LS Iter 8] Cải thiện cost: 90089.00 -> 90088.00
2026-05-01 11:46:29,758 -   [LS Iter 9] Cải thiện cost: 90088.00 -> 90086.00
2026-05-01 11:47:09,456 -   [LS Iter 10] Cải thiện cost: 90086.00 -> 90080.00
2026-05-01 11:47:49,044 -   [LS Iter 11] Cải thiện cost: 90080.00 -> 90079.00
2026-05-01 11:48:29,082 - === KẾT THÚC GIAI ĐOẠN 2 | Đạt cực trị tại: 90079.00 ===
2026-05-01 11:48:29,083 - === BẮT ĐẦU CHẶNG 3: ALNS + GLS | Vòng lặp: 300 | Cost: 90079.00 ===
2026-05-01 11:52:48,202 -   [ALNS Iter 1] Random Destroy phá vỡ giới hạn -> BEST MỚI: 89410.00
2026-05-01 11:56:39,842 -   [ALNS Iter 2] Worst Destroy phá vỡ giới hạn -> BEST MỚI: 88964.00
2026-05-01 12:00:07,100 -   [ALNS Iter 3] Random Destroy phá vỡ giới hạn -> BEST MỚI: 88699.00
2026-05-01 12:00:29,625 - === KẾT THÚC CHẶNG 3 | Cost xuất sắc nhất đạt được: 88699.00 ===
2026-05-01 12:00:29,626 - ======================================================================
2026-05-01 12:00:29,626 - CW Khởi tạo = 107210 → Sau Pipeline = 88699
2026-05-01 12:00:29,626 - Cải thiện so CW: 18511
2026-05-01 12:00:29,626 - Tổng thời gian: 1203.6s
2026-05-01 12:00:29,626 - Verified cost: 88699
2026-05-01 12:00:29,627 - ======================================================================
2026-05-01 12:00:29,627 - FILE: X-n979-k58.vrp
2026-05-01 12:00:29,627 - ======================================================================
2026-05-01 12:00:30,844 - Dim=979 K=58 Cap=998
2026-05-01 12:00:30,845 - --- Step 1: Clarke-Wright Heuristic ---
2026-05-01 12:00:33,963 -   cost=147726 time=3.12s
2026-05-01 12:00:33,963 - --- Step 2, 3, 4: Advanced Optimization Pipeline ---
2026-05-01 12:00:33,963 - =========================================
2026-05-01 12:00:33,963 - BẮT ĐẦU TUYẾN TRÌNH TỐI ƯU (PIPELINE)
2026-05-01 12:00:33,963 - =========================================
2026-05-01 12:00:33,964 - === GIAI ĐOẠN 2: LOCAL SEARCH ĐA TOÁN TỬ | Bắt đầu: 147726.00 ===
2026-05-01 12:01:22,881 -   [LS Iter 1] Cải thiện cost: 147726.00 -> 133244.00
2026-05-01 12:02:07,850 -   [LS Iter 2] Cải thiện cost: 133244.00 -> 130797.00
2026-05-01 12:02:52,627 -   [LS Iter 3] Cải thiện cost: 130797.00 -> 129929.00
2026-05-01 12:03:37,502 -   [LS Iter 4] Cải thiện cost: 129929.00 -> 129438.00
2026-05-01 12:04:22,486 -   [LS Iter 5] Cải thiện cost: 129438.00 -> 128861.00
2026-05-01 12:05:07,981 -   [LS Iter 6] Cải thiện cost: 128861.00 -> 128624.00
2026-05-01 12:05:52,366 -   [LS Iter 7] Cải thiện cost: 128624.00 -> 128370.00
2026-05-01 12:06:36,728 -   [LS Iter 8] Cải thiện cost: 128370.00 -> 128323.00
2026-05-01 12:07:22,017 -   [LS Iter 9] Cải thiện cost: 128323.00 -> 128295.00
2026-05-01 12:08:05,688 -   [LS Iter 10] Cải thiện cost: 128295.00 -> 128197.00
2026-05-01 12:08:48,945 -   [LS Iter 11] Cải thiện cost: 128197.00 -> 128141.00
2026-05-01 12:09:32,112 -   [LS Iter 12] Cải thiện cost: 128141.00 -> 128080.00
2026-05-01 12:10:15,431 -   [LS Iter 13] Cải thiện cost: 128080.00 -> 128008.00
2026-05-01 12:10:58,844 -   [LS Iter 14] Cải thiện cost: 128008.00 -> 127942.00
2026-05-01 12:11:41,896 -   [LS Iter 15] Cải thiện cost: 127942.00 -> 127873.00
2026-05-01 12:12:24,828 -   [LS Iter 16] Cải thiện cost: 127873.00 -> 127834.00
2026-05-01 12:13:07,203 -   [LS Iter 17] Cải thiện cost: 127834.00 -> 127808.00
2026-05-01 12:13:50,080 -   [LS Iter 18] Cải thiện cost: 127808.00 -> 127684.00
2026-05-01 12:14:32,409 -   [LS Iter 19] Cải thiện cost: 127684.00 -> 127658.00
2026-05-01 12:15:14,294 -   [LS Iter 20] Cải thiện cost: 127658.00 -> 127588.00
2026-05-01 12:15:56,896 -   [LS Iter 21] Cải thiện cost: 127588.00 -> 127562.00
2026-05-01 12:16:39,446 -   [LS Iter 22] Cải thiện cost: 127562.00 -> 127549.00
2026-05-01 12:17:21,974 -   [LS Iter 23] Cải thiện cost: 127549.00 -> 127532.00
2026-05-01 12:18:04,402 -   [LS Iter 24] Cải thiện cost: 127532.00 -> 127526.00
2026-05-01 12:18:46,451 -   [LS Iter 25] Cải thiện cost: 127526.00 -> 127522.00
2026-05-01 12:19:29,163 -   [LS Iter 26] Cải thiện cost: 127522.00 -> 127510.00
2026-05-01 12:20:11,485 -   [LS Iter 27] Cải thiện cost: 127510.00 -> 127504.00
2026-05-01 12:20:53,333 - === KẾT THÚC GIAI ĐOẠN 2 | Đạt cực trị tại: 127481.00 ===
2026-05-01 12:20:53,334 - ======================================================================
2026-05-01 12:20:53,334 - CW Khởi tạo = 147726 → Sau Pipeline = 127481
2026-05-01 12:20:53,334 - Cải thiện so CW: 20245
2026-05-01 12:20:53,334 - Tổng thời gian: 1222.5s
2026-05-01 12:20:53,334 - Verified cost: 127481
2026-05-01 12:20:53,336 - ======================================================================
2026-05-01 12:20:53,337 - FILE: X-n1001-k43.vrp
2026-05-01 12:20:53,337 - ======================================================================
2026-05-01 12:20:54,615 - Dim=1001 K=43 Cap=131
2026-05-01 12:20:54,615 - --- Step 1: Clarke-Wright Heuristic ---
2026-05-01 12:20:57,772 -   cost=96781 time=3.16s
2026-05-01 12:20:57,773 - --- Step 2, 3, 4: Advanced Optimization Pipeline ---
2026-05-01 12:20:57,773 - =========================================
2026-05-01 12:20:57,773 - BẮT ĐẦU TUYẾN TRÌNH TỐI ƯU (PIPELINE)
2026-05-01 12:20:57,773 - =========================================
2026-05-01 12:20:57,774 - === GIAI ĐOẠN 2: LOCAL SEARCH ĐA TOÁN TỬ | Bắt đầu: 96781.00 ===
2026-05-01 12:22:08,248 -   [LS Iter 1] Cải thiện cost: 96781.00 -> 84499.00
2026-05-01 12:23:13,514 -   [LS Iter 2] Cải thiện cost: 84499.00 -> 83324.00
2026-05-01 12:24:17,658 -   [LS Iter 3] Cải thiện cost: 83324.00 -> 82773.00
2026-05-01 12:25:21,323 -   [LS Iter 4] Cải thiện cost: 82773.00 -> 82334.00
2026-05-01 12:26:24,580 -   [LS Iter 5] Cải thiện cost: 82334.00 -> 82084.00
2026-05-01 12:27:26,923 -   [LS Iter 6] Cải thiện cost: 82084.00 -> 82058.00
2026-05-01 12:28:29,229 -   [LS Iter 7] Cải thiện cost: 82058.00 -> 82013.00
2026-05-01 12:29:31,600 -   [LS Iter 8] Cải thiện cost: 82013.00 -> 81989.00
2026-05-01 12:30:33,657 -   [LS Iter 9] Cải thiện cost: 81989.00 -> 81968.00
2026-05-01 12:31:36,179 -   [LS Iter 10] Cải thiện cost: 81968.00 -> 81952.00
2026-05-01 12:32:38,329 -   [LS Iter 11] Cải thiện cost: 81952.00 -> 81937.00
2026-05-01 12:33:40,866 -   [LS Iter 12] Cải thiện cost: 81937.00 -> 81922.00
2026-05-01 12:34:43,227 -   [LS Iter 13] Cải thiện cost: 81922.00 -> 81909.00
2026-05-01 12:35:45,649 -   [LS Iter 14] Cải thiện cost: 81909.00 -> 81896.00
2026-05-01 12:36:48,224 -   [LS Iter 15] Cải thiện cost: 81896.00 -> 81884.00
2026-05-01 12:37:50,029 -   [LS Iter 16] Cải thiện cost: 81884.00 -> 81851.00
2026-05-01 12:38:50,923 -   [LS Iter 17] Cải thiện cost: 81851.00 -> 81820.00
2026-05-01 12:39:51,316 -   [LS Iter 18] Cải thiện cost: 81820.00 -> 81788.00
2026-05-01 12:40:51,739 -   [LS Iter 19] Cải thiện cost: 81788.00 -> 81753.00
2026-05-01 12:40:54,506 - === KẾT THÚC GIAI ĐOẠN 2 | Đạt cực trị tại: 81742.00 ===
2026-05-01 12:40:54,506 - ======================================================================
2026-05-01 12:40:54,506 - CW Khởi tạo = 96781 → Sau Pipeline = 81742
2026-05-01 12:40:54,506 - Cải thiện so CW: 15039
2026-05-01 12:40:54,506 - Tổng thời gian: 1199.9s
2026-05-01 12:40:54,506 - Verified cost: 81742
