2026-05-01 10:43:02,622 - ======================================================================
2026-05-01 10:43:02,622 - FILE: X-n916-k207.vrp
2026-05-01 10:43:02,622 - ======================================================================
2026-05-01 10:43:03,750 - Dim=916 K=207 Cap=33
2026-05-01 10:43:03,750 - --- Step 1: Clarke-Wright Heuristic ---
2026-05-01 10:43:12,045 -     [CW-Phase4] BFD thất bại với 56 khách hàng. Kích hoạt Backtracking (Limit: 2.0s)...
2026-05-01 10:43:14,047 -     [CW-Phase4] Cảnh báo: Backtracking quá giờ hoặc kẹt không gian. Chuyển sang Fallback (Sweep).
2026-05-01 10:43:21,472 -     [CW-Phase4] BFD thất bại với 56 khách hàng. Kích hoạt Backtracking (Limit: 2.0s)...
2026-05-01 10:43:23,473 -     [CW-Phase4] Cảnh báo: Backtracking quá giờ hoặc kẹt không gian. Chuyển sang Fallback (Sweep).
2026-05-01 10:43:23,473 - CW thất bại → fallback K=999
2026-05-01 10:43:24,221 -   cost=417916 time=0.67s
2026-05-01 10:43:24,221 - --- Step 2, 3, 4: Advanced Optimization Pipeline ---
2026-05-01 10:43:24,222 - =========================================
2026-05-01 10:43:24,222 - BẮT ĐẦU TUYẾN TRÌNH TỐI ƯU (PIPELINE)
2026-05-01 10:43:24,222 - =========================================
2026-05-01 10:43:24,223 - === GIAI ĐOẠN 2: LOCAL SEARCH ĐA TOÁN TỬ | Bắt đầu: 417916.00 ===
2026-05-01 10:43:48,650 -   [LS Iter 1] Cải thiện cost: 417916.00 -> 377837.00
2026-05-01 10:44:07,065 -   [LS Iter 2] Cải thiện cost: 377837.00 -> 371937.00
2026-05-01 10:44:25,043 -   [LS Iter 3] Cải thiện cost: 371937.00 -> 369637.00
2026-05-01 10:44:43,693 -   [LS Iter 4] Cải thiện cost: 369637.00 -> 368597.00
2026-05-01 10:45:03,254 -   [LS Iter 5] Cải thiện cost: 368597.00 -> 367147.00
2026-05-01 10:45:22,309 -   [LS Iter 6] Cải thiện cost: 367147.00 -> 366037.00
2026-05-01 10:45:40,942 -   [LS Iter 7] Cải thiện cost: 366037.00 -> 365199.00
