2026-04-13 08:53:50,178 - ======================================================================
2026-04-13 08:53:50,179 - FILE: E-n13-k4.vrp
2026-04-13 08:53:50,179 - ======================================================================
2026-04-13 08:53:50,179 - Dim=13 K=4 Cap=6000
2026-04-13 08:53:50,179 - --- Step 1: Clarke-Wright Heuristic ---
2026-04-13 08:53:50,179 -   cost=368 time=0.00s
2026-04-13 08:53:50,180 - --- Step 2, 3, 4: Advanced Optimization Pipeline ---
2026-04-13 08:53:50,180 - =========================================
2026-04-13 08:53:50,180 - BẮT ĐẦU TUYẾN TRÌNH TỐI ƯU (PIPELINE)
2026-04-13 08:53:50,180 - =========================================
2026-04-13 08:53:50,180 - === GIAI ĐOẠN 2: LOCAL SEARCH ĐA TOÁN TỬ | Bắt đầu: 368.00 ===
2026-04-13 08:53:50,182 -   [LS Iter 1] Cải thiện cost: 368.00 -> 291.00
2026-04-13 08:53:50,185 -   [LS Iter 2] Cải thiện cost: 291.00 -> 258.00
2026-04-13 08:53:50,187 - === KẾT THÚC GIAI ĐOẠN 2 | Đạt cực trị tại: 258.00 ===
2026-04-13 08:53:50,187 - === BẮT ĐẦU CHẶNG 3: ALNS + GLS | Vòng lặp: 150 | Cost: 258.00 ===
2026-04-13 08:53:50,220 -   [ALNS Iter 7] Worst Destroy phá vỡ giới hạn -> BEST MỚI: 247.00
2026-04-13 08:53:50,221 -   [ALNS] 🎉 Đã chạm mốc BKS (247.0). Ngắt vòng lặp ALNS sớm!
2026-04-13 08:53:50,221 - === KẾT THÚC CHẶNG 3 | Cost xuất sắc nhất đạt được: 247.00 ===
2026-04-13 08:53:50,221 - 🎉 ĐÃ ĐẠT NGHIỆM TỐI ƯU TOÀN CỤC (BKS = 247.0). DỪNG SỚM!
2026-04-13 08:53:50,221 - ======================================================================
2026-04-13 08:53:50,221 - CW Khởi tạo = 368 → Sau Pipeline = 247
2026-04-13 08:53:50,221 - Cải thiện so CW: 121
2026-04-13 08:53:50,221 - Tổng thời gian: 0.0s
2026-04-13 08:53:50,221 - Verified cost: 247
2026-04-13 08:53:50,222 - ======================================================================
2026-04-13 08:53:50,222 - FILE: E-n22-k4.vrp
2026-04-13 08:53:50,222 - ======================================================================
2026-04-13 08:53:50,223 - Dim=22 K=4 Cap=6000
2026-04-13 08:53:50,223 - --- Step 1: Clarke-Wright Heuristic ---
2026-04-13 08:53:50,223 -   cost=544 time=0.00s
2026-04-13 08:53:50,223 - --- Step 2, 3, 4: Advanced Optimization Pipeline ---
2026-04-13 08:53:50,223 - =========================================
2026-04-13 08:53:50,223 - BẮT ĐẦU TUYẾN TRÌNH TỐI ƯU (PIPELINE)
2026-04-13 08:53:50,223 - =========================================
2026-04-13 08:53:50,223 - === GIAI ĐOẠN 2: LOCAL SEARCH ĐA TOÁN TỬ | Bắt đầu: 544.00 ===
2026-04-13 08:53:50,234 -   [LS Iter 1] Cải thiện cost: 544.00 -> 444.00
2026-04-13 08:53:50,243 - === KẾT THÚC GIAI ĐOẠN 2 | Đạt cực trị tại: 444.00 ===
2026-04-13 08:53:50,243 - === BẮT ĐẦU CHẶNG 3: ALNS + GLS | Vòng lặp: 150 | Cost: 444.00 ===
2026-04-13 08:53:50,347 -   [ALNS Iter 11] Related Destroy phá vỡ giới hạn -> BEST MỚI: 387.00
2026-04-13 08:53:50,530 -   [ALNS Iter 29] Related Destroy phá vỡ giới hạn -> BEST MỚI: 375.00
2026-04-13 08:53:50,530 -   [ALNS] 🎉 Đã chạm mốc BKS (375.0). Ngắt vòng lặp ALNS sớm!
2026-04-13 08:53:50,530 - === KẾT THÚC CHẶNG 3 | Cost xuất sắc nhất đạt được: 375.00 ===
2026-04-13 08:53:50,530 - 🎉 ĐÃ ĐẠT NGHIỆM TỐI ƯU TOÀN CỤC (BKS = 375.0). DỪNG SỚM!
2026-04-13 08:53:50,530 - ======================================================================
2026-04-13 08:53:50,530 - CW Khởi tạo = 544 → Sau Pipeline = 375
2026-04-13 08:53:50,530 - Cải thiện so CW: 169
2026-04-13 08:53:50,530 - Tổng thời gian: 0.3s
2026-04-13 08:53:50,530 - Verified cost: 375
2026-04-13 08:53:50,531 - ======================================================================
2026-04-13 08:53:50,531 - FILE: E-n23-k3.vrp
2026-04-13 08:53:50,531 - ======================================================================
2026-04-13 08:53:50,532 - Dim=23 K=3 Cap=4500
2026-04-13 08:53:50,532 - --- Step 1: Clarke-Wright Heuristic ---
2026-04-13 08:53:50,532 -   cost=741 time=0.00s
2026-04-13 08:53:50,532 - --- Step 2, 3, 4: Advanced Optimization Pipeline ---
2026-04-13 08:53:50,533 - =========================================
2026-04-13 08:53:50,533 - BẮT ĐẦU TUYẾN TRÌNH TỐI ƯU (PIPELINE)
2026-04-13 08:53:50,533 - =========================================
2026-04-13 08:53:50,533 - === GIAI ĐOẠN 2: LOCAL SEARCH ĐA TOÁN TỬ | Bắt đầu: 741.00 ===
2026-04-13 08:53:50,556 -   [LS Iter 1] Cải thiện cost: 741.00 -> 574.00
2026-04-13 08:53:50,577 -   [LS Iter 2] Cải thiện cost: 574.00 -> 570.00
2026-04-13 08:53:50,596 - === KẾT THÚC GIAI ĐOẠN 2 | Đạt cực trị tại: 570.00 ===
2026-04-13 08:53:50,596 - === BẮT ĐẦU CHẶNG 3: ALNS + GLS | Vòng lặp: 150 | Cost: 570.00 ===
2026-04-13 08:53:50,808 -   [ALNS Iter 10] Related Destroy phá vỡ giới hạn -> BEST MỚI: 569.00
2026-04-13 08:53:50,808 -   [ALNS] 🎉 Đã chạm mốc BKS (569.0). Ngắt vòng lặp ALNS sớm!
2026-04-13 08:53:50,808 - === KẾT THÚC CHẶNG 3 | Cost xuất sắc nhất đạt được: 569.00 ===
2026-04-13 08:53:50,808 - 🎉 ĐÃ ĐẠT NGHIỆM TỐI ƯU TOÀN CỤC (BKS = 569.0). DỪNG SỚM!
2026-04-13 08:53:50,808 - ======================================================================
2026-04-13 08:53:50,808 - CW Khởi tạo = 741 → Sau Pipeline = 569
2026-04-13 08:53:50,808 - Cải thiện so CW: 172
2026-04-13 08:53:50,808 - Tổng thời gian: 0.3s
2026-04-13 08:53:50,808 - Verified cost: 569
2026-04-13 08:53:50,809 - ======================================================================
2026-04-13 08:53:50,809 - FILE: E-n30-k3.vrp
2026-04-13 08:53:50,809 - ======================================================================
2026-04-13 08:53:50,811 - Dim=30 K=3 Cap=4500
2026-04-13 08:53:50,811 - --- Step 1: Clarke-Wright Heuristic ---
2026-04-13 08:53:50,812 -   cost=642 time=0.00s
2026-04-13 08:53:50,812 - --- Step 2, 3, 4: Advanced Optimization Pipeline ---
2026-04-13 08:53:50,812 - =========================================
2026-04-13 08:53:50,812 - BẮT ĐẦU TUYẾN TRÌNH TỐI ƯU (PIPELINE)
2026-04-13 08:53:50,812 - =========================================
2026-04-13 08:53:50,812 - === GIAI ĐOẠN 2: LOCAL SEARCH ĐA TOÁN TỬ | Bắt đầu: 642.00 ===
2026-04-13 08:53:50,861 -   [LS Iter 1] Cải thiện cost: 642.00 -> 546.00
2026-04-13 08:53:50,890 -   [LS Iter 2] Cải thiện cost: 546.00 -> 540.00
2026-04-13 08:53:50,918 -   [LS Iter 3] Cải thiện cost: 540.00 -> 537.00
2026-04-13 08:53:50,944 - === KẾT THÚC GIAI ĐOẠN 2 | Đạt cực trị tại: 537.00 ===
2026-04-13 08:53:50,944 - === BẮT ĐẦU CHẶNG 3: ALNS + GLS | Vòng lặp: 150 | Cost: 537.00 ===
2026-04-13 08:53:51,650 -   [GLS Iter 21] Cập nhật ma trận phạt để thay đổi hướng đi.
2026-04-13 08:53:54,129 -   [GLS Iter 81] Cập nhật ma trận phạt để thay đổi hướng đi.
2026-04-13 08:53:57,083 -   [GLS Iter 141] Cập nhật ma trận phạt để thay đổi hướng đi.
2026-04-13 08:53:57,578 - === KẾT THÚC CHẶNG 3 | Cost xuất sắc nhất đạt được: 537.00 ===
2026-04-13 08:53:57,578 - === BẮT ĐẦU CHẶNG 4: MAX-SAT CHÍNH XÁC | Cost: 537.00 ===
2026-04-13 08:53:57,578 -   [GĐ 4.1] Giải bài toán TSP trên từng tuyến đơn...
2026-04-13 08:54:37,592 -     [S-Timeout 40.0s]
2026-04-13 08:55:17,802 -     [S-Timeout 40.0s]
2026-04-13 08:55:17,808 -   [GĐ 4.2] Xét từng cặp tuyến để phân bổ lại khách hàng...
2026-04-13 08:55:17,808 -   --- Pairwise Iter 1 (còn 1513s) ---
2026-04-13 08:55:17,808 -     -> Đã đạt cực trị toàn cục cho mọi cặp dưới ngưỡng. KẾT THÚC CHẶNG 4.
2026-04-13 08:55:17,808 - HOÀN THÀNH PIPELINE. Final cost=537.00 | Time=87.0s
2026-04-13 08:55:17,808 - ======================================================================
2026-04-13 08:55:17,809 - CW Khởi tạo = 642 → Sau Pipeline = 537
2026-04-13 08:55:17,809 - Cải thiện so CW: 105
2026-04-13 08:55:17,809 - Tổng thời gian: 87.0s
2026-04-13 08:55:17,809 - Verified cost: 537
2026-04-13 08:55:17,810 - ======================================================================
2026-04-13 08:55:17,810 - FILE: E-n31-k7.vrp
2026-04-13 08:55:17,810 - ======================================================================
2026-04-13 08:55:17,811 - Dim=31 K=7 Cap=140
2026-04-13 08:55:17,811 - --- Step 1: Clarke-Wright Heuristic ---
2026-04-13 08:55:17,811 -   cost=843 time=0.00s
2026-04-13 08:55:17,812 - --- Step 2, 3, 4: Advanced Optimization Pipeline ---
2026-04-13 08:55:17,812 - =========================================
2026-04-13 08:55:17,812 - BẮT ĐẦU TUYẾN TRÌNH TỐI ƯU (PIPELINE)
2026-04-13 08:55:17,812 - =========================================
2026-04-13 08:55:17,812 - === GIAI ĐOẠN 2: LOCAL SEARCH ĐA TOÁN TỬ | Bắt đầu: 843.00 ===
2026-04-13 08:55:17,834 -   [LS Iter 1] Cải thiện cost: 843.00 -> 493.00
2026-04-13 08:55:17,855 -   [LS Iter 2] Cải thiện cost: 493.00 -> 453.00
2026-04-13 08:55:17,872 -   [LS Iter 3] Cải thiện cost: 453.00 -> 451.00
2026-04-13 08:55:17,889 - === KẾT THÚC GIAI ĐOẠN 2 | Đạt cực trị tại: 451.00 ===
2026-04-13 08:55:17,889 - === BẮT ĐẦU CHẶNG 3: ALNS + GLS | Vòng lặp: 150 | Cost: 451.00 ===
2026-04-13 08:55:18,110 -   [ALNS Iter 9] Random Destroy phá vỡ giới hạn -> BEST MỚI: 431.00
2026-04-13 08:55:18,143 -   [ALNS Iter 10] Related Destroy phá vỡ giới hạn -> BEST MỚI: 420.00
2026-04-13 08:55:18,181 -   [ALNS Iter 11] Related Destroy phá vỡ giới hạn -> BEST MỚI: 411.00
2026-04-13 08:55:18,727 -   [GLS Iter 41] Cập nhật ma trận phạt để thay đổi hướng đi.
2026-04-13 08:55:20,098 -   [GLS Iter 101] Cập nhật ma trận phạt để thay đổi hướng đi.
2026-04-13 08:55:21,349 - === KẾT THÚC CHẶNG 3 | Cost xuất sắc nhất đạt được: 411.00 ===
2026-04-13 08:55:21,349 - === BẮT ĐẦU CHẶNG 4: MAX-SAT CHÍNH XÁC | Cost: 411.00 ===
2026-04-13 08:55:21,349 -   [GĐ 4.1] Giải bài toán TSP trên từng tuyến đơn...
2026-04-13 08:55:21,430 -   [GĐ 4.2] Xét từng cặp tuyến để phân bổ lại khách hàng...
2026-04-13 08:55:21,430 -   --- Pairwise Iter 1 (còn 1596s) ---
2026-04-13 08:56:21,434 -     [P-Timeout 60.0s]
2026-04-13 08:57:21,524 -     [P-Timeout 60.0s]
2026-04-13 08:58:21,538 -     [P-Timeout 60.0s]
2026-04-13 08:59:21,552 -     [P-Timeout 60.0s]
2026-04-13 09:00:43,448 -     [P-Timeout 60.0s]
2026-04-13 09:01:43,459 -     [P-Timeout 60.0s]
2026-04-13 09:02:43,472 -     [P-Timeout 60.0s]
2026-04-13 09:03:43,499 -     [P-Timeout 60.0s]
2026-04-13 09:04:43,512 -     [P-Timeout 60.0s]
2026-04-13 09:05:46,063 -     [P-Timeout 60.0s]
2026-04-13 09:06:21,542 -     -> Đã đạt cực trị toàn cục cho mọi cặp dưới ngưỡng. KẾT THÚC CHẶNG 4.
2026-04-13 09:06:21,542 - HOÀN THÀNH PIPELINE. Final cost=411.00 | Time=663.7s
2026-04-13 09:06:21,543 - ======================================================================
2026-04-13 09:06:21,543 - CW Khởi tạo = 843 → Sau Pipeline = 411
2026-04-13 09:06:21,543 - Cải thiện so CW: 432
2026-04-13 09:06:21,543 - Tổng thời gian: 663.7s
2026-04-13 09:06:21,543 - Verified cost: 411
2026-04-13 09:06:21,544 - ======================================================================
2026-04-13 09:06:21,544 - FILE: E-n33-k4.vrp
2026-04-13 09:06:21,544 - ======================================================================
2026-04-13 09:06:21,546 - Dim=33 K=4 Cap=8000
2026-04-13 09:06:21,546 - --- Step 1: Clarke-Wright Heuristic ---
2026-04-13 09:06:21,547 -   cost=942 time=0.00s
2026-04-13 09:06:21,547 - --- Step 2, 3, 4: Advanced Optimization Pipeline ---
2026-04-13 09:06:21,547 - =========================================
2026-04-13 09:06:21,547 - BẮT ĐẦU TUYẾN TRÌNH TỐI ƯU (PIPELINE)
2026-04-13 09:06:21,547 - =========================================
2026-04-13 09:06:21,547 - === GIAI ĐOẠN 2: LOCAL SEARCH ĐA TOÁN TỬ | Bắt đầu: 942.00 ===
2026-04-13 09:06:21,585 -   [LS Iter 1] Cải thiện cost: 942.00 -> 847.00
2026-04-13 09:06:21,615 -   [LS Iter 2] Cải thiện cost: 847.00 -> 842.00
2026-04-13 09:06:21,645 - === KẾT THÚC GIAI ĐOẠN 2 | Đạt cực trị tại: 842.00 ===
2026-04-13 09:06:21,645 - === BẮT ĐẦU CHẶNG 3: ALNS + GLS | Vòng lặp: 150 | Cost: 842.00 ===
2026-04-13 09:06:21,839 -   [ALNS Iter 3] Worst Destroy phá vỡ giới hạn -> BEST MỚI: 838.00
2026-04-13 09:06:22,783 -   [GLS Iter 21] Cập nhật ma trận phạt để thay đổi hướng đi.
2026-04-13 09:06:25,949 -   [GLS Iter 81] Cập nhật ma trận phạt để thay đổi hướng đi.
2026-04-13 09:06:29,537 -   [GLS Iter 141] Cập nhật ma trận phạt để thay đổi hướng đi.
2026-04-13 09:06:30,489 - === KẾT THÚC CHẶNG 3 | Cost xuất sắc nhất đạt được: 838.00 ===
2026-04-13 09:06:30,489 - === BẮT ĐẦU CHẶNG 4: MAX-SAT CHÍNH XÁC | Cost: 838.00 ===
2026-04-13 09:06:30,489 -   [GĐ 4.1] Giải bài toán TSP trên từng tuyến đơn...
2026-04-13 09:06:38,892 -   [GĐ 4.2] Xét từng cặp tuyến để phân bổ lại khách hàng...
2026-04-13 09:06:38,892 -   --- Pairwise Iter 1 (còn 1583s) ---
2026-04-13 09:07:38,896 -     [P-Timeout 60.0s]
2026-04-13 09:08:38,907 -     [P-Timeout 60.0s]
2026-04-13 09:09:38,920 -     [P-Timeout 60.0s]
2026-04-13 09:09:38,929 -     -> Đã đạt cực trị toàn cục cho mọi cặp dưới ngưỡng. KẾT THÚC CHẶNG 4.
2026-04-13 09:09:38,929 - HOÀN THÀNH PIPELINE. Final cost=838.00 | Time=197.4s
2026-04-13 09:09:38,929 - ======================================================================
2026-04-13 09:09:38,929 - CW Khởi tạo = 942 → Sau Pipeline = 838
2026-04-13 09:09:38,929 - Cải thiện so CW: 104
2026-04-13 09:09:38,929 - Tổng thời gian: 197.4s
2026-04-13 09:09:38,930 - Verified cost: 838
2026-04-13 09:09:38,931 - ======================================================================
2026-04-13 09:09:38,931 - FILE: E-n51-k5.vrp
2026-04-13 09:09:38,931 - ======================================================================
2026-04-13 09:09:38,935 - Dim=51 K=5 Cap=160
2026-04-13 09:09:38,935 - --- Step 1: Clarke-Wright Heuristic ---
2026-04-13 09:09:38,937 -   cost=768 time=0.00s
2026-04-13 09:09:38,937 - --- Step 2, 3, 4: Advanced Optimization Pipeline ---
2026-04-13 09:09:38,937 - =========================================
2026-04-13 09:09:38,937 - BẮT ĐẦU TUYẾN TRÌNH TỐI ƯU (PIPELINE)
2026-04-13 09:09:38,937 - =========================================
2026-04-13 09:09:38,937 - === GIAI ĐOẠN 2: LOCAL SEARCH ĐA TOÁN TỬ | Bắt đầu: 768.00 ===
2026-04-13 09:09:39,035 -   [LS Iter 1] Cải thiện cost: 768.00 -> 587.00
2026-04-13 09:09:39,109 -   [LS Iter 2] Cải thiện cost: 587.00 -> 571.00
2026-04-13 09:09:39,182 - === KẾT THÚC GIAI ĐOẠN 2 | Đạt cực trị tại: 571.00 ===
2026-04-13 09:09:39,182 - === BẮT ĐẦU CHẶNG 3: ALNS + GLS | Vòng lặp: 150 | Cost: 571.00 ===
2026-04-13 09:09:39,399 -   [ALNS Iter 2] Worst Destroy phá vỡ giới hạn -> BEST MỚI: 570.00
2026-04-13 09:09:40,003 -   [ALNS Iter 8] Related Destroy phá vỡ giới hạn -> BEST MỚI: 561.00
2026-04-13 09:09:40,151 -   [ALNS Iter 9] Related Destroy phá vỡ giới hạn -> BEST MỚI: 542.00
2026-04-13 09:09:40,966 -   [ALNS Iter 19] Related Destroy phá vỡ giới hạn -> BEST MỚI: 537.00
2026-04-13 09:09:41,191 -   [ALNS Iter 20] Related Destroy phá vỡ giới hạn -> BEST MỚI: 527.00
2026-04-13 09:09:43,431 -   [GLS Iter 41] Cập nhật ma trận phạt do kẹt tải trọng liên tục.
2026-04-13 09:09:48,070 -   [ALNS Iter 71] Related Destroy phá vỡ giới hạn -> BEST MỚI: 521.00
2026-04-13 09:09:48,070 -   [ALNS] 🎉 Đã chạm mốc BKS (521.0). Ngắt vòng lặp ALNS sớm!
2026-04-13 09:09:48,070 - === KẾT THÚC CHẶNG 3 | Cost xuất sắc nhất đạt được: 521.00 ===
2026-04-13 09:09:48,070 - 🎉 ĐÃ ĐẠT NGHIỆM TỐI ƯU TOÀN CỤC (BKS = 521.0). DỪNG SỚM!
2026-04-13 09:09:48,070 - ======================================================================
2026-04-13 09:09:48,070 - CW Khởi tạo = 768 → Sau Pipeline = 521
2026-04-13 09:09:48,070 - Cải thiện so CW: 247
2026-04-13 09:09:48,070 - Tổng thời gian: 9.1s
2026-04-13 09:09:48,070 - Verified cost: 521
2026-04-13 09:09:48,071 - ======================================================================
2026-04-13 09:09:48,071 - FILE: E-n76-k14.vrp
2026-04-13 09:09:48,071 - ======================================================================
2026-04-13 09:09:48,081 - Dim=76 K=14 Cap=100
2026-04-13 09:09:48,081 - --- Step 1: Clarke-Wright Heuristic ---
2026-04-13 09:09:48,087 -   cost=1470 time=0.01s
2026-04-13 09:09:48,087 - --- Step 2, 3, 4: Advanced Optimization Pipeline ---
2026-04-13 09:09:48,088 - =========================================
2026-04-13 09:09:48,088 - BẮT ĐẦU TUYẾN TRÌNH TỐI ƯU (PIPELINE)
2026-04-13 09:09:48,088 - =========================================
2026-04-13 09:09:48,088 - === GIAI ĐOẠN 2: LOCAL SEARCH ĐA TOÁN TỬ | Bắt đầu: 1470.00 ===
2026-04-13 09:09:48,205 -   [LS Iter 1] Cải thiện cost: 1470.00 -> 1086.00
2026-04-13 09:09:48,311 -   [LS Iter 2] Cải thiện cost: 1086.00 -> 1071.00
2026-04-13 09:09:48,423 -   [LS Iter 3] Cải thiện cost: 1071.00 -> 1062.00
2026-04-13 09:09:48,528 - === KẾT THÚC GIAI ĐOẠN 2 | Đạt cực trị tại: 1062.00 ===
2026-04-13 09:09:48,528 - === BẮT ĐẦU CHẶNG 3: ALNS + GLS | Vòng lặp: 150 | Cost: 1062.00 ===
2026-04-13 09:09:49,369 -   [ALNS Iter 6] Related Destroy phá vỡ giới hạn -> BEST MỚI: 1060.00
2026-04-13 09:09:51,397 -   [GLS Iter 21] Cập nhật ma trận phạt để thay đổi hướng đi.
2026-04-13 09:09:57,193 -   [GLS Iter 81] Cập nhật ma trận phạt để thay đổi hướng đi.
2026-04-13 09:10:03,768 -   [GLS Iter 141] Cập nhật ma trận phạt do kẹt tải trọng liên tục.
2026-04-13 09:10:04,507 - === KẾT THÚC CHẶNG 3 | Cost xuất sắc nhất đạt được: 1060.00 ===
2026-04-13 09:10:04,507 - === BẮT ĐẦU CHẶNG 4: MAX-SAT CHÍNH XÁC | Cost: 1060.00 ===
2026-04-13 09:10:04,507 -   [GĐ 4.1] Giải bài toán TSP trên từng tuyến đơn...
2026-04-13 09:10:04,849 -   [GĐ 4.2] Xét từng cặp tuyến để phân bổ lại khách hàng...
2026-04-13 09:10:04,849 -   --- Pairwise Iter 1 (còn 1583s) ---
2026-04-13 09:11:04,853 -     [P-Timeout 60.0s]
2026-04-13 09:12:04,863 -     [P-Timeout 60.0s]
2026-04-13 09:13:04,874 -     [P-Timeout 60.0s]
2026-04-13 09:14:04,885 -     [P-Timeout 60.0s]
2026-04-13 09:15:04,898 -     [P-Timeout 60.0s]
2026-04-13 09:16:04,909 -     [P-Timeout 60.0s]
2026-04-13 09:17:04,919 -     [P-Timeout 60.0s]
2026-04-13 09:18:04,929 -     [P-Timeout 60.0s]
2026-04-13 09:19:04,940 -     [P-Timeout 60.0s]
2026-04-13 09:20:04,951 -     [P-Timeout 60.0s]
2026-04-13 09:21:04,962 -     [P-Timeout 60.0s]
2026-04-13 09:22:04,973 -     [P-Timeout 60.0s]
2026-04-13 09:23:04,985 -     [P-Timeout 60.0s]
2026-04-13 09:24:04,996 -     [P-Timeout 60.0s]
2026-04-13 09:25:05,008 -     [P-Timeout 60.0s]
2026-04-13 09:26:20,563 -     [P-Timeout 60.0s]
2026-04-13 09:27:20,575 -     [P-Timeout 60.0s]
2026-04-13 09:28:20,585 -     [P-Timeout 60.0s]
2026-04-13 09:29:20,597 -     [P-Timeout 60.0s]
2026-04-13 09:31:04,154 -     [P-Timeout 60.0s]
2026-04-13 09:32:04,165 -     [P-Timeout 60.0s]
2026-04-13 09:33:04,176 -     [P-Timeout 60.0s]
2026-04-13 09:34:04,187 -     [P-Timeout 60.0s]
2026-04-13 09:35:04,198 -     [P-Timeout 60.0s]
2026-04-13 09:36:26,091 -     [P-Timeout 50.9s]
2026-04-13 09:36:26,098 -     -> Đã đạt cực trị toàn cục cho mọi cặp dưới ngưỡng. KẾT THÚC CHẶNG 4.
2026-04-13 09:36:26,098 - HOÀN THÀNH PIPELINE. Final cost=1060.00 | Time=1598.0s
2026-04-13 09:36:26,098 - ======================================================================
2026-04-13 09:36:26,098 - CW Khởi tạo = 1470 → Sau Pipeline = 1060
2026-04-13 09:36:26,098 - Cải thiện so CW: 410
2026-04-13 09:36:26,098 - Tổng thời gian: 1598.0s
2026-04-13 09:36:26,098 - Verified cost: 1060
2026-04-13 09:36:26,100 - ======================================================================
2026-04-13 09:36:26,100 - FILE: E-n76-k7.vrp
2026-04-13 09:36:26,100 - ======================================================================
2026-04-13 09:36:26,109 - Dim=76 K=7 Cap=220
2026-04-13 09:36:26,109 - --- Step 1: Clarke-Wright Heuristic ---
2026-04-13 09:36:26,117 -   cost=978 time=0.01s
2026-04-13 09:36:26,118 - --- Step 2, 3, 4: Advanced Optimization Pipeline ---
2026-04-13 09:36:26,118 - =========================================
2026-04-13 09:36:26,118 - BẮT ĐẦU TUYẾN TRÌNH TỐI ƯU (PIPELINE)
2026-04-13 09:36:26,118 - =========================================
2026-04-13 09:36:26,118 - === GIAI ĐOẠN 2: LOCAL SEARCH ĐA TOÁN TỬ | Bắt đầu: 978.00 ===
2026-04-13 09:36:26,400 -   [LS Iter 1] Cải thiện cost: 978.00 -> 774.00
2026-04-13 09:36:26,691 -   [LS Iter 2] Cải thiện cost: 774.00 -> 759.00
2026-04-13 09:36:26,979 -   [LS Iter 3] Cải thiện cost: 759.00 -> 755.00
2026-04-13 09:36:27,265 -   [LS Iter 4] Cải thiện cost: 755.00 -> 746.00
2026-04-13 09:36:27,544 -   [LS Iter 5] Cải thiện cost: 746.00 -> 740.00
2026-04-13 09:36:27,825 -   [LS Iter 6] Cải thiện cost: 740.00 -> 738.00
2026-04-13 09:36:28,103 -   [LS Iter 7] Cải thiện cost: 738.00 -> 737.00
2026-04-13 09:36:28,388 -   [LS Iter 8] Cải thiện cost: 737.00 -> 736.00
2026-04-13 09:36:28,659 -   [LS Iter 9] Cải thiện cost: 736.00 -> 729.00
2026-04-13 09:36:28,917 - === KẾT THÚC GIAI ĐOẠN 2 | Đạt cực trị tại: 729.00 ===
2026-04-13 09:36:28,917 - === BẮT ĐẦU CHẶNG 3: ALNS + GLS | Vòng lặp: 150 | Cost: 729.00 ===
2026-04-13 09:36:29,976 -   [ALNS Iter 2] Related Destroy phá vỡ giới hạn -> BEST MỚI: 723.00
2026-04-13 09:36:30,761 -   [ALNS Iter 3] Related Destroy phá vỡ giới hạn -> BEST MỚI: 722.00
2026-04-13 09:36:33,381 -   [ALNS Iter 5] Related Destroy phá vỡ giới hạn -> BEST MỚI: 720.00
2026-04-13 09:36:33,891 -   [ALNS Iter 7] Related Destroy phá vỡ giới hạn -> BEST MỚI: 717.00
2026-04-13 09:36:41,366 -   [ALNS Iter 22] Related Destroy phá vỡ giới hạn -> BEST MỚI: 706.00
2026-04-13 09:36:42,302 -   [ALNS Iter 23] Related Destroy phá vỡ giới hạn -> BEST MỚI: 702.00
2026-04-13 09:36:43,687 -   [ALNS Iter 26] Related Destroy phá vỡ giới hạn -> BEST MỚI: 701.00
2026-04-13 09:36:52,907 -   [GLS Iter 41] Cập nhật ma trận phạt để thay đổi hướng đi.
2026-04-13 09:37:07,123 -   [ALNS Iter 68] Related Destroy phá vỡ giới hạn -> BEST MỚI: 699.00
2026-04-13 09:37:09,648 -   [ALNS Iter 73] Related Destroy phá vỡ giới hạn -> BEST MỚI: 697.00
2026-04-13 09:37:34,513 -   [ALNS Iter 110] Related Destroy phá vỡ giới hạn -> BEST MỚI: 696.00
2026-04-13 09:38:01,854 - === KẾT THÚC CHẶNG 3 | Cost xuất sắc nhất đạt được: 696.00 ===
2026-04-13 09:38:01,855 - === BẮT ĐẦU CHẶNG 4: MAX-SAT CHÍNH XÁC | Cost: 696.00 ===
2026-04-13 09:38:01,855 -   [GĐ 4.1] Giải bài toán TSP trên từng tuyến đơn...
2026-04-13 09:38:16,105 -   [GĐ 4.2] Xét từng cặp tuyến để phân bổ lại khách hàng...
2026-04-13 09:38:16,105 -   --- Pairwise Iter 1 (còn 1490s) ---
2026-04-13 09:39:16,110 -     [P-Timeout 60.0s]
2026-04-13 09:39:16,121 -     -> Đã đạt cực trị toàn cục cho mọi cặp dưới ngưỡng. KẾT THÚC CHẶNG 4.
2026-04-13 09:39:16,121 - HOÀN THÀNH PIPELINE. Final cost=696.00 | Time=170.0s
2026-04-13 09:39:16,121 - ======================================================================
2026-04-13 09:39:16,121 - CW Khởi tạo = 978 → Sau Pipeline = 696
2026-04-13 09:39:16,121 - Cải thiện so CW: 282
2026-04-13 09:39:16,121 - Tổng thời gian: 170.0s
2026-04-13 09:39:16,121 - Verified cost: 696
2026-04-13 09:39:16,123 - ======================================================================
2026-04-13 09:39:16,123 - FILE: E-n76-k8.vrp
2026-04-13 09:39:16,123 - ======================================================================
2026-04-13 09:39:16,132 - Dim=76 K=8 Cap=180
2026-04-13 09:39:16,132 - --- Step 1: Clarke-Wright Heuristic ---
2026-04-13 09:39:16,138 -   cost=1083 time=0.01s
2026-04-13 09:39:16,138 - --- Step 2, 3, 4: Advanced Optimization Pipeline ---
2026-04-13 09:39:16,138 - =========================================
2026-04-13 09:39:16,138 - BẮT ĐẦU TUYẾN TRÌNH TỐI ƯU (PIPELINE)
2026-04-13 09:39:16,138 - =========================================
2026-04-13 09:39:16,138 - === GIAI ĐOẠN 2: LOCAL SEARCH ĐA TOÁN TỬ | Bắt đầu: 1083.00 ===
2026-04-13 09:39:16,389 -   [LS Iter 1] Cải thiện cost: 1083.00 -> 837.00
2026-04-13 09:39:16,590 -   [LS Iter 2] Cải thiện cost: 837.00 -> 804.00
2026-04-13 09:39:16,772 -   [LS Iter 3] Cải thiện cost: 804.00 -> 785.00
2026-04-13 09:39:16,957 -   [LS Iter 4] Cải thiện cost: 785.00 -> 778.00
2026-04-13 09:39:17,152 - === KẾT THÚC GIAI ĐOẠN 2 | Đạt cực trị tại: 778.00 ===
2026-04-13 09:39:17,153 - === BẮT ĐẦU CHẶNG 3: ALNS + GLS | Vòng lặp: 150 | Cost: 778.00 ===
2026-04-13 09:39:18,141 -   [ALNS Iter 2] Worst Destroy phá vỡ giới hạn -> BEST MỚI: 774.00
2026-04-13 09:39:20,149 -   [ALNS Iter 8] Related Destroy phá vỡ giới hạn -> BEST MỚI: 770.00
2026-04-13 09:39:20,736 -   [ALNS Iter 9] Worst Destroy phá vỡ giới hạn -> BEST MỚI: 766.00
2026-04-13 09:39:23,555 -   [ALNS Iter 21] Worst Destroy phá vỡ giới hạn -> BEST MỚI: 765.00
2026-04-13 09:39:25,558 -   [ALNS Iter 27] Worst Destroy phá vỡ giới hạn -> BEST MỚI: 762.00
2026-04-13 09:39:29,922 -   [ALNS Iter 39] Related Destroy phá vỡ giới hạn -> BEST MỚI: 757.00
2026-04-13 09:39:33,582 -   [ALNS Iter 49] Related Destroy phá vỡ giới hạn -> BEST MỚI: 756.00
2026-04-13 09:39:36,523 -   [ALNS Iter 56] Related Destroy phá vỡ giới hạn -> BEST MỚI: 754.00
2026-04-13 09:39:55,509 -   [GLS Iter 101] Cập nhật ma trận phạt để thay đổi hướng đi.
2026-04-13 09:39:58,652 -   [ALNS Iter 108] Worst Destroy phá vỡ giới hạn -> BEST MỚI: 753.00
2026-04-13 09:40:00,984 -   [ALNS Iter 113] Worst Destroy phá vỡ giới hạn -> BEST MỚI: 746.00
2026-04-13 09:40:15,167 - === KẾT THÚC CHẶNG 3 | Cost xuất sắc nhất đạt được: 746.00 ===
2026-04-13 09:40:15,167 - === BẮT ĐẦU CHẶNG 4: MAX-SAT CHÍNH XÁC | Cost: 746.00 ===
2026-04-13 09:40:15,167 -   [GĐ 4.1] Giải bài toán TSP trên từng tuyến đơn...
2026-04-13 09:40:21,894 -   [GĐ 4.2] Xét từng cặp tuyến để phân bổ lại khách hàng...
2026-04-13 09:40:21,894 -   --- Pairwise Iter 1 (còn 1534s) ---
2026-04-13 09:41:21,898 -     [P-Timeout 60.0s]
2026-04-13 09:41:21,908 -     -> Đã đạt cực trị toàn cục cho mọi cặp dưới ngưỡng. KẾT THÚC CHẶNG 4.
2026-04-13 09:41:21,908 - HOÀN THÀNH PIPELINE. Final cost=746.00 | Time=125.8s
2026-04-13 09:41:21,908 - ======================================================================
2026-04-13 09:41:21,908 - CW Khởi tạo = 1083 → Sau Pipeline = 746
2026-04-13 09:41:21,908 - Cải thiện so CW: 337
2026-04-13 09:41:21,908 - Tổng thời gian: 125.8s
2026-04-13 09:41:21,908 - Verified cost: 746
2026-04-13 09:41:21,909 - ======================================================================
2026-04-13 09:41:21,909 - FILE: E-n76-k10.vrp
2026-04-13 09:41:21,910 - ======================================================================
2026-04-13 09:41:21,919 - Dim=76 K=10 Cap=140
2026-04-13 09:41:21,919 - --- Step 1: Clarke-Wright Heuristic ---
2026-04-13 09:41:21,925 -   cost=1053 time=0.01s
2026-04-13 09:41:21,925 - --- Step 2, 3, 4: Advanced Optimization Pipeline ---
2026-04-13 09:41:21,925 - =========================================
2026-04-13 09:41:21,925 - BẮT ĐẦU TUYẾN TRÌNH TỐI ƯU (PIPELINE)
2026-04-13 09:41:21,925 - =========================================
2026-04-13 09:41:21,925 - === GIAI ĐOẠN 2: LOCAL SEARCH ĐA TOÁN TỬ | Bắt đầu: 1053.00 ===
2026-04-13 09:41:22,071 -   [LS Iter 1] Cải thiện cost: 1053.00 -> 926.00
2026-04-13 09:41:22,210 -   [LS Iter 2] Cải thiện cost: 926.00 -> 918.00
2026-04-13 09:41:22,353 -   [LS Iter 3] Cải thiện cost: 918.00 -> 911.00
2026-04-13 09:41:22,489 - === KẾT THÚC GIAI ĐOẠN 2 | Đạt cực trị tại: 911.00 ===
2026-04-13 09:41:22,490 - === BẮT ĐẦU CHẶNG 3: ALNS + GLS | Vòng lặp: 150 | Cost: 911.00 ===
2026-04-13 09:41:22,772 -   [ALNS Iter 1] Related Destroy phá vỡ giới hạn -> BEST MỚI: 909.00
2026-04-13 09:41:23,193 -   [ALNS Iter 2] Related Destroy phá vỡ giới hạn -> BEST MỚI: 894.00
2026-04-13 09:41:24,853 -   [ALNS Iter 7] Worst Destroy phá vỡ giới hạn -> BEST MỚI: 876.00
2026-04-13 09:41:25,244 -   [ALNS Iter 8] Related Destroy phá vỡ giới hạn -> BEST MỚI: 870.00
2026-04-13 09:41:25,768 -   [ALNS Iter 10] Related Destroy phá vỡ giới hạn -> BEST MỚI: 869.00
2026-04-13 09:41:31,930 -   [ALNS Iter 48] Related Destroy phá vỡ giới hạn -> BEST MỚI: 868.00
2026-04-13 09:41:36,606 -   [GLS Iter 81] Cập nhật ma trận phạt để thay đổi hướng đi.
2026-04-13 09:41:45,731 -   [ALNS Iter 125] Related Destroy phá vỡ giới hạn -> BEST MỚI: 866.00
2026-04-13 09:41:51,333 - === KẾT THÚC CHẶNG 3 | Cost xuất sắc nhất đạt được: 866.00 ===
2026-04-13 09:41:51,333 - === BẮT ĐẦU CHẶNG 4: MAX-SAT CHÍNH XÁC | Cost: 866.00 ===
2026-04-13 09:41:51,333 -   [GĐ 4.1] Giải bài toán TSP trên từng tuyến đơn...
2026-04-13 09:41:52,987 -   [GĐ 4.2] Xét từng cặp tuyến để phân bổ lại khách hàng...
2026-04-13 09:41:52,987 -   --- Pairwise Iter 1 (còn 1569s) ---
2026-04-13 09:42:52,991 -     [P-Timeout 60.0s]
2026-04-13 09:43:53,004 -     [P-Timeout 60.0s]
2026-04-13 09:44:53,015 -     [P-Timeout 60.0s]
2026-04-13 09:45:53,028 -     [P-Timeout 60.0s]
2026-04-13 09:46:53,042 -     [P-Timeout 60.0s]
2026-04-13 09:47:53,053 -     [P-Timeout 60.0s]
2026-04-13 09:48:53,065 -     [P-Timeout 60.0s]
2026-04-13 09:49:53,076 -     [P-Timeout 60.0s]
2026-04-13 09:50:53,092 -     [P-Timeout 60.0s]
2026-04-13 09:51:53,107 -     [P-Timeout 60.0s]
2026-04-13 09:52:53,118 -     [P-Timeout 60.0s]
2026-04-13 09:53:53,130 -     [P-Timeout 60.0s]
2026-04-13 09:54:53,142 -     [P-Timeout 60.0s]
2026-04-13 09:55:53,154 -     [P-Timeout 60.0s]
2026-04-13 09:56:53,166 -     [P-Timeout 60.0s]
2026-04-13 09:57:53,178 -     [P-Timeout 60.0s]
2026-04-13 09:58:53,192 -     [P-Timeout 60.0s]
2026-04-13 09:59:53,206 -     [P-Timeout 60.0s]
2026-04-13 10:00:53,218 -     [P-Timeout 60.0s]
2026-04-13 10:01:53,230 -     [P-Timeout 60.0s]
2026-04-13 10:02:53,245 -     [P-Timeout 60.0s]
2026-04-13 10:03:53,258 -     [P-Timeout 60.0s]
2026-04-13 10:04:53,270 -     [P-Timeout 60.0s]
2026-04-13 10:05:53,283 -     [P-Timeout 60.0s]
2026-04-13 10:06:53,295 -     [P-Timeout 60.0s]
2026-04-13 10:07:53,309 -     [P-Timeout 60.0s]
2026-04-13 10:07:59,929 -     [P-Timeout 6.6s]
2026-04-13 10:07:59,935 -     -> Đã đạt cực trị toàn cục cho mọi cặp dưới ngưỡng. KẾT THÚC CHẶNG 4.
2026-04-13 10:07:59,936 - HOÀN THÀNH PIPELINE. Final cost=866.00 | Time=1598.0s
2026-04-13 10:07:59,936 - ======================================================================
2026-04-13 10:07:59,936 - CW Khởi tạo = 1053 → Sau Pipeline = 866
2026-04-13 10:07:59,936 - Cải thiện so CW: 187
2026-04-13 10:07:59,936 - Tổng thời gian: 1598.0s
2026-04-13 10:07:59,936 - Verified cost: 866
2026-04-13 10:07:59,937 - ======================================================================
2026-04-13 10:07:59,937 - FILE: E-n101-k8.vrp
2026-04-13 10:07:59,937 - ======================================================================
2026-04-13 10:07:59,955 - Dim=101 K=8 Cap=200
2026-04-13 10:07:59,955 - --- Step 1: Clarke-Wright Heuristic ---
2026-04-13 10:07:59,966 -   cost=1123 time=0.01s
2026-04-13 10:07:59,966 - --- Step 2, 3, 4: Advanced Optimization Pipeline ---
2026-04-13 10:07:59,966 - =========================================
2026-04-13 10:07:59,966 - BẮT ĐẦU TUYẾN TRÌNH TỐI ƯU (PIPELINE)
2026-04-13 10:07:59,966 - =========================================
2026-04-13 10:07:59,966 - === GIAI ĐOẠN 2: LOCAL SEARCH ĐA TOÁN TỬ | Bắt đầu: 1123.00 ===
2026-04-13 10:08:00,562 -   [LS Iter 1] Cải thiện cost: 1123.00 -> 923.00
2026-04-13 10:08:01,146 -   [LS Iter 2] Cải thiện cost: 923.00 -> 880.00
2026-04-13 10:08:01,689 -   [LS Iter 3] Cải thiện cost: 880.00 -> 872.00
2026-04-13 10:08:02,234 -   [LS Iter 4] Cải thiện cost: 872.00 -> 869.00
2026-04-13 10:08:02,780 -   [LS Iter 5] Cải thiện cost: 869.00 -> 868.00
2026-04-13 10:08:03,336 -   [LS Iter 6] Cải thiện cost: 868.00 -> 866.00
2026-04-13 10:08:03,900 -   [LS Iter 7] Cải thiện cost: 866.00 -> 862.00
2026-04-13 10:08:04,468 -   [LS Iter 8] Cải thiện cost: 862.00 -> 860.00
2026-04-13 10:08:05,034 -   [LS Iter 9] Cải thiện cost: 860.00 -> 859.00
2026-04-13 10:08:05,585 -   [LS Iter 10] Cải thiện cost: 859.00 -> 854.00
2026-04-13 10:08:06,136 -   [LS Iter 11] Cải thiện cost: 854.00 -> 851.00
2026-04-13 10:08:06,667 -   [LS Iter 12] Cải thiện cost: 851.00 -> 845.00
2026-04-13 10:08:07,207 -   [LS Iter 13] Cải thiện cost: 845.00 -> 844.00
2026-04-13 10:08:07,761 -   [LS Iter 14] Cải thiện cost: 844.00 -> 842.00
2026-04-13 10:08:08,314 - === KẾT THÚC GIAI ĐOẠN 2 | Đạt cực trị tại: 842.00 ===
2026-04-13 10:08:08,314 - === BẮT ĐẦU CHẶNG 3: ALNS + GLS | Vòng lặp: 150 | Cost: 842.00 ===
2026-04-13 10:08:13,094 -   [ALNS Iter 2] Related Destroy phá vỡ giới hạn -> BEST MỚI: 840.00
2026-04-13 10:08:14,108 -   [ALNS Iter 3] Random Destroy phá vỡ giới hạn -> BEST MỚI: 838.00
2026-04-13 10:08:15,183 -   [ALNS Iter 4] Random Destroy phá vỡ giới hạn -> BEST MỚI: 836.00
2026-04-13 10:08:16,743 -   [ALNS Iter 5] Related Destroy phá vỡ giới hạn -> BEST MỚI: 835.00
2026-04-13 10:09:00,816 -   [GLS Iter 41] Cập nhật ma trận phạt để thay đổi hướng đi.
2026-04-13 10:10:27,030 -   [GLS Iter 101] Cập nhật ma trận phạt để thay đổi hướng đi.
2026-04-13 10:11:25,827 - === KẾT THÚC CHẶNG 3 | Cost xuất sắc nhất đạt được: 835.00 ===
2026-04-13 10:11:25,827 - === BẮT ĐẦU CHẶNG 4: MAX-SAT CHÍNH XÁC | Cost: 835.00 ===
2026-04-13 10:11:25,827 -   [GĐ 4.1] Giải bài toán TSP trên từng tuyến đơn...
2026-04-13 10:11:41,497 -   [GĐ 4.2] Xét từng cặp tuyến để phân bổ lại khách hàng...
2026-04-13 10:11:41,498 -   --- Pairwise Iter 1 (còn 1378s) ---
2026-04-13 10:11:41,499 -     -> Đã đạt cực trị toàn cục cho mọi cặp dưới ngưỡng. KẾT THÚC CHẶNG 4.
2026-04-13 10:11:41,499 - HOÀN THÀNH PIPELINE. Final cost=835.00 | Time=221.5s
2026-04-13 10:11:41,499 - ======================================================================
2026-04-13 10:11:41,499 - CW Khởi tạo = 1123 → Sau Pipeline = 835
2026-04-13 10:11:41,499 - Cải thiện so CW: 288
2026-04-13 10:11:41,499 - Tổng thời gian: 221.5s
2026-04-13 10:11:41,499 - Verified cost: 835
2026-04-13 10:11:41,501 - ======================================================================
2026-04-13 10:11:41,501 - FILE: E-n101-k14.vrp
2026-04-13 10:11:41,501 - ======================================================================
2026-04-13 10:11:41,517 - Dim=101 K=14 Cap=112
2026-04-13 10:11:41,517 - --- Step 1: Clarke-Wright Heuristic ---
2026-04-13 10:11:41,527 -   cost=1413 time=0.01s
2026-04-13 10:11:41,527 - --- Step 2, 3, 4: Advanced Optimization Pipeline ---
2026-04-13 10:11:41,527 - =========================================
2026-04-13 10:11:41,527 - BẮT ĐẦU TUYẾN TRÌNH TỐI ƯU (PIPELINE)
2026-04-13 10:11:41,527 - =========================================
2026-04-13 10:11:41,527 - === GIAI ĐOẠN 2: LOCAL SEARCH ĐA TOÁN TỬ | Bắt đầu: 1413.00 ===
2026-04-13 10:11:41,866 -   [LS Iter 1] Cải thiện cost: 1413.00 -> 1174.00
2026-04-13 10:11:42,156 -   [LS Iter 2] Cải thiện cost: 1174.00 -> 1146.00
2026-04-13 10:11:42,438 -   [LS Iter 3] Cải thiện cost: 1146.00 -> 1131.00
2026-04-13 10:11:42,714 -   [LS Iter 4] Cải thiện cost: 1131.00 -> 1129.00
2026-04-13 10:11:42,969 -   [LS Iter 5] Cải thiện cost: 1129.00 -> 1122.00
2026-04-13 10:11:43,225 - === KẾT THÚC GIAI ĐOẠN 2 | Đạt cực trị tại: 1122.00 ===
2026-04-13 10:11:43,225 - === BẮT ĐẦU CHẶNG 3: ALNS + GLS | Vòng lặp: 150 | Cost: 1122.00 ===
2026-04-13 10:11:44,620 -   [ALNS Iter 1] Related Destroy phá vỡ giới hạn -> BEST MỚI: 1119.00
2026-04-13 10:11:48,735 -   [ALNS Iter 4] Related Destroy phá vỡ giới hạn -> BEST MỚI: 1104.00
2026-04-13 10:11:50,119 -   [ALNS Iter 6] Random Destroy phá vỡ giới hạn -> BEST MỚI: 1102.00
2026-04-13 10:12:07,619 -   [GLS Iter 21] Cập nhật ma trận phạt để thay đổi hướng đi.
2026-04-13 10:13:00,698 -   [GLS Iter 81] Cập nhật ma trận phạt để thay đổi hướng đi.
2026-04-13 10:13:58,010 -   [GLS Iter 141] Cập nhật ma trận phạt để thay đổi hướng đi.
2026-04-13 10:14:07,840 - === KẾT THÚC CHẶNG 3 | Cost xuất sắc nhất đạt được: 1102.00 ===
2026-04-13 10:14:07,840 - === BẮT ĐẦU CHẶNG 4: MAX-SAT CHÍNH XÁC | Cost: 1102.00 ===
2026-04-13 10:14:07,840 -   [GĐ 4.1] Giải bài toán TSP trên từng tuyến đơn...
2026-04-13 10:14:11,330 -   [GĐ 4.2] Xét từng cặp tuyến để phân bổ lại khách hàng...
2026-04-13 10:14:11,330 -   --- Pairwise Iter 1 (còn 1450s) ---
2026-04-13 10:15:11,335 -     [P-Timeout 60.0s]
2026-04-13 10:16:11,346 -     [P-Timeout 60.0s]
2026-04-13 10:17:11,356 -     [P-Timeout 60.0s]
2026-04-13 10:19:07,979 -     [P-Timeout 60.0s]
2026-04-13 10:20:07,990 -     [P-Timeout 60.0s]
2026-04-13 10:21:08,002 -     [P-Timeout 60.0s]
2026-04-13 10:22:08,014 -     [P-Timeout 60.0s]
2026-04-13 10:23:08,025 -     [P-Timeout 60.0s]
2026-04-13 10:24:08,036 -     [P-Timeout 60.0s]
2026-04-13 10:25:08,046 -     [P-Timeout 60.0s]
2026-04-13 10:26:08,057 -     [P-Timeout 60.0s]
2026-04-13 10:27:08,069 -     [P-Timeout 60.0s]
2026-04-13 10:28:08,082 -     [P-Timeout 60.0s]
2026-04-13 10:29:08,093 -     [P-Timeout 60.0s]
2026-04-13 10:30:08,106 -     [P-Timeout 60.0s]
2026-04-13 10:31:08,118 -     [P-Timeout 60.0s]
2026-04-13 10:32:08,134 -     [P-Timeout 60.0s]
2026-04-13 10:33:08,144 -     [P-Timeout 60.0s]
2026-04-13 10:34:08,157 -     [P-Timeout 60.0s]
2026-04-13 10:35:08,169 -     [P-Timeout 60.0s]
2026-04-13 10:36:08,182 -     [P-Timeout 60.0s]
2026-04-13 10:37:08,194 -     [P-Timeout 60.0s]
2026-04-13 10:38:08,206 -     [P-Timeout 60.0s]
2026-04-13 10:38:19,530 -     [P-Timeout 11.3s]
2026-04-13 10:38:19,536 -     -> Đã đạt cực trị toàn cục cho mọi cặp dưới ngưỡng. KẾT THÚC CHẶNG 4.
2026-04-13 10:38:19,536 - HOÀN THÀNH PIPELINE. Final cost=1102.00 | Time=1598.0s
2026-04-13 10:38:19,536 - ======================================================================
2026-04-13 10:38:19,537 - CW Khởi tạo = 1413 → Sau Pipeline = 1102
2026-04-13 10:38:19,537 - Cải thiện so CW: 311
2026-04-13 10:38:19,537 - Tổng thời gian: 1598.0s
2026-04-13 10:38:19,537 - Verified cost: 1102
