2026-04-15 00:26:59,075 - ======================================================================
2026-04-15 00:26:59,076 - FILE: P-n16-k8.vrp
2026-04-15 00:26:59,076 - ======================================================================
2026-04-15 00:26:59,077 - Dim=16 K=8 Cap=35
2026-04-15 00:26:59,077 - --- Step 1: Clarke-Wright Heuristic ---
2026-04-15 00:26:59,082 -   cost=482 time=0.00s
2026-04-15 00:26:59,082 - --- Step 2, 3, 4: Advanced Optimization Pipeline ---
2026-04-15 00:26:59,082 - =========================================
2026-04-15 00:26:59,082 - BẮT ĐẦU TUYẾN TRÌNH TỐI ƯU (PIPELINE)
2026-04-15 00:26:59,082 - =========================================
2026-04-15 00:26:59,083 - === GIAI ĐOẠN 2: LOCAL SEARCH ĐA TOÁN TỬ | Bắt đầu: 482.00 ===
2026-04-15 00:26:59,085 -   [LS Iter 1] Cải thiện cost: 482.00 -> 461.00
2026-04-15 00:26:59,087 - === KẾT THÚC GIAI ĐOẠN 2 | Đạt cực trị tại: 461.00 ===
2026-04-15 00:26:59,087 - === BẮT ĐẦU CHẶNG 3: ALNS + GLS | Vòng lặp: 300 | Cost: 461.00 ===
2026-04-15 00:26:59,172 -   [GLS Iter 21] Cập nhật ma trận phạt do kẹt tải trọng liên tục.
2026-04-15 00:26:59,342 -   [GLS Iter 81] Cập nhật ma trận phạt để thay đổi hướng đi.
2026-04-15 00:26:59,428 -   [ALNS Iter 108] Random Destroy phá vỡ giới hạn -> BEST MỚI: 450.00
2026-04-15 00:26:59,428 -   [ALNS] 🎉 Đã chạm mốc BKS (450.0). Ngắt vòng lặp ALNS sớm!
2026-04-15 00:26:59,428 - === KẾT THÚC CHẶNG 3 | Cost xuất sắc nhất đạt được: 450.00 ===
2026-04-15 00:26:59,428 - 🎉 ĐÃ ĐẠT NGHIỆM TỐI ƯU TOÀN CỤC (BKS = 450.0). DỪNG SỚM!
2026-04-15 00:26:59,428 - ======================================================================
2026-04-15 00:26:59,428 - CW Khởi tạo = 482 → Sau Pipeline = 450
2026-04-15 00:26:59,428 - Cải thiện so CW: 32
2026-04-15 00:26:59,428 - Tổng thời gian: 0.3s
2026-04-15 00:26:59,428 - Verified cost: 450
2026-04-15 00:26:59,429 - ======================================================================
2026-04-15 00:26:59,429 - FILE: P-n19-k2.vrp
2026-04-15 00:26:59,429 - ======================================================================
2026-04-15 00:26:59,430 - Dim=19 K=2 Cap=160
2026-04-15 00:26:59,430 - --- Step 1: Clarke-Wright Heuristic ---
2026-04-15 00:26:59,430 -   cost=248 time=0.00s
2026-04-15 00:26:59,431 - --- Step 2, 3, 4: Advanced Optimization Pipeline ---
2026-04-15 00:26:59,431 - =========================================
2026-04-15 00:26:59,431 - BẮT ĐẦU TUYẾN TRÌNH TỐI ƯU (PIPELINE)
2026-04-15 00:26:59,431 - =========================================
2026-04-15 00:26:59,431 - === GIAI ĐOẠN 2: LOCAL SEARCH ĐA TOÁN TỬ | Bắt đầu: 248.00 ===
2026-04-15 00:26:59,439 -   [LS Iter 1] Cải thiện cost: 248.00 -> 219.00
2026-04-15 00:26:59,447 - === KẾT THÚC GIAI ĐOẠN 2 | Đạt cực trị tại: 219.00 ===
2026-04-15 00:26:59,447 - === BẮT ĐẦU CHẶNG 3: ALNS + GLS | Vòng lặp: 300 | Cost: 219.00 ===
2026-04-15 00:26:59,464 -   [ALNS Iter 1] Worst Destroy phá vỡ giới hạn -> BEST MỚI: 212.00
2026-04-15 00:26:59,465 -   [ALNS] 🎉 Đã chạm mốc BKS (212.0). Ngắt vòng lặp ALNS sớm!
2026-04-15 00:26:59,465 - === KẾT THÚC CHẶNG 3 | Cost xuất sắc nhất đạt được: 212.00 ===
2026-04-15 00:26:59,465 - 🎉 ĐÃ ĐẠT NGHIỆM TỐI ƯU TOÀN CỤC (BKS = 212.0). DỪNG SỚM!
2026-04-15 00:26:59,465 - ======================================================================
2026-04-15 00:26:59,465 - CW Khởi tạo = 248 → Sau Pipeline = 212
2026-04-15 00:26:59,465 - Cải thiện so CW: 36
2026-04-15 00:26:59,465 - Tổng thời gian: 0.0s
2026-04-15 00:26:59,465 - Verified cost: 212
2026-04-15 00:26:59,466 - ======================================================================
2026-04-15 00:26:59,466 - FILE: P-n20-k2.vrp
2026-04-15 00:26:59,466 - ======================================================================
2026-04-15 00:26:59,466 - Dim=20 K=2 Cap=160
2026-04-15 00:26:59,467 - --- Step 1: Clarke-Wright Heuristic ---
2026-04-15 00:26:59,467 -   cost=266 time=0.00s
2026-04-15 00:26:59,467 - --- Step 2, 3, 4: Advanced Optimization Pipeline ---
2026-04-15 00:26:59,467 - =========================================
2026-04-15 00:26:59,467 - BẮT ĐẦU TUYẾN TRÌNH TỐI ƯU (PIPELINE)
2026-04-15 00:26:59,467 - =========================================
2026-04-15 00:26:59,467 - === GIAI ĐOẠN 2: LOCAL SEARCH ĐA TOÁN TỬ | Bắt đầu: 266.00 ===
2026-04-15 00:26:59,479 -   [LS Iter 1] Cải thiện cost: 266.00 -> 227.00
2026-04-15 00:26:59,489 - === KẾT THÚC GIAI ĐOẠN 2 | Đạt cực trị tại: 227.00 ===
2026-04-15 00:26:59,489 - === BẮT ĐẦU CHẶNG 3: ALNS + GLS | Vòng lặp: 300 | Cost: 227.00 ===
2026-04-15 00:26:59,634 -   [ALNS Iter 14] Random Destroy phá vỡ giới hạn -> BEST MỚI: 217.00
2026-04-15 00:26:59,786 -   [ALNS Iter 30] Random Destroy phá vỡ giới hạn -> BEST MỚI: 216.00
2026-04-15 00:26:59,786 -   [ALNS] 🎉 Đã chạm mốc BKS (216.0). Ngắt vòng lặp ALNS sớm!
2026-04-15 00:26:59,786 - === KẾT THÚC CHẶNG 3 | Cost xuất sắc nhất đạt được: 216.00 ===
2026-04-15 00:26:59,786 - 🎉 ĐÃ ĐẠT NGHIỆM TỐI ƯU TOÀN CỤC (BKS = 216.0). DỪNG SỚM!
2026-04-15 00:26:59,786 - ======================================================================
2026-04-15 00:26:59,786 - CW Khởi tạo = 266 → Sau Pipeline = 216
2026-04-15 00:26:59,786 - Cải thiện so CW: 50
2026-04-15 00:26:59,786 - Tổng thời gian: 0.3s
2026-04-15 00:26:59,786 - Verified cost: 216
2026-04-15 00:26:59,787 - ======================================================================
2026-04-15 00:26:59,787 - FILE: P-n21-k2.vrp
2026-04-15 00:26:59,787 - ======================================================================
2026-04-15 00:26:59,788 - Dim=21 K=2 Cap=160
2026-04-15 00:26:59,788 - --- Step 1: Clarke-Wright Heuristic ---
2026-04-15 00:26:59,788 -   cost=270 time=0.00s
2026-04-15 00:26:59,788 - --- Step 2, 3, 4: Advanced Optimization Pipeline ---
2026-04-15 00:26:59,788 - =========================================
2026-04-15 00:26:59,788 - BẮT ĐẦU TUYẾN TRÌNH TỐI ƯU (PIPELINE)
2026-04-15 00:26:59,788 - =========================================
2026-04-15 00:26:59,788 - === GIAI ĐOẠN 2: LOCAL SEARCH ĐA TOÁN TỬ | Bắt đầu: 270.00 ===
2026-04-15 00:26:59,807 -   [LS Iter 1] Cải thiện cost: 270.00 -> 217.00
2026-04-15 00:26:59,822 -   [LS Iter 2] Cải thiện cost: 217.00 -> 211.00
2026-04-15 00:26:59,835 - === KẾT THÚC GIAI ĐOẠN 2 | Đạt cực trị tại: 211.00 ===
2026-04-15 00:26:59,835 - === BẮT ĐẦU CHẶNG 3: ALNS + GLS | Vòng lặp: 300 | Cost: 211.00 ===
2026-04-15 00:26:59,835 -   [ALNS] 🎉 Đã chạm mốc BKS (211.0). Ngắt vòng lặp ALNS sớm!
2026-04-15 00:26:59,835 - === KẾT THÚC CHẶNG 3 | Cost xuất sắc nhất đạt được: 211.00 ===
2026-04-15 00:26:59,835 - 🎉 ĐÃ ĐẠT NGHIỆM TỐI ƯU TOÀN CỤC (BKS = 211.0). DỪNG SỚM!
2026-04-15 00:26:59,836 - ======================================================================
2026-04-15 00:26:59,836 - CW Khởi tạo = 270 → Sau Pipeline = 211
2026-04-15 00:26:59,836 - Cải thiện so CW: 59
2026-04-15 00:26:59,836 - Tổng thời gian: 0.0s
2026-04-15 00:26:59,836 - Verified cost: 211
2026-04-15 00:26:59,837 - ======================================================================
2026-04-15 00:26:59,837 - FILE: P-n22-k8.vrp
2026-04-15 00:26:59,837 - ======================================================================
2026-04-15 00:26:59,838 - Dim=22 K=8 Cap=3000
2026-04-15 00:26:59,838 - --- Step 1: Clarke-Wright Heuristic ---
2026-04-15 00:26:59,839 -   cost=773 time=0.00s
2026-04-15 00:26:59,839 - --- Step 2, 3, 4: Advanced Optimization Pipeline ---
2026-04-15 00:26:59,839 - =========================================
2026-04-15 00:26:59,839 - BẮT ĐẦU TUYẾN TRÌNH TỐI ƯU (PIPELINE)
2026-04-15 00:26:59,839 - =========================================
2026-04-15 00:26:59,839 - === GIAI ĐOẠN 2: LOCAL SEARCH ĐA TOÁN TỬ | Bắt đầu: 773.00 ===
2026-04-15 00:26:59,844 -   [LS Iter 1] Cải thiện cost: 773.00 -> 670.00
2026-04-15 00:26:59,849 -   [LS Iter 2] Cải thiện cost: 670.00 -> 665.00
2026-04-15 00:26:59,855 - === KẾT THÚC GIAI ĐOẠN 2 | Đạt cực trị tại: 665.00 ===
2026-04-15 00:26:59,855 - === BẮT ĐẦU CHẶNG 3: ALNS + GLS | Vòng lặp: 300 | Cost: 665.00 ===
2026-04-15 00:26:59,978 -   [GLS Iter 21] Cập nhật ma trận phạt để thay đổi hướng đi.
2026-04-15 00:27:00,359 -   [GLS Iter 81] Cập nhật ma trận phạt để thay đổi hướng đi.
2026-04-15 00:27:00,379 -   [ALNS Iter 84] Related Destroy phá vỡ giới hạn -> BEST MỚI: 661.00
2026-04-15 00:27:00,512 -   [ALNS Iter 107] Related Destroy phá vỡ giới hạn -> BEST MỚI: 640.00
2026-04-15 00:27:00,687 -   [ALNS Iter 145] Related Destroy phá vỡ giới hạn -> BEST MỚI: 634.00
2026-04-15 00:27:00,851 -   [ALNS Iter 177] Worst Destroy phá vỡ giới hạn -> BEST MỚI: 603.00
2026-04-15 00:27:00,851 -   [ALNS] 🎉 Đã chạm mốc BKS (603.0). Ngắt vòng lặp ALNS sớm!
2026-04-15 00:27:00,851 - === KẾT THÚC CHẶNG 3 | Cost xuất sắc nhất đạt được: 603.00 ===
2026-04-15 00:27:00,851 - 🎉 ĐÃ ĐẠT NGHIỆM TỐI ƯU TOÀN CỤC (BKS = 603.0). DỪNG SỚM!
2026-04-15 00:27:00,851 - ======================================================================
2026-04-15 00:27:00,851 - CW Khởi tạo = 773 → Sau Pipeline = 603
2026-04-15 00:27:00,851 - Cải thiện so CW: 170
2026-04-15 00:27:00,851 - Tổng thời gian: 1.0s
2026-04-15 00:27:00,851 - Verified cost: 603
2026-04-15 00:27:00,852 - ======================================================================
2026-04-15 00:27:00,852 - FILE: P-n22-k2.vrp
2026-04-15 00:27:00,852 - ======================================================================
2026-04-15 00:27:00,853 - Dim=22 K=2 Cap=160
2026-04-15 00:27:00,853 - --- Step 1: Clarke-Wright Heuristic ---
2026-04-15 00:27:00,853 -   cost=284 time=0.00s
2026-04-15 00:27:00,854 - --- Step 2, 3, 4: Advanced Optimization Pipeline ---
2026-04-15 00:27:00,854 - =========================================
2026-04-15 00:27:00,854 - BẮT ĐẦU TUYẾN TRÌNH TỐI ƯU (PIPELINE)
2026-04-15 00:27:00,854 - =========================================
2026-04-15 00:27:00,854 - === GIAI ĐOẠN 2: LOCAL SEARCH ĐA TOÁN TỬ | Bắt đầu: 284.00 ===
2026-04-15 00:27:00,867 -   [LS Iter 1] Cải thiện cost: 284.00 -> 247.00
2026-04-15 00:27:00,884 -   [LS Iter 2] Cải thiện cost: 247.00 -> 222.00
2026-04-15 00:27:00,898 - === KẾT THÚC GIAI ĐOẠN 2 | Đạt cực trị tại: 222.00 ===
2026-04-15 00:27:00,898 - === BẮT ĐẦU CHẶNG 3: ALNS + GLS | Vòng lặp: 300 | Cost: 222.00 ===
2026-04-15 00:27:01,232 -   [GLS Iter 21] Cập nhật ma trận phạt để thay đổi hướng đi.
2026-04-15 00:27:01,287 -   [ALNS Iter 24] Random Destroy phá vỡ giới hạn -> BEST MỚI: 216.00
2026-04-15 00:27:01,287 -   [ALNS] 🎉 Đã chạm mốc BKS (216.0). Ngắt vòng lặp ALNS sớm!
2026-04-15 00:27:01,287 - === KẾT THÚC CHẶNG 3 | Cost xuất sắc nhất đạt được: 216.00 ===
2026-04-15 00:27:01,287 - 🎉 ĐÃ ĐẠT NGHIỆM TỐI ƯU TOÀN CỤC (BKS = 216.0). DỪNG SỚM!
2026-04-15 00:27:01,287 - ======================================================================
2026-04-15 00:27:01,287 - CW Khởi tạo = 284 → Sau Pipeline = 216
2026-04-15 00:27:01,287 - Cải thiện so CW: 68
2026-04-15 00:27:01,287 - Tổng thời gian: 0.4s
2026-04-15 00:27:01,287 - Verified cost: 216
2026-04-15 00:27:01,288 - ======================================================================
2026-04-15 00:27:01,288 - FILE: P-n23-k8.vrp
2026-04-15 00:27:01,288 - ======================================================================
2026-04-15 00:27:01,289 - Dim=23 K=8 Cap=40
2026-04-15 00:27:01,289 - --- Step 1: Clarke-Wright Heuristic ---
2026-04-15 00:27:01,290 -   cost=555 time=0.00s
2026-04-15 00:27:01,290 - --- Step 2, 3, 4: Advanced Optimization Pipeline ---
2026-04-15 00:27:01,290 - =========================================
2026-04-15 00:27:01,290 - BẮT ĐẦU TUYẾN TRÌNH TỐI ƯU (PIPELINE)
2026-04-15 00:27:01,290 - =========================================
2026-04-15 00:27:01,290 - === GIAI ĐOẠN 2: LOCAL SEARCH ĐA TOÁN TỬ | Bắt đầu: 555.00 ===
2026-04-15 00:27:01,295 -   [LS Iter 1] Cải thiện cost: 555.00 -> 534.00
2026-04-15 00:27:01,300 -   [LS Iter 2] Cải thiện cost: 534.00 -> 533.00
2026-04-15 00:27:01,305 - === KẾT THÚC GIAI ĐOẠN 2 | Đạt cực trị tại: 533.00 ===
2026-04-15 00:27:01,305 - === BẮT ĐẦU CHẶNG 3: ALNS + GLS | Vòng lặp: 300 | Cost: 533.00 ===
2026-04-15 00:27:01,357 -   [GLS Iter 21] Cập nhật ma trận phạt do kẹt tải trọng liên tục.
2026-04-15 00:27:01,410 -   [ALNS Iter 36] Related Destroy phá vỡ giới hạn -> BEST MỚI: 529.00
2026-04-15 00:27:01,410 -   [ALNS] 🎉 Đã chạm mốc BKS (529.0). Ngắt vòng lặp ALNS sớm!
2026-04-15 00:27:01,410 - === KẾT THÚC CHẶNG 3 | Cost xuất sắc nhất đạt được: 529.00 ===
2026-04-15 00:27:01,410 - 🎉 ĐÃ ĐẠT NGHIỆM TỐI ƯU TOÀN CỤC (BKS = 529.0). DỪNG SỚM!
2026-04-15 00:27:01,410 - ======================================================================
2026-04-15 00:27:01,410 - CW Khởi tạo = 555 → Sau Pipeline = 529
2026-04-15 00:27:01,410 - Cải thiện so CW: 26
2026-04-15 00:27:01,410 - Tổng thời gian: 0.1s
2026-04-15 00:27:01,411 - Verified cost: 529
2026-04-15 00:27:01,411 - ======================================================================
2026-04-15 00:27:01,411 - FILE: P-n40-k5.vrp
2026-04-15 00:27:01,411 - ======================================================================
2026-04-15 00:27:01,414 - Dim=40 K=5 Cap=140
2026-04-15 00:27:01,414 - --- Step 1: Clarke-Wright Heuristic ---
2026-04-15 00:27:01,415 -   cost=596 time=0.00s
2026-04-15 00:27:01,415 - --- Step 2, 3, 4: Advanced Optimization Pipeline ---
2026-04-15 00:27:01,415 - =========================================
2026-04-15 00:27:01,415 - BẮT ĐẦU TUYẾN TRÌNH TỐI ƯU (PIPELINE)
2026-04-15 00:27:01,415 - =========================================
2026-04-15 00:27:01,415 - === GIAI ĐOẠN 2: LOCAL SEARCH ĐA TOÁN TỬ | Bắt đầu: 596.00 ===
2026-04-15 00:27:01,482 -   [LS Iter 1] Cải thiện cost: 596.00 -> 528.00
2026-04-15 00:27:01,545 -   [LS Iter 2] Cải thiện cost: 528.00 -> 509.00
2026-04-15 00:27:01,596 -   [LS Iter 3] Cải thiện cost: 509.00 -> 503.00
2026-04-15 00:27:01,647 -   [LS Iter 4] Cải thiện cost: 503.00 -> 493.00
2026-04-15 00:27:01,700 -   [LS Iter 5] Cải thiện cost: 493.00 -> 492.00
2026-04-15 00:27:01,755 -   [LS Iter 6] Cải thiện cost: 492.00 -> 488.00
2026-04-15 00:27:01,809 - === KẾT THÚC GIAI ĐOẠN 2 | Đạt cực trị tại: 488.00 ===
2026-04-15 00:27:01,809 - === BẮT ĐẦU CHẶNG 3: ALNS + GLS | Vòng lặp: 300 | Cost: 488.00 ===
2026-04-15 00:27:02,276 -   [ALNS Iter 6] Random Destroy phá vỡ giới hạn -> BEST MỚI: 484.00
2026-04-15 00:27:02,438 -   [ALNS Iter 8] Random Destroy phá vỡ giới hạn -> BEST MỚI: 482.00
2026-04-15 00:27:02,866 -   [ALNS Iter 14] Random Destroy phá vỡ giới hạn -> BEST MỚI: 475.00
2026-04-15 00:27:04,929 -   [GLS Iter 41] Cập nhật ma trận phạt để thay đổi hướng đi.
2026-04-15 00:27:05,226 -   [ALNS Iter 43] Random Destroy phá vỡ giới hạn -> BEST MỚI: 469.00
2026-04-15 00:27:05,978 -   [ALNS Iter 54] Random Destroy phá vỡ giới hạn -> BEST MỚI: 467.00
2026-04-15 00:27:08,731 -   [GLS Iter 81] Cập nhật ma trận phạt để thay đổi hướng đi.
2026-04-15 00:27:09,155 -   [ALNS Iter 85] Random Destroy phá vỡ giới hạn -> BEST MỚI: 465.00
2026-04-15 00:27:10,464 -   [ALNS Iter 96] Random Destroy phá vỡ giới hạn -> BEST MỚI: 459.00
2026-04-15 00:27:12,012 -   [ALNS Iter 112] Random Destroy phá vỡ giới hạn -> BEST MỚI: 458.00
2026-04-15 00:27:12,012 -   [ALNS] 🎉 Đã chạm mốc BKS (458.0). Ngắt vòng lặp ALNS sớm!
2026-04-15 00:27:12,012 - === KẾT THÚC CHẶNG 3 | Cost xuất sắc nhất đạt được: 458.00 ===
2026-04-15 00:27:12,012 - 🎉 ĐÃ ĐẠT NGHIỆM TỐI ƯU TOÀN CỤC (BKS = 458.0). DỪNG SỚM!
2026-04-15 00:27:12,012 - ======================================================================
2026-04-15 00:27:12,012 - CW Khởi tạo = 596 → Sau Pipeline = 458
2026-04-15 00:27:12,012 - Cải thiện so CW: 138
2026-04-15 00:27:12,012 - Tổng thời gian: 10.6s
2026-04-15 00:27:12,012 - Verified cost: 458
2026-04-15 00:27:12,013 - ======================================================================
2026-04-15 00:27:12,013 - FILE: P-n45-k5.vrp
2026-04-15 00:27:12,013 - ======================================================================
2026-04-15 00:27:12,016 - Dim=45 K=5 Cap=150
2026-04-15 00:27:12,016 - --- Step 1: Clarke-Wright Heuristic ---
2026-04-15 00:27:12,018 -   cost=752 time=0.00s
2026-04-15 00:27:12,018 - --- Step 2, 3, 4: Advanced Optimization Pipeline ---
2026-04-15 00:27:12,018 - =========================================
2026-04-15 00:27:12,018 - BẮT ĐẦU TUYẾN TRÌNH TỐI ƯU (PIPELINE)
2026-04-15 00:27:12,018 - =========================================
2026-04-15 00:27:12,018 - === GIAI ĐOẠN 2: LOCAL SEARCH ĐA TOÁN TỬ | Bắt đầu: 752.00 ===
2026-04-15 00:27:12,111 -   [LS Iter 1] Cải thiện cost: 752.00 -> 593.00
2026-04-15 00:27:12,182 -   [LS Iter 2] Cải thiện cost: 593.00 -> 560.00
2026-04-15 00:27:12,253 -   [LS Iter 3] Cải thiện cost: 560.00 -> 555.00
2026-04-15 00:27:12,321 -   [LS Iter 4] Cải thiện cost: 555.00 -> 549.00
2026-04-15 00:27:12,389 -   [LS Iter 5] Cải thiện cost: 549.00 -> 546.00
2026-04-15 00:27:12,455 -   [LS Iter 6] Cải thiện cost: 546.00 -> 544.00
2026-04-15 00:27:12,524 -   [LS Iter 7] Cải thiện cost: 544.00 -> 542.00
2026-04-15 00:27:12,593 -   [LS Iter 8] Cải thiện cost: 542.00 -> 536.00
2026-04-15 00:27:12,661 - === KẾT THÚC GIAI ĐOẠN 2 | Đạt cực trị tại: 536.00 ===
2026-04-15 00:27:12,661 - === BẮT ĐẦU CHẶNG 3: ALNS + GLS | Vòng lặp: 300 | Cost: 536.00 ===
2026-04-15 00:27:15,059 -   [GLS Iter 21] Cập nhật ma trận phạt để thay đổi hướng đi.
2026-04-15 00:27:15,910 -   [ALNS Iter 26] Related Destroy phá vỡ giới hạn -> BEST MỚI: 516.00
2026-04-15 00:27:16,044 -   [ALNS Iter 27] Related Destroy phá vỡ giới hạn -> BEST MỚI: 515.00
2026-04-15 00:27:20,609 -   [ALNS Iter 60] Related Destroy phá vỡ giới hạn -> BEST MỚI: 511.00
2026-04-15 00:27:23,205 -   [GLS Iter 81] Cập nhật ma trận phạt để thay đổi hướng đi.
2026-04-15 00:27:32,951 -   [GLS Iter 141] Cập nhật ma trận phạt để thay đổi hướng đi.
2026-04-15 00:27:43,432 -   [GLS Iter 201] Cập nhật ma trận phạt để thay đổi hướng đi.
2026-04-15 00:27:53,400 -   [GLS Iter 261] Cập nhật ma trận phạt để thay đổi hướng đi.
2026-04-15 00:27:59,627 - === KẾT THÚC CHẶNG 3 | Cost xuất sắc nhất đạt được: 511.00 ===
2026-04-15 00:27:59,627 - === BẮT ĐẦU CHẶNG 4: MAX-SAT CHÍNH XÁC | Cost: 511.00 ===
2026-04-15 00:27:59,627 -   [GĐ 4.1] Giải bài toán TSP trên từng tuyến đơn...
2026-04-15 00:28:00,917 -   [GĐ 4.2] Xét từng cặp tuyến để phân bổ lại khách hàng...
2026-04-15 00:28:00,917 -   --- Pairwise Iter 1 (còn 1551s) ---
2026-04-15 00:29:00,921 -     [P-Timeout 60.0s]
2026-04-15 00:30:00,934 -     [P-Timeout 60.0s]
2026-04-15 00:31:00,947 -     [P-Timeout 60.0s]
2026-04-15 00:31:00,958 -     -> Đã đạt cực trị toàn cục cho mọi cặp dưới ngưỡng. KẾT THÚC CHẶNG 4.
2026-04-15 00:31:00,958 - HOÀN THÀNH PIPELINE. Final cost=511.00 | Time=228.9s
2026-04-15 00:31:00,958 - ======================================================================
2026-04-15 00:31:00,958 - CW Khởi tạo = 752 → Sau Pipeline = 511
2026-04-15 00:31:00,958 - Cải thiện so CW: 241
2026-04-15 00:31:00,958 - Tổng thời gian: 228.9s
2026-04-15 00:31:00,958 - Verified cost: 511
2026-04-15 00:31:00,960 - ======================================================================
2026-04-15 00:31:00,960 - FILE: P-n50-k10.vrp
2026-04-15 00:31:00,960 - ======================================================================
2026-04-15 00:31:00,963 - Dim=50 K=10 Cap=100
2026-04-15 00:31:00,964 - --- Step 1: Clarke-Wright Heuristic ---
2026-04-15 00:31:00,967 -   cost=928 time=0.00s
2026-04-15 00:31:00,967 - --- Step 2, 3, 4: Advanced Optimization Pipeline ---
2026-04-15 00:31:00,967 - =========================================
2026-04-15 00:31:00,967 - BẮT ĐẦU TUYẾN TRÌNH TỐI ƯU (PIPELINE)
2026-04-15 00:31:00,967 - =========================================
2026-04-15 00:31:00,967 - === GIAI ĐOẠN 2: LOCAL SEARCH ĐA TOÁN TỬ | Bắt đầu: 928.00 ===
2026-04-15 00:31:01,028 -   [LS Iter 1] Cải thiện cost: 928.00 -> 790.00
2026-04-15 00:31:01,082 -   [LS Iter 2] Cải thiện cost: 790.00 -> 741.00
2026-04-15 00:31:01,130 -   [LS Iter 3] Cải thiện cost: 741.00 -> 738.00
2026-04-15 00:31:01,178 - === KẾT THÚC GIAI ĐOẠN 2 | Đạt cực trị tại: 738.00 ===
2026-04-15 00:31:01,179 - === BẮT ĐẦU CHẶNG 3: ALNS + GLS | Vòng lặp: 300 | Cost: 738.00 ===
2026-04-15 00:31:01,668 -   [ALNS Iter 7] Related Destroy phá vỡ giới hạn -> BEST MỚI: 737.00
2026-04-15 00:31:01,769 -   [ALNS Iter 8] Related Destroy phá vỡ giới hạn -> BEST MỚI: 732.00
2026-04-15 00:31:02,081 -   [ALNS Iter 13] Related Destroy phá vỡ giới hạn -> BEST MỚI: 719.00
2026-04-15 00:31:03,095 -   [ALNS Iter 27] Related Destroy phá vỡ giới hạn -> BEST MỚI: 718.00
2026-04-15 00:31:05,139 -   [ALNS Iter 51] Worst Destroy phá vỡ giới hạn -> BEST MỚI: 706.00
2026-04-15 00:31:06,852 -   [GLS Iter 81] Cập nhật ma trận phạt để thay đổi hướng đi.
2026-04-15 00:31:11,492 -   [GLS Iter 141] Cập nhật ma trận phạt để thay đổi hướng đi.
2026-04-15 00:31:16,441 -   [GLS Iter 201] Cập nhật ma trận phạt do kẹt tải trọng liên tục.
2026-04-15 00:31:21,070 -   [GLS Iter 261] Cập nhật ma trận phạt để thay đổi hướng đi.
2026-04-15 00:31:23,704 - === KẾT THÚC CHẶNG 3 | Cost xuất sắc nhất đạt được: 706.00 ===
2026-04-15 00:31:23,704 - === BẮT ĐẦU CHẶNG 4: MAX-SAT CHÍNH XÁC | Cost: 706.00 ===
2026-04-15 00:31:23,704 -   [GĐ 4.1] Giải bài toán TSP trên từng tuyến đơn...
2026-04-15 00:31:24,016 -   [GĐ 4.2] Xét từng cặp tuyến để phân bổ lại khách hàng...
2026-04-15 00:31:24,017 -   --- Pairwise Iter 1 (còn 1577s) ---
2026-04-15 00:32:24,020 -     [P-Timeout 60.0s]
2026-04-15 00:33:24,030 -     [P-Timeout 60.0s]
2026-04-15 00:34:24,041 -     [P-Timeout 60.0s]
2026-04-15 00:35:24,055 -     [P-Timeout 60.0s]
2026-04-15 00:36:24,067 -     [P-Timeout 60.0s]
2026-04-15 00:37:24,078 -     [P-Timeout 60.0s]
2026-04-15 00:38:55,440 -     [P-Timeout 60.0s]
2026-04-15 00:39:55,450 -     [P-Timeout 60.0s]
2026-04-15 00:40:55,461 -     [P-Timeout 60.0s]
