2026-04-20 12:35:24,366 - ======================================================================
2026-04-20 12:35:24,366 - FILE: E-n31-k7.vrp
2026-04-20 12:35:24,366 - ======================================================================
2026-04-20 12:35:24,367 - Dim=31 K=7 Cap=140
2026-04-20 12:35:24,367 - --- Step 1: Clarke-Wright Heuristic ---
2026-04-20 12:35:24,368 -   cost=843 time=0.00s
2026-04-20 12:35:24,368 - --- Step 2, 3, 4: Advanced Optimization Pipeline ---
2026-04-20 12:35:24,368 - =========================================
2026-04-20 12:35:24,368 - BẮT ĐẦU TUYẾN TRÌNH TỐI ƯU (PIPELINE)
2026-04-20 12:35:24,368 - =========================================
2026-04-20 12:35:24,368 - === GIAI ĐOẠN 2: LOCAL SEARCH ĐA TOÁN TỬ | Bắt đầu: 843.00 ===
2026-04-20 12:35:24,391 -   [LS Iter 1] Cải thiện cost: 843.00 -> 493.00
2026-04-20 12:35:24,411 -   [LS Iter 2] Cải thiện cost: 493.00 -> 453.00
2026-04-20 12:35:24,427 -   [LS Iter 3] Cải thiện cost: 453.00 -> 451.00
2026-04-20 12:35:24,443 - === KẾT THÚC GIAI ĐOẠN 2 | Đạt cực trị tại: 451.00 ===
2026-04-20 12:35:24,443 - === BẮT ĐẦU CHẶNG 3: ALNS + GLS | Vòng lặp: 300 | Cost: 451.00 ===
2026-04-20 12:35:24,481 -   [ALNS Iter 1] Random Destroy phá vỡ giới hạn -> BEST MỚI: 440.00
2026-04-20 12:35:24,681 -   [ALNS Iter 10] Related Destroy phá vỡ giới hạn -> BEST MỚI: 421.00
2026-04-20 12:35:24,862 -   [ALNS Iter 17] Random Destroy phá vỡ giới hạn -> BEST MỚI: 396.00
2026-04-20 12:35:25,385 -   [GLS Iter 41] Cập nhật ma trận phạt để thay đổi hướng đi.
2026-04-20 12:35:26,688 -   [ALNS Iter 96] Related Destroy phá vỡ giới hạn -> BEST MỚI: 391.00
2026-04-20 12:35:27,443 -   [GLS Iter 141] Cập nhật ma trận phạt do kẹt tải trọng liên tục.
2026-04-20 12:35:28,251 -   [ALNS Iter 176] Related Destroy phá vỡ giới hạn -> BEST MỚI: 390.00
2026-04-20 12:35:28,315 -   [ALNS Iter 177] Related Destroy phá vỡ giới hạn -> BEST MỚI: 383.00
2026-04-20 12:35:28,840 -   [GLS Iter 201] Cập nhật ma trận phạt để thay đổi hướng đi.
2026-04-20 12:35:30,427 -   [GLS Iter 261] Cập nhật ma trận phạt để thay đổi hướng đi.
2026-04-20 12:35:31,503 - === KẾT THÚC CHẶNG 3 | Cost xuất sắc nhất đạt được: 383.00 ===
2026-04-20 12:35:31,503 - === BẮT ĐẦU CHẶNG 4: MAX-SAT CHÍNH XÁC | Cost: 383.00 ===
2026-04-20 12:35:31,503 -   [GĐ 4.1] Giải bài toán TSP trên từng tuyến đơn...
2026-04-20 12:35:31,577 -   [GĐ 4.2] Xét từng cặp tuyến để phân bổ lại khách hàng...
2026-04-20 12:35:31,577 -   --- Pairwise Iter 1 (còn 1593s) ---
2026-04-20 12:36:31,581 -     [P-Timeout 60.0s]
2026-04-20 12:37:31,591 -     [P-Timeout 60.0s]
2026-04-20 12:38:31,777 -     [P-Timeout 60.0s]
2026-04-20 12:39:33,159 -     [P-Timeout 60.0s]
2026-04-20 12:40:35,769 -     [P-Timeout 60.0s]
2026-04-20 12:42:01,618 -     [P-Timeout 60.0s]
2026-04-20 12:43:03,706 -     [P-Timeout 60.0s]
2026-04-20 12:43:06,987 -     -> Đã đạt cực trị toàn cục cho mọi cặp dưới ngưỡng. KẾT THÚC CHẶNG 4.
2026-04-20 12:43:06,988 - HOÀN THÀNH PIPELINE. Final cost=383.00 | Time=462.6s
2026-04-20 12:43:06,988 - ======================================================================
2026-04-20 12:43:06,988 - CW Khởi tạo = 843 → Sau Pipeline = 383
2026-04-20 12:43:06,988 - Cải thiện so CW: 460
2026-04-20 12:43:06,988 - Tổng thời gian: 462.6s
2026-04-20 12:43:06,988 - Verified cost: 383
