2026-04-20 12:25:08,157 - ======================================================================
2026-04-20 12:25:08,157 - FILE: E-n31-k7.vrp
2026-04-20 12:25:08,157 - ======================================================================
2026-04-20 12:25:08,158 - Dim=31 K=7 Cap=140
2026-04-20 12:25:08,159 - --- Step 1: Clarke-Wright Heuristic ---
2026-04-20 12:25:08,159 -   cost=843 time=0.00s
2026-04-20 12:25:08,160 - --- Step 2, 3, 4: Advanced Optimization Pipeline ---
2026-04-20 12:25:08,160 - =========================================
2026-04-20 12:25:08,160 - BẮT ĐẦU TUYẾN TRÌNH TỐI ƯU (PIPELINE)
2026-04-20 12:25:08,160 - =========================================
2026-04-20 12:25:08,160 - === GIAI ĐOẠN 2: LOCAL SEARCH ĐA TOÁN TỬ | Bắt đầu: 843.00 ===
2026-04-20 12:25:08,182 -   [LS Iter 1] Cải thiện cost: 843.00 -> 493.00
2026-04-20 12:25:08,204 -   [LS Iter 2] Cải thiện cost: 493.00 -> 453.00
2026-04-20 12:25:08,223 -   [LS Iter 3] Cải thiện cost: 453.00 -> 451.00
2026-04-20 12:25:08,242 - === KẾT THÚC GIAI ĐOẠN 2 | Đạt cực trị tại: 451.00 ===
2026-04-20 12:25:08,242 - === BẮT ĐẦU CHẶNG 3: ALNS + GLS | Vòng lặp: 1600 | Cost: 451.00 ===
2026-04-20 12:25:08,361 -   [ALNS Iter 3] Related Destroy phá vỡ giới hạn -> BEST MỚI: 427.00
2026-04-20 12:25:08,635 -   [ALNS Iter 17] Random Destroy phá vỡ giới hạn -> BEST MỚI: 421.00
2026-04-20 12:25:08,790 -   [ALNS Iter 22] Related Destroy phá vỡ giới hạn -> BEST MỚI: 398.00
2026-04-20 12:25:09,649 -   [GLS Iter 61] Cập nhật ma trận phạt để thay đổi hướng đi.
2026-04-20 12:25:10,353 -   [ALNS Iter 88] Random Destroy phá vỡ giới hạn -> BEST MỚI: 379.00
2026-04-20 12:25:10,354 -   [ALNS] 🎉 Đã chạm mốc BKS (379.0). Ngắt vòng lặp ALNS sớm!
2026-04-20 12:25:10,354 - === KẾT THÚC CHẶNG 3 | Cost xuất sắc nhất đạt được: 379.00 ===
2026-04-20 12:25:10,354 - 🎉 ĐÃ ĐẠT NGHIỆM TỐI ƯU TOÀN CỤC (BKS = 379.0). DỪNG SỚM!
2026-04-20 12:25:10,354 - ======================================================================
2026-04-20 12:25:10,354 - CW Khởi tạo = 843 → Sau Pipeline = 379
2026-04-20 12:25:10,354 - Cải thiện so CW: 464
2026-04-20 12:25:10,354 - Tổng thời gian: 2.2s
2026-04-20 12:25:10,354 - Verified cost: 379
