2026-04-06 18:02:03,084 - ======================================================================
2026-04-06 18:02:03,084 - FILE: B-n45-k6.vrp
2026-04-06 18:02:03,084 - ======================================================================
2026-04-06 18:02:03,087 - Dim=45 K=6 Cap=100
2026-04-06 18:02:03,087 - --- Step 1: Clarke-Wright Heuristic ---
2026-04-06 18:02:03,089 -   cost=888 time=0.00s
2026-04-06 18:02:03,089 - --- Step 2, 3, 4: Advanced Optimization Pipeline ---
2026-04-06 18:02:03,089 - =========================================
2026-04-06 18:02:03,089 - BẮT ĐẦU TUYẾN TRÌNH TỐI ƯU (PIPELINE)
2026-04-06 18:02:03,089 - =========================================
2026-04-06 18:02:03,090 - === GIAI ĐOẠN 2: LOCAL SEARCH ĐA TOÁN TỬ | Bắt đầu: 888.00 ===
2026-04-06 18:02:03,142 -   [LS Iter 1] Cải thiện cost: 888.00 -> 772.00
2026-04-06 18:02:03,186 -   [LS Iter 2] Cải thiện cost: 772.00 -> 771.00
2026-04-06 18:02:03,227 - === KẾT THÚC GIAI ĐOẠN 2 | Đạt cực trị tại: 771.00 ===
2026-04-06 18:02:03,227 - === BẮT ĐẦU CHẶNG 3: ALNS + GLS | Vòng lặp: 150 | Cost: 771.00 ===
2026-04-06 18:02:03,478 -   [ALNS Iter 6] Related Destroy phá vỡ giới hạn -> BEST MỚI: 739.00
2026-04-06 18:02:03,524 -   [ALNS Iter 9] Related Destroy phá vỡ giới hạn -> BEST MỚI: 735.00
2026-04-06 18:02:03,604 -   [ALNS Iter 10] Related Destroy phá vỡ giới hạn -> BEST MỚI: 733.00
2026-04-06 18:02:04,703 -   [ALNS Iter 52] Related Destroy phá vỡ giới hạn -> BEST MỚI: 722.00
2026-04-06 18:02:05,008 -   [ALNS Iter 61] Related Destroy phá vỡ giới hạn -> BEST MỚI: 690.00
2026-04-06 18:02:05,135 -   [ALNS Iter 66] Related Destroy phá vỡ giới hạn -> BEST MỚI: 689.00
2026-04-06 18:02:05,871 -   [GLS Iter 81] Cập nhật ma trận phạt do kẹt tải trọng liên tục.
2026-04-06 18:02:07,908 -   [GLS Iter 141] Cập nhật ma trận phạt do kẹt tải trọng liên tục.
2026-04-06 18:02:08,479 - === KẾT THÚC CHẶNG 3 | Cost xuất sắc nhất đạt được: 689.00 ===
2026-04-06 18:02:08,479 - === BẮT ĐẦU CHẶNG 4: MAX-SAT CHÍNH XÁC | Cost: 689.00 ===
2026-04-06 18:02:08,479 -   [GĐ 4.1] Giải bài toán TSP trên từng tuyến đơn...
2026-04-06 18:02:13,053 -   [GĐ 4.2] Xét từng cặp tuyến để phân bổ lại khách hàng...
2026-04-06 18:02:13,053 -   --- Pairwise Iter 1 (còn 1190s) ---
2026-04-06 18:04:13,057 -     [P-Timeout 120.0s]
2026-04-06 18:06:13,071 -     [P-Timeout 120.0s]
2026-04-06 18:08:13,085 -     [P-Timeout 120.0s]
2026-04-06 18:10:13,098 -     [P-Timeout 120.0s]
2026-04-06 18:12:13,116 -     [P-Timeout 120.0s]
2026-04-06 18:14:13,129 -     [P-Timeout 120.0s]
2026-04-06 18:16:13,145 -     [P-Timeout 120.0s]
2026-04-06 18:18:13,159 -     [P-Timeout 120.0s]
2026-04-06 18:20:13,178 -     [P-Timeout 120.0s]
2026-04-06 18:22:01,093 -     [P-Timeout 107.9s]
2026-04-06 18:22:01,105 -     -> Đã đạt cực trị toàn cục cho mọi cặp dưới ngưỡng. KẾT THÚC CHẶNG 4.
2026-04-06 18:22:01,106 - HOÀN THÀNH PIPELINE. Final cost=689.00 | Time=1198.0s
2026-04-06 18:22:01,106 - ======================================================================
2026-04-06 18:22:01,106 - CW Khởi tạo = 888 → Sau Pipeline = 689
2026-04-06 18:22:01,106 - Cải thiện so CW: 199
2026-04-06 18:22:01,106 - Tổng thời gian: 1198.0s
2026-04-06 18:22:01,106 - Verified cost: 689
