2026-05-08 01:04:08,024 - ======================================================================
2026-05-08 01:04:08,024 - FILE: A-n37-k5.vrp
2026-05-08 01:04:08,024 - ======================================================================
2026-05-08 01:04:08,027 - Dim=37 K=5 Cap=100
2026-05-08 01:04:08,027 - --- Step 1: Clarke-Wright Heuristic ---
2026-05-08 01:04:08,028 -   cost=864 time=0.00s
2026-05-08 01:04:08,028 - --- Step 2, 3, 4: Advanced Optimization Pipeline ---
2026-05-08 01:04:08,028 - =========================================
2026-05-08 01:04:08,028 - BẮT ĐẦU TUYẾN TRÌNH TỐI ƯU (PIPELINE)
2026-05-08 01:04:08,028 - =========================================
2026-05-08 01:04:08,029 - === GIAI ĐOẠN 2: LOCAL SEARCH ĐA TOÁN TỬ | Bắt đầu: 864.00 ===
2026-05-08 01:04:08,080 -   [LS Iter 1] Cải thiện cost: 864.00 -> 724.00
2026-05-08 01:04:08,124 -   [LS Iter 2] Cải thiện cost: 724.00 -> 721.00
2026-05-08 01:04:08,169 - === KẾT THÚC GIAI ĐOẠN 2 | Đạt cực trị tại: 721.00 ===
2026-05-08 01:04:08,169 - === BẮT ĐẦU CHẶNG 3: ALNS + GLS | Vòng lặp: 200 | Cost: 721.00 ===
2026-05-08 01:04:08,267 -   [ALNS Iter 1] Related Destroy phá vỡ giới hạn -> BEST MỚI: 692.00
2026-05-08 01:04:09,532 -   [ALNS Iter 22] Worst Destroy phá vỡ giới hạn -> BEST MỚI: 669.00
2026-05-08 01:04:09,532 -   [ALNS] 🎉 Đã chạm mốc BKS (669.0). Ngắt vòng lặp ALNS sớm!
2026-05-08 01:04:09,532 - === KẾT THÚC CHẶNG 3 | Cost xuất sắc nhất đạt được: 669.00 ===
2026-05-08 01:04:09,532 - 🎉 ĐÃ ĐẠT NGHIỆM TỐI ƯU TOÀN CỤC (BKS = 669.0). DỪNG SỚM!
2026-05-08 01:04:09,532 - ======================================================================
2026-05-08 01:04:09,532 - CW Khởi tạo = 864 → Sau Pipeline = 669
2026-05-08 01:04:09,532 - Cải thiện so CW: 195
2026-05-08 01:04:09,532 - Tổng thời gian: 1.5s
2026-05-08 01:04:09,532 - Verified cost: 669
