2026-04-04 16:58:33,640 - ======================================================================
2026-04-04 16:58:33,641 - FILE: B-n31-k5.vrp
2026-04-04 16:58:33,641 - ======================================================================
2026-04-04 16:58:33,642 - Dim=31 K=5 Cap=100
2026-04-04 16:58:33,642 - --- Step 1: Clarke-Wright Heuristic ---
2026-04-04 16:58:33,643 -   cost=748 time=0.00s
2026-04-04 16:58:33,643 - --- Step 2, 3, 4: Advanced Optimization Pipeline ---
2026-04-04 16:58:33,643 - =========================================
2026-04-04 16:58:33,643 - BẮT ĐẦU TUYẾN TRÌNH TỐI ƯU (PIPELINE)
2026-04-04 16:58:33,643 - =========================================
2026-04-04 16:58:33,643 - === GIAI ĐOẠN 2: LOCAL SEARCH ĐA TOÁN TỬ | Bắt đầu: 748.00 ===
2026-04-04 16:58:33,682 -   [LS Iter 1] Cải thiện cost: 748.00 -> 683.00
2026-04-04 16:58:33,710 -   [LS Iter 2] Cải thiện cost: 683.00 -> 677.00
2026-04-04 16:58:33,736 - === KẾT THÚC GIAI ĐOẠN 2 | Đạt cực trị tại: 677.00 ===
2026-04-04 16:58:33,736 - === BẮT ĐẦU CHẶNG 3: ALNS + GLS | Vòng lặp: 150 | Cost: 677.00 ===
2026-04-04 16:58:33,840 -   [ALNS Iter 3] Related Destroy phá vỡ giới hạn -> BEST MỚI: 672.00
2026-04-04 16:58:33,840 -   [ALNS] 🎉 Đã chạm mốc BKS (672.0). Ngắt vòng lặp ALNS sớm!
2026-04-04 16:58:33,840 - === KẾT THÚC CHẶNG 3 | Cost xuất sắc nhất đạt được: 672.00 ===
2026-04-04 16:58:33,840 - 🎉 ĐÃ ĐẠT NGHIỆM TỐI ƯU TOÀN CỤC (BKS = 672.0). DỪNG SỚM!
2026-04-04 16:58:33,840 - ======================================================================
2026-04-04 16:58:33,840 - CW Khởi tạo = 748 → Sau Pipeline = 672
2026-04-04 16:58:33,840 - Cải thiện so CW: 76
2026-04-04 16:58:33,840 - Tổng thời gian: 0.2s
2026-04-04 16:58:33,840 - Verified cost: 672
2026-04-04 16:58:33,841 - ======================================================================
2026-04-04 16:58:33,841 - FILE: B-n34-k5.vrp
2026-04-04 16:58:33,841 - ======================================================================
2026-04-04 16:58:33,843 - Dim=34 K=5 Cap=100
2026-04-04 16:58:33,843 - --- Step 1: Clarke-Wright Heuristic ---
2026-04-04 16:58:33,844 -   cost=936 time=0.00s
2026-04-04 16:58:33,844 - --- Step 2, 3, 4: Advanced Optimization Pipeline ---
2026-04-04 16:58:33,844 - =========================================
2026-04-04 16:58:33,844 - BẮT ĐẦU TUYẾN TRÌNH TỐI ƯU (PIPELINE)
2026-04-04 16:58:33,844 - =========================================
2026-04-04 16:58:33,844 - === GIAI ĐOẠN 2: LOCAL SEARCH ĐA TOÁN TỬ | Bắt đầu: 936.00 ===
2026-04-04 16:58:33,890 -   [LS Iter 1] Cải thiện cost: 936.00 -> 821.00
2026-04-04 16:58:33,927 -   [LS Iter 2] Cải thiện cost: 821.00 -> 808.00
2026-04-04 16:58:33,960 -   [LS Iter 3] Cải thiện cost: 808.00 -> 799.00
2026-04-04 16:58:33,992 -   [LS Iter 4] Cải thiện cost: 799.00 -> 791.00
2026-04-04 16:58:34,023 - === KẾT THÚC GIAI ĐOẠN 2 | Đạt cực trị tại: 791.00 ===
2026-04-04 16:58:34,023 - === BẮT ĐẦU CHẶNG 3: ALNS + GLS | Vòng lặp: 150 | Cost: 791.00 ===
2026-04-04 16:58:35,066 -   [GLS Iter 21] Cập nhật ma trận phạt để thay đổi hướng đi.
2026-04-04 16:58:35,371 -   [ALNS Iter 28] Worst Destroy phá vỡ giới hạn -> BEST MỚI: 789.00
2026-04-04 16:58:35,470 -   [ALNS Iter 33] Worst Destroy phá vỡ giới hạn -> BEST MỚI: 788.00
2026-04-04 16:58:35,470 -   [ALNS] 🎉 Đã chạm mốc BKS (788.0). Ngắt vòng lặp ALNS sớm!
2026-04-04 16:58:35,470 - === KẾT THÚC CHẶNG 3 | Cost xuất sắc nhất đạt được: 788.00 ===
2026-04-04 16:58:35,471 - 🎉 ĐÃ ĐẠT NGHIỆM TỐI ƯU TOÀN CỤC (BKS = 788.0). DỪNG SỚM!
2026-04-04 16:58:35,471 - ======================================================================
2026-04-04 16:58:35,471 - CW Khởi tạo = 936 → Sau Pipeline = 788
2026-04-04 16:58:35,471 - Cải thiện so CW: 148
2026-04-04 16:58:35,471 - Tổng thời gian: 1.6s
2026-04-04 16:58:35,471 - Verified cost: 788
2026-04-04 16:58:35,471 - ======================================================================
2026-04-04 16:58:35,472 - FILE: B-n35-k5.vrp
2026-04-04 16:58:35,472 - ======================================================================
2026-04-04 16:58:35,474 - Dim=35 K=5 Cap=100
2026-04-04 16:58:35,474 - --- Step 1: Clarke-Wright Heuristic ---
2026-04-04 16:58:35,474 -   cost=1016 time=0.00s
2026-04-04 16:58:35,475 - --- Step 2, 3, 4: Advanced Optimization Pipeline ---
2026-04-04 16:58:35,475 - =========================================
2026-04-04 16:58:35,475 - BẮT ĐẦU TUYẾN TRÌNH TỐI ƯU (PIPELINE)
2026-04-04 16:58:35,475 - =========================================
2026-04-04 16:58:35,475 - === GIAI ĐOẠN 2: LOCAL SEARCH ĐA TOÁN TỬ | Bắt đầu: 1016.00 ===
2026-04-04 16:58:35,516 -   [LS Iter 1] Cải thiện cost: 1016.00 -> 965.00
2026-04-04 16:58:35,552 -   [LS Iter 2] Cải thiện cost: 965.00 -> 959.00
2026-04-04 16:58:35,591 -   [LS Iter 3] Cải thiện cost: 959.00 -> 958.00
2026-04-04 16:58:35,625 -   [LS Iter 4] Cải thiện cost: 958.00 -> 956.00
2026-04-04 16:58:35,656 -   [LS Iter 5] Cải thiện cost: 956.00 -> 955.00
2026-04-04 16:58:35,687 - === KẾT THÚC GIAI ĐOẠN 2 | Đạt cực trị tại: 955.00 ===
2026-04-04 16:58:35,687 - === BẮT ĐẦU CHẶNG 3: ALNS + GLS | Vòng lặp: 150 | Cost: 955.00 ===
2026-04-04 16:58:35,687 -   [ALNS] 🎉 Đã chạm mốc BKS (955.0). Ngắt vòng lặp ALNS sớm!
2026-04-04 16:58:35,688 - === KẾT THÚC CHẶNG 3 | Cost xuất sắc nhất đạt được: 955.00 ===
2026-04-04 16:58:35,688 - 🎉 ĐÃ ĐẠT NGHIỆM TỐI ƯU TOÀN CỤC (BKS = 955.0). DỪNG SỚM!
2026-04-04 16:58:35,688 - ======================================================================
2026-04-04 16:58:35,688 - CW Khởi tạo = 1016 → Sau Pipeline = 955
2026-04-04 16:58:35,688 - Cải thiện so CW: 61
2026-04-04 16:58:35,688 - Tổng thời gian: 0.2s
2026-04-04 16:58:35,688 - Verified cost: 955
2026-04-04 16:58:35,688 - ======================================================================
2026-04-04 16:58:35,688 - FILE: B-n38-k6.vrp
2026-04-04 16:58:35,688 - ======================================================================
2026-04-04 16:58:35,691 - Dim=38 K=6 Cap=100
2026-04-04 16:58:35,691 - --- Step 1: Clarke-Wright Heuristic ---
2026-04-04 16:58:35,692 -   cost=961 time=0.00s
2026-04-04 16:58:35,692 - --- Step 2, 3, 4: Advanced Optimization Pipeline ---
2026-04-04 16:58:35,692 - =========================================
2026-04-04 16:58:35,692 - BẮT ĐẦU TUYẾN TRÌNH TỐI ƯU (PIPELINE)
2026-04-04 16:58:35,692 - =========================================
2026-04-04 16:58:35,692 - === GIAI ĐOẠN 2: LOCAL SEARCH ĐA TOÁN TỬ | Bắt đầu: 961.00 ===
2026-04-04 16:58:35,752 -   [LS Iter 1] Cải thiện cost: 961.00 -> 824.00
2026-04-04 16:58:35,807 -   [LS Iter 2] Cải thiện cost: 824.00 -> 815.00
2026-04-04 16:58:35,860 - === KẾT THÚC GIAI ĐOẠN 2 | Đạt cực trị tại: 815.00 ===
2026-04-04 16:58:35,860 - === BẮT ĐẦU CHẶNG 3: ALNS + GLS | Vòng lặp: 150 | Cost: 815.00 ===
2026-04-04 16:58:37,798 -   [GLS Iter 21] Cập nhật ma trận phạt để thay đổi hướng đi.
2026-04-04 16:58:44,564 -   [GLS Iter 81] Cập nhật ma trận phạt để thay đổi hướng đi.
2026-04-04 16:58:50,825 -   [GLS Iter 141] Cập nhật ma trận phạt để thay đổi hướng đi.
2026-04-04 16:58:51,709 - === KẾT THÚC CHẶNG 3 | Cost xuất sắc nhất đạt được: 815.00 ===
2026-04-04 16:58:51,709 - === BẮT ĐẦU CHẶNG 4: MAX-SAT CHÍNH XÁC | Cost: 815.00 ===
2026-04-04 16:58:51,709 -   [GĐ 4.1] Giải bài toán TSP trên từng tuyến đơn...
2026-04-04 16:58:53,063 -   [GĐ 4.2] Xét từng cặp tuyến để phân bổ lại khách hàng...
2026-04-04 16:58:53,064 -   --- Pairwise Iter 1 (còn 1183s) ---
2026-04-04 16:59:53,068 -     [P-Timeout 60.0s]
2026-04-04 17:00:53,081 -     [P-Timeout 60.0s]
