2026-04-04 16:20:48,204 - ======================================================================
2026-04-04 16:20:48,204 - FILE: B-n31-k5.vrp
2026-04-04 16:20:48,204 - ======================================================================
2026-04-04 16:20:48,206 - Dim=31 K=5 Cap=100
2026-04-04 16:20:48,209 - --- Step 1: Clarke-Wright Heuristic ---
2026-04-04 16:20:48,210 -   cost=748 time=0.00s
2026-04-04 16:20:48,210 - --- Step 2, 3, 4: Advanced Optimization Pipeline ---
2026-04-04 16:20:48,210 - =========================================
2026-04-04 16:20:48,210 - BẮT ĐẦU TUYẾN TRÌNH TỐI ƯU (PIPELINE)
2026-04-04 16:20:48,210 - =========================================
2026-04-04 16:20:48,210 - === GIAI ĐOẠN 2: LOCAL SEARCH ĐA TOÁN TỬ | Bắt đầu: 748.00 ===
2026-04-04 16:20:48,250 -   [LS Iter 1] Cải thiện cost: 748.00 -> 683.00
2026-04-04 16:20:48,278 -   [LS Iter 2] Cải thiện cost: 683.00 -> 677.00
2026-04-04 16:20:48,306 - === KẾT THÚC GIAI ĐOẠN 2 | Đạt cực trị tại: 677.00 ===
2026-04-04 16:20:48,306 - === BẮT ĐẦU CHẶNG 3: ALNS + GLS | Vòng lặp: 150 | Cost: 677.00 ===
2026-04-04 16:20:48,686 -   [ALNS Iter 7] Related Destroy phá vỡ giới hạn -> BEST MỚI: 675.00
2026-04-04 16:20:51,775 -   [GLS Iter 61] Cập nhật ma trận phạt để thay đổi hướng đi.
2026-04-04 16:20:55,757 -   [GLS Iter 121] Cập nhật ma trận phạt để thay đổi hướng đi.
2026-04-04 16:20:58,192 - === KẾT THÚC CHẶNG 3 | Cost xuất sắc nhất đạt được: 675.00 ===
2026-04-04 16:20:58,192 - === BẮT ĐẦU CHẶNG 4: MAX-SAT CHÍNH XÁC | Cost: 675.00 ===
2026-04-04 16:20:58,192 -   [GĐ 4.1] Giải bài toán TSP trên từng tuyến đơn...
2026-04-04 16:20:58,325 -   [GĐ 4.2] Xét từng cặp tuyến để phân bổ lại khách hàng...
2026-04-04 16:20:58,325 -   --- Pairwise Iter 1 (còn 1190s) ---
2026-04-04 16:22:39,933 -     [P-Timeout 60.0s]
2026-04-04 16:23:39,956 -     [P-Timeout 60.0s]
2026-04-04 16:24:39,970 -     [P-Timeout 60.0s]
2026-04-04 16:25:39,986 -     [P-Timeout 60.0s]
2026-04-04 16:27:38,309 -     [P-Timeout 60.0s]
2026-04-04 16:28:49,627 -     [P-Timeout 60.0s]
2026-04-04 16:29:49,642 -     [P-Timeout 60.0s]
2026-04-04 16:29:49,651 -     -> Đã đạt cực trị toàn cục cho mọi cặp dưới ngưỡng. KẾT THÚC CHẶNG 4.
2026-04-04 16:29:49,651 - HOÀN THÀNH PIPELINE. Final cost=675.00 | Time=541.4s
2026-04-04 16:29:49,651 - ======================================================================
2026-04-04 16:29:49,651 - CW Khởi tạo = 748 → Sau Pipeline = 675
2026-04-04 16:29:49,651 - Cải thiện so CW: 73
2026-04-04 16:29:49,652 - Tổng thời gian: 541.4s
2026-04-04 16:29:49,652 - Verified cost: 675
2026-04-04 16:29:49,653 - ======================================================================
2026-04-04 16:29:49,653 - FILE: B-n34-k5.vrp
2026-04-04 16:29:49,654 - ======================================================================
2026-04-04 16:29:49,656 - Dim=34 K=5 Cap=100
2026-04-04 16:29:49,656 - --- Step 1: Clarke-Wright Heuristic ---
2026-04-04 16:29:49,658 -   cost=936 time=0.00s
2026-04-04 16:29:49,658 - --- Step 2, 3, 4: Advanced Optimization Pipeline ---
2026-04-04 16:29:49,658 - =========================================
2026-04-04 16:29:49,659 - BẮT ĐẦU TUYẾN TRÌNH TỐI ƯU (PIPELINE)
2026-04-04 16:29:49,659 - =========================================
2026-04-04 16:29:49,659 - === GIAI ĐOẠN 2: LOCAL SEARCH ĐA TOÁN TỬ | Bắt đầu: 936.00 ===
2026-04-04 16:29:49,701 -   [LS Iter 1] Cải thiện cost: 936.00 -> 821.00
2026-04-04 16:29:49,738 -   [LS Iter 2] Cải thiện cost: 821.00 -> 808.00
2026-04-04 16:29:49,769 -   [LS Iter 3] Cải thiện cost: 808.00 -> 799.00
2026-04-04 16:29:49,800 -   [LS Iter 4] Cải thiện cost: 799.00 -> 791.00
2026-04-04 16:29:49,830 - === KẾT THÚC GIAI ĐOẠN 2 | Đạt cực trị tại: 791.00 ===
2026-04-04 16:29:49,831 - === BẮT ĐẦU CHẶNG 3: ALNS + GLS | Vòng lặp: 150 | Cost: 791.00 ===
2026-04-04 16:29:50,856 -   [ALNS Iter 19] Related Destroy phá vỡ giới hạn -> BEST MỚI: 789.00
2026-04-04 16:29:53,220 -   [GLS Iter 61] Cập nhật ma trận phạt để thay đổi hướng đi.
2026-04-04 16:29:56,281 -   [ALNS Iter 109] Related Destroy phá vỡ giới hạn -> BEST MỚI: 788.00
2026-04-04 16:29:56,281 -   [ALNS] 🎉 Đã chạm mốc BKS (788.0). Ngắt vòng lặp ALNS sớm!
2026-04-04 16:29:56,281 - === KẾT THÚC CHẶNG 3 | Cost xuất sắc nhất đạt được: 788.00 ===
2026-04-04 16:29:56,281 - 🎉 ĐÃ ĐẠT NGHIỆM TỐI ƯU TOÀN CỤC (BKS = 788.0). DỪNG SỚM!
2026-04-04 16:29:56,282 - ======================================================================
2026-04-04 16:29:56,282 - CW Khởi tạo = 936 → Sau Pipeline = 788
2026-04-04 16:29:56,282 - Cải thiện so CW: 148
2026-04-04 16:29:56,282 - Tổng thời gian: 6.6s
2026-04-04 16:29:56,282 - Verified cost: 788
2026-04-04 16:29:56,283 - ======================================================================
2026-04-04 16:29:56,283 - FILE: B-n35-k5.vrp
2026-04-04 16:29:56,283 - ======================================================================
2026-04-04 16:29:56,285 - Dim=35 K=5 Cap=100
2026-04-04 16:29:56,286 - --- Step 1: Clarke-Wright Heuristic ---
2026-04-04 16:29:56,287 -   cost=1016 time=0.00s
2026-04-04 16:29:56,287 - --- Step 2, 3, 4: Advanced Optimization Pipeline ---
2026-04-04 16:29:56,287 - =========================================
2026-04-04 16:29:56,287 - BẮT ĐẦU TUYẾN TRÌNH TỐI ƯU (PIPELINE)
2026-04-04 16:29:56,287 - =========================================
2026-04-04 16:29:56,287 - === GIAI ĐOẠN 2: LOCAL SEARCH ĐA TOÁN TỬ | Bắt đầu: 1016.00 ===
2026-04-04 16:29:56,325 -   [LS Iter 1] Cải thiện cost: 1016.00 -> 965.00
2026-04-04 16:29:56,359 -   [LS Iter 2] Cải thiện cost: 965.00 -> 959.00
2026-04-04 16:29:56,396 -   [LS Iter 3] Cải thiện cost: 959.00 -> 958.00
2026-04-04 16:29:56,436 -   [LS Iter 4] Cải thiện cost: 958.00 -> 956.00
2026-04-04 16:29:56,468 -   [LS Iter 5] Cải thiện cost: 956.00 -> 955.00
2026-04-04 16:29:56,500 - === KẾT THÚC GIAI ĐOẠN 2 | Đạt cực trị tại: 955.00 ===
2026-04-04 16:29:56,500 - === BẮT ĐẦU CHẶNG 3: ALNS + GLS | Vòng lặp: 150 | Cost: 955.00 ===
2026-04-04 16:29:56,500 -   [ALNS] 🎉 Đã chạm mốc BKS (955.0). Ngắt vòng lặp ALNS sớm!
2026-04-04 16:29:56,500 - === KẾT THÚC CHẶNG 3 | Cost xuất sắc nhất đạt được: 955.00 ===
2026-04-04 16:29:56,500 - 🎉 ĐÃ ĐẠT NGHIỆM TỐI ƯU TOÀN CỤC (BKS = 955.0). DỪNG SỚM!
2026-04-04 16:29:56,501 - ======================================================================
2026-04-04 16:29:56,501 - CW Khởi tạo = 1016 → Sau Pipeline = 955
2026-04-04 16:29:56,501 - Cải thiện so CW: 61
2026-04-04 16:29:56,501 - Tổng thời gian: 0.2s
2026-04-04 16:29:56,501 - Verified cost: 955
2026-04-04 16:29:56,502 - ======================================================================
2026-04-04 16:29:56,502 - FILE: B-n38-k6.vrp
2026-04-04 16:29:56,502 - ======================================================================
2026-04-04 16:29:56,505 - Dim=38 K=6 Cap=100
2026-04-04 16:29:56,505 - --- Step 1: Clarke-Wright Heuristic ---
2026-04-04 16:29:56,506 -   cost=961 time=0.00s
2026-04-04 16:29:56,506 - --- Step 2, 3, 4: Advanced Optimization Pipeline ---
2026-04-04 16:29:56,506 - =========================================
2026-04-04 16:29:56,506 - BẮT ĐẦU TUYẾN TRÌNH TỐI ƯU (PIPELINE)
2026-04-04 16:29:56,506 - =========================================
2026-04-04 16:29:56,506 - === GIAI ĐOẠN 2: LOCAL SEARCH ĐA TOÁN TỬ | Bắt đầu: 961.00 ===
2026-04-04 16:29:56,564 -   [LS Iter 1] Cải thiện cost: 961.00 -> 824.00
2026-04-04 16:29:56,610 -   [LS Iter 2] Cải thiện cost: 824.00 -> 815.00
2026-04-04 16:29:56,657 - === KẾT THÚC GIAI ĐOẠN 2 | Đạt cực trị tại: 815.00 ===
2026-04-04 16:29:56,657 - === BẮT ĐẦU CHẶNG 3: ALNS + GLS | Vòng lặp: 150 | Cost: 815.00 ===
2026-04-04 16:29:58,321 -   [GLS Iter 21] Cập nhật ma trận phạt để thay đổi hướng đi.
2026-04-04 16:30:02,931 -   [GLS Iter 81] Cập nhật ma trận phạt để thay đổi hướng đi.
2026-04-04 16:30:09,016 -   [GLS Iter 141] Cập nhật ma trận phạt để thay đổi hướng đi.
2026-04-04 16:30:09,757 - === KẾT THÚC CHẶNG 3 | Cost xuất sắc nhất đạt được: 815.00 ===
2026-04-04 16:30:09,757 - === BẮT ĐẦU CHẶNG 4: MAX-SAT CHÍNH XÁC | Cost: 815.00 ===
2026-04-04 16:30:09,757 -   [GĐ 4.1] Giải bài toán TSP trên từng tuyến đơn...
2026-04-04 16:30:11,152 -   [GĐ 4.2] Xét từng cặp tuyến để phân bổ lại khách hàng...
2026-04-04 16:30:11,153 -   --- Pairwise Iter 1 (còn 1185s) ---
2026-04-04 16:31:11,159 -     [P-Timeout 60.0s]
2026-04-04 16:32:11,171 -     [P-Timeout 60.0s]
2026-04-04 16:33:11,184 -     [P-Timeout 60.0s]
2026-04-04 16:34:11,202 -     [P-Timeout 60.0s]
2026-04-04 16:35:11,224 -     [P-Timeout 60.0s]
2026-04-04 16:36:11,237 -     [P-Timeout 60.0s]
