2026-05-08 01:05:07,323 - ======================================================================
2026-05-08 01:05:07,323 - FILE: A-n39-k5.vrp
2026-05-08 01:05:07,323 - ======================================================================
2026-05-08 01:05:07,326 - Dim=39 K=5 Cap=100
2026-05-08 01:05:07,326 - --- Step 1: Clarke-Wright Heuristic ---
2026-05-08 01:05:07,328 -   cost=1130 time=0.00s
2026-05-08 01:05:07,328 - --- Step 2, 3, 4: Advanced Optimization Pipeline ---
2026-05-08 01:05:07,328 - =========================================
2026-05-08 01:05:07,328 - BẮT ĐẦU TUYẾN TRÌNH TỐI ƯU (PIPELINE)
2026-05-08 01:05:07,329 - =========================================
2026-05-08 01:05:07,329 - === GIAI ĐOẠN 2: LOCAL SEARCH ĐA TOÁN TỬ | Bắt đầu: 1130.00 ===
2026-05-08 01:05:07,380 -   [LS Iter 1] Cải thiện cost: 1130.00 -> 858.00
2026-05-08 01:05:07,421 - === KẾT THÚC GIAI ĐOẠN 2 | Đạt cực trị tại: 858.00 ===
2026-05-08 01:05:07,421 - === BẮT ĐẦU CHẶNG 3: ALNS + GLS | Vòng lặp: 200 | Cost: 858.00 ===
2026-05-08 01:05:07,683 -   [ALNS Iter 3] Worst Destroy phá vỡ giới hạn -> BEST MỚI: 838.00
2026-05-08 01:05:08,749 -   [ALNS Iter 21] Related Destroy phá vỡ giới hạn -> BEST MỚI: 826.00
2026-05-08 01:05:12,265 -   [GLS Iter 81] Cập nhật ma trận phạt do kẹt tải trọng liên tục.
2026-05-08 01:05:16,494 -   [GLS Iter 141] Cập nhật ma trận phạt để thay đổi hướng đi.
2026-05-08 01:05:20,069 - === KẾT THÚC CHẶNG 3 | Cost xuất sắc nhất đạt được: 826.00 ===
2026-05-08 01:05:20,069 - === BẮT ĐẦU CHẶNG 4: MAX-SAT CHÍNH XÁC | Cost: 826.00 ===
2026-05-08 01:05:20,069 -   [GĐ 4.1] Giải bài toán TSP trên từng tuyến đơn...
2026-05-08 01:05:46,904 -   [GĐ 4.2] Xét từng cặp tuyến để phân bổ lại khách hàng...
2026-05-08 01:05:46,904 -   --- Pairwise Iter 1 (còn 1160s) ---
2026-05-08 01:07:46,908 -     [P-Timeout 120.0s]
2026-05-08 01:09:46,931 -     [P-Timeout 120.0s]
2026-05-08 01:11:46,951 -     [P-Timeout 120.0s]
2026-05-08 01:13:46,967 -     [P-Timeout 120.0s]
2026-05-08 01:15:46,984 -     [P-Timeout 120.0s]
2026-05-08 01:17:47,002 -     [P-Timeout 120.0s]
2026-05-08 01:19:47,029 -     [P-Timeout 120.0s]
2026-05-08 01:21:47,049 -     [P-Timeout 120.0s]
2026-05-08 01:23:47,070 -     [P-Timeout 120.0s]
2026-05-08 01:25:05,327 -     [P-Timeout 78.2s]
2026-05-08 01:25:05,346 -     -> Đã đạt cực trị toàn cục cho mọi cặp dưới ngưỡng. KẾT THÚC CHẶNG 4.
2026-05-08 01:25:05,347 - HOÀN THÀNH PIPELINE. Final cost=826.00 | Time=1198.0s
2026-05-08 01:25:05,347 - ======================================================================
2026-05-08 01:25:05,347 - CW Khởi tạo = 1130 → Sau Pipeline = 826
2026-05-08 01:25:05,347 - Cải thiện so CW: 304
2026-05-08 01:25:05,347 - Tổng thời gian: 1198.0s
2026-05-08 01:25:05,347 - Verified cost: 826
