2026-04-29 02:18:28,384 - ======================================================================
2026-04-29 02:18:28,384 - FILE: X-n627-k43.vrp
2026-04-29 02:18:28,384 - ======================================================================
2026-04-29 02:18:29,203 - Dim=627 K=43 Cap=110
2026-04-29 02:18:29,203 - --- Step 1: Clarke-Wright Heuristic ---
2026-04-29 02:18:47,547 -   cost=199485 time=18.34s
2026-04-29 02:18:47,547 - --- Step 2, 3, 4: Advanced Optimization Pipeline ---
2026-04-29 02:18:47,548 - =========================================
2026-04-29 02:18:47,548 - BẮT ĐẦU TUYẾN TRÌNH TỐI ƯU (PIPELINE)
2026-04-29 02:18:47,548 - =========================================
2026-04-29 02:18:47,548 - === GIAI ĐOẠN 2: LOCAL SEARCH ĐA TOÁN TỬ | Bắt đầu: 199485.00 ===
2026-04-29 02:19:05,196 -   [LS Iter 1] Cải thiện cost: 199485.00 -> 85210.00
2026-04-29 02:19:21,075 -   [LS Iter 2] Cải thiện cost: 85210.00 -> 79295.00
2026-04-29 02:19:35,908 -   [LS Iter 3] Cải thiện cost: 79295.00 -> 77812.00
2026-04-29 02:19:50,611 -   [LS Iter 4] Cải thiện cost: 77812.00 -> 77233.00
2026-04-29 02:20:05,100 -   [LS Iter 5] Cải thiện cost: 77233.00 -> 76737.00
2026-04-29 02:20:19,722 -   [LS Iter 6] Cải thiện cost: 76737.00 -> 76352.00
2026-04-29 02:20:34,176 -   [LS Iter 7] Cải thiện cost: 76352.00 -> 76023.00
2026-04-29 02:20:48,715 -   [LS Iter 8] Cải thiện cost: 76023.00 -> 75814.00
2026-04-29 02:21:03,219 -   [LS Iter 9] Cải thiện cost: 75814.00 -> 75174.00
2026-04-29 02:21:17,920 -   [LS Iter 10] Cải thiện cost: 75174.00 -> 75019.00
2026-04-29 02:21:32,311 -   [LS Iter 11] Cải thiện cost: 75019.00 -> 74965.00
2026-04-29 02:21:47,123 - === KẾT THÚC GIAI ĐOẠN 2 | Đạt cực trị tại: 74965.00 ===
2026-04-29 02:21:47,123 - === BẮT ĐẦU CHẶNG 3: ALNS + GLS | Vòng lặp: 300 | Cost: 74965.00 ===
2026-04-29 02:23:06,943 -   [GLS Iter 21] Cập nhật ma trận phạt do kẹt tải trọng liên tục.
2026-04-29 02:26:54,206 -   [GLS Iter 81] Cập nhật ma trận phạt do kẹt tải trọng liên tục.
2026-04-29 02:31:27,935 -   [GLS Iter 141] Cập nhật ma trận phạt do kẹt tải trọng liên tục.
2026-04-29 02:35:21,548 -   [ALNS Iter 164] Related Destroy phá vỡ giới hạn -> BEST MỚI: 73642.00
2026-04-29 02:37:31,250 -   [GLS Iter 221] Cập nhật ma trận phạt do kẹt tải trọng liên tục.
2026-04-29 02:38:28,583 - === KẾT THÚC CHẶNG 3 | Cost xuất sắc nhất đạt được: 73642.00 ===
2026-04-29 02:38:28,584 - ======================================================================
2026-04-29 02:38:28,584 - CW Khởi tạo = 199485 → Sau Pipeline = 73642
2026-04-29 02:38:28,584 - Cải thiện so CW: 125843
2026-04-29 02:38:28,584 - Tổng thời gian: 1199.4s
2026-04-29 02:38:28,584 - Verified cost: 73642
2026-04-29 02:38:28,589 - ======================================================================
2026-04-29 02:38:28,589 - FILE: X-n641-k35.vrp
2026-04-29 02:38:28,589 - ======================================================================
2026-04-29 02:38:29,125 - Dim=641 K=35 Cap=1381
2026-04-29 02:38:29,125 - --- Step 1: Clarke-Wright Heuristic ---
2026-04-29 02:38:30,078 -   cost=78106 time=0.95s
2026-04-29 02:38:30,078 - --- Step 2, 3, 4: Advanced Optimization Pipeline ---
2026-04-29 02:38:30,079 - =========================================
2026-04-29 02:38:30,079 - BẮT ĐẦU TUYẾN TRÌNH TỐI ƯU (PIPELINE)
2026-04-29 02:38:30,079 - =========================================
2026-04-29 02:38:30,079 - === GIAI ĐOẠN 2: LOCAL SEARCH ĐA TOÁN TỬ | Bắt đầu: 78106.00 ===
2026-04-29 02:38:53,398 -   [LS Iter 1] Cải thiện cost: 78106.00 -> 71374.00
2026-04-29 02:39:15,317 -   [LS Iter 2] Cải thiện cost: 71374.00 -> 70365.00
2026-04-29 02:39:37,060 -   [LS Iter 3] Cải thiện cost: 70365.00 -> 69983.00
2026-04-29 02:39:58,684 -   [LS Iter 4] Cải thiện cost: 69983.00 -> 69740.00
2026-04-29 02:40:20,061 -   [LS Iter 5] Cải thiện cost: 69740.00 -> 69582.00
2026-04-29 02:40:41,741 -   [LS Iter 6] Cải thiện cost: 69582.00 -> 69301.00
2026-04-29 02:41:02,796 -   [LS Iter 7] Cải thiện cost: 69301.00 -> 69260.00
2026-04-29 02:41:23,902 -   [LS Iter 8] Cải thiện cost: 69260.00 -> 69230.00
2026-04-29 02:41:44,782 -   [LS Iter 9] Cải thiện cost: 69230.00 -> 69214.00
2026-04-29 02:42:05,167 -   [LS Iter 10] Cải thiện cost: 69214.00 -> 69196.00
2026-04-29 02:42:25,712 -   [LS Iter 11] Cải thiện cost: 69196.00 -> 69195.00
2026-04-29 02:42:46,836 -   [LS Iter 12] Cải thiện cost: 69195.00 -> 69116.00
2026-04-29 02:43:07,593 -   [LS Iter 13] Cải thiện cost: 69116.00 -> 69086.00
2026-04-29 02:43:28,455 -   [LS Iter 14] Cải thiện cost: 69086.00 -> 69019.00
2026-04-29 02:43:49,321 -   [LS Iter 15] Cải thiện cost: 69019.00 -> 68936.00
2026-04-29 02:44:10,112 -   [LS Iter 16] Cải thiện cost: 68936.00 -> 68897.00
2026-04-29 02:44:31,055 -   [LS Iter 17] Cải thiện cost: 68897.00 -> 68874.00
2026-04-29 02:44:52,218 -   [LS Iter 18] Cải thiện cost: 68874.00 -> 68804.00
2026-04-29 02:45:12,849 -   [LS Iter 19] Cải thiện cost: 68804.00 -> 68803.00
2026-04-29 02:45:33,200 - === KẾT THÚC GIAI ĐOẠN 2 | Đạt cực trị tại: 68803.00 ===
2026-04-29 02:45:33,200 - === BẮT ĐẦU CHẶNG 3: ALNS + GLS | Vòng lặp: 300 | Cost: 68803.00 ===
2026-04-29 02:49:56,570 -   [ALNS Iter 1] Worst Destroy phá vỡ giới hạn -> BEST MỚI: 68742.00
2026-04-29 02:52:40,558 -   [ALNS Iter 2] Worst Destroy phá vỡ giới hạn -> BEST MỚI: 68353.00
2026-04-29 02:57:04,832 -   [ALNS Iter 4] Random Destroy phá vỡ giới hạn -> BEST MỚI: 68125.00
2026-04-29 02:58:29,106 - === KẾT THÚC CHẶNG 3 | Cost xuất sắc nhất đạt được: 68125.00 ===
2026-04-29 02:58:29,107 - ======================================================================
2026-04-29 02:58:29,108 - CW Khởi tạo = 78106 → Sau Pipeline = 68125
2026-04-29 02:58:29,108 - Cải thiện so CW: 9981
2026-04-29 02:58:29,108 - Tổng thời gian: 1200.0s
2026-04-29 02:58:29,108 - Verified cost: 68125
2026-04-29 02:58:29,113 - ======================================================================
2026-04-29 02:58:29,113 - FILE: X-n655-k131.vrp
2026-04-29 02:58:29,113 - ======================================================================
2026-04-29 02:58:29,679 - Dim=655 K=131 Cap=5
2026-04-29 02:58:29,679 - --- Step 1: Clarke-Wright Heuristic ---
2026-04-29 02:58:30,442 -   cost=125020 time=0.76s
2026-04-29 02:58:30,442 - --- Step 2, 3, 4: Advanced Optimization Pipeline ---
2026-04-29 02:58:30,443 - =========================================
2026-04-29 02:58:30,443 - BẮT ĐẦU TUYẾN TRÌNH TỐI ƯU (PIPELINE)
2026-04-29 02:58:30,443 - =========================================
2026-04-29 02:58:30,443 - === GIAI ĐOẠN 2: LOCAL SEARCH ĐA TOÁN TỬ | Bắt đầu: 125020.00 ===
2026-04-29 02:58:40,940 -   [LS Iter 1] Cải thiện cost: 125020.00 -> 110327.00
2026-04-29 02:58:51,279 -   [LS Iter 2] Cải thiện cost: 110327.00 -> 108600.00
2026-04-29 02:59:01,489 -   [LS Iter 3] Cải thiện cost: 108600.00 -> 108295.00
2026-04-29 02:59:11,721 -   [LS Iter 4] Cải thiện cost: 108295.00 -> 108233.00
2026-04-29 02:59:21,942 -   [LS Iter 5] Cải thiện cost: 108233.00 -> 108182.00
2026-04-29 02:59:32,248 - === KẾT THÚC GIAI ĐOẠN 2 | Đạt cực trị tại: 108182.00 ===
2026-04-29 02:59:32,249 - === BẮT ĐẦU CHẶNG 3: ALNS + GLS | Vòng lặp: 300 | Cost: 108182.00 ===
2026-04-29 03:01:50,843 -   [ALNS Iter 3] Worst Destroy phá vỡ giới hạn -> BEST MỚI: 107868.00
2026-04-29 03:18:14,244 -   [GLS Iter 21] Cập nhật ma trận phạt để thay đổi hướng đi.
2026-04-29 03:18:30,835 - === KẾT THÚC CHẶNG 3 | Cost xuất sắc nhất đạt được: 107868.00 ===
2026-04-29 03:18:30,836 - ======================================================================
2026-04-29 03:18:30,836 - CW Khởi tạo = 125020 → Sau Pipeline = 107868
2026-04-29 03:18:30,836 - Cải thiện so CW: 17152
2026-04-29 03:18:30,836 - Tổng thời gian: 1201.2s
2026-04-29 03:18:30,836 - Verified cost: 107868
2026-04-29 03:18:30,841 - ======================================================================
2026-04-29 03:18:30,841 - FILE: X-n670-k130.vrp
2026-04-29 03:18:30,841 - ======================================================================
2026-04-29 03:18:31,423 - Dim=670 K=130 Cap=129
2026-04-29 03:18:31,423 - --- Step 1: Clarke-Wright Heuristic ---
2026-04-29 03:19:30,650 -   cost=371520 time=59.23s
2026-04-29 03:19:30,650 - --- Step 2, 3, 4: Advanced Optimization Pipeline ---
2026-04-29 03:19:30,650 - =========================================
2026-04-29 03:19:30,650 - BẮT ĐẦU TUYẾN TRÌNH TỐI ƯU (PIPELINE)
2026-04-29 03:19:30,650 - =========================================
2026-04-29 03:19:30,651 - === GIAI ĐOẠN 2: LOCAL SEARCH ĐA TOÁN TỬ | Bắt đầu: 371520.00 ===
2026-04-29 03:19:44,187 -   [LS Iter 1] Cải thiện cost: 371520.00 -> 185658.00
2026-04-29 03:19:55,946 -   [LS Iter 2] Cải thiện cost: 185658.00 -> 163239.00
2026-04-29 03:20:06,669 -   [LS Iter 3] Cải thiện cost: 163239.00 -> 158687.00
2026-04-29 03:20:16,937 -   [LS Iter 4] Cải thiện cost: 158687.00 -> 157647.00
2026-04-29 03:20:27,177 -   [LS Iter 5] Cải thiện cost: 157647.00 -> 157073.00
2026-04-29 03:20:37,207 -   [LS Iter 6] Cải thiện cost: 157073.00 -> 156921.00
2026-04-29 03:20:47,145 -   [LS Iter 7] Cải thiện cost: 156921.00 -> 156875.00
2026-04-29 03:20:57,052 -   [LS Iter 8] Cải thiện cost: 156875.00 -> 156738.00
2026-04-29 03:21:06,979 -   [LS Iter 9] Cải thiện cost: 156738.00 -> 156698.00
2026-04-29 03:21:16,962 -   [LS Iter 10] Cải thiện cost: 156698.00 -> 156596.00
2026-04-29 03:21:26,822 -   [LS Iter 11] Cải thiện cost: 156596.00 -> 156477.00
2026-04-29 03:21:36,645 -   [LS Iter 12] Cải thiện cost: 156477.00 -> 156368.00
2026-04-29 03:21:46,512 -   [LS Iter 13] Cải thiện cost: 156368.00 -> 156248.00
2026-04-29 03:21:56,280 -   [LS Iter 14] Cải thiện cost: 156248.00 -> 156202.00
2026-04-29 03:22:05,997 -   [LS Iter 15] Cải thiện cost: 156202.00 -> 156153.00
2026-04-29 03:22:15,675 -   [LS Iter 16] Cải thiện cost: 156153.00 -> 156046.00
2026-04-29 03:22:25,352 -   [LS Iter 17] Cải thiện cost: 156046.00 -> 156033.00
2026-04-29 03:22:35,030 -   [LS Iter 18] Cải thiện cost: 156033.00 -> 156022.00
2026-04-29 03:22:44,687 -   [LS Iter 19] Cải thiện cost: 156022.00 -> 156012.00
2026-04-29 03:22:54,292 -   [LS Iter 20] Cải thiện cost: 156012.00 -> 156003.00
2026-04-29 03:23:03,903 -   [LS Iter 21] Cải thiện cost: 156003.00 -> 155988.00
2026-04-29 03:23:13,544 -   [LS Iter 22] Cải thiện cost: 155988.00 -> 155979.00
2026-04-29 03:23:23,195 -   [LS Iter 23] Cải thiện cost: 155979.00 -> 155959.00
2026-04-29 03:23:32,947 -   [LS Iter 24] Cải thiện cost: 155959.00 -> 155951.00
2026-04-29 03:23:42,572 -   [LS Iter 25] Cải thiện cost: 155951.00 -> 155945.00
2026-04-29 03:23:52,176 -   [LS Iter 26] Cải thiện cost: 155945.00 -> 155882.00
2026-04-29 03:24:01,702 -   [LS Iter 27] Cải thiện cost: 155882.00 -> 155871.00
2026-04-29 03:24:11,248 -   [LS Iter 28] Cải thiện cost: 155871.00 -> 155863.00
2026-04-29 03:24:20,875 -   [LS Iter 29] Cải thiện cost: 155863.00 -> 155856.00
2026-04-29 03:24:30,476 -   [LS Iter 30] Cải thiện cost: 155856.00 -> 155849.00
2026-04-29 03:24:40,080 -   [LS Iter 31] Cải thiện cost: 155849.00 -> 155843.00
2026-04-29 03:24:49,715 -   [LS Iter 32] Cải thiện cost: 155843.00 -> 155810.00
2026-04-29 03:24:59,376 -   [LS Iter 33] Cải thiện cost: 155810.00 -> 155791.00
2026-04-29 03:25:08,962 -   [LS Iter 34] Cải thiện cost: 155791.00 -> 155774.00
2026-04-29 03:25:18,555 -   [LS Iter 35] Cải thiện cost: 155774.00 -> 155767.00
2026-04-29 03:25:28,044 -   [LS Iter 36] Cải thiện cost: 155767.00 -> 155760.00
2026-04-29 03:25:37,749 -   [LS Iter 37] Cải thiện cost: 155760.00 -> 155755.00
2026-04-29 03:25:47,267 -   [LS Iter 38] Cải thiện cost: 155755.00 -> 155735.00
2026-04-29 03:25:56,761 -   [LS Iter 39] Cải thiện cost: 155735.00 -> 155729.00
2026-04-29 03:26:06,260 -   [LS Iter 40] Cải thiện cost: 155729.00 -> 155677.00
2026-04-29 03:26:15,731 -   [LS Iter 41] Cải thiện cost: 155677.00 -> 155617.00
2026-04-29 03:26:25,259 -   [LS Iter 42] Cải thiện cost: 155617.00 -> 155607.00
2026-04-29 03:26:34,771 -   [LS Iter 43] Cải thiện cost: 155607.00 -> 155601.00
2026-04-29 03:26:44,270 -   [LS Iter 44] Cải thiện cost: 155601.00 -> 155598.00
2026-04-29 03:26:53,760 -   [LS Iter 45] Cải thiện cost: 155598.00 -> 155429.00
2026-04-29 03:27:03,229 -   [LS Iter 46] Cải thiện cost: 155429.00 -> 155426.00
2026-04-29 03:27:12,698 -   [LS Iter 47] Cải thiện cost: 155426.00 -> 155424.00
2026-04-29 03:27:22,165 -   [LS Iter 48] Cải thiện cost: 155424.00 -> 155422.00
2026-04-29 03:27:31,595 -   [LS Iter 49] Cải thiện cost: 155422.00 -> 155420.00
2026-04-29 03:27:41,073 -   [LS Iter 50] Cải thiện cost: 155420.00 -> 155414.00
2026-04-29 03:27:50,557 -   [LS Iter 51] Cải thiện cost: 155414.00 -> 155409.00
2026-04-29 03:27:59,976 -   [LS Iter 52] Cải thiện cost: 155409.00 -> 155406.00
2026-04-29 03:28:09,369 -   [LS Iter 53] Cải thiện cost: 155406.00 -> 155404.00
2026-04-29 03:28:18,825 -   [LS Iter 54] Cải thiện cost: 155404.00 -> 155402.00
2026-04-29 03:28:28,158 -   [LS Iter 55] Cải thiện cost: 155402.00 -> 155401.00
2026-04-29 03:28:37,555 -   [LS Iter 56] Cải thiện cost: 155401.00 -> 155369.00
2026-04-29 03:28:46,859 -   [LS Iter 57] Cải thiện cost: 155369.00 -> 155368.00
2026-04-29 03:28:56,117 -   [LS Iter 58] Cải thiện cost: 155368.00 -> 155367.00
2026-04-29 03:29:05,398 -   [LS Iter 59] Cải thiện cost: 155367.00 -> 155366.00
2026-04-29 03:29:14,674 -   [LS Iter 60] Cải thiện cost: 155366.00 -> 155365.00
2026-04-29 03:29:23,986 -   [LS Iter 61] Cải thiện cost: 155365.00 -> 155364.00
2026-04-29 03:29:33,294 -   [LS Iter 62] Cải thiện cost: 155364.00 -> 155363.00
2026-04-29 03:29:42,617 -   [LS Iter 63] Cải thiện cost: 155363.00 -> 155358.00
2026-04-29 03:29:51,905 -   [LS Iter 64] Cải thiện cost: 155358.00 -> 155357.00
2026-04-29 03:30:01,169 -   [LS Iter 65] Cải thiện cost: 155357.00 -> 155356.00
2026-04-29 03:30:10,446 -   [LS Iter 66] Cải thiện cost: 155356.00 -> 155353.00
2026-04-29 03:30:19,735 -   [LS Iter 67] Cải thiện cost: 155353.00 -> 155352.00
2026-04-29 03:30:29,003 -   [LS Iter 68] Cải thiện cost: 155352.00 -> 155350.00
2026-04-29 03:30:38,269 -   [LS Iter 69] Cải thiện cost: 155350.00 -> 155349.00
2026-04-29 03:30:47,523 -   [LS Iter 70] Cải thiện cost: 155349.00 -> 155347.00
2026-04-29 03:30:56,770 -   [LS Iter 71] Cải thiện cost: 155347.00 -> 155346.00
2026-04-29 03:31:05,995 -   [LS Iter 72] Cải thiện cost: 155346.00 -> 155345.00
2026-04-29 03:31:15,213 -   [LS Iter 73] Cải thiện cost: 155345.00 -> 155344.00
2026-04-29 03:31:24,451 -   [LS Iter 74] Cải thiện cost: 155344.00 -> 155343.00
2026-04-29 03:31:33,730 - === KẾT THÚC GIAI ĐOẠN 2 | Đạt cực trị tại: 155343.00 ===
2026-04-29 03:31:33,730 - === BẮT ĐẦU CHẶNG 3: ALNS + GLS | Vòng lặp: 300 | Cost: 155343.00 ===
2026-04-29 03:32:44,894 -   [GLS Iter 21] Cập nhật ma trận phạt do kẹt tải trọng liên tục.
2026-04-29 03:36:53,960 -   [ALNS Iter 44] Related Destroy phá vỡ giới hạn -> BEST MỚI: 155009.00
2026-04-29 03:38:31,903 - === KẾT THÚC CHẶNG 3 | Cost xuất sắc nhất đạt được: 155009.00 ===
2026-04-29 03:38:31,904 - ======================================================================
2026-04-29 03:38:31,904 - CW Khởi tạo = 371520 → Sau Pipeline = 155009
2026-04-29 03:38:31,904 - Cải thiện so CW: 216511
2026-04-29 03:38:31,904 - Tổng thời gian: 1200.5s
2026-04-29 03:38:31,904 - Verified cost: 155009
2026-04-29 03:38:31,909 - ======================================================================
2026-04-29 03:38:31,909 - FILE: X-n685-k75.vrp
2026-04-29 03:38:31,910 - ======================================================================
2026-04-29 03:38:32,551 - Dim=685 K=75 Cap=408
2026-04-29 03:38:32,551 - --- Step 1: Clarke-Wright Heuristic ---
2026-04-29 03:38:33,483 -   cost=96728 time=0.93s
2026-04-29 03:38:33,483 - --- Step 2, 3, 4: Advanced Optimization Pipeline ---
2026-04-29 03:38:33,483 - =========================================
2026-04-29 03:38:33,483 - BẮT ĐẦU TUYẾN TRÌNH TỐI ƯU (PIPELINE)
2026-04-29 03:38:33,484 - =========================================
2026-04-29 03:38:33,484 - === GIAI ĐOẠN 2: LOCAL SEARCH ĐA TOÁN TỬ | Bắt đầu: 96728.00 ===
2026-04-29 03:38:47,411 -   [LS Iter 1] Cải thiện cost: 96728.00 -> 83200.00
2026-04-29 03:39:00,684 -   [LS Iter 2] Cải thiện cost: 83200.00 -> 81215.00
2026-04-29 03:39:13,730 -   [LS Iter 3] Cải thiện cost: 81215.00 -> 80144.00
2026-04-29 03:39:26,718 -   [LS Iter 4] Cải thiện cost: 80144.00 -> 79457.00
2026-04-29 03:39:39,573 -   [LS Iter 5] Cải thiện cost: 79457.00 -> 79190.00
2026-04-29 03:39:52,525 -   [LS Iter 6] Cải thiện cost: 79190.00 -> 78956.00
2026-04-29 03:40:05,379 -   [LS Iter 7] Cải thiện cost: 78956.00 -> 78822.00
2026-04-29 03:40:18,250 -   [LS Iter 8] Cải thiện cost: 78822.00 -> 78632.00
2026-04-29 03:40:31,020 -   [LS Iter 9] Cải thiện cost: 78632.00 -> 78588.00
2026-04-29 03:40:43,832 -   [LS Iter 10] Cải thiện cost: 78588.00 -> 78506.00
2026-04-29 03:40:56,565 -   [LS Iter 11] Cải thiện cost: 78506.00 -> 78490.00
2026-04-29 03:41:09,280 -   [LS Iter 12] Cải thiện cost: 78490.00 -> 78476.00
2026-04-29 03:41:22,032 -   [LS Iter 13] Cải thiện cost: 78476.00 -> 78362.00
2026-04-29 03:41:34,685 -   [LS Iter 14] Cải thiện cost: 78362.00 -> 78348.00
2026-04-29 03:41:47,408 -   [LS Iter 15] Cải thiện cost: 78348.00 -> 78340.00
2026-04-29 03:42:00,134 -   [LS Iter 16] Cải thiện cost: 78340.00 -> 78332.00
2026-04-29 03:42:12,804 -   [LS Iter 17] Cải thiện cost: 78332.00 -> 78325.00
2026-04-29 03:42:25,527 -   [LS Iter 18] Cải thiện cost: 78325.00 -> 78043.00
2026-04-29 03:42:38,257 -   [LS Iter 19] Cải thiện cost: 78043.00 -> 77821.00
2026-04-29 03:42:51,003 -   [LS Iter 20] Cải thiện cost: 77821.00 -> 77626.00
2026-04-29 03:43:03,704 -   [LS Iter 21] Cải thiện cost: 77626.00 -> 77622.00
2026-04-29 03:43:16,435 -   [LS Iter 22] Cải thiện cost: 77622.00 -> 77619.00
2026-04-29 03:43:29,216 -   [LS Iter 23] Cải thiện cost: 77619.00 -> 77612.00
2026-04-29 03:43:42,144 -   [LS Iter 24] Cải thiện cost: 77612.00 -> 77609.00
2026-04-29 03:43:54,917 -   [LS Iter 25] Cải thiện cost: 77609.00 -> 77595.00
2026-04-29 03:44:07,649 -   [LS Iter 26] Cải thiện cost: 77595.00 -> 77592.00
2026-04-29 03:44:20,354 -   [LS Iter 27] Cải thiện cost: 77592.00 -> 77590.00
2026-04-29 03:44:33,082 -   [LS Iter 28] Cải thiện cost: 77590.00 -> 77588.00
2026-04-29 03:44:45,830 -   [LS Iter 29] Cải thiện cost: 77588.00 -> 77586.00
2026-04-29 03:44:58,546 -   [LS Iter 30] Cải thiện cost: 77586.00 -> 77584.00
2026-04-29 03:45:11,233 -   [LS Iter 31] Cải thiện cost: 77584.00 -> 77560.00
2026-04-29 03:45:23,914 -   [LS Iter 32] Cải thiện cost: 77560.00 -> 77559.00
2026-04-29 03:45:36,613 -   [LS Iter 33] Cải thiện cost: 77559.00 -> 77540.00
2026-04-29 03:45:49,331 -   [LS Iter 34] Cải thiện cost: 77540.00 -> 77397.00
2026-04-29 03:46:02,061 -   [LS Iter 35] Cải thiện cost: 77397.00 -> 77301.00
2026-04-29 03:46:14,768 -   [LS Iter 36] Cải thiện cost: 77301.00 -> 77296.00
2026-04-29 03:46:27,449 -   [LS Iter 37] Cải thiện cost: 77296.00 -> 77295.00
2026-04-29 03:46:40,183 -   [LS Iter 38] Cải thiện cost: 77295.00 -> 77280.00
2026-04-29 03:46:52,968 -   [LS Iter 39] Cải thiện cost: 77280.00 -> 77252.00
2026-04-29 03:47:05,739 -   [LS Iter 40] Cải thiện cost: 77252.00 -> 77090.00
2026-04-29 03:47:18,518 -   [LS Iter 41] Cải thiện cost: 77090.00 -> 76774.00
2026-04-29 03:47:31,306 -   [LS Iter 42] Cải thiện cost: 76774.00 -> 76740.00
2026-04-29 03:47:44,205 -   [LS Iter 43] Cải thiện cost: 76740.00 -> 76738.00
2026-04-29 03:47:57,044 -   [LS Iter 44] Cải thiện cost: 76738.00 -> 76737.00
2026-04-29 03:48:09,845 -   [LS Iter 45] Cải thiện cost: 76737.00 -> 76736.00
2026-04-29 03:48:22,748 -   [LS Iter 46] Cải thiện cost: 76736.00 -> 76733.00
2026-04-29 03:48:35,615 -   [LS Iter 47] Cải thiện cost: 76733.00 -> 76730.00
2026-04-29 03:48:48,481 - === KẾT THÚC GIAI ĐOẠN 2 | Đạt cực trị tại: 76730.00 ===
2026-04-29 03:48:48,482 - === BẮT ĐẦU CHẶNG 3: ALNS + GLS | Vòng lặp: 300 | Cost: 76730.00 ===
2026-04-29 03:52:37,652 -   [ALNS Iter 6] Related Destroy phá vỡ giới hạn -> BEST MỚI: 76437.00
2026-04-29 03:58:39,647 - === KẾT THÚC CHẶNG 3 | Cost xuất sắc nhất đạt được: 76437.00 ===
2026-04-29 03:58:39,648 - ======================================================================
2026-04-29 03:58:39,648 - CW Khởi tạo = 96728 → Sau Pipeline = 76437
2026-04-29 03:58:39,648 - Cải thiện so CW: 20291
2026-04-29 03:58:39,648 - Tổng thời gian: 1207.1s
2026-04-29 03:58:39,648 - Verified cost: 76437
2026-04-29 03:58:39,653 - ======================================================================
2026-04-29 03:58:39,653 - FILE: X-n701-k44.vrp
2026-04-29 03:58:39,653 - ======================================================================
2026-04-29 03:58:40,288 - Dim=701 K=44 Cap=87
2026-04-29 03:58:40,288 - --- Step 1: Clarke-Wright Heuristic ---
2026-04-29 03:58:41,441 -   cost=101338 time=1.15s
2026-04-29 03:58:41,441 - --- Step 2, 3, 4: Advanced Optimization Pipeline ---
2026-04-29 03:58:41,442 - =========================================
2026-04-29 03:58:41,442 - BẮT ĐẦU TUYẾN TRÌNH TỐI ƯU (PIPELINE)
2026-04-29 03:58:41,442 - =========================================
2026-04-29 03:58:41,442 - === GIAI ĐOẠN 2: LOCAL SEARCH ĐA TOÁN TỬ | Bắt đầu: 101338.00 ===
2026-04-29 03:59:02,720 -   [LS Iter 1] Cải thiện cost: 101338.00 -> 91377.00
2026-04-29 03:59:23,153 -   [LS Iter 2] Cải thiện cost: 91377.00 -> 90378.00
2026-04-29 03:59:43,121 -   [LS Iter 3] Cải thiện cost: 90378.00 -> 90162.00
2026-04-29 04:00:03,196 -   [LS Iter 4] Cải thiện cost: 90162.00 -> 90121.00
2026-04-29 04:00:23,195 -   [LS Iter 5] Cải thiện cost: 90121.00 -> 89935.00
2026-04-29 04:00:43,059 -   [LS Iter 6] Cải thiện cost: 89935.00 -> 89893.00
2026-04-29 04:01:03,077 -   [LS Iter 7] Cải thiện cost: 89893.00 -> 89794.00
2026-04-29 04:01:22,996 -   [LS Iter 8] Cải thiện cost: 89794.00 -> 89758.00
2026-04-29 04:01:42,949 -   [LS Iter 9] Cải thiện cost: 89758.00 -> 89727.00
2026-04-29 04:02:02,839 -   [LS Iter 10] Cải thiện cost: 89727.00 -> 89702.00
2026-04-29 04:02:22,814 -   [LS Iter 11] Cải thiện cost: 89702.00 -> 89606.00
2026-04-29 04:02:42,704 -   [LS Iter 12] Cải thiện cost: 89606.00 -> 89591.00
2026-04-29 04:03:02,631 -   [LS Iter 13] Cải thiện cost: 89591.00 -> 89577.00
2026-04-29 04:03:22,477 -   [LS Iter 14] Cải thiện cost: 89577.00 -> 89568.00
2026-04-29 04:03:42,286 -   [LS Iter 15] Cải thiện cost: 89568.00 -> 89492.00
2026-04-29 04:04:02,004 -   [LS Iter 16] Cải thiện cost: 89492.00 -> 89483.00
2026-04-29 04:04:21,825 -   [LS Iter 17] Cải thiện cost: 89483.00 -> 89358.00
2026-04-29 04:04:41,363 -   [LS Iter 18] Cải thiện cost: 89358.00 -> 89311.00
2026-04-29 04:05:01,113 -   [LS Iter 19] Cải thiện cost: 89311.00 -> 89290.00
2026-04-29 04:05:20,876 -   [LS Iter 20] Cải thiện cost: 89290.00 -> 89241.00
2026-04-29 04:05:40,465 -   [LS Iter 21] Cải thiện cost: 89241.00 -> 89222.00
2026-04-29 04:05:59,845 -   [LS Iter 22] Cải thiện cost: 89222.00 -> 89205.00
2026-04-29 04:06:19,656 -   [LS Iter 23] Cải thiện cost: 89205.00 -> 89200.00
2026-04-29 04:06:39,293 -   [LS Iter 24] Cải thiện cost: 89200.00 -> 89195.00
2026-04-29 04:06:58,990 -   [LS Iter 25] Cải thiện cost: 89195.00 -> 89190.00
2026-04-29 04:07:18,608 -   [LS Iter 26] Cải thiện cost: 89190.00 -> 89133.00
2026-04-29 04:07:38,179 -   [LS Iter 27] Cải thiện cost: 89133.00 -> 89068.00
2026-04-29 04:07:57,747 -   [LS Iter 28] Cải thiện cost: 89068.00 -> 89002.00
2026-04-29 04:08:17,448 -   [LS Iter 29] Cải thiện cost: 89002.00 -> 88977.00
2026-04-29 04:08:37,145 -   [LS Iter 30] Cải thiện cost: 88977.00 -> 88971.00
2026-04-29 04:08:56,759 -   [LS Iter 31] Cải thiện cost: 88971.00 -> 88950.00
2026-04-29 04:09:16,309 -   [LS Iter 32] Cải thiện cost: 88950.00 -> 88948.00
2026-04-29 04:09:35,755 -   [LS Iter 33] Cải thiện cost: 88948.00 -> 88943.00
2026-04-29 04:09:55,237 -   [LS Iter 34] Cải thiện cost: 88943.00 -> 88941.00
2026-04-29 04:10:14,762 -   [LS Iter 35] Cải thiện cost: 88941.00 -> 88924.00
2026-04-29 04:10:34,016 -   [LS Iter 36] Cải thiện cost: 88924.00 -> 88916.00
2026-04-29 04:10:53,385 -   [LS Iter 37] Cải thiện cost: 88916.00 -> 88912.00
2026-04-29 04:11:12,705 -   [LS Iter 38] Cải thiện cost: 88912.00 -> 88855.00
2026-04-29 04:11:32,211 -   [LS Iter 39] Cải thiện cost: 88855.00 -> 88832.00
2026-04-29 04:11:51,684 -   [LS Iter 40] Cải thiện cost: 88832.00 -> 88821.00
2026-04-29 04:12:11,157 -   [LS Iter 41] Cải thiện cost: 88821.00 -> 88813.00
2026-04-29 04:12:30,573 -   [LS Iter 42] Cải thiện cost: 88813.00 -> 88808.00
2026-04-29 04:12:50,074 -   [LS Iter 43] Cải thiện cost: 88808.00 -> 88807.00
2026-04-29 04:13:09,688 -   [LS Iter 44] Cải thiện cost: 88807.00 -> 88806.00
2026-04-29 04:13:29,544 -   [LS Iter 45] Cải thiện cost: 88806.00 -> 88804.00
2026-04-29 04:13:49,159 -   [LS Iter 46] Cải thiện cost: 88804.00 -> 88792.00
2026-04-29 04:14:08,674 -   [LS Iter 47] Cải thiện cost: 88792.00 -> 88791.00
2026-04-29 04:14:28,095 -   [LS Iter 48] Cải thiện cost: 88791.00 -> 88790.00
2026-04-29 04:14:47,482 -   [LS Iter 49] Cải thiện cost: 88790.00 -> 88789.00
2026-04-29 04:15:06,772 -   [LS Iter 50] Cải thiện cost: 88789.00 -> 88772.00
2026-04-29 04:15:26,054 -   [LS Iter 51] Cải thiện cost: 88772.00 -> 88769.00
2026-04-29 04:15:45,343 - === KẾT THÚC GIAI ĐOẠN 2 | Đạt cực trị tại: 88769.00 ===
2026-04-29 04:15:45,343 - === BẮT ĐẦU CHẶNG 3: ALNS + GLS | Vòng lặp: 300 | Cost: 88769.00 ===
2026-04-29 04:18:45,993 - === KẾT THÚC CHẶNG 3 | Cost xuất sắc nhất đạt được: 88769.00 ===
2026-04-29 04:18:45,994 - ======================================================================
2026-04-29 04:18:45,994 - CW Khởi tạo = 101338 → Sau Pipeline = 88769
2026-04-29 04:18:45,994 - Cải thiện so CW: 12569
2026-04-29 04:18:45,994 - Tổng thời gian: 1205.7s
2026-04-29 04:18:45,994 - Verified cost: 88769
2026-04-29 04:18:45,996 - ======================================================================
2026-04-29 04:18:45,996 - FILE: X-n716-k35.vrp
2026-04-29 04:18:45,996 - ======================================================================
2026-04-29 04:18:46,644 - Dim=716 K=35 Cap=1007
2026-04-29 04:18:46,644 - --- Step 1: Clarke-Wright Heuristic ---
2026-04-29 04:18:48,028 -   cost=55910 time=1.38s
2026-04-29 04:18:48,028 - --- Step 2, 3, 4: Advanced Optimization Pipeline ---
2026-04-29 04:18:48,029 - =========================================
2026-04-29 04:18:48,029 - BẮT ĐẦU TUYẾN TRÌNH TỐI ƯU (PIPELINE)
2026-04-29 04:18:48,029 - =========================================
2026-04-29 04:18:48,029 - === GIAI ĐOẠN 2: LOCAL SEARCH ĐA TOÁN TỬ | Bắt đầu: 55910.00 ===
2026-04-29 04:19:26,020 -   [LS Iter 1] Cải thiện cost: 55910.00 -> 50180.00
2026-04-29 04:19:59,112 -   [LS Iter 2] Cải thiện cost: 50180.00 -> 49417.00
2026-04-29 04:20:33,145 -   [LS Iter 3] Cải thiện cost: 49417.00 -> 49120.00
2026-04-29 04:21:05,574 -   [LS Iter 4] Cải thiện cost: 49120.00 -> 49049.00
2026-04-29 04:21:37,842 -   [LS Iter 5] Cải thiện cost: 49049.00 -> 48974.00
2026-04-29 04:22:11,046 -   [LS Iter 6] Cải thiện cost: 48974.00 -> 48939.00
2026-04-29 04:22:44,193 -   [LS Iter 7] Cải thiện cost: 48939.00 -> 48864.00
2026-04-29 04:23:17,590 -   [LS Iter 8] Cải thiện cost: 48864.00 -> 48827.00
2026-04-29 04:23:50,987 -   [LS Iter 9] Cải thiện cost: 48827.00 -> 48705.00
2026-04-29 04:24:24,589 -   [LS Iter 10] Cải thiện cost: 48705.00 -> 48573.00
2026-04-29 04:24:57,370 -   [LS Iter 11] Cải thiện cost: 48573.00 -> 48539.00
2026-04-29 04:25:30,382 -   [LS Iter 12] Cải thiện cost: 48539.00 -> 48526.00
2026-04-29 04:26:03,156 -   [LS Iter 13] Cải thiện cost: 48526.00 -> 48500.00
2026-04-29 04:26:35,827 -   [LS Iter 14] Cải thiện cost: 48500.00 -> 48480.00
2026-04-29 04:27:08,671 -   [LS Iter 15] Cải thiện cost: 48480.00 -> 48106.00
2026-04-29 04:27:41,056 -   [LS Iter 16] Cải thiện cost: 48106.00 -> 48089.00
2026-04-29 04:28:13,101 -   [LS Iter 17] Cải thiện cost: 48089.00 -> 47989.00
2026-04-29 04:28:45,294 -   [LS Iter 18] Cải thiện cost: 47989.00 -> 47901.00
2026-04-29 04:29:17,299 -   [LS Iter 19] Cải thiện cost: 47901.00 -> 47883.00
2026-04-29 04:29:48,939 -   [LS Iter 20] Cải thiện cost: 47883.00 -> 47865.00
2026-04-29 04:30:20,374 -   [LS Iter 21] Cải thiện cost: 47865.00 -> 47853.00
2026-04-29 04:30:51,995 -   [LS Iter 22] Cải thiện cost: 47853.00 -> 47843.00
2026-04-29 04:31:23,721 -   [LS Iter 23] Cải thiện cost: 47843.00 -> 47829.00
2026-04-29 04:31:55,599 -   [LS Iter 24] Cải thiện cost: 47829.00 -> 47796.00
2026-04-29 04:32:28,105 -   [LS Iter 25] Cải thiện cost: 47796.00 -> 47777.00
2026-04-29 04:33:00,324 -   [LS Iter 26] Cải thiện cost: 47777.00 -> 47768.00
2026-04-29 04:33:32,413 -   [LS Iter 27] Cải thiện cost: 47768.00 -> 47754.00
2026-04-29 04:34:04,335 -   [LS Iter 28] Cải thiện cost: 47754.00 -> 47719.00
2026-04-29 04:34:35,870 -   [LS Iter 29] Cải thiện cost: 47719.00 -> 47704.00
2026-04-29 04:35:07,393 -   [LS Iter 30] Cải thiện cost: 47704.00 -> 47696.00
2026-04-29 04:35:38,669 -   [LS Iter 31] Cải thiện cost: 47696.00 -> 47689.00
2026-04-29 04:36:09,879 -   [LS Iter 32] Cải thiện cost: 47689.00 -> 47683.00
2026-04-29 04:36:41,087 -   [LS Iter 33] Cải thiện cost: 47683.00 -> 47668.00
2026-04-29 04:37:12,376 -   [LS Iter 34] Cải thiện cost: 47668.00 -> 47659.00
2026-04-29 04:37:43,540 -   [LS Iter 35] Cải thiện cost: 47659.00 -> 47648.00
2026-04-29 04:38:14,710 -   [LS Iter 36] Cải thiện cost: 47648.00 -> 47635.00
2026-04-29 04:38:45,950 -   [LS Iter 37] Cải thiện cost: 47635.00 -> 47629.00
2026-04-29 04:38:48,199 - === KẾT THÚC GIAI ĐOẠN 2 | Đạt cực trị tại: 47625.00 ===
2026-04-29 04:38:48,200 - ======================================================================
2026-04-29 04:38:48,200 - CW Khởi tạo = 55910 → Sau Pipeline = 47625
2026-04-29 04:38:48,200 - Cải thiện so CW: 8285
2026-04-29 04:38:48,200 - Tổng thời gian: 1201.6s
2026-04-29 04:38:48,200 - Verified cost: 47625
2026-04-29 04:38:48,206 - ======================================================================
2026-04-29 04:38:48,206 - FILE: X-n733-k159.vrp
2026-04-29 04:38:48,206 - ======================================================================
2026-04-29 04:38:48,898 - Dim=733 K=159 Cap=25
2026-04-29 04:38:48,899 - --- Step 1: Clarke-Wright Heuristic ---
2026-04-29 04:38:56,797 -   cost=412027 time=7.90s
2026-04-29 04:38:56,797 - --- Step 2, 3, 4: Advanced Optimization Pipeline ---
2026-04-29 04:38:56,798 - =========================================
2026-04-29 04:38:56,798 - BẮT ĐẦU TUYẾN TRÌNH TỐI ƯU (PIPELINE)
2026-04-29 04:38:56,798 - =========================================
2026-04-29 04:38:56,798 - === GIAI ĐOẠN 2: LOCAL SEARCH ĐA TOÁN TỬ | Bắt đầu: 412027.00 ===
2026-04-29 04:39:07,140 -   [LS Iter 1] Cải thiện cost: 412027.00 -> 167937.00
2026-04-29 04:39:16,238 -   [LS Iter 2] Cải thiện cost: 167937.00 -> 152727.00
2026-04-29 04:39:24,845 -   [LS Iter 3] Cải thiện cost: 152727.00 -> 147750.00
2026-04-29 04:39:33,286 -   [LS Iter 4] Cải thiện cost: 147750.00 -> 145907.00
2026-04-29 04:39:41,676 -   [LS Iter 5] Cải thiện cost: 145907.00 -> 145473.00
2026-04-29 04:39:50,056 -   [LS Iter 6] Cải thiện cost: 145473.00 -> 145176.00
2026-04-29 04:39:58,396 -   [LS Iter 7] Cải thiện cost: 145176.00 -> 145069.00
2026-04-29 04:40:06,752 -   [LS Iter 8] Cải thiện cost: 145069.00 -> 144938.00
2026-04-29 04:40:15,114 -   [LS Iter 9] Cải thiện cost: 144938.00 -> 144730.00
2026-04-29 04:40:23,498 -   [LS Iter 10] Cải thiện cost: 144730.00 -> 144613.00
2026-04-29 04:40:31,826 -   [LS Iter 11] Cải thiện cost: 144613.00 -> 144612.00
2026-04-29 04:40:40,183 - === KẾT THÚC GIAI ĐOẠN 2 | Đạt cực trị tại: 144612.00 ===
2026-04-29 04:40:40,183 - === BẮT ĐẦU CHẶNG 3: ALNS + GLS | Vòng lặp: 300 | Cost: 144612.00 ===
2026-04-29 04:42:02,843 -   [GLS Iter 21] Cập nhật ma trận phạt do kẹt tải trọng liên tục.
2026-04-29 04:46:49,611 -   [ALNS Iter 80] Related Destroy phá vỡ giới hạn -> BEST MỚI: 144355.00
2026-04-29 04:47:32,942 -   [GLS Iter 101] Cập nhật ma trận phạt do kẹt tải trọng liên tục.
2026-04-29 04:50:50,397 -   [ALNS Iter 151] Related Destroy phá vỡ giới hạn -> BEST MỚI: 144263.00
2026-04-29 04:52:12,752 -   [GLS Iter 181] Cập nhật ma trận phạt do kẹt tải trọng liên tục.
2026-04-29 04:53:48,296 -   [ALNS Iter 182] Related Destroy phá vỡ giới hạn -> BEST MỚI: 144219.00
2026-04-29 04:55:24,700 -   [GLS Iter 221] Cập nhật ma trận phạt do kẹt tải trọng liên tục.
2026-04-29 04:57:52,326 -   [ALNS Iter 254] Related Destroy phá vỡ giới hạn -> BEST MỚI: 143993.00
2026-04-29 04:58:49,094 - === KẾT THÚC CHẶNG 3 | Cost xuất sắc nhất đạt được: 143993.00 ===
2026-04-29 04:58:49,095 - ======================================================================
2026-04-29 04:58:49,095 - CW Khởi tạo = 412027 → Sau Pipeline = 143993
2026-04-29 04:58:49,095 - Cải thiện so CW: 268034
2026-04-29 04:58:49,095 - Tổng thời gian: 1200.2s
2026-04-29 04:58:49,095 - Verified cost: 143993
2026-04-29 04:58:49,100 - ======================================================================
2026-04-29 04:58:49,100 - FILE: X-n749-k98.vrp
2026-04-29 04:58:49,100 - ======================================================================
2026-04-29 04:58:49,813 - Dim=749 K=98 Cap=396
2026-04-29 04:58:49,813 - --- Step 1: Clarke-Wright Heuristic ---
2026-04-29 04:58:56,288 -   cost=313839 time=6.47s
2026-04-29 04:58:56,288 - --- Step 2, 3, 4: Advanced Optimization Pipeline ---
2026-04-29 04:58:56,288 - =========================================
2026-04-29 04:58:56,289 - BẮT ĐẦU TUYẾN TRÌNH TỐI ƯU (PIPELINE)
2026-04-29 04:58:56,289 - =========================================
2026-04-29 04:58:56,289 - === GIAI ĐOẠN 2: LOCAL SEARCH ĐA TOÁN TỬ | Bắt đầu: 313839.00 ===
2026-04-29 04:59:09,762 -   [LS Iter 1] Cải thiện cost: 313839.00 -> 126965.00
2026-04-29 04:59:24,388 -   [LS Iter 2] Cải thiện cost: 126965.00 -> 101218.00
2026-04-29 04:59:37,580 -   [LS Iter 3] Cải thiện cost: 101218.00 -> 95847.00
2026-04-29 04:59:50,498 -   [LS Iter 4] Cải thiện cost: 95847.00 -> 91364.00
2026-04-29 05:00:03,484 -   [LS Iter 5] Cải thiện cost: 91364.00 -> 89875.00
2026-04-29 05:00:16,458 -   [LS Iter 6] Cải thiện cost: 89875.00 -> 88914.00
2026-04-29 05:00:29,261 -   [LS Iter 7] Cải thiện cost: 88914.00 -> 88373.00
2026-04-29 05:00:42,040 -   [LS Iter 8] Cải thiện cost: 88373.00 -> 88080.00
2026-04-29 05:00:54,882 -   [LS Iter 9] Cải thiện cost: 88080.00 -> 87780.00
2026-04-29 05:01:07,583 -   [LS Iter 10] Cải thiện cost: 87780.00 -> 87455.00
2026-04-29 05:01:20,407 -   [LS Iter 11] Cải thiện cost: 87455.00 -> 86999.00
2026-04-29 05:01:33,131 -   [LS Iter 12] Cải thiện cost: 86999.00 -> 86816.00
2026-04-29 05:01:45,709 -   [LS Iter 13] Cải thiện cost: 86816.00 -> 86521.00
2026-04-29 05:01:58,351 -   [LS Iter 14] Cải thiện cost: 86521.00 -> 86177.00
2026-04-29 05:02:10,957 -   [LS Iter 15] Cải thiện cost: 86177.00 -> 85759.00
2026-04-29 05:02:23,546 -   [LS Iter 16] Cải thiện cost: 85759.00 -> 85730.00
2026-04-29 05:02:36,119 -   [LS Iter 17] Cải thiện cost: 85730.00 -> 85701.00
2026-04-29 05:02:48,702 -   [LS Iter 18] Cải thiện cost: 85701.00 -> 85693.00
2026-04-29 05:03:01,271 -   [LS Iter 19] Cải thiện cost: 85693.00 -> 85686.00
2026-04-29 05:03:13,804 -   [LS Iter 20] Cải thiện cost: 85686.00 -> 85681.00
2026-04-29 05:03:26,423 -   [LS Iter 21] Cải thiện cost: 85681.00 -> 85636.00
2026-04-29 05:03:39,038 -   [LS Iter 22] Cải thiện cost: 85636.00 -> 85629.00
2026-04-29 05:03:51,643 -   [LS Iter 23] Cải thiện cost: 85629.00 -> 85626.00
2026-04-29 05:04:04,378 -   [LS Iter 24] Cải thiện cost: 85626.00 -> 85606.00
2026-04-29 05:04:16,909 -   [LS Iter 25] Cải thiện cost: 85606.00 -> 85583.00
2026-04-29 05:04:29,465 -   [LS Iter 26] Cải thiện cost: 85583.00 -> 85567.00
2026-04-29 05:04:42,068 -   [LS Iter 27] Cải thiện cost: 85567.00 -> 85435.00
2026-04-29 05:04:54,600 -   [LS Iter 28] Cải thiện cost: 85435.00 -> 85398.00
2026-04-29 05:05:07,107 -   [LS Iter 29] Cải thiện cost: 85398.00 -> 85393.00
2026-04-29 05:05:19,665 -   [LS Iter 30] Cải thiện cost: 85393.00 -> 85385.00
2026-04-29 05:05:32,162 -   [LS Iter 31] Cải thiện cost: 85385.00 -> 85372.00
2026-04-29 05:05:44,713 -   [LS Iter 32] Cải thiện cost: 85372.00 -> 85348.00
2026-04-29 05:05:57,269 -   [LS Iter 33] Cải thiện cost: 85348.00 -> 85346.00
2026-04-29 05:06:09,812 -   [LS Iter 34] Cải thiện cost: 85346.00 -> 85302.00
2026-04-29 05:06:22,356 -   [LS Iter 35] Cải thiện cost: 85302.00 -> 85230.00
2026-04-29 05:06:34,896 -   [LS Iter 36] Cải thiện cost: 85230.00 -> 85209.00
2026-04-29 05:06:47,498 -   [LS Iter 37] Cải thiện cost: 85209.00 -> 85199.00
2026-04-29 05:07:00,060 -   [LS Iter 38] Cải thiện cost: 85199.00 -> 85198.00
2026-04-29 05:07:12,557 -   [LS Iter 39] Cải thiện cost: 85198.00 -> 85167.00
2026-04-29 05:07:25,107 -   [LS Iter 40] Cải thiện cost: 85167.00 -> 85161.00
2026-04-29 05:07:37,630 -   [LS Iter 41] Cải thiện cost: 85161.00 -> 85151.00
2026-04-29 05:07:50,201 -   [LS Iter 42] Cải thiện cost: 85151.00 -> 85113.00
2026-04-29 05:08:02,767 -   [LS Iter 43] Cải thiện cost: 85113.00 -> 85100.00
2026-04-29 05:08:15,302 -   [LS Iter 44] Cải thiện cost: 85100.00 -> 85088.00
2026-04-29 05:08:27,895 -   [LS Iter 45] Cải thiện cost: 85088.00 -> 85075.00
2026-04-29 05:08:40,472 -   [LS Iter 46] Cải thiện cost: 85075.00 -> 85068.00
2026-04-29 05:08:53,064 -   [LS Iter 47] Cải thiện cost: 85068.00 -> 85067.00
2026-04-29 05:09:05,630 -   [LS Iter 48] Cải thiện cost: 85067.00 -> 85066.00
2026-04-29 05:09:18,126 -   [LS Iter 49] Cải thiện cost: 85066.00 -> 85034.00
2026-04-29 05:09:30,637 -   [LS Iter 50] Cải thiện cost: 85034.00 -> 84996.00
2026-04-29 05:09:43,142 -   [LS Iter 51] Cải thiện cost: 84996.00 -> 84988.00
2026-04-29 05:09:55,694 -   [LS Iter 52] Cải thiện cost: 84988.00 -> 84986.00
2026-04-29 05:10:08,233 -   [LS Iter 53] Cải thiện cost: 84986.00 -> 84984.00
2026-04-29 05:10:20,908 -   [LS Iter 54] Cải thiện cost: 84984.00 -> 84983.00
2026-04-29 05:10:33,406 -   [LS Iter 55] Cải thiện cost: 84983.00 -> 84958.00
2026-04-29 05:10:45,926 -   [LS Iter 56] Cải thiện cost: 84958.00 -> 84957.00
2026-04-29 05:10:58,467 - === KẾT THÚC GIAI ĐOẠN 2 | Đạt cực trị tại: 84957.00 ===
2026-04-29 05:10:58,468 - === BẮT ĐẦU CHẶNG 3: ALNS + GLS | Vòng lặp: 300 | Cost: 84957.00 ===
2026-04-29 05:14:39,073 -   [ALNS Iter 9] Related Destroy phá vỡ giới hạn -> BEST MỚI: 84562.00
2026-04-29 05:17:41,866 -   [ALNS Iter 11] Related Destroy phá vỡ giới hạn -> BEST MỚI: 84466.00
2026-04-29 05:18:52,108 - === KẾT THÚC CHẶNG 3 | Cost xuất sắc nhất đạt được: 84466.00 ===
2026-04-29 05:18:52,108 - ======================================================================
2026-04-29 05:18:52,108 - CW Khởi tạo = 313839 → Sau Pipeline = 84466
2026-04-29 05:18:52,108 - Cải thiện so CW: 229373
2026-04-29 05:18:52,109 - Tổng thời gian: 1202.3s
2026-04-29 05:18:52,109 - Verified cost: 84466
2026-04-29 05:18:52,114 - ======================================================================
2026-04-29 05:18:52,114 - FILE: X-n766-k71.vrp
2026-04-29 05:18:52,114 - ======================================================================
2026-04-29 05:18:52,869 - Dim=766 K=71 Cap=166
2026-04-29 05:18:52,869 - --- Step 1: Clarke-Wright Heuristic ---
2026-04-29 05:18:55,030 -   cost=154574 time=2.16s
2026-04-29 05:18:55,030 - --- Step 2, 3, 4: Advanced Optimization Pipeline ---
2026-04-29 05:18:55,031 - =========================================
2026-04-29 05:18:55,031 - BẮT ĐẦU TUYẾN TRÌNH TỐI ƯU (PIPELINE)
2026-04-29 05:18:55,031 - =========================================
2026-04-29 05:18:55,031 - === GIAI ĐOẠN 2: LOCAL SEARCH ĐA TOÁN TỬ | Bắt đầu: 154574.00 ===
2026-04-29 05:19:17,611 -   [LS Iter 1] Cải thiện cost: 154574.00 -> 129359.00
2026-04-29 05:19:38,876 -   [LS Iter 2] Cải thiện cost: 129359.00 -> 127071.00
2026-04-29 05:19:59,512 -   [LS Iter 3] Cải thiện cost: 127071.00 -> 125989.00
2026-04-29 05:20:20,307 -   [LS Iter 4] Cải thiện cost: 125989.00 -> 124973.00
2026-04-29 05:20:40,784 -   [LS Iter 5] Cải thiện cost: 124973.00 -> 124494.00
2026-04-29 05:21:01,227 -   [LS Iter 6] Cải thiện cost: 124494.00 -> 124198.00
2026-04-29 05:21:21,607 -   [LS Iter 7] Cải thiện cost: 124198.00 -> 124068.00
2026-04-29 05:21:41,923 -   [LS Iter 8] Cải thiện cost: 124068.00 -> 124013.00
2026-04-29 05:22:02,326 -   [LS Iter 9] Cải thiện cost: 124013.00 -> 123885.00
2026-04-29 05:22:22,679 -   [LS Iter 10] Cải thiện cost: 123885.00 -> 123848.00
2026-04-29 05:22:42,777 -   [LS Iter 11] Cải thiện cost: 123848.00 -> 123831.00
2026-04-29 05:23:02,910 -   [LS Iter 12] Cải thiện cost: 123831.00 -> 123696.00
2026-04-29 05:23:23,045 -   [LS Iter 13] Cải thiện cost: 123696.00 -> 123687.00
2026-04-29 05:23:43,240 -   [LS Iter 14] Cải thiện cost: 123687.00 -> 123679.00
2026-04-29 05:24:03,405 -   [LS Iter 15] Cải thiện cost: 123679.00 -> 123671.00
2026-04-29 05:24:23,655 -   [LS Iter 16] Cải thiện cost: 123671.00 -> 123639.00
2026-04-29 05:24:43,610 -   [LS Iter 17] Cải thiện cost: 123639.00 -> 123577.00
2026-04-29 05:25:03,754 -   [LS Iter 18] Cải thiện cost: 123577.00 -> 123534.00
2026-04-29 05:25:24,027 -   [LS Iter 19] Cải thiện cost: 123534.00 -> 123514.00
2026-04-29 05:25:44,042 -   [LS Iter 20] Cải thiện cost: 123514.00 -> 123445.00
2026-04-29 05:26:04,139 -   [LS Iter 21] Cải thiện cost: 123445.00 -> 123423.00
2026-04-29 05:26:24,386 -   [LS Iter 22] Cải thiện cost: 123423.00 -> 123342.00
2026-04-29 05:26:44,596 -   [LS Iter 23] Cải thiện cost: 123342.00 -> 123261.00
2026-04-29 05:27:04,780 -   [LS Iter 24] Cải thiện cost: 123261.00 -> 123254.00
2026-04-29 05:27:24,901 -   [LS Iter 25] Cải thiện cost: 123254.00 -> 123248.00
2026-04-29 05:27:44,917 -   [LS Iter 26] Cải thiện cost: 123248.00 -> 123243.00
2026-04-29 05:28:04,924 -   [LS Iter 27] Cải thiện cost: 123243.00 -> 123238.00
2026-04-29 05:28:25,153 -   [LS Iter 28] Cải thiện cost: 123238.00 -> 123234.00
2026-04-29 05:28:45,459 -   [LS Iter 29] Cải thiện cost: 123234.00 -> 123230.00
2026-04-29 05:29:05,439 -   [LS Iter 30] Cải thiện cost: 123230.00 -> 122471.00
2026-04-29 05:29:25,573 -   [LS Iter 31] Cải thiện cost: 122471.00 -> 122188.00
2026-04-29 05:29:45,734 -   [LS Iter 32] Cải thiện cost: 122188.00 -> 122152.00
2026-04-29 05:30:05,935 -   [LS Iter 33] Cải thiện cost: 122152.00 -> 122129.00
2026-04-29 05:30:26,102 -   [LS Iter 34] Cải thiện cost: 122129.00 -> 122116.00
2026-04-29 05:30:46,346 -   [LS Iter 35] Cải thiện cost: 122116.00 -> 122067.00
2026-04-29 05:31:06,623 -   [LS Iter 36] Cải thiện cost: 122067.00 -> 122002.00
2026-04-29 05:31:26,617 -   [LS Iter 37] Cải thiện cost: 122002.00 -> 121991.00
2026-04-29 05:31:46,693 -   [LS Iter 38] Cải thiện cost: 121991.00 -> 121987.00
2026-04-29 05:32:06,713 -   [LS Iter 39] Cải thiện cost: 121987.00 -> 121978.00
2026-04-29 05:32:26,723 -   [LS Iter 40] Cải thiện cost: 121978.00 -> 121976.00
2026-04-29 05:32:46,800 -   [LS Iter 41] Cải thiện cost: 121976.00 -> 121932.00
2026-04-29 05:33:07,247 -   [LS Iter 42] Cải thiện cost: 121932.00 -> 121923.00
2026-04-29 05:33:27,582 -   [LS Iter 43] Cải thiện cost: 121923.00 -> 121920.00
2026-04-29 05:33:47,686 -   [LS Iter 44] Cải thiện cost: 121920.00 -> 121859.00
2026-04-29 05:34:07,730 -   [LS Iter 45] Cải thiện cost: 121859.00 -> 121816.00
2026-04-29 05:34:27,644 -   [LS Iter 46] Cải thiện cost: 121816.00 -> 121813.00
2026-04-29 05:34:47,643 -   [LS Iter 47] Cải thiện cost: 121813.00 -> 121810.00
2026-04-29 05:35:07,589 -   [LS Iter 48] Cải thiện cost: 121810.00 -> 121809.00
2026-04-29 05:35:27,473 -   [LS Iter 49] Cải thiện cost: 121809.00 -> 121808.00
2026-04-29 05:35:47,363 -   [LS Iter 50] Cải thiện cost: 121808.00 -> 121805.00
2026-04-29 05:36:07,306 -   [LS Iter 51] Cải thiện cost: 121805.00 -> 121804.00
2026-04-29 05:36:27,245 -   [LS Iter 52] Cải thiện cost: 121804.00 -> 121803.00
2026-04-29 05:36:47,210 -   [LS Iter 53] Cải thiện cost: 121803.00 -> 121802.00
2026-04-29 05:37:07,113 -   [LS Iter 54] Cải thiện cost: 121802.00 -> 121801.00
2026-04-29 05:37:26,972 -   [LS Iter 55] Cải thiện cost: 121801.00 -> 121788.00
2026-04-29 05:37:46,813 -   [LS Iter 56] Cải thiện cost: 121788.00 -> 121765.00
2026-04-29 05:38:06,725 -   [LS Iter 57] Cải thiện cost: 121765.00 -> 121726.00
2026-04-29 05:38:26,715 -   [LS Iter 58] Cải thiện cost: 121726.00 -> 121702.00
2026-04-29 05:38:46,640 -   [LS Iter 59] Cải thiện cost: 121702.00 -> 121699.00
2026-04-29 05:39:06,295 - === KẾT THÚC GIAI ĐOẠN 2 | Đạt cực trị tại: 121699.00 ===
2026-04-29 05:39:06,296 - ======================================================================
2026-04-29 05:39:06,296 - CW Khởi tạo = 154574 → Sau Pipeline = 121699
2026-04-29 05:39:06,296 - Cải thiện so CW: 32875
2026-04-29 05:39:06,296 - Tổng thời gian: 1213.4s
2026-04-29 05:39:06,296 - Verified cost: 121699
2026-04-29 05:39:06,302 - ======================================================================
2026-04-29 05:39:06,302 - FILE: X-n783-k48.vrp
2026-04-29 05:39:06,302 - ======================================================================
2026-04-29 05:39:07,081 - Dim=783 K=48 Cap=832
2026-04-29 05:39:07,081 - --- Step 1: Clarke-Wright Heuristic ---
2026-04-29 05:39:08,666 -   cost=101735 time=1.58s
2026-04-29 05:39:08,666 - --- Step 2, 3, 4: Advanced Optimization Pipeline ---
2026-04-29 05:39:08,667 - =========================================
2026-04-29 05:39:08,667 - BẮT ĐẦU TUYẾN TRÌNH TỐI ƯU (PIPELINE)
2026-04-29 05:39:08,667 - =========================================
2026-04-29 05:39:08,667 - === GIAI ĐOẠN 2: LOCAL SEARCH ĐA TOÁN TỬ | Bắt đầu: 101735.00 ===
2026-04-29 05:39:40,049 -   [LS Iter 1] Cải thiện cost: 101735.00 -> 85101.00
2026-04-29 05:40:09,871 -   [LS Iter 2] Cải thiện cost: 85101.00 -> 83245.00
2026-04-29 05:40:40,028 -   [LS Iter 3] Cải thiện cost: 83245.00 -> 82242.00
2026-04-29 05:41:08,629 -   [LS Iter 4] Cải thiện cost: 82242.00 -> 81886.00
2026-04-29 05:41:38,902 -   [LS Iter 5] Cải thiện cost: 81886.00 -> 81647.00
2026-04-29 05:42:08,314 -   [LS Iter 6] Cải thiện cost: 81647.00 -> 81607.00
2026-04-29 05:42:37,769 -   [LS Iter 7] Cải thiện cost: 81607.00 -> 81583.00
2026-04-29 05:43:07,245 -   [LS Iter 8] Cải thiện cost: 81583.00 -> 81549.00
2026-04-29 05:43:36,840 -   [LS Iter 9] Cải thiện cost: 81549.00 -> 81522.00
2026-04-29 05:44:06,576 -   [LS Iter 10] Cải thiện cost: 81522.00 -> 81502.00
2026-04-29 05:44:36,178 -   [LS Iter 11] Cải thiện cost: 81502.00 -> 81478.00
2026-04-29 05:45:05,803 -   [LS Iter 12] Cải thiện cost: 81478.00 -> 81463.00
2026-04-29 05:45:35,346 -   [LS Iter 13] Cải thiện cost: 81463.00 -> 81448.00
2026-04-29 05:46:04,954 -   [LS Iter 14] Cải thiện cost: 81448.00 -> 81436.00
2026-04-29 05:46:34,470 -   [LS Iter 15] Cải thiện cost: 81436.00 -> 81423.00
2026-04-29 05:47:04,048 -   [LS Iter 16] Cải thiện cost: 81423.00 -> 81383.00
2026-04-29 05:47:33,556 -   [LS Iter 17] Cải thiện cost: 81383.00 -> 81378.00
2026-04-29 05:48:03,006 -   [LS Iter 18] Cải thiện cost: 81378.00 -> 81374.00
2026-04-29 05:48:32,622 -   [LS Iter 19] Cải thiện cost: 81374.00 -> 81371.00
2026-04-29 05:49:02,297 -   [LS Iter 20] Cải thiện cost: 81371.00 -> 81368.00
2026-04-29 05:49:31,859 -   [LS Iter 21] Cải thiện cost: 81368.00 -> 81364.00
2026-04-29 05:50:01,313 -   [LS Iter 22] Cải thiện cost: 81364.00 -> 81356.00
2026-04-29 05:50:29,988 -   [LS Iter 23] Cải thiện cost: 81356.00 -> 81263.00
2026-04-29 05:50:58,408 -   [LS Iter 24] Cải thiện cost: 81263.00 -> 81166.00
2026-04-29 05:51:26,865 -   [LS Iter 25] Cải thiện cost: 81166.00 -> 81136.00
2026-04-29 05:51:55,678 -   [LS Iter 26] Cải thiện cost: 81136.00 -> 80999.00
2026-04-29 05:52:23,660 -   [LS Iter 27] Cải thiện cost: 80999.00 -> 80928.00
2026-04-29 05:52:51,798 -   [LS Iter 28] Cải thiện cost: 80928.00 -> 80892.00
2026-04-29 05:53:20,161 -   [LS Iter 29] Cải thiện cost: 80892.00 -> 80862.00
2026-04-29 05:53:48,463 -   [LS Iter 30] Cải thiện cost: 80862.00 -> 80852.00
2026-04-29 05:54:16,876 -   [LS Iter 31] Cải thiện cost: 80852.00 -> 80795.00
2026-04-29 05:54:44,846 -   [LS Iter 32] Cải thiện cost: 80795.00 -> 80756.00
2026-04-29 05:55:13,066 -   [LS Iter 33] Cải thiện cost: 80756.00 -> 80690.00
2026-04-29 05:55:41,096 -   [LS Iter 34] Cải thiện cost: 80690.00 -> 80659.00
2026-04-29 05:56:09,077 -   [LS Iter 35] Cải thiện cost: 80659.00 -> 80656.00
2026-04-29 05:56:36,911 -   [LS Iter 36] Cải thiện cost: 80656.00 -> 80650.00
2026-04-29 05:57:05,017 -   [LS Iter 37] Cải thiện cost: 80650.00 -> 80648.00
2026-04-29 05:57:32,752 -   [LS Iter 38] Cải thiện cost: 80648.00 -> 80646.00
2026-04-29 05:58:00,502 - === KẾT THÚC GIAI ĐOẠN 2 | Đạt cực trị tại: 80646.00 ===
2026-04-29 05:58:00,502 - === BẮT ĐẦU CHẶNG 3: ALNS + GLS | Vòng lặp: 300 | Cost: 80646.00 ===
2026-04-29 05:59:25,815 - === KẾT THÚC CHẶNG 3 | Cost xuất sắc nhất đạt được: 80646.00 ===
2026-04-29 05:59:25,816 - ======================================================================
2026-04-29 05:59:25,816 - CW Khởi tạo = 101735 → Sau Pipeline = 80646
2026-04-29 05:59:25,816 - Cải thiện so CW: 21089
2026-04-29 05:59:25,816 - Tổng thời gian: 1218.7s
2026-04-29 05:59:25,816 - Verified cost: 80646
2026-04-29 05:59:25,821 - ======================================================================
2026-04-29 05:59:25,821 - FILE: X-n801-k40.vrp
2026-04-29 05:59:25,821 - ======================================================================
2026-04-29 05:59:26,643 - Dim=801 K=40 Cap=20
2026-04-29 05:59:26,643 - --- Step 1: Clarke-Wright Heuristic ---
2026-04-29 05:59:28,506 -   cost=89895 time=1.86s
2026-04-29 05:59:28,506 - --- Step 2, 3, 4: Advanced Optimization Pipeline ---
2026-04-29 05:59:28,507 - =========================================
2026-04-29 05:59:28,507 - BẮT ĐẦU TUYẾN TRÌNH TỐI ƯU (PIPELINE)
2026-04-29 05:59:28,507 - =========================================
2026-04-29 05:59:28,507 - === GIAI ĐOẠN 2: LOCAL SEARCH ĐA TOÁN TỬ | Bắt đầu: 89895.00 ===
2026-04-29 06:00:14,698 -   [LS Iter 1] Cải thiện cost: 89895.00 -> 81414.00
2026-04-29 06:00:59,206 -   [LS Iter 2] Cải thiện cost: 81414.00 -> 79954.00
2026-04-29 06:01:43,015 -   [LS Iter 3] Cải thiện cost: 79954.00 -> 79799.00
2026-04-29 06:02:26,859 -   [LS Iter 4] Cải thiện cost: 79799.00 -> 79733.00
2026-04-29 06:03:10,549 -   [LS Iter 5] Cải thiện cost: 79733.00 -> 79659.00
2026-04-29 06:03:54,432 - === KẾT THÚC GIAI ĐOẠN 2 | Đạt cực trị tại: 79659.00 ===
2026-04-29 06:03:54,432 - === BẮT ĐẦU CHẶNG 3: ALNS + GLS | Vòng lặp: 300 | Cost: 79659.00 ===
2026-04-29 06:07:43,147 -   [ALNS Iter 1] Random Destroy phá vỡ giới hạn -> BEST MỚI: 79179.00
2026-04-29 06:11:01,066 -   [ALNS Iter 2] Random Destroy phá vỡ giới hạn -> BEST MỚI: 78891.00
2026-04-29 06:15:41,798 -   [ALNS Iter 3] Random Destroy phá vỡ giới hạn -> BEST MỚI: 78634.00
2026-04-29 06:18:48,172 -   [ALNS Iter 4] Random Destroy phá vỡ giới hạn -> BEST MỚI: 78267.00
2026-04-29 06:19:52,629 - === KẾT THÚC CHẶNG 3 | Cost xuất sắc nhất đạt được: 78267.00 ===
2026-04-29 06:19:52,630 - ======================================================================
2026-04-29 06:19:52,630 - CW Khởi tạo = 89895 → Sau Pipeline = 78267
2026-04-29 06:19:52,630 - Cải thiện so CW: 11628
2026-04-29 06:19:52,630 - Tổng thời gian: 1226.0s
2026-04-29 06:19:52,630 - Verified cost: 78267
2026-04-29 06:19:52,635 - ======================================================================
2026-04-29 06:19:52,635 - FILE: X-n819-k171.vrp
2026-04-29 06:19:52,635 - ======================================================================
2026-04-29 06:19:53,480 - Dim=819 K=171 Cap=358
2026-04-29 06:19:53,480 - --- Step 1: Clarke-Wright Heuristic ---
2026-04-29 07:24:08,929 - CW thất bại → fallback K=999
2026-04-29 07:24:09,502 -   cost=214313 time=0.50s
2026-04-29 07:24:09,502 - --- Step 2, 3, 4: Advanced Optimization Pipeline ---
2026-04-29 07:24:09,502 - =========================================
2026-04-29 07:24:09,503 - BẮT ĐẦU TUYẾN TRÌNH TỐI ƯU (PIPELINE)
2026-04-29 07:24:09,503 - =========================================
2026-04-29 07:24:09,503 - === GIAI ĐOẠN 2: LOCAL SEARCH ĐA TOÁN TỬ | Bắt đầu: 214313.00 ===
2026-04-29 07:24:09,503 - === KẾT THÚC GIAI ĐOẠN 2 | Đạt cực trị tại: 214313.00 ===
2026-04-29 07:24:09,503 - ======================================================================
2026-04-29 07:24:09,503 - CW Khởi tạo = 214313 → Sau Pipeline = 214313
2026-04-29 07:24:09,503 - Cải thiện so CW: 0
2026-04-29 07:24:09,504 - Tổng thời gian: 0.5s
2026-04-29 07:24:09,504 - Verified cost: 214313
2026-04-29 07:24:09,509 - ======================================================================
2026-04-29 07:24:09,509 - FILE: X-n837-k142.vrp
2026-04-29 07:24:09,509 - ======================================================================
2026-04-29 07:24:10,383 - Dim=837 K=142 Cap=44
2026-04-29 07:24:10,383 - --- Step 1: Clarke-Wright Heuristic ---
2026-04-29 08:27:27,684 - CW thất bại → fallback K=999
2026-04-29 08:27:28,282 -   cost=317567 time=0.53s
2026-04-29 08:27:28,282 - --- Step 2, 3, 4: Advanced Optimization Pipeline ---
2026-04-29 08:27:28,283 - =========================================
2026-04-29 08:27:28,283 - BẮT ĐẦU TUYẾN TRÌNH TỐI ƯU (PIPELINE)
2026-04-29 08:27:28,283 - =========================================
2026-04-29 08:27:28,283 - === GIAI ĐOẠN 2: LOCAL SEARCH ĐA TOÁN TỬ | Bắt đầu: 317567.00 ===
2026-04-29 08:27:28,283 - === KẾT THÚC GIAI ĐOẠN 2 | Đạt cực trị tại: 317567.00 ===
2026-04-29 08:27:28,284 - ======================================================================
2026-04-29 08:27:28,284 - CW Khởi tạo = 317567 → Sau Pipeline = 317567
2026-04-29 08:27:28,284 - Cải thiện so CW: 0
2026-04-29 08:27:28,284 - Tổng thời gian: 0.5s
2026-04-29 08:27:28,284 - Verified cost: 317567
2026-04-29 08:27:28,289 - ======================================================================
2026-04-29 08:27:28,290 - FILE: X-n856-k95.vrp
2026-04-29 08:27:28,290 - ======================================================================
2026-04-29 08:27:29,212 - Dim=856 K=95 Cap=9
2026-04-29 08:27:29,212 - --- Step 1: Clarke-Wright Heuristic ---
2026-04-29 08:27:30,850 -   cost=109020 time=1.64s
2026-04-29 08:27:30,850 - --- Step 2, 3, 4: Advanced Optimization Pipeline ---
2026-04-29 08:27:30,850 - =========================================
2026-04-29 08:27:30,850 - BẮT ĐẦU TUYẾN TRÌNH TỐI ƯU (PIPELINE)
2026-04-29 08:27:30,850 - =========================================
2026-04-29 08:27:30,851 - === GIAI ĐOẠN 2: LOCAL SEARCH ĐA TOÁN TỬ | Bắt đầu: 109020.00 ===
2026-04-29 08:27:58,537 -   [LS Iter 1] Cải thiện cost: 109020.00 -> 95360.00
2026-04-29 08:28:26,059 -   [LS Iter 2] Cải thiện cost: 95360.00 -> 93905.00
2026-04-29 08:28:53,239 -   [LS Iter 3] Cải thiện cost: 93905.00 -> 93070.00
2026-04-29 08:29:20,355 -   [LS Iter 4] Cải thiện cost: 93070.00 -> 92937.00
2026-04-29 08:29:47,565 -   [LS Iter 5] Cải thiện cost: 92937.00 -> 92915.00
2026-04-29 08:30:14,598 -   [LS Iter 6] Cải thiện cost: 92915.00 -> 92910.00
2026-04-29 08:30:41,645 -   [LS Iter 7] Cải thiện cost: 92910.00 -> 92907.00
2026-04-29 08:31:08,703 - === KẾT THÚC GIAI ĐOẠN 2 | Đạt cực trị tại: 92907.00 ===
2026-04-29 08:31:08,704 - === BẮT ĐẦU CHẶNG 3: ALNS + GLS | Vòng lặp: 300 | Cost: 92907.00 ===
2026-04-29 08:33:56,617 -   [ALNS Iter 1] Worst Destroy phá vỡ giới hạn -> BEST MỚI: 92291.00
2026-04-29 08:47:28,441 - === KẾT THÚC CHẶNG 3 | Cost xuất sắc nhất đạt được: 92291.00 ===
2026-04-29 08:47:28,442 - ======================================================================
2026-04-29 08:47:28,442 - CW Khởi tạo = 109020 → Sau Pipeline = 92291
2026-04-29 08:47:28,442 - Cải thiện so CW: 16729
2026-04-29 08:47:28,442 - Tổng thời gian: 1199.2s
2026-04-29 08:47:28,442 - Verified cost: 92291
2026-04-29 08:47:28,447 - ======================================================================
2026-04-29 08:47:28,447 - FILE: X-n876-k59.vrp
2026-04-29 08:47:28,447 - ======================================================================
2026-04-29 08:47:29,402 - Dim=876 K=59 Cap=764
2026-04-29 08:47:29,402 - --- Step 1: Clarke-Wright Heuristic ---
2026-04-29 08:47:31,504 -   cost=137967 time=2.10s
2026-04-29 08:47:31,504 - --- Step 2, 3, 4: Advanced Optimization Pipeline ---
2026-04-29 08:47:31,504 - =========================================
2026-04-29 08:47:31,504 - BẮT ĐẦU TUYẾN TRÌNH TỐI ƯU (PIPELINE)
2026-04-29 08:47:31,505 - =========================================
2026-04-29 08:47:31,505 - === GIAI ĐOẠN 2: LOCAL SEARCH ĐA TOÁN TỬ | Bắt đầu: 137967.00 ===
2026-04-29 08:48:04,694 -   [LS Iter 1] Cải thiện cost: 137967.00 -> 111478.00
2026-04-29 08:48:34,800 -   [LS Iter 2] Cải thiện cost: 111478.00 -> 108586.00
2026-04-29 08:49:04,711 -   [LS Iter 3] Cải thiện cost: 108586.00 -> 107935.00
2026-04-29 08:49:34,393 -   [LS Iter 4] Cải thiện cost: 107935.00 -> 107642.00
2026-04-29 08:50:04,058 -   [LS Iter 5] Cải thiện cost: 107642.00 -> 107499.00
2026-04-29 08:50:33,750 -   [LS Iter 6] Cải thiện cost: 107499.00 -> 107413.00
2026-04-29 08:51:03,498 -   [LS Iter 7] Cải thiện cost: 107413.00 -> 107286.00
2026-04-29 08:51:33,071 -   [LS Iter 8] Cải thiện cost: 107286.00 -> 107256.00
2026-04-29 08:52:02,634 -   [LS Iter 9] Cải thiện cost: 107256.00 -> 107196.00
2026-04-29 08:52:32,500 -   [LS Iter 10] Cải thiện cost: 107196.00 -> 107137.00
2026-04-29 08:53:02,283 -   [LS Iter 11] Cải thiện cost: 107137.00 -> 107122.00
2026-04-29 08:53:32,142 -   [LS Iter 12] Cải thiện cost: 107122.00 -> 107113.00
2026-04-29 08:54:01,983 -   [LS Iter 13] Cải thiện cost: 107113.00 -> 107098.00
2026-04-29 08:54:31,876 -   [LS Iter 14] Cải thiện cost: 107098.00 -> 107030.00
2026-04-29 08:55:01,570 -   [LS Iter 15] Cải thiện cost: 107030.00 -> 106967.00
2026-04-29 08:55:31,616 -   [LS Iter 16] Cải thiện cost: 106967.00 -> 106958.00
2026-04-29 08:56:01,390 -   [LS Iter 17] Cải thiện cost: 106958.00 -> 106952.00
2026-04-29 08:56:31,086 -   [LS Iter 18] Cải thiện cost: 106952.00 -> 106946.00
2026-04-29 08:57:00,783 -   [LS Iter 19] Cải thiện cost: 106946.00 -> 106941.00
2026-04-29 08:57:30,548 -   [LS Iter 20] Cải thiện cost: 106941.00 -> 106887.00
2026-04-29 08:58:00,307 -   [LS Iter 21] Cải thiện cost: 106887.00 -> 106761.00
2026-04-29 08:58:29,911 -   [LS Iter 22] Cải thiện cost: 106761.00 -> 106392.00
2026-04-29 08:58:59,884 -   [LS Iter 23] Cải thiện cost: 106392.00 -> 106368.00
2026-04-29 08:59:29,653 -   [LS Iter 24] Cải thiện cost: 106368.00 -> 106339.00
2026-04-29 08:59:59,436 -   [LS Iter 25] Cải thiện cost: 106339.00 -> 106334.00
2026-04-29 09:00:29,288 -   [LS Iter 26] Cải thiện cost: 106334.00 -> 106330.00
2026-04-29 09:00:58,920 -   [LS Iter 27] Cải thiện cost: 106330.00 -> 106307.00
2026-04-29 09:01:28,563 -   [LS Iter 28] Cải thiện cost: 106307.00 -> 106303.00
2026-04-29 09:01:58,189 -   [LS Iter 29] Cải thiện cost: 106303.00 -> 106299.00
2026-04-29 09:02:27,916 -   [LS Iter 30] Cải thiện cost: 106299.00 -> 106247.00
2026-04-29 09:02:57,538 -   [LS Iter 31] Cải thiện cost: 106247.00 -> 106211.00
2026-04-29 09:03:27,229 -   [LS Iter 32] Cải thiện cost: 106211.00 -> 106202.00
2026-04-29 09:03:56,845 -   [LS Iter 33] Cải thiện cost: 106202.00 -> 106199.00
2026-04-29 09:04:26,789 -   [LS Iter 34] Cải thiện cost: 106199.00 -> 106154.00
2026-04-29 09:04:56,511 -   [LS Iter 35] Cải thiện cost: 106154.00 -> 106147.00
2026-04-29 09:05:26,309 -   [LS Iter 36] Cải thiện cost: 106147.00 -> 106139.00
2026-04-29 09:05:55,987 -   [LS Iter 37] Cải thiện cost: 106139.00 -> 106133.00
2026-04-29 09:06:25,636 -   [LS Iter 38] Cải thiện cost: 106133.00 -> 106129.00
2026-04-29 09:06:55,255 -   [LS Iter 39] Cải thiện cost: 106129.00 -> 106127.00
2026-04-29 09:07:25,052 -   [LS Iter 40] Cải thiện cost: 106127.00 -> 106125.00
2026-04-29 09:07:29,148 - === KẾT THÚC GIAI ĐOẠN 2 | Đạt cực trị tại: 106123.00 ===
2026-04-29 09:07:29,149 - ======================================================================
2026-04-29 09:07:29,149 - CW Khởi tạo = 137967 → Sau Pipeline = 106123
2026-04-29 09:07:29,149 - Cải thiện so CW: 31844
2026-04-29 09:07:29,149 - Tổng thời gian: 1199.7s
2026-04-29 09:07:29,149 - Verified cost: 106123
2026-04-29 09:07:29,152 - ======================================================================
2026-04-29 09:07:29,152 - FILE: X-n895-k37.vrp
2026-04-29 09:07:29,152 - ======================================================================
2026-04-29 09:07:30,151 - Dim=895 K=37 Cap=1816
2026-04-29 09:07:30,151 - --- Step 1: Clarke-Wright Heuristic ---
2026-04-29 09:12:01,500 -   cost=426187 time=271.35s
2026-04-29 09:12:01,500 - --- Step 2, 3, 4: Advanced Optimization Pipeline ---
2026-04-29 09:12:01,500 - =========================================
2026-04-29 09:12:01,500 - BẮT ĐẦU TUYẾN TRÌNH TỐI ƯU (PIPELINE)
2026-04-29 09:12:01,500 - =========================================
2026-04-29 09:12:01,501 - === GIAI ĐOẠN 2: LOCAL SEARCH ĐA TOÁN TỬ | Bắt đầu: 426187.00 ===
2026-04-29 09:12:58,761 -   [LS Iter 1] Cải thiện cost: 426187.00 -> 114108.00
2026-04-29 09:13:44,305 -   [LS Iter 2] Cải thiện cost: 114108.00 -> 94153.00
2026-04-29 09:14:24,029 -   [LS Iter 3] Cải thiện cost: 94153.00 -> 90564.00
2026-04-29 09:15:04,203 -   [LS Iter 4] Cải thiện cost: 90564.00 -> 88568.00
2026-04-29 09:15:44,213 -   [LS Iter 5] Cải thiện cost: 88568.00 -> 86997.00
2026-04-29 09:16:23,471 -   [LS Iter 6] Cải thiện cost: 86997.00 -> 85898.00
2026-04-29 09:17:02,644 -   [LS Iter 7] Cải thiện cost: 85898.00 -> 85491.00
2026-04-29 09:17:41,946 -   [LS Iter 8] Cải thiện cost: 85491.00 -> 84673.00
2026-04-29 09:18:20,799 -   [LS Iter 9] Cải thiện cost: 84673.00 -> 84527.00
2026-04-29 09:18:59,974 -   [LS Iter 10] Cải thiện cost: 84527.00 -> 84406.00
2026-04-29 09:19:38,887 -   [LS Iter 11] Cải thiện cost: 84406.00 -> 84387.00
2026-04-29 09:20:17,746 -   [LS Iter 12] Cải thiện cost: 84387.00 -> 84222.00
2026-04-29 09:20:56,729 -   [LS Iter 13] Cải thiện cost: 84222.00 -> 84067.00
2026-04-29 09:21:35,447 -   [LS Iter 14] Cải thiện cost: 84067.00 -> 84015.00
2026-04-29 09:22:14,449 -   [LS Iter 15] Cải thiện cost: 84015.00 -> 83829.00
2026-04-29 09:22:53,355 -   [LS Iter 16] Cải thiện cost: 83829.00 -> 83454.00
2026-04-29 09:23:32,345 -   [LS Iter 17] Cải thiện cost: 83454.00 -> 83361.00
2026-04-29 09:24:11,183 -   [LS Iter 18] Cải thiện cost: 83361.00 -> 83273.00
2026-04-29 09:24:50,406 -   [LS Iter 19] Cải thiện cost: 83273.00 -> 83101.00
2026-04-29 09:25:29,221 -   [LS Iter 20] Cải thiện cost: 83101.00 -> 83041.00
2026-04-29 09:26:08,484 -   [LS Iter 21] Cải thiện cost: 83041.00 -> 82969.00
2026-04-29 09:26:47,216 -   [LS Iter 22] Cải thiện cost: 82969.00 -> 82954.00
2026-04-29 09:27:25,989 - === KẾT THÚC GIAI ĐOẠN 2 | Đạt cực trị tại: 82954.00 ===
2026-04-29 09:27:25,989 - === BẮT ĐẦU CHẶNG 3: ALNS + GLS | Vòng lặp: 300 | Cost: 82954.00 ===
2026-04-29 09:27:41,880 - === KẾT THÚC CHẶNG 3 | Cost xuất sắc nhất đạt được: 82954.00 ===
2026-04-29 09:27:41,881 - ======================================================================
2026-04-29 09:27:41,881 - CW Khởi tạo = 426187 → Sau Pipeline = 82954
2026-04-29 09:27:41,881 - Cải thiện so CW: 343233
2026-04-29 09:27:41,881 - Tổng thời gian: 1211.7s
2026-04-29 09:27:41,882 - Verified cost: 82954
2026-04-29 09:27:41,887 - ======================================================================
2026-04-29 09:27:41,887 - FILE: X-n916-k207.vrp
2026-04-29 09:27:41,887 - ======================================================================
2026-04-29 09:27:42,950 - Dim=916 K=207 Cap=33
2026-04-29 09:27:42,950 - --- Step 1: Clarke-Wright Heuristic ---
