2026-04-06 16:09:49,603 - ======================================================================
2026-04-06 16:09:49,603 - FILE: B-n45-k5.vrp
2026-04-06 16:09:49,603 - ======================================================================
2026-04-06 16:09:49,606 - Dim=45 K=5 Cap=100
2026-04-06 16:09:49,606 - --- Step 1: Clarke-Wright Heuristic ---
2026-04-06 16:09:49,609 -   cost=1030 time=0.00s
2026-04-06 16:09:49,609 - --- Step 2, 3, 4: Advanced Optimization Pipeline ---
2026-04-06 16:09:49,609 - =========================================
2026-04-06 16:09:49,609 - BẮT ĐẦU TUYẾN TRÌNH TỐI ƯU (PIPELINE)
2026-04-06 16:09:49,609 - =========================================
2026-04-06 16:09:49,609 - === GIAI ĐOẠN 2: LOCAL SEARCH ĐA TOÁN TỬ | Bắt đầu: 1030.00 ===
2026-04-06 16:09:49,690 -   [LS Iter 1] Cải thiện cost: 1030.00 -> 830.00
2026-04-06 16:09:49,741 - === KẾT THÚC GIAI ĐOẠN 2 | Đạt cực trị tại: 830.00 ===
2026-04-06 16:09:49,741 - === BẮT ĐẦU CHẶNG 3: ALNS + GLS | Vòng lặp: 150 | Cost: 830.00 ===
2026-04-06 16:09:50,989 -   [ALNS Iter 12] Related Destroy phá vỡ giới hạn -> BEST MỚI: 804.00
2026-04-06 16:09:51,890 -   [GLS Iter 21] Cập nhật ma trận phạt để thay đổi hướng đi.
2026-04-06 16:09:53,154 -   [ALNS Iter 33] Worst Destroy phá vỡ giới hạn -> BEST MỚI: 800.00
2026-04-06 16:09:56,503 -   [ALNS Iter 66] Related Destroy phá vỡ giới hạn -> BEST MỚI: 797.00
2026-04-06 16:09:58,366 -   [GLS Iter 81] Cập nhật ma trận phạt để thay đổi hướng đi.
2026-04-06 16:10:04,653 -   [GLS Iter 141] Cập nhật ma trận phạt để thay đổi hướng đi.
2026-04-06 16:10:05,631 - === KẾT THÚC CHẶNG 3 | Cost xuất sắc nhất đạt được: 797.00 ===
2026-04-06 16:10:05,631 - === BẮT ĐẦU CHẶNG 4: MAX-SAT CHÍNH XÁC | Cost: 797.00 ===
2026-04-06 16:10:05,631 -   [GĐ 4.1] Giải bài toán TSP trên từng tuyến đơn...
2026-04-06 16:13:28,980 -     [S-Timeout 200.0s]
2026-04-06 16:13:31,835 -   [GĐ 4.2] Xét từng cặp tuyến để phân bổ lại khách hàng...
2026-04-06 16:13:31,836 -   --- Pairwise Iter 1 (còn 978s) ---
2026-04-06 16:15:31,839 -     [P-Timeout 120.0s]
2026-04-06 16:17:31,855 -     [P-Timeout 120.0s]
2026-04-06 16:19:31,871 -     [P-Timeout 120.0s]
2026-04-06 16:21:31,891 -     [P-Timeout 120.0s]
2026-04-06 16:23:31,909 -     [P-Timeout 120.0s]
2026-04-06 16:23:31,923 -     -> Đã đạt cực trị toàn cục cho mọi cặp dưới ngưỡng. KẾT THÚC CHẶNG 4.
2026-04-06 16:23:31,923 - HOÀN THÀNH PIPELINE. Final cost=797.00 | Time=822.3s
2026-04-06 16:23:31,923 - ======================================================================
2026-04-06 16:23:31,923 - CW Khởi tạo = 1030 → Sau Pipeline = 797
2026-04-06 16:23:31,923 - Cải thiện so CW: 233
2026-04-06 16:23:31,923 - Tổng thời gian: 822.3s
2026-04-06 16:23:31,924 - Verified cost: 797
2026-04-06 16:23:31,925 - ======================================================================
2026-04-06 16:23:31,925 - FILE: B-n45-k6.vrp
2026-04-06 16:23:31,925 - ======================================================================
2026-04-06 16:23:31,928 - Dim=45 K=6 Cap=100
2026-04-06 16:23:31,928 - --- Step 1: Clarke-Wright Heuristic ---
2026-04-06 16:23:31,930 -   cost=888 time=0.00s
2026-04-06 16:23:31,930 - --- Step 2, 3, 4: Advanced Optimization Pipeline ---
2026-04-06 16:23:31,931 - =========================================
2026-04-06 16:23:31,931 - BẮT ĐẦU TUYẾN TRÌNH TỐI ƯU (PIPELINE)
2026-04-06 16:23:31,931 - =========================================
2026-04-06 16:23:31,931 - === GIAI ĐOẠN 2: LOCAL SEARCH ĐA TOÁN TỬ | Bắt đầu: 888.00 ===
2026-04-06 16:23:31,978 -   [LS Iter 1] Cải thiện cost: 888.00 -> 772.00
2026-04-06 16:23:32,020 -   [LS Iter 2] Cải thiện cost: 772.00 -> 771.00
2026-04-06 16:23:32,062 - === KẾT THÚC GIAI ĐOẠN 2 | Đạt cực trị tại: 771.00 ===
2026-04-06 16:23:32,062 - === BẮT ĐẦU CHẶNG 3: ALNS + GLS | Vòng lặp: 150 | Cost: 771.00 ===
2026-04-06 16:23:32,251 -   [ALNS Iter 4] Random Destroy phá vỡ giới hạn -> BEST MỚI: 721.00
2026-04-06 16:23:33,805 -   [ALNS Iter 44] Random Destroy phá vỡ giới hạn -> BEST MỚI: 719.00
2026-04-06 16:23:33,890 -   [ALNS Iter 46] Random Destroy phá vỡ giới hạn -> BEST MỚI: 717.00
2026-04-06 16:23:34,415 -   [GLS Iter 61] Cập nhật ma trận phạt để thay đổi hướng đi.
2026-04-06 16:23:34,589 -   [ALNS Iter 64] Related Destroy phá vỡ giới hạn -> BEST MỚI: 698.00
2026-04-06 16:23:36,690 -   [GLS Iter 121] Cập nhật ma trận phạt do kẹt tải trọng liên tục.
2026-04-06 16:23:37,829 - === KẾT THÚC CHẶNG 3 | Cost xuất sắc nhất đạt được: 698.00 ===
2026-04-06 16:23:37,829 - === BẮT ĐẦU CHẶNG 4: MAX-SAT CHÍNH XÁC | Cost: 698.00 ===
2026-04-06 16:23:37,829 -   [GĐ 4.1] Giải bài toán TSP trên từng tuyến đơn...
2026-04-06 16:23:39,588 -   [GĐ 4.2] Xét từng cặp tuyến để phân bổ lại khách hàng...
2026-04-06 16:23:39,588 -   --- Pairwise Iter 1 (còn 1192s) ---
2026-04-06 16:25:39,592 -     [P-Timeout 120.0s]
2026-04-06 16:27:39,606 -     [P-Timeout 120.0s]
2026-04-06 16:29:39,620 -     [P-Timeout 120.0s]
2026-04-06 16:31:39,635 -     [P-Timeout 120.0s]
2026-04-06 16:33:39,653 -     [P-Timeout 120.0s]
2026-04-06 16:35:39,667 -     [P-Timeout 120.0s]
2026-04-06 16:37:39,683 -     [P-Timeout 120.0s]
2026-04-06 16:39:39,696 -     [P-Timeout 120.0s]
2026-04-06 16:41:39,718 -     [P-Timeout 120.0s]
2026-04-06 16:43:29,935 -     [P-Timeout 110.2s]
2026-04-06 16:43:29,946 -     -> Đã đạt cực trị toàn cục cho mọi cặp dưới ngưỡng. KẾT THÚC CHẶNG 4.
2026-04-06 16:43:29,947 - HOÀN THÀNH PIPELINE. Final cost=698.00 | Time=1198.0s
2026-04-06 16:43:29,947 - ======================================================================
2026-04-06 16:43:29,947 - CW Khởi tạo = 888 → Sau Pipeline = 698
2026-04-06 16:43:29,947 - Cải thiện so CW: 190
2026-04-06 16:43:29,947 - Tổng thời gian: 1198.0s
2026-04-06 16:43:29,947 - Verified cost: 698
