2026-05-16 02:07:28,103 - ======================================================================
2026-05-16 02:07:28,103 - FILE: F-n45-k4.vrp
2026-05-16 02:07:28,103 - ======================================================================
2026-05-16 02:07:28,106 - Dim=45 K=4 Cap=2010
2026-05-16 02:07:28,106 - --- Step 1: Clarke-Wright Heuristic ---
2026-05-16 02:07:28,108 -   cost=954 time=0.00s
2026-05-16 02:07:28,108 - --- Step 2, 3, 4: Advanced Optimization Pipeline ---
2026-05-16 02:07:28,108 - =========================================
2026-05-16 02:07:28,108 - BẮT ĐẦU TUYẾN TRÌNH TỐI ƯU (PIPELINE)
2026-05-16 02:07:28,108 - =========================================
2026-05-16 02:07:28,108 - === GIAI ĐOẠN 2: LOCAL SEARCH ĐA TOÁN TỬ | Bắt đầu: 954.00 ===
2026-05-16 02:07:28,209 -   [LS Iter 1] Cải thiện cost: 954.00 -> 852.00
2026-05-16 02:07:28,286 -   [LS Iter 2] Cải thiện cost: 852.00 -> 841.00
2026-05-16 02:07:28,369 -   [LS Iter 3] Cải thiện cost: 841.00 -> 830.00
2026-05-16 02:07:28,450 - === KẾT THÚC GIAI ĐOẠN 2 | Đạt cực trị tại: 830.00 ===
2026-05-16 02:07:28,450 - === BẮT ĐẦU CHẶNG 3: ALNS + GLS | Vòng lặp: 1600 | Cost: 830.00 ===
2026-05-16 02:07:29,127 -   [ALNS Iter 6] Worst Destroy phá vỡ giới hạn -> BEST MỚI: 764.00
2026-05-16 02:07:29,778 -   [ALNS Iter 12] Random Destroy phá vỡ giới hạn -> BEST MỚI: 748.00
2026-05-16 02:07:30,976 -   [GLS Iter 21] Cập nhật ma trận phạt để thay đổi hướng đi.
2026-05-16 02:07:31,482 -   [ALNS Iter 25] Random Destroy phá vỡ giới hạn -> BEST MỚI: 727.00
2026-05-16 02:07:36,216 -   [GLS Iter 61] Cập nhật ma trận phạt để thay đổi hướng đi.
2026-05-16 02:07:47,383 -   [GLS Iter 121] Cập nhật ma trận phạt để thay đổi hướng đi.
2026-05-16 02:07:59,676 -   [GLS Iter 181] Cập nhật ma trận phạt để thay đổi hướng đi.
