2026-05-08 00:50:15,706 - ======================================================================
2026-05-08 00:50:15,706 - FILE: A-n32-k5.vrp
2026-05-08 00:50:15,706 - ======================================================================
2026-05-08 00:50:15,708 - Dim=32 K=5 Cap=100
2026-05-08 00:50:15,708 - --- Step 1: Clarke-Wright Heuristic ---
2026-05-08 00:50:15,710 -   cost=1016 time=0.00s
2026-05-08 00:50:15,710 - --- Step 2, 3, 4: Advanced Optimization Pipeline ---
2026-05-08 00:50:15,710 - =========================================
2026-05-08 00:50:15,710 - BẮT ĐẦU TUYẾN TRÌNH TỐI ƯU (PIPELINE)
2026-05-08 00:50:15,710 - =========================================
2026-05-08 00:50:15,710 - === GIAI ĐOẠN 2: LOCAL SEARCH ĐA TOÁN TỬ | Bắt đầu: 1016.00 ===
2026-05-08 00:50:15,751 -   [LS Iter 1] Cải thiện cost: 1016.00 -> 879.00
2026-05-08 00:50:15,784 -   [LS Iter 2] Cải thiện cost: 879.00 -> 831.00
2026-05-08 00:50:15,816 - === KẾT THÚC GIAI ĐOẠN 2 | Đạt cực trị tại: 831.00 ===
2026-05-08 00:50:15,816 - === BẮT ĐẦU CHẶNG 3: ALNS + GLS | Vòng lặp: 150 | Cost: 831.00 ===
2026-05-08 00:50:16,036 -   [ALNS Iter 4] Random Destroy phá vỡ giới hạn -> BEST MỚI: 830.00
2026-05-08 00:50:17,187 -   [ALNS Iter 26] Worst Destroy phá vỡ giới hạn -> BEST MỚI: 829.00
2026-05-08 00:50:17,793 -   [ALNS Iter 36] Worst Destroy phá vỡ giới hạn -> BEST MỚI: 784.00
2026-05-08 00:50:17,793 -   [ALNS] 🎉 Đã chạm mốc BKS (784.0). Ngắt vòng lặp ALNS sớm!
2026-05-08 00:50:17,793 - === KẾT THÚC CHẶNG 3 | Cost xuất sắc nhất đạt được: 784.00 ===
2026-05-08 00:50:17,793 - 🎉 ĐÃ ĐẠT NGHIỆM TỐI ƯU TOÀN CỤC (BKS = 784.0). DỪNG SỚM!
2026-05-08 00:50:17,793 - ======================================================================
2026-05-08 00:50:17,793 - CW Khởi tạo = 1016 → Sau Pipeline = 784
2026-05-08 00:50:17,793 - Cải thiện so CW: 232
2026-05-08 00:50:17,793 - Tổng thời gian: 2.1s
2026-05-08 00:50:17,793 - Verified cost: 784
2026-05-08 00:50:17,798 - ======================================================================
2026-05-08 00:50:17,798 - FILE: A-n33-k6.vrp
2026-05-08 00:50:17,799 - ======================================================================
2026-05-08 00:50:17,809 - Dim=33 K=6 Cap=100
2026-05-08 00:50:17,809 - --- Step 1: Clarke-Wright Heuristic ---
2026-05-08 00:50:17,810 -   cost=932 time=0.00s
2026-05-08 00:50:17,810 - --- Step 2, 3, 4: Advanced Optimization Pipeline ---
2026-05-08 00:50:17,810 - =========================================
2026-05-08 00:50:17,810 - BẮT ĐẦU TUYẾN TRÌNH TỐI ƯU (PIPELINE)
2026-05-08 00:50:17,810 - =========================================
2026-05-08 00:50:17,810 - === GIAI ĐOẠN 2: LOCAL SEARCH ĐA TOÁN TỬ | Bắt đầu: 932.00 ===
2026-05-08 00:50:17,840 -   [LS Iter 1] Cải thiện cost: 932.00 -> 791.00
2026-05-08 00:50:17,867 -   [LS Iter 2] Cải thiện cost: 791.00 -> 745.00
2026-05-08 00:50:17,893 - === KẾT THÚC GIAI ĐOẠN 2 | Đạt cực trị tại: 745.00 ===
2026-05-08 00:50:17,893 - === BẮT ĐẦU CHẶNG 3: ALNS + GLS | Vòng lặp: 150 | Cost: 745.00 ===
2026-05-08 00:50:18,804 -   [GLS Iter 21] Cập nhật ma trận phạt để thay đổi hướng đi.
2026-05-08 00:50:20,221 -   [ALNS Iter 52] Worst Destroy phá vỡ giới hạn -> BEST MỚI: 742.00
2026-05-08 00:50:20,221 -   [ALNS] 🎉 Đã chạm mốc BKS (742.0). Ngắt vòng lặp ALNS sớm!
2026-05-08 00:50:20,221 - === KẾT THÚC CHẶNG 3 | Cost xuất sắc nhất đạt được: 742.00 ===
2026-05-08 00:50:20,221 - 🎉 ĐÃ ĐẠT NGHIỆM TỐI ƯU TOÀN CỤC (BKS = 742.0). DỪNG SỚM!
2026-05-08 00:50:20,221 - ======================================================================
2026-05-08 00:50:20,221 - CW Khởi tạo = 932 → Sau Pipeline = 742
2026-05-08 00:50:20,221 - Cải thiện so CW: 190
2026-05-08 00:50:20,221 - Tổng thời gian: 2.4s
2026-05-08 00:50:20,221 - Verified cost: 742
2026-05-08 00:50:20,223 - ======================================================================
2026-05-08 00:50:20,223 - FILE: A-n33-k5.vrp
2026-05-08 00:50:20,223 - ======================================================================
2026-05-08 00:50:20,225 - Dim=33 K=5 Cap=100
2026-05-08 00:50:20,225 - --- Step 1: Clarke-Wright Heuristic ---
2026-05-08 00:50:20,226 -   cost=814 time=0.00s
2026-05-08 00:50:20,226 - --- Step 2, 3, 4: Advanced Optimization Pipeline ---
2026-05-08 00:50:20,226 - =========================================
2026-05-08 00:50:20,226 - BẮT ĐẦU TUYẾN TRÌNH TỐI ƯU (PIPELINE)
2026-05-08 00:50:20,226 - =========================================
2026-05-08 00:50:20,226 - === GIAI ĐOẠN 2: LOCAL SEARCH ĐA TOÁN TỬ | Bắt đầu: 814.00 ===
2026-05-08 00:50:20,261 -   [LS Iter 1] Cải thiện cost: 814.00 -> 725.00
2026-05-08 00:50:20,290 -   [LS Iter 2] Cải thiện cost: 725.00 -> 696.00
2026-05-08 00:50:20,317 - === KẾT THÚC GIAI ĐOẠN 2 | Đạt cực trị tại: 696.00 ===
2026-05-08 00:50:20,318 - === BẮT ĐẦU CHẶNG 3: ALNS + GLS | Vòng lặp: 150 | Cost: 696.00 ===
2026-05-08 00:50:20,603 -   [ALNS Iter 4] Worst Destroy phá vỡ giới hạn -> BEST MỚI: 690.00
2026-05-08 00:50:20,881 -   [ALNS Iter 11] Worst Destroy phá vỡ giới hạn -> BEST MỚI: 676.00
2026-05-08 00:50:22,278 -   [GLS Iter 41] Cập nhật ma trận phạt để thay đổi hướng đi.
2026-05-08 00:50:22,517 -   [ALNS Iter 47] Worst Destroy phá vỡ giới hạn -> BEST MỚI: 675.00
2026-05-08 00:50:24,716 -   [ALNS Iter 82] Worst Destroy phá vỡ giới hạn -> BEST MỚI: 673.00
2026-05-08 00:50:25,889 -   [ALNS Iter 109] Worst Destroy phá vỡ giới hạn -> BEST MỚI: 661.00
2026-05-08 00:50:25,889 -   [ALNS] 🎉 Đã chạm mốc BKS (661.0). Ngắt vòng lặp ALNS sớm!
2026-05-08 00:50:25,890 - === KẾT THÚC CHẶNG 3 | Cost xuất sắc nhất đạt được: 661.00 ===
2026-05-08 00:50:25,890 - 🎉 ĐÃ ĐẠT NGHIỆM TỐI ƯU TOÀN CỤC (BKS = 661.0). DỪNG SỚM!
2026-05-08 00:50:25,890 - ======================================================================
2026-05-08 00:50:25,890 - CW Khởi tạo = 814 → Sau Pipeline = 661
2026-05-08 00:50:25,890 - Cải thiện so CW: 153
2026-05-08 00:50:25,890 - Tổng thời gian: 5.7s
2026-05-08 00:50:25,890 - Verified cost: 661
2026-05-08 00:50:25,894 - ======================================================================
2026-05-08 00:50:25,894 - FILE: A-n34-k5.vrp
2026-05-08 00:50:25,895 - ======================================================================
2026-05-08 00:50:25,901 - Dim=34 K=5 Cap=100
2026-05-08 00:50:25,901 - --- Step 1: Clarke-Wright Heuristic ---
2026-05-08 00:50:25,902 -   cost=1043 time=0.00s
2026-05-08 00:50:25,902 - --- Step 2, 3, 4: Advanced Optimization Pipeline ---
2026-05-08 00:50:25,902 - =========================================
2026-05-08 00:50:25,902 - BẮT ĐẦU TUYẾN TRÌNH TỐI ƯU (PIPELINE)
2026-05-08 00:50:25,902 - =========================================
2026-05-08 00:50:25,902 - === GIAI ĐOẠN 2: LOCAL SEARCH ĐA TOÁN TỬ | Bắt đầu: 1043.00 ===
2026-05-08 00:50:25,943 -   [LS Iter 1] Cải thiện cost: 1043.00 -> 819.00
2026-05-08 00:50:25,973 -   [LS Iter 2] Cải thiện cost: 819.00 -> 791.00
2026-05-08 00:50:26,000 - === KẾT THÚC GIAI ĐOẠN 2 | Đạt cực trị tại: 791.00 ===
2026-05-08 00:50:26,000 - === BẮT ĐẦU CHẶNG 3: ALNS + GLS | Vòng lặp: 150 | Cost: 791.00 ===
2026-05-08 00:50:26,413 -   [ALNS Iter 10] Related Destroy phá vỡ giới hạn -> BEST MỚI: 790.00
2026-05-08 00:50:26,767 -   [ALNS Iter 18] Related Destroy phá vỡ giới hạn -> BEST MỚI: 789.00
2026-05-08 00:50:26,944 -   [GLS Iter 21] Cập nhật ma trận phạt để thay đổi hướng đi.
2026-05-08 00:50:27,986 -   [ALNS Iter 39] Worst Destroy phá vỡ giới hạn -> BEST MỚI: 785.00
2026-05-08 00:50:28,576 -   [ALNS Iter 47] Worst Destroy phá vỡ giới hạn -> BEST MỚI: 778.00
2026-05-08 00:50:28,577 -   [ALNS] 🎉 Đã chạm mốc BKS (778.0). Ngắt vòng lặp ALNS sớm!
2026-05-08 00:50:28,577 - === KẾT THÚC CHẶNG 3 | Cost xuất sắc nhất đạt được: 778.00 ===
2026-05-08 00:50:28,577 - 🎉 ĐÃ ĐẠT NGHIỆM TỐI ƯU TOÀN CỤC (BKS = 778.0). DỪNG SỚM!
2026-05-08 00:50:28,577 - ======================================================================
2026-05-08 00:50:28,577 - CW Khởi tạo = 1043 → Sau Pipeline = 778
2026-05-08 00:50:28,577 - Cải thiện so CW: 265
2026-05-08 00:50:28,577 - Tổng thời gian: 2.7s
2026-05-08 00:50:28,577 - Verified cost: 778
2026-05-08 00:50:28,578 - ======================================================================
2026-05-08 00:50:28,578 - FILE: A-n36-k5.vrp
2026-05-08 00:50:28,578 - ======================================================================
2026-05-08 00:50:28,581 - Dim=36 K=5 Cap=100
2026-05-08 00:50:28,581 - --- Step 1: Clarke-Wright Heuristic ---
2026-05-08 00:50:28,583 -   cost=960 time=0.00s
2026-05-08 00:50:28,583 - --- Step 2, 3, 4: Advanced Optimization Pipeline ---
2026-05-08 00:50:28,583 - =========================================
2026-05-08 00:50:28,583 - BẮT ĐẦU TUYẾN TRÌNH TỐI ƯU (PIPELINE)
2026-05-08 00:50:28,583 - =========================================
2026-05-08 00:50:28,583 - === GIAI ĐOẠN 2: LOCAL SEARCH ĐA TOÁN TỬ | Bắt đầu: 960.00 ===
2026-05-08 00:50:28,622 -   [LS Iter 1] Cải thiện cost: 960.00 -> 849.00
2026-05-08 00:50:28,659 -   [LS Iter 2] Cải thiện cost: 849.00 -> 838.00
2026-05-08 00:50:28,692 - === KẾT THÚC GIAI ĐOẠN 2 | Đạt cực trị tại: 838.00 ===
2026-05-08 00:50:28,692 - === BẮT ĐẦU CHẶNG 3: ALNS + GLS | Vòng lặp: 150 | Cost: 838.00 ===
2026-05-08 00:50:29,025 -   [ALNS Iter 6] Related Destroy phá vỡ giới hạn -> BEST MỚI: 820.00
2026-05-08 00:50:29,373 -   [ALNS Iter 13] Related Destroy phá vỡ giới hạn -> BEST MỚI: 799.00
2026-05-08 00:50:29,373 -   [ALNS] 🎉 Đã chạm mốc BKS (799.0). Ngắt vòng lặp ALNS sớm!
2026-05-08 00:50:29,373 - === KẾT THÚC CHẶNG 3 | Cost xuất sắc nhất đạt được: 799.00 ===
2026-05-08 00:50:29,374 - 🎉 ĐÃ ĐẠT NGHIỆM TỐI ƯU TOÀN CỤC (BKS = 799.0). DỪNG SỚM!
2026-05-08 00:50:29,374 - ======================================================================
2026-05-08 00:50:29,374 - CW Khởi tạo = 960 → Sau Pipeline = 799
2026-05-08 00:50:29,374 - Cải thiện so CW: 161
2026-05-08 00:50:29,374 - Tổng thời gian: 0.8s
2026-05-08 00:50:29,374 - Verified cost: 799
2026-05-08 00:50:29,378 - ======================================================================
2026-05-08 00:50:29,378 - FILE: A-n37-k6.vrp
2026-05-08 00:50:29,378 - ======================================================================
2026-05-08 00:50:29,381 - Dim=37 K=6 Cap=100
2026-05-08 00:50:29,381 - --- Step 1: Clarke-Wright Heuristic ---
2026-05-08 00:50:29,383 -   cost=1199 time=0.00s
2026-05-08 00:50:29,383 - --- Step 2, 3, 4: Advanced Optimization Pipeline ---
2026-05-08 00:50:29,383 - =========================================
2026-05-08 00:50:29,383 - BẮT ĐẦU TUYẾN TRÌNH TỐI ƯU (PIPELINE)
2026-05-08 00:50:29,383 - =========================================
2026-05-08 00:50:29,383 - === GIAI ĐOẠN 2: LOCAL SEARCH ĐA TOÁN TỬ | Bắt đầu: 1199.00 ===
2026-05-08 00:50:29,417 -   [LS Iter 1] Cải thiện cost: 1199.00 -> 1013.00
2026-05-08 00:50:29,449 -   [LS Iter 2] Cải thiện cost: 1013.00 -> 993.00
2026-05-08 00:50:29,477 -   [LS Iter 3] Cải thiện cost: 993.00 -> 982.00
2026-05-08 00:50:29,505 -   [LS Iter 4] Cải thiện cost: 982.00 -> 966.00
2026-05-08 00:50:29,533 - === KẾT THÚC GIAI ĐOẠN 2 | Đạt cực trị tại: 966.00 ===
2026-05-08 00:50:29,533 - === BẮT ĐẦU CHẶNG 3: ALNS + GLS | Vòng lặp: 150 | Cost: 966.00 ===
2026-05-08 00:50:30,436 -   [GLS Iter 21] Cập nhật ma trận phạt để thay đổi hướng đi.
2026-05-08 00:50:32,181 -   [ALNS Iter 54] Worst Destroy phá vỡ giới hạn -> BEST MỚI: 964.00
2026-05-08 00:50:32,324 -   [ALNS Iter 55] Related Destroy phá vỡ giới hạn -> BEST MỚI: 955.00
2026-05-08 00:50:32,404 -   [ALNS Iter 57] Random Destroy phá vỡ giới hạn -> BEST MỚI: 954.00
2026-05-08 00:50:33,019 -   [ALNS Iter 67] Related Destroy phá vỡ giới hạn -> BEST MỚI: 949.00
2026-05-08 00:50:33,020 -   [ALNS] 🎉 Đã chạm mốc BKS (949.0). Ngắt vòng lặp ALNS sớm!
2026-05-08 00:50:33,020 - === KẾT THÚC CHẶNG 3 | Cost xuất sắc nhất đạt được: 949.00 ===
2026-05-08 00:50:33,020 - 🎉 ĐÃ ĐẠT NGHIỆM TỐI ƯU TOÀN CỤC (BKS = 949.0). DỪNG SỚM!
2026-05-08 00:50:33,020 - ======================================================================
2026-05-08 00:50:33,020 - CW Khởi tạo = 1199 → Sau Pipeline = 949
2026-05-08 00:50:33,020 - Cải thiện so CW: 250
2026-05-08 00:50:33,020 - Tổng thời gian: 3.6s
2026-05-08 00:50:33,020 - Verified cost: 949
2026-05-08 00:50:33,025 - ======================================================================
2026-05-08 00:50:33,025 - FILE: A-n37-k5.vrp
2026-05-08 00:50:33,025 - ======================================================================
2026-05-08 00:50:33,030 - Dim=37 K=5 Cap=100
2026-05-08 00:50:33,030 - --- Step 1: Clarke-Wright Heuristic ---
2026-05-08 00:50:33,032 -   cost=864 time=0.00s
2026-05-08 00:50:33,032 - --- Step 2, 3, 4: Advanced Optimization Pipeline ---
2026-05-08 00:50:33,032 - =========================================
2026-05-08 00:50:33,032 - BẮT ĐẦU TUYẾN TRÌNH TỐI ƯU (PIPELINE)
2026-05-08 00:50:33,032 - =========================================
2026-05-08 00:50:33,032 - === GIAI ĐOẠN 2: LOCAL SEARCH ĐA TOÁN TỬ | Bắt đầu: 864.00 ===
2026-05-08 00:50:33,079 -   [LS Iter 1] Cải thiện cost: 864.00 -> 724.00
2026-05-08 00:50:33,120 -   [LS Iter 2] Cải thiện cost: 724.00 -> 721.00
2026-05-08 00:50:33,159 - === KẾT THÚC GIAI ĐOẠN 2 | Đạt cực trị tại: 721.00 ===
2026-05-08 00:50:33,159 - === BẮT ĐẦU CHẶNG 3: ALNS + GLS | Vòng lặp: 150 | Cost: 721.00 ===
2026-05-08 00:50:33,242 -   [ALNS Iter 1] Related Destroy phá vỡ giới hạn -> BEST MỚI: 711.00
2026-05-08 00:50:33,279 -   [ALNS Iter 2] Related Destroy phá vỡ giới hạn -> BEST MỚI: 692.00
2026-05-08 00:50:36,195 -   [ALNS Iter 41] Related Destroy phá vỡ giới hạn -> BEST MỚI: 678.00
2026-05-08 00:50:40,372 -   [GLS Iter 101] Cập nhật ma trận phạt để thay đổi hướng đi.
2026-05-08 00:50:44,161 - === KẾT THÚC CHẶNG 3 | Cost xuất sắc nhất đạt được: 678.00 ===
2026-05-08 00:50:44,161 - === BẮT ĐẦU CHẶNG 4: MAX-SAT CHÍNH XÁC | Cost: 678.00 ===
2026-05-08 00:50:44,161 -   [GĐ 4.1] Giải bài toán TSP trên từng tuyến đơn...
2026-05-08 00:51:38,740 -     [S-Timeout 40.0s]
2026-05-08 00:51:38,747 -   [GĐ 4.2] Xét từng cặp tuyến để phân bổ lại khách hàng...
2026-05-08 00:51:38,747 -   --- Pairwise Iter 1 (còn 1134s) ---
2026-05-08 00:52:38,752 -     [P-Timeout 60.0s]
2026-05-08 00:53:38,764 -     [P-Timeout 60.0s]
2026-05-08 00:54:38,779 -     [P-Timeout 60.0s]
2026-05-08 00:55:09,523 -     -> Đã đạt cực trị toàn cục cho mọi cặp dưới ngưỡng. KẾT THÚC CHẶNG 4.
2026-05-08 00:55:09,523 - HOÀN THÀNH PIPELINE. Final cost=678.00 | Time=276.5s
2026-05-08 00:55:09,523 - ======================================================================
2026-05-08 00:55:09,523 - CW Khởi tạo = 864 → Sau Pipeline = 678
2026-05-08 00:55:09,523 - Cải thiện so CW: 186
2026-05-08 00:55:09,523 - Tổng thời gian: 276.5s
2026-05-08 00:55:09,523 - Verified cost: 678
2026-05-08 00:55:09,525 - ======================================================================
2026-05-08 00:55:09,525 - FILE: A-n38-k5.vrp
2026-05-08 00:55:09,525 - ======================================================================
2026-05-08 00:55:09,528 - Dim=38 K=5 Cap=100
2026-05-08 00:55:09,528 - --- Step 1: Clarke-Wright Heuristic ---
2026-05-08 00:55:09,530 -   cost=890 time=0.00s
2026-05-08 00:55:09,530 - --- Step 2, 3, 4: Advanced Optimization Pipeline ---
2026-05-08 00:55:09,530 - =========================================
2026-05-08 00:55:09,530 - BẮT ĐẦU TUYẾN TRÌNH TỐI ƯU (PIPELINE)
2026-05-08 00:55:09,530 - =========================================
2026-05-08 00:55:09,530 - === GIAI ĐOẠN 2: LOCAL SEARCH ĐA TOÁN TỬ | Bắt đầu: 890.00 ===
2026-05-08 00:55:09,572 -   [LS Iter 1] Cải thiện cost: 890.00 -> 776.00
2026-05-08 00:55:09,609 - === KẾT THÚC GIAI ĐOẠN 2 | Đạt cực trị tại: 776.00 ===
2026-05-08 00:55:09,609 - === BẮT ĐẦU CHẶNG 3: ALNS + GLS | Vòng lặp: 150 | Cost: 776.00 ===
2026-05-08 00:55:09,788 -   [ALNS Iter 2] Related Destroy phá vỡ giới hạn -> BEST MỚI: 769.00
2026-05-08 00:55:10,000 -   [ALNS Iter 5] Related Destroy phá vỡ giới hạn -> BEST MỚI: 766.00
2026-05-08 00:55:10,686 -   [ALNS Iter 16] Related Destroy phá vỡ giới hạn -> BEST MỚI: 747.00
2026-05-08 00:55:11,675 -   [ALNS Iter 36] Related Destroy phá vỡ giới hạn -> BEST MỚI: 742.00
2026-05-08 00:55:12,395 -   [ALNS Iter 46] Related Destroy phá vỡ giới hạn -> BEST MỚI: 731.00
2026-05-08 00:55:13,248 -   [GLS Iter 61] Cập nhật ma trận phạt để thay đổi hướng đi.
2026-05-08 00:55:16,913 -   [GLS Iter 121] Cập nhật ma trận phạt để thay đổi hướng đi.
2026-05-08 00:55:19,180 - === KẾT THÚC CHẶNG 3 | Cost xuất sắc nhất đạt được: 731.00 ===
2026-05-08 00:55:19,180 - === BẮT ĐẦU CHẶNG 4: MAX-SAT CHÍNH XÁC | Cost: 731.00 ===
2026-05-08 00:55:19,180 -   [GĐ 4.1] Giải bài toán TSP trên từng tuyến đơn...
2026-05-08 00:55:26,492 -   [GĐ 4.2] Xét từng cặp tuyến để phân bổ lại khách hàng...
2026-05-08 00:55:26,492 -   --- Pairwise Iter 1 (còn 1183s) ---
2026-05-08 00:56:26,496 -     [P-Timeout 60.0s]
2026-05-08 00:57:26,520 -     [P-Timeout 60.0s]
