2026-05-08 01:03:56,116 - ======================================================================
2026-05-08 01:03:56,117 - FILE: A-n37-k5.vrp
2026-05-08 01:03:56,117 - ======================================================================
2026-05-08 01:03:56,119 - Dim=37 K=5 Cap=100
2026-05-08 01:03:56,119 - --- Step 1: Clarke-Wright Heuristic ---
2026-05-08 01:03:56,120 -   cost=864 time=0.00s
2026-05-08 01:03:56,121 - --- Step 2, 3, 4: Advanced Optimization Pipeline ---
2026-05-08 01:03:56,121 - =========================================
2026-05-08 01:03:56,121 - BẮT ĐẦU TUYẾN TRÌNH TỐI ƯU (PIPELINE)
2026-05-08 01:03:56,121 - =========================================
2026-05-08 01:03:56,121 - === GIAI ĐOẠN 2: LOCAL SEARCH ĐA TOÁN TỬ | Bắt đầu: 864.00 ===
2026-05-08 01:03:56,172 -   [LS Iter 1] Cải thiện cost: 864.00 -> 724.00
2026-05-08 01:03:56,219 -   [LS Iter 2] Cải thiện cost: 724.00 -> 721.00
2026-05-08 01:03:56,263 - === KẾT THÚC GIAI ĐOẠN 2 | Đạt cực trị tại: 721.00 ===
2026-05-08 01:03:56,264 - === BẮT ĐẦU CHẶNG 3: ALNS + GLS | Vòng lặp: 200 | Cost: 721.00 ===
2026-05-08 01:03:56,792 -   [ALNS Iter 11] Random Destroy phá vỡ giới hạn -> BEST MỚI: 720.00
2026-05-08 01:03:56,923 -   [ALNS Iter 13] Related Destroy phá vỡ giới hạn -> BEST MỚI: 701.00
2026-05-08 01:03:57,295 -   [ALNS Iter 19] Random Destroy phá vỡ giới hạn -> BEST MỚI: 700.00
2026-05-08 01:03:57,343 -   [ALNS Iter 20] Random Destroy phá vỡ giới hạn -> BEST MỚI: 693.00
2026-05-08 01:03:58,514 -   [GLS Iter 41] Cập nhật ma trận phạt để thay đổi hướng đi.
2026-05-08 01:03:59,640 -   [ALNS Iter 62] Random Destroy phá vỡ giới hạn -> BEST MỚI: 672.00
2026-05-08 01:03:59,750 -   [ALNS Iter 64] Related Destroy phá vỡ giới hạn -> BEST MỚI: 671.00
2026-05-08 01:03:59,832 -   [ALNS Iter 65] Random Destroy phá vỡ giới hạn -> BEST MỚI: 669.00
2026-05-08 01:03:59,832 -   [ALNS] 🎉 Đã chạm mốc BKS (669.0). Ngắt vòng lặp ALNS sớm!
2026-05-08 01:03:59,832 - === KẾT THÚC CHẶNG 3 | Cost xuất sắc nhất đạt được: 669.00 ===
2026-05-08 01:03:59,832 - 🎉 ĐÃ ĐẠT NGHIỆM TỐI ƯU TOÀN CỤC (BKS = 669.0). DỪNG SỚM!
2026-05-08 01:03:59,832 - ======================================================================
2026-05-08 01:03:59,832 - CW Khởi tạo = 864 → Sau Pipeline = 669
2026-05-08 01:03:59,832 - Cải thiện so CW: 195
2026-05-08 01:03:59,832 - Tổng thời gian: 3.7s
2026-05-08 01:03:59,832 - Verified cost: 669
