2026-05-16 02:04:23,449 - ======================================================================
2026-05-16 02:04:23,449 - FILE: F-n45-k4.vrp
2026-05-16 02:04:23,449 - ======================================================================
2026-05-16 02:04:23,452 - Dim=45 K=4 Cap=2010
2026-05-16 02:04:23,452 - --- Step 1: Clarke-Wright Heuristic ---
2026-05-16 02:04:23,454 -   cost=954 time=0.00s
2026-05-16 02:04:23,454 - --- Step 2, 3, 4: Advanced Optimization Pipeline ---
2026-05-16 02:04:23,454 - =========================================
2026-05-16 02:04:23,454 - BẮT ĐẦU TUYẾN TRÌNH TỐI ƯU (PIPELINE)
2026-05-16 02:04:23,454 - =========================================
2026-05-16 02:04:23,454 - === GIAI ĐOẠN 2: LOCAL SEARCH ĐA TOÁN TỬ | Bắt đầu: 954.00 ===
2026-05-16 02:04:23,558 -   [LS Iter 1] Cải thiện cost: 954.00 -> 852.00
2026-05-16 02:04:23,645 -   [LS Iter 2] Cải thiện cost: 852.00 -> 841.00
2026-05-16 02:04:23,738 -   [LS Iter 3] Cải thiện cost: 841.00 -> 830.00
2026-05-16 02:04:23,825 - === KẾT THÚC GIAI ĐOẠN 2 | Đạt cực trị tại: 830.00 ===
2026-05-16 02:04:23,825 - === BẮT ĐẦU CHẶNG 3: ALNS + GLS | Vòng lặp: 200 | Cost: 830.00 ===
2026-05-16 02:04:24,317 -   [ALNS Iter 3] Random Destroy phá vỡ giới hạn -> BEST MỚI: 794.00
2026-05-16 02:04:25,045 -   [ALNS Iter 10] Random Destroy phá vỡ giới hạn -> BEST MỚI: 784.00
2026-05-16 02:04:26,219 -   [ALNS Iter 19] Random Destroy phá vỡ giới hạn -> BEST MỚI: 766.00
2026-05-16 02:04:27,769 -   [ALNS Iter 28] Random Destroy phá vỡ giới hạn -> BEST MỚI: 734.00
2026-05-16 02:04:29,831 -   [ALNS Iter 41] Random Destroy phá vỡ giới hạn -> BEST MỚI: 721.00
2026-05-16 02:04:29,831 -   [ALNS] 🎉 Đã chạm mốc BKS (724.0). Ngắt vòng lặp ALNS sớm!
2026-05-16 02:04:29,831 - === KẾT THÚC CHẶNG 3 | Cost xuất sắc nhất đạt được: 721.00 ===
2026-05-16 02:04:29,831 - 🎉 ĐÃ ĐẠT NGHIỆM TỐI ƯU TOÀN CỤC (BKS = 724.0). DỪNG SỚM!
2026-05-16 02:04:29,831 - ======================================================================
2026-05-16 02:04:29,831 - CW Khởi tạo = 954 → Sau Pipeline = 721
2026-05-16 02:04:29,831 - Cải thiện so CW: 233
2026-05-16 02:04:29,831 - Tổng thời gian: 6.4s
2026-05-16 02:04:29,831 - Verified cost: 721
2026-05-16 02:04:29,832 - ======================================================================
2026-05-16 02:04:29,832 - FILE: F-n72-k4.vrp
2026-05-16 02:04:29,832 - ======================================================================
2026-05-16 02:04:29,840 - Dim=72 K=4 Cap=30000
2026-05-16 02:04:29,840 - --- Step 1: Clarke-Wright Heuristic ---
2026-05-16 02:04:29,845 -   cost=353 time=0.00s
2026-05-16 02:04:29,845 - --- Step 2, 3, 4: Advanced Optimization Pipeline ---
2026-05-16 02:04:29,845 - =========================================
2026-05-16 02:04:29,845 - BẮT ĐẦU TUYẾN TRÌNH TỐI ƯU (PIPELINE)
2026-05-16 02:04:29,845 - =========================================
2026-05-16 02:04:29,845 - === GIAI ĐOẠN 2: LOCAL SEARCH ĐA TOÁN TỬ | Bắt đầu: 353.00 ===
2026-05-16 02:04:30,216 -   [LS Iter 1] Cải thiện cost: 353.00 -> 281.00
2026-05-16 02:04:30,555 -   [LS Iter 2] Cải thiện cost: 281.00 -> 280.00
2026-05-16 02:04:30,882 -   [LS Iter 3] Cải thiện cost: 280.00 -> 279.00
2026-05-16 02:04:31,227 - === KẾT THÚC GIAI ĐOẠN 2 | Đạt cực trị tại: 279.00 ===
2026-05-16 02:04:31,227 - === BẮT ĐẦU CHẶNG 3: ALNS + GLS | Vòng lặp: 200 | Cost: 279.00 ===
2026-05-16 02:04:32,928 -   [ALNS Iter 4] Related Destroy phá vỡ giới hạn -> BEST MỚI: 278.00
2026-05-16 02:04:34,030 -   [ALNS Iter 5] Related Destroy phá vỡ giới hạn -> BEST MỚI: 272.00
2026-05-16 02:04:35,873 -   [ALNS Iter 9] Worst Destroy phá vỡ giới hạn -> BEST MỚI: 268.00
2026-05-16 02:04:40,688 -   [GLS Iter 21] Cập nhật ma trận phạt để thay đổi hướng đi.
