2026-04-28 18:49:12,190 - ======================================================================
2026-04-28 18:49:12,191 - FILE: X-n599-k92.vrp
2026-04-28 18:49:12,191 - ======================================================================
2026-04-28 18:49:12,767 - Dim=599 K=92 Cap=487
2026-04-28 18:49:12,767 - --- Step 1: Clarke-Wright Heuristic ---
2026-04-28 19:20:01,414 - CW thất bại → fallback K=999
2026-04-28 19:20:01,710 -   cost=188242 time=0.27s
2026-04-28 19:20:01,710 - --- Step 2, 3, 4: Advanced Optimization Pipeline ---
2026-04-28 19:20:01,710 - =========================================
2026-04-28 19:20:01,710 - BẮT ĐẦU TUYẾN TRÌNH TỐI ƯU (PIPELINE)
2026-04-28 19:20:01,710 - =========================================
2026-04-28 19:20:01,710 - === GIAI ĐOẠN 2: LOCAL SEARCH ĐA TOÁN TỬ | Bắt đầu: 188242.00 ===
2026-04-28 19:20:01,711 - === KẾT THÚC GIAI ĐOẠN 2 | Đạt cực trị tại: 188242.00 ===
2026-04-28 19:20:01,711 - ======================================================================
2026-04-28 19:20:01,711 - CW Khởi tạo = 188242 → Sau Pipeline = 188242
2026-04-28 19:20:01,711 - Cải thiện so CW: 0
2026-04-28 19:20:01,711 - Tổng thời gian: 0.3s
2026-04-28 19:20:01,711 - Verified cost: 188242
2026-04-28 19:20:01,716 - ======================================================================
2026-04-28 19:20:01,717 - FILE: X-n613-k62.vrp
2026-04-28 19:20:01,717 - ======================================================================
2026-04-28 19:20:02,220 - Dim=613 K=62 Cap=523
2026-04-28 19:20:02,220 - --- Step 1: Clarke-Wright Heuristic ---
2026-04-28 19:20:05,299 -   cost=333651 time=3.08s
2026-04-28 19:20:05,300 - --- Step 2, 3, 4: Advanced Optimization Pipeline ---
2026-04-28 19:20:05,300 - =========================================
2026-04-28 19:20:05,300 - BẮT ĐẦU TUYẾN TRÌNH TỐI ƯU (PIPELINE)
2026-04-28 19:20:05,300 - =========================================
2026-04-28 19:20:05,300 - === GIAI ĐOẠN 2: LOCAL SEARCH ĐA TOÁN TỬ | Bắt đầu: 333651.00 ===
2026-04-28 19:20:19,334 -   [LS Iter 1] Cải thiện cost: 333651.00 -> 103424.00
2026-04-28 19:20:32,223 -   [LS Iter 2] Cải thiện cost: 103424.00 -> 79548.00
2026-04-28 19:20:43,154 -   [LS Iter 3] Cải thiện cost: 79548.00 -> 74606.00
2026-04-28 19:20:53,933 -   [LS Iter 4] Cải thiện cost: 74606.00 -> 72283.00
2026-04-28 19:21:04,581 -   [LS Iter 5] Cải thiện cost: 72283.00 -> 70940.00
2026-04-28 19:21:15,228 -   [LS Iter 6] Cải thiện cost: 70940.00 -> 70200.00
2026-04-28 19:21:25,891 -   [LS Iter 7] Cải thiện cost: 70200.00 -> 69784.00
2026-04-28 19:21:36,488 -   [LS Iter 8] Cải thiện cost: 69784.00 -> 69633.00
2026-04-28 19:21:47,088 -   [LS Iter 9] Cải thiện cost: 69633.00 -> 69293.00
2026-04-28 19:21:57,719 -   [LS Iter 10] Cải thiện cost: 69293.00 -> 69169.00
2026-04-28 19:22:08,312 -   [LS Iter 11] Cải thiện cost: 69169.00 -> 69068.00
2026-04-28 19:22:18,935 -   [LS Iter 12] Cải thiện cost: 69068.00 -> 68880.00
2026-04-28 19:22:29,548 -   [LS Iter 13] Cải thiện cost: 68880.00 -> 68833.00
2026-04-28 19:22:40,306 -   [LS Iter 14] Cải thiện cost: 68833.00 -> 68684.00
2026-04-28 19:22:50,832 -   [LS Iter 15] Cải thiện cost: 68684.00 -> 68672.00
2026-04-28 19:23:01,489 -   [LS Iter 16] Cải thiện cost: 68672.00 -> 68587.00
2026-04-28 19:23:11,998 -   [LS Iter 17] Cải thiện cost: 68587.00 -> 68579.00
2026-04-28 19:23:22,502 -   [LS Iter 18] Cải thiện cost: 68579.00 -> 68571.00
2026-04-28 19:23:32,996 -   [LS Iter 19] Cải thiện cost: 68571.00 -> 68565.00
2026-04-28 19:23:43,494 -   [LS Iter 20] Cải thiện cost: 68565.00 -> 68559.00
2026-04-28 19:23:54,028 -   [LS Iter 21] Cải thiện cost: 68559.00 -> 68554.00
2026-04-28 19:24:04,545 -   [LS Iter 22] Cải thiện cost: 68554.00 -> 68550.00
2026-04-28 19:24:15,077 -   [LS Iter 23] Cải thiện cost: 68550.00 -> 68546.00
2026-04-28 19:24:25,636 -   [LS Iter 24] Cải thiện cost: 68546.00 -> 68469.00
2026-04-28 19:24:36,248 -   [LS Iter 25] Cải thiện cost: 68469.00 -> 68345.00
2026-04-28 19:24:46,799 -   [LS Iter 26] Cải thiện cost: 68345.00 -> 68181.00
2026-04-28 19:24:57,354 -   [LS Iter 27] Cải thiện cost: 68181.00 -> 68158.00
2026-04-28 19:25:08,063 -   [LS Iter 28] Cải thiện cost: 68158.00 -> 68113.00
2026-04-28 19:25:18,577 -   [LS Iter 29] Cải thiện cost: 68113.00 -> 68053.00
2026-04-28 19:25:29,173 -   [LS Iter 30] Cải thiện cost: 68053.00 -> 68049.00
2026-04-28 19:25:39,711 -   [LS Iter 31] Cải thiện cost: 68049.00 -> 68048.00
2026-04-28 19:25:50,218 -   [LS Iter 32] Cải thiện cost: 68048.00 -> 68047.00
2026-04-28 19:26:00,792 -   [LS Iter 33] Cải thiện cost: 68047.00 -> 68028.00
2026-04-28 19:26:11,340 -   [LS Iter 34] Cải thiện cost: 68028.00 -> 68027.00
2026-04-28 19:26:21,916 - === KẾT THÚC GIAI ĐOẠN 2 | Đạt cực trị tại: 68027.00 ===
2026-04-28 19:26:21,917 - === BẮT ĐẦU CHẶNG 3: ALNS + GLS | Vòng lặp: 300 | Cost: 68027.00 ===
2026-04-28 19:28:39,460 -   [ALNS Iter 2] Related Destroy phá vỡ giới hạn -> BEST MỚI: 67673.00
2026-04-28 19:31:54,154 -   [ALNS Iter 4] Related Destroy phá vỡ giới hạn -> BEST MỚI: 67231.00
2026-04-28 19:40:05,481 - === KẾT THÚC CHẶNG 3 | Cost xuất sắc nhất đạt được: 67231.00 ===
2026-04-28 19:40:05,482 - ======================================================================
2026-04-28 19:40:05,482 - CW Khởi tạo = 333651 → Sau Pipeline = 67231
2026-04-28 19:40:05,482 - Cải thiện so CW: 266420
2026-04-28 19:40:05,482 - Tổng thời gian: 1203.3s
2026-04-28 19:40:05,482 - Verified cost: 67231
2026-04-28 19:40:05,487 - ======================================================================
2026-04-28 19:40:05,487 - FILE: X-n627-k43.vrp
2026-04-28 19:40:05,487 - ======================================================================
2026-04-28 19:40:06,002 - Dim=627 K=43 Cap=110
2026-04-28 19:40:06,002 - --- Step 1: Clarke-Wright Heuristic ---
2026-04-28 19:40:22,834 -   cost=199485 time=16.83s
2026-04-28 19:40:22,834 - --- Step 2, 3, 4: Advanced Optimization Pipeline ---
2026-04-28 19:40:22,834 - =========================================
2026-04-28 19:40:22,834 - BẮT ĐẦU TUYẾN TRÌNH TỐI ƯU (PIPELINE)
2026-04-28 19:40:22,834 - =========================================
2026-04-28 19:40:22,835 - === GIAI ĐOẠN 2: LOCAL SEARCH ĐA TOÁN TỬ | Bắt đầu: 199485.00 ===
2026-04-28 19:40:40,243 -   [LS Iter 1] Cải thiện cost: 199485.00 -> 85210.00
2026-04-28 19:40:55,984 -   [LS Iter 2] Cải thiện cost: 85210.00 -> 79295.00
2026-04-28 19:41:10,827 -   [LS Iter 3] Cải thiện cost: 79295.00 -> 77812.00
2026-04-28 19:41:25,437 -   [LS Iter 4] Cải thiện cost: 77812.00 -> 77233.00
2026-04-28 19:41:39,972 -   [LS Iter 5] Cải thiện cost: 77233.00 -> 76737.00
2026-04-28 19:41:54,385 -   [LS Iter 6] Cải thiện cost: 76737.00 -> 76352.00
2026-04-28 19:42:08,844 -   [LS Iter 7] Cải thiện cost: 76352.00 -> 76023.00
2026-04-28 19:42:23,376 -   [LS Iter 8] Cải thiện cost: 76023.00 -> 75814.00
2026-04-28 19:42:37,821 -   [LS Iter 9] Cải thiện cost: 75814.00 -> 75174.00
2026-04-28 19:42:52,569 -   [LS Iter 10] Cải thiện cost: 75174.00 -> 75019.00
2026-04-28 19:43:07,015 -   [LS Iter 11] Cải thiện cost: 75019.00 -> 74965.00
2026-04-28 19:43:21,360 - === KẾT THÚC GIAI ĐOẠN 2 | Đạt cực trị tại: 74965.00 ===
2026-04-28 19:43:21,360 - === BẮT ĐẦU CHẶNG 3: ALNS + GLS | Vòng lặp: 300 | Cost: 74965.00 ===
2026-04-28 19:45:06,154 -   [GLS Iter 21] Cập nhật ma trận phạt do kẹt tải trọng liên tục.
2026-04-28 19:49:32,262 -   [GLS Iter 81] Cập nhật ma trận phạt do kẹt tải trọng liên tục.
