2026-04-11 11:15:03,409 - ======================================================================
2026-04-11 11:15:03,409 - FILE: A-n32-k5.vrp
2026-04-11 11:15:03,409 - ======================================================================
2026-04-11 11:15:03,411 - Dim=32 K=5 Cap=100
2026-04-11 11:15:03,411 - --- Step 1: Clarke-Wright Heuristic ---
2026-04-11 11:15:03,412 -   cost=1016 time=0.00s
2026-04-11 11:15:03,412 - --- Step 2, 3, 4: Advanced Optimization Pipeline ---
2026-04-11 11:15:03,412 - =========================================
2026-04-11 11:15:03,412 - BẮT ĐẦU TUYẾN TRÌNH TỐI ƯU (PIPELINE)
2026-04-11 11:15:03,413 - =========================================
2026-04-11 11:15:03,413 - === GIAI ĐOẠN 2: LOCAL SEARCH ĐA TOÁN TỬ | Bắt đầu: 1016.00 ===
2026-04-11 11:15:03,453 -   [LS Iter 1] Cải thiện cost: 1016.00 -> 879.00
2026-04-11 11:15:03,483 -   [LS Iter 2] Cải thiện cost: 879.00 -> 831.00
2026-04-11 11:15:03,510 - === KẾT THÚC GIAI ĐOẠN 2 | Đạt cực trị tại: 831.00 ===
2026-04-11 11:15:03,510 - === BẮT ĐẦU CHẶNG 3: ALNS + GLS | Vòng lặp: 150 | Cost: 831.00 ===
2026-04-11 11:15:03,828 -   [ALNS Iter 7] Related Destroy phá vỡ giới hạn -> BEST MỚI: 830.00
2026-04-11 11:15:04,225 -   [ALNS Iter 17] Related Destroy phá vỡ giới hạn -> BEST MỚI: 829.00
2026-04-11 11:15:04,344 -   [ALNS Iter 21] Related Destroy phá vỡ giới hạn -> BEST MỚI: 828.00
2026-04-11 11:15:07,119 -   [GLS Iter 81] Cập nhật ma trận phạt để thay đổi hướng đi.
2026-04-11 11:15:09,867 -   [ALNS Iter 140] Related Destroy phá vỡ giới hạn -> BEST MỚI: 827.00
2026-04-11 11:15:10,438 - === KẾT THÚC CHẶNG 3 | Cost xuất sắc nhất đạt được: 827.00 ===
2026-04-11 11:15:10,438 - === BẮT ĐẦU CHẶNG 4: MAX-SAT CHÍNH XÁC | Cost: 827.00 ===
2026-04-11 11:15:10,438 -   [GĐ 4.1] Giải bài toán TSP trên từng tuyến đơn...
2026-04-11 11:15:50,447 -     [S-Timeout 40.0s]
2026-04-11 11:15:51,224 -   [GĐ 4.2] Xét từng cặp tuyến để phân bổ lại khách hàng...
2026-04-11 11:15:51,224 -   --- Pairwise Iter 1 (còn 1152s) ---
2026-04-11 11:16:51,228 -     [P-Timeout 60.0s]
2026-04-11 11:17:51,241 -     [P-Timeout 60.0s]
2026-04-11 11:18:51,253 -     [P-Timeout 60.0s]
2026-04-11 11:19:51,264 -     [P-Timeout 60.0s]
2026-04-11 11:20:56,515 -     [P-Timeout 60.0s]
2026-04-11 11:21:56,533 -     [P-Timeout 60.0s]
2026-04-11 11:22:56,549 -     [P-Timeout 60.0s]
2026-04-11 11:22:56,560 -     -> Đã đạt cực trị toàn cục cho mọi cặp dưới ngưỡng. KẾT THÚC CHẶNG 4.
2026-04-11 11:22:56,560 - HOÀN THÀNH PIPELINE. Final cost=827.00 | Time=473.1s
2026-04-11 11:22:56,561 - ======================================================================
2026-04-11 11:22:56,561 - CW Khởi tạo = 1016 → Sau Pipeline = 827
2026-04-11 11:22:56,561 - Cải thiện so CW: 189
2026-04-11 11:22:56,561 - Tổng thời gian: 473.1s
2026-04-11 11:22:56,561 - Verified cost: 827
2026-04-11 11:22:56,567 - ======================================================================
2026-04-11 11:22:56,567 - FILE: A-n33-k6.vrp
2026-04-11 11:22:56,567 - ======================================================================
2026-04-11 11:22:56,569 - Dim=33 K=6 Cap=100
2026-04-11 11:22:56,569 - --- Step 1: Clarke-Wright Heuristic ---
2026-04-11 11:22:56,572 -   cost=932 time=0.00s
2026-04-11 11:22:56,572 - --- Step 2, 3, 4: Advanced Optimization Pipeline ---
2026-04-11 11:22:56,572 - =========================================
2026-04-11 11:22:56,572 - BẮT ĐẦU TUYẾN TRÌNH TỐI ƯU (PIPELINE)
2026-04-11 11:22:56,572 - =========================================
2026-04-11 11:22:56,572 - === GIAI ĐOẠN 2: LOCAL SEARCH ĐA TOÁN TỬ | Bắt đầu: 932.00 ===
2026-04-11 11:22:56,604 -   [LS Iter 1] Cải thiện cost: 932.00 -> 791.00
2026-04-11 11:22:56,631 -   [LS Iter 2] Cải thiện cost: 791.00 -> 745.00
2026-04-11 11:22:56,656 - === KẾT THÚC GIAI ĐOẠN 2 | Đạt cực trị tại: 745.00 ===
2026-04-11 11:22:56,656 - === BẮT ĐẦU CHẶNG 3: ALNS + GLS | Vòng lặp: 150 | Cost: 745.00 ===
2026-04-11 11:22:57,319 -   [GLS Iter 21] Cập nhật ma trận phạt để thay đổi hướng đi.
2026-04-11 11:22:57,599 -   [ALNS Iter 28] Random Destroy phá vỡ giới hạn -> BEST MỚI: 743.00
2026-04-11 11:22:59,030 -   [GLS Iter 61] Cập nhật ma trận phạt để thay đổi hướng đi.
2026-04-11 11:23:01,810 -   [GLS Iter 121] Cập nhật ma trận phạt để thay đổi hướng đi.
2026-04-11 11:23:03,053 - === KẾT THÚC CHẶNG 3 | Cost xuất sắc nhất đạt được: 743.00 ===
2026-04-11 11:23:03,053 - === BẮT ĐẦU CHẶNG 4: MAX-SAT CHÍNH XÁC | Cost: 743.00 ===
2026-04-11 11:23:03,053 -   [GĐ 4.1] Giải bài toán TSP trên từng tuyến đơn...
2026-04-11 11:23:08,105 -     -> Single MaxSAT cải thiện: 1.00. Cost mới: 742.00
2026-04-11 11:23:08,105 -   [GĐ 4.2] Xét từng cặp tuyến để phân bổ lại khách hàng...
2026-04-11 11:23:08,105 -   --- Pairwise Iter 1 (còn 1188s) ---
2026-04-11 11:24:08,109 -     [P-Timeout 60.0s]
2026-04-11 11:25:08,122 -     [P-Timeout 60.0s]
2026-04-11 11:26:08,133 -     [P-Timeout 60.0s]
2026-04-11 11:27:08,146 -     [P-Timeout 60.0s]
2026-04-11 11:28:08,159 -     [P-Timeout 60.0s]
2026-04-11 11:29:08,173 -     [P-Timeout 60.0s]
2026-04-11 11:30:08,184 -     [P-Timeout 60.0s]
2026-04-11 11:31:08,194 -     [P-Timeout 60.0s]
2026-04-11 11:32:09,745 -     [P-Timeout 60.0s]
2026-04-11 11:33:09,760 -     [P-Timeout 60.0s]
2026-04-11 11:34:09,772 -     [P-Timeout 60.0s]
2026-04-11 11:35:09,784 -     [P-Timeout 60.0s]
2026-04-11 11:36:46,898 -     [P-Timeout 60.0s]
2026-04-11 11:36:46,907 -     -> Đã đạt cực trị toàn cục cho mọi cặp dưới ngưỡng. KẾT THÚC CHẶNG 4.
2026-04-11 11:36:46,908 - HOÀN THÀNH PIPELINE. Final cost=742.00 | Time=830.3s
2026-04-11 11:36:46,908 - ======================================================================
2026-04-11 11:36:46,908 - CW Khởi tạo = 932 → Sau Pipeline = 742
2026-04-11 11:36:46,908 - Cải thiện so CW: 190
2026-04-11 11:36:46,908 - Tổng thời gian: 830.3s
2026-04-11 11:36:46,908 - Verified cost: 742
2026-04-11 11:36:46,909 - ======================================================================
2026-04-11 11:36:46,909 - FILE: A-n33-k5.vrp
2026-04-11 11:36:46,909 - ======================================================================
2026-04-11 11:36:46,911 - Dim=33 K=5 Cap=100
2026-04-11 11:36:46,911 - --- Step 1: Clarke-Wright Heuristic ---
2026-04-11 11:36:46,912 -   cost=814 time=0.00s
2026-04-11 11:36:46,912 - --- Step 2, 3, 4: Advanced Optimization Pipeline ---
2026-04-11 11:36:46,912 - =========================================
2026-04-11 11:36:46,912 - BẮT ĐẦU TUYẾN TRÌNH TỐI ƯU (PIPELINE)
2026-04-11 11:36:46,912 - =========================================
2026-04-11 11:36:46,912 - === GIAI ĐOẠN 2: LOCAL SEARCH ĐA TOÁN TỬ | Bắt đầu: 814.00 ===
2026-04-11 11:36:46,948 -   [LS Iter 1] Cải thiện cost: 814.00 -> 725.00
2026-04-11 11:36:46,979 -   [LS Iter 2] Cải thiện cost: 725.00 -> 696.00
2026-04-11 11:36:47,008 - === KẾT THÚC GIAI ĐOẠN 2 | Đạt cực trị tại: 696.00 ===
2026-04-11 11:36:47,008 - === BẮT ĐẦU CHẶNG 3: ALNS + GLS | Vòng lặp: 150 | Cost: 696.00 ===
2026-04-11 11:36:47,062 -   [ALNS Iter 1] Related Destroy phá vỡ giới hạn -> BEST MỚI: 684.00
2026-04-11 11:36:47,708 -   [ALNS Iter 15] Related Destroy phá vỡ giới hạn -> BEST MỚI: 677.00
2026-04-11 11:36:47,788 -   [ALNS Iter 17] Related Destroy phá vỡ giới hạn -> BEST MỚI: 676.00
2026-04-11 11:36:47,961 -   [ALNS Iter 19] Related Destroy phá vỡ giới hạn -> BEST MỚI: 671.00
2026-04-11 11:36:48,280 -   [ALNS Iter 27] Worst Destroy phá vỡ giới hạn -> BEST MỚI: 661.00
2026-04-11 11:36:48,281 -   [ALNS] 🎉 Đã chạm mốc BKS (661.0). Ngắt vòng lặp ALNS sớm!
2026-04-11 11:36:48,281 - === KẾT THÚC CHẶNG 3 | Cost xuất sắc nhất đạt được: 661.00 ===
2026-04-11 11:36:48,281 - 🎉 ĐÃ ĐẠT NGHIỆM TỐI ƯU TOÀN CỤC (BKS = 661.0). DỪNG SỚM!
2026-04-11 11:36:48,281 - ======================================================================
2026-04-11 11:36:48,281 - CW Khởi tạo = 814 → Sau Pipeline = 661
2026-04-11 11:36:48,281 - Cải thiện so CW: 153
2026-04-11 11:36:48,281 - Tổng thời gian: 1.4s
2026-04-11 11:36:48,281 - Verified cost: 661
2026-04-11 11:36:48,282 - ======================================================================
2026-04-11 11:36:48,282 - FILE: A-n34-k5.vrp
2026-04-11 11:36:48,282 - ======================================================================
2026-04-11 11:36:48,284 - Dim=34 K=5 Cap=100
2026-04-11 11:36:48,284 - --- Step 1: Clarke-Wright Heuristic ---
2026-04-11 11:36:48,285 -   cost=1043 time=0.00s
2026-04-11 11:36:48,285 - --- Step 2, 3, 4: Advanced Optimization Pipeline ---
2026-04-11 11:36:48,285 - =========================================
2026-04-11 11:36:48,285 - BẮT ĐẦU TUYẾN TRÌNH TỐI ƯU (PIPELINE)
2026-04-11 11:36:48,285 - =========================================
2026-04-11 11:36:48,285 - === GIAI ĐOẠN 2: LOCAL SEARCH ĐA TOÁN TỬ | Bắt đầu: 1043.00 ===
2026-04-11 11:36:48,327 -   [LS Iter 1] Cải thiện cost: 1043.00 -> 819.00
2026-04-11 11:36:48,359 -   [LS Iter 2] Cải thiện cost: 819.00 -> 791.00
2026-04-11 11:36:48,391 - === KẾT THÚC GIAI ĐOẠN 2 | Đạt cực trị tại: 791.00 ===
2026-04-11 11:36:48,391 - === BẮT ĐẦU CHẶNG 3: ALNS + GLS | Vòng lặp: 150 | Cost: 791.00 ===
2026-04-11 11:36:48,507 -   [ALNS Iter 2] Worst Destroy phá vỡ giới hạn -> BEST MỚI: 789.00
2026-04-11 11:36:50,428 -   [GLS Iter 41] Cập nhật ma trận phạt do kẹt tải trọng liên tục.
2026-04-11 11:36:51,244 -   [ALNS Iter 60] Related Destroy phá vỡ giới hạn -> BEST MỚI: 780.00
2026-04-11 11:36:51,689 -   [ALNS Iter 71] Worst Destroy phá vỡ giới hạn -> BEST MỚI: 778.00
2026-04-11 11:36:51,689 -   [ALNS] 🎉 Đã chạm mốc BKS (778.0). Ngắt vòng lặp ALNS sớm!
2026-04-11 11:36:51,689 - === KẾT THÚC CHẶNG 3 | Cost xuất sắc nhất đạt được: 778.00 ===
2026-04-11 11:36:51,689 - 🎉 ĐÃ ĐẠT NGHIỆM TỐI ƯU TOÀN CỤC (BKS = 778.0). DỪNG SỚM!
2026-04-11 11:36:51,689 - ======================================================================
2026-04-11 11:36:51,689 - CW Khởi tạo = 1043 → Sau Pipeline = 778
2026-04-11 11:36:51,689 - Cải thiện so CW: 265
2026-04-11 11:36:51,689 - Tổng thời gian: 3.4s
2026-04-11 11:36:51,689 - Verified cost: 778
2026-04-11 11:36:51,690 - ======================================================================
2026-04-11 11:36:51,690 - FILE: A-n36-k5.vrp
2026-04-11 11:36:51,690 - ======================================================================
2026-04-11 11:36:51,692 - Dim=36 K=5 Cap=100
2026-04-11 11:36:51,692 - --- Step 1: Clarke-Wright Heuristic ---
2026-04-11 11:36:51,693 -   cost=960 time=0.00s
2026-04-11 11:36:51,693 - --- Step 2, 3, 4: Advanced Optimization Pipeline ---
2026-04-11 11:36:51,693 - =========================================
2026-04-11 11:36:51,693 - BẮT ĐẦU TUYẾN TRÌNH TỐI ƯU (PIPELINE)
2026-04-11 11:36:51,693 - =========================================
2026-04-11 11:36:51,693 - === GIAI ĐOẠN 2: LOCAL SEARCH ĐA TOÁN TỬ | Bắt đầu: 960.00 ===
2026-04-11 11:36:51,733 -   [LS Iter 1] Cải thiện cost: 960.00 -> 849.00
2026-04-11 11:36:51,770 -   [LS Iter 2] Cải thiện cost: 849.00 -> 838.00
2026-04-11 11:36:51,805 - === KẾT THÚC GIAI ĐOẠN 2 | Đạt cực trị tại: 838.00 ===
2026-04-11 11:36:51,805 - === BẮT ĐẦU CHẶNG 3: ALNS + GLS | Vòng lặp: 150 | Cost: 838.00 ===
2026-04-11 11:36:51,962 -   [ALNS Iter 3] Related Destroy phá vỡ giới hạn -> BEST MỚI: 835.00
2026-04-11 11:36:52,904 -   [GLS Iter 21] Cập nhật ma trận phạt để thay đổi hướng đi.
2026-04-11 11:36:53,031 -   [ALNS Iter 22] Worst Destroy phá vỡ giới hạn -> BEST MỚI: 822.00
2026-04-11 11:36:53,067 -   [ALNS Iter 23] Related Destroy phá vỡ giới hạn -> BEST MỚI: 821.00
2026-04-11 11:36:53,351 -   [ALNS Iter 29] Related Destroy phá vỡ giới hạn -> BEST MỚI: 815.00
2026-04-11 11:36:53,444 -   [ALNS Iter 30] Related Destroy phá vỡ giới hạn -> BEST MỚI: 807.00
2026-04-11 11:36:54,206 -   [ALNS Iter 48] Related Destroy phá vỡ giới hạn -> BEST MỚI: 799.00
2026-04-11 11:36:54,206 -   [ALNS] 🎉 Đã chạm mốc BKS (799.0). Ngắt vòng lặp ALNS sớm!
2026-04-11 11:36:54,206 - === KẾT THÚC CHẶNG 3 | Cost xuất sắc nhất đạt được: 799.00 ===
2026-04-11 11:36:54,207 - 🎉 ĐÃ ĐẠT NGHIỆM TỐI ƯU TOÀN CỤC (BKS = 799.0). DỪNG SỚM!
2026-04-11 11:36:54,207 - ======================================================================
2026-04-11 11:36:54,207 - CW Khởi tạo = 960 → Sau Pipeline = 799
2026-04-11 11:36:54,207 - Cải thiện so CW: 161
2026-04-11 11:36:54,207 - Tổng thời gian: 2.5s
2026-04-11 11:36:54,207 - Verified cost: 799
2026-04-11 11:36:54,207 - ======================================================================
2026-04-11 11:36:54,207 - FILE: A-n37-k6.vrp
2026-04-11 11:36:54,207 - ======================================================================
2026-04-11 11:36:54,210 - Dim=37 K=6 Cap=100
2026-04-11 11:36:54,210 - --- Step 1: Clarke-Wright Heuristic ---
2026-04-11 11:36:54,211 -   cost=1199 time=0.00s
2026-04-11 11:36:54,211 - --- Step 2, 3, 4: Advanced Optimization Pipeline ---
2026-04-11 11:36:54,211 - =========================================
2026-04-11 11:36:54,211 - BẮT ĐẦU TUYẾN TRÌNH TỐI ƯU (PIPELINE)
2026-04-11 11:36:54,211 - =========================================
2026-04-11 11:36:54,211 - === GIAI ĐOẠN 2: LOCAL SEARCH ĐA TOÁN TỬ | Bắt đầu: 1199.00 ===
2026-04-11 11:36:54,247 -   [LS Iter 1] Cải thiện cost: 1199.00 -> 1013.00
2026-04-11 11:36:54,280 -   [LS Iter 2] Cải thiện cost: 1013.00 -> 993.00
2026-04-11 11:36:54,311 -   [LS Iter 3] Cải thiện cost: 993.00 -> 982.00
2026-04-11 11:36:54,343 -   [LS Iter 4] Cải thiện cost: 982.00 -> 966.00
2026-04-11 11:36:54,372 - === KẾT THÚC GIAI ĐOẠN 2 | Đạt cực trị tại: 966.00 ===
2026-04-11 11:36:54,372 - === BẮT ĐẦU CHẶNG 3: ALNS + GLS | Vòng lặp: 150 | Cost: 966.00 ===
2026-04-11 11:36:54,922 -   [GLS Iter 21] Cập nhật ma trận phạt để thay đổi hướng đi.
2026-04-11 11:36:56,209 -   [ALNS Iter 60] Worst Destroy phá vỡ giới hạn -> BEST MỚI: 964.00
2026-04-11 11:36:56,919 -   [ALNS Iter 77] Random Destroy phá vỡ giới hạn -> BEST MỚI: 962.00
2026-04-11 11:36:57,545 -   [ALNS Iter 90] Related Destroy phá vỡ giới hạn -> BEST MỚI: 949.00
2026-04-11 11:36:57,545 -   [ALNS] 🎉 Đã chạm mốc BKS (949.0). Ngắt vòng lặp ALNS sớm!
2026-04-11 11:36:57,545 - === KẾT THÚC CHẶNG 3 | Cost xuất sắc nhất đạt được: 949.00 ===
2026-04-11 11:36:57,545 - 🎉 ĐÃ ĐẠT NGHIỆM TỐI ƯU TOÀN CỤC (BKS = 949.0). DỪNG SỚM!
2026-04-11 11:36:57,545 - ======================================================================
2026-04-11 11:36:57,545 - CW Khởi tạo = 1199 → Sau Pipeline = 949
2026-04-11 11:36:57,545 - Cải thiện so CW: 250
2026-04-11 11:36:57,545 - Tổng thời gian: 3.3s
2026-04-11 11:36:57,545 - Verified cost: 949
2026-04-11 11:36:57,546 - ======================================================================
2026-04-11 11:36:57,546 - FILE: A-n37-k5.vrp
2026-04-11 11:36:57,546 - ======================================================================
2026-04-11 11:36:57,548 - Dim=37 K=5 Cap=100
2026-04-11 11:36:57,548 - --- Step 1: Clarke-Wright Heuristic ---
2026-04-11 11:36:57,549 -   cost=864 time=0.00s
2026-04-11 11:36:57,549 - --- Step 2, 3, 4: Advanced Optimization Pipeline ---
2026-04-11 11:36:57,549 - =========================================
2026-04-11 11:36:57,549 - BẮT ĐẦU TUYẾN TRÌNH TỐI ƯU (PIPELINE)
2026-04-11 11:36:57,549 - =========================================
2026-04-11 11:36:57,549 - === GIAI ĐOẠN 2: LOCAL SEARCH ĐA TOÁN TỬ | Bắt đầu: 864.00 ===
2026-04-11 11:36:57,602 -   [LS Iter 1] Cải thiện cost: 864.00 -> 724.00
2026-04-11 11:36:57,649 -   [LS Iter 2] Cải thiện cost: 724.00 -> 721.00
2026-04-11 11:36:57,693 - === KẾT THÚC GIAI ĐOẠN 2 | Đạt cực trị tại: 721.00 ===
2026-04-11 11:36:57,693 - === BẮT ĐẦU CHẶNG 3: ALNS + GLS | Vòng lặp: 150 | Cost: 721.00 ===
2026-04-11 11:36:57,947 -   [ALNS Iter 3] Related Destroy phá vỡ giới hạn -> BEST MỚI: 692.00
2026-04-11 11:36:58,366 -   [ALNS Iter 12] Related Destroy phá vỡ giới hạn -> BEST MỚI: 690.00
2026-04-11 11:36:58,835 -   [GLS Iter 21] Cập nhật ma trận phạt để thay đổi hướng đi.
2026-04-11 11:37:00,530 -   [ALNS Iter 48] Related Destroy phá vỡ giới hạn -> BEST MỚI: 681.00
2026-04-11 11:37:02,708 -   [GLS Iter 81] Cập nhật ma trận phạt để thay đổi hướng đi.
2026-04-11 11:37:05,631 -   [ALNS Iter 119] Related Destroy phá vỡ giới hạn -> BEST MỚI: 678.00
2026-04-11 11:37:07,669 - === KẾT THÚC CHẶNG 3 | Cost xuất sắc nhất đạt được: 678.00 ===
2026-04-11 11:37:07,669 - === BẮT ĐẦU CHẶNG 4: MAX-SAT CHÍNH XÁC | Cost: 678.00 ===
2026-04-11 11:37:07,669 -   [GĐ 4.1] Giải bài toán TSP trên từng tuyến đơn...
2026-04-11 11:37:53,316 -   [GĐ 4.2] Xét từng cặp tuyến để phân bổ lại khách hàng...
2026-04-11 11:37:53,316 -   --- Pairwise Iter 1 (còn 1144s) ---
2026-04-11 11:38:53,320 -     [P-Timeout 60.0s]
2026-04-11 11:39:53,331 -     [P-Timeout 60.0s]
2026-04-11 11:40:53,343 -     [P-Timeout 60.0s]
2026-04-11 11:41:59,893 -     [P-Timeout 60.0s]
2026-04-11 11:41:59,902 -     -> Đã đạt cực trị toàn cục cho mọi cặp dưới ngưỡng. KẾT THÚC CHẶNG 4.
2026-04-11 11:41:59,903 - HOÀN THÀNH PIPELINE. Final cost=678.00 | Time=302.4s
2026-04-11 11:41:59,903 - ======================================================================
2026-04-11 11:41:59,903 - CW Khởi tạo = 864 → Sau Pipeline = 678
2026-04-11 11:41:59,903 - Cải thiện so CW: 186
2026-04-11 11:41:59,903 - Tổng thời gian: 302.4s
2026-04-11 11:41:59,903 - Verified cost: 678
2026-04-11 11:41:59,904 - ======================================================================
2026-04-11 11:41:59,904 - FILE: A-n38-k5.vrp
2026-04-11 11:41:59,904 - ======================================================================
2026-04-11 11:41:59,907 - Dim=38 K=5 Cap=100
2026-04-11 11:41:59,907 - --- Step 1: Clarke-Wright Heuristic ---
2026-04-11 11:41:59,908 -   cost=890 time=0.00s
2026-04-11 11:41:59,908 - --- Step 2, 3, 4: Advanced Optimization Pipeline ---
2026-04-11 11:41:59,908 - =========================================
2026-04-11 11:41:59,908 - BẮT ĐẦU TUYẾN TRÌNH TỐI ƯU (PIPELINE)
2026-04-11 11:41:59,908 - =========================================
2026-04-11 11:41:59,908 - === GIAI ĐOẠN 2: LOCAL SEARCH ĐA TOÁN TỬ | Bắt đầu: 890.00 ===
2026-04-11 11:41:59,954 -   [LS Iter 1] Cải thiện cost: 890.00 -> 776.00
2026-04-11 11:41:59,992 - === KẾT THÚC GIAI ĐOẠN 2 | Đạt cực trị tại: 776.00 ===
2026-04-11 11:41:59,992 - === BẮT ĐẦU CHẶNG 3: ALNS + GLS | Vòng lặp: 150 | Cost: 776.00 ===
2026-04-11 11:42:00,138 -   [ALNS Iter 4] Related Destroy phá vỡ giới hạn -> BEST MỚI: 766.00
2026-04-11 11:42:01,430 -   [ALNS Iter 27] Related Destroy phá vỡ giới hạn -> BEST MỚI: 765.00
2026-04-11 11:42:04,231 -   [GLS Iter 81] Cập nhật ma trận phạt để thay đổi hướng đi.
2026-04-11 11:42:07,336 -   [GLS Iter 141] Cập nhật ma trận phạt để thay đổi hướng đi.
2026-04-11 11:42:07,525 -   [ALNS Iter 145] Related Destroy phá vỡ giới hạn -> BEST MỚI: 749.00
2026-04-11 11:42:07,744 -   [ALNS Iter 149] Related Destroy phá vỡ giới hạn -> BEST MỚI: 744.00
2026-04-11 11:42:07,776 - === KẾT THÚC CHẶNG 3 | Cost xuất sắc nhất đạt được: 744.00 ===
2026-04-11 11:42:07,776 - === BẮT ĐẦU CHẶNG 4: MAX-SAT CHÍNH XÁC | Cost: 744.00 ===
2026-04-11 11:42:07,776 -   [GĐ 4.1] Giải bài toán TSP trên từng tuyến đơn...
2026-04-11 11:42:14,560 -   [GĐ 4.2] Xét từng cặp tuyến để phân bổ lại khách hàng...
2026-04-11 11:42:14,560 -   --- Pairwise Iter 1 (còn 1185s) ---
2026-04-11 11:43:14,564 -     [P-Timeout 60.0s]
2026-04-11 11:44:14,576 -     [P-Timeout 60.0s]
2026-04-11 11:45:14,590 -     [P-Timeout 60.0s]
2026-04-11 11:46:14,606 -     [P-Timeout 60.0s]
2026-04-11 11:47:14,624 -     [P-Timeout 60.0s]
2026-04-11 11:48:14,638 -     [P-Timeout 60.0s]
2026-04-11 11:49:14,656 -     [P-Timeout 60.0s]
2026-04-11 11:50:14,671 -     [P-Timeout 60.0s]
2026-04-11 11:51:14,687 -     [P-Timeout 60.0s]
2026-04-11 11:51:14,703 -     -> Đã đạt cực trị toàn cục cho mọi cặp dưới ngưỡng. KẾT THÚC CHẶNG 4.
2026-04-11 11:51:14,703 - HOÀN THÀNH PIPELINE. Final cost=744.00 | Time=554.8s
2026-04-11 11:51:14,704 - ======================================================================
2026-04-11 11:51:14,704 - CW Khởi tạo = 890 → Sau Pipeline = 744
2026-04-11 11:51:14,704 - Cải thiện so CW: 146
2026-04-11 11:51:14,704 - Tổng thời gian: 554.8s
2026-04-11 11:51:14,704 - Verified cost: 744
2026-04-11 11:51:14,705 - ======================================================================
2026-04-11 11:51:14,705 - FILE: A-n39-k5.vrp
2026-04-11 11:51:14,705 - ======================================================================
2026-04-11 11:51:14,707 - Dim=39 K=5 Cap=100
2026-04-11 11:51:14,707 - --- Step 1: Clarke-Wright Heuristic ---
2026-04-11 11:51:14,709 -   cost=1130 time=0.00s
2026-04-11 11:51:14,709 - --- Step 2, 3, 4: Advanced Optimization Pipeline ---
2026-04-11 11:51:14,709 - =========================================
2026-04-11 11:51:14,709 - BẮT ĐẦU TUYẾN TRÌNH TỐI ƯU (PIPELINE)
2026-04-11 11:51:14,709 - =========================================
2026-04-11 11:51:14,709 - === GIAI ĐOẠN 2: LOCAL SEARCH ĐA TOÁN TỬ | Bắt đầu: 1130.00 ===
2026-04-11 11:51:14,760 -   [LS Iter 1] Cải thiện cost: 1130.00 -> 858.00
2026-04-11 11:51:14,799 - === KẾT THÚC GIAI ĐOẠN 2 | Đạt cực trị tại: 858.00 ===
2026-04-11 11:51:14,800 - === BẮT ĐẦU CHẶNG 3: ALNS + GLS | Vòng lặp: 150 | Cost: 858.00 ===
2026-04-11 11:51:14,910 -   [ALNS Iter 1] Related Destroy phá vỡ giới hạn -> BEST MỚI: 853.00
2026-04-11 11:51:15,094 -   [ALNS Iter 2] Related Destroy phá vỡ giới hạn -> BEST MỚI: 833.00
2026-04-11 11:51:16,356 -   [ALNS Iter 21] Related Destroy phá vỡ giới hạn -> BEST MỚI: 832.00
2026-04-11 11:51:17,327 -   [ALNS Iter 37] Related Destroy phá vỡ giới hạn -> BEST MỚI: 828.00
2026-04-11 11:51:18,712 -   [GLS Iter 61] Cập nhật ma trận phạt để thay đổi hướng đi.
2026-04-11 11:51:22,480 -   [GLS Iter 121] Cập nhật ma trận phạt để thay đổi hướng đi.
2026-04-11 11:51:22,589 -   [ALNS Iter 122] Related Destroy phá vỡ giới hạn -> BEST MỚI: 826.00
2026-04-11 11:51:22,624 -   [ALNS Iter 123] Related Destroy phá vỡ giới hạn -> BEST MỚI: 825.00
2026-04-11 11:51:23,807 -   [GLS Iter 141] Cập nhật ma trận phạt để thay đổi hướng đi.
2026-04-11 11:51:24,374 - === KẾT THÚC CHẶNG 3 | Cost xuất sắc nhất đạt được: 825.00 ===
2026-04-11 11:51:24,374 - === BẮT ĐẦU CHẶNG 4: MAX-SAT CHÍNH XÁC | Cost: 825.00 ===
2026-04-11 11:51:24,374 -   [GĐ 4.1] Giải bài toán TSP trên từng tuyến đơn...
2026-04-11 11:51:50,476 -   [GĐ 4.2] Xét từng cặp tuyến để phân bổ lại khách hàng...
2026-04-11 11:51:50,477 -   --- Pairwise Iter 1 (còn 1164s) ---
2026-04-11 11:52:50,480 -     [P-Timeout 60.0s]
2026-04-11 11:53:50,496 -     [P-Timeout 60.0s]
2026-04-11 11:54:50,511 -     [P-Timeout 60.0s]
2026-04-11 11:55:50,524 -     [P-Timeout 60.0s]
2026-04-11 11:56:50,541 -     [P-Timeout 60.0s]
2026-04-11 11:57:50,557 -     [P-Timeout 60.0s]
2026-04-11 11:58:50,576 -     [P-Timeout 60.0s]
2026-04-11 11:58:50,590 -     -> Đã đạt cực trị toàn cục cho mọi cặp dưới ngưỡng. KẾT THÚC CHẶNG 4.
2026-04-11 11:58:50,591 - HOÀN THÀNH PIPELINE. Final cost=825.00 | Time=455.9s
2026-04-11 11:58:50,591 - ======================================================================
2026-04-11 11:58:50,591 - CW Khởi tạo = 1130 → Sau Pipeline = 825
2026-04-11 11:58:50,591 - Cải thiện so CW: 305
2026-04-11 11:58:50,591 - Tổng thời gian: 455.9s
2026-04-11 11:58:50,591 - Verified cost: 825
2026-04-11 11:58:50,592 - ======================================================================
2026-04-11 11:58:50,592 - FILE: A-n39-k6.vrp
2026-04-11 11:58:50,592 - ======================================================================
2026-04-11 11:58:50,595 - Dim=39 K=6 Cap=100
2026-04-11 11:58:50,595 - --- Step 1: Clarke-Wright Heuristic ---
2026-04-11 11:58:50,596 -   cost=1073 time=0.00s
2026-04-11 11:58:50,596 - --- Step 2, 3, 4: Advanced Optimization Pipeline ---
2026-04-11 11:58:50,596 - =========================================
2026-04-11 11:58:50,596 - BẮT ĐẦU TUYẾN TRÌNH TỐI ƯU (PIPELINE)
2026-04-11 11:58:50,596 - =========================================
2026-04-11 11:58:50,596 - === GIAI ĐOẠN 2: LOCAL SEARCH ĐA TOÁN TỬ | Bắt đầu: 1073.00 ===
2026-04-11 11:58:50,655 -   [LS Iter 1] Cải thiện cost: 1073.00 -> 947.00
2026-04-11 11:58:50,700 -   [LS Iter 2] Cải thiện cost: 947.00 -> 932.00
2026-04-11 11:58:50,743 -   [LS Iter 3] Cải thiện cost: 932.00 -> 919.00
2026-04-11 11:58:50,781 -   [LS Iter 4] Cải thiện cost: 919.00 -> 915.00
2026-04-11 11:58:50,818 - === KẾT THÚC GIAI ĐOẠN 2 | Đạt cực trị tại: 915.00 ===
2026-04-11 11:58:50,818 - === BẮT ĐẦU CHẶNG 3: ALNS + GLS | Vòng lặp: 150 | Cost: 915.00 ===
2026-04-11 11:58:51,045 -   [ALNS Iter 5] Random Destroy phá vỡ giới hạn -> BEST MỚI: 912.00
2026-04-11 11:58:51,260 -   [ALNS Iter 7] Worst Destroy phá vỡ giới hạn -> BEST MỚI: 840.00
2026-04-11 11:58:52,313 -   [ALNS Iter 22] Random Destroy phá vỡ giới hạn -> BEST MỚI: 838.00
2026-04-11 11:58:54,507 -   [ALNS Iter 53] Random Destroy phá vỡ giới hạn -> BEST MỚI: 835.00
2026-04-11 11:58:58,166 -   [GLS Iter 101] Cập nhật ma trận phạt để thay đổi hướng đi.
2026-04-11 11:59:01,658 - === KẾT THÚC CHẶNG 3 | Cost xuất sắc nhất đạt được: 835.00 ===
2026-04-11 11:59:01,658 - === BẮT ĐẦU CHẶNG 4: MAX-SAT CHÍNH XÁC | Cost: 835.00 ===
2026-04-11 11:59:01,658 -   [GĐ 4.1] Giải bài toán TSP trên từng tuyến đơn...
2026-04-11 11:59:02,813 -   [GĐ 4.2] Xét từng cặp tuyến để phân bổ lại khách hàng...
2026-04-11 11:59:02,813 -   --- Pairwise Iter 1 (còn 1188s) ---
2026-04-11 12:00:02,817 -     [P-Timeout 60.0s]
2026-04-11 12:01:02,828 -     [P-Timeout 60.0s]
2026-04-11 12:02:02,840 -     [P-Timeout 60.0s]
2026-04-11 12:03:02,851 -     [P-Timeout 60.0s]
2026-04-11 12:04:02,863 -     [P-Timeout 60.0s]
2026-04-11 12:05:02,880 -     [P-Timeout 60.0s]
2026-04-11 12:06:03,028 -     [P-Timeout 60.0s]
2026-04-11 12:07:03,040 -     [P-Timeout 60.0s]
2026-04-11 12:08:03,052 -     [P-Timeout 60.0s]
2026-04-11 12:09:03,063 -     [P-Timeout 60.0s]
2026-04-11 12:10:03,080 -     [P-Timeout 60.0s]
2026-04-11 12:10:03,090 -     -> Đã đạt cực trị toàn cục cho mọi cặp dưới ngưỡng. KẾT THÚC CHẶNG 4.
2026-04-11 12:10:03,090 - HOÀN THÀNH PIPELINE. Final cost=835.00 | Time=672.5s
2026-04-11 12:10:03,090 - ======================================================================
2026-04-11 12:10:03,090 - CW Khởi tạo = 1073 → Sau Pipeline = 835
2026-04-11 12:10:03,090 - Cải thiện so CW: 238
2026-04-11 12:10:03,090 - Tổng thời gian: 672.5s
2026-04-11 12:10:03,090 - Verified cost: 835
2026-04-11 12:10:03,092 - ======================================================================
2026-04-11 12:10:03,092 - FILE: A-n44-k6.vrp
2026-04-11 12:10:03,092 - ======================================================================
2026-04-11 12:10:03,095 - Dim=44 K=6 Cap=100
2026-04-11 12:10:03,095 - --- Step 1: Clarke-Wright Heuristic ---
2026-04-11 12:10:03,097 -   cost=1218 time=0.00s
2026-04-11 12:10:03,097 - --- Step 2, 3, 4: Advanced Optimization Pipeline ---
2026-04-11 12:10:03,097 - =========================================
2026-04-11 12:10:03,097 - BẮT ĐẦU TUYẾN TRÌNH TỐI ƯU (PIPELINE)
2026-04-11 12:10:03,097 - =========================================
2026-04-11 12:10:03,097 - === GIAI ĐOẠN 2: LOCAL SEARCH ĐA TOÁN TỬ | Bắt đầu: 1218.00 ===
2026-04-11 12:10:03,161 -   [LS Iter 1] Cải thiện cost: 1218.00 -> 1023.00
2026-04-11 12:10:03,214 -   [LS Iter 2] Cải thiện cost: 1023.00 -> 1020.00
2026-04-11 12:10:03,261 -   [LS Iter 3] Cải thiện cost: 1020.00 -> 1015.00
2026-04-11 12:10:03,307 - === KẾT THÚC GIAI ĐOẠN 2 | Đạt cực trị tại: 1015.00 ===
2026-04-11 12:10:03,307 - === BẮT ĐẦU CHẶNG 3: ALNS + GLS | Vòng lặp: 150 | Cost: 1015.00 ===
2026-04-11 12:10:03,755 -   [ALNS Iter 6] Related Destroy phá vỡ giới hạn -> BEST MỚI: 981.00
2026-04-11 12:10:04,686 -   [GLS Iter 21] Cập nhật ma trận phạt do kẹt tải trọng liên tục.
2026-04-11 12:10:05,179 -   [ALNS Iter 27] Related Destroy phá vỡ giới hạn -> BEST MỚI: 949.00
2026-04-11 12:10:09,151 -   [GLS Iter 81] Cập nhật ma trận phạt do kẹt tải trọng liên tục.
2026-04-11 12:10:13,455 -   [GLS Iter 141] Cập nhật ma trận phạt để thay đổi hướng đi.
2026-04-11 12:10:13,959 - === KẾT THÚC CHẶNG 3 | Cost xuất sắc nhất đạt được: 949.00 ===
2026-04-11 12:10:13,959 - === BẮT ĐẦU CHẶNG 4: MAX-SAT CHÍNH XÁC | Cost: 949.00 ===
2026-04-11 12:10:13,959 -   [GĐ 4.1] Giải bài toán TSP trên từng tuyến đơn...
2026-04-11 12:10:27,236 -   [GĐ 4.2] Xét từng cặp tuyến để phân bổ lại khách hàng...
2026-04-11 12:10:27,237 -   --- Pairwise Iter 1 (còn 1176s) ---
2026-04-11 12:11:27,241 -     [P-Timeout 60.0s]
2026-04-11 12:12:27,254 -     [P-Timeout 60.0s]
2026-04-11 12:13:27,266 -     [P-Timeout 60.0s]
2026-04-11 12:14:27,282 -     [P-Timeout 60.0s]
2026-04-11 12:15:27,298 -     [P-Timeout 60.0s]
2026-04-11 12:16:27,313 -     [P-Timeout 60.0s]
2026-04-11 12:17:27,326 -     [P-Timeout 60.0s]
2026-04-11 12:18:27,343 -     [P-Timeout 60.0s]
2026-04-11 12:19:27,356 -     [P-Timeout 60.0s]
2026-04-11 12:20:27,373 -     [P-Timeout 60.0s]
2026-04-11 12:21:27,385 -     [P-Timeout 60.0s]
2026-04-11 12:22:27,399 -     [P-Timeout 60.0s]
2026-04-11 12:23:27,416 -     [P-Timeout 60.0s]
2026-04-11 12:24:27,434 -     [P-Timeout 60.0s]
2026-04-11 12:24:27,449 -     -> Đã đạt cực trị toàn cục cho mọi cặp dưới ngưỡng. KẾT THÚC CHẶNG 4.
2026-04-11 12:24:27,449 - HOÀN THÀNH PIPELINE. Final cost=949.00 | Time=864.4s
2026-04-11 12:24:27,449 - ======================================================================
2026-04-11 12:24:27,449 - CW Khởi tạo = 1218 → Sau Pipeline = 949
2026-04-11 12:24:27,449 - Cải thiện so CW: 269
2026-04-11 12:24:27,449 - Tổng thời gian: 864.4s
2026-04-11 12:24:27,449 - Verified cost: 949
2026-04-11 12:24:27,451 - ======================================================================
2026-04-11 12:24:27,451 - FILE: A-n45-k7.vrp
2026-04-11 12:24:27,451 - ======================================================================
2026-04-11 12:24:27,454 - Dim=45 K=7 Cap=100
2026-04-11 12:24:27,454 - --- Step 1: Clarke-Wright Heuristic ---
2026-04-11 12:24:27,456 -   cost=1428 time=0.00s
2026-04-11 12:24:27,456 - --- Step 2, 3, 4: Advanced Optimization Pipeline ---
2026-04-11 12:24:27,456 - =========================================
2026-04-11 12:24:27,456 - BẮT ĐẦU TUYẾN TRÌNH TỐI ƯU (PIPELINE)
2026-04-11 12:24:27,457 - =========================================
2026-04-11 12:24:27,457 - === GIAI ĐOẠN 2: LOCAL SEARCH ĐA TOÁN TỬ | Bắt đầu: 1428.00 ===
2026-04-11 12:24:27,520 -   [LS Iter 1] Cải thiện cost: 1428.00 -> 1296.00
2026-04-11 12:24:27,578 -   [LS Iter 2] Cải thiện cost: 1296.00 -> 1268.00
2026-04-11 12:24:27,630 -   [LS Iter 3] Cải thiện cost: 1268.00 -> 1266.00
2026-04-11 12:24:27,682 -   [LS Iter 4] Cải thiện cost: 1266.00 -> 1214.00
2026-04-11 12:24:27,730 -   [LS Iter 5] Cải thiện cost: 1214.00 -> 1202.00
2026-04-11 12:24:27,777 -   [LS Iter 6] Cải thiện cost: 1202.00 -> 1201.00
2026-04-11 12:24:27,822 - === KẾT THÚC GIAI ĐOẠN 2 | Đạt cực trị tại: 1201.00 ===
2026-04-11 12:24:27,822 - === BẮT ĐẦU CHẶNG 3: ALNS + GLS | Vòng lặp: 150 | Cost: 1201.00 ===
2026-04-11 12:24:28,397 -   [ALNS Iter 6] Worst Destroy phá vỡ giới hạn -> BEST MỚI: 1184.00
2026-04-11 12:24:28,726 -   [ALNS Iter 9] Worst Destroy phá vỡ giới hạn -> BEST MỚI: 1176.00
2026-04-11 12:24:29,172 -   [ALNS Iter 13] Worst Destroy phá vỡ giới hạn -> BEST MỚI: 1172.00
2026-04-11 12:24:32,323 -   [ALNS Iter 38] Worst Destroy phá vỡ giới hạn -> BEST MỚI: 1163.00
2026-04-11 12:24:32,466 -   [GLS Iter 41] Cập nhật ma trận phạt để thay đổi hướng đi.
2026-04-11 12:24:33,041 -   [ALNS Iter 49] Related Destroy phá vỡ giới hạn -> BEST MỚI: 1161.00
2026-04-11 12:24:33,134 -   [ALNS Iter 50] Worst Destroy phá vỡ giới hạn -> BEST MỚI: 1158.00
2026-04-11 12:24:33,464 -   [ALNS Iter 51] Worst Destroy phá vỡ giới hạn -> BEST MỚI: 1153.00
2026-04-11 12:24:33,607 -   [ALNS Iter 52] Worst Destroy phá vỡ giới hạn -> BEST MỚI: 1152.00
2026-04-11 12:24:34,564 -   [GLS Iter 61] Cập nhật ma trận phạt để thay đổi hướng đi.
2026-04-11 12:24:34,834 -   [ALNS Iter 64] Worst Destroy phá vỡ giới hạn -> BEST MỚI: 1148.00
2026-04-11 12:24:40,462 -   [GLS Iter 121] Cập nhật ma trận phạt để thay đổi hướng đi.
2026-04-11 12:24:43,753 - === KẾT THÚC CHẶNG 3 | Cost xuất sắc nhất đạt được: 1148.00 ===
2026-04-11 12:24:43,753 - === BẮT ĐẦU CHẶNG 4: MAX-SAT CHÍNH XÁC | Cost: 1148.00 ===
2026-04-11 12:24:43,753 -   [GĐ 4.1] Giải bài toán TSP trên từng tuyến đơn...
2026-04-11 12:24:55,647 -   [GĐ 4.2] Xét từng cặp tuyến để phân bổ lại khách hàng...
2026-04-11 12:24:55,647 -   --- Pairwise Iter 1 (còn 1172s) ---
2026-04-11 12:25:55,651 -     [P-Timeout 60.0s]
2026-04-11 12:26:55,662 -     [P-Timeout 60.0s]
2026-04-11 12:27:55,675 -     [P-Timeout 60.0s]
2026-04-11 12:28:55,687 -     [P-Timeout 60.0s]
2026-04-11 12:29:55,702 -     [P-Timeout 60.0s]
2026-04-11 12:30:55,714 -     [P-Timeout 60.0s]
2026-04-11 12:31:55,729 -     [P-Timeout 60.0s]
2026-04-11 12:32:55,744 -     [P-Timeout 60.0s]
2026-04-11 12:33:55,758 -     [P-Timeout 60.0s]
2026-04-11 12:34:55,770 -     [P-Timeout 60.0s]
2026-04-11 12:35:55,785 -     [P-Timeout 60.0s]
2026-04-11 12:36:55,800 -     [P-Timeout 60.0s]
2026-04-11 12:37:55,814 -     [P-Timeout 60.0s]
2026-04-11 12:38:55,828 -     [P-Timeout 60.0s]
2026-04-11 12:39:55,841 -     [P-Timeout 60.0s]
2026-04-11 12:40:55,856 -     [P-Timeout 60.0s]
2026-04-11 12:41:55,868 -     [P-Timeout 60.0s]
2026-04-11 12:42:55,886 -     [P-Timeout 60.0s]
2026-04-11 12:43:55,903 -     [P-Timeout 60.0s]
2026-04-11 12:44:25,460 -     [P-Timeout 29.5s]
2026-04-11 12:44:25,469 -     -> Đã đạt cực trị toàn cục cho mọi cặp dưới ngưỡng. KẾT THÚC CHẶNG 4.
2026-04-11 12:44:25,470 - HOÀN THÀNH PIPELINE. Final cost=1148.00 | Time=1198.0s
2026-04-11 12:44:25,470 - ======================================================================
2026-04-11 12:44:25,470 - CW Khởi tạo = 1428 → Sau Pipeline = 1148
2026-04-11 12:44:25,470 - Cải thiện so CW: 280
2026-04-11 12:44:25,470 - Tổng thời gian: 1198.0s
2026-04-11 12:44:25,470 - Verified cost: 1148
2026-04-11 12:44:25,471 - ======================================================================
2026-04-11 12:44:25,471 - FILE: A-n45-k6.vrp
2026-04-11 12:44:25,471 - ======================================================================
2026-04-11 12:44:25,474 - Dim=45 K=6 Cap=100
2026-04-11 12:44:25,474 - --- Step 1: Clarke-Wright Heuristic ---
2026-04-11 12:44:25,476 -   cost=1379 time=0.00s
2026-04-11 12:44:25,476 - --- Step 2, 3, 4: Advanced Optimization Pipeline ---
2026-04-11 12:44:25,476 - =========================================
2026-04-11 12:44:25,476 - BẮT ĐẦU TUYẾN TRÌNH TỐI ƯU (PIPELINE)
2026-04-11 12:44:25,476 - =========================================
2026-04-11 12:44:25,477 - === GIAI ĐOẠN 2: LOCAL SEARCH ĐA TOÁN TỬ | Bắt đầu: 1379.00 ===
2026-04-11 12:44:25,534 -   [LS Iter 1] Cải thiện cost: 1379.00 -> 1091.00
2026-04-11 12:44:25,578 -   [LS Iter 2] Cải thiện cost: 1091.00 -> 1037.00
2026-04-11 12:44:25,625 - === KẾT THÚC GIAI ĐOẠN 2 | Đạt cực trị tại: 1037.00 ===
2026-04-11 12:44:25,625 - === BẮT ĐẦU CHẶNG 3: ALNS + GLS | Vòng lặp: 150 | Cost: 1037.00 ===
2026-04-11 12:44:26,663 -   [GLS Iter 21] Cập nhật ma trận phạt để thay đổi hướng đi.
2026-04-11 12:44:27,896 -   [ALNS Iter 45] Random Destroy phá vỡ giới hạn -> BEST MỚI: 1030.00
2026-04-11 12:44:29,055 -   [GLS Iter 81] Cập nhật ma trận phạt do kẹt tải trọng liên tục.
2026-04-11 12:44:29,929 -   [ALNS Iter 110] Related Destroy phá vỡ giới hạn -> BEST MỚI: 1011.00
2026-04-11 12:44:30,633 -   [ALNS Iter 126] Related Destroy phá vỡ giới hạn -> BEST MỚI: 991.00
2026-04-11 12:44:31,072 -   [GLS Iter 141] Cập nhật ma trận phạt do kẹt tải trọng liên tục.
2026-04-11 12:44:31,593 - === KẾT THÚC CHẶNG 3 | Cost xuất sắc nhất đạt được: 991.00 ===
2026-04-11 12:44:31,593 - === BẮT ĐẦU CHẶNG 4: MAX-SAT CHÍNH XÁC | Cost: 991.00 ===
2026-04-11 12:44:31,593 -   [GĐ 4.1] Giải bài toán TSP trên từng tuyến đơn...
2026-04-11 12:45:12,992 -   [GĐ 4.2] Xét từng cặp tuyến để phân bổ lại khách hàng...
2026-04-11 12:45:12,992 -   --- Pairwise Iter 1 (còn 1152s) ---
2026-04-11 12:46:12,996 -     [P-Timeout 60.0s]
2026-04-11 12:47:13,013 -     [P-Timeout 60.0s]
2026-04-11 12:48:13,030 -     [P-Timeout 60.0s]
2026-04-11 12:49:13,047 -     [P-Timeout 60.0s]
2026-04-11 12:50:13,059 -     [P-Timeout 60.0s]
2026-04-11 12:51:13,071 -     [P-Timeout 60.0s]
2026-04-11 12:52:13,086 -     [P-Timeout 60.0s]
2026-04-11 12:53:13,104 -     [P-Timeout 60.0s]
2026-04-11 12:54:13,115 -     [P-Timeout 60.0s]
2026-04-11 12:55:13,134 -     [P-Timeout 60.0s]
2026-04-11 12:56:13,152 -     [P-Timeout 60.0s]
2026-04-11 12:57:13,166 -     [P-Timeout 60.0s]
2026-04-11 12:57:13,179 -     -> Đã đạt cực trị toàn cục cho mọi cặp dưới ngưỡng. KẾT THÚC CHẶNG 4.
2026-04-11 12:57:13,179 - HOÀN THÀNH PIPELINE. Final cost=991.00 | Time=767.7s
2026-04-11 12:57:13,180 - ======================================================================
2026-04-11 12:57:13,180 - CW Khởi tạo = 1379 → Sau Pipeline = 991
2026-04-11 12:57:13,180 - Cải thiện so CW: 388
2026-04-11 12:57:13,180 - Tổng thời gian: 767.7s
2026-04-11 12:57:13,180 - Verified cost: 991
2026-04-11 12:57:13,181 - ======================================================================
2026-04-11 12:57:13,181 - FILE: A-n46-k7.vrp
2026-04-11 12:57:13,181 - ======================================================================
2026-04-11 12:57:13,184 - Dim=46 K=7 Cap=100
2026-04-11 12:57:13,184 - --- Step 1: Clarke-Wright Heuristic ---
2026-04-11 12:57:13,186 -   cost=1143 time=0.00s
2026-04-11 12:57:13,186 - --- Step 2, 3, 4: Advanced Optimization Pipeline ---
2026-04-11 12:57:13,186 - =========================================
2026-04-11 12:57:13,186 - BẮT ĐẦU TUYẾN TRÌNH TỐI ƯU (PIPELINE)
2026-04-11 12:57:13,186 - =========================================
2026-04-11 12:57:13,186 - === GIAI ĐOẠN 2: LOCAL SEARCH ĐA TOÁN TỬ | Bắt đầu: 1143.00 ===
2026-04-11 12:57:13,253 -   [LS Iter 1] Cải thiện cost: 1143.00 -> 1054.00
2026-04-11 12:57:13,316 -   [LS Iter 2] Cải thiện cost: 1054.00 -> 1026.00
2026-04-11 12:57:13,373 -   [LS Iter 3] Cải thiện cost: 1026.00 -> 1017.00
2026-04-11 12:57:13,425 -   [LS Iter 4] Cải thiện cost: 1017.00 -> 1013.00
2026-04-11 12:57:13,473 -   [LS Iter 5] Cải thiện cost: 1013.00 -> 1005.00
2026-04-11 12:57:13,518 - === KẾT THÚC GIAI ĐOẠN 2 | Đạt cực trị tại: 1005.00 ===
2026-04-11 12:57:13,518 - === BẮT ĐẦU CHẶNG 3: ALNS + GLS | Vòng lặp: 150 | Cost: 1005.00 ===
2026-04-11 12:57:13,658 -   [ALNS Iter 2] Random Destroy phá vỡ giới hạn -> BEST MỚI: 972.00
2026-04-11 12:57:13,795 -   [ALNS Iter 3] Worst Destroy phá vỡ giới hạn -> BEST MỚI: 956.00
2026-04-11 12:57:15,517 -   [GLS Iter 21] Cập nhật ma trận phạt để thay đổi hướng đi.
2026-04-11 12:57:23,131 -   [GLS Iter 81] Cập nhật ma trận phạt để thay đổi hướng đi.
2026-04-11 12:57:30,840 -   [GLS Iter 141] Cập nhật ma trận phạt để thay đổi hướng đi.
2026-04-11 12:57:32,284 - === KẾT THÚC CHẶNG 3 | Cost xuất sắc nhất đạt được: 956.00 ===
2026-04-11 12:57:32,284 - === BẮT ĐẦU CHẶNG 4: MAX-SAT CHÍNH XÁC | Cost: 956.00 ===
2026-04-11 12:57:32,284 -   [GĐ 4.1] Giải bài toán TSP trên từng tuyến đơn...
2026-04-11 12:57:35,811 -   [GĐ 4.2] Xét từng cặp tuyến để phân bổ lại khách hàng...
2026-04-11 12:57:35,811 -   --- Pairwise Iter 1 (còn 1177s) ---
2026-04-11 12:58:35,815 -     [P-Timeout 60.0s]
2026-04-11 12:59:35,830 -     [P-Timeout 60.0s]
2026-04-11 13:00:35,843 -     [P-Timeout 60.0s]
2026-04-11 13:01:35,858 -     [P-Timeout 60.0s]
2026-04-11 13:02:35,874 -     [P-Timeout 60.0s]
2026-04-11 13:03:35,888 -     [P-Timeout 60.0s]
2026-04-11 13:04:47,591 -     [P-Timeout 60.0s]
2026-04-11 13:05:47,609 -     [P-Timeout 60.0s]
2026-04-11 13:06:47,621 -     [P-Timeout 60.0s]
2026-04-11 13:07:47,632 -     [P-Timeout 60.0s]
2026-04-11 13:08:53,131 -     [P-Timeout 60.0s]
2026-04-11 13:09:53,145 -     [P-Timeout 60.0s]
2026-04-11 13:10:53,162 -     [P-Timeout 60.0s]
2026-04-11 13:12:09,485 -     [P-Timeout 60.0s]
2026-04-11 13:13:17,031 -     [P-Timeout 60.0s]
2026-04-11 13:14:17,049 -     [P-Timeout 60.0s]
2026-04-11 13:14:17,064 -     -> Đã đạt cực trị toàn cục cho mọi cặp dưới ngưỡng. KẾT THÚC CHẶNG 4.
2026-04-11 13:14:17,064 - HOÀN THÀNH PIPELINE. Final cost=956.00 | Time=1023.9s
2026-04-11 13:14:17,064 - ======================================================================
2026-04-11 13:14:17,064 - CW Khởi tạo = 1143 → Sau Pipeline = 956
2026-04-11 13:14:17,064 - Cải thiện so CW: 187
2026-04-11 13:14:17,064 - Tổng thời gian: 1023.9s
2026-04-11 13:14:17,064 - Verified cost: 956
2026-04-11 13:14:17,066 - ======================================================================
2026-04-11 13:14:17,066 - FILE: A-n48-k7.vrp
2026-04-11 13:14:17,066 - ======================================================================
2026-04-11 13:14:17,069 - Dim=48 K=7 Cap=100
2026-04-11 13:14:17,069 - --- Step 1: Clarke-Wright Heuristic ---
2026-04-11 13:14:17,071 -   cost=1397 time=0.00s
2026-04-11 13:14:17,071 - --- Step 2, 3, 4: Advanced Optimization Pipeline ---
2026-04-11 13:14:17,071 - =========================================
2026-04-11 13:14:17,071 - BẮT ĐẦU TUYẾN TRÌNH TỐI ƯU (PIPELINE)
2026-04-11 13:14:17,072 - =========================================
2026-04-11 13:14:17,072 - === GIAI ĐOẠN 2: LOCAL SEARCH ĐA TOÁN TỬ | Bắt đầu: 1397.00 ===
2026-04-11 13:14:17,147 -   [LS Iter 1] Cải thiện cost: 1397.00 -> 1161.00
2026-04-11 13:14:17,216 -   [LS Iter 2] Cải thiện cost: 1161.00 -> 1137.00
2026-04-11 13:14:17,276 -   [LS Iter 3] Cải thiện cost: 1137.00 -> 1124.00
2026-04-11 13:14:17,332 -   [LS Iter 4] Cải thiện cost: 1124.00 -> 1116.00
2026-04-11 13:14:17,389 -   [LS Iter 5] Cải thiện cost: 1116.00 -> 1096.00
2026-04-11 13:14:17,444 -   [LS Iter 6] Cải thiện cost: 1096.00 -> 1091.00
2026-04-11 13:14:17,498 - === KẾT THÚC GIAI ĐOẠN 2 | Đạt cực trị tại: 1091.00 ===
2026-04-11 13:14:17,498 - === BẮT ĐẦU CHẶNG 3: ALNS + GLS | Vòng lặp: 150 | Cost: 1091.00 ===
2026-04-11 13:14:19,945 -   [GLS Iter 21] Cập nhật ma trận phạt để thay đổi hướng đi.
2026-04-11 13:14:22,885 -   [ALNS Iter 42] Worst Destroy phá vỡ giới hạn -> BEST MỚI: 1085.00
2026-04-11 13:14:22,991 -   [ALNS Iter 43] Worst Destroy phá vỡ giới hạn -> BEST MỚI: 1074.00
2026-04-11 13:14:25,194 -   [GLS Iter 61] Cập nhật ma trận phạt để thay đổi hướng đi.
2026-04-11 13:14:33,838 -   [GLS Iter 121] Cập nhật ma trận phạt để thay đổi hướng đi.
2026-04-11 13:14:38,773 - === KẾT THÚC CHẶNG 3 | Cost xuất sắc nhất đạt được: 1074.00 ===
2026-04-11 13:14:38,773 - === BẮT ĐẦU CHẶNG 4: MAX-SAT CHÍNH XÁC | Cost: 1074.00 ===
2026-04-11 13:14:38,773 -   [GĐ 4.1] Giải bài toán TSP trên từng tuyến đơn...
2026-04-11 13:14:52,930 -     -> Single MaxSAT cải thiện: 1.00. Cost mới: 1073.00
2026-04-11 13:14:52,930 -   [GĐ 4.2] Xét từng cặp tuyến để phân bổ lại khách hàng...
2026-04-11 13:14:52,930 -   --- Pairwise Iter 1 (còn 1164s) ---
2026-04-11 13:15:52,934 -     [P-Timeout 60.0s]
2026-04-11 13:16:52,948 -     [P-Timeout 60.0s]
2026-04-11 13:17:52,961 -     [P-Timeout 60.0s]
2026-04-11 13:18:52,977 -     [P-Timeout 60.0s]
2026-04-11 13:20:37,732 -     [P-Timeout 60.0s]
2026-04-11 13:21:37,743 -     [P-Timeout 60.0s]
2026-04-11 13:22:37,756 -     [P-Timeout 60.0s]
2026-04-11 13:23:37,774 -     [P-Timeout 60.0s]
2026-04-11 13:24:37,792 -     [P-Timeout 60.0s]
2026-04-11 13:25:37,809 -     [P-Timeout 60.0s]
2026-04-11 13:26:37,825 -     [P-Timeout 60.0s]
2026-04-11 13:27:37,840 -     [P-Timeout 60.0s]
2026-04-11 13:28:37,855 -     [P-Timeout 60.0s]
2026-04-11 13:29:37,871 -     [P-Timeout 60.0s]
2026-04-11 13:30:37,889 -     [P-Timeout 60.0s]
2026-04-11 13:31:37,907 -     [P-Timeout 60.0s]
2026-04-11 13:32:37,921 -     [P-Timeout 60.0s]
2026-04-11 13:33:37,939 -     [P-Timeout 60.0s]
2026-04-11 13:33:37,953 -     -> Đã đạt cực trị toàn cục cho mọi cặp dưới ngưỡng. KẾT THÚC CHẶNG 4.
2026-04-11 13:33:37,953 - HOÀN THÀNH PIPELINE. Final cost=1073.00 | Time=1160.9s
2026-04-11 13:33:37,953 - ======================================================================
2026-04-11 13:33:37,953 - CW Khởi tạo = 1397 → Sau Pipeline = 1073
2026-04-11 13:33:37,953 - Cải thiện so CW: 324
2026-04-11 13:33:37,953 - Tổng thời gian: 1160.9s
2026-04-11 13:33:37,953 - Verified cost: 1073
2026-04-11 13:33:37,955 - ======================================================================
2026-04-11 13:33:37,955 - FILE: A-n53-k7.vrp
2026-04-11 13:33:37,955 - ======================================================================
2026-04-11 13:33:37,959 - Dim=53 K=7 Cap=100
2026-04-11 13:33:37,959 - --- Step 1: Clarke-Wright Heuristic ---
2026-04-11 13:33:37,962 -   cost=1225 time=0.00s
2026-04-11 13:33:37,962 - --- Step 2, 3, 4: Advanced Optimization Pipeline ---
2026-04-11 13:33:37,962 - =========================================
2026-04-11 13:33:37,962 - BẮT ĐẦU TUYẾN TRÌNH TỐI ƯU (PIPELINE)
2026-04-11 13:33:37,962 - =========================================
2026-04-11 13:33:37,962 - === GIAI ĐOẠN 2: LOCAL SEARCH ĐA TOÁN TỬ | Bắt đầu: 1225.00 ===
2026-04-11 13:33:38,049 -   [LS Iter 1] Cải thiện cost: 1225.00 -> 1099.00
2026-04-11 13:33:38,123 -   [LS Iter 2] Cải thiện cost: 1099.00 -> 1090.00
2026-04-11 13:33:38,191 -   [LS Iter 3] Cải thiện cost: 1090.00 -> 1088.00
2026-04-11 13:33:38,257 -   [LS Iter 4] Cải thiện cost: 1088.00 -> 1087.00
2026-04-11 13:33:38,325 -   [LS Iter 5] Cải thiện cost: 1087.00 -> 1079.00
2026-04-11 13:33:38,391 - === KẾT THÚC GIAI ĐOẠN 2 | Đạt cực trị tại: 1079.00 ===
2026-04-11 13:33:38,391 - === BẮT ĐẦU CHẶNG 3: ALNS + GLS | Vòng lặp: 150 | Cost: 1079.00 ===
2026-04-11 13:33:38,699 -   [ALNS Iter 3] Related Destroy phá vỡ giới hạn -> BEST MỚI: 1075.00
2026-04-11 13:33:39,105 -   [ALNS Iter 5] Related Destroy phá vỡ giới hạn -> BEST MỚI: 1053.00
2026-04-11 13:33:41,014 -   [ALNS Iter 18] Related Destroy phá vỡ giới hạn -> BEST MỚI: 1038.00
2026-04-11 13:33:41,630 -   [GLS Iter 21] Cập nhật ma trận phạt để thay đổi hướng đi.
2026-04-11 13:33:49,268 -   [ALNS Iter 64] Related Destroy phá vỡ giới hạn -> BEST MỚI: 1029.00
2026-04-11 13:33:57,642 -   [GLS Iter 121] Cập nhật ma trận phạt để thay đổi hướng đi.
2026-04-11 13:33:58,958 -   [ALNS Iter 130] Related Destroy phá vỡ giới hạn -> BEST MỚI: 1019.00
2026-04-11 13:34:01,430 - === KẾT THÚC CHẶNG 3 | Cost xuất sắc nhất đạt được: 1019.00 ===
2026-04-11 13:34:01,430 - === BẮT ĐẦU CHẶNG 4: MAX-SAT CHÍNH XÁC | Cost: 1019.00 ===
2026-04-11 13:34:01,430 -   [GĐ 4.1] Giải bài toán TSP trên từng tuyến đơn...
2026-04-11 13:34:12,391 -   [GĐ 4.2] Xét từng cặp tuyến để phân bổ lại khách hàng...
2026-04-11 13:34:12,391 -   --- Pairwise Iter 1 (còn 1166s) ---
2026-04-11 13:35:12,395 -     [P-Timeout 60.0s]
2026-04-11 13:36:12,409 -     [P-Timeout 60.0s]
2026-04-11 13:37:12,420 -     [P-Timeout 60.0s]
2026-04-11 13:38:12,432 -     [P-Timeout 60.0s]
2026-04-11 13:39:12,449 -     [P-Timeout 60.0s]
2026-04-11 13:40:12,468 -     [P-Timeout 60.0s]
2026-04-11 13:41:12,482 -     [P-Timeout 60.0s]
2026-04-11 13:42:12,496 -     [P-Timeout 60.0s]
2026-04-11 13:43:12,510 -     [P-Timeout 60.0s]
2026-04-11 13:44:12,521 -     [P-Timeout 60.0s]
2026-04-11 13:45:12,534 -     [P-Timeout 60.0s]
2026-04-11 13:46:12,551 -     [P-Timeout 60.0s]
2026-04-11 13:46:12,566 -     -> Đã đạt cực trị toàn cục cho mọi cặp dưới ngưỡng. KẾT THÚC CHẶNG 4.
2026-04-11 13:46:12,567 - HOÀN THÀNH PIPELINE. Final cost=1019.00 | Time=754.6s
2026-04-11 13:46:12,567 - ======================================================================
2026-04-11 13:46:12,567 - CW Khởi tạo = 1225 → Sau Pipeline = 1019
2026-04-11 13:46:12,567 - Cải thiện so CW: 206
2026-04-11 13:46:12,567 - Tổng thời gian: 754.6s
2026-04-11 13:46:12,567 - Verified cost: 1019
2026-04-11 13:46:12,568 - ======================================================================
2026-04-11 13:46:12,568 - FILE: A-n54-k7.vrp
2026-04-11 13:46:12,568 - ======================================================================
2026-04-11 13:46:12,573 - Dim=54 K=7 Cap=100
2026-04-11 13:46:12,573 - --- Step 1: Clarke-Wright Heuristic ---
2026-04-11 13:46:12,576 -   cost=1652 time=0.00s
2026-04-11 13:46:12,577 - --- Step 2, 3, 4: Advanced Optimization Pipeline ---
2026-04-11 13:46:12,577 - =========================================
2026-04-11 13:46:12,577 - BẮT ĐẦU TUYẾN TRÌNH TỐI ƯU (PIPELINE)
2026-04-11 13:46:12,577 - =========================================
2026-04-11 13:46:12,577 - === GIAI ĐOẠN 2: LOCAL SEARCH ĐA TOÁN TỬ | Bắt đầu: 1652.00 ===
2026-04-11 13:46:12,688 -   [LS Iter 1] Cải thiện cost: 1652.00 -> 1357.00
2026-04-11 13:46:12,768 -   [LS Iter 2] Cải thiện cost: 1357.00 -> 1282.00
2026-04-11 13:46:12,841 -   [LS Iter 3] Cải thiện cost: 1282.00 -> 1232.00
2026-04-11 13:46:12,913 -   [LS Iter 4] Cải thiện cost: 1232.00 -> 1230.00
2026-04-11 13:46:12,985 - === KẾT THÚC GIAI ĐOẠN 2 | Đạt cực trị tại: 1230.00 ===
2026-04-11 13:46:12,985 - === BẮT ĐẦU CHẶNG 3: ALNS + GLS | Vòng lặp: 150 | Cost: 1230.00 ===
2026-04-11 13:46:14,441 -   [ALNS Iter 10] Worst Destroy phá vỡ giới hạn -> BEST MỚI: 1216.00
2026-04-11 13:46:14,875 -   [ALNS Iter 11] Worst Destroy phá vỡ giới hạn -> BEST MỚI: 1184.00
2026-04-11 13:46:15,095 -   [ALNS Iter 12] Random Destroy phá vỡ giới hạn -> BEST MỚI: 1182.00
2026-04-11 13:46:16,060 -   [GLS Iter 21] Cập nhật ma trận phạt do kẹt tải trọng liên tục.
2026-04-11 13:46:23,239 -   [GLS Iter 81] Cập nhật ma trận phạt để thay đổi hướng đi.
2026-04-11 13:46:26,373 -   [ALNS Iter 100] Random Destroy phá vỡ giới hạn -> BEST MỚI: 1175.00
2026-04-11 13:46:29,383 -   [GLS Iter 121] Cập nhật ma trận phạt để thay đổi hướng đi.
2026-04-11 13:46:33,183 - === KẾT THÚC CHẶNG 3 | Cost xuất sắc nhất đạt được: 1175.00 ===
2026-04-11 13:46:33,184 - === BẮT ĐẦU CHẶNG 4: MAX-SAT CHÍNH XÁC | Cost: 1175.00 ===
2026-04-11 13:46:33,184 -   [GĐ 4.1] Giải bài toán TSP trên từng tuyến đơn...
2026-04-11 13:46:54,909 -   [GĐ 4.2] Xét từng cặp tuyến để phân bổ lại khách hàng...
2026-04-11 13:46:54,910 -   --- Pairwise Iter 1 (còn 1158s) ---
2026-04-11 13:47:54,917 -     [P-Timeout 60.0s]
2026-04-11 13:48:54,934 -     [P-Timeout 60.0s]
2026-04-11 13:49:54,947 -     [P-Timeout 60.0s]
2026-04-11 13:50:54,962 -     [P-Timeout 60.0s]
2026-04-11 13:51:54,978 -     [P-Timeout 60.0s]
2026-04-11 13:52:54,995 -     [P-Timeout 60.0s]
2026-04-11 13:53:55,011 -     [P-Timeout 60.0s]
2026-04-11 13:54:55,023 -     [P-Timeout 60.0s]
2026-04-11 13:55:55,042 -     [P-Timeout 60.0s]
2026-04-11 13:56:55,057 -     [P-Timeout 60.0s]
2026-04-11 13:57:55,077 -     [P-Timeout 60.0s]
2026-04-11 13:58:55,094 -     [P-Timeout 60.0s]
2026-04-11 13:59:55,112 -     [P-Timeout 60.0s]
2026-04-11 14:00:55,130 -     [P-Timeout 60.0s]
2026-04-11 14:01:55,145 -     [P-Timeout 60.0s]
2026-04-11 14:02:55,161 -     [P-Timeout 60.0s]
2026-04-11 14:03:55,180 -     [P-Timeout 60.0s]
2026-04-11 14:04:55,198 -     [P-Timeout 60.0s]
2026-04-11 14:05:55,215 -     [P-Timeout 60.0s]
2026-04-11 14:06:10,580 -     [P-Timeout 15.3s]
2026-04-11 14:06:10,589 -     -> Đã đạt cực trị toàn cục cho mọi cặp dưới ngưỡng. KẾT THÚC CHẶNG 4.
2026-04-11 14:06:10,589 - HOÀN THÀNH PIPELINE. Final cost=1175.00 | Time=1198.0s
2026-04-11 14:06:10,589 - ======================================================================
2026-04-11 14:06:10,589 - CW Khởi tạo = 1652 → Sau Pipeline = 1175
2026-04-11 14:06:10,590 - Cải thiện so CW: 477
2026-04-11 14:06:10,590 - Tổng thời gian: 1198.0s
2026-04-11 14:06:10,590 - Verified cost: 1175
2026-04-11 14:06:10,591 - ======================================================================
2026-04-11 14:06:10,591 - FILE: A-n55-k9.vrp
2026-04-11 14:06:10,591 - ======================================================================
2026-04-11 14:06:10,596 - Dim=55 K=9 Cap=100
2026-04-11 14:06:10,596 - --- Step 1: Clarke-Wright Heuristic ---
2026-04-11 14:06:10,599 -   cost=1377 time=0.00s
2026-04-11 14:06:10,599 - --- Step 2, 3, 4: Advanced Optimization Pipeline ---
2026-04-11 14:06:10,599 - =========================================
2026-04-11 14:06:10,599 - BẮT ĐẦU TUYẾN TRÌNH TỐI ƯU (PIPELINE)
2026-04-11 14:06:10,599 - =========================================
2026-04-11 14:06:10,599 - === GIAI ĐOẠN 2: LOCAL SEARCH ĐA TOÁN TỬ | Bắt đầu: 1377.00 ===
2026-04-11 14:06:10,685 -   [LS Iter 1] Cải thiện cost: 1377.00 -> 1108.00
2026-04-11 14:06:10,761 -   [LS Iter 2] Cải thiện cost: 1108.00 -> 1100.00
2026-04-11 14:06:10,830 -   [LS Iter 3] Cải thiện cost: 1100.00 -> 1095.00
2026-04-11 14:06:10,896 -   [LS Iter 4] Cải thiện cost: 1095.00 -> 1094.00
2026-04-11 14:06:10,963 - === KẾT THÚC GIAI ĐOẠN 2 | Đạt cực trị tại: 1094.00 ===
2026-04-11 14:06:10,963 - === BẮT ĐẦU CHẶNG 3: ALNS + GLS | Vòng lặp: 150 | Cost: 1094.00 ===
2026-04-11 14:06:12,511 -   [ALNS Iter 12] Random Destroy phá vỡ giới hạn -> BEST MỚI: 1077.00
2026-04-11 14:06:13,370 -   [GLS Iter 21] Cập nhật ma trận phạt để thay đổi hướng đi.
2026-04-11 14:06:14,020 -   [ALNS Iter 26] Random Destroy phá vỡ giới hạn -> BEST MỚI: 1074.00
2026-04-11 14:06:15,381 -   [GLS Iter 41] Cập nhật ma trận phạt để thay đổi hướng đi.
2026-04-11 14:06:23,800 -   [GLS Iter 101] Cập nhật ma trận phạt do kẹt tải trọng liên tục.
2026-04-11 14:06:31,303 - === KẾT THÚC CHẶNG 3 | Cost xuất sắc nhất đạt được: 1074.00 ===
2026-04-11 14:06:31,303 - === BẮT ĐẦU CHẶNG 4: MAX-SAT CHÍNH XÁC | Cost: 1074.00 ===
2026-04-11 14:06:31,303 -   [GĐ 4.1] Giải bài toán TSP trên từng tuyến đơn...
2026-04-11 14:06:33,505 -   [GĐ 4.2] Xét từng cặp tuyến để phân bổ lại khách hàng...
2026-04-11 14:06:33,505 -   --- Pairwise Iter 1 (còn 1177s) ---
2026-04-11 14:07:33,509 -     [P-Timeout 60.0s]
2026-04-11 14:08:33,520 -     [P-Timeout 60.0s]
2026-04-11 14:09:33,531 -     [P-Timeout 60.0s]
2026-04-11 14:10:33,545 -     [P-Timeout 60.0s]
2026-04-11 14:11:33,556 -     [P-Timeout 60.0s]
2026-04-11 14:12:33,568 -     [P-Timeout 60.0s]
2026-04-11 14:13:33,580 -     [P-Timeout 60.0s]
2026-04-11 14:14:33,593 -     [P-Timeout 60.0s]
2026-04-11 14:15:33,605 -     [P-Timeout 60.0s]
2026-04-11 14:16:33,618 -     [P-Timeout 60.0s]
2026-04-11 14:17:33,632 -     [P-Timeout 60.0s]
2026-04-11 14:18:33,644 -     [P-Timeout 60.0s]
2026-04-11 14:19:33,658 -     [P-Timeout 60.0s]
2026-04-11 14:20:33,671 -     [P-Timeout 60.0s]
2026-04-11 14:21:33,682 -     [P-Timeout 60.0s]
2026-04-11 14:22:33,694 -     [P-Timeout 60.0s]
2026-04-11 14:23:33,708 -     [P-Timeout 60.0s]
2026-04-11 14:24:33,720 -     [P-Timeout 60.0s]
2026-04-11 14:25:33,733 -     [P-Timeout 60.0s]
2026-04-11 14:26:08,602 -     [P-Timeout 34.9s]
2026-04-11 14:26:08,615 -     -> Đã đạt cực trị toàn cục cho mọi cặp dưới ngưỡng. KẾT THÚC CHẶNG 4.
2026-04-11 14:26:08,615 - HOÀN THÀNH PIPELINE. Final cost=1074.00 | Time=1198.0s
2026-04-11 14:26:08,615 - ======================================================================
2026-04-11 14:26:08,615 - CW Khởi tạo = 1377 → Sau Pipeline = 1074
2026-04-11 14:26:08,615 - Cải thiện so CW: 303
2026-04-11 14:26:08,615 - Tổng thời gian: 1198.0s
2026-04-11 14:26:08,615 - Verified cost: 1074
2026-04-11 14:26:08,616 - ======================================================================
2026-04-11 14:26:08,617 - FILE: A-n60-k9.vrp
2026-04-11 14:26:08,617 - ======================================================================
2026-04-11 14:26:08,623 - Dim=60 K=9 Cap=100
2026-04-11 14:26:08,623 - --- Step 1: Clarke-Wright Heuristic ---
2026-04-11 14:26:08,626 -   cost=1731 time=0.00s
2026-04-11 14:26:08,626 - --- Step 2, 3, 4: Advanced Optimization Pipeline ---
2026-04-11 14:26:08,626 - =========================================
2026-04-11 14:26:08,626 - BẮT ĐẦU TUYẾN TRÌNH TỐI ƯU (PIPELINE)
2026-04-11 14:26:08,626 - =========================================
2026-04-11 14:26:08,627 - === GIAI ĐOẠN 2: LOCAL SEARCH ĐA TOÁN TỬ | Bắt đầu: 1731.00 ===
2026-04-11 14:26:08,733 -   [LS Iter 1] Cải thiện cost: 1731.00 -> 1551.00
2026-04-11 14:26:08,831 -   [LS Iter 2] Cải thiện cost: 1551.00 -> 1478.00
2026-04-11 14:26:08,915 -   [LS Iter 3] Cải thiện cost: 1478.00 -> 1449.00
2026-04-11 14:26:09,013 -   [LS Iter 4] Cải thiện cost: 1449.00 -> 1422.00
2026-04-11 14:26:09,103 -   [LS Iter 5] Cải thiện cost: 1422.00 -> 1418.00
2026-04-11 14:26:09,204 -   [LS Iter 6] Cải thiện cost: 1418.00 -> 1417.00
2026-04-11 14:26:09,303 - === KẾT THÚC GIAI ĐOẠN 2 | Đạt cực trị tại: 1417.00 ===
2026-04-11 14:26:09,303 - === BẮT ĐẦU CHẶNG 3: ALNS + GLS | Vòng lặp: 150 | Cost: 1417.00 ===
2026-04-11 14:26:09,784 -   [ALNS Iter 1] Worst Destroy phá vỡ giới hạn -> BEST MỚI: 1406.00
2026-04-11 14:26:10,122 -   [ALNS Iter 2] Related Destroy phá vỡ giới hạn -> BEST MỚI: 1374.00
2026-04-11 14:26:16,401 -   [ALNS Iter 26] Related Destroy phá vỡ giới hạn -> BEST MỚI: 1371.00
2026-04-11 14:26:19,027 -   [GLS Iter 41] Cập nhật ma trận phạt để thay đổi hướng đi.
2026-04-11 14:26:25,563 -   [ALNS Iter 63] Related Destroy phá vỡ giới hạn -> BEST MỚI: 1369.00
2026-04-11 14:26:25,830 -   [ALNS Iter 64] Related Destroy phá vỡ giới hạn -> BEST MỚI: 1365.00
2026-04-11 14:26:26,635 -   [ALNS Iter 68] Related Destroy phá vỡ giới hạn -> BEST MỚI: 1364.00
2026-04-11 14:26:29,120 -   [ALNS Iter 79] Worst Destroy phá vỡ giới hạn -> BEST MỚI: 1362.00
2026-04-11 14:26:38,986 -   [ALNS Iter 121] Related Destroy phá vỡ giới hạn -> BEST MỚI: 1361.00
2026-04-11 14:26:40,909 -   [ALNS Iter 127] Related Destroy phá vỡ giới hạn -> BEST MỚI: 1359.00
2026-04-11 14:26:41,173 -   [ALNS Iter 129] Related Destroy phá vỡ giới hạn -> BEST MỚI: 1356.00
2026-04-11 14:26:44,660 -   [GLS Iter 141] Cập nhật ma trận phạt để thay đổi hướng đi.
2026-04-11 14:26:47,021 - === KẾT THÚC CHẶNG 3 | Cost xuất sắc nhất đạt được: 1356.00 ===
2026-04-11 14:26:47,022 - === BẮT ĐẦU CHẶNG 4: MAX-SAT CHÍNH XÁC | Cost: 1356.00 ===
2026-04-11 14:26:47,022 -   [GĐ 4.1] Giải bài toán TSP trên từng tuyến đơn...
2026-04-11 14:26:58,000 -   [GĐ 4.2] Xét từng cặp tuyến để phân bổ lại khách hàng...
2026-04-11 14:26:58,001 -   --- Pairwise Iter 1 (còn 1151s) ---
2026-04-11 14:27:58,005 -     [P-Timeout 60.0s]
2026-04-11 14:28:58,021 -     [P-Timeout 60.0s]
2026-04-11 14:29:58,035 -     [P-Timeout 60.0s]
2026-04-11 14:30:58,048 -     [P-Timeout 60.0s]
2026-04-11 14:31:58,062 -     [P-Timeout 60.0s]
2026-04-11 14:32:58,074 -     [P-Timeout 60.0s]
2026-04-11 14:33:58,088 -     [P-Timeout 60.0s]
2026-04-11 14:34:58,102 -     [P-Timeout 60.0s]
2026-04-11 14:35:58,115 -     [P-Timeout 60.0s]
2026-04-11 14:36:58,132 -     [P-Timeout 60.0s]
2026-04-11 14:37:58,145 -     [P-Timeout 60.0s]
2026-04-11 14:38:58,160 -     [P-Timeout 60.0s]
2026-04-11 14:39:58,172 -     [P-Timeout 60.0s]
2026-04-11 14:40:58,185 -     [P-Timeout 60.0s]
2026-04-11 14:41:58,198 -     [P-Timeout 60.0s]
2026-04-11 14:42:58,215 -     [P-Timeout 60.0s]
2026-04-11 14:43:58,227 -     [P-Timeout 60.0s]
2026-04-11 14:44:58,240 -     [P-Timeout 60.0s]
2026-04-11 14:45:58,252 -     [P-Timeout 60.0s]
2026-04-11 14:46:06,630 -     [P-Timeout 8.4s]
2026-04-11 14:46:06,637 -     -> Đã đạt cực trị toàn cục cho mọi cặp dưới ngưỡng. KẾT THÚC CHẶNG 4.
2026-04-11 14:46:06,637 - HOÀN THÀNH PIPELINE. Final cost=1356.00 | Time=1198.0s
2026-04-11 14:46:06,637 - ======================================================================
2026-04-11 14:46:06,637 - CW Khởi tạo = 1731 → Sau Pipeline = 1356
2026-04-11 14:46:06,637 - Cải thiện so CW: 375
2026-04-11 14:46:06,637 - Tổng thời gian: 1198.0s
2026-04-11 14:46:06,637 - Verified cost: 1356
2026-04-11 14:46:06,639 - ======================================================================
2026-04-11 14:46:06,639 - FILE: A-n61-k9.vrp
2026-04-11 14:46:06,639 - ======================================================================
2026-04-11 14:46:06,645 - Dim=61 K=9 Cap=100
2026-04-11 14:46:06,645 - --- Step 1: Clarke-Wright Heuristic ---
2026-04-11 14:46:06,652 -   cost=1471 time=0.01s
2026-04-11 14:46:06,652 - --- Step 2, 3, 4: Advanced Optimization Pipeline ---
2026-04-11 14:46:06,652 - =========================================
2026-04-11 14:46:06,652 - BẮT ĐẦU TUYẾN TRÌNH TỐI ƯU (PIPELINE)
2026-04-11 14:46:06,652 - =========================================
2026-04-11 14:46:06,652 - === GIAI ĐOẠN 2: LOCAL SEARCH ĐA TOÁN TỬ | Bắt đầu: 1471.00 ===
2026-04-11 14:46:06,741 -   [LS Iter 1] Cải thiện cost: 1471.00 -> 1320.00
2026-04-11 14:46:06,826 -   [LS Iter 2] Cải thiện cost: 1320.00 -> 1269.00
2026-04-11 14:46:06,897 -   [LS Iter 3] Cải thiện cost: 1269.00 -> 1231.00
2026-04-11 14:46:06,968 -   [LS Iter 4] Cải thiện cost: 1231.00 -> 1226.00
2026-04-11 14:46:07,039 - === KẾT THÚC GIAI ĐOẠN 2 | Đạt cực trị tại: 1226.00 ===
2026-04-11 14:46:07,040 - === BẮT ĐẦU CHẶNG 3: ALNS + GLS | Vòng lặp: 150 | Cost: 1226.00 ===
2026-04-11 14:46:07,305 -   [ALNS Iter 9] Worst Destroy phá vỡ giới hạn -> BEST MỚI: 1147.00
2026-04-11 14:46:07,927 -   [GLS Iter 21] Cập nhật ma trận phạt để thay đổi hướng đi.
2026-04-11 14:46:09,260 -   [ALNS Iter 50] Worst Destroy phá vỡ giới hạn -> BEST MỚI: 1135.00
2026-04-11 14:46:09,430 -   [ALNS Iter 59] Worst Destroy phá vỡ giới hạn -> BEST MỚI: 1132.00
2026-04-11 14:46:10,791 -   [ALNS Iter 76] Worst Destroy phá vỡ giới hạn -> BEST MỚI: 1104.00
2026-04-11 14:46:11,238 -   [ALNS Iter 82] Worst Destroy phá vỡ giới hạn -> BEST MỚI: 1091.00
2026-04-11 14:46:13,841 -   [GLS Iter 121] Cập nhật ma trận phạt để thay đổi hướng đi.
2026-04-11 14:46:13,990 -   [ALNS Iter 122] Worst Destroy phá vỡ giới hạn -> BEST MỚI: 1084.00
2026-04-11 14:46:16,106 - === KẾT THÚC CHẶNG 3 | Cost xuất sắc nhất đạt được: 1084.00 ===
2026-04-11 14:46:16,107 - === BẮT ĐẦU CHẶNG 4: MAX-SAT CHÍNH XÁC | Cost: 1084.00 ===
2026-04-11 14:46:16,107 -   [GĐ 4.1] Giải bài toán TSP trên từng tuyến đơn...
2026-04-11 14:46:18,646 -   [GĐ 4.2] Xét từng cặp tuyến để phân bổ lại khách hàng...
2026-04-11 14:46:18,647 -   --- Pairwise Iter 1 (còn 1188s) ---
2026-04-11 14:47:18,651 -     [P-Timeout 60.0s]
2026-04-11 14:48:18,663 -     [P-Timeout 60.0s]
2026-04-11 14:49:18,676 -     [P-Timeout 60.0s]
2026-04-11 14:50:18,690 -     [P-Timeout 60.0s]
2026-04-11 14:51:18,705 -     [P-Timeout 60.0s]
2026-04-11 14:52:18,717 -     [P-Timeout 60.0s]
2026-04-11 14:53:18,728 -     [P-Timeout 60.0s]
2026-04-11 14:54:18,743 -     [P-Timeout 60.0s]
2026-04-11 14:55:18,757 -     [P-Timeout 60.0s]
2026-04-11 14:56:18,773 -     [P-Timeout 60.0s]
2026-04-11 14:57:18,785 -     [P-Timeout 60.0s]
2026-04-11 14:58:18,801 -     [P-Timeout 60.0s]
2026-04-11 14:59:18,813 -     [P-Timeout 60.0s]
2026-04-11 15:00:18,826 -     [P-Timeout 60.0s]
2026-04-11 15:01:18,839 -     [P-Timeout 60.0s]
2026-04-11 15:02:18,853 -     [P-Timeout 60.0s]
2026-04-11 15:03:18,868 -     [P-Timeout 60.0s]
2026-04-11 15:04:18,882 -     [P-Timeout 60.0s]
2026-04-11 15:05:18,901 -     [P-Timeout 60.0s]
2026-04-11 15:06:04,655 -     [P-Timeout 45.7s]
2026-04-11 15:06:04,666 -     -> Đã đạt cực trị toàn cục cho mọi cặp dưới ngưỡng. KẾT THÚC CHẶNG 4.
2026-04-11 15:06:04,667 - HOÀN THÀNH PIPELINE. Final cost=1084.00 | Time=1198.0s
2026-04-11 15:06:04,667 - ======================================================================
2026-04-11 15:06:04,667 - CW Khởi tạo = 1471 → Sau Pipeline = 1084
2026-04-11 15:06:04,667 - Cải thiện so CW: 387
2026-04-11 15:06:04,667 - Tổng thời gian: 1198.0s
2026-04-11 15:06:04,667 - Verified cost: 1084
2026-04-11 15:06:04,668 - ======================================================================
2026-04-11 15:06:04,668 - FILE: A-n62-k8.vrp
2026-04-11 15:06:04,668 - ======================================================================
2026-04-11 15:06:04,674 - Dim=62 K=8 Cap=100
2026-04-11 15:06:04,675 - --- Step 1: Clarke-Wright Heuristic ---
2026-04-11 15:06:04,679 -   cost=1769 time=0.00s
2026-04-11 15:06:04,679 - --- Step 2, 3, 4: Advanced Optimization Pipeline ---
2026-04-11 15:06:04,679 - =========================================
2026-04-11 15:06:04,679 - BẮT ĐẦU TUYẾN TRÌNH TỐI ƯU (PIPELINE)
2026-04-11 15:06:04,679 - =========================================
2026-04-11 15:06:04,679 - === GIAI ĐOẠN 2: LOCAL SEARCH ĐA TOÁN TỬ | Bắt đầu: 1769.00 ===
2026-04-11 15:06:04,824 -   [LS Iter 1] Cải thiện cost: 1769.00 -> 1428.00
2026-04-11 15:06:04,935 -   [LS Iter 2] Cải thiện cost: 1428.00 -> 1412.00
2026-04-11 15:06:05,049 -   [LS Iter 3] Cải thiện cost: 1412.00 -> 1392.00
2026-04-11 15:06:05,155 -   [LS Iter 4] Cải thiện cost: 1392.00 -> 1355.00
2026-04-11 15:06:05,272 -   [LS Iter 5] Cải thiện cost: 1355.00 -> 1342.00
2026-04-11 15:06:05,390 -   [LS Iter 6] Cải thiện cost: 1342.00 -> 1337.00
2026-04-11 15:06:05,501 -   [LS Iter 7] Cải thiện cost: 1337.00 -> 1335.00
2026-04-11 15:06:05,609 -   [LS Iter 8] Cải thiện cost: 1335.00 -> 1331.00
2026-04-11 15:06:05,720 - === KẾT THÚC GIAI ĐOẠN 2 | Đạt cực trị tại: 1331.00 ===
2026-04-11 15:06:05,720 - === BẮT ĐẦU CHẶNG 3: ALNS + GLS | Vòng lặp: 150 | Cost: 1331.00 ===
2026-04-11 15:06:10,993 -   [ALNS Iter 21] Related Destroy phá vỡ giới hạn -> BEST MỚI: 1328.00
2026-04-11 15:06:11,607 -   [ALNS Iter 22] Related Destroy phá vỡ giới hạn -> BEST MỚI: 1327.00
2026-04-11 15:06:18,087 -   [ALNS Iter 47] Related Destroy phá vỡ giới hạn -> BEST MỚI: 1326.00
2026-04-11 15:06:18,710 -   [ALNS Iter 51] Worst Destroy phá vỡ giới hạn -> BEST MỚI: 1322.00
2026-04-11 15:06:19,413 -   [ALNS Iter 52] Related Destroy phá vỡ giới hạn -> BEST MỚI: 1321.00
2026-04-11 15:06:20,528 -   [ALNS Iter 56] Related Destroy phá vỡ giới hạn -> BEST MỚI: 1319.00
2026-04-11 15:06:20,822 -   [ALNS Iter 57] Related Destroy phá vỡ giới hạn -> BEST MỚI: 1318.00
2026-04-11 15:06:27,481 -   [GLS Iter 81] Cập nhật ma trận phạt để thay đổi hướng đi.
2026-04-11 15:06:43,442 -   [GLS Iter 141] Cập nhật ma trận phạt để thay đổi hướng đi.
2026-04-11 15:06:46,913 - === KẾT THÚC CHẶNG 3 | Cost xuất sắc nhất đạt được: 1318.00 ===
2026-04-11 15:06:46,913 - === BẮT ĐẦU CHẶNG 4: MAX-SAT CHÍNH XÁC | Cost: 1318.00 ===
2026-04-11 15:06:46,913 -   [GĐ 4.1] Giải bài toán TSP trên từng tuyến đơn...
2026-04-11 15:07:09,353 -   [GĐ 4.2] Xét từng cặp tuyến để phân bổ lại khách hàng...
2026-04-11 15:07:09,354 -   --- Pairwise Iter 1 (còn 1135s) ---
2026-04-11 15:08:09,357 -     [P-Timeout 60.0s]
2026-04-11 15:09:09,372 -     [P-Timeout 60.0s]
2026-04-11 15:10:09,387 -     [P-Timeout 60.0s]
2026-04-11 15:11:09,408 -     [P-Timeout 60.0s]
2026-04-11 15:12:09,423 -     [P-Timeout 60.0s]
2026-04-11 15:13:09,437 -     [P-Timeout 60.0s]
2026-04-11 15:14:09,455 -     [P-Timeout 60.0s]
2026-04-11 15:15:09,473 -     [P-Timeout 60.0s]
2026-04-11 15:16:09,485 -     [P-Timeout 60.0s]
2026-04-11 15:17:09,497 -     [P-Timeout 60.0s]
2026-04-11 15:18:09,513 -     [P-Timeout 60.0s]
2026-04-11 15:19:09,532 -     [P-Timeout 60.0s]
2026-04-11 15:20:09,548 -     [P-Timeout 60.0s]
2026-04-11 15:21:09,566 -     [P-Timeout 60.0s]
2026-04-11 15:22:09,585 -     [P-Timeout 60.0s]
2026-04-11 15:23:09,603 -     [P-Timeout 60.0s]
2026-04-11 15:24:09,618 -     [P-Timeout 60.0s]
2026-04-11 15:25:09,633 -     [P-Timeout 60.0s]
2026-04-11 15:26:02,683 -     [P-Timeout 53.0s]
2026-04-11 15:26:02,699 -     -> Đã đạt cực trị toàn cục cho mọi cặp dưới ngưỡng. KẾT THÚC CHẶNG 4.
2026-04-11 15:26:02,699 - HOÀN THÀNH PIPELINE. Final cost=1318.00 | Time=1198.0s
2026-04-11 15:26:02,699 - ======================================================================
2026-04-11 15:26:02,699 - CW Khởi tạo = 1769 → Sau Pipeline = 1318
2026-04-11 15:26:02,699 - Cải thiện so CW: 451
2026-04-11 15:26:02,699 - Tổng thời gian: 1198.0s
2026-04-11 15:26:02,699 - Verified cost: 1318
2026-04-11 15:26:02,700 - ======================================================================
2026-04-11 15:26:02,701 - FILE: A-n63-k9.vrp
2026-04-11 15:26:02,701 - ======================================================================
2026-04-11 15:26:02,707 - Dim=63 K=9 Cap=100
2026-04-11 15:26:02,707 - --- Step 1: Clarke-Wright Heuristic ---
2026-04-11 15:26:02,711 -   cost=2051 time=0.00s
2026-04-11 15:26:02,712 - --- Step 2, 3, 4: Advanced Optimization Pipeline ---
2026-04-11 15:26:02,712 - =========================================
2026-04-11 15:26:02,712 - BẮT ĐẦU TUYẾN TRÌNH TỐI ƯU (PIPELINE)
2026-04-11 15:26:02,712 - =========================================
2026-04-11 15:26:02,712 - === GIAI ĐOẠN 2: LOCAL SEARCH ĐA TOÁN TỬ | Bắt đầu: 2051.00 ===
2026-04-11 15:26:02,815 -   [LS Iter 1] Cải thiện cost: 2051.00 -> 1810.00
2026-04-11 15:26:02,903 -   [LS Iter 2] Cải thiện cost: 1810.00 -> 1745.00
2026-04-11 15:26:02,983 -   [LS Iter 3] Cải thiện cost: 1745.00 -> 1717.00
2026-04-11 15:26:03,066 -   [LS Iter 4] Cải thiện cost: 1717.00 -> 1693.00
2026-04-11 15:26:03,150 -   [LS Iter 5] Cải thiện cost: 1693.00 -> 1692.00
2026-04-11 15:26:03,238 - === KẾT THÚC GIAI ĐOẠN 2 | Đạt cực trị tại: 1692.00 ===
2026-04-11 15:26:03,239 - === BẮT ĐẦU CHẶNG 3: ALNS + GLS | Vòng lặp: 150 | Cost: 1692.00 ===
2026-04-11 15:26:03,622 -   [ALNS Iter 2] Random Destroy phá vỡ giới hạn -> BEST MỚI: 1675.00
2026-04-11 15:26:04,459 -   [ALNS Iter 7] Random Destroy phá vỡ giới hạn -> BEST MỚI: 1627.00
2026-04-11 15:26:12,150 -   [GLS Iter 61] Cập nhật ma trận phạt do kẹt tải trọng liên tục.
2026-04-11 15:26:21,133 -   [GLS Iter 121] Cập nhật ma trận phạt để thay đổi hướng đi.
2026-04-11 15:26:25,827 - === KẾT THÚC CHẶNG 3 | Cost xuất sắc nhất đạt được: 1627.00 ===
2026-04-11 15:26:25,827 - === BẮT ĐẦU CHẶNG 4: MAX-SAT CHÍNH XÁC | Cost: 1627.00 ===
2026-04-11 15:26:25,827 -   [GĐ 4.1] Giải bài toán TSP trên từng tuyến đơn...
2026-04-11 15:26:37,619 -   [GĐ 4.2] Xét từng cặp tuyến để phân bổ lại khách hàng...
2026-04-11 15:26:37,619 -   --- Pairwise Iter 1 (còn 1165s) ---
2026-04-11 15:27:37,623 -     [P-Timeout 60.0s]
2026-04-11 15:28:37,634 -     [P-Timeout 60.0s]
2026-04-11 15:29:37,650 -     [P-Timeout 60.0s]
2026-04-11 15:30:37,664 -     [P-Timeout 60.0s]
2026-04-11 15:31:37,680 -     [P-Timeout 60.0s]
2026-04-11 15:32:37,693 -     [P-Timeout 60.0s]
2026-04-11 15:33:37,707 -     [P-Timeout 60.0s]
2026-04-11 15:34:37,722 -     [P-Timeout 60.0s]
2026-04-11 15:35:37,734 -     [P-Timeout 60.0s]
2026-04-11 15:36:37,746 -     [P-Timeout 60.0s]
2026-04-11 15:37:37,759 -     [P-Timeout 60.0s]
2026-04-11 15:38:37,775 -     [P-Timeout 60.0s]
2026-04-11 15:39:37,791 -     [P-Timeout 60.0s]
2026-04-11 15:40:37,805 -     [P-Timeout 60.0s]
2026-04-11 15:41:37,817 -     [P-Timeout 60.0s]
2026-04-11 15:42:37,831 -     [P-Timeout 60.0s]
2026-04-11 15:43:37,844 -     [P-Timeout 60.0s]
2026-04-11 15:44:37,860 -     [P-Timeout 60.0s]
2026-04-11 15:45:37,877 -     [P-Timeout 60.0s]
2026-04-11 15:46:00,715 -     [P-Timeout 22.8s]
2026-04-11 15:46:00,726 -     -> Đã đạt cực trị toàn cục cho mọi cặp dưới ngưỡng. KẾT THÚC CHẶNG 4.
2026-04-11 15:46:00,726 - HOÀN THÀNH PIPELINE. Final cost=1627.00 | Time=1198.0s
2026-04-11 15:46:00,726 - ======================================================================
2026-04-11 15:46:00,726 - CW Khởi tạo = 2051 → Sau Pipeline = 1627
2026-04-11 15:46:00,727 - Cải thiện so CW: 424
2026-04-11 15:46:00,727 - Tổng thời gian: 1198.0s
2026-04-11 15:46:00,727 - Verified cost: 1627
2026-04-11 15:46:00,728 - ======================================================================
2026-04-11 15:46:00,728 - FILE: A-n63-k10.vrp
2026-04-11 15:46:00,728 - ======================================================================
2026-04-11 15:46:00,734 - Dim=63 K=10 Cap=100
2026-04-11 15:46:00,734 - --- Step 1: Clarke-Wright Heuristic ---
2026-04-11 15:46:00,738 -   cost=1674 time=0.00s
2026-04-11 15:46:00,739 - --- Step 2, 3, 4: Advanced Optimization Pipeline ---
2026-04-11 15:46:00,739 - =========================================
2026-04-11 15:46:00,739 - BẮT ĐẦU TUYẾN TRÌNH TỐI ƯU (PIPELINE)
2026-04-11 15:46:00,739 - =========================================
2026-04-11 15:46:00,739 - === GIAI ĐOẠN 2: LOCAL SEARCH ĐA TOÁN TỬ | Bắt đầu: 1674.00 ===
2026-04-11 15:46:00,843 -   [LS Iter 1] Cải thiện cost: 1674.00 -> 1375.00
2026-04-11 15:46:00,941 -   [LS Iter 2] Cải thiện cost: 1375.00 -> 1369.00
2026-04-11 15:46:01,034 -   [LS Iter 3] Cải thiện cost: 1369.00 -> 1368.00
2026-04-11 15:46:01,125 -   [LS Iter 4] Cải thiện cost: 1368.00 -> 1358.00
2026-04-11 15:46:01,214 -   [LS Iter 5] Cải thiện cost: 1358.00 -> 1357.00
2026-04-11 15:46:01,314 -   [LS Iter 6] Cải thiện cost: 1357.00 -> 1356.00
2026-04-11 15:46:01,414 - === KẾT THÚC GIAI ĐOẠN 2 | Đạt cực trị tại: 1356.00 ===
2026-04-11 15:46:01,415 - === BẮT ĐẦU CHẶNG 3: ALNS + GLS | Vòng lặp: 150 | Cost: 1356.00 ===
2026-04-11 15:46:02,874 -   [ALNS Iter 12] Related Destroy phá vỡ giới hạn -> BEST MỚI: 1352.00
2026-04-11 15:46:04,171 -   [GLS Iter 21] Cập nhật ma trận phạt do kẹt tải trọng liên tục.
2026-04-11 15:46:05,630 -   [ALNS Iter 29] Related Destroy phá vỡ giới hạn -> BEST MỚI: 1350.00
2026-04-11 15:46:07,521 -   [GLS Iter 41] Cập nhật ma trận phạt để thay đổi hướng đi.
2026-04-11 15:46:08,499 -   [ALNS Iter 47] Related Destroy phá vỡ giới hạn -> BEST MỚI: 1344.00
2026-04-11 15:46:09,196 -   [ALNS Iter 50] Related Destroy phá vỡ giới hạn -> BEST MỚI: 1332.00
2026-04-11 15:46:18,111 -   [ALNS Iter 85] Related Destroy phá vỡ giới hạn -> BEST MỚI: 1331.00
2026-04-11 15:46:25,534 -   [GLS Iter 121] Cập nhật ma trận phạt để thay đổi hướng đi.
2026-04-11 15:46:33,101 - === KẾT THÚC CHẶNG 3 | Cost xuất sắc nhất đạt được: 1331.00 ===
2026-04-11 15:46:33,101 - === BẮT ĐẦU CHẶNG 4: MAX-SAT CHÍNH XÁC | Cost: 1331.00 ===
2026-04-11 15:46:33,101 -   [GĐ 4.1] Giải bài toán TSP trên từng tuyến đơn...
2026-04-11 15:46:46,051 -   [GĐ 4.2] Xét từng cặp tuyến để phân bổ lại khách hàng...
2026-04-11 15:46:46,051 -   --- Pairwise Iter 1 (còn 1155s) ---
2026-04-11 15:47:46,055 -     [P-Timeout 60.0s]
2026-04-11 15:48:46,068 -     [P-Timeout 60.0s]
2026-04-11 15:49:46,079 -     [P-Timeout 60.0s]
2026-04-11 15:50:46,092 -     [P-Timeout 60.0s]
2026-04-11 15:51:46,107 -     [P-Timeout 60.0s]
2026-04-11 15:52:46,122 -     [P-Timeout 60.0s]
2026-04-11 15:53:46,134 -     [P-Timeout 60.0s]
2026-04-11 15:54:46,144 -     [P-Timeout 60.0s]
2026-04-11 15:55:46,159 -     [P-Timeout 60.0s]
2026-04-11 15:56:46,174 -     [P-Timeout 60.0s]
2026-04-11 15:57:46,186 -     [P-Timeout 60.0s]
2026-04-11 15:58:46,201 -     [P-Timeout 60.0s]
2026-04-11 15:59:46,215 -     [P-Timeout 60.0s]
2026-04-11 16:00:46,226 -     [P-Timeout 60.0s]
2026-04-11 16:01:46,238 -     [P-Timeout 60.0s]
2026-04-11 16:02:46,250 -     [P-Timeout 60.0s]
2026-04-11 16:03:46,265 -     [P-Timeout 60.0s]
2026-04-11 16:04:46,277 -     [P-Timeout 60.0s]
2026-04-11 16:05:46,289 -     [P-Timeout 60.0s]
2026-04-11 16:05:58,742 -     [P-Timeout 12.4s]
2026-04-11 16:05:58,748 -     -> Đã đạt cực trị toàn cục cho mọi cặp dưới ngưỡng. KẾT THÚC CHẶNG 4.
2026-04-11 16:05:58,749 - HOÀN THÀNH PIPELINE. Final cost=1331.00 | Time=1198.0s
2026-04-11 16:05:58,749 - ======================================================================
2026-04-11 16:05:58,749 - CW Khởi tạo = 1674 → Sau Pipeline = 1331
2026-04-11 16:05:58,749 - Cải thiện so CW: 343
2026-04-11 16:05:58,749 - Tổng thời gian: 1198.0s
2026-04-11 16:05:58,749 - Verified cost: 1331
2026-04-11 16:05:58,750 - ======================================================================
2026-04-11 16:05:58,750 - FILE: A-n64-k9.vrp
2026-04-11 16:05:58,750 - ======================================================================
2026-04-11 16:05:58,757 - Dim=64 K=9 Cap=100
2026-04-11 16:05:58,757 - --- Step 1: Clarke-Wright Heuristic ---
2026-04-11 16:05:58,761 -   cost=1680 time=0.00s
2026-04-11 16:05:58,762 - --- Step 2, 3, 4: Advanced Optimization Pipeline ---
2026-04-11 16:05:58,762 - =========================================
2026-04-11 16:05:58,762 - BẮT ĐẦU TUYẾN TRÌNH TỐI ƯU (PIPELINE)
2026-04-11 16:05:58,762 - =========================================
2026-04-11 16:05:58,762 - === GIAI ĐOẠN 2: LOCAL SEARCH ĐA TOÁN TỬ | Bắt đầu: 1680.00 ===
2026-04-11 16:05:58,882 -   [LS Iter 1] Cải thiện cost: 1680.00 -> 1483.00
2026-04-11 16:05:58,999 -   [LS Iter 2] Cải thiện cost: 1483.00 -> 1464.00
2026-04-11 16:05:59,103 -   [LS Iter 3] Cải thiện cost: 1464.00 -> 1455.00
2026-04-11 16:05:59,207 -   [LS Iter 4] Cải thiện cost: 1455.00 -> 1450.00
2026-04-11 16:05:59,311 -   [LS Iter 5] Cải thiện cost: 1450.00 -> 1449.00
2026-04-11 16:05:59,418 - === KẾT THÚC GIAI ĐOẠN 2 | Đạt cực trị tại: 1449.00 ===
2026-04-11 16:05:59,418 - === BẮT ĐẦU CHẶNG 3: ALNS + GLS | Vòng lặp: 150 | Cost: 1449.00 ===
2026-04-11 16:05:59,869 -   [ALNS Iter 3] Related Destroy phá vỡ giới hạn -> BEST MỚI: 1442.00
2026-04-11 16:06:03,851 -   [GLS Iter 21] Cập nhật ma trận phạt để thay đổi hướng đi.
2026-04-11 16:06:10,518 -   [ALNS Iter 44] Related Destroy phá vỡ giới hạn -> BEST MỚI: 1440.00
2026-04-11 16:06:11,655 -   [ALNS Iter 48] Related Destroy phá vỡ giới hạn -> BEST MỚI: 1436.00
2026-04-11 16:06:13,064 -   [ALNS Iter 53] Related Destroy phá vỡ giới hạn -> BEST MỚI: 1434.00
2026-04-11 16:06:24,777 -   [GLS Iter 101] Cập nhật ma trận phạt để thay đổi hướng đi.
2026-04-11 16:06:37,564 - === KẾT THÚC CHẶNG 3 | Cost xuất sắc nhất đạt được: 1434.00 ===
2026-04-11 16:06:37,564 - === BẮT ĐẦU CHẶNG 4: MAX-SAT CHÍNH XÁC | Cost: 1434.00 ===
2026-04-11 16:06:37,564 -   [GĐ 4.1] Giải bài toán TSP trên từng tuyến đơn...
2026-04-11 16:07:21,550 -   [GĐ 4.2] Xét từng cặp tuyến để phân bổ lại khách hàng...
2026-04-11 16:07:21,551 -   --- Pairwise Iter 1 (còn 1117s) ---
2026-04-11 16:08:21,555 -     [P-Timeout 60.0s]
2026-04-11 16:09:21,568 -     [P-Timeout 60.0s]
2026-04-11 16:10:21,579 -     [P-Timeout 60.0s]
2026-04-11 16:11:21,594 -     [P-Timeout 60.0s]
2026-04-11 16:12:21,604 -     [P-Timeout 60.0s]
2026-04-11 16:13:21,621 -     [P-Timeout 60.0s]
2026-04-11 16:14:21,635 -     [P-Timeout 60.0s]
2026-04-11 16:15:21,647 -     [P-Timeout 60.0s]
2026-04-11 16:16:21,659 -     [P-Timeout 60.0s]
2026-04-11 16:17:21,670 -     [P-Timeout 60.0s]
2026-04-11 16:18:21,686 -     [P-Timeout 60.0s]
2026-04-11 16:19:21,699 -     [P-Timeout 60.0s]
2026-04-11 16:20:21,717 -     [P-Timeout 60.0s]
2026-04-11 16:21:21,730 -     [P-Timeout 60.0s]
2026-04-11 16:22:21,742 -     [P-Timeout 60.0s]
2026-04-11 16:23:21,754 -     [P-Timeout 60.0s]
2026-04-11 16:24:21,766 -     [P-Timeout 60.0s]
2026-04-11 16:25:21,781 -     [P-Timeout 60.0s]
2026-04-11 16:25:56,765 -     [P-Timeout 35.0s]
2026-04-11 16:25:56,779 -     -> Đã đạt cực trị toàn cục cho mọi cặp dưới ngưỡng. KẾT THÚC CHẶNG 4.
2026-04-11 16:25:56,779 - HOÀN THÀNH PIPELINE. Final cost=1434.00 | Time=1198.0s
2026-04-11 16:25:56,779 - ======================================================================
2026-04-11 16:25:56,779 - CW Khởi tạo = 1680 → Sau Pipeline = 1434
2026-04-11 16:25:56,779 - Cải thiện so CW: 246
2026-04-11 16:25:56,779 - Tổng thời gian: 1198.0s
2026-04-11 16:25:56,779 - Verified cost: 1434
2026-04-11 16:25:56,780 - ======================================================================
2026-04-11 16:25:56,781 - FILE: A-n65-k9.vrp
2026-04-11 16:25:56,781 - ======================================================================
2026-04-11 16:25:56,787 - Dim=65 K=9 Cap=100
2026-04-11 16:25:56,788 - --- Step 1: Clarke-Wright Heuristic ---
2026-04-11 16:25:56,792 -   cost=1769 time=0.00s
2026-04-11 16:25:56,792 - --- Step 2, 3, 4: Advanced Optimization Pipeline ---
2026-04-11 16:25:56,792 - =========================================
2026-04-11 16:25:56,793 - BẮT ĐẦU TUYẾN TRÌNH TỐI ƯU (PIPELINE)
2026-04-11 16:25:56,793 - =========================================
2026-04-11 16:25:56,793 - === GIAI ĐOẠN 2: LOCAL SEARCH ĐA TOÁN TỬ | Bắt đầu: 1769.00 ===
2026-04-11 16:25:56,905 -   [LS Iter 1] Cải thiện cost: 1769.00 -> 1350.00
2026-04-11 16:25:56,996 -   [LS Iter 2] Cải thiện cost: 1350.00 -> 1348.00
2026-04-11 16:25:57,084 - === KẾT THÚC GIAI ĐOẠN 2 | Đạt cực trị tại: 1348.00 ===
2026-04-11 16:25:57,084 - === BẮT ĐẦU CHẶNG 3: ALNS + GLS | Vòng lặp: 150 | Cost: 1348.00 ===
2026-04-11 16:25:57,592 -   [ALNS Iter 3] Related Destroy phá vỡ giới hạn -> BEST MỚI: 1251.00
2026-04-11 16:25:57,899 -   [ALNS Iter 5] Related Destroy phá vỡ giới hạn -> BEST MỚI: 1208.00
2026-04-11 16:26:02,635 -   [GLS Iter 41] Cập nhật ma trận phạt do kẹt tải trọng liên tục.
2026-04-11 16:26:03,372 -   [ALNS Iter 45] Worst Destroy phá vỡ giới hạn -> BEST MỚI: 1206.00
2026-04-11 16:26:03,638 -   [ALNS Iter 46] Worst Destroy phá vỡ giới hạn -> BEST MỚI: 1185.00
2026-04-11 16:26:06,135 -   [ALNS Iter 61] Related Destroy phá vỡ giới hạn -> BEST MỚI: 1184.00
2026-04-11 16:26:13,743 -   [GLS Iter 121] Cập nhật ma trận phạt để thay đổi hướng đi.
2026-04-11 16:26:17,943 - === KẾT THÚC CHẶNG 3 | Cost xuất sắc nhất đạt được: 1184.00 ===
2026-04-11 16:26:17,943 - === BẮT ĐẦU CHẶNG 4: MAX-SAT CHÍNH XÁC | Cost: 1184.00 ===
2026-04-11 16:26:17,943 -   [GĐ 4.1] Giải bài toán TSP trên từng tuyến đơn...
2026-04-11 16:26:30,378 -   [GĐ 4.2] Xét từng cặp tuyến để phân bổ lại khách hàng...
2026-04-11 16:26:30,378 -   --- Pairwise Iter 1 (còn 1166s) ---
2026-04-11 16:27:30,382 -     [P-Timeout 60.0s]
2026-04-11 16:28:30,398 -     [P-Timeout 60.0s]
2026-04-11 16:29:30,410 -     [P-Timeout 60.0s]
2026-04-11 16:30:30,423 -     [P-Timeout 60.0s]
2026-04-11 16:31:30,439 -     [P-Timeout 60.0s]
2026-04-11 16:32:30,454 -     [P-Timeout 60.0s]
2026-04-11 16:33:30,469 -     [P-Timeout 60.0s]
2026-04-11 16:34:30,480 -     [P-Timeout 60.0s]
2026-04-11 16:35:30,496 -     [P-Timeout 60.0s]
2026-04-11 16:36:30,510 -     [P-Timeout 60.0s]
2026-04-11 16:37:30,524 -     [P-Timeout 60.0s]
2026-04-11 16:38:30,541 -     [P-Timeout 60.0s]
2026-04-11 16:39:30,553 -     [P-Timeout 60.0s]
2026-04-11 16:40:30,565 -     [P-Timeout 60.0s]
2026-04-11 16:41:30,583 -     [P-Timeout 60.0s]
2026-04-11 16:42:30,598 -     [P-Timeout 60.0s]
2026-04-11 16:43:30,613 -     [P-Timeout 60.0s]
2026-04-11 16:44:30,628 -     [P-Timeout 60.0s]
2026-04-11 16:45:30,646 -     [P-Timeout 60.0s]
2026-04-11 16:45:54,796 -     [P-Timeout 24.1s]
2026-04-11 16:45:54,808 -     -> Đã đạt cực trị toàn cục cho mọi cặp dưới ngưỡng. KẾT THÚC CHẶNG 4.
2026-04-11 16:45:54,808 - HOÀN THÀNH PIPELINE. Final cost=1184.00 | Time=1198.0s
2026-04-11 16:45:54,808 - ======================================================================
2026-04-11 16:45:54,808 - CW Khởi tạo = 1769 → Sau Pipeline = 1184
2026-04-11 16:45:54,808 - Cải thiện so CW: 585
2026-04-11 16:45:54,808 - Tổng thời gian: 1198.0s
2026-04-11 16:45:54,808 - Verified cost: 1184
2026-04-11 16:45:54,810 - ======================================================================
2026-04-11 16:45:54,810 - FILE: A-n69-k9.vrp
2026-04-11 16:45:54,810 - ======================================================================
2026-04-11 16:45:54,817 - Dim=69 K=9 Cap=100
2026-04-11 16:45:54,817 - --- Step 1: Clarke-Wright Heuristic ---
2026-04-11 16:45:54,825 -   cost=1506 time=0.01s
2026-04-11 16:45:54,825 - --- Step 2, 3, 4: Advanced Optimization Pipeline ---
2026-04-11 16:45:54,825 - =========================================
2026-04-11 16:45:54,825 - BẮT ĐẦU TUYẾN TRÌNH TỐI ƯU (PIPELINE)
2026-04-11 16:45:54,825 - =========================================
2026-04-11 16:45:54,825 - === GIAI ĐOẠN 2: LOCAL SEARCH ĐA TOÁN TỬ | Bắt đầu: 1506.00 ===
2026-04-11 16:45:54,995 -   [LS Iter 1] Cải thiện cost: 1506.00 -> 1308.00
2026-04-11 16:45:55,122 -   [LS Iter 2] Cải thiện cost: 1308.00 -> 1266.00
2026-04-11 16:45:55,251 -   [LS Iter 3] Cải thiện cost: 1266.00 -> 1241.00
2026-04-11 16:45:55,384 -   [LS Iter 4] Cải thiện cost: 1241.00 -> 1211.00
2026-04-11 16:45:55,523 -   [LS Iter 5] Cải thiện cost: 1211.00 -> 1210.00
2026-04-11 16:45:55,661 - === KẾT THÚC GIAI ĐOẠN 2 | Đạt cực trị tại: 1210.00 ===
2026-04-11 16:45:55,662 - === BẮT ĐẦU CHẶNG 3: ALNS + GLS | Vòng lặp: 150 | Cost: 1210.00 ===
2026-04-11 16:45:59,270 -   [ALNS Iter 8] Related Destroy phá vỡ giới hạn -> BEST MỚI: 1189.00
2026-04-11 16:46:07,168 -   [ALNS Iter 27] Random Destroy phá vỡ giới hạn -> BEST MỚI: 1188.00
2026-04-11 16:46:28,006 -   [GLS Iter 81] Cập nhật ma trận phạt để thay đổi hướng đi.
2026-04-11 16:46:35,050 -   [ALNS Iter 102] Random Destroy phá vỡ giới hạn -> BEST MỚI: 1187.00
2026-04-11 16:46:47,378 -   [GLS Iter 141] Cập nhật ma trận phạt để thay đổi hướng đi.
2026-04-11 16:46:48,176 -   [ALNS Iter 144] Related Destroy phá vỡ giới hạn -> BEST MỚI: 1185.00
2026-04-11 16:46:48,833 -   [ALNS Iter 145] Related Destroy phá vỡ giới hạn -> BEST MỚI: 1183.00
2026-04-11 16:46:50,087 - === KẾT THÚC CHẶNG 3 | Cost xuất sắc nhất đạt được: 1183.00 ===
2026-04-11 16:46:50,087 - === BẮT ĐẦU CHẶNG 4: MAX-SAT CHÍNH XÁC | Cost: 1183.00 ===
2026-04-11 16:46:50,091 -   [GĐ 4.1] Giải bài toán TSP trên từng tuyến đơn...
2026-04-11 16:47:32,958 -     [S-Timeout 40.0s]
2026-04-11 16:47:41,119 -   [GĐ 4.2] Xét từng cặp tuyến để phân bổ lại khách hàng...
2026-04-11 16:47:41,120 -   --- Pairwise Iter 1 (còn 1094s) ---
2026-04-11 16:48:41,124 -     [P-Timeout 60.0s]
2026-04-11 16:49:41,136 -     [P-Timeout 60.0s]
2026-04-11 16:50:41,150 -     [P-Timeout 60.0s]
2026-04-11 16:51:41,163 -     [P-Timeout 60.0s]
2026-04-11 16:52:41,175 -     [P-Timeout 60.0s]
2026-04-11 16:53:41,189 -     [P-Timeout 60.0s]
2026-04-11 16:54:41,205 -     [P-Timeout 60.0s]
2026-04-11 16:55:41,217 -     [P-Timeout 60.0s]
2026-04-11 16:56:41,234 -     [P-Timeout 60.0s]
2026-04-11 16:57:41,250 -     [P-Timeout 60.0s]
2026-04-11 16:58:41,265 -     [P-Timeout 60.0s]
2026-04-11 16:59:41,280 -     [P-Timeout 60.0s]
2026-04-11 17:00:41,295 -     [P-Timeout 60.0s]
2026-04-11 17:01:41,306 -     [P-Timeout 60.0s]
2026-04-11 17:02:41,321 -     [P-Timeout 60.0s]
2026-04-11 17:03:41,337 -     [P-Timeout 60.0s]
2026-04-11 17:04:41,356 -     [P-Timeout 60.0s]
2026-04-11 17:05:41,370 -     [P-Timeout 60.0s]
2026-04-11 17:05:52,828 -     [P-Timeout 11.4s]
2026-04-11 17:05:52,837 -     -> Đã đạt cực trị toàn cục cho mọi cặp dưới ngưỡng. KẾT THÚC CHẶNG 4.
2026-04-11 17:05:52,837 - HOÀN THÀNH PIPELINE. Final cost=1183.00 | Time=1198.0s
2026-04-11 17:05:52,837 - ======================================================================
2026-04-11 17:05:52,837 - CW Khởi tạo = 1506 → Sau Pipeline = 1183
2026-04-11 17:05:52,838 - Cải thiện so CW: 323
2026-04-11 17:05:52,838 - Tổng thời gian: 1198.0s
2026-04-11 17:05:52,838 - Verified cost: 1183
2026-04-11 17:05:52,839 - ======================================================================
2026-04-11 17:05:52,839 - FILE: A-n80-k10.vrp
2026-04-11 17:05:52,839 - ======================================================================
2026-04-11 17:05:52,850 - Dim=80 K=10 Cap=100
2026-04-11 17:05:52,850 - --- Step 1: Clarke-Wright Heuristic ---
2026-04-11 17:05:52,856 -   cost=2263 time=0.01s
2026-04-11 17:05:52,857 - --- Step 2, 3, 4: Advanced Optimization Pipeline ---
2026-04-11 17:05:52,857 - =========================================
2026-04-11 17:05:52,857 - BẮT ĐẦU TUYẾN TRÌNH TỐI ƯU (PIPELINE)
2026-04-11 17:05:52,857 - =========================================
2026-04-11 17:05:52,857 - === GIAI ĐOẠN 2: LOCAL SEARCH ĐA TOÁN TỬ | Bắt đầu: 2263.00 ===
2026-04-11 17:05:53,085 -   [LS Iter 1] Cải thiện cost: 2263.00 -> 1979.00
2026-04-11 17:05:53,270 -   [LS Iter 2] Cải thiện cost: 1979.00 -> 1924.00
2026-04-11 17:05:53,464 -   [LS Iter 3] Cải thiện cost: 1924.00 -> 1911.00
2026-04-11 17:05:53,670 -   [LS Iter 4] Cải thiện cost: 1911.00 -> 1903.00
2026-04-11 17:05:53,878 -   [LS Iter 5] Cải thiện cost: 1903.00 -> 1900.00
2026-04-11 17:05:54,078 -   [LS Iter 6] Cải thiện cost: 1900.00 -> 1899.00
2026-04-11 17:05:54,267 - === KẾT THÚC GIAI ĐOẠN 2 | Đạt cực trị tại: 1899.00 ===
2026-04-11 17:05:54,267 - === BẮT ĐẦU CHẶNG 3: ALNS + GLS | Vòng lặp: 150 | Cost: 1899.00 ===
2026-04-11 17:05:55,483 -   [ALNS Iter 1] Random Destroy phá vỡ giới hạn -> BEST MỚI: 1871.00
2026-04-11 17:05:55,839 -   [ALNS Iter 3] Random Destroy phá vỡ giới hạn -> BEST MỚI: 1866.00
2026-04-11 17:05:58,906 -   [ALNS Iter 10] Random Destroy phá vỡ giới hạn -> BEST MỚI: 1845.00
2026-04-11 17:06:06,473 -   [ALNS Iter 33] Related Destroy phá vỡ giới hạn -> BEST MỚI: 1827.00
2026-04-11 17:06:07,852 -   [ALNS Iter 35] Random Destroy phá vỡ giới hạn -> BEST MỚI: 1822.00
2026-04-11 17:06:09,863 -   [GLS Iter 41] Cập nhật ma trận phạt do kẹt tải trọng liên tục.
2026-04-11 17:06:12,481 -   [ALNS Iter 49] Random Destroy phá vỡ giới hạn -> BEST MỚI: 1818.00
2026-04-11 17:06:14,615 -   [ALNS Iter 54] Related Destroy phá vỡ giới hạn -> BEST MỚI: 1810.00
2026-04-11 17:06:27,494 -   [GLS Iter 81] Cập nhật ma trận phạt để thay đổi hướng đi.
2026-04-11 17:06:55,534 -   [GLS Iter 141] Cập nhật ma trận phạt để thay đổi hướng đi.
2026-04-11 17:07:00,947 - === KẾT THÚC CHẶNG 3 | Cost xuất sắc nhất đạt được: 1810.00 ===
2026-04-11 17:07:00,947 - === BẮT ĐẦU CHẶNG 4: MAX-SAT CHÍNH XÁC | Cost: 1810.00 ===
2026-04-11 17:07:00,947 -   [GĐ 4.1] Giải bài toán TSP trên từng tuyến đơn...
2026-04-11 17:08:35,291 -     [S-Timeout 40.0s]
2026-04-11 17:08:44,119 -   [GĐ 4.2] Xét từng cặp tuyến để phân bổ lại khách hàng...
2026-04-11 17:08:44,119 -   --- Pairwise Iter 1 (còn 1029s) ---
2026-04-11 17:09:44,128 -     [P-Timeout 60.0s]
2026-04-11 17:10:44,141 -     [P-Timeout 60.0s]
2026-04-11 17:11:44,156 -     [P-Timeout 60.0s]
2026-04-11 17:12:44,171 -     [P-Timeout 60.0s]
2026-04-11 17:13:44,184 -     [P-Timeout 60.0s]
2026-04-11 17:14:44,196 -     [P-Timeout 60.0s]
2026-04-11 17:15:44,210 -     [P-Timeout 60.0s]
2026-04-11 17:16:44,223 -     [P-Timeout 60.0s]
2026-04-11 17:17:44,238 -     [P-Timeout 60.0s]
2026-04-11 17:18:44,255 -     [P-Timeout 60.0s]
2026-04-11 17:19:44,268 -     [P-Timeout 60.0s]
2026-04-11 17:20:44,285 -     [P-Timeout 60.0s]
2026-04-11 17:21:44,299 -     [P-Timeout 60.0s]
2026-04-11 17:22:44,313 -     [P-Timeout 60.0s]
2026-04-11 17:23:44,330 -     [P-Timeout 60.0s]
2026-04-11 17:24:44,347 -     [P-Timeout 60.0s]
2026-04-11 17:25:44,359 -     [P-Timeout 60.0s]
2026-04-11 17:25:50,860 -     [P-Timeout 6.5s]
2026-04-11 17:25:50,870 -     -> Đã đạt cực trị toàn cục cho mọi cặp dưới ngưỡng. KẾT THÚC CHẶNG 4.
2026-04-11 17:25:50,870 - HOÀN THÀNH PIPELINE. Final cost=1810.00 | Time=1198.0s
2026-04-11 17:25:50,870 - ======================================================================
2026-04-11 17:25:50,870 - CW Khởi tạo = 2263 → Sau Pipeline = 1810
2026-04-11 17:25:50,870 - Cải thiện so CW: 453
2026-04-11 17:25:50,870 - Tổng thời gian: 1198.0s
2026-04-11 17:25:50,870 - Verified cost: 1810
