2026-04-04 17:01:42,391 - ======================================================================
2026-04-04 17:01:42,392 - FILE: B-n31-k5.vrp
2026-04-04 17:01:42,392 - ======================================================================
2026-04-04 17:01:42,393 - Dim=31 K=5 Cap=100
2026-04-04 17:01:42,393 - --- Step 1: Clarke-Wright Heuristic ---
2026-04-04 17:01:42,394 -   cost=748 time=0.00s
2026-04-04 17:01:42,394 - --- Step 2, 3, 4: Advanced Optimization Pipeline ---
2026-04-04 17:01:42,394 - =========================================
2026-04-04 17:01:42,394 - BẮT ĐẦU TUYẾN TRÌNH TỐI ƯU (PIPELINE)
2026-04-04 17:01:42,394 - =========================================
2026-04-04 17:01:42,394 - === GIAI ĐOẠN 2: LOCAL SEARCH ĐA TOÁN TỬ | Bắt đầu: 748.00 ===
2026-04-04 17:01:42,430 -   [LS Iter 1] Cải thiện cost: 748.00 -> 683.00
2026-04-04 17:01:42,457 -   [LS Iter 2] Cải thiện cost: 683.00 -> 677.00
2026-04-04 17:01:42,483 - === KẾT THÚC GIAI ĐOẠN 2 | Đạt cực trị tại: 677.00 ===
2026-04-04 17:01:42,483 - === BẮT ĐẦU CHẶNG 3: ALNS + GLS | Vòng lặp: 150 | Cost: 677.00 ===
2026-04-04 17:01:43,795 -   [ALNS Iter 20] Related Destroy phá vỡ giới hạn -> BEST MỚI: 676.00
2026-04-04 17:01:44,655 -   [GLS Iter 41] Cập nhật ma trận phạt để thay đổi hướng đi.
2026-04-04 17:01:48,294 -   [GLS Iter 101] Cập nhật ma trận phạt để thay đổi hướng đi.
2026-04-04 17:01:51,311 - === KẾT THÚC CHẶNG 3 | Cost xuất sắc nhất đạt được: 676.00 ===
2026-04-04 17:01:51,312 - === BẮT ĐẦU CHẶNG 4: MAX-SAT CHÍNH XÁC | Cost: 676.00 ===
2026-04-04 17:01:51,312 -   [GĐ 4.1] Giải bài toán TSP trên từng tuyến đơn...
2026-04-04 17:01:51,422 -   [GĐ 4.2] Xét từng cặp tuyến để phân bổ lại khách hàng...
2026-04-04 17:01:51,424 -   --- Pairwise Iter 1 (còn 1191s) ---
2026-04-04 17:03:07,380 -     [P-Timeout 60.0s]
2026-04-04 17:04:54,697 -     [P-Timeout 60.0s]
2026-04-04 17:06:00,347 -     [P-Timeout 60.0s]
2026-04-04 17:07:00,361 -     [P-Timeout 60.0s]
2026-04-04 17:08:00,375 -     [P-Timeout 60.0s]
2026-04-04 17:09:00,387 -     [P-Timeout 60.0s]
2026-04-04 17:09:00,397 -     -> Đã đạt cực trị toàn cục cho mọi cặp dưới ngưỡng. KẾT THÚC CHẶNG 4.
2026-04-04 17:09:00,397 - HOÀN THÀNH PIPELINE. Final cost=676.00 | Time=438.0s
2026-04-04 17:09:00,397 - ======================================================================
2026-04-04 17:09:00,397 - CW Khởi tạo = 748 → Sau Pipeline = 676
2026-04-04 17:09:00,397 - Cải thiện so CW: 72
2026-04-04 17:09:00,397 - Tổng thời gian: 438.0s
2026-04-04 17:09:00,397 - Verified cost: 676
2026-04-04 17:09:00,398 - ======================================================================
2026-04-04 17:09:00,399 - FILE: B-n34-k5.vrp
2026-04-04 17:09:00,399 - ======================================================================
2026-04-04 17:09:00,401 - Dim=34 K=5 Cap=100
2026-04-04 17:09:00,401 - --- Step 1: Clarke-Wright Heuristic ---
2026-04-04 17:09:00,402 -   cost=936 time=0.00s
2026-04-04 17:09:00,402 - --- Step 2, 3, 4: Advanced Optimization Pipeline ---
2026-04-04 17:09:00,402 - =========================================
2026-04-04 17:09:00,402 - BẮT ĐẦU TUYẾN TRÌNH TỐI ƯU (PIPELINE)
2026-04-04 17:09:00,402 - =========================================
2026-04-04 17:09:00,402 - === GIAI ĐOẠN 2: LOCAL SEARCH ĐA TOÁN TỬ | Bắt đầu: 936.00 ===
2026-04-04 17:09:00,442 -   [LS Iter 1] Cải thiện cost: 936.00 -> 821.00
2026-04-04 17:09:00,476 -   [LS Iter 2] Cải thiện cost: 821.00 -> 808.00
2026-04-04 17:09:00,507 -   [LS Iter 3] Cải thiện cost: 808.00 -> 799.00
2026-04-04 17:09:00,538 -   [LS Iter 4] Cải thiện cost: 799.00 -> 791.00
2026-04-04 17:09:00,567 - === KẾT THÚC GIAI ĐOẠN 2 | Đạt cực trị tại: 791.00 ===
2026-04-04 17:09:00,567 - === BẮT ĐẦU CHẶNG 3: ALNS + GLS | Vòng lặp: 150 | Cost: 791.00 ===
2026-04-04 17:09:01,708 -   [GLS Iter 21] Cập nhật ma trận phạt để thay đổi hướng đi.
2026-04-04 17:09:02,348 -   [ALNS Iter 33] Random Destroy phá vỡ giới hạn -> BEST MỚI: 789.00
2026-04-04 17:09:04,709 -   [GLS Iter 81] Cập nhật ma trận phạt để thay đổi hướng đi.
2026-04-04 17:09:04,984 -   [ALNS Iter 85] Random Destroy phá vỡ giới hạn -> BEST MỚI: 788.00
2026-04-04 17:09:04,984 -   [ALNS] 🎉 Đã chạm mốc BKS (788.0). Ngắt vòng lặp ALNS sớm!
2026-04-04 17:09:04,984 - === KẾT THÚC CHẶNG 3 | Cost xuất sắc nhất đạt được: 788.00 ===
2026-04-04 17:09:04,984 - 🎉 ĐÃ ĐẠT NGHIỆM TỐI ƯU TOÀN CỤC (BKS = 788.0). DỪNG SỚM!
2026-04-04 17:09:04,984 - ======================================================================
2026-04-04 17:09:04,984 - CW Khởi tạo = 936 → Sau Pipeline = 788
2026-04-04 17:09:04,984 - Cải thiện so CW: 148
2026-04-04 17:09:04,984 - Tổng thời gian: 4.6s
2026-04-04 17:09:04,984 - Verified cost: 788
2026-04-04 17:09:04,985 - ======================================================================
2026-04-04 17:09:04,985 - FILE: B-n35-k5.vrp
2026-04-04 17:09:04,985 - ======================================================================
2026-04-04 17:09:04,987 - Dim=35 K=5 Cap=100
2026-04-04 17:09:04,987 - --- Step 1: Clarke-Wright Heuristic ---
2026-04-04 17:09:04,988 -   cost=1016 time=0.00s
2026-04-04 17:09:04,988 - --- Step 2, 3, 4: Advanced Optimization Pipeline ---
2026-04-04 17:09:04,988 - =========================================
2026-04-04 17:09:04,988 - BẮT ĐẦU TUYẾN TRÌNH TỐI ƯU (PIPELINE)
2026-04-04 17:09:04,988 - =========================================
2026-04-04 17:09:04,988 - === GIAI ĐOẠN 2: LOCAL SEARCH ĐA TOÁN TỬ | Bắt đầu: 1016.00 ===
2026-04-04 17:09:05,027 -   [LS Iter 1] Cải thiện cost: 1016.00 -> 965.00
2026-04-04 17:09:05,061 -   [LS Iter 2] Cải thiện cost: 965.00 -> 959.00
2026-04-04 17:09:05,095 -   [LS Iter 3] Cải thiện cost: 959.00 -> 958.00
2026-04-04 17:09:05,127 -   [LS Iter 4] Cải thiện cost: 958.00 -> 956.00
2026-04-04 17:09:05,158 -   [LS Iter 5] Cải thiện cost: 956.00 -> 955.00
2026-04-04 17:09:05,189 - === KẾT THÚC GIAI ĐOẠN 2 | Đạt cực trị tại: 955.00 ===
2026-04-04 17:09:05,189 - === BẮT ĐẦU CHẶNG 3: ALNS + GLS | Vòng lặp: 150 | Cost: 955.00 ===
2026-04-04 17:09:05,189 -   [ALNS] 🎉 Đã chạm mốc BKS (955.0). Ngắt vòng lặp ALNS sớm!
2026-04-04 17:09:05,189 - === KẾT THÚC CHẶNG 3 | Cost xuất sắc nhất đạt được: 955.00 ===
2026-04-04 17:09:05,190 - 🎉 ĐÃ ĐẠT NGHIỆM TỐI ƯU TOÀN CỤC (BKS = 955.0). DỪNG SỚM!
2026-04-04 17:09:05,190 - ======================================================================
2026-04-04 17:09:05,190 - CW Khởi tạo = 1016 → Sau Pipeline = 955
2026-04-04 17:09:05,190 - Cải thiện so CW: 61
2026-04-04 17:09:05,190 - Tổng thời gian: 0.2s
2026-04-04 17:09:05,190 - Verified cost: 955
2026-04-04 17:09:05,190 - ======================================================================
2026-04-04 17:09:05,190 - FILE: B-n38-k6.vrp
2026-04-04 17:09:05,190 - ======================================================================
2026-04-04 17:09:05,192 - Dim=38 K=6 Cap=100
2026-04-04 17:09:05,193 - --- Step 1: Clarke-Wright Heuristic ---
2026-04-04 17:09:05,194 -   cost=961 time=0.00s
2026-04-04 17:09:05,194 - --- Step 2, 3, 4: Advanced Optimization Pipeline ---
2026-04-04 17:09:05,194 - =========================================
2026-04-04 17:09:05,194 - BẮT ĐẦU TUYẾN TRÌNH TỐI ƯU (PIPELINE)
2026-04-04 17:09:05,194 - =========================================
2026-04-04 17:09:05,194 - === GIAI ĐOẠN 2: LOCAL SEARCH ĐA TOÁN TỬ | Bắt đầu: 961.00 ===
2026-04-04 17:09:05,247 -   [LS Iter 1] Cải thiện cost: 961.00 -> 824.00
2026-04-04 17:09:05,293 -   [LS Iter 2] Cải thiện cost: 824.00 -> 815.00
2026-04-04 17:09:05,346 - === KẾT THÚC GIAI ĐOẠN 2 | Đạt cực trị tại: 815.00 ===
2026-04-04 17:09:05,346 - === BẮT ĐẦU CHẶNG 3: ALNS + GLS | Vòng lặp: 150 | Cost: 815.00 ===
2026-04-04 17:09:06,865 -   [GLS Iter 21] Cập nhật ma trận phạt để thay đổi hướng đi.
2026-04-04 17:09:09,412 -   [ALNS Iter 49] Related Destroy phá vỡ giới hạn -> BEST MỚI: 806.00
2026-04-04 17:09:09,742 -   [ALNS Iter 52] Worst Destroy phá vỡ giới hạn -> BEST MỚI: 805.00
2026-04-04 17:09:09,742 -   [ALNS] 🎉 Đã chạm mốc BKS (805.0). Ngắt vòng lặp ALNS sớm!
2026-04-04 17:09:09,743 - === KẾT THÚC CHẶNG 3 | Cost xuất sắc nhất đạt được: 805.00 ===
2026-04-04 17:09:09,743 - 🎉 ĐÃ ĐẠT NGHIỆM TỐI ƯU TOÀN CỤC (BKS = 805.0). DỪNG SỚM!
2026-04-04 17:09:09,743 - ======================================================================
2026-04-04 17:09:09,743 - CW Khởi tạo = 961 → Sau Pipeline = 805
2026-04-04 17:09:09,743 - Cải thiện so CW: 156
2026-04-04 17:09:09,743 - Tổng thời gian: 4.5s
2026-04-04 17:09:09,743 - Verified cost: 805
2026-04-04 17:09:09,743 - ======================================================================
2026-04-04 17:09:09,743 - FILE: B-n39-k5.vrp
2026-04-04 17:09:09,743 - ======================================================================
2026-04-04 17:09:09,746 - Dim=39 K=5 Cap=100
2026-04-04 17:09:09,746 - --- Step 1: Clarke-Wright Heuristic ---
2026-04-04 17:09:09,747 -   cost=695 time=0.00s
2026-04-04 17:09:09,747 - --- Step 2, 3, 4: Advanced Optimization Pipeline ---
2026-04-04 17:09:09,747 - =========================================
2026-04-04 17:09:09,747 - BẮT ĐẦU TUYẾN TRÌNH TỐI ƯU (PIPELINE)
2026-04-04 17:09:09,747 - =========================================
2026-04-04 17:09:09,747 - === GIAI ĐOẠN 2: LOCAL SEARCH ĐA TOÁN TỬ | Bắt đầu: 695.00 ===
2026-04-04 17:09:09,802 -   [LS Iter 1] Cải thiện cost: 695.00 -> 556.00
2026-04-04 17:09:09,850 -   [LS Iter 2] Cải thiện cost: 556.00 -> 555.00
2026-04-04 17:09:09,900 - === KẾT THÚC GIAI ĐOẠN 2 | Đạt cực trị tại: 555.00 ===
2026-04-04 17:09:09,900 - === BẮT ĐẦU CHẶNG 3: ALNS + GLS | Vòng lặp: 150 | Cost: 555.00 ===
2026-04-04 17:09:10,113 -   [ALNS Iter 2] Worst Destroy phá vỡ giới hạn -> BEST MỚI: 550.00
2026-04-04 17:09:14,088 -   [GLS Iter 41] Cập nhật ma trận phạt để thay đổi hướng đi.
2026-04-04 17:09:21,652 -   [GLS Iter 101] Cập nhật ma trận phạt để thay đổi hướng đi.
2026-04-04 17:09:27,583 - === KẾT THÚC CHẶNG 3 | Cost xuất sắc nhất đạt được: 550.00 ===
2026-04-04 17:09:27,584 - === BẮT ĐẦU CHẶNG 4: MAX-SAT CHÍNH XÁC | Cost: 550.00 ===
2026-04-04 17:09:27,584 -   [GĐ 4.1] Giải bài toán TSP trên từng tuyến đơn...
2026-04-04 17:09:30,909 -   [GĐ 4.2] Xét từng cặp tuyến để phân bổ lại khách hàng...
2026-04-04 17:09:30,909 -   --- Pairwise Iter 1 (còn 1179s) ---
2026-04-04 17:10:30,929 -     [P-Timeout 60.0s]
2026-04-04 17:11:30,944 -     [P-Timeout 60.0s]
2026-04-04 17:12:30,961 -     [P-Timeout 60.0s]
2026-04-04 17:13:30,976 -     [P-Timeout 60.0s]
2026-04-04 17:14:30,990 -     [P-Timeout 60.0s]
2026-04-04 17:15:31,005 -     [P-Timeout 60.0s]
2026-04-04 17:15:31,022 -     -> Đã đạt cực trị toàn cục cho mọi cặp dưới ngưỡng. KẾT THÚC CHẶNG 4.
2026-04-04 17:15:31,022 - HOÀN THÀNH PIPELINE. Final cost=550.00 | Time=381.3s
2026-04-04 17:15:31,022 - ======================================================================
2026-04-04 17:15:31,022 - CW Khởi tạo = 695 → Sau Pipeline = 550
2026-04-04 17:15:31,022 - Cải thiện so CW: 145
2026-04-04 17:15:31,022 - Tổng thời gian: 381.3s
2026-04-04 17:15:31,022 - Verified cost: 550
2026-04-04 17:15:31,023 - ======================================================================
2026-04-04 17:15:31,023 - FILE: B-n41-k6.vrp
2026-04-04 17:15:31,023 - ======================================================================
2026-04-04 17:15:31,031 - Dim=41 K=6 Cap=100
2026-04-04 17:15:31,031 - --- Step 1: Clarke-Wright Heuristic ---
2026-04-04 17:15:31,033 -   cost=981 time=0.00s
2026-04-04 17:15:31,033 - --- Step 2, 3, 4: Advanced Optimization Pipeline ---
2026-04-04 17:15:31,033 - =========================================
2026-04-04 17:15:31,033 - BẮT ĐẦU TUYẾN TRÌNH TỐI ƯU (PIPELINE)
2026-04-04 17:15:31,034 - =========================================
2026-04-04 17:15:31,034 - === GIAI ĐOẠN 2: LOCAL SEARCH ĐA TOÁN TỬ | Bắt đầu: 981.00 ===
2026-04-04 17:15:31,075 -   [LS Iter 1] Cải thiện cost: 981.00 -> 940.00
2026-04-04 17:15:31,115 -   [LS Iter 2] Cải thiện cost: 940.00 -> 932.00
2026-04-04 17:15:31,165 -   [LS Iter 3] Cải thiện cost: 932.00 -> 877.00
2026-04-04 17:15:31,203 -   [LS Iter 4] Cải thiện cost: 877.00 -> 873.00
2026-04-04 17:15:31,241 - === KẾT THÚC GIAI ĐOẠN 2 | Đạt cực trị tại: 873.00 ===
2026-04-04 17:15:31,241 - === BẮT ĐẦU CHẶNG 3: ALNS + GLS | Vòng lặp: 150 | Cost: 873.00 ===
2026-04-04 17:15:31,731 -   [ALNS Iter 4] Worst Destroy phá vỡ giới hạn -> BEST MỚI: 842.00
2026-04-04 17:15:36,387 -   [GLS Iter 61] Cập nhật ma trận phạt để thay đổi hướng đi.
2026-04-04 17:15:36,960 -   [ALNS Iter 66] Random Destroy phá vỡ giới hạn -> BEST MỚI: 840.00
2026-04-04 17:15:37,727 -   [ALNS Iter 74] Related Destroy phá vỡ giới hạn -> BEST MỚI: 839.00
2026-04-04 17:15:39,982 -   [GLS Iter 101] Cập nhật ma trận phạt để thay đổi hướng đi.
2026-04-04 17:15:44,728 - === KẾT THÚC CHẶNG 3 | Cost xuất sắc nhất đạt được: 839.00 ===
2026-04-04 17:15:44,729 - === BẮT ĐẦU CHẶNG 4: MAX-SAT CHÍNH XÁC | Cost: 839.00 ===
2026-04-04 17:15:44,729 -   [GĐ 4.1] Giải bài toán TSP trên từng tuyến đơn...
2026-04-04 17:15:45,822 -   [GĐ 4.2] Xét từng cặp tuyến để phân bổ lại khách hàng...
2026-04-04 17:15:45,822 -   --- Pairwise Iter 1 (còn 1185s) ---
2026-04-04 17:16:45,825 -     [P-Timeout 60.0s]
2026-04-04 17:17:45,840 -     [P-Timeout 60.0s]
2026-04-04 17:18:45,855 -     [P-Timeout 60.0s]
2026-04-04 17:19:45,871 -     [P-Timeout 60.0s]
2026-04-04 17:20:45,886 -     [P-Timeout 60.0s]
2026-04-04 17:21:45,898 -     [P-Timeout 60.0s]
2026-04-04 17:22:45,917 -     [P-Timeout 60.0s]
2026-04-04 17:23:45,941 -     [P-Timeout 60.0s]
2026-04-04 17:24:45,959 -     [P-Timeout 60.0s]
2026-04-04 17:25:45,980 -     [P-Timeout 60.0s]
2026-04-04 17:26:45,999 -     [P-Timeout 60.0s]
2026-04-04 17:27:46,018 -     [P-Timeout 60.0s]
2026-04-04 17:28:46,038 -     [P-Timeout 60.0s]
2026-04-04 17:29:46,055 -     [P-Timeout 60.0s]
2026-04-04 17:30:46,074 -     [P-Timeout 60.0s]
2026-04-04 17:30:46,087 -     -> Đã đạt cực trị toàn cục cho mọi cặp dưới ngưỡng. KẾT THÚC CHẶNG 4.
2026-04-04 17:30:46,087 - HOÀN THÀNH PIPELINE. Final cost=839.00 | Time=915.1s
2026-04-04 17:30:46,087 - ======================================================================
2026-04-04 17:30:46,088 - CW Khởi tạo = 981 → Sau Pipeline = 839
2026-04-04 17:30:46,088 - Cải thiện so CW: 142
2026-04-04 17:30:46,088 - Tổng thời gian: 915.1s
2026-04-04 17:30:46,088 - Verified cost: 839
2026-04-04 17:30:46,089 - ======================================================================
2026-04-04 17:30:46,089 - FILE: B-n43-k6.vrp
2026-04-04 17:30:46,089 - ======================================================================
2026-04-04 17:30:46,092 - Dim=43 K=6 Cap=100
2026-04-04 17:30:46,092 - --- Step 1: Clarke-Wright Heuristic ---
2026-04-04 17:30:46,094 -   cost=861 time=0.00s
2026-04-04 17:30:46,094 - --- Step 2, 3, 4: Advanced Optimization Pipeline ---
2026-04-04 17:30:46,094 - =========================================
2026-04-04 17:30:46,094 - BẮT ĐẦU TUYẾN TRÌNH TỐI ƯU (PIPELINE)
2026-04-04 17:30:46,094 - =========================================
2026-04-04 17:30:46,094 - === GIAI ĐOẠN 2: LOCAL SEARCH ĐA TOÁN TỬ | Bắt đầu: 861.00 ===
2026-04-04 17:30:46,158 -   [LS Iter 1] Cải thiện cost: 861.00 -> 787.00
2026-04-04 17:30:46,217 -   [LS Iter 2] Cải thiện cost: 787.00 -> 783.00
2026-04-04 17:30:46,277 -   [LS Iter 3] Cải thiện cost: 783.00 -> 766.00
2026-04-04 17:30:46,335 -   [LS Iter 4] Cải thiện cost: 766.00 -> 758.00
2026-04-04 17:30:46,387 -   [LS Iter 5] Cải thiện cost: 758.00 -> 757.00
2026-04-04 17:30:46,446 - === KẾT THÚC GIAI ĐOẠN 2 | Đạt cực trị tại: 757.00 ===
2026-04-04 17:30:46,446 - === BẮT ĐẦU CHẶNG 3: ALNS + GLS | Vòng lặp: 150 | Cost: 757.00 ===
2026-04-04 17:30:48,044 -   [ALNS Iter 12] Worst Destroy phá vỡ giới hạn -> BEST MỚI: 755.00
2026-04-04 17:30:48,232 -   [ALNS Iter 15] Worst Destroy phá vỡ giới hạn -> BEST MỚI: 752.00
2026-04-04 17:30:49,092 -   [GLS Iter 21] Cập nhật ma trận phạt để thay đổi hướng đi.
2026-04-04 17:30:50,435 -   [ALNS Iter 30] Worst Destroy phá vỡ giới hạn -> BEST MỚI: 746.00
2026-04-04 17:30:53,271 -   [ALNS Iter 47] Worst Destroy phá vỡ giới hạn -> BEST MỚI: 745.00
2026-04-04 17:30:59,483 -   [ALNS Iter 90] Related Destroy phá vỡ giới hạn -> BEST MỚI: 743.00
2026-04-04 17:31:00,226 -   [ALNS Iter 97] Related Destroy phá vỡ giới hạn -> BEST MỚI: 742.00
2026-04-04 17:31:00,227 -   [ALNS] 🎉 Đã chạm mốc BKS (742.0). Ngắt vòng lặp ALNS sớm!
2026-04-04 17:31:00,227 - === KẾT THÚC CHẶNG 3 | Cost xuất sắc nhất đạt được: 742.00 ===
2026-04-04 17:31:00,227 - 🎉 ĐÃ ĐẠT NGHIỆM TỐI ƯU TOÀN CỤC (BKS = 742.0). DỪNG SỚM!
2026-04-04 17:31:00,227 - ======================================================================
2026-04-04 17:31:00,227 - CW Khởi tạo = 861 → Sau Pipeline = 742
2026-04-04 17:31:00,227 - Cải thiện so CW: 119
2026-04-04 17:31:00,227 - Tổng thời gian: 14.1s
2026-04-04 17:31:00,228 - Verified cost: 742
2026-04-04 17:31:00,229 - ======================================================================
2026-04-04 17:31:00,229 - FILE: B-n44-k7.vrp
2026-04-04 17:31:00,229 - ======================================================================
2026-04-04 17:31:00,233 - Dim=44 K=7 Cap=100
2026-04-04 17:31:00,233 - --- Step 1: Clarke-Wright Heuristic ---
2026-04-04 17:31:00,235 -   cost=1103 time=0.00s
2026-04-04 17:31:00,235 - --- Step 2, 3, 4: Advanced Optimization Pipeline ---
2026-04-04 17:31:00,235 - =========================================
2026-04-04 17:31:00,236 - BẮT ĐẦU TUYẾN TRÌNH TỐI ƯU (PIPELINE)
2026-04-04 17:31:00,236 - =========================================
2026-04-04 17:31:00,236 - === GIAI ĐOẠN 2: LOCAL SEARCH ĐA TOÁN TỬ | Bắt đầu: 1103.00 ===
2026-04-04 17:31:00,291 -   [LS Iter 1] Cải thiện cost: 1103.00 -> 986.00
2026-04-04 17:31:00,341 -   [LS Iter 2] Cải thiện cost: 986.00 -> 981.00
2026-04-04 17:31:00,394 -   [LS Iter 3] Cải thiện cost: 981.00 -> 977.00
2026-04-04 17:31:00,446 -   [LS Iter 4] Cải thiện cost: 977.00 -> 976.00
2026-04-04 17:31:00,499 -   [LS Iter 5] Cải thiện cost: 976.00 -> 975.00
2026-04-04 17:31:00,547 - === KẾT THÚC GIAI ĐOẠN 2 | Đạt cực trị tại: 975.00 ===
2026-04-04 17:31:00,547 - === BẮT ĐẦU CHẶNG 3: ALNS + GLS | Vòng lặp: 150 | Cost: 975.00 ===
2026-04-04 17:31:00,686 -   [ALNS Iter 1] Random Destroy phá vỡ giới hạn -> BEST MỚI: 972.00
2026-04-04 17:31:01,542 -   [ALNS Iter 8] Random Destroy phá vỡ giới hạn -> BEST MỚI: 930.00
2026-04-04 17:31:02,151 -   [ALNS Iter 14] Related Destroy phá vỡ giới hạn -> BEST MỚI: 927.00
2026-04-04 17:31:03,522 -   [ALNS Iter 27] Related Destroy phá vỡ giới hạn -> BEST MỚI: 924.00
2026-04-04 17:31:09,463 -   [GLS Iter 81] Cập nhật ma trận phạt để thay đổi hướng đi.
2026-04-04 17:31:13,259 -   [ALNS Iter 110] Random Destroy phá vỡ giới hạn -> BEST MỚI: 909.00
2026-04-04 17:31:13,260 -   [ALNS] 🎉 Đã chạm mốc BKS (909.0). Ngắt vòng lặp ALNS sớm!
2026-04-04 17:31:13,260 - === KẾT THÚC CHẶNG 3 | Cost xuất sắc nhất đạt được: 909.00 ===
2026-04-04 17:31:13,260 - 🎉 ĐÃ ĐẠT NGHIỆM TỐI ƯU TOÀN CỤC (BKS = 909.0). DỪNG SỚM!
2026-04-04 17:31:13,260 - ======================================================================
2026-04-04 17:31:13,260 - CW Khởi tạo = 1103 → Sau Pipeline = 909
2026-04-04 17:31:13,260 - Cải thiện so CW: 194
2026-04-04 17:31:13,260 - Tổng thời gian: 13.0s
2026-04-04 17:31:13,260 - Verified cost: 909
2026-04-04 17:31:13,260 - ======================================================================
2026-04-04 17:31:13,260 - FILE: B-n45-k5.vrp
2026-04-04 17:31:13,260 - ======================================================================
2026-04-04 17:31:13,264 - Dim=45 K=5 Cap=100
2026-04-04 17:31:13,264 - --- Step 1: Clarke-Wright Heuristic ---
2026-04-04 17:31:13,265 -   cost=1030 time=0.00s
2026-04-04 17:31:13,265 - --- Step 2, 3, 4: Advanced Optimization Pipeline ---
2026-04-04 17:31:13,265 - =========================================
2026-04-04 17:31:13,265 - BẮT ĐẦU TUYẾN TRÌNH TỐI ƯU (PIPELINE)
2026-04-04 17:31:13,266 - =========================================
2026-04-04 17:31:13,266 - === GIAI ĐOẠN 2: LOCAL SEARCH ĐA TOÁN TỬ | Bắt đầu: 1030.00 ===
2026-04-04 17:31:13,340 -   [LS Iter 1] Cải thiện cost: 1030.00 -> 830.00
2026-04-04 17:31:13,402 - === KẾT THÚC GIAI ĐOẠN 2 | Đạt cực trị tại: 830.00 ===
2026-04-04 17:31:13,403 - === BẮT ĐẦU CHẶNG 3: ALNS + GLS | Vòng lặp: 150 | Cost: 830.00 ===
2026-04-04 17:31:13,578 -   [ALNS Iter 1] Related Destroy phá vỡ giới hạn -> BEST MỚI: 826.00
2026-04-04 17:31:13,691 -   [ALNS Iter 3] Worst Destroy phá vỡ giới hạn -> BEST MỚI: 823.00
2026-04-04 17:31:15,051 -   [GLS Iter 21] Cập nhật ma trận phạt để thay đổi hướng đi.
2026-04-04 17:31:15,737 -   [ALNS Iter 31] Related Destroy phá vỡ giới hạn -> BEST MỚI: 798.00
2026-04-04 17:31:18,086 -   [ALNS Iter 57] Related Destroy phá vỡ giới hạn -> BEST MỚI: 797.00
2026-04-04 17:31:19,325 -   [ALNS Iter 68] Worst Destroy phá vỡ giới hạn -> BEST MỚI: 792.00
2026-04-04 17:31:21,557 -   [ALNS Iter 94] Related Destroy phá vỡ giới hạn -> BEST MỚI: 772.00
2026-04-04 17:31:21,724 -   [ALNS Iter 95] Worst Destroy phá vỡ giới hạn -> BEST MỚI: 771.00
2026-04-04 17:31:22,177 -   [GLS Iter 101] Cập nhật ma trận phạt để thay đổi hướng đi.
2026-04-04 17:31:23,187 -   [ALNS Iter 111] Related Destroy phá vỡ giới hạn -> BEST MỚI: 770.00
2026-04-04 17:31:24,980 -   [ALNS Iter 131] Related Destroy phá vỡ giới hạn -> BEST MỚI: 759.00
2026-04-04 17:31:25,546 -   [ALNS Iter 136] Related Destroy phá vỡ giới hạn -> BEST MỚI: 758.00
2026-04-04 17:31:27,005 - === KẾT THÚC CHẶNG 3 | Cost xuất sắc nhất đạt được: 758.00 ===
2026-04-04 17:31:27,005 - === BẮT ĐẦU CHẶNG 4: MAX-SAT CHÍNH XÁC | Cost: 758.00 ===
2026-04-04 17:31:27,005 -   [GĐ 4.1] Giải bài toán TSP trên từng tuyến đơn...
2026-04-04 17:32:07,010 -     [S-Timeout 40.0s]
2026-04-04 17:32:11,436 -   [GĐ 4.2] Xét từng cặp tuyến để phân bổ lại khách hàng...
2026-04-04 17:32:11,437 -   --- Pairwise Iter 1 (còn 1142s) ---
2026-04-04 17:33:11,442 -     [P-Timeout 60.0s]
2026-04-04 17:34:11,460 -     [P-Timeout 60.0s]
2026-04-04 17:35:11,480 -     [P-Timeout 60.0s]
2026-04-04 17:35:11,491 -     -> Đã đạt cực trị toàn cục cho mọi cặp dưới ngưỡng. KẾT THÚC CHẶNG 4.
2026-04-04 17:35:11,491 - HOÀN THÀNH PIPELINE. Final cost=758.00 | Time=238.2s
2026-04-04 17:35:11,492 - ======================================================================
2026-04-04 17:35:11,492 - CW Khởi tạo = 1030 → Sau Pipeline = 758
2026-04-04 17:35:11,492 - Cải thiện so CW: 272
2026-04-04 17:35:11,492 - Tổng thời gian: 238.2s
2026-04-04 17:35:11,492 - Verified cost: 758
2026-04-04 17:35:11,493 - ======================================================================
2026-04-04 17:35:11,493 - FILE: B-n45-k6.vrp
2026-04-04 17:35:11,493 - ======================================================================
2026-04-04 17:35:11,496 - Dim=45 K=6 Cap=100
2026-04-04 17:35:11,497 - --- Step 1: Clarke-Wright Heuristic ---
2026-04-04 17:35:11,499 -   cost=888 time=0.00s
2026-04-04 17:35:11,499 - --- Step 2, 3, 4: Advanced Optimization Pipeline ---
2026-04-04 17:35:11,499 - =========================================
2026-04-04 17:35:11,499 - BẮT ĐẦU TUYẾN TRÌNH TỐI ƯU (PIPELINE)
2026-04-04 17:35:11,499 - =========================================
2026-04-04 17:35:11,499 - === GIAI ĐOẠN 2: LOCAL SEARCH ĐA TOÁN TỬ | Bắt đầu: 888.00 ===
2026-04-04 17:35:11,550 -   [LS Iter 1] Cải thiện cost: 888.00 -> 772.00
2026-04-04 17:35:11,595 -   [LS Iter 2] Cải thiện cost: 772.00 -> 771.00
2026-04-04 17:35:11,639 - === KẾT THÚC GIAI ĐOẠN 2 | Đạt cực trị tại: 771.00 ===
2026-04-04 17:35:11,639 - === BẮT ĐẦU CHẶNG 3: ALNS + GLS | Vòng lặp: 150 | Cost: 771.00 ===
2026-04-04 17:35:12,576 -   [GLS Iter 21] Cập nhật ma trận phạt do kẹt tải trọng liên tục.
2026-04-04 17:35:13,106 -   [ALNS Iter 32] Related Destroy phá vỡ giới hạn -> BEST MỚI: 749.00
2026-04-04 17:35:13,333 -   [ALNS Iter 38] Related Destroy phá vỡ giới hạn -> BEST MỚI: 715.00
2026-04-04 17:35:13,466 -   [GLS Iter 41] Cập nhật ma trận phạt do kẹt tải trọng liên tục.
2026-04-04 17:35:16,162 -   [GLS Iter 101] Cập nhật ma trận phạt do kẹt tải trọng liên tục.
2026-04-04 17:35:16,640 -   [ALNS Iter 111] Worst Destroy phá vỡ giới hạn -> BEST MỚI: 698.00
2026-04-04 17:35:16,815 -   [ALNS Iter 114] Worst Destroy phá vỡ giới hạn -> BEST MỚI: 696.00
2026-04-04 17:35:18,268 -   [GLS Iter 141] Cập nhật ma trận phạt do kẹt tải trọng liên tục.
2026-04-04 17:35:18,764 - === KẾT THÚC CHẶNG 3 | Cost xuất sắc nhất đạt được: 696.00 ===
2026-04-04 17:35:18,765 - === BẮT ĐẦU CHẶNG 4: MAX-SAT CHÍNH XÁC | Cost: 696.00 ===
2026-04-04 17:35:18,765 -   [GĐ 4.1] Giải bài toán TSP trên từng tuyến đơn...
2026-04-04 17:35:20,274 -   [GĐ 4.2] Xét từng cặp tuyến để phân bổ lại khách hàng...
2026-04-04 17:35:20,274 -   --- Pairwise Iter 1 (còn 1191s) ---
2026-04-04 17:36:20,278 -     [P-Timeout 60.0s]
2026-04-04 17:37:20,295 -     [P-Timeout 60.0s]
2026-04-04 17:38:20,307 -     [P-Timeout 60.0s]
2026-04-04 17:39:20,331 -     [P-Timeout 60.0s]
2026-04-04 17:40:20,345 -     [P-Timeout 60.0s]
2026-04-04 17:41:20,362 -     [P-Timeout 60.0s]
2026-04-04 17:42:20,382 -     [P-Timeout 60.0s]
2026-04-04 17:43:20,397 -     [P-Timeout 60.0s]
2026-04-04 17:44:20,414 -     [P-Timeout 60.0s]
2026-04-04 17:45:20,431 -     [P-Timeout 60.0s]
2026-04-04 17:46:20,452 -     [P-Timeout 60.0s]
2026-04-04 17:47:20,466 -     [P-Timeout 60.0s]
2026-04-04 17:47:20,480 -     -> Đã đạt cực trị toàn cục cho mọi cặp dưới ngưỡng. KẾT THÚC CHẶNG 4.
2026-04-04 17:47:20,480 - HOÀN THÀNH PIPELINE. Final cost=696.00 | Time=729.0s
2026-04-04 17:47:20,480 - ======================================================================
2026-04-04 17:47:20,480 - CW Khởi tạo = 888 → Sau Pipeline = 696
2026-04-04 17:47:20,480 - Cải thiện so CW: 192
2026-04-04 17:47:20,480 - Tổng thời gian: 729.0s
2026-04-04 17:47:20,480 - Verified cost: 696
2026-04-04 17:47:20,482 - ======================================================================
2026-04-04 17:47:20,482 - FILE: B-n50-k8.vrp
2026-04-04 17:47:20,482 - ======================================================================
2026-04-04 17:47:20,486 - Dim=50 K=8 Cap=100
2026-04-04 17:47:20,486 - --- Step 1: Clarke-Wright Heuristic ---
2026-04-04 17:47:20,488 -   cost=1554 time=0.00s
2026-04-04 17:47:20,488 - --- Step 2, 3, 4: Advanced Optimization Pipeline ---
2026-04-04 17:47:20,488 - =========================================
2026-04-04 17:47:20,488 - BẮT ĐẦU TUYẾN TRÌNH TỐI ƯU (PIPELINE)
2026-04-04 17:47:20,488 - =========================================
2026-04-04 17:47:20,488 - === GIAI ĐOẠN 2: LOCAL SEARCH ĐA TOÁN TỬ | Bắt đầu: 1554.00 ===
2026-04-04 17:47:20,575 -   [LS Iter 1] Cải thiện cost: 1554.00 -> 1412.00
2026-04-04 17:47:20,642 -   [LS Iter 2] Cải thiện cost: 1412.00 -> 1342.00
2026-04-04 17:47:20,705 -   [LS Iter 3] Cải thiện cost: 1342.00 -> 1340.00
2026-04-04 17:47:20,770 -   [LS Iter 4] Cải thiện cost: 1340.00 -> 1337.00
2026-04-04 17:47:20,834 - === KẾT THÚC GIAI ĐOẠN 2 | Đạt cực trị tại: 1337.00 ===
2026-04-04 17:47:20,834 - === BẮT ĐẦU CHẶNG 3: ALNS + GLS | Vòng lặp: 150 | Cost: 1337.00 ===
2026-04-04 17:47:21,632 -   [ALNS Iter 5] Related Destroy phá vỡ giới hạn -> BEST MỚI: 1326.00
2026-04-04 17:47:21,807 -   [ALNS Iter 6] Related Destroy phá vỡ giới hạn -> BEST MỚI: 1322.00
2026-04-04 17:47:23,434 -   [GLS Iter 21] Cập nhật ma trận phạt để thay đổi hướng đi.
2026-04-04 17:47:32,507 -   [GLS Iter 81] Cập nhật ma trận phạt để thay đổi hướng đi.
2026-04-04 17:47:43,278 -   [GLS Iter 141] Cập nhật ma trận phạt để thay đổi hướng đi.
2026-04-04 17:47:44,641 - === KẾT THÚC CHẶNG 3 | Cost xuất sắc nhất đạt được: 1322.00 ===
2026-04-04 17:47:44,642 - === BẮT ĐẦU CHẶNG 4: MAX-SAT CHÍNH XÁC | Cost: 1322.00 ===
2026-04-04 17:47:44,642 -   [GĐ 4.1] Giải bài toán TSP trên từng tuyến đơn...
2026-04-04 17:47:53,043 -   [GĐ 4.2] Xét từng cặp tuyến để phân bổ lại khách hàng...
2026-04-04 17:47:53,043 -   --- Pairwise Iter 1 (còn 1167s) ---
2026-04-04 17:48:53,047 -     [P-Timeout 60.0s]
2026-04-04 17:49:53,062 -     [P-Timeout 60.0s]
2026-04-04 17:50:53,076 -     [P-Timeout 60.0s]
2026-04-04 17:51:53,095 -     [P-Timeout 60.0s]
2026-04-04 17:53:39,691 -     [P-Timeout 60.0s]
2026-04-04 17:54:39,706 -     [P-Timeout 60.0s]
2026-04-04 17:55:39,731 -     [P-Timeout 60.0s]
2026-04-04 17:56:39,744 -     [P-Timeout 60.0s]
2026-04-04 17:57:39,757 -     [P-Timeout 60.0s]
2026-04-04 17:58:39,771 -     [P-Timeout 60.0s]
2026-04-04 17:59:39,783 -     [P-Timeout 60.0s]
2026-04-04 18:00:39,797 -     [P-Timeout 60.0s]
2026-04-04 18:01:39,810 -     [P-Timeout 60.0s]
2026-04-04 18:03:36,686 -     [P-Timeout 60.0s]
2026-04-04 18:04:38,431 -     [P-Timeout 60.0s]
2026-04-04 18:05:38,445 -     [P-Timeout 60.0s]
2026-04-04 18:06:44,895 -     [P-Timeout 60.0s]
2026-04-04 18:07:18,492 -     [P-Timeout 33.6s]
2026-04-04 18:07:18,500 -     -> Đã đạt cực trị toàn cục cho mọi cặp dưới ngưỡng. KẾT THÚC CHẶNG 4.
2026-04-04 18:07:18,501 - HOÀN THÀNH PIPELINE. Final cost=1322.00 | Time=1198.0s
2026-04-04 18:07:18,501 - ======================================================================
2026-04-04 18:07:18,501 - CW Khởi tạo = 1554 → Sau Pipeline = 1322
2026-04-04 18:07:18,501 - Cải thiện so CW: 232
2026-04-04 18:07:18,501 - Tổng thời gian: 1198.0s
2026-04-04 18:07:18,501 - Verified cost: 1322
2026-04-04 18:07:18,503 - ======================================================================
2026-04-04 18:07:18,503 - FILE: B-n50-k7.vrp
2026-04-04 18:07:18,503 - ======================================================================
2026-04-04 18:07:18,507 - Dim=50 K=7 Cap=100
2026-04-04 18:07:18,507 - --- Step 1: Clarke-Wright Heuristic ---
2026-04-04 18:07:18,509 -   cost=995 time=0.00s
2026-04-04 18:07:18,509 - --- Step 2, 3, 4: Advanced Optimization Pipeline ---
2026-04-04 18:07:18,509 - =========================================
2026-04-04 18:07:18,509 - BẮT ĐẦU TUYẾN TRÌNH TỐI ƯU (PIPELINE)
2026-04-04 18:07:18,509 - =========================================
2026-04-04 18:07:18,510 - === GIAI ĐOẠN 2: LOCAL SEARCH ĐA TOÁN TỬ | Bắt đầu: 995.00 ===
2026-04-04 18:07:18,615 -   [LS Iter 1] Cải thiện cost: 995.00 -> 863.00
2026-04-04 18:07:18,713 -   [LS Iter 2] Cải thiện cost: 863.00 -> 788.00
2026-04-04 18:07:18,804 -   [LS Iter 3] Cải thiện cost: 788.00 -> 781.00
2026-04-04 18:07:18,891 -   [LS Iter 4] Cải thiện cost: 781.00 -> 778.00
2026-04-04 18:07:18,973 -   [LS Iter 5] Cải thiện cost: 778.00 -> 776.00
2026-04-04 18:07:19,050 -   [LS Iter 6] Cải thiện cost: 776.00 -> 772.00
2026-04-04 18:07:19,123 -   [LS Iter 7] Cải thiện cost: 772.00 -> 771.00
2026-04-04 18:07:19,195 -   [LS Iter 8] Cải thiện cost: 771.00 -> 768.00
2026-04-04 18:07:19,268 -   [LS Iter 9] Cải thiện cost: 768.00 -> 747.00
2026-04-04 18:07:19,340 - === KẾT THÚC GIAI ĐOẠN 2 | Đạt cực trị tại: 747.00 ===
2026-04-04 18:07:19,340 - === BẮT ĐẦU CHẶNG 3: ALNS + GLS | Vòng lặp: 150 | Cost: 747.00 ===
2026-04-04 18:07:20,736 -   [ALNS Iter 9] Worst Destroy phá vỡ giới hạn -> BEST MỚI: 742.00
2026-04-04 18:07:20,884 -   [ALNS Iter 10] Related Destroy phá vỡ giới hạn -> BEST MỚI: 741.00
2026-04-04 18:07:20,884 -   [ALNS] 🎉 Đã chạm mốc BKS (741.0). Ngắt vòng lặp ALNS sớm!
2026-04-04 18:07:20,884 - === KẾT THÚC CHẶNG 3 | Cost xuất sắc nhất đạt được: 741.00 ===
2026-04-04 18:07:20,884 - 🎉 ĐÃ ĐẠT NGHIỆM TỐI ƯU TOÀN CỤC (BKS = 741.0). DỪNG SỚM!
2026-04-04 18:07:20,884 - ======================================================================
2026-04-04 18:07:20,884 - CW Khởi tạo = 995 → Sau Pipeline = 741
2026-04-04 18:07:20,884 - Cải thiện so CW: 254
2026-04-04 18:07:20,884 - Tổng thời gian: 2.4s
2026-04-04 18:07:20,884 - Verified cost: 741
2026-04-04 18:07:20,885 - ======================================================================
2026-04-04 18:07:20,885 - FILE: B-n51-k7.vrp
2026-04-04 18:07:20,885 - ======================================================================
2026-04-04 18:07:20,890 - Dim=51 K=7 Cap=100
2026-04-04 18:07:20,890 - --- Step 1: Clarke-Wright Heuristic ---
2026-04-04 18:07:20,892 -   cost=1528 time=0.00s
2026-04-04 18:07:20,892 - --- Step 2, 3, 4: Advanced Optimization Pipeline ---
2026-04-04 18:07:20,892 - =========================================
2026-04-04 18:07:20,892 - BẮT ĐẦU TUYẾN TRÌNH TỐI ƯU (PIPELINE)
2026-04-04 18:07:20,892 - =========================================
2026-04-04 18:07:20,892 - === GIAI ĐOẠN 2: LOCAL SEARCH ĐA TOÁN TỬ | Bắt đầu: 1528.00 ===
2026-04-04 18:07:20,957 -   [LS Iter 1] Cải thiện cost: 1528.00 -> 1085.00
2026-04-04 18:07:21,026 -   [LS Iter 2] Cải thiện cost: 1085.00 -> 1080.00
2026-04-04 18:07:21,091 - === KẾT THÚC GIAI ĐOẠN 2 | Đạt cực trị tại: 1080.00 ===
2026-04-04 18:07:21,091 - === BẮT ĐẦU CHẶNG 3: ALNS + GLS | Vòng lặp: 150 | Cost: 1080.00 ===
2026-04-04 18:07:22,340 -   [ALNS Iter 16] Worst Destroy phá vỡ giới hạn -> BEST MỚI: 1069.00
2026-04-04 18:07:24,229 -   [ALNS Iter 38] Related Destroy phá vỡ giới hạn -> BEST MỚI: 1058.00
2026-04-04 18:07:24,581 -   [GLS Iter 41] Cập nhật ma trận phạt để thay đổi hướng đi.
2026-04-04 18:07:24,820 -   [ALNS Iter 42] Related Destroy phá vỡ giới hạn -> BEST MỚI: 1039.00
2026-04-04 18:07:24,937 -   [ALNS Iter 43] Random Destroy phá vỡ giới hạn -> BEST MỚI: 1037.00
2026-04-04 18:07:25,117 -   [ALNS Iter 44] Random Destroy phá vỡ giới hạn -> BEST MỚI: 1036.00
2026-04-04 18:07:30,920 -   [GLS Iter 101] Cập nhật ma trận phạt để thay đổi hướng đi.
2026-04-04 18:07:32,651 -   [ALNS Iter 118] Random Destroy phá vỡ giới hạn -> BEST MỚI: 1034.00
2026-04-04 18:07:33,012 -   [GLS Iter 121] Cập nhật ma trận phạt để thay đổi hướng đi.
2026-04-04 18:07:35,590 - === KẾT THÚC CHẶNG 3 | Cost xuất sắc nhất đạt được: 1034.00 ===
2026-04-04 18:07:35,590 - === BẮT ĐẦU CHẶNG 4: MAX-SAT CHÍNH XÁC | Cost: 1034.00 ===
2026-04-04 18:07:35,590 -   [GĐ 4.1] Giải bài toán TSP trên từng tuyến đơn...
2026-04-04 18:07:39,494 -   [GĐ 4.2] Xét từng cặp tuyến để phân bổ lại khách hàng...
2026-04-04 18:07:39,494 -   --- Pairwise Iter 1 (còn 1181s) ---
2026-04-04 18:08:46,603 -     [P-Timeout 60.0s]
2026-04-04 18:09:46,626 -     [P-Timeout 60.0s]
2026-04-04 18:10:46,658 -     [P-Timeout 60.0s]
2026-04-04 18:11:46,676 -     [P-Timeout 60.0s]
2026-04-04 18:12:46,688 -     [P-Timeout 60.0s]
2026-04-04 18:13:46,702 -     [P-Timeout 60.0s]
2026-04-04 18:14:46,728 -     [P-Timeout 60.0s]
2026-04-04 18:15:46,748 -     [P-Timeout 60.0s]
2026-04-04 18:16:46,768 -     [P-Timeout 60.0s]
2026-04-04 18:17:46,791 -     [P-Timeout 60.0s]
2026-04-04 18:18:46,810 -     [P-Timeout 60.0s]
2026-04-04 18:19:46,835 -     [P-Timeout 60.0s]
2026-04-04 18:20:46,855 -     [P-Timeout 60.0s]
2026-04-04 18:21:46,872 -     [P-Timeout 60.0s]
2026-04-04 18:22:46,889 -     [P-Timeout 60.0s]
2026-04-04 18:23:46,906 -     [P-Timeout 60.0s]
2026-04-04 18:24:46,931 -     [P-Timeout 60.0s]
2026-04-04 18:25:46,951 -     [P-Timeout 60.0s]
2026-04-04 18:26:46,970 -     [P-Timeout 60.0s]
2026-04-04 18:26:46,986 -     -> Đã đạt cực trị toàn cục cho mọi cặp dưới ngưỡng. KẾT THÚC CHẶNG 4.
2026-04-04 18:26:46,986 - HOÀN THÀNH PIPELINE. Final cost=1034.00 | Time=1166.1s
2026-04-04 18:26:46,986 - ======================================================================
2026-04-04 18:26:46,986 - CW Khởi tạo = 1528 → Sau Pipeline = 1034
2026-04-04 18:26:46,986 - Cải thiện so CW: 494
2026-04-04 18:26:46,986 - Tổng thời gian: 1166.1s
2026-04-04 18:26:46,986 - Verified cost: 1034
2026-04-04 18:26:46,991 - ======================================================================
2026-04-04 18:26:46,991 - FILE: B-n52-k7.vrp
2026-04-04 18:26:46,991 - ======================================================================
2026-04-04 18:26:47,004 - Dim=52 K=7 Cap=100
2026-04-04 18:26:47,004 - --- Step 1: Clarke-Wright Heuristic ---
2026-04-04 18:26:47,006 -   cost=927 time=0.00s
2026-04-04 18:26:47,006 - --- Step 2, 3, 4: Advanced Optimization Pipeline ---
2026-04-04 18:26:47,006 - =========================================
2026-04-04 18:26:47,007 - BẮT ĐẦU TUYẾN TRÌNH TỐI ƯU (PIPELINE)
2026-04-04 18:26:47,007 - =========================================
2026-04-04 18:26:47,007 - === GIAI ĐOẠN 2: LOCAL SEARCH ĐA TOÁN TỬ | Bắt đầu: 927.00 ===
2026-04-04 18:26:47,127 -   [LS Iter 1] Cải thiện cost: 927.00 -> 849.00
2026-04-04 18:26:47,238 -   [LS Iter 2] Cải thiện cost: 849.00 -> 764.00
2026-04-04 18:26:47,342 -   [LS Iter 3] Cải thiện cost: 764.00 -> 763.00
2026-04-04 18:26:47,443 - === KẾT THÚC GIAI ĐOẠN 2 | Đạt cực trị tại: 763.00 ===
2026-04-04 18:26:47,443 - === BẮT ĐẦU CHẶNG 3: ALNS + GLS | Vòng lặp: 150 | Cost: 763.00 ===
2026-04-04 18:26:49,693 -   [ALNS Iter 18] Random Destroy phá vỡ giới hạn -> BEST MỚI: 753.00
2026-04-04 18:26:50,177 -   [GLS Iter 21] Cập nhật ma trận phạt để thay đổi hướng đi.
2026-04-04 18:26:52,295 -   [ALNS Iter 33] Worst Destroy phá vỡ giới hạn -> BEST MỚI: 752.00
2026-04-04 18:26:53,462 -   [ALNS Iter 41] Related Destroy phá vỡ giới hạn -> BEST MỚI: 750.00
2026-04-04 18:26:54,333 -   [ALNS Iter 46] Random Destroy phá vỡ giới hạn -> BEST MỚI: 747.00
2026-04-04 18:26:54,333 -   [ALNS] 🎉 Đã chạm mốc BKS (747.0). Ngắt vòng lặp ALNS sớm!
2026-04-04 18:26:54,333 - === KẾT THÚC CHẶNG 3 | Cost xuất sắc nhất đạt được: 747.00 ===
2026-04-04 18:26:54,333 - 🎉 ĐÃ ĐẠT NGHIỆM TỐI ƯU TOÀN CỤC (BKS = 747.0). DỪNG SỚM!
2026-04-04 18:26:54,333 - ======================================================================
2026-04-04 18:26:54,333 - CW Khởi tạo = 927 → Sau Pipeline = 747
2026-04-04 18:26:54,333 - Cải thiện so CW: 180
2026-04-04 18:26:54,333 - Tổng thời gian: 7.3s
2026-04-04 18:26:54,333 - Verified cost: 747
2026-04-04 18:26:54,338 - ======================================================================
2026-04-04 18:26:54,338 - FILE: B-n56-k7.vrp
2026-04-04 18:26:54,338 - ======================================================================
2026-04-04 18:26:54,351 - Dim=56 K=7 Cap=100
2026-04-04 18:26:54,351 - --- Step 1: Clarke-Wright Heuristic ---
2026-04-04 18:26:54,354 -   cost=941 time=0.00s
2026-04-04 18:26:54,354 - --- Step 2, 3, 4: Advanced Optimization Pipeline ---
2026-04-04 18:26:54,354 - =========================================
2026-04-04 18:26:54,354 - BẮT ĐẦU TUYẾN TRÌNH TỐI ƯU (PIPELINE)
2026-04-04 18:26:54,354 - =========================================
2026-04-04 18:26:54,354 - === GIAI ĐOẠN 2: LOCAL SEARCH ĐA TOÁN TỬ | Bắt đầu: 941.00 ===
2026-04-04 18:26:54,507 -   [LS Iter 1] Cải thiện cost: 941.00 -> 771.00
2026-04-04 18:26:54,629 -   [LS Iter 2] Cải thiện cost: 771.00 -> 759.00
2026-04-04 18:26:54,749 -   [LS Iter 3] Cải thiện cost: 759.00 -> 755.00
2026-04-04 18:26:54,867 -   [LS Iter 4] Cải thiện cost: 755.00 -> 748.00
2026-04-04 18:26:54,986 -   [LS Iter 5] Cải thiện cost: 748.00 -> 729.00
2026-04-04 18:26:55,094 -   [LS Iter 6] Cải thiện cost: 729.00 -> 720.00
2026-04-04 18:26:55,198 -   [LS Iter 7] Cải thiện cost: 720.00 -> 718.00
2026-04-04 18:26:55,303 - === KẾT THÚC GIAI ĐOẠN 2 | Đạt cực trị tại: 718.00 ===
2026-04-04 18:26:55,303 - === BẮT ĐẦU CHẶNG 3: ALNS + GLS | Vòng lặp: 150 | Cost: 718.00 ===
2026-04-04 18:26:58,714 -   [ALNS Iter 17] Related Destroy phá vỡ giới hạn -> BEST MỚI: 714.00
2026-04-04 18:27:04,340 -   [ALNS Iter 37] Random Destroy phá vỡ giới hạn -> BEST MỚI: 709.00
2026-04-04 18:27:09,297 -   [ALNS Iter 51] Random Destroy phá vỡ giới hạn -> BEST MỚI: 707.00
2026-04-04 18:27:09,298 -   [ALNS] 🎉 Đã chạm mốc BKS (707.0). Ngắt vòng lặp ALNS sớm!
2026-04-04 18:27:09,298 - === KẾT THÚC CHẶNG 3 | Cost xuất sắc nhất đạt được: 707.00 ===
2026-04-04 18:27:09,298 - 🎉 ĐÃ ĐẠT NGHIỆM TỐI ƯU TOÀN CỤC (BKS = 707.0). DỪNG SỚM!
2026-04-04 18:27:09,298 - ======================================================================
2026-04-04 18:27:09,298 - CW Khởi tạo = 941 → Sau Pipeline = 707
2026-04-04 18:27:09,298 - Cải thiện so CW: 234
2026-04-04 18:27:09,298 - Tổng thời gian: 14.9s
2026-04-04 18:27:09,298 - Verified cost: 707
2026-04-04 18:27:09,303 - ======================================================================
2026-04-04 18:27:09,303 - FILE: B-n57-k7.vrp
2026-04-04 18:27:09,303 - ======================================================================
2026-04-04 18:27:09,316 - Dim=57 K=7 Cap=100
2026-04-04 18:27:09,316 - --- Step 1: Clarke-Wright Heuristic ---
2026-04-04 18:27:09,319 -   cost=1460 time=0.00s
2026-04-04 18:27:09,319 - --- Step 2, 3, 4: Advanced Optimization Pipeline ---
2026-04-04 18:27:09,319 - =========================================
2026-04-04 18:27:09,319 - BẮT ĐẦU TUYẾN TRÌNH TỐI ƯU (PIPELINE)
2026-04-04 18:27:09,319 - =========================================
2026-04-04 18:27:09,319 - === GIAI ĐOẠN 2: LOCAL SEARCH ĐA TOÁN TỬ | Bắt đầu: 1460.00 ===
2026-04-04 18:27:09,403 -   [LS Iter 1] Cải thiện cost: 1460.00 -> 1367.00
2026-04-04 18:27:09,484 -   [LS Iter 2] Cải thiện cost: 1367.00 -> 1314.00
2026-04-04 18:27:09,559 -   [LS Iter 3] Cải thiện cost: 1314.00 -> 1276.00
2026-04-04 18:27:09,630 -   [LS Iter 4] Cải thiện cost: 1276.00 -> 1264.00
2026-04-04 18:27:09,706 -   [LS Iter 5] Cải thiện cost: 1264.00 -> 1260.00
2026-04-04 18:27:09,780 - === KẾT THÚC GIAI ĐOẠN 2 | Đạt cực trị tại: 1260.00 ===
2026-04-04 18:27:09,780 - === BẮT ĐẦU CHẶNG 3: ALNS + GLS | Vòng lặp: 150 | Cost: 1260.00 ===
2026-04-04 18:27:10,579 -   [GLS Iter 21] Cập nhật ma trận phạt để thay đổi hướng đi.
2026-04-04 18:27:12,962 -   [ALNS Iter 80] Random Destroy phá vỡ giới hạn -> BEST MỚI: 1228.00
2026-04-04 18:27:13,113 -   [ALNS Iter 82] Random Destroy phá vỡ giới hạn -> BEST MỚI: 1227.00
2026-04-04 18:27:13,262 -   [ALNS Iter 84] Random Destroy phá vỡ giới hạn -> BEST MỚI: 1189.00
2026-04-04 18:27:13,815 -   [ALNS Iter 95] Random Destroy phá vỡ giới hạn -> BEST MỚI: 1157.00
2026-04-04 18:27:14,193 -   [ALNS Iter 100] Random Destroy phá vỡ giới hạn -> BEST MỚI: 1156.00
2026-04-04 18:27:15,759 -   [GLS Iter 121] Cập nhật ma trận phạt do kẹt tải trọng liên tục.
2026-04-04 18:27:16,994 - === KẾT THÚC CHẶNG 3 | Cost xuất sắc nhất đạt được: 1156.00 ===
2026-04-04 18:27:16,994 - === BẮT ĐẦU CHẶNG 4: MAX-SAT CHÍNH XÁC | Cost: 1156.00 ===
2026-04-04 18:27:16,994 -   [GĐ 4.1] Giải bài toán TSP trên từng tuyến đơn...
2026-04-04 18:27:18,323 -   [GĐ 4.2] Xét từng cặp tuyến để phân bổ lại khách hàng...
2026-04-04 18:27:18,324 -   --- Pairwise Iter 1 (còn 1191s) ---
2026-04-04 18:28:18,332 -     [P-Timeout 60.0s]
2026-04-04 18:29:18,356 -     [P-Timeout 60.0s]
2026-04-04 18:30:18,373 -     [P-Timeout 60.0s]
2026-04-04 18:31:18,388 -     [P-Timeout 60.0s]
2026-04-04 18:32:18,404 -     [P-Timeout 60.0s]
2026-04-04 18:33:18,423 -     [P-Timeout 60.0s]
2026-04-04 18:34:18,445 -     [P-Timeout 60.0s]
2026-04-04 18:35:18,466 -     [P-Timeout 60.0s]
2026-04-04 18:36:18,485 -     [P-Timeout 60.0s]
2026-04-04 18:37:18,501 -     [P-Timeout 60.0s]
2026-04-04 18:38:18,531 -     [P-Timeout 60.0s]
2026-04-04 18:39:18,550 -     [P-Timeout 60.0s]
2026-04-04 18:40:18,568 -     [P-Timeout 60.0s]
2026-04-04 18:40:18,582 -     -> Đã đạt cực trị toàn cục cho mọi cặp dưới ngưỡng. KẾT THÚC CHẶNG 4.
2026-04-04 18:40:18,583 - HOÀN THÀNH PIPELINE. Final cost=1156.00 | Time=789.3s
2026-04-04 18:40:18,583 - ======================================================================
2026-04-04 18:40:18,583 - CW Khởi tạo = 1460 → Sau Pipeline = 1156
2026-04-04 18:40:18,583 - Cải thiện so CW: 304
2026-04-04 18:40:18,583 - Tổng thời gian: 789.3s
2026-04-04 18:40:18,583 - Verified cost: 1156
2026-04-04 18:40:18,588 - ======================================================================
2026-04-04 18:40:18,588 - FILE: B-n57-k9.vrp
2026-04-04 18:40:18,588 - ======================================================================
2026-04-04 18:40:18,593 - Dim=57 K=9 Cap=100
2026-04-04 18:40:18,593 - --- Step 1: Clarke-Wright Heuristic ---
2026-04-04 18:40:18,596 -   cost=1948 time=0.00s
2026-04-04 18:40:18,596 - --- Step 2, 3, 4: Advanced Optimization Pipeline ---
2026-04-04 18:40:18,596 - =========================================
2026-04-04 18:40:18,596 - BẮT ĐẦU TUYẾN TRÌNH TỐI ƯU (PIPELINE)
2026-04-04 18:40:18,596 - =========================================
2026-04-04 18:40:18,596 - === GIAI ĐOẠN 2: LOCAL SEARCH ĐA TOÁN TỬ | Bắt đầu: 1948.00 ===
2026-04-04 18:40:18,708 -   [LS Iter 1] Cải thiện cost: 1948.00 -> 1713.00
2026-04-04 18:40:18,806 -   [LS Iter 2] Cải thiện cost: 1713.00 -> 1710.00
2026-04-04 18:40:18,893 -   [LS Iter 3] Cải thiện cost: 1710.00 -> 1707.00
2026-04-04 18:40:18,978 -   [LS Iter 4] Cải thiện cost: 1707.00 -> 1700.00
2026-04-04 18:40:19,056 -   [LS Iter 5] Cải thiện cost: 1700.00 -> 1696.00
2026-04-04 18:40:19,134 - === KẾT THÚC GIAI ĐOẠN 2 | Đạt cực trị tại: 1696.00 ===
2026-04-04 18:40:19,134 - === BẮT ĐẦU CHẶNG 3: ALNS + GLS | Vòng lặp: 150 | Cost: 1696.00 ===
2026-04-04 18:40:19,738 -   [ALNS Iter 2] Worst Destroy phá vỡ giới hạn -> BEST MỚI: 1665.00
2026-04-04 18:40:20,339 -   [ALNS Iter 4] Random Destroy phá vỡ giới hạn -> BEST MỚI: 1640.00
2026-04-04 18:40:20,972 -   [ALNS Iter 8] Worst Destroy phá vỡ giới hạn -> BEST MỚI: 1638.00
2026-04-04 18:40:21,758 -   [ALNS Iter 11] Random Destroy phá vỡ giới hạn -> BEST MỚI: 1637.00
2026-04-04 18:40:26,689 -   [ALNS Iter 31] Related Destroy phá vỡ giới hạn -> BEST MỚI: 1635.00
2026-04-04 18:40:31,389 -   [ALNS Iter 48] Related Destroy phá vỡ giới hạn -> BEST MỚI: 1631.00
2026-04-04 18:40:39,204 -   [GLS Iter 81] Cập nhật ma trận phạt để thay đổi hướng đi.
2026-04-04 18:40:56,070 -   [GLS Iter 141] Cập nhật ma trận phạt để thay đổi hướng đi.
2026-04-04 18:40:58,355 - === KẾT THÚC CHẶNG 3 | Cost xuất sắc nhất đạt được: 1631.00 ===
2026-04-04 18:40:58,355 - === BẮT ĐẦU CHẶNG 4: MAX-SAT CHÍNH XÁC | Cost: 1631.00 ===
2026-04-04 18:40:58,356 -   [GĐ 4.1] Giải bài toán TSP trên từng tuyến đơn...
2026-04-04 18:41:01,049 -   [GĐ 4.2] Xét từng cặp tuyến để phân bổ lại khách hàng...
2026-04-04 18:41:01,049 -   --- Pairwise Iter 1 (còn 1158s) ---
2026-04-04 18:42:01,056 -     [P-Timeout 60.0s]
2026-04-04 18:43:01,069 -     [P-Timeout 60.0s]
2026-04-04 18:44:01,081 -     [P-Timeout 60.0s]
2026-04-04 18:45:01,099 -     [P-Timeout 60.0s]
2026-04-04 18:46:01,111 -     [P-Timeout 60.0s]
2026-04-04 18:47:01,137 -     [P-Timeout 60.0s]
2026-04-04 18:48:05,343 -     [P-Timeout 60.0s]
2026-04-04 18:49:05,360 -     [P-Timeout 60.0s]
2026-04-04 18:50:05,375 -     [P-Timeout 60.0s]
2026-04-04 18:51:05,388 -     [P-Timeout 60.0s]
2026-04-04 18:52:05,401 -     [P-Timeout 60.0s]
2026-04-04 18:53:05,412 -     [P-Timeout 60.0s]
2026-04-04 18:54:05,432 -     [P-Timeout 60.0s]
2026-04-04 18:55:52,584 -     [P-Timeout 60.0s]
2026-04-04 18:56:52,600 -     [P-Timeout 60.0s]
2026-04-04 18:57:52,623 -     [P-Timeout 60.0s]
2026-04-04 18:58:52,642 -     [P-Timeout 60.0s]
2026-04-04 18:59:52,658 -     [P-Timeout 60.0s]
2026-04-04 19:00:16,602 -     [P-Timeout 23.9s]
2026-04-04 19:00:16,610 -     -> Đã đạt cực trị toàn cục cho mọi cặp dưới ngưỡng. KẾT THÚC CHẶNG 4.
2026-04-04 19:00:16,610 - HOÀN THÀNH PIPELINE. Final cost=1631.00 | Time=1198.0s
2026-04-04 19:00:16,610 - ======================================================================
2026-04-04 19:00:16,610 - CW Khởi tạo = 1948 → Sau Pipeline = 1631
2026-04-04 19:00:16,610 - Cải thiện so CW: 317
2026-04-04 19:00:16,610 - Tổng thời gian: 1198.0s
2026-04-04 19:00:16,610 - Verified cost: 1631
2026-04-04 19:00:16,620 - ======================================================================
2026-04-04 19:00:16,620 - FILE: B-n63-k10.vrp
2026-04-04 19:00:16,620 - ======================================================================
2026-04-04 19:00:16,631 - Dim=63 K=10 Cap=100
2026-04-04 19:00:16,631 - --- Step 1: Clarke-Wright Heuristic ---
2026-04-04 19:00:16,634 -   cost=1993 time=0.00s
2026-04-04 19:00:16,635 - --- Step 2, 3, 4: Advanced Optimization Pipeline ---
2026-04-04 19:00:16,635 - =========================================
2026-04-04 19:00:16,635 - BẮT ĐẦU TUYẾN TRÌNH TỐI ƯU (PIPELINE)
2026-04-04 19:00:16,635 - =========================================
2026-04-04 19:00:16,635 - === GIAI ĐOẠN 2: LOCAL SEARCH ĐA TOÁN TỬ | Bắt đầu: 1993.00 ===
2026-04-04 19:00:16,756 -   [LS Iter 1] Cải thiện cost: 1993.00 -> 1663.00
2026-04-04 19:00:16,870 -   [LS Iter 2] Cải thiện cost: 1663.00 -> 1638.00
2026-04-04 19:00:16,980 -   [LS Iter 3] Cải thiện cost: 1638.00 -> 1630.00
2026-04-04 19:00:17,086 - === KẾT THÚC GIAI ĐOẠN 2 | Đạt cực trị tại: 1630.00 ===
2026-04-04 19:00:17,087 - === BẮT ĐẦU CHẶNG 3: ALNS + GLS | Vòng lặp: 150 | Cost: 1630.00 ===
2026-04-04 19:00:17,406 -   [ALNS Iter 1] Worst Destroy phá vỡ giới hạn -> BEST MỚI: 1629.00
2026-04-04 19:00:18,160 -   [ALNS Iter 4] Worst Destroy phá vỡ giới hạn -> BEST MỚI: 1578.00
2026-04-04 19:00:19,470 -   [ALNS Iter 9] Worst Destroy phá vỡ giới hạn -> BEST MỚI: 1576.00
2026-04-04 19:00:20,173 -   [ALNS Iter 11] Worst Destroy phá vỡ giới hạn -> BEST MỚI: 1556.00
2026-04-04 19:00:28,307 -   [GLS Iter 41] Cập nhật ma trận phạt để thay đổi hướng đi.
2026-04-04 19:00:42,822 -   [GLS Iter 101] Cập nhật ma trận phạt để thay đổi hướng đi.
2026-04-04 19:00:55,476 - === KẾT THÚC CHẶNG 3 | Cost xuất sắc nhất đạt được: 1556.00 ===
2026-04-04 19:00:55,476 - === BẮT ĐẦU CHẶNG 4: MAX-SAT CHÍNH XÁC | Cost: 1556.00 ===
2026-04-04 19:00:55,476 -   [GĐ 4.1] Giải bài toán TSP trên từng tuyến đơn...
2026-04-04 19:00:55,964 -   [GĐ 4.2] Xét từng cặp tuyến để phân bổ lại khách hàng...
2026-04-04 19:00:55,964 -   --- Pairwise Iter 1 (còn 1161s) ---
2026-04-04 19:01:55,970 -     [P-Timeout 60.0s]
2026-04-04 19:03:00,216 -     [P-Timeout 60.0s]
2026-04-04 19:04:00,237 -     [P-Timeout 60.0s]
2026-04-04 19:05:00,250 -     [P-Timeout 60.0s]
2026-04-04 19:06:00,263 -     [P-Timeout 60.0s]
2026-04-04 19:07:00,278 -     [P-Timeout 60.0s]
2026-04-04 19:08:00,292 -     [P-Timeout 60.0s]
2026-04-04 19:09:00,307 -     [P-Timeout 60.0s]
2026-04-04 19:10:00,330 -     [P-Timeout 60.0s]
2026-04-04 19:11:00,346 -     [P-Timeout 60.0s]
2026-04-04 19:12:00,359 -     [P-Timeout 60.0s]
2026-04-04 19:13:00,377 -     [P-Timeout 60.0s]
2026-04-04 19:14:00,394 -     [P-Timeout 60.0s]
2026-04-04 19:15:00,410 -     [P-Timeout 60.0s]
2026-04-04 19:16:00,432 -     [P-Timeout 60.0s]
2026-04-04 19:17:00,452 -     [P-Timeout 60.0s]
2026-04-04 19:18:00,471 -     [P-Timeout 60.0s]
2026-04-04 19:19:00,487 -     [P-Timeout 60.0s]
2026-04-04 19:20:00,505 -     [P-Timeout 60.0s]
2026-04-04 19:20:14,646 -     [P-Timeout 14.1s]
2026-04-04 19:20:14,653 -     -> Đã đạt cực trị toàn cục cho mọi cặp dưới ngưỡng. KẾT THÚC CHẶNG 4.
2026-04-04 19:20:14,653 - HOÀN THÀNH PIPELINE. Final cost=1556.00 | Time=1198.0s
2026-04-04 19:20:14,653 - ======================================================================
2026-04-04 19:20:14,653 - CW Khởi tạo = 1993 → Sau Pipeline = 1556
2026-04-04 19:20:14,653 - Cải thiện so CW: 437
2026-04-04 19:20:14,653 - Tổng thời gian: 1198.0s
2026-04-04 19:20:14,653 - Verified cost: 1556
2026-04-04 19:20:14,658 - ======================================================================
2026-04-04 19:20:14,658 - FILE: B-n64-k9.vrp
2026-04-04 19:20:14,658 - ======================================================================
2026-04-04 19:20:14,672 - Dim=64 K=9 Cap=100
2026-04-04 19:20:14,672 - --- Step 1: Clarke-Wright Heuristic ---
2026-04-04 19:20:14,676 -   cost=1388 time=0.00s
2026-04-04 19:20:14,676 - --- Step 2, 3, 4: Advanced Optimization Pipeline ---
2026-04-04 19:20:14,676 - =========================================
2026-04-04 19:20:14,676 - BẮT ĐẦU TUYẾN TRÌNH TỐI ƯU (PIPELINE)
2026-04-04 19:20:14,676 - =========================================
2026-04-04 19:20:14,676 - === GIAI ĐOẠN 2: LOCAL SEARCH ĐA TOÁN TỬ | Bắt đầu: 1388.00 ===
2026-04-04 19:20:14,787 -   [LS Iter 1] Cải thiện cost: 1388.00 -> 1062.00
2026-04-04 19:20:14,887 -   [LS Iter 2] Cải thiện cost: 1062.00 -> 977.00
2026-04-04 19:20:14,983 - === KẾT THÚC GIAI ĐOẠN 2 | Đạt cực trị tại: 977.00 ===
2026-04-04 19:20:14,984 - === BẮT ĐẦU CHẶNG 3: ALNS + GLS | Vòng lặp: 150 | Cost: 977.00 ===
2026-04-04 19:20:16,565 -   [ALNS Iter 10] Worst Destroy phá vỡ giới hạn -> BEST MỚI: 950.00
2026-04-04 19:20:17,545 -   [ALNS Iter 22] Random Destroy phá vỡ giới hạn -> BEST MỚI: 877.00
2026-04-04 19:20:21,035 -   [GLS Iter 61] Cập nhật ma trận phạt do kẹt tải trọng liên tục.
2026-04-04 19:20:22,055 -   [ALNS Iter 72] Related Destroy phá vỡ giới hạn -> BEST MỚI: 874.00
2026-04-04 19:20:23,303 -   [GLS Iter 81] Cập nhật ma trận phạt do kẹt tải trọng liên tục.
2026-04-04 19:20:29,412 -   [GLS Iter 141] Cập nhật ma trận phạt do kẹt tải trọng liên tục.
2026-04-04 19:20:30,614 - === KẾT THÚC CHẶNG 3 | Cost xuất sắc nhất đạt được: 874.00 ===
2026-04-04 19:20:30,614 - === BẮT ĐẦU CHẶNG 4: MAX-SAT CHÍNH XÁC | Cost: 874.00 ===
2026-04-04 19:20:30,614 -   [GĐ 4.1] Giải bài toán TSP trên từng tuyến đơn...
2026-04-04 19:20:32,688 -   [GĐ 4.2] Xét từng cặp tuyến để phân bổ lại khách hàng...
2026-04-04 19:20:32,688 -   --- Pairwise Iter 1 (còn 1182s) ---
2026-04-04 19:21:32,693 -     [P-Timeout 60.0s]
2026-04-04 19:22:32,703 -     [P-Timeout 60.0s]
2026-04-04 19:23:32,722 -     [P-Timeout 60.0s]
2026-04-04 19:24:32,736 -     [P-Timeout 60.0s]
2026-04-04 19:25:41,780 -     [P-Timeout 60.0s]
2026-04-04 19:26:41,792 -     [P-Timeout 60.0s]
2026-04-04 19:27:41,804 -     [P-Timeout 60.0s]
2026-04-04 19:28:41,828 -     [P-Timeout 60.0s]
2026-04-04 19:29:41,847 -     [P-Timeout 60.0s]
2026-04-04 19:30:41,865 -     [P-Timeout 60.0s]
2026-04-04 19:31:41,883 -     [P-Timeout 60.0s]
2026-04-04 19:32:41,895 -     [P-Timeout 60.0s]
2026-04-04 19:33:41,906 -     [P-Timeout 60.0s]
2026-04-04 19:34:41,928 -     [P-Timeout 60.0s]
2026-04-04 19:35:41,940 -     [P-Timeout 60.0s]
2026-04-04 19:36:41,955 -     [P-Timeout 60.0s]
2026-04-04 19:37:41,970 -     [P-Timeout 60.0s]
2026-04-04 19:38:41,987 -     [P-Timeout 60.0s]
2026-04-04 19:39:42,006 -     [P-Timeout 60.0s]
2026-04-04 19:40:12,684 -     [P-Timeout 30.7s]
2026-04-04 19:40:12,694 -     -> Đã đạt cực trị toàn cục cho mọi cặp dưới ngưỡng. KẾT THÚC CHẶNG 4.
2026-04-04 19:40:12,694 - HOÀN THÀNH PIPELINE. Final cost=874.00 | Time=1198.0s
2026-04-04 19:40:12,694 - ======================================================================
2026-04-04 19:40:12,694 - CW Khởi tạo = 1388 → Sau Pipeline = 874
2026-04-04 19:40:12,694 - Cải thiện so CW: 514
2026-04-04 19:40:12,694 - Tổng thời gian: 1198.0s
2026-04-04 19:40:12,694 - Verified cost: 874
2026-04-04 19:40:12,695 - ======================================================================
2026-04-04 19:40:12,696 - FILE: B-n66-k9.vrp
2026-04-04 19:40:12,696 - ======================================================================
2026-04-04 19:40:12,702 - Dim=66 K=9 Cap=100
2026-04-04 19:40:12,702 - --- Step 1: Clarke-Wright Heuristic ---
2026-04-04 19:40:12,706 -   cost=1540 time=0.00s
2026-04-04 19:40:12,706 - --- Step 2, 3, 4: Advanced Optimization Pipeline ---
2026-04-04 19:40:12,706 - =========================================
2026-04-04 19:40:12,706 - BẮT ĐẦU TUYẾN TRÌNH TỐI ƯU (PIPELINE)
2026-04-04 19:40:12,706 - =========================================
2026-04-04 19:40:12,706 - === GIAI ĐOẠN 2: LOCAL SEARCH ĐA TOÁN TỬ | Bắt đầu: 1540.00 ===
2026-04-04 19:40:12,856 -   [LS Iter 1] Cải thiện cost: 1540.00 -> 1400.00
2026-04-04 19:40:12,987 -   [LS Iter 2] Cải thiện cost: 1400.00 -> 1381.00
2026-04-04 19:40:13,103 -   [LS Iter 3] Cải thiện cost: 1381.00 -> 1377.00
2026-04-04 19:40:13,226 -   [LS Iter 4] Cải thiện cost: 1377.00 -> 1374.00
2026-04-04 19:40:13,343 - === KẾT THÚC GIAI ĐOẠN 2 | Đạt cực trị tại: 1374.00 ===
2026-04-04 19:40:13,343 - === BẮT ĐẦU CHẶNG 3: ALNS + GLS | Vòng lặp: 150 | Cost: 1374.00 ===
2026-04-04 19:40:13,576 -   [ALNS Iter 1] Related Destroy phá vỡ giới hạn -> BEST MỚI: 1372.00
2026-04-04 19:40:13,946 -   [ALNS Iter 2] Related Destroy phá vỡ giới hạn -> BEST MỚI: 1332.00
2026-04-04 19:40:22,943 -   [GLS Iter 41] Cập nhật ma trận phạt để thay đổi hướng đi.
2026-04-04 19:40:39,006 -   [GLS Iter 101] Cập nhật ma trận phạt để thay đổi hướng đi.
2026-04-04 19:40:52,496 - === KẾT THÚC CHẶNG 3 | Cost xuất sắc nhất đạt được: 1332.00 ===
2026-04-04 19:40:52,496 - === BẮT ĐẦU CHẶNG 4: MAX-SAT CHÍNH XÁC | Cost: 1332.00 ===
2026-04-04 19:40:52,496 -   [GĐ 4.1] Giải bài toán TSP trên từng tuyến đơn...
2026-04-04 19:40:57,578 -     -> Single MaxSAT cải thiện: 1.00. Cost mới: 1331.00
2026-04-04 19:40:57,578 -   [GĐ 4.2] Xét từng cặp tuyến để phân bổ lại khách hàng...
2026-04-04 19:40:57,579 -   --- Pairwise Iter 1 (còn 1155s) ---
2026-04-04 19:41:57,585 -     [P-Timeout 60.0s]
2026-04-04 19:44:23,404 -     [P-Timeout 60.0s]
2026-04-04 19:45:23,424 -     [P-Timeout 60.0s]
2026-04-04 19:46:23,441 -     [P-Timeout 60.0s]
2026-04-04 19:47:23,456 -     [P-Timeout 60.0s]
2026-04-04 19:48:23,473 -     [P-Timeout 60.0s]
2026-04-04 19:49:23,487 -     [P-Timeout 60.0s]
2026-04-04 19:50:23,506 -     [P-Timeout 60.0s]
2026-04-04 19:51:23,530 -     [P-Timeout 60.0s]
2026-04-04 19:52:23,544 -     [P-Timeout 60.0s]
2026-04-04 19:53:23,562 -     [P-Timeout 60.0s]
2026-04-04 19:54:23,578 -     [P-Timeout 60.0s]
2026-04-04 19:55:23,591 -     [P-Timeout 60.0s]
2026-04-04 19:56:23,606 -     [P-Timeout 60.0s]
2026-04-04 19:57:23,630 -     [P-Timeout 60.0s]
2026-04-04 19:59:22,046 -     [P-Timeout 60.0s]
2026-04-04 20:00:10,712 -     [P-Timeout 48.7s]
2026-04-04 20:00:10,732 -     -> Đã đạt cực trị toàn cục cho mọi cặp dưới ngưỡng. KẾT THÚC CHẶNG 4.
2026-04-04 20:00:10,732 - HOÀN THÀNH PIPELINE. Final cost=1331.00 | Time=1198.0s
2026-04-04 20:00:10,732 - ======================================================================
2026-04-04 20:00:10,732 - CW Khởi tạo = 1540 → Sau Pipeline = 1331
2026-04-04 20:00:10,732 - Cải thiện so CW: 209
2026-04-04 20:00:10,732 - Tổng thời gian: 1198.0s
2026-04-04 20:00:10,733 - Verified cost: 1331
2026-04-04 20:00:10,739 - ======================================================================
2026-04-04 20:00:10,739 - FILE: B-n67-k10.vrp
2026-04-04 20:00:10,739 - ======================================================================
2026-04-04 20:00:10,753 - Dim=67 K=10 Cap=100
2026-04-04 20:00:10,753 - --- Step 1: Clarke-Wright Heuristic ---
2026-04-04 20:00:10,760 -   cost=1302 time=0.01s
2026-04-04 20:00:10,760 - --- Step 2, 3, 4: Advanced Optimization Pipeline ---
2026-04-04 20:00:10,760 - =========================================
2026-04-04 20:00:10,760 - BẮT ĐẦU TUYẾN TRÌNH TỐI ƯU (PIPELINE)
2026-04-04 20:00:10,760 - =========================================
2026-04-04 20:00:10,760 - === GIAI ĐOẠN 2: LOCAL SEARCH ĐA TOÁN TỬ | Bắt đầu: 1302.00 ===
2026-04-04 20:00:10,935 -   [LS Iter 1] Cải thiện cost: 1302.00 -> 1096.00
2026-04-04 20:00:11,077 -   [LS Iter 2] Cải thiện cost: 1096.00 -> 1083.00
2026-04-04 20:00:11,208 -   [LS Iter 3] Cải thiện cost: 1083.00 -> 1082.00
2026-04-04 20:00:11,337 - === KẾT THÚC GIAI ĐOẠN 2 | Đạt cực trị tại: 1082.00 ===
2026-04-04 20:00:11,337 - === BẮT ĐẦU CHẶNG 3: ALNS + GLS | Vòng lặp: 150 | Cost: 1082.00 ===
2026-04-04 20:00:11,725 -   [ALNS Iter 2] Related Destroy phá vỡ giới hạn -> BEST MỚI: 1080.00
2026-04-04 20:00:11,973 -   [ALNS Iter 3] Related Destroy phá vỡ giới hạn -> BEST MỚI: 1077.00
2026-04-04 20:00:12,724 -   [ALNS Iter 5] Related Destroy phá vỡ giới hạn -> BEST MỚI: 1075.00
2026-04-04 20:00:14,021 -   [ALNS Iter 9] Related Destroy phá vỡ giới hạn -> BEST MỚI: 1074.00
2026-04-04 20:00:17,994 -   [ALNS Iter 20] Related Destroy phá vỡ giới hạn -> BEST MỚI: 1070.00
2026-04-04 20:00:27,664 -   [GLS Iter 41] Cập nhật ma trận phạt để thay đổi hướng đi.
2026-04-04 20:00:29,793 -   [ALNS Iter 46] Related Destroy phá vỡ giới hạn -> BEST MỚI: 1058.00
2026-04-04 20:00:35,723 -   [GLS Iter 61] Cập nhật ma trận phạt để thay đổi hướng đi.
2026-04-04 20:00:53,318 -   [ALNS Iter 103] Related Destroy phá vỡ giới hạn -> BEST MỚI: 1057.00
2026-04-04 20:00:55,661 -   [ALNS Iter 110] Related Destroy phá vỡ giới hạn -> BEST MỚI: 1050.00
2026-04-04 20:01:14,992 - === KẾT THÚC CHẶNG 3 | Cost xuất sắc nhất đạt được: 1050.00 ===
2026-04-04 20:01:14,992 - === BẮT ĐẦU CHẶNG 4: MAX-SAT CHÍNH XÁC | Cost: 1050.00 ===
2026-04-04 20:01:14,992 -   [GĐ 4.1] Giải bài toán TSP trên từng tuyến đơn...
2026-04-04 20:01:17,526 -   [GĐ 4.2] Xét từng cặp tuyến để phân bổ lại khách hàng...
2026-04-04 20:01:17,526 -   --- Pairwise Iter 1 (còn 1133s) ---
2026-04-04 20:02:17,532 -     [P-Timeout 60.0s]
2026-04-04 20:03:17,545 -     [P-Timeout 60.0s]
2026-04-04 20:04:17,559 -     [P-Timeout 60.0s]
2026-04-04 20:05:17,570 -     [P-Timeout 60.0s]
2026-04-04 20:06:57,861 -     [P-Timeout 60.0s]
2026-04-04 20:07:57,873 -     [P-Timeout 60.0s]
2026-04-04 20:08:57,885 -     [P-Timeout 60.0s]
2026-04-04 20:10:34,178 -     [P-Timeout 60.0s]
2026-04-04 20:11:34,194 -     [P-Timeout 60.0s]
2026-04-04 20:12:34,884 -     [P-Timeout 60.0s]
2026-04-04 20:13:34,899 -     [P-Timeout 60.0s]
2026-04-04 20:14:34,911 -     [P-Timeout 60.0s]
2026-04-04 20:15:34,933 -     [P-Timeout 60.0s]
2026-04-04 20:16:43,294 -     [P-Timeout 60.0s]
2026-04-04 20:17:43,332 -     [P-Timeout 60.0s]
2026-04-04 20:18:43,345 -     [P-Timeout 60.0s]
2026-04-04 20:19:43,362 -     [P-Timeout 60.0s]
2026-04-04 20:20:08,765 -     [P-Timeout 25.4s]
2026-04-04 20:20:08,774 -     -> Đã đạt cực trị toàn cục cho mọi cặp dưới ngưỡng. KẾT THÚC CHẶNG 4.
2026-04-04 20:20:08,774 - HOÀN THÀNH PIPELINE. Final cost=1050.00 | Time=1198.0s
2026-04-04 20:20:08,774 - ======================================================================
2026-04-04 20:20:08,775 - CW Khởi tạo = 1302 → Sau Pipeline = 1050
2026-04-04 20:20:08,775 - Cải thiện so CW: 252
2026-04-04 20:20:08,775 - Tổng thời gian: 1198.0s
2026-04-04 20:20:08,775 - Verified cost: 1050
2026-04-04 20:20:08,780 - ======================================================================
2026-04-04 20:20:08,780 - FILE: B-n68-k9.vrp
2026-04-04 20:20:08,780 - ======================================================================
2026-04-04 20:20:08,790 - Dim=68 K=9 Cap=100
2026-04-04 20:20:08,790 - --- Step 1: Clarke-Wright Heuristic ---
2026-04-04 20:20:08,794 -   cost=1580 time=0.00s
2026-04-04 20:20:08,794 - --- Step 2, 3, 4: Advanced Optimization Pipeline ---
2026-04-04 20:20:08,794 - =========================================
2026-04-04 20:20:08,794 - BẮT ĐẦU TUYẾN TRÌNH TỐI ƯU (PIPELINE)
2026-04-04 20:20:08,795 - =========================================
2026-04-04 20:20:08,795 - === GIAI ĐOẠN 2: LOCAL SEARCH ĐA TOÁN TỬ | Bắt đầu: 1580.00 ===
2026-04-04 20:20:08,974 -   [LS Iter 1] Cải thiện cost: 1580.00 -> 1472.00
2026-04-04 20:20:09,124 -   [LS Iter 2] Cải thiện cost: 1472.00 -> 1440.00
2026-04-04 20:20:09,267 -   [LS Iter 3] Cải thiện cost: 1440.00 -> 1414.00
2026-04-04 20:20:09,414 -   [LS Iter 4] Cải thiện cost: 1414.00 -> 1402.00
2026-04-04 20:20:09,560 - === KẾT THÚC GIAI ĐOẠN 2 | Đạt cực trị tại: 1402.00 ===
2026-04-04 20:20:09,560 - === BẮT ĐẦU CHẶNG 3: ALNS + GLS | Vòng lặp: 150 | Cost: 1402.00 ===
2026-04-04 20:20:09,989 -   [ALNS Iter 1] Related Destroy phá vỡ giới hạn -> BEST MỚI: 1400.00
2026-04-04 20:20:11,288 -   [ALNS Iter 2] Related Destroy phá vỡ giới hạn -> BEST MỚI: 1298.00
2026-04-04 20:20:25,247 -   [GLS Iter 41] Cập nhật ma trận phạt để thay đổi hướng đi.
2026-04-04 20:20:26,867 -   [ALNS Iter 43] Related Destroy phá vỡ giới hạn -> BEST MỚI: 1296.00
2026-04-04 20:20:27,699 -   [ALNS Iter 46] Related Destroy phá vỡ giới hạn -> BEST MỚI: 1295.00
2026-04-04 20:20:29,497 -   [ALNS Iter 51] Related Destroy phá vỡ giới hạn -> BEST MỚI: 1291.00
2026-04-04 20:20:41,030 -   [GLS Iter 81] Cập nhật ma trận phạt để thay đổi hướng đi.
2026-04-04 20:21:04,214 -   [GLS Iter 141] Cập nhật ma trận phạt để thay đổi hướng đi.
2026-04-04 20:21:07,428 - === KẾT THÚC CHẶNG 3 | Cost xuất sắc nhất đạt được: 1291.00 ===
2026-04-04 20:21:07,428 - === BẮT ĐẦU CHẶNG 4: MAX-SAT CHÍNH XÁC | Cost: 1291.00 ===
2026-04-04 20:21:07,428 -   [GĐ 4.1] Giải bài toán TSP trên từng tuyến đơn...
2026-04-04 20:21:41,142 -   [GĐ 4.2] Xét từng cặp tuyến để phân bổ lại khách hàng...
2026-04-04 20:21:41,142 -   --- Pairwise Iter 1 (còn 1108s) ---
2026-04-04 20:22:47,898 -     [P-Timeout 60.0s]
2026-04-04 20:23:47,923 -     [P-Timeout 60.0s]
2026-04-04 20:24:47,947 -     [P-Timeout 60.0s]
2026-04-04 20:25:47,968 -     [P-Timeout 60.0s]
2026-04-04 20:26:47,986 -     [P-Timeout 60.0s]
2026-04-04 20:27:48,006 -     [P-Timeout 60.0s]
2026-04-04 20:28:48,026 -     [P-Timeout 60.0s]
2026-04-04 20:29:48,041 -     [P-Timeout 60.0s]
2026-04-04 20:30:48,065 -     [P-Timeout 60.0s]
2026-04-04 20:31:48,079 -     [P-Timeout 60.0s]
2026-04-04 20:32:48,100 -     [P-Timeout 60.0s]
2026-04-04 20:33:48,123 -     [P-Timeout 60.0s]
2026-04-04 20:34:48,139 -     [P-Timeout 60.0s]
2026-04-04 20:35:48,154 -     [P-Timeout 60.0s]
2026-04-04 20:36:48,170 -     [P-Timeout 60.0s]
2026-04-04 20:37:48,188 -     [P-Timeout 60.0s]
2026-04-04 20:38:48,209 -     [P-Timeout 60.0s]
2026-04-04 20:39:48,231 -     [P-Timeout 60.0s]
2026-04-04 20:40:06,799 -     [P-Timeout 18.6s]
2026-04-04 20:40:06,811 -     -> Đã đạt cực trị toàn cục cho mọi cặp dưới ngưỡng. KẾT THÚC CHẶNG 4.
2026-04-04 20:40:06,812 - HOÀN THÀNH PIPELINE. Final cost=1291.00 | Time=1198.0s
2026-04-04 20:40:06,812 - ======================================================================
2026-04-04 20:40:06,812 - CW Khởi tạo = 1580 → Sau Pipeline = 1291
2026-04-04 20:40:06,812 - Cải thiện so CW: 289
2026-04-04 20:40:06,812 - Tổng thời gian: 1198.0s
2026-04-04 20:40:06,812 - Verified cost: 1291
2026-04-04 20:40:06,819 - ======================================================================
2026-04-04 20:40:06,819 - FILE: B-n78-k10.vrp
2026-04-04 20:40:06,819 - ======================================================================
2026-04-04 20:40:06,834 - Dim=78 K=10 Cap=100
2026-04-04 20:40:06,834 - --- Step 1: Clarke-Wright Heuristic ---
2026-04-04 20:40:06,841 -   cost=1576 time=0.01s
2026-04-04 20:40:06,841 - --- Step 2, 3, 4: Advanced Optimization Pipeline ---
2026-04-04 20:40:06,841 - =========================================
2026-04-04 20:40:06,841 - BẮT ĐẦU TUYẾN TRÌNH TỐI ƯU (PIPELINE)
2026-04-04 20:40:06,841 - =========================================
2026-04-04 20:40:06,841 - === GIAI ĐOẠN 2: LOCAL SEARCH ĐA TOÁN TỬ | Bắt đầu: 1576.00 ===
2026-04-04 20:40:07,068 -   [LS Iter 1] Cải thiện cost: 1576.00 -> 1334.00
2026-04-04 20:40:07,268 -   [LS Iter 2] Cải thiện cost: 1334.00 -> 1284.00
2026-04-04 20:40:07,463 -   [LS Iter 3] Cải thiện cost: 1284.00 -> 1263.00
2026-04-04 20:40:07,651 -   [LS Iter 4] Cải thiện cost: 1263.00 -> 1257.00
2026-04-04 20:40:07,845 -   [LS Iter 5] Cải thiện cost: 1257.00 -> 1254.00
2026-04-04 20:40:08,042 -   [LS Iter 6] Cải thiện cost: 1254.00 -> 1253.00
2026-04-04 20:40:08,236 -   [LS Iter 7] Cải thiện cost: 1253.00 -> 1252.00
2026-04-04 20:40:08,429 - === KẾT THÚC GIAI ĐOẠN 2 | Đạt cực trị tại: 1252.00 ===
2026-04-04 20:40:08,430 - === BẮT ĐẦU CHẶNG 3: ALNS + GLS | Vòng lặp: 150 | Cost: 1252.00 ===
2026-04-04 20:40:09,585 -   [ALNS Iter 1] Related Destroy phá vỡ giới hạn -> BEST MỚI: 1249.00
2026-04-04 20:40:44,924 -   [GLS Iter 61] Cập nhật ma trận phạt để thay đổi hướng đi.
2026-04-04 20:41:22,654 -   [GLS Iter 121] Cập nhật ma trận phạt để thay đổi hướng đi.
2026-04-04 20:41:39,661 - === KẾT THÚC CHẶNG 3 | Cost xuất sắc nhất đạt được: 1249.00 ===
2026-04-04 20:41:39,661 - === BẮT ĐẦU CHẶNG 4: MAX-SAT CHÍNH XÁC | Cost: 1249.00 ===
2026-04-04 20:41:39,661 -   [GĐ 4.1] Giải bài toán TSP trên từng tuyến đơn...
2026-04-04 20:41:40,200 -     -> Single MaxSAT cải thiện: 1.00. Cost mới: 1248.00
2026-04-04 20:41:40,200 -   [GĐ 4.2] Xét từng cặp tuyến để phân bổ lại khách hàng...
2026-04-04 20:41:40,200 -   --- Pairwise Iter 1 (còn 1107s) ---
2026-04-04 20:42:40,204 -     [P-Timeout 60.0s]
2026-04-04 20:43:40,228 -     [P-Timeout 60.0s]
2026-04-04 20:44:40,242 -     [P-Timeout 60.0s]
2026-04-04 20:45:40,255 -     [P-Timeout 60.0s]
2026-04-04 20:46:40,268 -     [P-Timeout 60.0s]
2026-04-04 20:47:40,286 -     [P-Timeout 60.0s]
2026-04-04 20:48:40,299 -     [P-Timeout 60.0s]
2026-04-04 20:49:40,313 -     [P-Timeout 60.0s]
2026-04-04 20:50:40,333 -     [P-Timeout 60.0s]
2026-04-04 20:51:40,346 -     [P-Timeout 60.0s]
2026-04-04 20:52:40,365 -     [P-Timeout 60.0s]
2026-04-04 20:53:40,380 -     [P-Timeout 60.0s]
2026-04-04 20:54:40,401 -     [P-Timeout 60.0s]
2026-04-04 20:55:40,428 -     [P-Timeout 60.0s]
2026-04-04 20:56:40,445 -     [P-Timeout 60.0s]
2026-04-04 20:57:40,462 -     [P-Timeout 60.0s]
2026-04-04 20:58:40,482 -     [P-Timeout 60.0s]
2026-04-04 20:59:40,499 -     [P-Timeout 60.0s]
2026-04-04 21:00:04,853 -     [P-Timeout 24.3s]
2026-04-04 21:00:04,863 -     -> Đã đạt cực trị toàn cục cho mọi cặp dưới ngưỡng. KẾT THÚC CHẶNG 4.
2026-04-04 21:00:04,863 - HOÀN THÀNH PIPELINE. Final cost=1248.00 | Time=1198.0s
2026-04-04 21:00:04,863 - ======================================================================
2026-04-04 21:00:04,863 - CW Khởi tạo = 1576 → Sau Pipeline = 1248
2026-04-04 21:00:04,863 - Cải thiện so CW: 328
2026-04-04 21:00:04,863 - Tổng thời gian: 1198.0s
2026-04-04 21:00:04,863 - Verified cost: 1248
