2026-04-28 01:20:05,127 - ======================================================================
2026-04-28 01:20:05,127 - FILE: X-n429-k61.vrp
2026-04-28 01:20:05,127 - ======================================================================
2026-04-28 01:20:05,451 - Dim=429 K=61 Cap=536
2026-04-28 01:20:05,451 - --- Step 1: Clarke-Wright Heuristic ---
2026-04-28 01:20:10,871 -   cost=241642 time=5.42s
2026-04-28 01:20:10,871 - --- Step 2, 3, 4: Advanced Optimization Pipeline ---
2026-04-28 01:20:10,871 - =========================================
2026-04-28 01:20:10,871 - BẮT ĐẦU TUYẾN TRÌNH TỐI ƯU (PIPELINE)
2026-04-28 01:20:10,871 - =========================================
2026-04-28 01:20:10,871 - === GIAI ĐOẠN 2: LOCAL SEARCH ĐA TOÁN TỬ | Bắt đầu: 241642.00 ===
2026-04-28 01:20:17,398 -   [LS Iter 1] Cải thiện cost: 241642.00 -> 92514.00
2026-04-28 01:20:22,676 -   [LS Iter 2] Cải thiện cost: 92514.00 -> 78582.00
2026-04-28 01:20:27,458 -   [LS Iter 3] Cải thiện cost: 78582.00 -> 76110.00
2026-04-28 01:20:31,959 -   [LS Iter 4] Cải thiện cost: 76110.00 -> 74484.00
2026-04-28 01:20:36,343 -   [LS Iter 5] Cải thiện cost: 74484.00 -> 73629.00
2026-04-28 01:20:40,790 -   [LS Iter 6] Cải thiện cost: 73629.00 -> 73450.00
2026-04-28 01:20:45,391 -   [LS Iter 7] Cải thiện cost: 73450.00 -> 73387.00
2026-04-28 01:20:50,054 -   [LS Iter 8] Cải thiện cost: 73387.00 -> 73168.00
2026-04-28 01:20:54,696 -   [LS Iter 9] Cải thiện cost: 73168.00 -> 73153.00
2026-04-28 01:20:59,410 - === KẾT THÚC GIAI ĐOẠN 2 | Đạt cực trị tại: 73153.00 ===
2026-04-28 01:20:59,411 - === BẮT ĐẦU CHẶNG 3: ALNS + GLS | Vòng lặp: 300 | Cost: 73153.00 ===
2026-04-28 01:21:22,872 -   [GLS Iter 21] Cập nhật ma trận phạt do kẹt tải trọng liên tục.
2026-04-28 01:22:21,789 -   [GLS Iter 81] Cập nhật ma trận phạt do kẹt tải trọng liên tục.
2026-04-28 01:23:16,780 -   [GLS Iter 141] Cập nhật ma trận phạt do kẹt tải trọng liên tục.
2026-04-28 01:24:19,446 -   [GLS Iter 201] Cập nhật ma trận phạt do kẹt tải trọng liên tục.
2026-04-28 01:25:16,823 -   [GLS Iter 261] Cập nhật ma trận phạt do kẹt tải trọng liên tục.
2026-04-28 01:25:55,818 - === KẾT THÚC CHẶNG 3 | Cost xuất sắc nhất đạt được: 73153.00 ===
2026-04-28 01:25:55,819 - === BẮT ĐẦU CHẶNG 4: MAX-SAT CHÍNH XÁC | Cost: 73153.00 ===
2026-04-28 01:25:55,819 -   [GĐ 4.1] Giải bài toán TSP trên từng tuyến đơn...
2026-04-28 01:27:42,570 -     [S-Timeout 40.0s]
2026-04-28 01:28:48,273 -     [S-Timeout 40.0s]
2026-04-28 01:29:28,287 -     [S-Timeout 40.0s]
2026-04-28 01:32:29,093 -     [S-Timeout 40.0s]
2026-04-28 01:33:15,868 -     [S-Timeout 40.0s]
2026-04-28 01:33:55,881 -     [S-Timeout 40.0s]
2026-04-28 01:35:03,232 -     [S-Timeout 40.0s]
2026-04-28 01:35:43,245 -     [S-Timeout 40.0s]
2026-04-28 01:37:26,843 -     [S-Timeout 40.0s]
2026-04-28 01:38:36,145 -     [S-Timeout 40.0s]
2026-04-28 01:39:16,240 -     [S-Timeout 40.0s]
2026-04-28 01:40:08,875 -     [S-Timeout 39.6s]
2026-04-28 01:40:08,885 -     -> Single MaxSAT cải thiện: 3.00. Cost mới: 73150.00
2026-04-28 01:40:08,885 -   [GĐ 4.2] Xét từng cặp tuyến để phân bổ lại khách hàng...
2026-04-28 01:40:08,885 -   --- Pairwise Iter 1 (còn 2s) ---
2026-04-28 01:40:08,913 -     -> Đã đạt cực trị toàn cục cho mọi cặp dưới ngưỡng. KẾT THÚC CHẶNG 4.
2026-04-28 01:40:08,913 - HOÀN THÀNH PIPELINE. Final cost=73150.00 | Time=1198.0s
2026-04-28 01:40:08,913 - ======================================================================
2026-04-28 01:40:08,914 - CW Khởi tạo = 241642 → Sau Pipeline = 73150
2026-04-28 01:40:08,914 - Cải thiện so CW: 168492
2026-04-28 01:40:08,914 - Tổng thời gian: 1203.5s
2026-04-28 01:40:08,914 - Verified cost: 73150
2026-04-28 01:40:08,919 - ======================================================================
2026-04-28 01:40:08,919 - FILE: X-n439-k37.vrp
2026-04-28 01:40:08,919 - ======================================================================
2026-04-28 01:40:09,187 - Dim=439 K=37 Cap=12
2026-04-28 01:40:09,187 - --- Step 1: Clarke-Wright Heuristic ---
2026-04-28 01:40:09,557 -   cost=46271 time=0.37s
2026-04-28 01:40:09,557 - --- Step 2, 3, 4: Advanced Optimization Pipeline ---
2026-04-28 01:40:09,557 - =========================================
2026-04-28 01:40:09,557 - BẮT ĐẦU TUYẾN TRÌNH TỐI ƯU (PIPELINE)
2026-04-28 01:40:09,557 - =========================================
2026-04-28 01:40:09,557 - === GIAI ĐOẠN 2: LOCAL SEARCH ĐA TOÁN TỬ | Bắt đầu: 46271.00 ===
2026-04-28 01:40:19,464 -   [LS Iter 1] Cải thiện cost: 46271.00 -> 40303.00
2026-04-28 01:40:28,971 -   [LS Iter 2] Cải thiện cost: 40303.00 -> 39876.00
2026-04-28 01:40:38,425 -   [LS Iter 3] Cải thiện cost: 39876.00 -> 39837.00
2026-04-28 01:40:47,993 -   [LS Iter 4] Cải thiện cost: 39837.00 -> 39767.00
2026-04-28 01:40:57,610 -   [LS Iter 5] Cải thiện cost: 39767.00 -> 39711.00
2026-04-28 01:41:07,017 -   [LS Iter 6] Cải thiện cost: 39711.00 -> 39671.00
2026-04-28 01:41:16,473 -   [LS Iter 7] Cải thiện cost: 39671.00 -> 39645.00
2026-04-28 01:41:25,947 -   [LS Iter 8] Cải thiện cost: 39645.00 -> 39556.00
2026-04-28 01:41:35,303 -   [LS Iter 9] Cải thiện cost: 39556.00 -> 39493.00
2026-04-28 01:41:44,481 -   [LS Iter 10] Cải thiện cost: 39493.00 -> 39486.00
2026-04-28 01:41:53,610 -   [LS Iter 11] Cải thiện cost: 39486.00 -> 39484.00
2026-04-28 01:42:02,682 - === KẾT THÚC GIAI ĐOẠN 2 | Đạt cực trị tại: 39484.00 ===
2026-04-28 01:42:02,682 - === BẮT ĐẦU CHẶNG 3: ALNS + GLS | Vòng lặp: 300 | Cost: 39484.00 ===
2026-04-28 01:42:51,992 -   [ALNS Iter 1] Worst Destroy phá vỡ giới hạn -> BEST MỚI: 38788.00
2026-04-28 01:43:40,414 -   [ALNS Iter 2] Worst Destroy phá vỡ giới hạn -> BEST MỚI: 38345.00
2026-04-28 01:44:18,925 -   [ALNS Iter 3] Worst Destroy phá vỡ giới hạn -> BEST MỚI: 38226.00
2026-04-28 01:45:08,198 -   [ALNS Iter 4] Worst Destroy phá vỡ giới hạn -> BEST MỚI: 38184.00
2026-04-28 01:47:55,940 -   [ALNS Iter 8] Worst Destroy phá vỡ giới hạn -> BEST MỚI: 38163.00
2026-04-28 01:48:35,891 -   [ALNS Iter 9] Worst Destroy phá vỡ giới hạn -> BEST MỚI: 37845.00
2026-04-28 01:49:22,319 -   [ALNS Iter 10] Worst Destroy phá vỡ giới hạn -> BEST MỚI: 37587.00
2026-04-28 01:51:48,744 -   [ALNS Iter 13] Worst Destroy phá vỡ giới hạn -> BEST MỚI: 37575.00
2026-04-28 01:52:57,650 -   [ALNS Iter 15] Worst Destroy phá vỡ giới hạn -> BEST MỚI: 37502.00
2026-04-28 01:56:17,591 -   [GLS Iter 21] Cập nhật ma trận phạt để thay đổi hướng đi.
2026-04-28 02:00:13,561 - === KẾT THÚC CHẶNG 3 | Cost xuất sắc nhất đạt được: 37502.00 ===
2026-04-28 02:00:13,561 - ======================================================================
2026-04-28 02:00:13,561 - CW Khởi tạo = 46271 → Sau Pipeline = 37502
2026-04-28 02:00:13,561 - Cải thiện so CW: 8769
2026-04-28 02:00:13,562 - Tổng thời gian: 1204.4s
2026-04-28 02:00:13,562 - Verified cost: 37502
2026-04-28 02:00:13,567 - ======================================================================
2026-04-28 02:00:13,567 - FILE: X-n449-k29.vrp
2026-04-28 02:00:13,567 - ======================================================================
2026-04-28 02:00:13,842 - Dim=449 K=29 Cap=777
2026-04-28 02:00:13,842 - --- Step 1: Clarke-Wright Heuristic ---
2026-04-28 02:00:14,217 -   cost=74556 time=0.38s
2026-04-28 02:00:14,218 - --- Step 2, 3, 4: Advanced Optimization Pipeline ---
2026-04-28 02:00:14,218 - =========================================
2026-04-28 02:00:14,218 - BẮT ĐẦU TUYẾN TRÌNH TỐI ƯU (PIPELINE)
2026-04-28 02:00:14,218 - =========================================
2026-04-28 02:00:14,218 - === GIAI ĐOẠN 2: LOCAL SEARCH ĐA TOÁN TỬ | Bắt đầu: 74556.00 ===
2026-04-28 02:00:21,998 -   [LS Iter 1] Cải thiện cost: 74556.00 -> 64930.00
2026-04-28 02:00:29,273 -   [LS Iter 2] Cải thiện cost: 64930.00 -> 63910.00
2026-04-28 02:00:36,449 -   [LS Iter 3] Cải thiện cost: 63910.00 -> 63609.00
2026-04-28 02:00:43,754 -   [LS Iter 4] Cải thiện cost: 63609.00 -> 63142.00
2026-04-28 02:00:51,011 -   [LS Iter 5] Cải thiện cost: 63142.00 -> 62692.00
2026-04-28 02:00:58,239 -   [LS Iter 6] Cải thiện cost: 62692.00 -> 62635.00
2026-04-28 02:01:05,463 -   [LS Iter 7] Cải thiện cost: 62635.00 -> 62613.00
2026-04-28 02:01:12,639 -   [LS Iter 8] Cải thiện cost: 62613.00 -> 62565.00
2026-04-28 02:01:19,798 -   [LS Iter 9] Cải thiện cost: 62565.00 -> 62545.00
2026-04-28 02:01:27,007 -   [LS Iter 10] Cải thiện cost: 62545.00 -> 62525.00
2026-04-28 02:01:34,186 -   [LS Iter 11] Cải thiện cost: 62525.00 -> 62501.00
2026-04-28 02:01:41,537 -   [LS Iter 12] Cải thiện cost: 62501.00 -> 62491.00
2026-04-28 02:01:48,713 -   [LS Iter 13] Cải thiện cost: 62491.00 -> 62481.00
2026-04-28 02:01:55,919 -   [LS Iter 14] Cải thiện cost: 62481.00 -> 62475.00
2026-04-28 02:02:03,124 -   [LS Iter 15] Cải thiện cost: 62475.00 -> 62473.00
2026-04-28 02:02:10,333 -   [LS Iter 16] Cải thiện cost: 62473.00 -> 62469.00
2026-04-28 02:02:17,483 -   [LS Iter 17] Cải thiện cost: 62469.00 -> 62454.00
2026-04-28 02:02:24,684 -   [LS Iter 18] Cải thiện cost: 62454.00 -> 62452.00
2026-04-28 02:02:31,843 -   [LS Iter 19] Cải thiện cost: 62452.00 -> 62451.00
2026-04-28 02:02:38,997 - === KẾT THÚC GIAI ĐOẠN 2 | Đạt cực trị tại: 62451.00 ===
2026-04-28 02:02:38,997 - === BẮT ĐẦU CHẶNG 3: ALNS + GLS | Vòng lặp: 300 | Cost: 62451.00 ===
2026-04-28 02:09:36,846 -   [GLS Iter 21] Cập nhật ma trận phạt do kẹt tải trọng liên tục.
2026-04-28 02:20:19,281 - === KẾT THÚC CHẶNG 3 | Cost xuất sắc nhất đạt được: 62451.00 ===
2026-04-28 02:20:19,282 - ======================================================================
2026-04-28 02:20:19,282 - CW Khởi tạo = 74556 → Sau Pipeline = 62451
2026-04-28 02:20:19,282 - Cải thiện so CW: 12105
2026-04-28 02:20:19,282 - Tổng thời gian: 1205.4s
2026-04-28 02:20:19,282 - Verified cost: 62451
2026-04-28 02:20:19,287 - ======================================================================
2026-04-28 02:20:19,287 - FILE: X-n459-k26.vrp
2026-04-28 02:20:19,287 - ======================================================================
2026-04-28 02:20:19,584 - Dim=459 K=26 Cap=1106
2026-04-28 02:20:19,584 - --- Step 1: Clarke-Wright Heuristic ---
2026-04-28 02:20:19,966 -   cost=36213 time=0.38s
2026-04-28 02:20:19,966 - --- Step 2, 3, 4: Advanced Optimization Pipeline ---
2026-04-28 02:20:19,966 - =========================================
2026-04-28 02:20:19,966 - BẮT ĐẦU TUYẾN TRÌNH TỐI ƯU (PIPELINE)
2026-04-28 02:20:19,966 - =========================================
2026-04-28 02:20:19,966 - === GIAI ĐOẠN 2: LOCAL SEARCH ĐA TOÁN TỬ | Bắt đầu: 36213.00 ===
2026-04-28 02:20:31,207 -   [LS Iter 1] Cải thiện cost: 36213.00 -> 30189.00
2026-04-28 02:20:41,419 -   [LS Iter 2] Cải thiện cost: 30189.00 -> 29628.00
2026-04-28 02:20:51,389 -   [LS Iter 3] Cải thiện cost: 29628.00 -> 29398.00
2026-04-28 02:21:01,169 -   [LS Iter 4] Cải thiện cost: 29398.00 -> 29241.00
2026-04-28 02:21:11,493 -   [LS Iter 5] Cải thiện cost: 29241.00 -> 28929.00
2026-04-28 02:21:21,421 -   [LS Iter 6] Cải thiện cost: 28929.00 -> 28851.00
2026-04-28 02:21:31,272 -   [LS Iter 7] Cải thiện cost: 28851.00 -> 28830.00
2026-04-28 02:21:41,028 -   [LS Iter 8] Cải thiện cost: 28830.00 -> 28826.00
2026-04-28 02:21:50,782 -   [LS Iter 9] Cải thiện cost: 28826.00 -> 28824.00
2026-04-28 02:22:00,513 -   [LS Iter 10] Cải thiện cost: 28824.00 -> 28823.00
2026-04-28 02:22:10,284 -   [LS Iter 11] Cải thiện cost: 28823.00 -> 28801.00
2026-04-28 02:22:19,856 -   [LS Iter 12] Cải thiện cost: 28801.00 -> 28793.00
2026-04-28 02:22:29,377 -   [LS Iter 13] Cải thiện cost: 28793.00 -> 28781.00
2026-04-28 02:22:39,143 -   [LS Iter 14] Cải thiện cost: 28781.00 -> 28779.00
2026-04-28 02:22:48,923 -   [LS Iter 15] Cải thiện cost: 28779.00 -> 28778.00
2026-04-28 02:22:58,702 -   [LS Iter 16] Cải thiện cost: 28778.00 -> 28774.00
2026-04-28 02:23:08,455 - === KẾT THÚC GIAI ĐOẠN 2 | Đạt cực trị tại: 28774.00 ===
2026-04-28 02:23:08,455 - === BẮT ĐẦU CHẶNG 3: ALNS + GLS | Vòng lặp: 300 | Cost: 28774.00 ===
2026-04-28 02:26:57,865 -   [ALNS Iter 6] Related Destroy phá vỡ giới hạn -> BEST MỚI: 28058.00
2026-04-28 02:28:49,647 -   [ALNS Iter 7] Random Destroy phá vỡ giới hạn -> BEST MỚI: 27931.00
2026-04-28 02:29:42,078 -   [ALNS Iter 9] Random Destroy phá vỡ giới hạn -> BEST MỚI: 27780.00
2026-04-28 02:30:58,675 -   [ALNS Iter 13] Random Destroy phá vỡ giới hạn -> BEST MỚI: 27672.00
2026-04-28 02:35:12,898 -   [ALNS Iter 14] Related Destroy phá vỡ giới hạn -> BEST MỚI: 27223.00
2026-04-28 02:36:41,498 -   [ALNS Iter 25] Related Destroy phá vỡ giới hạn -> BEST MỚI: 26844.00
2026-04-28 02:37:41,917 -   [ALNS Iter 31] Random Destroy phá vỡ giới hạn -> BEST MỚI: 26743.00
2026-04-28 02:40:27,013 - === KẾT THÚC CHẶNG 3 | Cost xuất sắc nhất đạt được: 26743.00 ===
2026-04-28 02:40:27,014 - ======================================================================
2026-04-28 02:40:27,014 - CW Khởi tạo = 36213 → Sau Pipeline = 26743
2026-04-28 02:40:27,015 - Cải thiện so CW: 9470
2026-04-28 02:40:27,015 - Tổng thời gian: 1207.4s
2026-04-28 02:40:27,015 - Verified cost: 26743
2026-04-28 02:40:27,020 - ======================================================================
2026-04-28 02:40:27,028 - FILE: X-n469-k138.vrp
2026-04-28 02:40:27,028 - ======================================================================
2026-04-28 02:40:27,320 - Dim=469 K=138 Cap=256
2026-04-28 02:40:27,320 - --- Step 1: Clarke-Wright Heuristic ---
2026-04-28 02:50:59,931 - CW thất bại → fallback K=999
2026-04-28 02:51:00,121 -   cost=242353 time=0.17s
2026-04-28 02:51:00,121 - --- Step 2, 3, 4: Advanced Optimization Pipeline ---
2026-04-28 02:51:00,122 - =========================================
2026-04-28 02:51:00,122 - BẮT ĐẦU TUYẾN TRÌNH TỐI ƯU (PIPELINE)
2026-04-28 02:51:00,122 - =========================================
2026-04-28 02:51:00,122 - === GIAI ĐOẠN 2: LOCAL SEARCH ĐA TOÁN TỬ | Bắt đầu: 242353.00 ===
2026-04-28 02:51:03,200 -   [LS Iter 1] Cải thiện cost: 242353.00 -> 239299.00
2026-04-28 02:51:06,177 -   [LS Iter 2] Cải thiện cost: 239299.00 -> 238050.00
2026-04-28 02:51:09,151 -   [LS Iter 3] Cải thiện cost: 238050.00 -> 236993.00
2026-04-28 02:51:12,123 -   [LS Iter 4] Cải thiện cost: 236993.00 -> 236614.00
2026-04-28 02:51:15,062 -   [LS Iter 5] Cải thiện cost: 236614.00 -> 236436.00
2026-04-28 02:51:18,018 -   [LS Iter 6] Cải thiện cost: 236436.00 -> 236214.00
2026-04-28 02:51:21,010 -   [LS Iter 7] Cải thiện cost: 236214.00 -> 236204.00
2026-04-28 02:51:23,940 - === KẾT THÚC GIAI ĐOẠN 2 | Đạt cực trị tại: 236204.00 ===
2026-04-28 02:51:23,941 - === BẮT ĐẦU CHẶNG 3: ALNS + GLS | Vòng lặp: 300 | Cost: 236204.00 ===
2026-04-28 02:51:46,832 -   [ALNS Iter 1] Worst Destroy phá vỡ giới hạn -> BEST MỚI: 233377.00
2026-04-28 02:52:03,037 -   [ALNS Iter 2] Worst Destroy phá vỡ giới hạn -> BEST MỚI: 233110.00
2026-04-28 02:52:31,869 -   [ALNS Iter 3] Worst Destroy phá vỡ giới hạn -> BEST MỚI: 230864.00
2026-04-28 02:55:03,971 -   [ALNS Iter 11] Worst Destroy phá vỡ giới hạn -> BEST MỚI: 230805.00
2026-04-28 02:55:19,040 -   [ALNS Iter 12] Worst Destroy phá vỡ giới hạn -> BEST MỚI: 230648.00
2026-04-28 02:55:47,085 -   [ALNS Iter 13] Worst Destroy phá vỡ giới hạn -> BEST MỚI: 229717.00
2026-04-28 03:06:33,764 -   [ALNS Iter 46] Worst Destroy phá vỡ giới hạn -> BEST MỚI: 229512.00
2026-04-28 03:06:59,984 -   [ALNS Iter 47] Worst Destroy phá vỡ giới hạn -> BEST MỚI: 229061.00
2026-04-28 03:09:50,214 -   [ALNS Iter 55] Worst Destroy phá vỡ giới hạn -> BEST MỚI: 228944.00
2026-04-28 03:11:02,617 - === KẾT THÚC CHẶNG 3 | Cost xuất sắc nhất đạt được: 228944.00 ===
2026-04-28 03:11:02,618 - ======================================================================
2026-04-28 03:11:02,618 - CW Khởi tạo = 242353 → Sau Pipeline = 228944
2026-04-28 03:11:02,618 - Cải thiện so CW: 13409
2026-04-28 03:11:02,618 - Tổng thời gian: 1202.7s
2026-04-28 03:11:02,618 - Verified cost: 228944
2026-04-28 03:11:02,623 - ======================================================================
2026-04-28 03:11:02,623 - FILE: X-n480-k70.vrp
2026-04-28 03:11:02,624 - ======================================================================
2026-04-28 03:11:02,933 - Dim=480 K=70 Cap=52
2026-04-28 03:11:02,933 - --- Step 1: Clarke-Wright Heuristic ---
2026-04-28 03:15:45,408 - CW thất bại → fallback K=999
2026-04-28 03:15:45,592 -   cost=164394 time=0.17s
2026-04-28 03:15:45,593 - --- Step 2, 3, 4: Advanced Optimization Pipeline ---
2026-04-28 03:15:45,593 - =========================================
2026-04-28 03:15:45,593 - BẮT ĐẦU TUYẾN TRÌNH TỐI ƯU (PIPELINE)
2026-04-28 03:15:45,593 - =========================================
2026-04-28 03:15:45,593 - === GIAI ĐOẠN 2: LOCAL SEARCH ĐA TOÁN TỬ | Bắt đầu: 164394.00 ===
2026-04-28 03:15:53,721 -   [LS Iter 1] Cải thiện cost: 164394.00 -> 140520.00
2026-04-28 03:16:03,069 -   [LS Iter 2] Cải thiện cost: 140520.00 -> 136033.00
2026-04-28 03:16:12,157 -   [LS Iter 3] Cải thiện cost: 136033.00 -> 134916.00
2026-04-28 03:16:21,140 -   [LS Iter 4] Cải thiện cost: 134916.00 -> 134040.00
2026-04-28 03:16:30,013 -   [LS Iter 5] Cải thiện cost: 134040.00 -> 133150.00
2026-04-28 03:16:38,813 -   [LS Iter 6] Cải thiện cost: 133150.00 -> 132216.00
2026-04-28 03:16:47,530 -   [LS Iter 7] Cải thiện cost: 132216.00 -> 131307.00
2026-04-28 03:16:56,155 -   [LS Iter 8] Cải thiện cost: 131307.00 -> 130235.00
2026-04-28 03:17:04,661 -   [LS Iter 9] Cải thiện cost: 130235.00 -> 129387.00
2026-04-28 03:17:13,526 -   [LS Iter 10] Cải thiện cost: 129387.00 -> 128564.00
2026-04-28 03:17:21,855 -   [LS Iter 11] Cải thiện cost: 128564.00 -> 127721.00
2026-04-28 03:17:30,058 -   [LS Iter 12] Cải thiện cost: 127721.00 -> 126881.00
2026-04-28 03:17:38,209 -   [LS Iter 13] Cải thiện cost: 126881.00 -> 126097.00
2026-04-28 03:17:46,243 -   [LS Iter 14] Cải thiện cost: 126097.00 -> 125329.00
2026-04-28 03:17:54,200 -   [LS Iter 15] Cải thiện cost: 125329.00 -> 124594.00
2026-04-28 03:18:02,151 -   [LS Iter 16] Cải thiện cost: 124594.00 -> 123859.00
2026-04-28 03:18:10,051 -   [LS Iter 17] Cải thiện cost: 123859.00 -> 123115.00
2026-04-28 03:18:17,836 -   [LS Iter 18] Cải thiện cost: 123115.00 -> 122419.00
2026-04-28 03:18:25,624 -   [LS Iter 19] Cải thiện cost: 122419.00 -> 121581.00
2026-04-28 03:18:33,364 -   [LS Iter 20] Cải thiện cost: 121581.00 -> 120869.00
2026-04-28 03:18:41,049 -   [LS Iter 21] Cải thiện cost: 120869.00 -> 119907.00
2026-04-28 03:18:48,640 -   [LS Iter 22] Cải thiện cost: 119907.00 -> 119051.00
2026-04-28 03:18:56,176 -   [LS Iter 23] Cải thiện cost: 119051.00 -> 118305.00
2026-04-28 03:19:03,660 -   [LS Iter 24] Cải thiện cost: 118305.00 -> 117324.00
2026-04-28 03:19:11,021 -   [LS Iter 25] Cải thiện cost: 117324.00 -> 116627.00
2026-04-28 03:19:18,484 -   [LS Iter 26] Cải thiện cost: 116627.00 -> 115942.00
2026-04-28 03:19:25,888 -   [LS Iter 27] Cải thiện cost: 115942.00 -> 115170.00
2026-04-28 03:19:33,271 -   [LS Iter 28] Cải thiện cost: 115170.00 -> 114405.00
2026-04-28 03:19:40,546 -   [LS Iter 29] Cải thiện cost: 114405.00 -> 113744.00
2026-04-28 03:19:47,793 -   [LS Iter 30] Cải thiện cost: 113744.00 -> 113087.00
2026-04-28 03:19:54,942 -   [LS Iter 31] Cải thiện cost: 113087.00 -> 112451.00
2026-04-28 03:20:02,024 -   [LS Iter 32] Cải thiện cost: 112451.00 -> 111744.00
2026-04-28 03:20:09,004 -   [LS Iter 33] Cải thiện cost: 111744.00 -> 111131.00
2026-04-28 03:20:15,958 -   [LS Iter 34] Cải thiện cost: 111131.00 -> 110366.00
2026-04-28 03:20:22,878 -   [LS Iter 35] Cải thiện cost: 110366.00 -> 109557.00
2026-04-28 03:20:29,753 -   [LS Iter 36] Cải thiện cost: 109557.00 -> 108893.00
2026-04-28 03:20:36,547 -   [LS Iter 37] Cải thiện cost: 108893.00 -> 108269.00
2026-04-28 03:20:43,276 -   [LS Iter 38] Cải thiện cost: 108269.00 -> 107670.00
2026-04-28 03:20:49,927 -   [LS Iter 39] Cải thiện cost: 107670.00 -> 106946.00
2026-04-28 03:20:56,516 -   [LS Iter 40] Cải thiện cost: 106946.00 -> 106195.00
2026-04-28 03:21:03,072 -   [LS Iter 41] Cải thiện cost: 106195.00 -> 105537.00
2026-04-28 03:21:09,619 -   [LS Iter 42] Cải thiện cost: 105537.00 -> 104949.00
2026-04-28 03:21:16,079 -   [LS Iter 43] Cải thiện cost: 104949.00 -> 104375.00
2026-04-28 03:21:22,551 -   [LS Iter 44] Cải thiện cost: 104375.00 -> 103807.00
2026-04-28 03:21:28,941 -   [LS Iter 45] Cải thiện cost: 103807.00 -> 103245.00
2026-04-28 03:21:35,330 -   [LS Iter 46] Cải thiện cost: 103245.00 -> 102584.00
2026-04-28 03:21:41,714 -   [LS Iter 47] Cải thiện cost: 102584.00 -> 102032.00
2026-04-28 03:21:48,069 -   [LS Iter 48] Cải thiện cost: 102032.00 -> 101456.00
2026-04-28 03:21:54,456 -   [LS Iter 49] Cải thiện cost: 101456.00 -> 100821.00
2026-04-28 03:22:00,728 -   [LS Iter 50] Cải thiện cost: 100821.00 -> 100194.00
2026-04-28 03:22:06,925 -   [LS Iter 51] Cải thiện cost: 100194.00 -> 99588.00
2026-04-28 03:22:13,106 -   [LS Iter 52] Cải thiện cost: 99588.00 -> 99061.00
2026-04-28 03:22:19,237 -   [LS Iter 53] Cải thiện cost: 99061.00 -> 98160.00
2026-04-28 03:22:25,326 -   [LS Iter 54] Cải thiện cost: 98160.00 -> 97635.00
2026-04-28 03:22:31,381 -   [LS Iter 55] Cải thiện cost: 97635.00 -> 97150.00
2026-04-28 03:22:37,466 -   [LS Iter 56] Cải thiện cost: 97150.00 -> 96670.00
2026-04-28 03:22:43,565 -   [LS Iter 57] Cải thiện cost: 96670.00 -> 96227.00
2026-04-28 03:22:49,652 -   [LS Iter 58] Cải thiện cost: 96227.00 -> 95794.00
2026-04-28 03:22:55,800 -   [LS Iter 59] Cải thiện cost: 95794.00 -> 95330.00
2026-04-28 03:23:01,909 -   [LS Iter 60] Cải thiện cost: 95330.00 -> 95114.00
2026-04-28 03:23:08,022 -   [LS Iter 61] Cải thiện cost: 95114.00 -> 94810.00
2026-04-28 03:23:14,069 -   [LS Iter 62] Cải thiện cost: 94810.00 -> 94700.00
2026-04-28 03:23:20,130 -   [LS Iter 63] Cải thiện cost: 94700.00 -> 94391.00
2026-04-28 03:23:26,233 -   [LS Iter 64] Cải thiện cost: 94391.00 -> 94322.00
2026-04-28 03:23:32,272 -   [LS Iter 65] Cải thiện cost: 94322.00 -> 94165.00
2026-04-28 03:23:38,249 -   [LS Iter 66] Cải thiện cost: 94165.00 -> 94109.00
2026-04-28 03:23:44,217 -   [LS Iter 67] Cải thiện cost: 94109.00 -> 94107.00
2026-04-28 03:23:50,245 -   [LS Iter 68] Cải thiện cost: 94107.00 -> 94091.00
2026-04-28 03:23:56,250 -   [LS Iter 69] Cải thiện cost: 94091.00 -> 94081.00
2026-04-28 03:24:02,205 -   [LS Iter 70] Cải thiện cost: 94081.00 -> 94029.00
2026-04-28 03:24:08,098 -   [LS Iter 71] Cải thiện cost: 94029.00 -> 93651.00
2026-04-28 03:24:13,986 -   [LS Iter 72] Cải thiện cost: 93651.00 -> 93537.00
2026-04-28 03:24:19,850 -   [LS Iter 73] Cải thiện cost: 93537.00 -> 93533.00
2026-04-28 03:24:25,751 -   [LS Iter 74] Cải thiện cost: 93533.00 -> 93521.00
2026-04-28 03:24:31,790 - === KẾT THÚC GIAI ĐOẠN 2 | Đạt cực trị tại: 93521.00 ===
2026-04-28 03:24:31,791 - === BẮT ĐẦU CHẶNG 3: ALNS + GLS | Vòng lặp: 300 | Cost: 93521.00 ===
2026-04-28 03:26:07,243 -   [ALNS Iter 1] Worst Destroy phá vỡ giới hạn -> BEST MỚI: 92935.00
2026-04-28 03:35:48,698 - === KẾT THÚC CHẶNG 3 | Cost xuất sắc nhất đạt được: 92935.00 ===
2026-04-28 03:35:48,699 - ======================================================================
2026-04-28 03:35:48,699 - CW Khởi tạo = 164394 → Sau Pipeline = 92935
2026-04-28 03:35:48,699 - Cải thiện so CW: 71459
2026-04-28 03:35:48,699 - Tổng thời gian: 1203.3s
2026-04-28 03:35:48,699 - Verified cost: 92935
2026-04-28 03:35:48,704 - ======================================================================
2026-04-28 03:35:48,704 - FILE: X-n491-k59.vrp
2026-04-28 03:35:48,704 - ======================================================================
2026-04-28 03:35:49,025 - Dim=491 K=59 Cap=428
2026-04-28 03:35:49,025 - --- Step 1: Clarke-Wright Heuristic ---
2026-04-28 03:35:50,760 -   cost=281299 time=1.73s
2026-04-28 03:35:50,760 - --- Step 2, 3, 4: Advanced Optimization Pipeline ---
2026-04-28 03:35:50,760 - =========================================
2026-04-28 03:35:50,760 - BẮT ĐẦU TUYẾN TRÌNH TỐI ƯU (PIPELINE)
2026-04-28 03:35:50,760 - =========================================
2026-04-28 03:35:50,761 - === GIAI ĐOẠN 2: LOCAL SEARCH ĐA TOÁN TỬ | Bắt đầu: 281299.00 ===
2026-04-28 03:36:00,953 -   [LS Iter 1] Cải thiện cost: 281299.00 -> 110557.00
2026-04-28 03:36:08,354 -   [LS Iter 2] Cải thiện cost: 110557.00 -> 87388.00
2026-04-28 03:36:14,611 -   [LS Iter 3] Cải thiện cost: 87388.00 -> 81297.00
2026-04-28 03:36:20,733 -   [LS Iter 4] Cải thiện cost: 81297.00 -> 78953.00
2026-04-28 03:36:26,683 -   [LS Iter 5] Cải thiện cost: 78953.00 -> 77218.00
2026-04-28 03:36:32,696 -   [LS Iter 6] Cải thiện cost: 77218.00 -> 75587.00
2026-04-28 03:36:38,664 -   [LS Iter 7] Cải thiện cost: 75587.00 -> 75307.00
2026-04-28 03:36:44,642 -   [LS Iter 8] Cải thiện cost: 75307.00 -> 75204.00
2026-04-28 03:36:50,604 -   [LS Iter 9] Cải thiện cost: 75204.00 -> 75157.00
2026-04-28 03:36:56,553 -   [LS Iter 10] Cải thiện cost: 75157.00 -> 75119.00
2026-04-28 03:37:02,462 -   [LS Iter 11] Cải thiện cost: 75119.00 -> 75092.00
2026-04-28 03:37:08,347 -   [LS Iter 12] Cải thiện cost: 75092.00 -> 75074.00
2026-04-28 03:37:14,330 -   [LS Iter 13] Cải thiện cost: 75074.00 -> 74999.00
2026-04-28 03:37:20,232 -   [LS Iter 14] Cải thiện cost: 74999.00 -> 74984.00
2026-04-28 03:37:26,103 -   [LS Iter 15] Cải thiện cost: 74984.00 -> 74970.00
2026-04-28 03:37:32,030 -   [LS Iter 16] Cải thiện cost: 74970.00 -> 74957.00
2026-04-28 03:37:37,878 -   [LS Iter 17] Cải thiện cost: 74957.00 -> 74933.00
2026-04-28 03:37:43,756 -   [LS Iter 18] Cải thiện cost: 74933.00 -> 74814.00
2026-04-28 03:37:49,692 -   [LS Iter 19] Cải thiện cost: 74814.00 -> 74735.00
2026-04-28 03:37:55,654 -   [LS Iter 20] Cải thiện cost: 74735.00 -> 74597.00
2026-04-28 03:38:01,558 -   [LS Iter 21] Cải thiện cost: 74597.00 -> 74452.00
2026-04-28 03:38:07,461 -   [LS Iter 22] Cải thiện cost: 74452.00 -> 74437.00
2026-04-28 03:38:13,362 -   [LS Iter 23] Cải thiện cost: 74437.00 -> 74041.00
2026-04-28 03:38:19,187 -   [LS Iter 24] Cải thiện cost: 74041.00 -> 74017.00
2026-04-28 03:38:25,009 -   [LS Iter 25] Cải thiện cost: 74017.00 -> 73981.00
2026-04-28 03:38:30,838 -   [LS Iter 26] Cải thiện cost: 73981.00 -> 73962.00
2026-04-28 03:38:36,651 -   [LS Iter 27] Cải thiện cost: 73962.00 -> 73953.00
2026-04-28 03:38:42,462 -   [LS Iter 28] Cải thiện cost: 73953.00 -> 73917.00
2026-04-28 03:38:48,288 -   [LS Iter 29] Cải thiện cost: 73917.00 -> 73872.00
2026-04-28 03:38:54,150 -   [LS Iter 30] Cải thiện cost: 73872.00 -> 73858.00
2026-04-28 03:38:59,978 -   [LS Iter 31] Cải thiện cost: 73858.00 -> 73833.00
2026-04-28 03:39:05,819 -   [LS Iter 32] Cải thiện cost: 73833.00 -> 73827.00
2026-04-28 03:39:11,635 -   [LS Iter 33] Cải thiện cost: 73827.00 -> 73823.00
2026-04-28 03:39:17,457 -   [LS Iter 34] Cải thiện cost: 73823.00 -> 73821.00
2026-04-28 03:39:23,307 -   [LS Iter 35] Cải thiện cost: 73821.00 -> 73738.00
2026-04-28 03:39:29,149 -   [LS Iter 36] Cải thiện cost: 73738.00 -> 73733.00
2026-04-28 03:39:34,973 -   [LS Iter 37] Cải thiện cost: 73733.00 -> 73732.00
2026-04-28 03:39:40,806 - === KẾT THÚC GIAI ĐOẠN 2 | Đạt cực trị tại: 73732.00 ===
2026-04-28 03:39:40,806 - === BẮT ĐẦU CHẶNG 3: ALNS + GLS | Vòng lặp: 300 | Cost: 73732.00 ===
2026-04-28 03:40:47,324 -   [ALNS Iter 1] Related Destroy phá vỡ giới hạn -> BEST MỚI: 73333.00
2026-04-28 03:44:30,986 -   [ALNS Iter 19] Related Destroy phá vỡ giới hạn -> BEST MỚI: 72545.00
2026-04-28 03:46:46,253 -   [ALNS Iter 24] Related Destroy phá vỡ giới hạn -> BEST MỚI: 72483.00
2026-04-28 03:47:40,781 -   [ALNS Iter 26] Related Destroy phá vỡ giới hạn -> BEST MỚI: 72465.00
2026-04-28 03:50:50,193 -   [ALNS Iter 29] Related Destroy phá vỡ giới hạn -> BEST MỚI: 71878.00
2026-04-28 03:52:26,053 -   [ALNS Iter 33] Related Destroy phá vỡ giới hạn -> BEST MỚI: 71801.00
2026-04-28 03:55:50,900 - === KẾT THÚC CHẶNG 3 | Cost xuất sắc nhất đạt được: 71801.00 ===
2026-04-28 03:55:50,900 - ======================================================================
2026-04-28 03:55:50,900 - CW Khởi tạo = 281299 → Sau Pipeline = 71801
2026-04-28 03:55:50,901 - Cải thiện so CW: 209498
2026-04-28 03:55:50,901 - Tổng thời gian: 1201.9s
2026-04-28 03:55:50,901 - Verified cost: 71801
2026-04-28 03:55:50,906 - ======================================================================
2026-04-28 03:55:50,906 - FILE: X-n502-k39.vrp
2026-04-28 03:55:50,906 - ======================================================================
2026-04-28 03:55:51,261 - Dim=502 K=39 Cap=13
2026-04-28 03:55:51,261 - --- Step 1: Clarke-Wright Heuristic ---
2026-04-28 03:55:51,766 -   cost=79197 time=0.50s
2026-04-28 03:55:51,766 - --- Step 2, 3, 4: Advanced Optimization Pipeline ---
2026-04-28 03:55:51,767 - =========================================
2026-04-28 03:55:51,767 - BẮT ĐẦU TUYẾN TRÌNH TỐI ƯU (PIPELINE)
2026-04-28 03:55:51,767 - =========================================
2026-04-28 03:55:51,767 - === GIAI ĐOẠN 2: LOCAL SEARCH ĐA TOÁN TỬ | Bắt đầu: 79197.00 ===
2026-04-28 03:56:05,842 -   [LS Iter 1] Cải thiện cost: 79197.00 -> 72059.00
2026-04-28 03:56:18,989 -   [LS Iter 2] Cải thiện cost: 72059.00 -> 71638.00
2026-04-28 03:56:32,034 -   [LS Iter 3] Cải thiện cost: 71638.00 -> 71444.00
2026-04-28 03:56:45,025 -   [LS Iter 4] Cải thiện cost: 71444.00 -> 71303.00
2026-04-28 03:56:57,997 -   [LS Iter 5] Cải thiện cost: 71303.00 -> 71265.00
2026-04-28 03:57:10,863 - === KẾT THÚC GIAI ĐOẠN 2 | Đạt cực trị tại: 71265.00 ===
2026-04-28 03:57:10,863 - === BẮT ĐẦU CHẶNG 3: ALNS + GLS | Vòng lặp: 300 | Cost: 71265.00 ===
2026-04-28 03:58:05,434 -   [ALNS Iter 1] Random Destroy phá vỡ giới hạn -> BEST MỚI: 71125.00
2026-04-28 04:00:58,466 -   [ALNS Iter 3] Random Destroy phá vỡ giới hạn -> BEST MỚI: 70979.00
2026-04-28 04:10:10,527 -   [ALNS Iter 9] Related Destroy phá vỡ giới hạn -> BEST MỚI: 70948.00
2026-04-28 04:11:03,059 -   [ALNS Iter 10] Random Destroy phá vỡ giới hạn -> BEST MỚI: 70854.00
2026-04-28 04:11:54,684 -   [ALNS Iter 11] Related Destroy phá vỡ giới hạn -> BEST MỚI: 70833.00
2026-04-28 04:12:47,996 -   [ALNS Iter 12] Random Destroy phá vỡ giới hạn -> BEST MỚI: 70706.00
2026-04-28 04:16:01,306 - === KẾT THÚC CHẶNG 3 | Cost xuất sắc nhất đạt được: 70706.00 ===
2026-04-28 04:16:01,307 - ======================================================================
2026-04-28 04:16:01,307 - CW Khởi tạo = 79197 → Sau Pipeline = 70706
2026-04-28 04:16:01,307 - Cải thiện so CW: 8491
2026-04-28 04:16:01,307 - Tổng thời gian: 1210.0s
2026-04-28 04:16:01,307 - Verified cost: 70706
2026-04-28 04:16:01,312 - ======================================================================
2026-04-28 04:16:01,312 - FILE: X-n513-k21.vrp
2026-04-28 04:16:01,312 - ======================================================================
2026-04-28 04:16:01,669 - Dim=513 K=21 Cap=142
2026-04-28 04:16:01,669 - --- Step 1: Clarke-Wright Heuristic ---
2026-04-28 04:16:02,203 -   cost=36124 time=0.53s
2026-04-28 04:16:02,203 - --- Step 2, 3, 4: Advanced Optimization Pipeline ---
2026-04-28 04:16:02,203 - =========================================
2026-04-28 04:16:02,203 - BẮT ĐẦU TUYẾN TRÌNH TỐI ƯU (PIPELINE)
2026-04-28 04:16:02,203 - =========================================
2026-04-28 04:16:02,203 - === GIAI ĐOẠN 2: LOCAL SEARCH ĐA TOÁN TỬ | Bắt đầu: 36124.00 ===
2026-04-28 04:16:25,196 -   [LS Iter 1] Cải thiện cost: 36124.00 -> 29897.00
2026-04-28 04:16:45,335 -   [LS Iter 2] Cải thiện cost: 29897.00 -> 28990.00
2026-04-28 04:17:06,542 -   [LS Iter 3] Cải thiện cost: 28990.00 -> 28842.00
2026-04-28 04:17:27,602 -   [LS Iter 4] Cải thiện cost: 28842.00 -> 28748.00
2026-04-28 04:17:48,878 -   [LS Iter 5] Cải thiện cost: 28748.00 -> 28685.00
2026-04-28 04:18:10,090 -   [LS Iter 6] Cải thiện cost: 28685.00 -> 28592.00
2026-04-28 04:18:31,081 -   [LS Iter 7] Cải thiện cost: 28592.00 -> 28556.00
2026-04-28 04:18:51,814 -   [LS Iter 8] Cải thiện cost: 28556.00 -> 28526.00
2026-04-28 04:19:12,341 -   [LS Iter 9] Cải thiện cost: 28526.00 -> 28503.00
2026-04-28 04:19:32,910 -   [LS Iter 10] Cải thiện cost: 28503.00 -> 28480.00
2026-04-28 04:19:53,219 -   [LS Iter 11] Cải thiện cost: 28480.00 -> 28458.00
2026-04-28 04:20:13,850 -   [LS Iter 12] Cải thiện cost: 28458.00 -> 28435.00
2026-04-28 04:20:34,304 -   [LS Iter 13] Cải thiện cost: 28435.00 -> 28375.00
2026-04-28 04:20:54,329 -   [LS Iter 14] Cải thiện cost: 28375.00 -> 28339.00
2026-04-28 04:21:13,935 -   [LS Iter 15] Cải thiện cost: 28339.00 -> 28246.00
2026-04-28 04:21:33,028 -   [LS Iter 16] Cải thiện cost: 28246.00 -> 28213.00
2026-04-28 04:21:51,964 -   [LS Iter 17] Cải thiện cost: 28213.00 -> 28194.00
2026-04-28 04:22:10,559 -   [LS Iter 18] Cải thiện cost: 28194.00 -> 28168.00
2026-04-28 04:22:29,405 -   [LS Iter 19] Cải thiện cost: 28168.00 -> 28123.00
2026-04-28 04:22:48,047 -   [LS Iter 20] Cải thiện cost: 28123.00 -> 28058.00
2026-04-28 04:23:06,730 -   [LS Iter 21] Cải thiện cost: 28058.00 -> 28021.00
2026-04-28 04:23:25,072 -   [LS Iter 22] Cải thiện cost: 28021.00 -> 28007.00
2026-04-28 04:23:43,229 -   [LS Iter 23] Cải thiện cost: 28007.00 -> 27993.00
2026-04-28 04:24:01,415 -   [LS Iter 24] Cải thiện cost: 27993.00 -> 27980.00
2026-04-28 04:24:19,531 -   [LS Iter 25] Cải thiện cost: 27980.00 -> 27971.00
2026-04-28 04:24:37,563 -   [LS Iter 26] Cải thiện cost: 27971.00 -> 27965.00
2026-04-28 04:24:55,145 -   [LS Iter 27] Cải thiện cost: 27965.00 -> 27960.00
2026-04-28 04:25:12,432 -   [LS Iter 28] Cải thiện cost: 27960.00 -> 27958.00
2026-04-28 04:25:29,545 -   [LS Iter 29] Cải thiện cost: 27958.00 -> 27956.00
2026-04-28 04:25:46,913 -   [LS Iter 30] Cải thiện cost: 27956.00 -> 27955.00
2026-04-28 04:26:04,180 -   [LS Iter 31] Cải thiện cost: 27955.00 -> 27949.00
2026-04-28 04:26:21,403 -   [LS Iter 32] Cải thiện cost: 27949.00 -> 27943.00
2026-04-28 04:26:38,402 -   [LS Iter 33] Cải thiện cost: 27943.00 -> 27940.00
2026-04-28 04:26:54,941 -   [LS Iter 34] Cải thiện cost: 27940.00 -> 27934.00
2026-04-28 04:27:11,412 -   [LS Iter 35] Cải thiện cost: 27934.00 -> 27933.00
2026-04-28 04:27:28,046 -   [LS Iter 36] Cải thiện cost: 27933.00 -> 27930.00
2026-04-28 04:27:44,483 - === KẾT THÚC GIAI ĐOẠN 2 | Đạt cực trị tại: 27930.00 ===
2026-04-28 04:27:44,483 - === BẮT ĐẦU CHẶNG 3: ALNS + GLS | Vòng lặp: 300 | Cost: 27930.00 ===
2026-04-28 04:36:11,711 - === KẾT THÚC CHẶNG 3 | Cost xuất sắc nhất đạt được: 27930.00 ===
2026-04-28 04:36:11,711 - ======================================================================
2026-04-28 04:36:11,711 - CW Khởi tạo = 36124 → Sau Pipeline = 27930
2026-04-28 04:36:11,711 - Cải thiện so CW: 8194
2026-04-28 04:36:11,711 - Tổng thời gian: 1210.0s
2026-04-28 04:36:11,711 - Verified cost: 27930
2026-04-28 04:36:11,717 - ======================================================================
2026-04-28 04:36:11,717 - FILE: X-n524-k153.vrp
2026-04-28 04:36:11,717 - ======================================================================
2026-04-28 04:36:12,084 - Dim=524 K=153 Cap=125
2026-04-28 04:36:12,084 - --- Step 1: Clarke-Wright Heuristic ---
2026-04-28 04:36:35,511 -   cost=329820 time=23.43s
2026-04-28 04:36:35,511 - --- Step 2, 3, 4: Advanced Optimization Pipeline ---
2026-04-28 04:36:35,511 - =========================================
2026-04-28 04:36:35,512 - BẮT ĐẦU TUYẾN TRÌNH TỐI ƯU (PIPELINE)
2026-04-28 04:36:35,512 - =========================================
2026-04-28 04:36:35,512 - === GIAI ĐOẠN 2: LOCAL SEARCH ĐA TOÁN TỬ | Bắt đầu: 329820.00 ===
2026-04-28 04:36:44,267 -   [LS Iter 1] Cải thiện cost: 329820.00 -> 174935.00
2026-04-28 04:36:50,182 -   [LS Iter 2] Cải thiện cost: 174935.00 -> 164456.00
2026-04-28 04:36:55,517 -   [LS Iter 3] Cải thiện cost: 164456.00 -> 161074.00
2026-04-28 04:37:00,827 -   [LS Iter 4] Cải thiện cost: 161074.00 -> 159888.00
2026-04-28 04:37:06,128 -   [LS Iter 5] Cải thiện cost: 159888.00 -> 159353.00
2026-04-28 04:37:11,487 -   [LS Iter 6] Cải thiện cost: 159353.00 -> 159154.00
2026-04-28 04:37:16,778 -   [LS Iter 7] Cải thiện cost: 159154.00 -> 159124.00
2026-04-28 04:37:22,091 -   [LS Iter 8] Cải thiện cost: 159124.00 -> 159102.00
2026-04-28 04:37:27,389 -   [LS Iter 9] Cải thiện cost: 159102.00 -> 159051.00
2026-04-28 04:37:32,706 -   [LS Iter 10] Cải thiện cost: 159051.00 -> 158993.00
2026-04-28 04:37:38,010 -   [LS Iter 11] Cải thiện cost: 158993.00 -> 158978.00
2026-04-28 04:37:43,477 -   [LS Iter 12] Cải thiện cost: 158978.00 -> 158967.00
2026-04-28 04:37:48,815 -   [LS Iter 13] Cải thiện cost: 158967.00 -> 158957.00
2026-04-28 04:37:54,132 -   [LS Iter 14] Cải thiện cost: 158957.00 -> 158942.00
2026-04-28 04:37:59,404 -   [LS Iter 15] Cải thiện cost: 158942.00 -> 158924.00
2026-04-28 04:38:04,684 -   [LS Iter 16] Cải thiện cost: 158924.00 -> 158818.00
2026-04-28 04:38:09,932 -   [LS Iter 17] Cải thiện cost: 158818.00 -> 158810.00
2026-04-28 04:38:15,134 -   [LS Iter 18] Cải thiện cost: 158810.00 -> 158801.00
2026-04-28 04:38:20,345 -   [LS Iter 19] Cải thiện cost: 158801.00 -> 158794.00
2026-04-28 04:38:25,567 -   [LS Iter 20] Cải thiện cost: 158794.00 -> 158788.00
2026-04-28 04:38:30,782 -   [LS Iter 21] Cải thiện cost: 158788.00 -> 158782.00
2026-04-28 04:38:36,025 -   [LS Iter 22] Cải thiện cost: 158782.00 -> 158777.00
2026-04-28 04:38:41,241 -   [LS Iter 23] Cải thiện cost: 158777.00 -> 158765.00
2026-04-28 04:38:46,450 -   [LS Iter 24] Cải thiện cost: 158765.00 -> 158760.00
2026-04-28 04:38:51,690 -   [LS Iter 25] Cải thiện cost: 158760.00 -> 158754.00
2026-04-28 04:38:56,917 -   [LS Iter 26] Cải thiện cost: 158754.00 -> 158751.00
2026-04-28 04:39:02,156 -   [LS Iter 27] Cải thiện cost: 158751.00 -> 158742.00
2026-04-28 04:39:07,417 -   [LS Iter 28] Cải thiện cost: 158742.00 -> 158739.00
2026-04-28 04:39:12,637 -   [LS Iter 29] Cải thiện cost: 158739.00 -> 158725.00
2026-04-28 04:39:17,863 -   [LS Iter 30] Cải thiện cost: 158725.00 -> 158717.00
2026-04-28 04:39:23,121 -   [LS Iter 31] Cải thiện cost: 158717.00 -> 158713.00
2026-04-28 04:39:28,345 -   [LS Iter 32] Cải thiện cost: 158713.00 -> 158710.00
2026-04-28 04:39:33,577 -   [LS Iter 33] Cải thiện cost: 158710.00 -> 158708.00
2026-04-28 04:39:38,867 -   [LS Iter 34] Cải thiện cost: 158708.00 -> 158697.00
2026-04-28 04:39:44,137 -   [LS Iter 35] Cải thiện cost: 158697.00 -> 158693.00
2026-04-28 04:39:49,438 -   [LS Iter 36] Cải thiện cost: 158693.00 -> 158691.00
2026-04-28 04:39:54,760 -   [LS Iter 37] Cải thiện cost: 158691.00 -> 158689.00
2026-04-28 04:40:00,038 -   [LS Iter 38] Cải thiện cost: 158689.00 -> 158687.00
2026-04-28 04:40:05,321 -   [LS Iter 39] Cải thiện cost: 158687.00 -> 158685.00
2026-04-28 04:40:10,609 -   [LS Iter 40] Cải thiện cost: 158685.00 -> 158677.00
2026-04-28 04:40:15,919 -   [LS Iter 41] Cải thiện cost: 158677.00 -> 158671.00
2026-04-28 04:40:21,242 -   [LS Iter 42] Cải thiện cost: 158671.00 -> 158638.00
2026-04-28 04:40:26,559 -   [LS Iter 43] Cải thiện cost: 158638.00 -> 158628.00
2026-04-28 04:40:31,876 -   [LS Iter 44] Cải thiện cost: 158628.00 -> 158623.00
2026-04-28 04:40:37,198 -   [LS Iter 45] Cải thiện cost: 158623.00 -> 158622.00
2026-04-28 04:40:42,536 -   [LS Iter 46] Cải thiện cost: 158622.00 -> 158621.00
2026-04-28 04:40:47,864 -   [LS Iter 47] Cải thiện cost: 158621.00 -> 158619.00
2026-04-28 04:40:53,220 -   [LS Iter 48] Cải thiện cost: 158619.00 -> 158618.00
2026-04-28 04:40:58,504 -   [LS Iter 49] Cải thiện cost: 158618.00 -> 158617.00
2026-04-28 04:41:03,794 -   [LS Iter 50] Cải thiện cost: 158617.00 -> 158616.00
2026-04-28 04:41:09,043 -   [LS Iter 51] Cải thiện cost: 158616.00 -> 158615.00
2026-04-28 04:41:14,284 -   [LS Iter 52] Cải thiện cost: 158615.00 -> 158614.00
2026-04-28 04:41:19,535 -   [LS Iter 53] Cải thiện cost: 158614.00 -> 158613.00
2026-04-28 04:41:24,846 -   [LS Iter 54] Cải thiện cost: 158613.00 -> 158612.00
2026-04-28 04:41:30,096 -   [LS Iter 55] Cải thiện cost: 158612.00 -> 158611.00
2026-04-28 04:41:35,319 -   [LS Iter 56] Cải thiện cost: 158611.00 -> 158609.00
2026-04-28 04:41:40,587 -   [LS Iter 57] Cải thiện cost: 158609.00 -> 158608.00
2026-04-28 04:41:45,806 -   [LS Iter 58] Cải thiện cost: 158608.00 -> 158607.00
2026-04-28 04:41:51,046 -   [LS Iter 59] Cải thiện cost: 158607.00 -> 158599.00
2026-04-28 04:41:56,258 -   [LS Iter 60] Cải thiện cost: 158599.00 -> 158597.00
2026-04-28 04:42:01,453 -   [LS Iter 61] Cải thiện cost: 158597.00 -> 158596.00
2026-04-28 04:42:06,641 -   [LS Iter 62] Cải thiện cost: 158596.00 -> 158595.00
2026-04-28 04:42:11,860 -   [LS Iter 63] Cải thiện cost: 158595.00 -> 158594.00
2026-04-28 04:42:17,048 -   [LS Iter 64] Cải thiện cost: 158594.00 -> 158593.00
2026-04-28 04:42:22,273 - === KẾT THÚC GIAI ĐOẠN 2 | Đạt cực trị tại: 158593.00 ===
2026-04-28 04:42:22,273 - === BẮT ĐẦU CHẶNG 3: ALNS + GLS | Vòng lặp: 300 | Cost: 158593.00 ===
2026-04-28 04:43:04,171 -   [GLS Iter 21] Cập nhật ma trận phạt do kẹt tải trọng liên tục.
2026-04-28 04:45:08,697 -   [GLS Iter 81] Cập nhật ma trận phạt do kẹt tải trọng liên tục.
2026-04-28 04:47:16,446 -   [GLS Iter 141] Cập nhật ma trận phạt do kẹt tải trọng liên tục.
2026-04-28 04:49:24,640 -   [GLS Iter 201] Cập nhật ma trận phạt do kẹt tải trọng liên tục.
2026-04-28 04:51:43,556 -   [GLS Iter 261] Cập nhật ma trận phạt do kẹt tải trọng liên tục.
2026-04-28 04:52:54,592 - === KẾT THÚC CHẶNG 3 | Cost xuất sắc nhất đạt được: 158593.00 ===
2026-04-28 04:52:54,593 - === BẮT ĐẦU CHẶNG 4: MAX-SAT CHÍNH XÁC | Cost: 158593.00 ===
2026-04-28 04:52:54,593 -   [GĐ 4.1] Giải bài toán TSP trên từng tuyến đơn...
2026-04-28 04:53:34,598 -     [S-Timeout 40.0s]
2026-04-28 04:54:14,652 -     [S-Timeout 40.0s]
2026-04-28 04:54:54,787 -     [S-Timeout 40.0s]
2026-04-28 04:55:36,784 -     [S-Timeout 40.0s]
2026-04-28 04:56:33,515 -     [S-Timeout 5.8s]
2026-04-28 04:56:33,523 -   [GĐ 4.2] Xét từng cặp tuyến để phân bổ lại khách hàng...
2026-04-28 04:56:33,523 -   --- Pairwise Iter 1 (còn 2s) ---
2026-04-28 04:56:33,598 -     -> Đã đạt cực trị toàn cục cho mọi cặp dưới ngưỡng. KẾT THÚC CHẶNG 4.
2026-04-28 04:56:33,599 - HOÀN THÀNH PIPELINE. Final cost=158593.00 | Time=1198.1s
2026-04-28 04:56:33,599 - ======================================================================
2026-04-28 04:56:33,599 - CW Khởi tạo = 329820 → Sau Pipeline = 158593
2026-04-28 04:56:33,599 - Cải thiện so CW: 171227
2026-04-28 04:56:33,599 - Tổng thời gian: 1221.5s
2026-04-28 04:56:33,599 - Verified cost: 158593
2026-04-28 04:56:33,605 - ======================================================================
2026-04-28 04:56:33,605 - FILE: X-n536-k96.vrp
2026-04-28 04:56:33,605 - ======================================================================
2026-04-28 04:56:33,986 - Dim=536 K=96 Cap=371
2026-04-28 04:56:33,986 - --- Step 1: Clarke-Wright Heuristic ---
2026-04-28 04:56:36,227 -   cost=292348 time=2.24s
2026-04-28 04:56:36,227 - --- Step 2, 3, 4: Advanced Optimization Pipeline ---
2026-04-28 04:56:36,228 - =========================================
2026-04-28 04:56:36,228 - BẮT ĐẦU TUYẾN TRÌNH TỐI ƯU (PIPELINE)
2026-04-28 04:56:36,228 - =========================================
2026-04-28 04:56:36,228 - === GIAI ĐOẠN 2: LOCAL SEARCH ĐA TOÁN TỬ | Bắt đầu: 292348.00 ===
2026-04-28 04:56:41,785 -   [LS Iter 1] Cải thiện cost: 292348.00 -> 127474.00
2026-04-28 04:56:47,136 -   [LS Iter 2] Cải thiện cost: 127474.00 -> 113890.00
2026-04-28 04:56:52,388 -   [LS Iter 3] Cải thiện cost: 113890.00 -> 108533.00
2026-04-28 04:56:57,561 -   [LS Iter 4] Cải thiện cost: 108533.00 -> 106469.00
2026-04-28 04:57:02,766 -   [LS Iter 5] Cải thiện cost: 106469.00 -> 105869.00
2026-04-28 04:57:07,934 -   [LS Iter 6] Cải thiện cost: 105869.00 -> 105103.00
2026-04-28 04:57:13,123 -   [LS Iter 7] Cải thiện cost: 105103.00 -> 104745.00
2026-04-28 04:57:18,295 -   [LS Iter 8] Cải thiện cost: 104745.00 -> 104380.00
2026-04-28 04:57:23,487 -   [LS Iter 9] Cải thiện cost: 104380.00 -> 104365.00
2026-04-28 04:57:28,639 - === KẾT THÚC GIAI ĐOẠN 2 | Đạt cực trị tại: 104365.00 ===
2026-04-28 04:57:28,640 - === BẮT ĐẦU CHẶNG 3: ALNS + GLS | Vòng lặp: 300 | Cost: 104365.00 ===
2026-04-28 04:57:56,518 -   [GLS Iter 21] Cập nhật ma trận phạt do kẹt tải trọng liên tục.
2026-04-28 04:58:55,393 -   [ALNS Iter 40] Related Destroy phá vỡ giới hạn -> BEST MỚI: 104099.00
2026-04-28 04:59:51,528 -   [ALNS Iter 58] Related Destroy phá vỡ giới hạn -> BEST MỚI: 103911.00
2026-04-28 04:59:56,102 -   [GLS Iter 61] Cập nhật ma trận phạt do kẹt tải trọng liên tục.
2026-04-28 05:01:17,295 -   [GLS Iter 121] Cập nhật ma trận phạt do kẹt tải trọng liên tục.
2026-04-28 05:03:26,023 -   [GLS Iter 181] Cập nhật ma trận phạt do kẹt tải trọng liên tục.
2026-04-28 05:05:18,841 -   [GLS Iter 241] Cập nhật ma trận phạt do kẹt tải trọng liên tục.
2026-04-28 05:07:03,032 -   [ALNS Iter 280] Related Destroy phá vỡ giới hạn -> BEST MỚI: 102906.00
2026-04-28 05:07:23,846 - === KẾT THÚC CHẶNG 3 | Cost xuất sắc nhất đạt được: 102906.00 ===
2026-04-28 05:07:23,847 - === BẮT ĐẦU CHẶNG 4: MAX-SAT CHÍNH XÁC | Cost: 102906.00 ===
2026-04-28 05:07:23,847 -   [GĐ 4.1] Giải bài toán TSP trên từng tuyến đơn...
2026-04-28 05:08:04,122 -     [S-Timeout 40.0s]
2026-04-28 05:08:44,765 -     [S-Timeout 40.0s]
2026-04-28 05:09:24,781 -     [S-Timeout 40.0s]
2026-04-28 05:10:15,712 -     [S-Timeout 40.0s]
2026-04-28 05:11:09,300 -     [S-Timeout 40.0s]
2026-04-28 05:11:49,346 -     [S-Timeout 40.0s]
2026-04-28 05:13:05,591 -     [S-Timeout 40.0s]
2026-04-28 05:13:52,553 -     [S-Timeout 40.0s]
2026-04-28 05:14:27,031 -   [GĐ 4.2] Xét từng cặp tuyến để phân bổ lại khách hàng...
2026-04-28 05:14:27,031 -   --- Pairwise Iter 1 (còn 129s) ---
2026-04-28 05:15:27,068 -     [P-Timeout 60.0s]
2026-04-28 05:16:27,083 -     [P-Timeout 60.0s]
2026-04-28 05:16:34,232 -     [P-Timeout 7.1s]
2026-04-28 05:16:34,257 -     -> Đã đạt cực trị toàn cục cho mọi cặp dưới ngưỡng. KẾT THÚC CHẶNG 4.
2026-04-28 05:16:34,258 - HOÀN THÀNH PIPELINE. Final cost=102906.00 | Time=1198.0s
2026-04-28 05:16:34,258 - ======================================================================
2026-04-28 05:16:34,258 - CW Khởi tạo = 292348 → Sau Pipeline = 102906
2026-04-28 05:16:34,258 - Cải thiện so CW: 189442
2026-04-28 05:16:34,258 - Tổng thời gian: 1200.3s
2026-04-28 05:16:34,258 - Verified cost: 102906
2026-04-28 05:16:34,261 - ======================================================================
2026-04-28 05:16:34,261 - FILE: X-n548-k50.vrp
2026-04-28 05:16:34,261 - ======================================================================
2026-04-28 05:16:34,664 - Dim=548 K=50 Cap=11
2026-04-28 05:16:34,664 - --- Step 1: Clarke-Wright Heuristic ---
2026-04-28 05:16:35,262 -   cost=102234 time=0.60s
2026-04-28 05:16:35,263 - --- Step 2, 3, 4: Advanced Optimization Pipeline ---
2026-04-28 05:16:35,263 - =========================================
2026-04-28 05:16:35,263 - BẮT ĐẦU TUYẾN TRÌNH TỐI ƯU (PIPELINE)
2026-04-28 05:16:35,263 - =========================================
2026-04-28 05:16:35,263 - === GIAI ĐOẠN 2: LOCAL SEARCH ĐA TOÁN TỬ | Bắt đầu: 102234.00 ===
2026-04-28 05:16:49,170 -   [LS Iter 1] Cải thiện cost: 102234.00 -> 92593.00
2026-04-28 05:17:02,662 -   [LS Iter 2] Cải thiện cost: 92593.00 -> 91480.00
2026-04-28 05:17:16,279 -   [LS Iter 3] Cải thiện cost: 91480.00 -> 91012.00
2026-04-28 05:17:29,699 -   [LS Iter 4] Cải thiện cost: 91012.00 -> 90906.00
2026-04-28 05:17:42,891 -   [LS Iter 5] Cải thiện cost: 90906.00 -> 90893.00
2026-04-28 05:17:56,108 -   [LS Iter 6] Cải thiện cost: 90893.00 -> 90880.00
2026-04-28 05:18:09,345 -   [LS Iter 7] Cải thiện cost: 90880.00 -> 90801.00
2026-04-28 05:18:22,588 - === KẾT THÚC GIAI ĐOẠN 2 | Đạt cực trị tại: 90801.00 ===
2026-04-28 05:18:22,588 - === BẮT ĐẦU CHẶNG 3: ALNS + GLS | Vòng lặp: 300 | Cost: 90801.00 ===
2026-04-28 05:19:47,249 -   [ALNS Iter 1] Worst Destroy phá vỡ giới hạn -> BEST MỚI: 89905.00
2026-04-28 05:22:09,422 -   [ALNS Iter 3] Worst Destroy phá vỡ giới hạn -> BEST MỚI: 89890.00
2026-04-28 05:24:30,413 -   [ALNS Iter 5] Random Destroy phá vỡ giới hạn -> BEST MỚI: 89317.00
2026-04-28 05:36:42,311 - === KẾT THÚC CHẶNG 3 | Cost xuất sắc nhất đạt được: 89317.00 ===
2026-04-28 05:36:42,311 - ======================================================================
2026-04-28 05:36:42,311 - CW Khởi tạo = 102234 → Sau Pipeline = 89317
2026-04-28 05:36:42,311 - Cải thiện so CW: 12917
2026-04-28 05:36:42,311 - Tổng thời gian: 1207.6s
2026-04-28 05:36:42,312 - Verified cost: 89317
2026-04-28 05:36:42,317 - ======================================================================
2026-04-28 05:36:42,318 - FILE: X-n561-k42.vrp
2026-04-28 05:36:42,318 - ======================================================================
2026-04-28 05:36:42,733 - Dim=561 K=42 Cap=74
2026-04-28 05:36:42,733 - --- Step 1: Clarke-Wright Heuristic ---
2026-04-28 05:36:43,361 -   cost=56237 time=0.63s
2026-04-28 05:36:43,361 - --- Step 2, 3, 4: Advanced Optimization Pipeline ---
2026-04-28 05:36:43,362 - =========================================
2026-04-28 05:36:43,362 - BẮT ĐẦU TUYẾN TRÌNH TỐI ƯU (PIPELINE)
2026-04-28 05:36:43,362 - =========================================
2026-04-28 05:36:43,362 - === GIAI ĐOẠN 2: LOCAL SEARCH ĐA TOÁN TỬ | Bắt đầu: 56237.00 ===
2026-04-28 05:36:56,442 -   [LS Iter 1] Cải thiện cost: 56237.00 -> 50369.00
2026-04-28 05:37:08,887 -   [LS Iter 2] Cải thiện cost: 50369.00 -> 49903.00
2026-04-28 05:37:21,321 -   [LS Iter 3] Cải thiện cost: 49903.00 -> 49641.00
2026-04-28 05:37:33,683 -   [LS Iter 4] Cải thiện cost: 49641.00 -> 49454.00
2026-04-28 05:37:45,856 -   [LS Iter 5] Cải thiện cost: 49454.00 -> 49277.00
2026-04-28 05:37:57,997 -   [LS Iter 6] Cải thiện cost: 49277.00 -> 49252.00
2026-04-28 05:38:10,348 -   [LS Iter 7] Cải thiện cost: 49252.00 -> 49136.00
2026-04-28 05:38:22,729 -   [LS Iter 8] Cải thiện cost: 49136.00 -> 49110.00
2026-04-28 05:38:35,078 -   [LS Iter 9] Cải thiện cost: 49110.00 -> 49078.00
2026-04-28 05:38:47,366 -   [LS Iter 10] Cải thiện cost: 49078.00 -> 49055.00
2026-04-28 05:38:59,704 -   [LS Iter 11] Cải thiện cost: 49055.00 -> 49032.00
2026-04-28 05:39:11,993 -   [LS Iter 12] Cải thiện cost: 49032.00 -> 49017.00
2026-04-28 05:39:24,205 -   [LS Iter 13] Cải thiện cost: 49017.00 -> 49002.00
2026-04-28 05:39:36,579 -   [LS Iter 14] Cải thiện cost: 49002.00 -> 48988.00
2026-04-28 05:39:48,723 -   [LS Iter 15] Cải thiện cost: 48988.00 -> 48975.00
2026-04-28 05:40:00,991 -   [LS Iter 16] Cải thiện cost: 48975.00 -> 48956.00
2026-04-28 05:40:13,236 -   [LS Iter 17] Cải thiện cost: 48956.00 -> 48944.00
2026-04-28 05:40:25,444 -   [LS Iter 18] Cải thiện cost: 48944.00 -> 48924.00
2026-04-28 05:40:37,645 -   [LS Iter 19] Cải thiện cost: 48924.00 -> 48909.00
2026-04-28 05:40:49,816 -   [LS Iter 20] Cải thiện cost: 48909.00 -> 48901.00
2026-04-28 05:41:01,979 -   [LS Iter 21] Cải thiện cost: 48901.00 -> 48893.00
2026-04-28 05:41:14,015 -   [LS Iter 22] Cải thiện cost: 48893.00 -> 48876.00
2026-04-28 05:41:25,947 -   [LS Iter 23] Cải thiện cost: 48876.00 -> 48228.00
2026-04-28 05:41:38,230 -   [LS Iter 24] Cải thiện cost: 48228.00 -> 47999.00
2026-04-28 05:41:50,192 -   [LS Iter 25] Cải thiện cost: 47999.00 -> 47918.00
2026-04-28 05:42:02,155 -   [LS Iter 26] Cải thiện cost: 47918.00 -> 47870.00
2026-04-28 05:42:14,214 -   [LS Iter 27] Cải thiện cost: 47870.00 -> 47861.00
2026-04-28 05:42:26,219 -   [LS Iter 28] Cải thiện cost: 47861.00 -> 47855.00
2026-04-28 05:42:38,258 -   [LS Iter 29] Cải thiện cost: 47855.00 -> 47806.00
2026-04-28 05:42:50,288 -   [LS Iter 30] Cải thiện cost: 47806.00 -> 47801.00
2026-04-28 05:43:02,295 -   [LS Iter 31] Cải thiện cost: 47801.00 -> 47796.00
2026-04-28 05:43:14,259 -   [LS Iter 32] Cải thiện cost: 47796.00 -> 47792.00
2026-04-28 05:43:26,191 -   [LS Iter 33] Cải thiện cost: 47792.00 -> 47787.00
2026-04-28 05:43:38,101 -   [LS Iter 34] Cải thiện cost: 47787.00 -> 47746.00
2026-04-28 05:43:49,944 -   [LS Iter 35] Cải thiện cost: 47746.00 -> 47720.00
2026-04-28 05:44:01,839 -   [LS Iter 36] Cải thiện cost: 47720.00 -> 47696.00
2026-04-28 05:44:13,670 -   [LS Iter 37] Cải thiện cost: 47696.00 -> 47693.00
2026-04-28 05:44:25,526 -   [LS Iter 38] Cải thiện cost: 47693.00 -> 47691.00
2026-04-28 05:44:37,412 -   [LS Iter 39] Cải thiện cost: 47691.00 -> 47689.00
2026-04-28 05:44:49,337 -   [LS Iter 40] Cải thiện cost: 47689.00 -> 47688.00
2026-04-28 05:45:01,192 - === KẾT THÚC GIAI ĐOẠN 2 | Đạt cực trị tại: 47688.00 ===
2026-04-28 05:45:01,192 - === BẮT ĐẦU CHẶNG 3: ALNS + GLS | Vòng lặp: 300 | Cost: 47688.00 ===
2026-04-28 05:50:34,585 -   [ALNS Iter 1] Random Destroy phá vỡ giới hạn -> BEST MỚI: 46377.00
2026-04-28 05:56:51,314 - === KẾT THÚC CHẶNG 3 | Cost xuất sắc nhất đạt được: 46377.00 ===
2026-04-28 05:56:51,315 - ======================================================================
2026-04-28 05:56:51,315 - CW Khởi tạo = 56237 → Sau Pipeline = 46377
2026-04-28 05:56:51,315 - Cải thiện so CW: 9860
2026-04-28 05:56:51,315 - Tổng thời gian: 1208.6s
2026-04-28 05:56:51,315 - Verified cost: 46377
2026-04-28 05:56:51,321 - ======================================================================
2026-04-28 05:56:51,321 - FILE: X-n573-k30.vrp
2026-04-28 05:56:51,321 - ======================================================================
2026-04-28 05:56:51,765 - Dim=573 K=30 Cap=210
2026-04-28 05:56:51,765 - --- Step 1: Clarke-Wright Heuristic ---
2026-04-28 05:56:52,488 -   cost=59633 time=0.72s
2026-04-28 05:56:52,488 - --- Step 2, 3, 4: Advanced Optimization Pipeline ---
2026-04-28 05:56:52,488 - =========================================
2026-04-28 05:56:52,488 - BẮT ĐẦU TUYẾN TRÌNH TỐI ƯU (PIPELINE)
2026-04-28 05:56:52,488 - =========================================
2026-04-28 05:56:52,488 - === GIAI ĐOẠN 2: LOCAL SEARCH ĐA TOÁN TỬ | Bắt đầu: 59633.00 ===
2026-04-28 05:57:17,281 -   [LS Iter 1] Cải thiện cost: 59633.00 -> 54826.00
2026-04-28 05:57:41,506 -   [LS Iter 2] Cải thiện cost: 54826.00 -> 54310.00
2026-04-28 05:58:03,304 -   [LS Iter 3] Cải thiện cost: 54310.00 -> 54139.00
2026-04-28 05:58:24,704 -   [LS Iter 4] Cải thiện cost: 54139.00 -> 53986.00
2026-04-28 05:58:46,177 -   [LS Iter 5] Cải thiện cost: 53986.00 -> 53915.00
2026-04-28 05:59:06,779 -   [LS Iter 6] Cải thiện cost: 53915.00 -> 53889.00
2026-04-28 05:59:27,376 -   [LS Iter 7] Cải thiện cost: 53889.00 -> 53865.00
2026-04-28 05:59:48,063 -   [LS Iter 8] Cải thiện cost: 53865.00 -> 53830.00
2026-04-28 06:00:08,952 -   [LS Iter 9] Cải thiện cost: 53830.00 -> 53808.00
2026-04-28 06:00:29,467 -   [LS Iter 10] Cải thiện cost: 53808.00 -> 53793.00
2026-04-28 06:00:49,803 -   [LS Iter 11] Cải thiện cost: 53793.00 -> 53778.00
2026-04-28 06:01:10,040 -   [LS Iter 12] Cải thiện cost: 53778.00 -> 53767.00
2026-04-28 06:01:30,174 -   [LS Iter 13] Cải thiện cost: 53767.00 -> 53758.00
2026-04-28 06:01:50,309 -   [LS Iter 14] Cải thiện cost: 53758.00 -> 53750.00
2026-04-28 06:02:10,589 -   [LS Iter 15] Cải thiện cost: 53750.00 -> 53743.00
2026-04-28 06:02:30,684 -   [LS Iter 16] Cải thiện cost: 53743.00 -> 53729.00
2026-04-28 06:02:50,362 -   [LS Iter 17] Cải thiện cost: 53729.00 -> 53721.00
2026-04-28 06:03:10,097 -   [LS Iter 18] Cải thiện cost: 53721.00 -> 53715.00
2026-04-28 06:03:30,015 -   [LS Iter 19] Cải thiện cost: 53715.00 -> 53696.00
2026-04-28 06:03:50,612 -   [LS Iter 20] Cải thiện cost: 53696.00 -> 53680.00
2026-04-28 06:04:11,333 -   [LS Iter 21] Cải thiện cost: 53680.00 -> 53670.00
2026-04-28 06:04:32,183 -   [LS Iter 22] Cải thiện cost: 53670.00 -> 53662.00
2026-04-28 06:04:52,374 -   [LS Iter 23] Cải thiện cost: 53662.00 -> 53654.00
2026-04-28 06:05:12,309 -   [LS Iter 24] Cải thiện cost: 53654.00 -> 53648.00
2026-04-28 06:05:31,854 -   [LS Iter 25] Cải thiện cost: 53648.00 -> 53643.00
2026-04-28 06:05:51,179 -   [LS Iter 26] Cải thiện cost: 53643.00 -> 53638.00
2026-04-28 06:06:10,542 -   [LS Iter 27] Cải thiện cost: 53638.00 -> 53633.00
2026-04-28 06:06:30,320 -   [LS Iter 28] Cải thiện cost: 53633.00 -> 53596.00
2026-04-28 06:06:49,053 -   [LS Iter 29] Cải thiện cost: 53596.00 -> 53575.00
2026-04-28 06:07:07,805 -   [LS Iter 30] Cải thiện cost: 53575.00 -> 53564.00
2026-04-28 06:07:26,716 -   [LS Iter 31] Cải thiện cost: 53564.00 -> 53537.00
2026-04-28 06:07:45,689 -   [LS Iter 32] Cải thiện cost: 53537.00 -> 53526.00
2026-04-28 06:08:04,769 -   [LS Iter 33] Cải thiện cost: 53526.00 -> 53514.00
2026-04-28 06:08:23,749 -   [LS Iter 34] Cải thiện cost: 53514.00 -> 53496.00
2026-04-28 06:08:42,326 -   [LS Iter 35] Cải thiện cost: 53496.00 -> 53491.00
2026-04-28 06:09:00,830 -   [LS Iter 36] Cải thiện cost: 53491.00 -> 53487.00
2026-04-28 06:09:19,220 -   [LS Iter 37] Cải thiện cost: 53487.00 -> 53483.00
2026-04-28 06:09:37,947 -   [LS Iter 38] Cải thiện cost: 53483.00 -> 53479.00
2026-04-28 06:09:56,395 -   [LS Iter 39] Cải thiện cost: 53479.00 -> 53471.00
2026-04-28 06:10:14,707 -   [LS Iter 40] Cải thiện cost: 53471.00 -> 53466.00
2026-04-28 06:10:33,089 -   [LS Iter 41] Cải thiện cost: 53466.00 -> 53462.00
2026-04-28 06:10:51,340 -   [LS Iter 42] Cải thiện cost: 53462.00 -> 53460.00
2026-04-28 06:11:09,655 -   [LS Iter 43] Cải thiện cost: 53460.00 -> 53458.00
2026-04-28 06:11:27,852 -   [LS Iter 44] Cải thiện cost: 53458.00 -> 53456.00
2026-04-28 06:11:46,021 -   [LS Iter 45] Cải thiện cost: 53456.00 -> 53454.00
2026-04-28 06:12:04,338 -   [LS Iter 46] Cải thiện cost: 53454.00 -> 53453.00
2026-04-28 06:12:22,548 -   [LS Iter 47] Cải thiện cost: 53453.00 -> 53451.00
2026-04-28 06:12:40,794 -   [LS Iter 48] Cải thiện cost: 53451.00 -> 53446.00
2026-04-28 06:12:58,951 -   [LS Iter 49] Cải thiện cost: 53446.00 -> 53444.00
2026-04-28 06:13:16,964 -   [LS Iter 50] Cải thiện cost: 53444.00 -> 53443.00
2026-04-28 06:13:35,008 - === KẾT THÚC GIAI ĐOẠN 2 | Đạt cực trị tại: 53443.00 ===
2026-04-28 06:13:35,009 - === BẮT ĐẦU CHẶNG 3: ALNS + GLS | Vòng lặp: 300 | Cost: 53443.00 ===
2026-04-28 06:16:55,522 - === KẾT THÚC CHẶNG 3 | Cost xuất sắc nhất đạt được: 53443.00 ===
2026-04-28 06:16:55,523 - ======================================================================
2026-04-28 06:16:55,523 - CW Khởi tạo = 59633 → Sau Pipeline = 53443
2026-04-28 06:16:55,524 - Cải thiện so CW: 6190
2026-04-28 06:16:55,524 - Tổng thời gian: 1203.8s
2026-04-28 06:16:55,524 - Verified cost: 53443
2026-04-28 06:16:55,529 - ======================================================================
2026-04-28 06:16:55,529 - FILE: X-n586-k159.vrp
2026-04-28 06:16:55,529 - ======================================================================
2026-04-28 06:16:55,980 - Dim=586 K=159 Cap=28
2026-04-28 06:16:55,980 - --- Step 1: Clarke-Wright Heuristic ---
2026-04-28 06:34:00,998 - CW thất bại → fallback K=999
2026-04-28 06:34:01,292 -   cost=216041 time=0.27s
2026-04-28 06:34:01,292 - --- Step 2, 3, 4: Advanced Optimization Pipeline ---
2026-04-28 06:34:01,292 - =========================================
2026-04-28 06:34:01,292 - BẮT ĐẦU TUYẾN TRÌNH TỐI ƯU (PIPELINE)
2026-04-28 06:34:01,292 - =========================================
2026-04-28 06:34:01,293 - === GIAI ĐOẠN 2: LOCAL SEARCH ĐA TOÁN TỬ | Bắt đầu: 216041.00 ===
2026-04-28 06:34:07,097 -   [LS Iter 1] Cải thiện cost: 216041.00 -> 207074.00
2026-04-28 06:34:12,417 -   [LS Iter 2] Cải thiện cost: 207074.00 -> 204214.00
2026-04-28 06:34:17,707 -   [LS Iter 3] Cải thiện cost: 204214.00 -> 202954.00
2026-04-28 06:34:23,057 -   [LS Iter 4] Cải thiện cost: 202954.00 -> 201955.00
2026-04-28 06:34:28,110 -   [LS Iter 5] Cải thiện cost: 201955.00 -> 201276.00
2026-04-28 06:34:33,387 -   [LS Iter 6] Cải thiện cost: 201276.00 -> 200779.00
2026-04-28 06:34:38,429 -   [LS Iter 7] Cải thiện cost: 200779.00 -> 200564.00
2026-04-28 06:34:43,424 -   [LS Iter 8] Cải thiện cost: 200564.00 -> 200370.00
2026-04-28 06:34:48,381 -   [LS Iter 9] Cải thiện cost: 200370.00 -> 200181.00
2026-04-28 06:34:53,364 -   [LS Iter 10] Cải thiện cost: 200181.00 -> 200009.00
2026-04-28 06:34:58,341 -   [LS Iter 11] Cải thiện cost: 200009.00 -> 199852.00
2026-04-28 06:35:03,298 -   [LS Iter 12] Cải thiện cost: 199852.00 -> 199706.00
2026-04-28 06:35:08,203 -   [LS Iter 13] Cải thiện cost: 199706.00 -> 199588.00
2026-04-28 06:35:13,111 -   [LS Iter 14] Cải thiện cost: 199588.00 -> 199471.00
2026-04-28 06:35:17,994 -   [LS Iter 15] Cải thiện cost: 199471.00 -> 199356.00
2026-04-28 06:35:22,906 -   [LS Iter 16] Cải thiện cost: 199356.00 -> 199250.00
2026-04-28 06:35:27,816 -   [LS Iter 17] Cải thiện cost: 199250.00 -> 199167.00
2026-04-28 06:35:32,744 -   [LS Iter 18] Cải thiện cost: 199167.00 -> 199082.00
2026-04-28 06:35:37,742 -   [LS Iter 19] Cải thiện cost: 199082.00 -> 198822.00
2026-04-28 06:35:42,603 -   [LS Iter 20] Cải thiện cost: 198822.00 -> 198819.00
2026-04-28 06:35:47,449 - === KẾT THÚC GIAI ĐOẠN 2 | Đạt cực trị tại: 198819.00 ===
2026-04-28 06:35:47,449 - === BẮT ĐẦU CHẶNG 3: ALNS + GLS | Vòng lặp: 300 | Cost: 198819.00 ===
2026-04-28 06:36:22,155 -   [ALNS Iter 1] Related Destroy phá vỡ giới hạn -> BEST MỚI: 197868.00
2026-04-28 06:36:56,340 -   [ALNS Iter 2] Random Destroy phá vỡ giới hạn -> BEST MỚI: 197509.00
2026-04-28 06:37:21,354 -   [ALNS Iter 3] Random Destroy phá vỡ giới hạn -> BEST MỚI: 196994.00
2026-04-28 06:37:58,227 -   [ALNS Iter 4] Random Destroy phá vỡ giới hạn -> BEST MỚI: 196603.00
2026-04-28 06:39:26,530 -   [ALNS Iter 7] Random Destroy phá vỡ giới hạn -> BEST MỚI: 195979.00
2026-04-28 06:46:21,568 -   [ALNS Iter 18] Random Destroy phá vỡ giới hạn -> BEST MỚI: 195976.00
2026-04-28 06:46:52,172 -   [ALNS Iter 19] Random Destroy phá vỡ giới hạn -> BEST MỚI: 195750.00
2026-04-28 06:54:02,850 - === KẾT THÚC CHẶNG 3 | Cost xuất sắc nhất đạt được: 195750.00 ===
2026-04-28 06:54:02,851 - ======================================================================
2026-04-28 06:54:02,851 - CW Khởi tạo = 216041 → Sau Pipeline = 195750
2026-04-28 06:54:02,851 - Cải thiện so CW: 20291
2026-04-28 06:54:02,851 - Tổng thời gian: 1201.8s
2026-04-28 06:54:02,851 - Verified cost: 195750
2026-04-28 06:54:02,857 - ======================================================================
2026-04-28 06:54:02,857 - FILE: X-n599-k92.vrp
2026-04-28 06:54:02,857 - ======================================================================
2026-04-28 06:54:03,332 - Dim=599 K=92 Cap=487
2026-04-28 06:54:03,332 - --- Step 1: Clarke-Wright Heuristic ---
2026-04-28 07:24:57,483 - CW thất bại → fallback K=999
2026-04-28 07:24:57,783 -   cost=188242 time=0.27s
2026-04-28 07:24:57,784 - --- Step 2, 3, 4: Advanced Optimization Pipeline ---
2026-04-28 07:24:57,784 - =========================================
2026-04-28 07:24:57,784 - BẮT ĐẦU TUYẾN TRÌNH TỐI ƯU (PIPELINE)
2026-04-28 07:24:57,784 - =========================================
2026-04-28 07:24:57,784 - === GIAI ĐOẠN 2: LOCAL SEARCH ĐA TOÁN TỬ | Bắt đầu: 188242.00 ===
2026-04-28 07:25:10,561 -   [LS Iter 1] Cải thiện cost: 188242.00 -> 147199.00
2026-04-28 07:25:24,198 -   [LS Iter 2] Cải thiện cost: 147199.00 -> 140238.00
2026-04-28 07:25:37,553 -   [LS Iter 3] Cải thiện cost: 140238.00 -> 138720.00
2026-04-28 07:25:50,670 -   [LS Iter 4] Cải thiện cost: 138720.00 -> 137646.00
2026-04-28 07:26:03,554 -   [LS Iter 5] Cải thiện cost: 137646.00 -> 137131.00
2026-04-28 07:26:16,372 -   [LS Iter 6] Cải thiện cost: 137131.00 -> 136634.00
2026-04-28 07:26:29,214 -   [LS Iter 7] Cải thiện cost: 136634.00 -> 135656.00
2026-04-28 07:26:41,761 -   [LS Iter 8] Cải thiện cost: 135656.00 -> 134976.00
2026-04-28 07:26:54,082 -   [LS Iter 9] Cải thiện cost: 134976.00 -> 134488.00
2026-04-28 07:27:06,313 -   [LS Iter 10] Cải thiện cost: 134488.00 -> 133907.00
2026-04-28 07:27:18,444 -   [LS Iter 11] Cải thiện cost: 133907.00 -> 133379.00
2026-04-28 07:27:30,527 -   [LS Iter 12] Cải thiện cost: 133379.00 -> 132908.00
2026-04-28 07:27:42,306 -   [LS Iter 13] Cải thiện cost: 132908.00 -> 132294.00
2026-04-28 07:27:53,981 -   [LS Iter 14] Cải thiện cost: 132294.00 -> 131752.00
2026-04-28 07:28:05,586 -   [LS Iter 15] Cải thiện cost: 131752.00 -> 131159.00
2026-04-28 07:28:17,114 -   [LS Iter 16] Cải thiện cost: 131159.00 -> 130514.00
2026-04-28 07:28:28,491 -   [LS Iter 17] Cải thiện cost: 130514.00 -> 129920.00
2026-04-28 07:28:39,715 -   [LS Iter 18] Cải thiện cost: 129920.00 -> 129427.00
2026-04-28 07:28:50,879 -   [LS Iter 19] Cải thiện cost: 129427.00 -> 128904.00
2026-04-28 07:29:02,061 -   [LS Iter 20] Cải thiện cost: 128904.00 -> 128289.00
2026-04-28 07:29:13,149 -   [LS Iter 21] Cải thiện cost: 128289.00 -> 127801.00
2026-04-28 07:29:24,154 -   [LS Iter 22] Cải thiện cost: 127801.00 -> 127364.00
2026-04-28 07:29:35,106 -   [LS Iter 23] Cải thiện cost: 127364.00 -> 126987.00
2026-04-28 07:29:45,894 -   [LS Iter 24] Cải thiện cost: 126987.00 -> 126530.00
2026-04-28 07:29:56,658 -   [LS Iter 25] Cải thiện cost: 126530.00 -> 126131.00
2026-04-28 07:30:07,492 -   [LS Iter 26] Cải thiện cost: 126131.00 -> 125770.00
2026-04-28 07:30:18,108 -   [LS Iter 27] Cải thiện cost: 125770.00 -> 125279.00
2026-04-28 07:30:28,759 -   [LS Iter 28] Cải thiện cost: 125279.00 -> 124826.00
2026-04-28 07:30:39,117 -   [LS Iter 29] Cải thiện cost: 124826.00 -> 124482.00
2026-04-28 07:30:49,353 -   [LS Iter 30] Cải thiện cost: 124482.00 -> 124165.00
2026-04-28 07:30:59,536 -   [LS Iter 31] Cải thiện cost: 124165.00 -> 123861.00
2026-04-28 07:31:09,685 -   [LS Iter 32] Cải thiện cost: 123861.00 -> 123562.00
2026-04-28 07:31:19,763 -   [LS Iter 33] Cải thiện cost: 123562.00 -> 123168.00
2026-04-28 07:31:29,802 -   [LS Iter 34] Cải thiện cost: 123168.00 -> 122855.00
2026-04-28 07:31:39,774 -   [LS Iter 35] Cải thiện cost: 122855.00 -> 122566.00
2026-04-28 07:31:49,707 -   [LS Iter 36] Cải thiện cost: 122566.00 -> 122287.00
2026-04-28 07:31:59,598 -   [LS Iter 37] Cải thiện cost: 122287.00 -> 122000.00
2026-04-28 07:32:09,456 -   [LS Iter 38] Cải thiện cost: 122000.00 -> 121694.00
2026-04-28 07:32:19,269 -   [LS Iter 39] Cải thiện cost: 121694.00 -> 121337.00
2026-04-28 07:32:28,990 -   [LS Iter 40] Cải thiện cost: 121337.00 -> 121074.00
2026-04-28 07:32:38,811 -   [LS Iter 41] Cải thiện cost: 121074.00 -> 120792.00
2026-04-28 07:32:48,400 -   [LS Iter 42] Cải thiện cost: 120792.00 -> 120537.00
2026-04-28 07:32:58,045 -   [LS Iter 43] Cải thiện cost: 120537.00 -> 120289.00
2026-04-28 07:33:07,635 -   [LS Iter 44] Cải thiện cost: 120289.00 -> 120041.00
2026-04-28 07:33:17,148 -   [LS Iter 45] Cải thiện cost: 120041.00 -> 119767.00
2026-04-28 07:33:26,672 -   [LS Iter 46] Cải thiện cost: 119767.00 -> 119526.00
2026-04-28 07:33:36,108 -   [LS Iter 47] Cải thiện cost: 119526.00 -> 119286.00
2026-04-28 07:33:45,487 -   [LS Iter 48] Cải thiện cost: 119286.00 -> 119048.00
2026-04-28 07:33:54,857 -   [LS Iter 49] Cải thiện cost: 119048.00 -> 118809.00
2026-04-28 07:34:04,152 -   [LS Iter 50] Cải thiện cost: 118809.00 -> 118595.00
2026-04-28 07:34:13,412 -   [LS Iter 51] Cải thiện cost: 118595.00 -> 118384.00
2026-04-28 07:34:22,690 -   [LS Iter 52] Cải thiện cost: 118384.00 -> 118189.00
2026-04-28 07:34:31,986 -   [LS Iter 53] Cải thiện cost: 118189.00 -> 117997.00
2026-04-28 07:34:41,217 -   [LS Iter 54] Cải thiện cost: 117997.00 -> 117817.00
2026-04-28 07:34:50,465 -   [LS Iter 55] Cải thiện cost: 117817.00 -> 117604.00
2026-04-28 07:34:59,766 -   [LS Iter 56] Cải thiện cost: 117604.00 -> 117434.00
2026-04-28 07:35:09,149 -   [LS Iter 57] Cải thiện cost: 117434.00 -> 117272.00
2026-04-28 07:35:18,452 -   [LS Iter 58] Cải thiện cost: 117272.00 -> 117123.00
2026-04-28 07:35:27,772 -   [LS Iter 59] Cải thiện cost: 117123.00 -> 116981.00
2026-04-28 07:35:37,065 -   [LS Iter 60] Cải thiện cost: 116981.00 -> 116840.00
2026-04-28 07:35:46,262 -   [LS Iter 61] Cải thiện cost: 116840.00 -> 116701.00
2026-04-28 07:35:55,440 -   [LS Iter 62] Cải thiện cost: 116701.00 -> 116522.00
2026-04-28 07:36:04,596 -   [LS Iter 63] Cải thiện cost: 116522.00 -> 116416.00
2026-04-28 07:36:13,745 -   [LS Iter 64] Cải thiện cost: 116416.00 -> 116311.00
2026-04-28 07:36:22,894 -   [LS Iter 65] Cải thiện cost: 116311.00 -> 116209.00
2026-04-28 07:36:32,098 -   [LS Iter 66] Cải thiện cost: 116209.00 -> 116120.00
2026-04-28 07:36:41,302 -   [LS Iter 67] Cải thiện cost: 116120.00 -> 116035.00
2026-04-28 07:36:50,485 -   [LS Iter 68] Cải thiện cost: 116035.00 -> 115946.00
2026-04-28 07:36:59,616 -   [LS Iter 69] Cải thiện cost: 115946.00 -> 115879.00
2026-04-28 07:37:08,749 -   [LS Iter 70] Cải thiện cost: 115879.00 -> 115823.00
2026-04-28 07:37:17,845 -   [LS Iter 71] Cải thiện cost: 115823.00 -> 115771.00
2026-04-28 07:37:26,959 -   [LS Iter 72] Cải thiện cost: 115771.00 -> 115686.00
2026-04-28 07:37:36,190 -   [LS Iter 73] Cải thiện cost: 115686.00 -> 115612.00
2026-04-28 07:37:45,296 -   [LS Iter 74] Cải thiện cost: 115612.00 -> 115438.00
2026-04-28 07:37:54,442 -   [LS Iter 75] Cải thiện cost: 115438.00 -> 115376.00
2026-04-28 07:38:03,627 -   [LS Iter 76] Cải thiện cost: 115376.00 -> 115351.00
