2026-04-10 22:29:17,815 - ======================================================================
2026-04-10 22:29:17,816 - FILE: A-n32-k5.vrp
2026-04-10 22:29:17,816 - ======================================================================
2026-04-10 22:29:17,818 - Dim=32 K=5 Cap=100
2026-04-10 22:29:17,818 - --- Step 1: Clarke-Wright Heuristic ---
2026-04-10 22:29:17,820 -   cost=1016 time=0.00s
2026-04-10 22:29:17,821 - --- Step 2, 3, 4: Advanced Optimization Pipeline ---
2026-04-10 22:29:17,821 - =========================================
2026-04-10 22:29:17,821 - BẮT ĐẦU TUYẾN TRÌNH TỐI ƯU (PIPELINE)
2026-04-10 22:29:17,821 - =========================================
2026-04-10 22:29:17,821 - === GIAI ĐOẠN 2: LOCAL SEARCH ĐA TOÁN TỬ | Bắt đầu: 1016.00 ===
2026-04-10 22:29:17,862 -   [LS Iter 1] Cải thiện cost: 1016.00 -> 879.00
2026-04-10 22:29:17,895 -   [LS Iter 2] Cải thiện cost: 879.00 -> 831.00
2026-04-10 22:29:17,926 - === KẾT THÚC GIAI ĐOẠN 2 | Đạt cực trị tại: 831.00 ===
2026-04-10 22:29:17,926 - === BẮT ĐẦU CHẶNG 3: ALNS + GLS | Vòng lặp: 100 | Cost: 831.00 ===
2026-04-10 22:29:18,113 -   [ALNS Iter 1] Related Destroy phá vỡ giới hạn -> BEST MỚI: 829.00
2026-04-10 22:29:19,701 -   [ALNS Iter 31] Random Destroy phá vỡ giới hạn -> BEST MỚI: 828.00
2026-04-10 22:29:20,951 -   [GLS Iter 61] Cập nhật ma trận phạt để thay đổi hướng đi.
2026-04-10 22:29:22,971 - === KẾT THÚC CHẶNG 3 | Cost xuất sắc nhất đạt được: 828.00 ===
2026-04-10 22:29:22,971 - === BẮT ĐẦU CHẶNG 4: MAX-SAT CHÍNH XÁC | Cost: 828.00 ===
2026-04-10 22:29:22,971 -   [GĐ 4.1] Giải bài toán TSP trên từng tuyến đơn...
2026-04-10 22:29:48,122 -   [GĐ 4.2] Xét từng cặp tuyến để phân bổ lại khách hàng...
2026-04-10 22:29:48,122 -   --- Pairwise Iter 1 (còn 1170s) ---
