2026-04-04 15:42:03,606 - ======================================================================
2026-04-04 15:42:03,606 - FILE: B-n31-k5.vrp
2026-04-04 15:42:03,606 - ======================================================================
2026-04-04 15:42:03,608 - Dim=31 K=5 Cap=100
2026-04-04 15:42:03,608 - --- Step 1: Clarke-Wright Heuristic ---
2026-04-04 15:42:03,610 -   cost=748 time=0.00s
2026-04-04 15:42:03,610 - --- Step 2, 3, 4: Advanced Optimization Pipeline ---
2026-04-04 15:42:03,610 - =========================================
2026-04-04 15:42:03,610 - BẮT ĐẦU TUYẾN TRÌNH TỐI ƯU (PIPELINE)
2026-04-04 15:42:03,610 - =========================================
2026-04-04 15:42:03,610 - === GIAI ĐOẠN 2: LOCAL SEARCH ĐA TOÁN TỬ | Bắt đầu: 748.00 ===
2026-04-04 15:42:03,648 -   [LS Iter 1] Cải thiện cost: 748.00 -> 683.00
2026-04-04 15:42:03,678 -   [LS Iter 2] Cải thiện cost: 683.00 -> 677.00
2026-04-04 15:42:03,707 - === KẾT THÚC GIAI ĐOẠN 2 | Đạt cực trị tại: 677.00 ===
2026-04-04 15:42:03,707 - === BẮT ĐẦU CHẶNG 3: ALNS + GLS | Vòng lặp: 150 | Cost: 677.00 ===
2026-04-04 15:42:04,690 -   [ALNS Iter 17] Related Destroy phá vỡ giới hạn -> BEST MỚI: 675.00
2026-04-04 15:42:06,352 -   [GLS Iter 41] Cập nhật ma trận phạt để thay đổi hướng đi.
2026-04-04 15:42:07,747 -   [ALNS Iter 62] Related Destroy phá vỡ giới hạn -> BEST MỚI: 672.00
2026-04-04 15:42:07,747 -   [ALNS] 🎉 Đã chạm mốc BKS (672.0). Ngắt vòng lặp ALNS sớm!
2026-04-04 15:42:07,747 - === KẾT THÚC CHẶNG 3 | Cost xuất sắc nhất đạt được: 672.00 ===
2026-04-04 15:42:07,747 - 🎉 ĐÃ ĐẠT NGHIỆM TỐI ƯU TOÀN CỤC (BKS = 672.0). DỪNG SỚM!
2026-04-04 15:42:07,747 - ======================================================================
2026-04-04 15:42:07,747 - CW Khởi tạo = 748 → Sau Pipeline = 672
2026-04-04 15:42:07,747 - Cải thiện so CW: 76
2026-04-04 15:42:07,747 - Tổng thời gian: 4.1s
2026-04-04 15:42:07,747 - Verified cost: 672
2026-04-04 15:42:07,748 - ======================================================================
2026-04-04 15:42:07,748 - FILE: B-n34-k5.vrp
2026-04-04 15:42:07,748 - ======================================================================
2026-04-04 15:42:07,751 - Dim=34 K=5 Cap=100
2026-04-04 15:42:07,751 - --- Step 1: Clarke-Wright Heuristic ---
2026-04-04 15:42:07,752 -   cost=936 time=0.00s
2026-04-04 15:42:07,752 - --- Step 2, 3, 4: Advanced Optimization Pipeline ---
2026-04-04 15:42:07,752 - =========================================
2026-04-04 15:42:07,752 - BẮT ĐẦU TUYẾN TRÌNH TỐI ƯU (PIPELINE)
2026-04-04 15:42:07,752 - =========================================
2026-04-04 15:42:07,752 - === GIAI ĐOẠN 2: LOCAL SEARCH ĐA TOÁN TỬ | Bắt đầu: 936.00 ===
2026-04-04 15:42:07,796 -   [LS Iter 1] Cải thiện cost: 936.00 -> 821.00
2026-04-04 15:42:07,834 -   [LS Iter 2] Cải thiện cost: 821.00 -> 808.00
2026-04-04 15:42:07,869 -   [LS Iter 3] Cải thiện cost: 808.00 -> 799.00
2026-04-04 15:42:07,902 -   [LS Iter 4] Cải thiện cost: 799.00 -> 791.00
2026-04-04 15:42:07,933 - === KẾT THÚC GIAI ĐOẠN 2 | Đạt cực trị tại: 791.00 ===
2026-04-04 15:42:07,933 - === BẮT ĐẦU CHẶNG 3: ALNS + GLS | Vòng lặp: 150 | Cost: 791.00 ===
2026-04-04 15:42:08,815 -   [GLS Iter 21] Cập nhật ma trận phạt để thay đổi hướng đi.
2026-04-04 15:42:09,954 -   [ALNS Iter 41] Worst Destroy phá vỡ giới hạn -> BEST MỚI: 790.00
2026-04-04 15:42:13,223 -   [ALNS Iter 91] Worst Destroy phá vỡ giới hạn -> BEST MỚI: 788.00
2026-04-04 15:42:13,223 -   [ALNS] 🎉 Đã chạm mốc BKS (788.0). Ngắt vòng lặp ALNS sớm!
2026-04-04 15:42:13,223 - === KẾT THÚC CHẶNG 3 | Cost xuất sắc nhất đạt được: 788.00 ===
2026-04-04 15:42:13,223 - 🎉 ĐÃ ĐẠT NGHIỆM TỐI ƯU TOÀN CỤC (BKS = 788.0). DỪNG SỚM!
2026-04-04 15:42:13,223 - ======================================================================
2026-04-04 15:42:13,223 - CW Khởi tạo = 936 → Sau Pipeline = 788
2026-04-04 15:42:13,223 - Cải thiện so CW: 148
2026-04-04 15:42:13,223 - Tổng thời gian: 5.5s
2026-04-04 15:42:13,223 - Verified cost: 788
2026-04-04 15:42:13,224 - ======================================================================
2026-04-04 15:42:13,224 - FILE: B-n35-k5.vrp
2026-04-04 15:42:13,224 - ======================================================================
2026-04-04 15:42:13,226 - Dim=35 K=5 Cap=100
2026-04-04 15:42:13,226 - --- Step 1: Clarke-Wright Heuristic ---
2026-04-04 15:42:13,227 -   cost=1016 time=0.00s
2026-04-04 15:42:13,227 - --- Step 2, 3, 4: Advanced Optimization Pipeline ---
2026-04-04 15:42:13,227 - =========================================
2026-04-04 15:42:13,227 - BẮT ĐẦU TUYẾN TRÌNH TỐI ƯU (PIPELINE)
2026-04-04 15:42:13,227 - =========================================
2026-04-04 15:42:13,227 - === GIAI ĐOẠN 2: LOCAL SEARCH ĐA TOÁN TỬ | Bắt đầu: 1016.00 ===
2026-04-04 15:42:13,272 -   [LS Iter 1] Cải thiện cost: 1016.00 -> 965.00
2026-04-04 15:42:13,307 -   [LS Iter 2] Cải thiện cost: 965.00 -> 959.00
2026-04-04 15:42:13,344 -   [LS Iter 3] Cải thiện cost: 959.00 -> 958.00
2026-04-04 15:42:13,378 -   [LS Iter 4] Cải thiện cost: 958.00 -> 956.00
2026-04-04 15:42:13,410 -   [LS Iter 5] Cải thiện cost: 956.00 -> 955.00
2026-04-04 15:42:13,444 - === KẾT THÚC GIAI ĐOẠN 2 | Đạt cực trị tại: 955.00 ===
2026-04-04 15:42:13,444 - === BẮT ĐẦU CHẶNG 3: ALNS + GLS | Vòng lặp: 150 | Cost: 955.00 ===
2026-04-04 15:42:13,445 -   [ALNS] 🎉 Đã chạm mốc BKS (955.0). Ngắt vòng lặp ALNS sớm!
2026-04-04 15:42:13,445 - === KẾT THÚC CHẶNG 3 | Cost xuất sắc nhất đạt được: 955.00 ===
2026-04-04 15:42:13,445 - 🎉 ĐÃ ĐẠT NGHIỆM TỐI ƯU TOÀN CỤC (BKS = 955.0). DỪNG SỚM!
2026-04-04 15:42:13,445 - ======================================================================
2026-04-04 15:42:13,445 - CW Khởi tạo = 1016 → Sau Pipeline = 955
2026-04-04 15:42:13,445 - Cải thiện so CW: 61
2026-04-04 15:42:13,445 - Tổng thời gian: 0.2s
2026-04-04 15:42:13,445 - Verified cost: 955
2026-04-04 15:42:13,445 - ======================================================================
2026-04-04 15:42:13,445 - FILE: B-n38-k6.vrp
2026-04-04 15:42:13,445 - ======================================================================
2026-04-04 15:42:13,448 - Dim=38 K=6 Cap=100
2026-04-04 15:42:13,448 - --- Step 1: Clarke-Wright Heuristic ---
2026-04-04 15:42:13,450 -   cost=961 time=0.00s
2026-04-04 15:42:13,450 - --- Step 2, 3, 4: Advanced Optimization Pipeline ---
2026-04-04 15:42:13,450 - =========================================
2026-04-04 15:42:13,450 - BẮT ĐẦU TUYẾN TRÌNH TỐI ƯU (PIPELINE)
2026-04-04 15:42:13,450 - =========================================
2026-04-04 15:42:13,450 - === GIAI ĐOẠN 2: LOCAL SEARCH ĐA TOÁN TỬ | Bắt đầu: 961.00 ===
2026-04-04 15:42:13,506 -   [LS Iter 1] Cải thiện cost: 961.00 -> 824.00
2026-04-04 15:42:13,555 -   [LS Iter 2] Cải thiện cost: 824.00 -> 815.00
2026-04-04 15:42:13,607 - === KẾT THÚC GIAI ĐOẠN 2 | Đạt cực trị tại: 815.00 ===
2026-04-04 15:42:13,607 - === BẮT ĐẦU CHẶNG 3: ALNS + GLS | Vòng lặp: 150 | Cost: 815.00 ===
2026-04-04 15:42:15,774 -   [GLS Iter 21] Cập nhật ma trận phạt để thay đổi hướng đi.
2026-04-04 15:42:16,307 -   [ALNS Iter 26] Worst Destroy phá vỡ giới hạn -> BEST MỚI: 811.00
2026-04-04 15:42:18,019 -   [GLS Iter 41] Cập nhật ma trận phạt để thay đổi hướng đi.
2026-04-04 15:42:23,357 -   [ALNS Iter 86] Worst Destroy phá vỡ giới hạn -> BEST MỚI: 807.00
2026-04-04 15:42:24,492 -   [ALNS Iter 97] Worst Destroy phá vỡ giới hạn -> BEST MỚI: 806.00
2026-04-04 15:42:27,567 -   [GLS Iter 121] Cập nhật ma trận phạt để thay đổi hướng đi.
2026-04-04 15:42:31,568 - === KẾT THÚC CHẶNG 3 | Cost xuất sắc nhất đạt được: 806.00 ===
2026-04-04 15:42:31,569 - === BẮT ĐẦU CHẶNG 4: MAX-SAT CHÍNH XÁC | Cost: 806.00 ===
2026-04-04 15:42:31,569 -   [GĐ 4.1] Giải bài toán TSP trên từng tuyến đơn...
2026-04-04 15:42:32,011 -   [GĐ 4.2] Xét từng cặp tuyến để phân bổ lại khách hàng...
2026-04-04 15:42:32,012 -   --- Pairwise Iter 1 (còn 1181s) ---
2026-04-04 15:43:32,015 -     [P-Timeout 60.0s]
2026-04-04 15:44:32,030 -     [P-Timeout 60.0s]
2026-04-04 15:45:32,045 -     [P-Timeout 60.0s]
2026-04-04 15:47:07,529 -     [P-Timeout 60.0s]
2026-04-04 15:48:07,548 -     [P-Timeout 60.0s]
2026-04-04 15:49:07,565 -     [P-Timeout 60.0s]
2026-04-04 15:50:07,579 -     [P-Timeout 60.0s]
2026-04-04 15:51:07,597 -     [P-Timeout 60.0s]
2026-04-04 15:52:07,618 -     [P-Timeout 60.0s]
2026-04-04 15:53:07,646 -     [P-Timeout 60.0s]
2026-04-04 15:54:07,660 -     [P-Timeout 60.0s]
2026-04-04 15:55:07,676 -     [P-Timeout 60.0s]
2026-04-04 15:56:07,690 -     [P-Timeout 60.0s]
2026-04-04 15:57:07,712 -     [P-Timeout 60.0s]
2026-04-04 15:57:07,725 -     -> Đã đạt cực trị toàn cục cho mọi cặp dưới ngưỡng. KẾT THÚC CHẶNG 4.
2026-04-04 15:57:07,725 - HOÀN THÀNH PIPELINE. Final cost=806.00 | Time=894.3s
2026-04-04 15:57:07,725 - ======================================================================
2026-04-04 15:57:07,725 - CW Khởi tạo = 961 → Sau Pipeline = 806
2026-04-04 15:57:07,725 - Cải thiện so CW: 155
2026-04-04 15:57:07,725 - Tổng thời gian: 894.3s
2026-04-04 15:57:07,725 - Verified cost: 806
2026-04-04 15:57:07,727 - ======================================================================
2026-04-04 15:57:07,727 - FILE: B-n39-k5.vrp
2026-04-04 15:57:07,727 - ======================================================================
2026-04-04 15:57:07,730 - Dim=39 K=5 Cap=100
2026-04-04 15:57:07,733 - --- Step 1: Clarke-Wright Heuristic ---
2026-04-04 15:57:07,734 -   cost=695 time=0.00s
2026-04-04 15:57:07,738 - --- Step 2, 3, 4: Advanced Optimization Pipeline ---
2026-04-04 15:57:07,738 - =========================================
2026-04-04 15:57:07,738 - BẮT ĐẦU TUYẾN TRÌNH TỐI ƯU (PIPELINE)
2026-04-04 15:57:07,738 - =========================================
2026-04-04 15:57:07,738 - === GIAI ĐOẠN 2: LOCAL SEARCH ĐA TOÁN TỬ | Bắt đầu: 695.00 ===
2026-04-04 15:57:07,799 -   [LS Iter 1] Cải thiện cost: 695.00 -> 556.00
2026-04-04 15:57:07,855 -   [LS Iter 2] Cải thiện cost: 556.00 -> 555.00
2026-04-04 15:57:07,908 - === KẾT THÚC GIAI ĐOẠN 2 | Đạt cực trị tại: 555.00 ===
2026-04-04 15:57:07,908 - === BẮT ĐẦU CHẶNG 3: ALNS + GLS | Vòng lặp: 150 | Cost: 555.00 ===
2026-04-04 15:57:08,550 -   [ALNS Iter 7] Random Destroy phá vỡ giới hạn -> BEST MỚI: 550.00
2026-04-04 15:57:14,537 -   [GLS Iter 61] Cập nhật ma trận phạt để thay đổi hướng đi.
2026-04-04 15:57:16,716 -   [ALNS Iter 76] Random Destroy phá vỡ giới hạn -> BEST MỚI: 549.00
2026-04-04 15:57:16,717 -   [ALNS] 🎉 Đã chạm mốc BKS (549.0). Ngắt vòng lặp ALNS sớm!
2026-04-04 15:57:16,717 - === KẾT THÚC CHẶNG 3 | Cost xuất sắc nhất đạt được: 549.00 ===
2026-04-04 15:57:16,717 - 🎉 ĐÃ ĐẠT NGHIỆM TỐI ƯU TOÀN CỤC (BKS = 549.0). DỪNG SỚM!
2026-04-04 15:57:16,717 - ======================================================================
2026-04-04 15:57:16,718 - CW Khởi tạo = 695 → Sau Pipeline = 549
2026-04-04 15:57:16,718 - Cải thiện so CW: 146
2026-04-04 15:57:16,718 - Tổng thời gian: 9.0s
2026-04-04 15:57:16,718 - Verified cost: 549
2026-04-04 15:57:16,719 - ======================================================================
2026-04-04 15:57:16,719 - FILE: B-n41-k6.vrp
2026-04-04 15:57:16,719 - ======================================================================
2026-04-04 15:57:16,722 - Dim=41 K=6 Cap=100
2026-04-04 15:57:16,722 - --- Step 1: Clarke-Wright Heuristic ---
2026-04-04 15:57:16,724 -   cost=981 time=0.00s
2026-04-04 15:57:16,724 - --- Step 2, 3, 4: Advanced Optimization Pipeline ---
2026-04-04 15:57:16,724 - =========================================
2026-04-04 15:57:16,724 - BẮT ĐẦU TUYẾN TRÌNH TỐI ƯU (PIPELINE)
2026-04-04 15:57:16,724 - =========================================
2026-04-04 15:57:16,724 - === GIAI ĐOẠN 2: LOCAL SEARCH ĐA TOÁN TỬ | Bắt đầu: 981.00 ===
2026-04-04 15:57:16,768 -   [LS Iter 1] Cải thiện cost: 981.00 -> 940.00
2026-04-04 15:57:16,811 -   [LS Iter 2] Cải thiện cost: 940.00 -> 932.00
2026-04-04 15:57:16,859 -   [LS Iter 3] Cải thiện cost: 932.00 -> 877.00
2026-04-04 15:57:16,900 -   [LS Iter 4] Cải thiện cost: 877.00 -> 873.00
2026-04-04 15:57:16,940 - === KẾT THÚC GIAI ĐOẠN 2 | Đạt cực trị tại: 873.00 ===
2026-04-04 15:57:16,940 - === BẮT ĐẦU CHẶNG 3: ALNS + GLS | Vòng lặp: 150 | Cost: 873.00 ===
2026-04-04 15:57:17,064 -   [ALNS Iter 2] Random Destroy phá vỡ giới hạn -> BEST MỚI: 870.00
2026-04-04 15:57:17,149 -   [ALNS Iter 4] Random Destroy phá vỡ giới hạn -> BEST MỚI: 869.00
2026-04-04 15:57:18,398 -   [ALNS Iter 21] Worst Destroy phá vỡ giới hạn -> BEST MỚI: 868.00
2026-04-04 15:57:18,933 -   [ALNS Iter 30] Worst Destroy phá vỡ giới hạn -> BEST MỚI: 867.00
2026-04-04 15:57:19,268 -   [ALNS Iter 34] Worst Destroy phá vỡ giới hạn -> BEST MỚI: 866.00
2026-04-04 15:57:21,304 -   [GLS Iter 61] Cập nhật ma trận phạt để thay đổi hướng đi.
2026-04-04 15:57:23,204 -   [ALNS Iter 83] Worst Destroy phá vỡ giới hạn -> BEST MỚI: 845.00
2026-04-04 15:57:23,844 -   [ALNS Iter 90] Worst Destroy phá vỡ giới hạn -> BEST MỚI: 843.00
2026-04-04 15:57:23,980 -   [ALNS Iter 91] Worst Destroy phá vỡ giới hạn -> BEST MỚI: 840.00
2026-04-04 15:57:26,539 -   [GLS Iter 121] Cập nhật ma trận phạt do kẹt tải trọng liên tục.
2026-04-04 15:57:29,330 - === KẾT THÚC CHẶNG 3 | Cost xuất sắc nhất đạt được: 840.00 ===
2026-04-04 15:57:29,331 - === BẮT ĐẦU CHẶNG 4: MAX-SAT CHÍNH XÁC | Cost: 840.00 ===
2026-04-04 15:57:29,331 -   [GĐ 4.1] Giải bài toán TSP trên từng tuyến đơn...
2026-04-04 15:57:30,066 -     -> Single MaxSAT cải thiện: 1.00. Cost mới: 839.00
2026-04-04 15:57:30,066 -   [GĐ 4.2] Xét từng cặp tuyến để phân bổ lại khách hàng...
2026-04-04 15:57:30,066 -   --- Pairwise Iter 1 (còn 1187s) ---
2026-04-04 15:58:30,073 -     [P-Timeout 60.0s]
2026-04-04 15:59:30,090 -     [P-Timeout 60.0s]
2026-04-04 16:00:30,106 -     [P-Timeout 60.0s]
2026-04-04 16:01:30,118 -     [P-Timeout 60.0s]
2026-04-04 16:02:30,144 -     [P-Timeout 60.0s]
2026-04-04 16:03:30,159 -     [P-Timeout 60.0s]
2026-04-04 16:04:30,177 -     [P-Timeout 60.0s]
2026-04-04 16:05:30,199 -     [P-Timeout 60.0s]
2026-04-04 16:06:30,218 -     [P-Timeout 60.0s]
2026-04-04 16:07:30,241 -     [P-Timeout 60.0s]
2026-04-04 16:08:30,264 -     [P-Timeout 60.0s]
2026-04-04 16:09:30,278 -     [P-Timeout 60.0s]
2026-04-04 16:10:30,298 -     [P-Timeout 60.0s]
2026-04-04 16:11:30,311 -     [P-Timeout 60.0s]
2026-04-04 16:12:30,330 -     [P-Timeout 60.0s]
2026-04-04 16:12:30,342 -     -> Đã đạt cực trị toàn cục cho mọi cặp dưới ngưỡng. KẾT THÚC CHẶNG 4.
2026-04-04 16:12:30,342 - HOÀN THÀNH PIPELINE. Final cost=839.00 | Time=913.6s
2026-04-04 16:12:30,343 - ======================================================================
2026-04-04 16:12:30,343 - CW Khởi tạo = 981 → Sau Pipeline = 839
2026-04-04 16:12:30,343 - Cải thiện so CW: 142
2026-04-04 16:12:30,343 - Tổng thời gian: 913.6s
2026-04-04 16:12:30,343 - Verified cost: 839
2026-04-04 16:12:30,344 - ======================================================================
2026-04-04 16:12:30,344 - FILE: B-n43-k6.vrp
2026-04-04 16:12:30,344 - ======================================================================
2026-04-04 16:12:30,348 - Dim=43 K=6 Cap=100
2026-04-04 16:12:30,348 - --- Step 1: Clarke-Wright Heuristic ---
2026-04-04 16:12:30,350 -   cost=861 time=0.00s
2026-04-04 16:12:30,350 - --- Step 2, 3, 4: Advanced Optimization Pipeline ---
2026-04-04 16:12:30,350 - =========================================
2026-04-04 16:12:30,350 - BẮT ĐẦU TUYẾN TRÌNH TỐI ƯU (PIPELINE)
2026-04-04 16:12:30,350 - =========================================
2026-04-04 16:12:30,350 - === GIAI ĐOẠN 2: LOCAL SEARCH ĐA TOÁN TỬ | Bắt đầu: 861.00 ===
2026-04-04 16:12:30,411 -   [LS Iter 1] Cải thiện cost: 861.00 -> 787.00
2026-04-04 16:12:30,468 -   [LS Iter 2] Cải thiện cost: 787.00 -> 783.00
2026-04-04 16:12:30,525 -   [LS Iter 3] Cải thiện cost: 783.00 -> 766.00
2026-04-04 16:12:30,580 -   [LS Iter 4] Cải thiện cost: 766.00 -> 758.00
2026-04-04 16:12:30,634 -   [LS Iter 5] Cải thiện cost: 758.00 -> 757.00
2026-04-04 16:12:30,689 - === KẾT THÚC GIAI ĐOẠN 2 | Đạt cực trị tại: 757.00 ===
2026-04-04 16:12:30,689 - === BẮT ĐẦU CHẶNG 3: ALNS + GLS | Vòng lặp: 150 | Cost: 757.00 ===
2026-04-04 16:12:31,193 -   [ALNS Iter 4] Worst Destroy phá vỡ giới hạn -> BEST MỚI: 755.00
2026-04-04 16:12:33,497 -   [ALNS Iter 30] Worst Destroy phá vỡ giới hạn -> BEST MỚI: 754.00
2026-04-04 16:12:33,644 -   [ALNS Iter 32] Related Destroy phá vỡ giới hạn -> BEST MỚI: 751.00
2026-04-04 16:12:34,198 -   [GLS Iter 41] Cập nhật ma trận phạt để thay đổi hướng đi.
2026-04-04 16:12:35,226 -   [ALNS Iter 53] Related Destroy phá vỡ giới hạn -> BEST MỚI: 749.00
2026-04-04 16:12:40,360 -   [GLS Iter 101] Cập nhật ma trận phạt để thay đổi hướng đi.
2026-04-04 16:12:43,597 -   [ALNS Iter 122] Worst Destroy phá vỡ giới hạn -> BEST MỚI: 745.00
2026-04-04 16:12:43,976 -   [ALNS Iter 126] Related Destroy phá vỡ giới hạn -> BEST MỚI: 742.00
2026-04-04 16:12:43,976 -   [ALNS] 🎉 Đã chạm mốc BKS (742.0). Ngắt vòng lặp ALNS sớm!
2026-04-04 16:12:43,976 - === KẾT THÚC CHẶNG 3 | Cost xuất sắc nhất đạt được: 742.00 ===
2026-04-04 16:12:43,976 - 🎉 ĐÃ ĐẠT NGHIỆM TỐI ƯU TOÀN CỤC (BKS = 742.0). DỪNG SỚM!
2026-04-04 16:12:43,976 - ======================================================================
2026-04-04 16:12:43,976 - CW Khởi tạo = 861 → Sau Pipeline = 742
2026-04-04 16:12:43,977 - Cải thiện so CW: 119
2026-04-04 16:12:43,977 - Tổng thời gian: 13.6s
2026-04-04 16:12:43,977 - Verified cost: 742
2026-04-04 16:12:43,977 - ======================================================================
2026-04-04 16:12:43,977 - FILE: B-n44-k7.vrp
2026-04-04 16:12:43,977 - ======================================================================
2026-04-04 16:12:43,980 - Dim=44 K=7 Cap=100
2026-04-04 16:12:43,980 - --- Step 1: Clarke-Wright Heuristic ---
2026-04-04 16:12:43,982 -   cost=1103 time=0.00s
2026-04-04 16:12:43,982 - --- Step 2, 3, 4: Advanced Optimization Pipeline ---
2026-04-04 16:12:43,982 - =========================================
2026-04-04 16:12:43,982 - BẮT ĐẦU TUYẾN TRÌNH TỐI ƯU (PIPELINE)
2026-04-04 16:12:43,982 - =========================================
2026-04-04 16:12:43,982 - === GIAI ĐOẠN 2: LOCAL SEARCH ĐA TOÁN TỬ | Bắt đầu: 1103.00 ===
2026-04-04 16:12:44,040 -   [LS Iter 1] Cải thiện cost: 1103.00 -> 986.00
2026-04-04 16:12:44,090 -   [LS Iter 2] Cải thiện cost: 986.00 -> 981.00
2026-04-04 16:12:44,159 -   [LS Iter 3] Cải thiện cost: 981.00 -> 977.00
2026-04-04 16:12:44,212 -   [LS Iter 4] Cải thiện cost: 977.00 -> 976.00
2026-04-04 16:12:44,277 -   [LS Iter 5] Cải thiện cost: 976.00 -> 975.00
2026-04-04 16:12:44,328 - === KẾT THÚC GIAI ĐOẠN 2 | Đạt cực trị tại: 975.00 ===
2026-04-04 16:12:44,328 - === BẮT ĐẦU CHẶNG 3: ALNS + GLS | Vòng lặp: 150 | Cost: 975.00 ===
2026-04-04 16:12:44,550 -   [ALNS Iter 4] Related Destroy phá vỡ giới hạn -> BEST MỚI: 973.00
2026-04-04 16:12:45,145 -   [ALNS Iter 9] Related Destroy phá vỡ giới hạn -> BEST MỚI: 971.00
2026-04-04 16:12:46,369 -   [GLS Iter 21] Cập nhật ma trận phạt để thay đổi hướng đi.
2026-04-04 16:12:46,610 -   [ALNS Iter 23] Related Destroy phá vỡ giới hạn -> BEST MỚI: 969.00
2026-04-04 16:12:46,837 -   [ALNS Iter 24] Related Destroy phá vỡ giới hạn -> BEST MỚI: 924.00
2026-04-04 16:12:53,884 -   [GLS Iter 81] Cập nhật ma trận phạt để thay đổi hướng đi.
2026-04-04 16:13:00,690 -   [ALNS Iter 130] Related Destroy phá vỡ giới hạn -> BEST MỚI: 910.00
2026-04-04 16:13:00,957 -   [ALNS Iter 132] Related Destroy phá vỡ giới hạn -> BEST MỚI: 909.00
2026-04-04 16:13:00,957 -   [ALNS] 🎉 Đã chạm mốc BKS (909.0). Ngắt vòng lặp ALNS sớm!
2026-04-04 16:13:00,957 - === KẾT THÚC CHẶNG 3 | Cost xuất sắc nhất đạt được: 909.00 ===
2026-04-04 16:13:00,958 - 🎉 ĐÃ ĐẠT NGHIỆM TỐI ƯU TOÀN CỤC (BKS = 909.0). DỪNG SỚM!
2026-04-04 16:13:00,958 - ======================================================================
2026-04-04 16:13:00,958 - CW Khởi tạo = 1103 → Sau Pipeline = 909
2026-04-04 16:13:00,958 - Cải thiện so CW: 194
2026-04-04 16:13:00,958 - Tổng thời gian: 17.0s
2026-04-04 16:13:00,958 - Verified cost: 909
2026-04-04 16:13:00,959 - ======================================================================
2026-04-04 16:13:00,959 - FILE: B-n45-k5.vrp
2026-04-04 16:13:00,959 - ======================================================================
2026-04-04 16:13:00,963 - Dim=45 K=5 Cap=100
2026-04-04 16:13:00,963 - --- Step 1: Clarke-Wright Heuristic ---
2026-04-04 16:13:00,965 -   cost=1030 time=0.00s
2026-04-04 16:13:00,965 - --- Step 2, 3, 4: Advanced Optimization Pipeline ---
2026-04-04 16:13:00,965 - =========================================
2026-04-04 16:13:00,965 - BẮT ĐẦU TUYẾN TRÌNH TỐI ƯU (PIPELINE)
2026-04-04 16:13:00,965 - =========================================
2026-04-04 16:13:00,965 - === GIAI ĐOẠN 2: LOCAL SEARCH ĐA TOÁN TỬ | Bắt đầu: 1030.00 ===
2026-04-04 16:13:01,043 -   [LS Iter 1] Cải thiện cost: 1030.00 -> 830.00
2026-04-04 16:13:01,103 - === KẾT THÚC GIAI ĐOẠN 2 | Đạt cực trị tại: 830.00 ===
2026-04-04 16:13:01,103 - === BẮT ĐẦU CHẶNG 3: ALNS + GLS | Vòng lặp: 150 | Cost: 830.00 ===
2026-04-04 16:13:01,806 -   [ALNS Iter 7] Random Destroy phá vỡ giới hạn -> BEST MỚI: 798.00
2026-04-04 16:13:05,202 -   [ALNS Iter 45] Random Destroy phá vỡ giới hạn -> BEST MỚI: 781.00
2026-04-04 16:13:05,542 -   [ALNS Iter 49] Random Destroy phá vỡ giới hạn -> BEST MỚI: 760.00
2026-04-04 16:13:06,383 -   [ALNS Iter 57] Random Destroy phá vỡ giới hạn -> BEST MỚI: 759.00
2026-04-04 16:13:06,607 -   [ALNS Iter 59] Related Destroy phá vỡ giới hạn -> BEST MỚI: 758.00
2026-04-04 16:13:11,017 -   [GLS Iter 101] Cập nhật ma trận phạt để thay đổi hướng đi.
2026-04-04 16:13:16,063 - === KẾT THÚC CHẶNG 3 | Cost xuất sắc nhất đạt được: 758.00 ===
2026-04-04 16:13:16,063 - === BẮT ĐẦU CHẶNG 4: MAX-SAT CHÍNH XÁC | Cost: 758.00 ===
2026-04-04 16:13:16,063 -   [GĐ 4.1] Giải bài toán TSP trên từng tuyến đơn...
2026-04-04 16:13:26,954 -   [GĐ 4.2] Xét từng cặp tuyến để phân bổ lại khách hàng...
2026-04-04 16:13:26,955 -   --- Pairwise Iter 1 (còn 1174s) ---
2026-04-04 16:14:26,961 -     [P-Timeout 60.0s]
2026-04-04 16:15:26,978 -     [P-Timeout 60.0s]
2026-04-04 16:15:26,993 -     -> Đã đạt cực trị toàn cục cho mọi cặp dưới ngưỡng. KẾT THÚC CHẶNG 4.
2026-04-04 16:15:26,993 - HOÀN THÀNH PIPELINE. Final cost=758.00 | Time=146.0s
2026-04-04 16:15:26,993 - ======================================================================
2026-04-04 16:15:26,993 - CW Khởi tạo = 1030 → Sau Pipeline = 758
2026-04-04 16:15:26,993 - Cải thiện so CW: 272
2026-04-04 16:15:26,993 - Tổng thời gian: 146.0s
2026-04-04 16:15:26,993 - Verified cost: 758
2026-04-04 16:15:26,994 - ======================================================================
2026-04-04 16:15:26,994 - FILE: B-n45-k6.vrp
2026-04-04 16:15:26,994 - ======================================================================
2026-04-04 16:15:26,998 - Dim=45 K=6 Cap=100
2026-04-04 16:15:26,998 - --- Step 1: Clarke-Wright Heuristic ---
2026-04-04 16:15:27,000 -   cost=888 time=0.00s
2026-04-04 16:15:27,000 - --- Step 2, 3, 4: Advanced Optimization Pipeline ---
2026-04-04 16:15:27,000 - =========================================
2026-04-04 16:15:27,000 - BẮT ĐẦU TUYẾN TRÌNH TỐI ƯU (PIPELINE)
2026-04-04 16:15:27,000 - =========================================
2026-04-04 16:15:27,000 - === GIAI ĐOẠN 2: LOCAL SEARCH ĐA TOÁN TỬ | Bắt đầu: 888.00 ===
2026-04-04 16:15:27,065 -   [LS Iter 1] Cải thiện cost: 888.00 -> 772.00
2026-04-04 16:15:27,112 -   [LS Iter 2] Cải thiện cost: 772.00 -> 771.00
2026-04-04 16:15:27,159 - === KẾT THÚC GIAI ĐOẠN 2 | Đạt cực trị tại: 771.00 ===
2026-04-04 16:15:27,159 - === BẮT ĐẦU CHẶNG 3: ALNS + GLS | Vòng lặp: 150 | Cost: 771.00 ===
2026-04-04 16:15:28,012 -   [ALNS Iter 11] Random Destroy phá vỡ giới hạn -> BEST MỚI: 750.00
2026-04-04 16:15:28,167 -   [ALNS Iter 15] Related Destroy phá vỡ giới hạn -> BEST MỚI: 745.00
2026-04-04 16:15:28,360 -   [GLS Iter 21] Cập nhật ma trận phạt do kẹt tải trọng liên tục.
2026-04-04 16:15:29,572 -   [ALNS Iter 51] Random Destroy phá vỡ giới hạn -> BEST MỚI: 721.00
2026-04-04 16:15:30,414 -   [ALNS Iter 68] Related Destroy phá vỡ giới hạn -> BEST MỚI: 720.00
2026-04-04 16:15:30,699 -   [ALNS Iter 73] Related Destroy phá vỡ giới hạn -> BEST MỚI: 719.00
2026-04-04 16:15:33,124 -   [GLS Iter 121] Cập nhật ma trận phạt để thay đổi hướng đi.
2026-04-04 16:15:34,527 - === KẾT THÚC CHẶNG 3 | Cost xuất sắc nhất đạt được: 719.00 ===
2026-04-04 16:15:34,527 - === BẮT ĐẦU CHẶNG 4: MAX-SAT CHÍNH XÁC | Cost: 719.00 ===
2026-04-04 16:15:34,528 -   [GĐ 4.1] Giải bài toán TSP trên từng tuyến đơn...
2026-04-04 16:15:36,428 -   [GĐ 4.2] Xét từng cặp tuyến để phân bổ lại khách hàng...
2026-04-04 16:15:36,428 -   --- Pairwise Iter 1 (còn 1191s) ---
2026-04-04 16:16:36,441 -     [P-Timeout 60.0s]
2026-04-04 16:17:36,459 -     [P-Timeout 60.0s]
2026-04-04 16:18:36,477 -     [P-Timeout 60.0s]
2026-04-04 16:19:36,491 -     [P-Timeout 60.0s]
