2026-04-06 15:34:17,682 - ======================================================================
2026-04-06 15:34:17,682 - FILE: B-n45-k5.vrp
2026-04-06 15:34:17,682 - ======================================================================
2026-04-06 15:34:17,685 - Dim=45 K=5 Cap=100
2026-04-06 15:34:17,685 - --- Step 1: Clarke-Wright Heuristic ---
2026-04-06 15:34:17,688 -   cost=1030 time=0.00s
2026-04-06 15:34:17,688 - --- Step 2, 3, 4: Advanced Optimization Pipeline ---
2026-04-06 15:34:17,688 - =========================================
2026-04-06 15:34:17,688 - BẮT ĐẦU TUYẾN TRÌNH TỐI ƯU (PIPELINE)
2026-04-06 15:34:17,688 - =========================================
2026-04-06 15:34:17,688 - === GIAI ĐOẠN 2: LOCAL SEARCH ĐA TOÁN TỬ | Bắt đầu: 1030.00 ===
2026-04-06 15:34:17,763 -   [LS Iter 1] Cải thiện cost: 1030.00 -> 830.00
2026-04-06 15:34:17,814 - === KẾT THÚC GIAI ĐOẠN 2 | Đạt cực trị tại: 830.00 ===
2026-04-06 15:34:17,814 - === BẮT ĐẦU CHẶNG 3: ALNS + GLS | Vòng lặp: 150 | Cost: 830.00 ===
2026-04-06 15:34:18,874 -   [ALNS Iter 11] Worst Destroy phá vỡ giới hạn -> BEST MỚI: 800.00
2026-04-06 15:34:20,711 -   [ALNS Iter 31] Worst Destroy phá vỡ giới hạn -> BEST MỚI: 789.00
2026-04-06 15:34:21,138 -   [ALNS Iter 35] Worst Destroy phá vỡ giới hạn -> BEST MỚI: 766.00
2026-04-06 15:34:21,408 -   [GLS Iter 41] Cập nhật ma trận phạt do kẹt tải trọng liên tục.
2026-04-06 15:34:21,713 -   [ALNS Iter 44] Related Destroy phá vỡ giới hạn -> BEST MỚI: 759.00
2026-04-06 15:34:21,762 -   [ALNS Iter 45] Worst Destroy phá vỡ giới hạn -> BEST MỚI: 752.00
2026-04-06 15:34:22,054 -   [ALNS Iter 48] Related Destroy phá vỡ giới hạn -> BEST MỚI: 751.00
2026-04-06 15:34:22,054 -   [ALNS] 🎉 Đã chạm mốc BKS (751.0). Ngắt vòng lặp ALNS sớm!
2026-04-06 15:34:22,054 - === KẾT THÚC CHẶNG 3 | Cost xuất sắc nhất đạt được: 751.00 ===
2026-04-06 15:34:22,054 - 🎉 ĐÃ ĐẠT NGHIỆM TỐI ƯU TOÀN CỤC (BKS = 751.0). DỪNG SỚM!
2026-04-06 15:34:22,054 - ======================================================================
2026-04-06 15:34:22,054 - CW Khởi tạo = 1030 → Sau Pipeline = 751
2026-04-06 15:34:22,054 - Cải thiện so CW: 279
2026-04-06 15:34:22,054 - Tổng thời gian: 4.4s
2026-04-06 15:34:22,054 - Verified cost: 751
2026-04-06 15:34:22,059 - ======================================================================
2026-04-06 15:34:22,060 - FILE: B-n45-k6.vrp
2026-04-06 15:34:22,060 - ======================================================================
2026-04-06 15:34:22,064 - Dim=45 K=6 Cap=100
2026-04-06 15:34:22,064 - --- Step 1: Clarke-Wright Heuristic ---
2026-04-06 15:34:22,066 -   cost=888 time=0.00s
2026-04-06 15:34:22,066 - --- Step 2, 3, 4: Advanced Optimization Pipeline ---
2026-04-06 15:34:22,066 - =========================================
2026-04-06 15:34:22,066 - BẮT ĐẦU TUYẾN TRÌNH TỐI ƯU (PIPELINE)
2026-04-06 15:34:22,066 - =========================================
2026-04-06 15:34:22,066 - === GIAI ĐOẠN 2: LOCAL SEARCH ĐA TOÁN TỬ | Bắt đầu: 888.00 ===
2026-04-06 15:34:22,118 -   [LS Iter 1] Cải thiện cost: 888.00 -> 772.00
2026-04-06 15:34:22,160 -   [LS Iter 2] Cải thiện cost: 772.00 -> 771.00
2026-04-06 15:34:22,203 - === KẾT THÚC GIAI ĐOẠN 2 | Đạt cực trị tại: 771.00 ===
2026-04-06 15:34:22,203 - === BẮT ĐẦU CHẶNG 3: ALNS + GLS | Vòng lặp: 150 | Cost: 771.00 ===
2026-04-06 15:34:22,417 -   [ALNS Iter 7] Random Destroy phá vỡ giới hạn -> BEST MỚI: 766.00
2026-04-06 15:34:22,506 -   [ALNS Iter 12] Random Destroy phá vỡ giới hạn -> BEST MỚI: 765.00
2026-04-06 15:34:22,586 -   [ALNS Iter 13] Random Destroy phá vỡ giới hạn -> BEST MỚI: 764.00
2026-04-06 15:34:22,744 -   [ALNS Iter 15] Random Destroy phá vỡ giới hạn -> BEST MỚI: 762.00
2026-04-06 15:34:23,080 -   [GLS Iter 21] Cập nhật ma trận phạt để thay đổi hướng đi.
2026-04-06 15:34:24,280 -   [ALNS Iter 47] Random Destroy phá vỡ giới hạn -> BEST MỚI: 755.00
2026-04-06 15:34:24,453 -   [ALNS Iter 48] Random Destroy phá vỡ giới hạn -> BEST MỚI: 733.00
2026-04-06 15:34:24,584 -   [ALNS Iter 50] Random Destroy phá vỡ giới hạn -> BEST MỚI: 727.00
2026-04-06 15:34:26,490 -   [ALNS Iter 96] Random Destroy phá vỡ giới hạn -> BEST MỚI: 720.00
2026-04-06 15:34:27,660 -   [ALNS Iter 117] Random Destroy phá vỡ giới hạn -> BEST MỚI: 704.00
2026-04-06 15:34:28,602 -   [GLS Iter 141] Cập nhật ma trận phạt do kẹt tải trọng liên tục.
2026-04-06 15:34:28,898 - === KẾT THÚC CHẶNG 3 | Cost xuất sắc nhất đạt được: 704.00 ===
2026-04-06 15:34:28,898 - === BẮT ĐẦU CHẶNG 4: MAX-SAT CHÍNH XÁC | Cost: 704.00 ===
2026-04-06 15:34:28,898 -   [GĐ 4.1] Giải bài toán TSP trên từng tuyến đơn...
2026-04-06 15:34:30,428 -   [GĐ 4.2] Xét từng cặp tuyến để phân bổ lại khách hàng...
2026-04-06 15:34:30,428 -   --- Pairwise Iter 1 (còn 1192s) ---
2026-04-06 15:35:30,432 -     [P-Timeout 60.0s]
2026-04-06 15:36:30,445 -     [P-Timeout 60.0s]
2026-04-06 15:37:30,459 -     [P-Timeout 60.0s]
2026-04-06 15:38:30,470 -     [P-Timeout 60.0s]
2026-04-06 15:39:30,483 -     [P-Timeout 60.0s]
2026-04-06 15:40:30,500 -     [P-Timeout 60.0s]
2026-04-06 15:41:30,515 -     [P-Timeout 60.0s]
2026-04-06 15:42:30,530 -     [P-Timeout 60.0s]
2026-04-06 15:43:30,546 -     [P-Timeout 60.0s]
2026-04-06 15:44:30,560 -     [P-Timeout 60.0s]
2026-04-06 15:45:30,572 -     [P-Timeout 60.0s]
2026-04-06 15:45:30,585 -     -> Đã đạt cực trị toàn cục cho mọi cặp dưới ngưỡng. KẾT THÚC CHẶNG 4.
2026-04-06 15:45:30,585 - HOÀN THÀNH PIPELINE. Final cost=704.00 | Time=668.5s
2026-04-06 15:45:30,585 - ======================================================================
2026-04-06 15:45:30,585 - CW Khởi tạo = 888 → Sau Pipeline = 704
2026-04-06 15:45:30,585 - Cải thiện so CW: 184
2026-04-06 15:45:30,585 - Tổng thời gian: 668.5s
2026-04-06 15:45:30,585 - Verified cost: 704
