2026-05-16 08:10:15,735 - ======================================================================
2026-05-16 08:10:15,736 - FILE: F-n45-k4.vrp
2026-05-16 08:10:15,736 - ======================================================================
2026-05-16 08:10:15,737 - Dim=45 K=4 Cap=2010
2026-05-16 08:10:15,737 - --- Step 1: Clarke-Wright Heuristic ---
2026-05-16 08:10:15,739 -   cost=956 time=0.00s
2026-05-16 08:10:15,739 - --- Step 2, 3, 4: Advanced Optimization Pipeline ---
2026-05-16 08:10:15,739 - =========================================
2026-05-16 08:10:15,739 - BẮT ĐẦU TUYẾN TRÌNH TỐI ƯU (PIPELINE)
2026-05-16 08:10:15,739 - =========================================
2026-05-16 08:10:15,739 - === GIAI ĐOẠN 2: LOCAL SEARCH ĐA TOÁN TỬ | Bắt đầu: 956.00 ===
2026-05-16 08:10:15,844 -   [LS Iter 1] Cải thiện cost: 956.00 -> 855.00
2026-05-16 08:10:15,926 -   [LS Iter 2] Cải thiện cost: 855.00 -> 844.00
2026-05-16 08:10:16,006 -   [LS Iter 3] Cải thiện cost: 844.00 -> 833.00
2026-05-16 08:10:16,087 - === KẾT THÚC GIAI ĐOẠN 2 | Đạt cực trị tại: 833.00 ===
2026-05-16 08:10:16,088 - === BẮT ĐẦU CHẶNG 3: ALNS + GLS | Vòng lặp: 1600 | Cost: 833.00 ===
2026-05-16 08:10:16,186 -   [ALNS Iter 1] Related Destroy phá vỡ giới hạn -> BEST MỚI: 815.00
2026-05-16 08:10:17,121 -   [ALNS Iter 8] Related Destroy phá vỡ giới hạn -> BEST MỚI: 769.00
2026-05-16 08:10:17,725 -   [ALNS Iter 12] Worst Destroy phá vỡ giới hạn -> BEST MỚI: 761.00
2026-05-16 08:10:18,234 -   [ALNS Iter 14] Worst Destroy phá vỡ giới hạn -> BEST MỚI: 731.00
2026-05-16 08:10:19,653 -   [ALNS Iter 27] Related Destroy phá vỡ giới hạn -> BEST MỚI: 730.00
