2026-05-16 16:23:06,015 - ======================================================================
2026-05-16 16:23:06,015 - FILE: F-n45-k4.vrp
2026-05-16 16:23:06,015 - ======================================================================
2026-05-16 16:23:06,016 - Dim=45 K=4 Cap=2010
2026-05-16 16:23:06,016 - --- Step 1: Clarke-Wright Heuristic ---
2026-05-16 16:23:06,018 -   cost=956 time=0.00s
2026-05-16 16:23:06,018 - --- Step 2, 3, 4: Advanced Optimization Pipeline ---
2026-05-16 16:23:06,018 - =========================================
2026-05-16 16:23:06,018 - BẮT ĐẦU TUYẾN TRÌNH TỐI ƯU (PIPELINE)
2026-05-16 16:23:06,018 - =========================================
2026-05-16 16:23:06,018 - === GIAI ĐOẠN 2: LOCAL SEARCH ĐA TOÁN TỬ | Bắt đầu: 956.00 ===
2026-05-16 16:23:06,118 -   [LS Iter 1] Cải thiện cost: 956.00 -> 855.00
2026-05-16 16:23:06,196 -   [LS Iter 2] Cải thiện cost: 855.00 -> 844.00
2026-05-16 16:23:06,284 -   [LS Iter 3] Cải thiện cost: 844.00 -> 833.00
2026-05-16 16:23:06,367 - === KẾT THÚC GIAI ĐOẠN 2 | Đạt cực trị tại: 833.00 ===
2026-05-16 16:23:06,367 - === BẮT ĐẦU CHẶNG 3: ALNS + GLS | Vòng lặp: 1600 | Cost: 833.00 ===
2026-05-16 16:23:06,745 -   [ALNS Iter 1] Worst Destroy phá vỡ giới hạn -> BEST MỚI: 788.00
2026-05-16 16:23:07,606 -   [ALNS Iter 5] Related Destroy phá vỡ giới hạn -> BEST MỚI: 751.00
2026-05-16 16:23:09,929 -   [ALNS Iter 23] Worst Destroy phá vỡ giới hạn -> BEST MỚI: 730.00
2026-05-16 16:23:11,578 -   [GLS Iter 41] Cập nhật ma trận phạt để thay đổi hướng đi.
2026-05-16 16:23:21,948 -   [GLS Iter 101] Cập nhật ma trận phạt để thay đổi hướng đi.
2026-05-16 16:23:31,517 -   [GLS Iter 161] Cập nhật ma trận phạt do kẹt tải trọng liên tục.
2026-05-16 16:23:42,083 -   [GLS Iter 221] Cập nhật ma trận phạt để thay đổi hướng đi.
2026-05-16 16:23:49,900 -   [ALNS Iter 260] Worst Destroy phá vỡ giới hạn -> BEST MỚI: 724.00
2026-05-16 16:23:49,900 -   [ALNS] 🎉 Đã chạm mốc BKS (724.0). Ngắt vòng lặp ALNS sớm!
2026-05-16 16:23:49,904 - === KẾT THÚC CHẶNG 3 | Cost xuất sắc nhất đạt được: 724.00 ===
2026-05-16 16:23:49,905 - 🎉 ĐÃ ĐẠT NGHIỆM TỐI ƯU TOÀN CỤC (BKS = 724.0). DỪNG SỚM!
2026-05-16 16:23:49,905 - ======================================================================
2026-05-16 16:23:49,905 - CW Khởi tạo = 956 → Sau Pipeline = 724
2026-05-16 16:23:49,905 - Cải thiện so CW: 232
2026-05-16 16:23:49,905 - Tổng thời gian: 43.9s
2026-05-16 16:23:49,905 - Verified cost: 724
2026-05-16 16:23:49,906 - ======================================================================
2026-05-16 16:23:49,906 - FILE: F-n72-k4.vrp
2026-05-16 16:23:49,906 - ======================================================================
2026-05-16 16:23:49,908 - Dim=72 K=4 Cap=30000
2026-05-16 16:23:49,908 - --- Step 1: Clarke-Wright Heuristic ---
2026-05-16 16:23:49,913 -   cost=353 time=0.00s
2026-05-16 16:23:49,913 - --- Step 2, 3, 4: Advanced Optimization Pipeline ---
2026-05-16 16:23:49,913 - =========================================
2026-05-16 16:23:49,913 - BẮT ĐẦU TUYẾN TRÌNH TỐI ƯU (PIPELINE)
2026-05-16 16:23:49,913 - =========================================
2026-05-16 16:23:49,913 - === GIAI ĐOẠN 2: LOCAL SEARCH ĐA TOÁN TỬ | Bắt đầu: 353.00 ===
2026-05-16 16:23:50,278 -   [LS Iter 1] Cải thiện cost: 353.00 -> 281.00
2026-05-16 16:23:50,584 -   [LS Iter 2] Cải thiện cost: 281.00 -> 280.00
2026-05-16 16:23:50,889 -   [LS Iter 3] Cải thiện cost: 280.00 -> 279.00
2026-05-16 16:23:51,194 - === KẾT THÚC GIAI ĐOẠN 2 | Đạt cực trị tại: 279.00 ===
2026-05-16 16:23:51,194 - === BẮT ĐẦU CHẶNG 3: ALNS + GLS | Vòng lặp: 1600 | Cost: 279.00 ===
2026-05-16 16:23:54,535 -   [ALNS Iter 3] Related Destroy phá vỡ giới hạn -> BEST MỚI: 273.00
2026-05-16 16:24:03,608 -   [ALNS Iter 19] Related Destroy phá vỡ giới hạn -> BEST MỚI: 272.00
2026-05-16 16:24:04,966 -   [ALNS Iter 22] Related Destroy phá vỡ giới hạn -> BEST MỚI: 271.00
2026-05-16 16:24:05,640 -   [ALNS Iter 24] Related Destroy phá vỡ giới hạn -> BEST MỚI: 270.00
2026-05-16 16:24:32,210 -   [GLS Iter 81] Cập nhật ma trận phạt để thay đổi hướng đi.
2026-05-16 16:25:08,240 -   [ALNS Iter 129] Related Destroy phá vỡ giới hạn -> BEST MỚI: 262.00
2026-05-16 16:25:14,750 -   [GLS Iter 141] Cập nhật ma trận phạt để thay đổi hướng đi.
2026-05-16 16:25:30,065 -   [ALNS Iter 165] Related Destroy phá vỡ giới hạn -> BEST MỚI: 260.00
2026-05-16 16:25:36,611 -   [ALNS Iter 178] Related Destroy phá vỡ giới hạn -> BEST MỚI: 249.00
2026-05-16 16:25:38,745 -   [GLS Iter 181] Cập nhật ma trận phạt để thay đổi hướng đi.
2026-05-16 16:25:48,820 -   [ALNS Iter 200] Related Destroy phá vỡ giới hạn -> BEST MỚI: 247.00
2026-05-16 16:25:54,633 -   [ALNS Iter 211] Related Destroy phá vỡ giới hạn -> BEST MỚI: 246.00
2026-05-16 16:26:10,258 -   [GLS Iter 241] Cập nhật ma trận phạt để thay đổi hướng đi.
2026-05-16 16:26:15,778 -   [ALNS Iter 248] Worst Destroy phá vỡ giới hạn -> BEST MỚI: 238.00
2026-05-16 16:26:32,968 -   [GLS Iter 281] Cập nhật ma trận phạt để thay đổi hướng đi.
2026-05-16 16:27:10,617 -   [GLS Iter 341] Cập nhật ma trận phạt để thay đổi hướng đi.
2026-05-16 16:27:54,892 -   [GLS Iter 401] Cập nhật ma trận phạt do kẹt tải trọng liên tục.
2026-05-16 16:28:41,232 -   [GLS Iter 461] Cập nhật ma trận phạt để thay đổi hướng đi.
2026-05-16 16:29:23,106 -   [GLS Iter 521] Cập nhật ma trận phạt để thay đổi hướng đi.
2026-05-16 16:29:58,379 -   [GLS Iter 581] Cập nhật ma trận phạt để thay đổi hướng đi.
2026-05-16 16:30:37,069 -   [GLS Iter 641] Cập nhật ma trận phạt để thay đổi hướng đi.
2026-05-16 16:31:19,626 -   [GLS Iter 701] Cập nhật ma trận phạt do kẹt tải trọng liên tục.
2026-05-16 16:32:05,624 -   [GLS Iter 761] Cập nhật ma trận phạt để thay đổi hướng đi.
2026-05-16 16:32:23,991 -   [ALNS Iter 782] Related Destroy phá vỡ giới hạn -> BEST MỚI: 237.00
2026-05-16 16:32:23,991 -   [ALNS] 🎉 Đã chạm mốc BKS (237.0). Ngắt vòng lặp ALNS sớm!
2026-05-16 16:32:23,991 - === KẾT THÚC CHẶNG 3 | Cost xuất sắc nhất đạt được: 237.00 ===
2026-05-16 16:32:23,991 - 🎉 ĐÃ ĐẠT NGHIỆM TỐI ƯU TOÀN CỤC (BKS = 237.0). DỪNG SỚM!
2026-05-16 16:32:23,991 - ======================================================================
2026-05-16 16:32:23,991 - CW Khởi tạo = 353 → Sau Pipeline = 237
2026-05-16 16:32:23,991 - Cải thiện so CW: 116
2026-05-16 16:32:23,991 - Tổng thời gian: 514.1s
2026-05-16 16:32:23,991 - Verified cost: 237
2026-05-16 16:32:23,992 - ======================================================================
2026-05-16 16:32:23,992 - FILE: F-n135-k7.vrp
2026-05-16 16:32:23,992 - ======================================================================
2026-05-16 16:32:23,999 - Dim=135 K=7 Cap=2210
2026-05-16 16:32:23,999 - --- Step 1: Clarke-Wright Heuristic ---
2026-05-16 16:32:24,019 -   cost=1558 time=0.02s
2026-05-16 16:32:24,020 - --- Step 2, 3, 4: Advanced Optimization Pipeline ---
2026-05-16 16:32:24,020 - =========================================
2026-05-16 16:32:24,020 - BẮT ĐẦU TUYẾN TRÌNH TỐI ƯU (PIPELINE)
2026-05-16 16:32:24,020 - =========================================
2026-05-16 16:32:24,020 - === GIAI ĐOẠN 2: LOCAL SEARCH ĐA TOÁN TỬ | Bắt đầu: 1558.00 ===
2026-05-16 16:32:25,639 -   [LS Iter 1] Cải thiện cost: 1558.00 -> 1271.00
2026-05-16 16:32:27,189 -   [LS Iter 2] Cải thiện cost: 1271.00 -> 1266.00
2026-05-16 16:32:28,728 -   [LS Iter 3] Cải thiện cost: 1266.00 -> 1262.00
2026-05-16 16:32:30,284 -   [LS Iter 4] Cải thiện cost: 1262.00 -> 1259.00
2026-05-16 16:32:31,811 -   [LS Iter 5] Cải thiện cost: 1259.00 -> 1256.00
2026-05-16 16:32:33,375 -   [LS Iter 6] Cải thiện cost: 1256.00 -> 1251.00
2026-05-16 16:32:35,005 -   [LS Iter 7] Cải thiện cost: 1251.00 -> 1245.00
2026-05-16 16:32:36,549 -   [LS Iter 8] Cải thiện cost: 1245.00 -> 1244.00
2026-05-16 16:32:38,100 -   [LS Iter 9] Cải thiện cost: 1244.00 -> 1243.00
2026-05-16 16:32:39,617 -   [LS Iter 10] Cải thiện cost: 1243.00 -> 1242.00
2026-05-16 16:32:41,125 - === KẾT THÚC GIAI ĐOẠN 2 | Đạt cực trị tại: 1242.00 ===
2026-05-16 16:32:41,125 - === BẮT ĐẦU CHẶNG 3: ALNS + GLS | Vòng lặp: 1600 | Cost: 1242.00 ===
2026-05-16 16:33:58,334 -   [GLS Iter 21] Cập nhật ma trận phạt để thay đổi hướng đi.
2026-05-16 16:34:15,107 -   [ALNS Iter 28] Random Destroy phá vỡ giới hạn -> BEST MỚI: 1241.00
2026-05-16 16:34:19,021 -   [ALNS Iter 29] Random Destroy phá vỡ giới hạn -> BEST MỚI: 1240.00
2026-05-16 16:34:47,005 -   [ALNS Iter 41] Random Destroy phá vỡ giới hạn -> BEST MỚI: 1225.00
2026-05-16 16:34:59,461 -   [ALNS Iter 44] Related Destroy phá vỡ giới hạn -> BEST MỚI: 1224.00
2026-05-16 16:38:23,019 -   [GLS Iter 101] Cập nhật ma trận phạt để thay đổi hướng đi.
2026-05-16 16:40:10,925 -   [ALNS Iter 132] Random Destroy phá vỡ giới hạn -> BEST MỚI: 1218.00
2026-05-16 16:40:46,468 -   [GLS Iter 141] Cập nhật ma trận phạt để thay đổi hướng đi.
2026-05-16 16:43:18,033 -   [ALNS Iter 193] Related Destroy phá vỡ giới hạn -> BEST MỚI: 1201.00
2026-05-16 16:43:32,640 -   [ALNS Iter 197] Random Destroy phá vỡ giới hạn -> BEST MỚI: 1195.00
2026-05-16 16:45:05,952 -   [GLS Iter 221] Cập nhật ma trận phạt để thay đổi hướng đi.
2026-05-16 16:48:30,545 -   [GLS Iter 281] Cập nhật ma trận phạt để thay đổi hướng đi.
2026-05-16 16:52:19,113 -   [GLS Iter 341] Cập nhật ma trận phạt để thay đổi hướng đi.
2026-05-16 16:52:24,069 - === KẾT THÚC CHẶNG 3 | Cost xuất sắc nhất đạt được: 1195.00 ===
2026-05-16 16:52:24,069 - ======================================================================
2026-05-16 16:52:24,069 - CW Khởi tạo = 1558 → Sau Pipeline = 1195
2026-05-16 16:52:24,069 - Cải thiện so CW: 363
2026-05-16 16:52:24,069 - Tổng thời gian: 1200.1s
2026-05-16 16:52:24,069 - Verified cost: 1195
