[runlim] version:		1.10
[runlim] time limit:		311040000 seconds
[runlim] real time limit:	36000 seconds
[runlim] space limit:		15860 MB
[runlim] argv[0]:		python
[runlim] argv[1]:		run_benchmark_P.py
[runlim] argv[2]:		cplex
[runlim] start:			Mon May 11 03:19:47 2026
[runlim] main pid:		19230
[runlim] sample:		8.4 time, 10.5 real, 114.1 MB
[runlim] sample:		17.8 time, 20.5 real, 120.0 MB
[runlim] sample:		27.2 time, 30.5 real, 120.0 MB
[runlim] sample:		36.4 time, 40.5 real, 120.0 MB
[runlim] sample:		46.1 time, 50.5 real, 121.1 MB
[runlim] sample:		54.7 time, 60.5 real, 118.6 MB
[runlim] sample:		63.2 time, 70.5 real, 123.0 MB
[runlim] sample:		72.8 time, 80.5 real, 127.5 MB
[runlim] sample:		82.8 time, 90.5 real, 127.5 MB
[runlim] sample:		92.7 time, 100.5 real, 127.5 MB
[runlim] sample:		102.6 time, 110.5 real, 128.1 MB
[runlim] sample:		112.5 time, 120.5 real, 130.1 MB
[runlim] sample:		122.5 time, 130.5 real, 128.4 MB
[runlim] sample:		132.4 time, 140.5 real, 128.4 MB
[runlim] sample:		142.4 time, 150.5 real, 128.8 MB
[runlim] sample:		152.3 time, 160.5 real, 128.8 MB
[runlim] sample:		162.2 time, 170.5 real, 129.5 MB
[runlim] sample:		172.1 time, 180.5 real, 129.5 MB
[runlim] sample:		182.1 time, 190.5 real, 131.8 MB
[runlim] sample:		192.0 time, 200.5 real, 131.8 MB
[runlim] sample:		201.9 time, 210.5 real, 131.9 MB
[runlim] sample:		211.7 time, 220.5 real, 133.1 MB
[runlim] sample:		221.6 time, 230.5 real, 133.1 MB
[runlim] sample:		231.5 time, 240.5 real, 128.0 MB
[runlim] sample:		241.5 time, 250.5 real, 128.0 MB
[runlim] sample:		251.4 time, 260.5 real, 128.0 MB
[runlim] sample:		261.3 time, 270.5 real, 128.0 MB
[runlim] sample:		270.9 time, 280.5 real, 128.0 MB
[runlim] sample:		280.8 time, 290.5 real, 131.7 MB
[runlim] sample:		290.7 time, 300.5 real, 133.0 MB
[runlim] sample:		300.5 time, 310.5 real, 133.0 MB
[runlim] sample:		310.4 time, 320.5 real, 133.0 MB
[runlim] sample:		320.3 time, 330.5 real, 133.0 MB
[runlim] sample:		330.2 time, 340.5 real, 133.0 MB
[runlim] sample:		339.9 time, 350.5 real, 135.8 MB
[runlim] sample:		349.7 time, 360.5 real, 136.7 MB
[runlim] sample:		359.5 time, 370.5 real, 136.7 MB
[runlim] sample:		369.4 time, 380.5 real, 136.7 MB
[runlim] sample:		379.3 time, 390.5 real, 138.5 MB
[runlim] sample:		389.3 time, 400.5 real, 138.5 MB
[runlim] sample:		399.2 time, 410.5 real, 138.6 MB
[runlim] sample:		409.2 time, 420.5 real, 138.6 MB
[runlim] sample:		419.1 time, 430.5 real, 138.6 MB
[runlim] sample:		429.0 time, 440.5 real, 138.7 MB
[runlim] sample:		438.9 time, 450.5 real, 138.8 MB
[runlim] sample:		448.7 time, 460.5 real, 141.6 MB
[runlim] sample:		458.7 time, 470.5 real, 141.6 MB
[runlim] sample:		468.6 time, 480.5 real, 141.6 MB
[runlim] sample:		478.5 time, 490.5 real, 141.6 MB
[runlim] sample:		488.4 time, 500.5 real, 141.6 MB
[runlim] sample:		498.4 time, 510.5 real, 141.7 MB
[runlim] sample:		508.3 time, 520.5 real, 141.7 MB
[runlim] sample:		518.2 time, 530.5 real, 141.7 MB
[runlim] sample:		528.2 time, 540.5 real, 141.7 MB
[runlim] sample:		538.1 time, 550.5 real, 141.7 MB
[runlim] sample:		548.0 time, 560.5 real, 141.7 MB
[runlim] sample:		557.9 time, 570.5 real, 141.7 MB
[runlim] sample:		567.8 time, 580.5 real, 141.7 MB
[runlim] sample:		577.8 time, 590.5 real, 141.7 MB
[runlim] sample:		587.8 time, 600.5 real, 141.7 MB
[runlim] sample:		597.5 time, 610.5 real, 141.7 MB
[runlim] sample:		607.3 time, 620.5 real, 141.7 MB
[runlim] sample:		617.2 time, 630.5 real, 141.7 MB
[runlim] sample:		626.7 time, 640.5 real, 141.7 MB
[runlim] sample:		636.5 time, 650.5 real, 141.7 MB
[runlim] sample:		646.4 time, 660.5 real, 141.7 MB
[runlim] sample:		656.4 time, 670.5 real, 141.7 MB
[runlim] sample:		666.3 time, 680.6 real, 141.7 MB
[runlim] sample:		676.2 time, 690.5 real, 142.1 MB
[runlim] sample:		686.2 time, 700.5 real, 142.6 MB
[runlim] sample:		696.1 time, 710.6 real, 142.6 MB
[runlim] sample:		705.9 time, 720.5 real, 142.6 MB
[runlim] sample:		715.9 time, 730.5 real, 142.6 MB
[runlim] sample:		725.7 time, 740.5 real, 142.6 MB
[runlim] sample:		735.5 time, 750.5 real, 142.6 MB
[runlim] sample:		745.4 time, 760.5 real, 143.2 MB
[runlim] sample:		755.2 time, 770.6 real, 145.7 MB
[runlim] sample:		765.1 time, 780.5 real, 148.3 MB
[runlim] sample:		775.1 time, 790.5 real, 149.8 MB
[runlim] sample:		785.0 time, 800.6 real, 149.8 MB
[runlim] sample:		794.9 time, 810.5 real, 149.8 MB
[runlim] sample:		804.7 time, 820.5 real, 151.0 MB
[runlim] sample:		814.6 time, 830.5 real, 151.7 MB
[runlim] sample:		824.6 time, 840.5 real, 156.7 MB
[runlim] sample:		834.6 time, 850.5 real, 157.8 MB
[runlim] sample:		844.5 time, 860.5 real, 157.8 MB
[runlim] sample:		854.4 time, 870.5 real, 157.8 MB
[runlim] sample:		864.3 time, 880.5 real, 158.0 MB
[runlim] sample:		874.0 time, 890.5 real, 158.0 MB
[runlim] sample:		883.9 time, 900.5 real, 158.6 MB
[runlim] sample:		893.9 time, 910.5 real, 158.6 MB
[runlim] sample:		903.9 time, 920.5 real, 158.6 MB
[runlim] sample:		913.7 time, 930.5 real, 158.6 MB
[runlim] sample:		923.5 time, 940.5 real, 158.6 MB
[runlim] sample:		933.5 time, 950.5 real, 158.6 MB
[runlim] sample:		943.3 time, 960.5 real, 158.6 MB
[runlim] sample:		953.2 time, 970.5 real, 158.6 MB
[runlim] sample:		963.0 time, 980.5 real, 158.6 MB
[runlim] sample:		973.0 time, 990.5 real, 159.3 MB
[runlim] sample:		982.9 time, 1000.5 real, 164.6 MB
[runlim] sample:		992.6 time, 1010.5 real, 167.7 MB
[runlim] sample:		1002.4 time, 1020.5 real, 169.7 MB
[runlim] sample:		1012.3 time, 1030.5 real, 177.3 MB
[runlim] sample:		1022.2 time, 1040.5 real, 177.3 MB
[runlim] sample:		1032.1 time, 1050.5 real, 177.5 MB
[runlim] sample:		1042.0 time, 1060.5 real, 177.5 MB
[runlim] sample:		1051.8 time, 1070.5 real, 178.0 MB
[runlim] sample:		1061.6 time, 1080.5 real, 174.2 MB
[runlim] sample:		1071.6 time, 1090.5 real, 174.2 MB
[runlim] sample:		1081.5 time, 1100.5 real, 174.2 MB
[runlim] sample:		1091.5 time, 1110.5 real, 174.2 MB
[runlim] sample:		1101.1 time, 1120.5 real, 174.2 MB
[runlim] sample:		1110.9 time, 1130.6 real, 174.3 MB
[runlim] sample:		1120.7 time, 1140.5 real, 174.3 MB
[runlim] sample:		1130.7 time, 1150.5 real, 174.3 MB
[runlim] sample:		1140.6 time, 1160.5 real, 174.3 MB
[runlim] sample:		1150.5 time, 1170.5 real, 174.3 MB
[runlim] sample:		1160.1 time, 1180.5 real, 174.3 MB
[runlim] sample:		1170.0 time, 1190.5 real, 174.3 MB
[runlim] sample:		1179.6 time, 1200.5 real, 174.3 MB
[runlim] sample:		1189.5 time, 1210.5 real, 174.3 MB
[runlim] sample:		1199.5 time, 1220.5 real, 174.3 MB
[runlim] sample:		1209.5 time, 1230.5 real, 174.3 MB
[runlim] sample:		1219.4 time, 1240.5 real, 174.3 MB
[runlim] sample:		1229.3 time, 1250.5 real, 174.3 MB
[runlim] sample:		1239.3 time, 1260.5 real, 174.3 MB
[runlim] sample:		1249.2 time, 1270.5 real, 174.3 MB
[runlim] sample:		1259.2 time, 1280.5 real, 174.3 MB
[runlim] sample:		1269.2 time, 1290.5 real, 174.3 MB
[runlim] sample:		1279.0 time, 1300.5 real, 174.3 MB
[runlim] sample:		1289.0 time, 1310.5 real, 174.3 MB
[runlim] sample:		1299.0 time, 1320.5 real, 174.3 MB
[runlim] sample:		1308.9 time, 1330.5 real, 174.3 MB
[runlim] sample:		1318.8 time, 1340.5 real, 174.3 MB
[runlim] sample:		1328.8 time, 1350.5 real, 174.3 MB
[runlim] sample:		1338.7 time, 1360.5 real, 174.3 MB
[runlim] sample:		1348.6 time, 1370.5 real, 174.3 MB
[runlim] sample:		1358.5 time, 1380.5 real, 174.3 MB
[runlim] sample:		1368.4 time, 1390.5 real, 174.3 MB
[runlim] sample:		1378.3 time, 1400.5 real, 174.3 MB
[runlim] sample:		1388.3 time, 1410.5 real, 174.3 MB
[runlim] sample:		1398.3 time, 1420.5 real, 174.3 MB
[runlim] sample:		1408.2 time, 1430.5 real, 174.3 MB
[runlim] sample:		1418.2 time, 1440.5 real, 174.3 MB
[runlim] sample:		1428.0 time, 1450.5 real, 176.0 MB
[runlim] sample:		1438.0 time, 1460.5 real, 176.0 MB
[runlim] sample:		1447.9 time, 1470.5 real, 176.0 MB
[runlim] sample:		1457.8 time, 1480.5 real, 176.0 MB
[runlim] sample:		1467.7 time, 1490.5 real, 176.0 MB
[runlim] sample:		1477.7 time, 1500.5 real, 176.0 MB
[runlim] sample:		1487.6 time, 1510.5 real, 176.0 MB
[runlim] sample:		1497.6 time, 1520.5 real, 176.0 MB
[runlim] sample:		1507.4 time, 1530.5 real, 176.0 MB
[runlim] sample:		1517.3 time, 1540.5 real, 176.0 MB
[runlim] sample:		1527.3 time, 1550.5 real, 176.0 MB
[runlim] sample:		1537.2 time, 1560.5 real, 176.0 MB
[runlim] sample:		1547.2 time, 1570.5 real, 176.0 MB
[runlim] sample:		1557.0 time, 1580.5 real, 176.0 MB
[runlim] sample:		1566.9 time, 1590.5 real, 176.0 MB
[runlim] sample:		1576.8 time, 1600.5 real, 176.0 MB
[runlim] sample:		1586.7 time, 1610.5 real, 176.0 MB
[runlim] sample:		1596.6 time, 1620.5 real, 176.0 MB
[runlim] sample:		1606.6 time, 1630.5 real, 176.0 MB
[runlim] sample:		1616.5 time, 1640.5 real, 176.0 MB
[runlim] sample:		1626.4 time, 1650.5 real, 176.0 MB
[runlim] sample:		1636.0 time, 1660.5 real, 176.0 MB
[runlim] sample:		1646.0 time, 1670.5 real, 176.0 MB
[runlim] sample:		1655.9 time, 1680.5 real, 176.0 MB
[runlim] sample:		1665.9 time, 1690.5 real, 176.0 MB
[runlim] sample:		1675.8 time, 1700.5 real, 176.0 MB
[runlim] sample:		1685.7 time, 1710.5 real, 176.0 MB
[runlim] sample:		1695.5 time, 1720.5 real, 176.0 MB
[runlim] sample:		1705.4 time, 1730.5 real, 176.0 MB
[runlim] sample:		1715.3 time, 1740.5 real, 176.0 MB
[runlim] sample:		1725.2 time, 1750.5 real, 176.0 MB
[runlim] sample:		1735.2 time, 1760.5 real, 176.0 MB
[runlim] sample:		1745.1 time, 1770.5 real, 176.0 MB
[runlim] sample:		1755.0 time, 1780.5 real, 176.0 MB
[runlim] sample:		1764.6 time, 1790.5 real, 176.0 MB
[runlim] sample:		1774.5 time, 1800.5 real, 176.0 MB
[runlim] sample:		1784.4 time, 1810.5 real, 176.0 MB
[runlim] sample:		1794.2 time, 1820.5 real, 176.0 MB
[runlim] sample:		1803.9 time, 1830.5 real, 176.0 MB
[runlim] sample:		1813.8 time, 1840.5 real, 176.0 MB
[runlim] sample:		1823.7 time, 1850.5 real, 176.0 MB
[runlim] sample:		1833.5 time, 1860.5 real, 176.0 MB
[runlim] sample:		1843.1 time, 1870.5 real, 176.0 MB
[runlim] sample:		1853.1 time, 1880.5 real, 176.0 MB
[runlim] sample:		1863.0 time, 1890.5 real, 176.0 MB
[runlim] sample:		1872.7 time, 1900.5 real, 176.0 MB
[runlim] sample:		1882.4 time, 1910.5 real, 176.0 MB
[runlim] sample:		1892.3 time, 1920.5 real, 176.0 MB
[runlim] sample:		1902.3 time, 1930.5 real, 176.0 MB
[runlim] sample:		1912.2 time, 1940.5 real, 176.0 MB
[runlim] sample:		1921.7 time, 1950.5 real, 176.0 MB
[runlim] sample:		1931.5 time, 1960.5 real, 176.0 MB
[runlim] sample:		1941.3 time, 1970.5 real, 176.0 MB
[runlim] sample:		1951.0 time, 1980.5 real, 176.0 MB
[runlim] sample:		1960.6 time, 1990.5 real, 176.0 MB
[runlim] sample:		1970.2 time, 2000.5 real, 176.0 MB
[runlim] sample:		1980.0 time, 2010.5 real, 176.2 MB
[runlim] sample:		1989.7 time, 2020.5 real, 176.2 MB
[runlim] sample:		1999.7 time, 2030.5 real, 176.2 MB
[runlim] sample:		2009.6 time, 2040.5 real, 176.2 MB
[runlim] sample:		2019.5 time, 2050.5 real, 176.2 MB
[runlim] sample:		2029.4 time, 2060.5 real, 176.2 MB
[runlim] sample:		2039.3 time, 2070.5 real, 176.2 MB
[runlim] sample:		2049.2 time, 2080.5 real, 176.2 MB
[runlim] sample:		2059.2 time, 2090.5 real, 176.2 MB
[runlim] sample:		2069.2 time, 2100.5 real, 176.2 MB
[runlim] sample:		2078.8 time, 2110.5 real, 176.2 MB
[runlim] sample:		2088.6 time, 2120.5 real, 176.2 MB
[runlim] sample:		2098.5 time, 2130.5 real, 176.2 MB
[runlim] sample:		2108.4 time, 2140.5 real, 176.2 MB
[runlim] sample:		2118.2 time, 2150.5 real, 176.2 MB
[runlim] sample:		2128.2 time, 2160.5 real, 176.2 MB
[runlim] sample:		2138.1 time, 2170.5 real, 176.2 MB
[runlim] sample:		2148.0 time, 2180.5 real, 176.2 MB
[runlim] sample:		2157.9 time, 2190.5 real, 176.3 MB
[runlim] sample:		2167.8 time, 2200.5 real, 176.3 MB
[runlim] sample:		2177.5 time, 2210.5 real, 176.5 MB
[runlim] sample:		2187.3 time, 2220.5 real, 176.5 MB
[runlim] sample:		2197.2 time, 2230.5 real, 176.5 MB
[runlim] sample:		2207.1 time, 2240.5 real, 176.5 MB
[runlim] sample:		2217.0 time, 2250.5 real, 176.5 MB
[runlim] sample:		2227.0 time, 2260.6 real, 176.5 MB
[runlim] sample:		2236.9 time, 2270.5 real, 176.5 MB
[runlim] sample:		2246.8 time, 2280.5 real, 176.5 MB
[runlim] sample:		2256.7 time, 2290.5 real, 176.5 MB
[runlim] sample:		2266.6 time, 2300.5 real, 176.5 MB
[runlim] sample:		2276.4 time, 2310.6 real, 176.5 MB
[runlim] sample:		2286.3 time, 2320.5 real, 176.5 MB
[runlim] sample:		2296.3 time, 2330.5 real, 176.5 MB
[runlim] sample:		2306.2 time, 2340.5 real, 176.5 MB
[runlim] sample:		2316.2 time, 2350.5 real, 176.5 MB
[runlim] sample:		2326.1 time, 2360.5 real, 176.5 MB
[runlim] sample:		2336.1 time, 2370.5 real, 176.7 MB
[runlim] sample:		2345.9 time, 2380.5 real, 176.7 MB
[runlim] sample:		2355.8 time, 2390.5 real, 176.7 MB
[runlim] sample:		2365.7 time, 2400.5 real, 176.7 MB
[runlim] sample:		2375.3 time, 2410.5 real, 176.7 MB
[runlim] sample:		2385.3 time, 2420.5 real, 176.7 MB
[runlim] sample:		2395.2 time, 2430.5 real, 176.7 MB
[runlim] sample:		2405.1 time, 2440.5 real, 176.7 MB
[runlim] sample:		2415.0 time, 2450.5 real, 176.7 MB
[runlim] sample:		2425.0 time, 2460.5 real, 176.7 MB
[runlim] sample:		2435.0 time, 2470.5 real, 176.7 MB
[runlim] sample:		2444.9 time, 2480.5 real, 176.7 MB
[runlim] sample:		2454.9 time, 2490.5 real, 176.7 MB
[runlim] sample:		2464.8 time, 2500.5 real, 176.7 MB
[runlim] sample:		2474.6 time, 2510.5 real, 176.7 MB
[runlim] sample:		2484.5 time, 2520.5 real, 176.7 MB
[runlim] sample:		2494.5 time, 2530.5 real, 176.7 MB
[runlim] sample:		2504.3 time, 2540.5 real, 176.7 MB
[runlim] sample:		2514.2 time, 2550.5 real, 176.7 MB
[runlim] sample:		2524.1 time, 2560.5 real, 176.7 MB
[runlim] sample:		2533.8 time, 2570.5 real, 176.7 MB
[runlim] sample:		2543.8 time, 2580.5 real, 176.7 MB
[runlim] sample:		2553.7 time, 2590.5 real, 176.7 MB
[runlim] sample:		2563.7 time, 2600.5 real, 176.7 MB
[runlim] sample:		2573.6 time, 2610.5 real, 176.7 MB
[runlim] sample:		2583.5 time, 2620.5 real, 176.7 MB
[runlim] sample:		2593.4 time, 2630.5 real, 176.7 MB
[runlim] sample:		2603.1 time, 2640.5 real, 176.7 MB
[runlim] sample:		2613.0 time, 2650.5 real, 176.7 MB
[runlim] sample:		2622.6 time, 2660.5 real, 176.7 MB
[runlim] sample:		2632.4 time, 2670.5 real, 176.7 MB
[runlim] sample:		2642.3 time, 2680.5 real, 176.7 MB
[runlim] sample:		2652.0 time, 2690.5 real, 176.7 MB
[runlim] sample:		2661.9 time, 2700.5 real, 176.7 MB
[runlim] sample:		2671.6 time, 2710.5 real, 176.7 MB
[runlim] sample:		2681.3 time, 2720.5 real, 176.7 MB
[runlim] sample:		2690.9 time, 2730.5 real, 176.7 MB
[runlim] sample:		2700.8 time, 2740.5 real, 176.7 MB
[runlim] sample:		2710.7 time, 2750.5 real, 176.7 MB
[runlim] sample:		2720.6 time, 2760.5 real, 176.7 MB
[runlim] sample:		2730.4 time, 2770.5 real, 176.7 MB
[runlim] sample:		2740.4 time, 2780.5 real, 176.7 MB
[runlim] sample:		2750.1 time, 2790.5 real, 176.7 MB
[runlim] sample:		2759.9 time, 2800.5 real, 176.7 MB
[runlim] sample:		2769.7 time, 2810.5 real, 176.7 MB
[runlim] sample:		2779.6 time, 2820.5 real, 176.7 MB
[runlim] sample:		2789.5 time, 2830.5 real, 176.7 MB
[runlim] sample:		2799.4 time, 2840.5 real, 176.7 MB
[runlim] sample:		2809.2 time, 2850.5 real, 176.7 MB
[runlim] sample:		2819.0 time, 2860.5 real, 176.7 MB
[runlim] sample:		2828.8 time, 2870.5 real, 176.8 MB
[runlim] sample:		2838.6 time, 2880.5 real, 176.8 MB
[runlim] sample:		2848.4 time, 2890.5 real, 176.8 MB
[runlim] sample:		2858.3 time, 2900.5 real, 176.8 MB
[runlim] sample:		2868.2 time, 2910.5 real, 176.8 MB
[runlim] sample:		2878.1 time, 2920.5 real, 176.8 MB
[runlim] sample:		2888.1 time, 2930.5 real, 176.8 MB
[runlim] sample:		2897.9 time, 2940.5 real, 176.8 MB
[runlim] sample:		2907.8 time, 2950.5 real, 176.8 MB
[runlim] sample:		2917.6 time, 2960.5 real, 176.8 MB
[runlim] sample:		2927.5 time, 2970.5 real, 176.8 MB
[runlim] sample:		2937.4 time, 2980.5 real, 176.8 MB
[runlim] sample:		2947.3 time, 2990.5 real, 176.8 MB
[runlim] sample:		2957.2 time, 3000.5 real, 176.8 MB
[runlim] sample:		2967.1 time, 3010.5 real, 176.8 MB
[runlim] sample:		2976.7 time, 3020.5 real, 176.8 MB
[runlim] sample:		2986.5 time, 3030.5 real, 176.7 MB
[runlim] sample:		2996.2 time, 3040.5 real, 176.7 MB
[runlim] sample:		3006.0 time, 3050.5 real, 176.7 MB
[runlim] sample:		3015.7 time, 3060.5 real, 176.7 MB
[runlim] sample:		3024.8 time, 3070.5 real, 176.8 MB
[runlim] sample:		3034.1 time, 3080.5 real, 176.7 MB
[runlim] sample:		3043.4 time, 3090.5 real, 167.9 MB
[runlim] sample:		3052.7 time, 3100.5 real, 153.3 MB
[runlim] sample:		3061.8 time, 3110.5 real, 153.5 MB
[runlim] sample:		3071.2 time, 3120.5 real, 153.3 MB
[runlim] sample:		3081.0 time, 3130.5 real, 153.3 MB
[runlim] sample:		3090.9 time, 3140.5 real, 153.3 MB
[runlim] sample:		3100.9 time, 3150.5 real, 153.3 MB
[runlim] sample:		3110.8 time, 3160.5 real, 153.3 MB
[runlim] sample:		3120.6 time, 3170.5 real, 153.3 MB
[runlim] sample:		3130.6 time, 3180.5 real, 153.3 MB
[runlim] sample:		3140.5 time, 3190.5 real, 153.3 MB
[runlim] sample:		3150.4 time, 3200.5 real, 153.3 MB
[runlim] sample:		3160.3 time, 3210.5 real, 153.3 MB
[runlim] sample:		3170.3 time, 3220.5 real, 153.3 MB
[runlim] sample:		3180.2 time, 3230.5 real, 153.3 MB
[runlim] sample:		3190.1 time, 3240.5 real, 153.3 MB
[runlim] sample:		3200.0 time, 3250.5 real, 153.3 MB
[runlim] sample:		3209.8 time, 3260.5 real, 153.3 MB
[runlim] sample:		3219.8 time, 3270.5 real, 153.3 MB
[runlim] sample:		3229.7 time, 3280.5 real, 153.3 MB
[runlim] sample:		3239.5 time, 3290.5 real, 153.3 MB
[runlim] sample:		3249.4 time, 3300.5 real, 153.3 MB
[runlim] sample:		3259.3 time, 3310.5 real, 153.3 MB
[runlim] sample:		3269.2 time, 3320.5 real, 153.3 MB
[runlim] sample:		3279.2 time, 3330.5 real, 153.3 MB
[runlim] sample:		3289.1 time, 3340.5 real, 153.3 MB
[runlim] sample:		3298.9 time, 3350.5 real, 153.3 MB
[runlim] sample:		3308.9 time, 3360.5 real, 153.3 MB
[runlim] sample:		3318.9 time, 3370.5 real, 153.3 MB
[runlim] sample:		3328.8 time, 3380.5 real, 153.3 MB
[runlim] sample:		3338.8 time, 3390.5 real, 153.3 MB
[runlim] sample:		3348.7 time, 3400.5 real, 153.3 MB
[runlim] sample:		3358.7 time, 3410.5 real, 153.3 MB
[runlim] sample:		3368.6 time, 3420.5 real, 153.3 MB
[runlim] sample:		3378.4 time, 3430.5 real, 153.3 MB
[runlim] sample:		3388.3 time, 3440.5 real, 153.3 MB
[runlim] sample:		3398.2 time, 3450.5 real, 153.3 MB
[runlim] sample:		3408.1 time, 3460.5 real, 153.3 MB
[runlim] sample:		3418.0 time, 3470.5 real, 153.5 MB
[runlim] sample:		3428.0 time, 3480.5 real, 153.5 MB
[runlim] sample:		3437.9 time, 3490.5 real, 153.5 MB
[runlim] sample:		3447.9 time, 3500.5 real, 153.5 MB
[runlim] sample:		3457.8 time, 3510.5 real, 153.5 MB
[runlim] sample:		3467.8 time, 3520.5 real, 153.5 MB
[runlim] sample:		3477.7 time, 3530.5 real, 153.5 MB
[runlim] sample:		3487.7 time, 3540.5 real, 153.6 MB
[runlim] sample:		3497.5 time, 3550.5 real, 153.6 MB
[runlim] sample:		3507.4 time, 3560.5 real, 153.6 MB
[runlim] sample:		3517.3 time, 3570.5 real, 153.6 MB
[runlim] sample:		3527.1 time, 3580.5 real, 153.7 MB
[runlim] sample:		3537.1 time, 3590.5 real, 155.1 MB
[runlim] sample:		3547.1 time, 3600.5 real, 158.8 MB
[runlim] sample:		3557.0 time, 3610.5 real, 159.0 MB
[runlim] sample:		3566.9 time, 3620.5 real, 159.0 MB
[runlim] sample:		3576.8 time, 3630.5 real, 159.0 MB
[runlim] sample:		3586.8 time, 3640.5 real, 159.0 MB
[runlim] sample:		3596.6 time, 3650.5 real, 159.0 MB
[runlim] sample:		3606.4 time, 3660.5 real, 159.0 MB
[runlim] sample:		3616.3 time, 3670.5 real, 159.0 MB
[runlim] sample:		3626.3 time, 3680.5 real, 159.0 MB
[runlim] sample:		3636.0 time, 3690.5 real, 159.0 MB
[runlim] sample:		3646.0 time, 3700.5 real, 159.0 MB
[runlim] sample:		3655.9 time, 3710.5 real, 159.0 MB
[runlim] sample:		3665.9 time, 3720.5 real, 159.0 MB
[runlim] sample:		3675.8 time, 3730.5 real, 159.0 MB
[runlim] sample:		3685.7 time, 3740.5 real, 159.0 MB
[runlim] sample:		3695.6 time, 3750.5 real, 159.0 MB
[runlim] sample:		3705.6 time, 3760.5 real, 159.0 MB
[runlim] sample:		3715.4 time, 3770.5 real, 159.0 MB
[runlim] sample:		3725.3 time, 3780.5 real, 159.0 MB
[runlim] sample:		3735.1 time, 3790.5 real, 159.0 MB
[runlim] sample:		3745.0 time, 3800.5 real, 159.0 MB
[runlim] sample:		3754.9 time, 3810.5 real, 159.0 MB
[runlim] sample:		3764.7 time, 3820.5 real, 159.0 MB
[runlim] sample:		3774.6 time, 3830.5 real, 159.0 MB
[runlim] sample:		3784.1 time, 3840.5 real, 159.0 MB
[runlim] sample:		3794.1 time, 3850.5 real, 159.0 MB
[runlim] sample:		3803.6 time, 3860.5 real, 159.0 MB
[runlim] sample:		3813.3 time, 3870.5 real, 159.0 MB
[runlim] sample:		3823.2 time, 3880.5 real, 159.0 MB
[runlim] sample:		3832.8 time, 3890.5 real, 159.0 MB
[runlim] sample:		3842.8 time, 3900.5 real, 159.0 MB
[runlim] sample:		3852.6 time, 3910.5 real, 159.0 MB
[runlim] sample:		3862.2 time, 3920.5 real, 159.0 MB
[runlim] sample:		3871.9 time, 3930.5 real, 159.0 MB
[runlim] sample:		3881.8 time, 3940.5 real, 159.0 MB
[runlim] sample:		3891.7 time, 3950.5 real, 159.0 MB
[runlim] sample:		3901.6 time, 3960.5 real, 159.0 MB
[runlim] sample:		3911.5 time, 3970.5 real, 159.0 MB
[runlim] sample:		3921.3 time, 3980.5 real, 159.0 MB
[runlim] sample:		3931.2 time, 3990.5 real, 159.0 MB
[runlim] sample:		3941.1 time, 4000.5 real, 159.0 MB
[runlim] sample:		3951.0 time, 4010.5 real, 159.0 MB
[runlim] sample:		3960.9 time, 4020.5 real, 159.0 MB
[runlim] sample:		3970.7 time, 4030.5 real, 159.0 MB
[runlim] sample:		3980.6 time, 4040.5 real, 159.0 MB
[runlim] sample:		3990.5 time, 4050.5 real, 159.0 MB
[runlim] sample:		4000.2 time, 4060.5 real, 159.0 MB
[runlim] sample:		4010.0 time, 4070.5 real, 159.0 MB
[runlim] sample:		4019.8 time, 4080.5 real, 159.0 MB
[runlim] sample:		4029.5 time, 4090.5 real, 159.0 MB
[runlim] sample:		4039.4 time, 4100.5 real, 159.0 MB
[runlim] sample:		4049.3 time, 4110.5 real, 159.0 MB
[runlim] sample:		4059.2 time, 4120.5 real, 159.0 MB
[runlim] sample:		4068.8 time, 4130.5 real, 159.0 MB
[runlim] sample:		4078.8 time, 4140.5 real, 159.0 MB
[runlim] sample:		4088.4 time, 4150.5 real, 159.0 MB
[runlim] sample:		4098.1 time, 4160.5 real, 159.0 MB
[runlim] sample:		4108.0 time, 4170.5 real, 159.5 MB
[runlim] sample:		4117.9 time, 4180.5 real, 162.2 MB
[runlim] sample:		4127.9 time, 4190.5 real, 162.2 MB
[runlim] sample:		4137.6 time, 4200.5 real, 162.2 MB
[runlim] sample:		4147.5 time, 4210.5 real, 162.2 MB
[runlim] sample:		4157.4 time, 4220.5 real, 162.2 MB
[runlim] sample:		4167.2 time, 4230.5 real, 162.2 MB
[runlim] sample:		4177.0 time, 4240.5 real, 162.2 MB
[runlim] sample:		4186.7 time, 4250.5 real, 162.2 MB
[runlim] sample:		4196.7 time, 4260.5 real, 162.2 MB
[runlim] sample:		4206.6 time, 4270.5 real, 162.2 MB
[runlim] sample:		4216.4 time, 4280.5 real, 162.2 MB
[runlim] sample:		4226.3 time, 4290.5 real, 162.2 MB
[runlim] sample:		4236.2 time, 4300.5 real, 162.2 MB
[runlim] sample:		4246.1 time, 4310.5 real, 162.2 MB
[runlim] sample:		4256.1 time, 4320.5 real, 162.2 MB
[runlim] sample:		4266.0 time, 4330.5 real, 162.2 MB
[runlim] sample:		4275.8 time, 4340.5 real, 162.2 MB
[runlim] sample:		4285.7 time, 4350.5 real, 162.2 MB
[runlim] sample:		4295.7 time, 4360.5 real, 162.2 MB
[runlim] sample:		4305.3 time, 4370.5 real, 162.2 MB
[runlim] sample:		4315.0 time, 4380.5 real, 162.2 MB
[runlim] sample:		4324.9 time, 4390.5 real, 162.2 MB
[runlim] sample:		4334.9 time, 4400.5 real, 162.2 MB
[runlim] sample:		4344.7 time, 4410.5 real, 162.2 MB
[runlim] sample:		4354.6 time, 4420.5 real, 162.2 MB
[runlim] sample:		4364.2 time, 4430.5 real, 162.2 MB
[runlim] sample:		4374.0 time, 4440.5 real, 162.2 MB
[runlim] sample:		4383.9 time, 4450.5 real, 162.2 MB
[runlim] sample:		4393.9 time, 4460.5 real, 162.2 MB
[runlim] sample:		4403.7 time, 4470.5 real, 162.2 MB
[runlim] sample:		4413.5 time, 4480.5 real, 162.2 MB
[runlim] sample:		4423.3 time, 4490.5 real, 162.2 MB
[runlim] sample:		4433.1 time, 4500.5 real, 162.2 MB
[runlim] sample:		4443.0 time, 4510.5 real, 162.2 MB
[runlim] sample:		4452.7 time, 4520.5 real, 162.2 MB
[runlim] sample:		4462.6 time, 4530.5 real, 162.2 MB
[runlim] sample:		4472.6 time, 4540.5 real, 162.2 MB
[runlim] sample:		4482.3 time, 4550.5 real, 162.2 MB
[runlim] sample:		4492.3 time, 4560.5 real, 162.2 MB
[runlim] sample:		4502.3 time, 4570.5 real, 162.2 MB
[runlim] sample:		4512.2 time, 4580.5 real, 162.2 MB
[runlim] sample:		4522.1 time, 4590.5 real, 162.2 MB
[runlim] sample:		4532.0 time, 4600.5 real, 162.2 MB
[runlim] sample:		4541.6 time, 4610.5 real, 162.2 MB
[runlim] sample:		4551.3 time, 4620.5 real, 162.2 MB
[runlim] sample:		4561.1 time, 4630.5 real, 162.2 MB
[runlim] sample:		4571.0 time, 4640.5 real, 162.2 MB
[runlim] sample:		4580.9 time, 4650.5 real, 162.2 MB
[runlim] sample:		4590.8 time, 4660.5 real, 162.2 MB
[runlim] sample:		4600.4 time, 4670.6 real, 162.2 MB
[runlim] sample:		4610.3 time, 4680.5 real, 162.2 MB
[runlim] sample:		4620.3 time, 4690.5 real, 162.2 MB
[runlim] sample:		4630.1 time, 4700.5 real, 162.2 MB
[runlim] sample:		4640.0 time, 4710.5 real, 162.2 MB
[runlim] sample:		4649.7 time, 4720.5 real, 162.2 MB
[runlim] sample:		4659.5 time, 4730.5 real, 162.2 MB
[runlim] sample:		4669.1 time, 4740.5 real, 162.2 MB
[runlim] sample:		4678.9 time, 4750.5 real, 162.2 MB
[runlim] sample:		4688.7 time, 4760.5 real, 162.2 MB
[runlim] sample:		4698.4 time, 4770.5 real, 162.2 MB
[runlim] sample:		4708.1 time, 4780.5 real, 162.2 MB
[runlim] sample:		4717.7 time, 4790.5 real, 162.2 MB
[runlim] sample:		4727.1 time, 4800.5 real, 151.7 MB
[runlim] sample:		4736.6 time, 4810.5 real, 151.7 MB
[runlim] sample:		4745.8 time, 4820.5 real, 151.8 MB
[runlim] sample:		4755.6 time, 4830.5 real, 151.8 MB
[runlim] sample:		4765.5 time, 4840.5 real, 151.8 MB
[runlim] sample:		4775.3 time, 4850.5 real, 151.8 MB
[runlim] sample:		4785.2 time, 4860.5 real, 151.8 MB
[runlim] sample:		4795.2 time, 4870.5 real, 151.8 MB
[runlim] sample:		4805.1 time, 4880.5 real, 151.8 MB
[runlim] sample:		4815.0 time, 4890.5 real, 151.8 MB
[runlim] sample:		4825.0 time, 4900.5 real, 151.8 MB
[runlim] sample:		4834.9 time, 4910.5 real, 151.8 MB
[runlim] sample:		4844.8 time, 4920.5 real, 151.8 MB
[runlim] sample:		4854.6 time, 4930.5 real, 151.8 MB
[runlim] sample:		4864.4 time, 4940.5 real, 151.8 MB
[runlim] sample:		4874.1 time, 4950.5 real, 151.8 MB
[runlim] sample:		4884.1 time, 4960.5 real, 151.8 MB
[runlim] sample:		4894.0 time, 4970.5 real, 151.8 MB
[runlim] sample:		4903.8 time, 4980.5 real, 151.8 MB
[runlim] sample:		4913.7 time, 4990.5 real, 151.8 MB
[runlim] sample:		4923.5 time, 5000.5 real, 151.8 MB
[runlim] sample:		4933.2 time, 5010.5 real, 151.8 MB
[runlim] sample:		4943.1 time, 5020.5 real, 151.8 MB
[runlim] sample:		4953.0 time, 5030.5 real, 151.8 MB
[runlim] sample:		4963.0 time, 5040.5 real, 151.8 MB
[runlim] sample:		4972.9 time, 5050.5 real, 151.8 MB
[runlim] sample:		4982.9 time, 5060.5 real, 151.8 MB
[runlim] sample:		4992.8 time, 5070.5 real, 151.8 MB
[runlim] sample:		5002.8 time, 5080.5 real, 151.8 MB
[runlim] sample:		5012.6 time, 5090.5 real, 151.8 MB
[runlim] sample:		5022.4 time, 5100.5 real, 151.8 MB
[runlim] sample:		5032.4 time, 5110.5 real, 151.8 MB
[runlim] sample:		5042.3 time, 5120.5 real, 151.8 MB
[runlim] sample:		5052.2 time, 5130.5 real, 151.8 MB
[runlim] sample:		5062.2 time, 5140.5 real, 151.8 MB
[runlim] sample:		5072.0 time, 5150.5 real, 151.8 MB
[runlim] sample:		5081.9 time, 5160.5 real, 151.8 MB
[runlim] sample:		5091.8 time, 5170.5 real, 151.8 MB
[runlim] sample:		5101.6 time, 5180.5 real, 151.8 MB
[runlim] sample:		5111.5 time, 5190.5 real, 151.8 MB
[runlim] sample:		5121.5 time, 5200.5 real, 151.8 MB
[runlim] sample:		5131.2 time, 5210.5 real, 151.8 MB
[runlim] sample:		5141.2 time, 5220.5 real, 151.8 MB
[runlim] sample:		5151.1 time, 5230.5 real, 151.8 MB
[runlim] sample:		5161.1 time, 5240.5 real, 151.8 MB
[runlim] sample:		5170.9 time, 5250.5 real, 151.8 MB
[runlim] sample:		5180.7 time, 5260.5 real, 151.8 MB
[runlim] sample:		5190.6 time, 5270.5 real, 151.8 MB
[runlim] sample:		5200.4 time, 5280.5 real, 151.8 MB
[runlim] sample:		5210.4 time, 5290.5 real, 151.8 MB
[runlim] sample:		5220.3 time, 5300.5 real, 151.8 MB
[runlim] sample:		5229.9 time, 5310.5 real, 151.8 MB
[runlim] sample:		5239.9 time, 5320.6 real, 151.8 MB
[runlim] sample:		5249.8 time, 5330.5 real, 151.8 MB
[runlim] sample:		5259.6 time, 5340.5 real, 151.8 MB
[runlim] sample:		5269.6 time, 5350.5 real, 151.8 MB
[runlim] sample:		5279.5 time, 5360.5 real, 151.8 MB
[runlim] sample:		5289.4 time, 5370.5 real, 151.8 MB
[runlim] sample:		5299.3 time, 5380.5 real, 151.8 MB
[runlim] sample:		5309.1 time, 5390.5 real, 151.8 MB
[runlim] sample:		5319.1 time, 5400.5 real, 151.8 MB
[runlim] sample:		5328.9 time, 5410.5 real, 151.8 MB
[runlim] sample:		5338.7 time, 5420.5 real, 151.8 MB
[runlim] sample:		5348.5 time, 5430.5 real, 151.7 MB
[runlim] sample:		5358.4 time, 5440.5 real, 151.7 MB
[runlim] sample:		5368.2 time, 5450.5 real, 151.7 MB
[runlim] sample:		5378.0 time, 5460.5 real, 151.7 MB
[runlim] sample:		5387.8 time, 5470.5 real, 151.7 MB
[runlim] sample:		5397.6 time, 5480.5 real, 151.7 MB
[runlim] sample:		5407.5 time, 5490.5 real, 151.7 MB
[runlim] sample:		5417.4 time, 5500.5 real, 151.7 MB
[runlim] sample:		5427.1 time, 5510.5 real, 151.7 MB
[runlim] sample:		5436.8 time, 5520.5 real, 151.7 MB
[runlim] sample:		5446.8 time, 5530.5 real, 151.7 MB
[runlim] sample:		5456.6 time, 5540.5 real, 151.7 MB
[runlim] sample:		5466.4 time, 5550.5 real, 151.7 MB
[runlim] sample:		5476.4 time, 5560.6 real, 151.7 MB
[runlim] sample:		5486.2 time, 5570.5 real, 151.7 MB
[runlim] sample:		5496.0 time, 5580.5 real, 151.7 MB
[runlim] sample:		5505.9 time, 5590.5 real, 151.7 MB
[runlim] sample:		5515.8 time, 5600.5 real, 151.7 MB
[runlim] sample:		5525.6 time, 5610.5 real, 151.7 MB
[runlim] sample:		5535.3 time, 5620.5 real, 151.7 MB
[runlim] sample:		5545.1 time, 5630.5 real, 151.7 MB
[runlim] sample:		5554.9 time, 5640.5 real, 151.7 MB
[runlim] sample:		5564.8 time, 5650.5 real, 151.7 MB
[runlim] sample:		5574.7 time, 5660.5 real, 151.7 MB
[runlim] sample:		5584.6 time, 5670.5 real, 151.7 MB
[runlim] sample:		5594.4 time, 5680.5 real, 151.7 MB
[runlim] sample:		5604.3 time, 5690.5 real, 151.7 MB
[runlim] sample:		5614.3 time, 5700.5 real, 151.7 MB
[runlim] sample:		5624.2 time, 5710.5 real, 151.7 MB
[runlim] sample:		5633.9 time, 5720.5 real, 151.7 MB
[runlim] sample:		5643.7 time, 5730.5 real, 151.7 MB
[runlim] sample:		5653.6 time, 5740.5 real, 151.7 MB
[runlim] sample:		5663.3 time, 5750.5 real, 151.7 MB
[runlim] sample:		5673.3 time, 5760.5 real, 151.7 MB
[runlim] sample:		5683.3 time, 5770.5 real, 151.7 MB
[runlim] sample:		5693.2 time, 5780.5 real, 151.7 MB
[runlim] sample:		5703.1 time, 5790.5 real, 155.6 MB
[runlim] sample:		5713.1 time, 5800.5 real, 156.7 MB
[runlim] sample:		5722.9 time, 5810.5 real, 156.9 MB
[runlim] sample:		5732.7 time, 5820.5 real, 157.2 MB
[runlim] sample:		5742.6 time, 5830.5 real, 157.9 MB
[runlim] sample:		5752.5 time, 5840.5 real, 159.2 MB
[runlim] sample:		5762.4 time, 5850.5 real, 161.9 MB
[runlim] sample:		5772.4 time, 5860.5 real, 167.7 MB
[runlim] sample:		5782.3 time, 5870.5 real, 167.7 MB
[runlim] sample:		5792.3 time, 5880.5 real, 167.7 MB
[runlim] sample:		5802.1 time, 5890.5 real, 167.8 MB
[runlim] sample:		5811.9 time, 5900.5 real, 169.3 MB
[runlim] sample:		5821.8 time, 5910.5 real, 169.3 MB
[runlim] sample:		5831.7 time, 5920.5 real, 169.3 MB
[runlim] sample:		5841.5 time, 5930.5 real, 169.4 MB
[runlim] sample:		5851.4 time, 5940.5 real, 169.4 MB
[runlim] sample:		5861.2 time, 5950.5 real, 169.6 MB
[runlim] sample:		5871.1 time, 5960.5 real, 169.6 MB
[runlim] sample:		5880.9 time, 5970.5 real, 169.6 MB
[runlim] sample:		5890.9 time, 5980.5 real, 169.6 MB
[runlim] sample:		5900.7 time, 5990.5 real, 169.6 MB
[runlim] sample:		5910.6 time, 6000.5 real, 169.6 MB
[runlim] sample:		5920.2 time, 6010.5 real, 169.6 MB
[runlim] sample:		5930.0 time, 6020.5 real, 169.6 MB
[runlim] sample:		5939.9 time, 6030.5 real, 173.8 MB
[runlim] sample:		5949.9 time, 6040.5 real, 173.9 MB
[runlim] sample:		5959.7 time, 6050.5 real, 173.9 MB
[runlim] sample:		5969.6 time, 6060.5 real, 173.9 MB
[runlim] sample:		5979.6 time, 6070.5 real, 173.9 MB
[runlim] sample:		5989.5 time, 6080.5 real, 173.9 MB
[runlim] sample:		5999.3 time, 6090.5 real, 173.9 MB
[runlim] sample:		6009.3 time, 6100.5 real, 175.1 MB
[runlim] sample:		6019.1 time, 6110.5 real, 178.6 MB
[runlim] sample:		6029.0 time, 6120.5 real, 182.9 MB
[runlim] sample:		6038.9 time, 6130.5 real, 187.4 MB
[runlim] sample:		6048.9 time, 6140.5 real, 191.7 MB
[runlim] sample:		6058.8 time, 6150.5 real, 196.3 MB
[runlim] sample:		6068.6 time, 6160.5 real, 201.9 MB
[runlim] sample:		6078.6 time, 6170.5 real, 205.4 MB
[runlim] sample:		6088.5 time, 6180.5 real, 205.4 MB
[runlim] sample:		6098.4 time, 6190.5 real, 205.6 MB
[runlim] sample:		6108.4 time, 6200.5 real, 205.6 MB
[runlim] sample:		6118.2 time, 6210.5 real, 205.6 MB
[runlim] sample:		6128.2 time, 6220.5 real, 205.6 MB
[runlim] sample:		6138.1 time, 6230.5 real, 205.6 MB
[runlim] sample:		6147.9 time, 6240.5 real, 205.6 MB
[runlim] sample:		6157.8 time, 6250.5 real, 205.6 MB
[runlim] sample:		6167.7 time, 6260.5 real, 205.6 MB
[runlim] sample:		6177.7 time, 6270.5 real, 205.6 MB
[runlim] sample:		6187.6 time, 6280.5 real, 205.6 MB
[runlim] sample:		6197.6 time, 6290.5 real, 205.6 MB
[runlim] sample:		6207.5 time, 6300.5 real, 205.6 MB
[runlim] sample:		6217.4 time, 6310.5 real, 205.6 MB
[runlim] sample:		6227.3 time, 6320.5 real, 205.6 MB
[runlim] sample:		6237.2 time, 6330.5 real, 205.6 MB
[runlim] sample:		6247.2 time, 6340.5 real, 205.6 MB
[runlim] sample:		6257.0 time, 6350.5 real, 205.6 MB
[runlim] sample:		6266.9 time, 6360.5 real, 205.6 MB
[runlim] sample:		6276.9 time, 6370.5 real, 205.6 MB
[runlim] sample:		6286.8 time, 6380.5 real, 205.6 MB
[runlim] sample:		6296.8 time, 6390.5 real, 205.6 MB
[runlim] sample:		6306.8 time, 6400.5 real, 205.6 MB
[runlim] sample:		6316.6 time, 6410.5 real, 205.6 MB
[runlim] sample:		6326.4 time, 6420.5 real, 205.6 MB
[runlim] sample:		6336.3 time, 6430.5 real, 205.7 MB
[runlim] sample:		6345.9 time, 6440.5 real, 205.7 MB
[runlim] sample:		6355.7 time, 6450.5 real, 205.7 MB
[runlim] sample:		6365.7 time, 6460.5 real, 205.7 MB
[runlim] sample:		6375.5 time, 6470.5 real, 205.7 MB
[runlim] sample:		6385.2 time, 6480.5 real, 205.7 MB
[runlim] sample:		6394.9 time, 6490.5 real, 205.7 MB
[runlim] sample:		6404.8 time, 6500.5 real, 205.7 MB
[runlim] sample:		6414.7 time, 6510.5 real, 205.7 MB
[runlim] sample:		6424.5 time, 6520.5 real, 205.7 MB
[runlim] sample:		6434.4 time, 6530.5 real, 205.7 MB
[runlim] sample:		6444.2 time, 6540.5 real, 205.7 MB
[runlim] sample:		6454.1 time, 6550.5 real, 205.7 MB
[runlim] sample:		6464.1 time, 6560.5 real, 205.7 MB
[runlim] sample:		6474.1 time, 6570.5 real, 205.7 MB
[runlim] sample:		6484.1 time, 6580.5 real, 205.7 MB
[runlim] sample:		6494.1 time, 6590.5 real, 205.7 MB
[runlim] sample:		6504.1 time, 6600.5 real, 205.7 MB
[runlim] sample:		6514.1 time, 6610.5 real, 205.7 MB
[runlim] sample:		6524.1 time, 6620.5 real, 205.7 MB
[runlim] sample:		6534.1 time, 6630.5 real, 205.7 MB
[runlim] sample:		6544.0 time, 6640.5 real, 205.7 MB
[runlim] sample:		6554.0 time, 6650.5 real, 205.7 MB
[runlim] sample:		6564.0 time, 6660.5 real, 205.7 MB
[runlim] sample:		6574.0 time, 6670.5 real, 205.7 MB
[runlim] sample:		6584.0 time, 6680.5 real, 205.7 MB
[runlim] sample:		6594.0 time, 6690.5 real, 205.7 MB
[runlim] sample:		6604.0 time, 6700.5 real, 205.7 MB
[runlim] sample:		6613.9 time, 6710.5 real, 205.7 MB
[runlim] sample:		6623.9 time, 6720.5 real, 205.7 MB
[runlim] sample:		6633.9 time, 6730.5 real, 205.7 MB
[runlim] sample:		6643.9 time, 6740.5 real, 205.7 MB
[runlim] sample:		6653.9 time, 6750.5 real, 205.7 MB
[runlim] sample:		6663.9 time, 6760.5 real, 205.7 MB
[runlim] sample:		6673.9 time, 6770.5 real, 205.7 MB
[runlim] sample:		6683.9 time, 6780.5 real, 205.7 MB
[runlim] sample:		6693.9 time, 6790.5 real, 205.7 MB
[runlim] sample:		6703.9 time, 6800.5 real, 205.7 MB
[runlim] sample:		6713.9 time, 6810.5 real, 205.7 MB
[runlim] sample:		6723.9 time, 6820.5 real, 205.7 MB
[runlim] sample:		6733.9 time, 6830.5 real, 205.7 MB
[runlim] sample:		6743.9 time, 6840.5 real, 205.7 MB
[runlim] sample:		6753.9 time, 6850.5 real, 205.7 MB
[runlim] sample:		6763.9 time, 6860.5 real, 205.7 MB
[runlim] sample:		6773.8 time, 6870.5 real, 205.7 MB
[runlim] sample:		6783.8 time, 6880.5 real, 205.7 MB
[runlim] sample:		6793.8 time, 6890.5 real, 205.7 MB
[runlim] sample:		6803.8 time, 6900.5 real, 205.7 MB
[runlim] sample:		6813.8 time, 6910.5 real, 205.7 MB
[runlim] sample:		6823.8 time, 6920.5 real, 205.7 MB
[runlim] sample:		6833.8 time, 6930.5 real, 205.7 MB
[runlim] sample:		6843.8 time, 6940.5 real, 205.7 MB
[runlim] sample:		6853.8 time, 6950.5 real, 205.7 MB
[runlim] sample:		6863.8 time, 6960.5 real, 205.7 MB
[runlim] sample:		6873.8 time, 6970.5 real, 205.7 MB
[runlim] sample:		6883.7 time, 6980.5 real, 199.2 MB
[runlim] sample:		6893.7 time, 6990.5 real, 199.2 MB
[runlim] sample:		6903.7 time, 7000.5 real, 199.2 MB
[runlim] sample:		6913.7 time, 7010.5 real, 199.2 MB
[runlim] sample:		6923.7 time, 7020.5 real, 199.2 MB
[runlim] sample:		6933.7 time, 7030.5 real, 199.2 MB
[runlim] sample:		6943.7 time, 7040.5 real, 199.2 MB
[runlim] sample:		6953.7 time, 7050.5 real, 199.2 MB
[runlim] sample:		6963.7 time, 7060.5 real, 199.2 MB
[runlim] sample:		6973.7 time, 7070.5 real, 199.2 MB
[runlim] sample:		6983.7 time, 7080.5 real, 199.2 MB
[runlim] sample:		6993.6 time, 7090.5 real, 199.2 MB
[runlim] sample:		7003.6 time, 7100.5 real, 199.2 MB
[runlim] sample:		7013.6 time, 7110.5 real, 199.2 MB
[runlim] sample:		7023.6 time, 7120.5 real, 199.2 MB
[runlim] sample:		7033.6 time, 7130.5 real, 199.2 MB
[runlim] sample:		7043.6 time, 7140.5 real, 199.2 MB
[runlim] sample:		7053.6 time, 7150.5 real, 199.2 MB
[runlim] sample:		7063.6 time, 7160.5 real, 199.2 MB
[runlim] sample:		7073.6 time, 7170.5 real, 199.2 MB
[runlim] sample:		7083.6 time, 7180.5 real, 199.2 MB
[runlim] sample:		7093.6 time, 7190.5 real, 199.2 MB
[runlim] sample:		7103.6 time, 7200.5 real, 199.2 MB
[runlim] sample:		7113.6 time, 7210.5 real, 199.2 MB
[runlim] sample:		7123.6 time, 7220.5 real, 199.2 MB
[runlim] sample:		7133.5 time, 7230.5 real, 199.2 MB
[runlim] sample:		7143.5 time, 7240.5 real, 199.2 MB
[runlim] sample:		7153.5 time, 7250.5 real, 199.2 MB
[runlim] sample:		7163.5 time, 7260.5 real, 199.2 MB
[runlim] sample:		7173.5 time, 7270.5 real, 199.2 MB
[runlim] sample:		7183.5 time, 7280.5 real, 199.2 MB
[runlim] sample:		7193.5 time, 7290.5 real, 199.2 MB
[runlim] sample:		7203.5 time, 7300.5 real, 199.2 MB
[runlim] sample:		7213.5 time, 7310.5 real, 199.2 MB
[runlim] sample:		7223.5 time, 7320.5 real, 199.2 MB
[runlim] sample:		7233.5 time, 7330.5 real, 199.2 MB
[runlim] sample:		7243.5 time, 7340.5 real, 199.2 MB
[runlim] sample:		7253.4 time, 7350.5 real, 199.2 MB
[runlim] sample:		7263.4 time, 7360.5 real, 199.2 MB
[runlim] sample:		7273.4 time, 7370.5 real, 199.2 MB
[runlim] sample:		7283.4 time, 7380.5 real, 199.2 MB
[runlim] sample:		7293.4 time, 7390.5 real, 199.2 MB
[runlim] sample:		7303.4 time, 7400.5 real, 199.2 MB
[runlim] sample:		7313.4 time, 7410.5 real, 199.2 MB
[runlim] sample:		7323.4 time, 7420.5 real, 199.2 MB
[runlim] sample:		7333.4 time, 7430.5 real, 199.2 MB
[runlim] sample:		7343.4 time, 7440.5 real, 199.2 MB
[runlim] sample:		7353.4 time, 7450.5 real, 199.2 MB
[runlim] sample:		7363.4 time, 7460.5 real, 199.7 MB
[runlim] sample:		7373.4 time, 7470.5 real, 199.7 MB
[runlim] sample:		7383.4 time, 7480.5 real, 199.7 MB
[runlim] sample:		7393.4 time, 7490.5 real, 199.7 MB
[runlim] sample:		7403.4 time, 7500.5 real, 199.7 MB
[runlim] sample:		7413.4 time, 7510.5 real, 199.7 MB
[runlim] sample:		7423.4 time, 7520.5 real, 199.7 MB
[runlim] sample:		7433.4 time, 7530.5 real, 199.7 MB
[runlim] sample:		7443.4 time, 7540.5 real, 199.7 MB
[runlim] sample:		7453.4 time, 7550.5 real, 199.7 MB
[runlim] sample:		7463.4 time, 7560.5 real, 199.7 MB
[runlim] sample:		7473.4 time, 7570.5 real, 199.7 MB
[runlim] sample:		7483.3 time, 7580.5 real, 199.7 MB
[runlim] sample:		7493.3 time, 7590.5 real, 199.7 MB
[runlim] sample:		7503.3 time, 7600.5 real, 199.7 MB
[runlim] sample:		7513.3 time, 7610.5 real, 199.7 MB
[runlim] sample:		7523.3 time, 7620.5 real, 199.7 MB
[runlim] sample:		7533.3 time, 7630.5 real, 199.7 MB
[runlim] sample:		7543.3 time, 7640.5 real, 199.7 MB
[runlim] sample:		7553.3 time, 7650.5 real, 199.7 MB
[runlim] sample:		7563.3 time, 7660.5 real, 199.7 MB
[runlim] sample:		7573.3 time, 7670.5 real, 199.7 MB
[runlim] sample:		7583.3 time, 7680.5 real, 199.7 MB
[runlim] sample:		7593.3 time, 7690.5 real, 199.7 MB
[runlim] sample:		7603.3 time, 7700.5 real, 199.7 MB
[runlim] sample:		7613.3 time, 7710.5 real, 199.7 MB
[runlim] sample:		7623.2 time, 7720.5 real, 199.7 MB
[runlim] sample:		7633.3 time, 7730.5 real, 199.7 MB
[runlim] sample:		7643.2 time, 7740.5 real, 202.4 MB
[runlim] sample:		7653.2 time, 7750.5 real, 203.4 MB
[runlim] sample:		7663.2 time, 7760.5 real, 203.5 MB
[runlim] sample:		7673.2 time, 7770.5 real, 203.5 MB
[runlim] sample:		7683.2 time, 7780.5 real, 203.5 MB
[runlim] sample:		7693.2 time, 7790.5 real, 203.6 MB
[runlim] sample:		7703.2 time, 7800.5 real, 203.6 MB
[runlim] sample:		7713.2 time, 7810.5 real, 203.6 MB
[runlim] sample:		7723.2 time, 7820.5 real, 203.6 MB
[runlim] sample:		7733.2 time, 7830.5 real, 229.1 MB
[runlim] sample:		7743.2 time, 7840.5 real, 250.1 MB
[runlim] sample:		7753.2 time, 7850.5 real, 250.2 MB
[runlim] sample:		7763.2 time, 7860.5 real, 250.2 MB
[runlim] sample:		7773.2 time, 7870.5 real, 250.2 MB
[runlim] sample:		7783.2 time, 7880.5 real, 250.2 MB
[runlim] sample:		7793.2 time, 7890.5 real, 250.2 MB
[runlim] sample:		7803.2 time, 7900.5 real, 250.2 MB
[runlim] sample:		7813.2 time, 7910.5 real, 250.4 MB
[runlim] sample:		7823.2 time, 7920.5 real, 250.1 MB
[runlim] sample:		7833.2 time, 7930.5 real, 250.1 MB
[runlim] sample:		7843.2 time, 7940.5 real, 250.1 MB
[runlim] sample:		7853.2 time, 7950.5 real, 250.1 MB
[runlim] sample:		7863.2 time, 7960.5 real, 250.1 MB
[runlim] sample:		7873.2 time, 7970.5 real, 250.1 MB
[runlim] sample:		7883.2 time, 7980.5 real, 250.1 MB
[runlim] sample:		7893.2 time, 7990.5 real, 250.1 MB
[runlim] sample:		7903.2 time, 8000.5 real, 250.1 MB
[runlim] sample:		7913.2 time, 8010.5 real, 255.2 MB
[runlim] sample:		7923.2 time, 8020.5 real, 256.1 MB
[runlim] sample:		7933.2 time, 8030.5 real, 266.9 MB
[runlim] sample:		7943.1 time, 8040.5 real, 267.2 MB
[runlim] sample:		7953.1 time, 8050.5 real, 274.9 MB
[runlim] sample:		7963.1 time, 8060.5 real, 294.3 MB
[runlim] sample:		7973.1 time, 8070.5 real, 319.7 MB
[runlim] sample:		7983.1 time, 8080.5 real, 335.3 MB
[runlim] sample:		7993.1 time, 8090.5 real, 335.3 MB
[runlim] sample:		8003.1 time, 8100.5 real, 325.6 MB
[runlim] sample:		8013.1 time, 8110.5 real, 326.4 MB
[runlim] sample:		8023.1 time, 8120.5 real, 326.4 MB
[runlim] sample:		8033.1 time, 8130.5 real, 360.9 MB
[runlim] sample:		8043.1 time, 8140.5 real, 379.3 MB
[runlim] sample:		8053.1 time, 8150.5 real, 436.8 MB
[runlim] sample:		8063.1 time, 8160.5 real, 467.6 MB
[runlim] sample:		8073.1 time, 8170.5 real, 468.5 MB
[runlim] sample:		8083.1 time, 8180.5 real, 468.6 MB
[runlim] sample:		8093.1 time, 8190.5 real, 468.6 MB
[runlim] sample:		8103.1 time, 8200.5 real, 468.6 MB
[runlim] sample:		8113.1 time, 8210.5 real, 468.6 MB
[runlim] sample:		8123.1 time, 8220.5 real, 471.5 MB
[runlim] sample:		8133.1 time, 8230.5 real, 471.5 MB
[runlim] sample:		8143.1 time, 8240.5 real, 471.5 MB
[runlim] sample:		8153.1 time, 8250.5 real, 471.6 MB
[runlim] sample:		8163.1 time, 8260.5 real, 471.6 MB
[runlim] sample:		8173.1 time, 8270.5 real, 471.6 MB
[runlim] sample:		8183.1 time, 8280.5 real, 471.6 MB
[runlim] sample:		8193.0 time, 8290.5 real, 478.1 MB
[runlim] sample:		8203.0 time, 8300.5 real, 478.4 MB
[runlim] sample:		8213.0 time, 8310.5 real, 478.4 MB
[runlim] sample:		8223.0 time, 8320.5 real, 478.4 MB
[runlim] sample:		8233.0 time, 8330.5 real, 478.5 MB
[runlim] sample:		8243.0 time, 8340.5 real, 481.6 MB
[runlim] sample:		8253.0 time, 8350.5 real, 481.6 MB
[runlim] sample:		8263.0 time, 8360.5 real, 481.6 MB
[runlim] sample:		8273.0 time, 8370.5 real, 481.6 MB
[runlim] sample:		8283.0 time, 8380.5 real, 481.6 MB
[runlim] sample:		8293.0 time, 8390.5 real, 481.6 MB
[runlim] sample:		8303.0 time, 8400.5 real, 501.4 MB
[runlim] sample:		8313.0 time, 8410.5 real, 502.9 MB
[runlim] sample:		8323.0 time, 8420.5 real, 503.0 MB
[runlim] sample:		8333.0 time, 8430.5 real, 503.0 MB
[runlim] sample:		8343.0 time, 8440.5 real, 503.0 MB
[runlim] sample:		8353.0 time, 8450.5 real, 516.6 MB
[runlim] sample:		8363.0 time, 8460.5 real, 547.3 MB
[runlim] sample:		8373.0 time, 8470.5 real, 554.9 MB
[runlim] sample:		8383.0 time, 8480.5 real, 554.9 MB
[runlim] sample:		8392.9 time, 8490.5 real, 554.9 MB
[runlim] sample:		8402.9 time, 8500.5 real, 528.2 MB
[runlim] sample:		8412.9 time, 8510.5 real, 528.2 MB
[runlim] sample:		8422.9 time, 8520.5 real, 528.2 MB
[runlim] sample:		8432.9 time, 8530.5 real, 528.2 MB
[runlim] sample:		8442.9 time, 8540.5 real, 528.2 MB
[runlim] sample:		8452.9 time, 8550.5 real, 528.2 MB
[runlim] sample:		8462.9 time, 8560.5 real, 528.2 MB
[runlim] sample:		8472.9 time, 8570.5 real, 528.2 MB
[runlim] sample:		8482.9 time, 8580.5 real, 528.2 MB
[runlim] sample:		8492.9 time, 8590.5 real, 528.2 MB
[runlim] sample:		8502.9 time, 8600.5 real, 528.2 MB
[runlim] sample:		8512.9 time, 8610.5 real, 528.2 MB
[runlim] sample:		8522.9 time, 8620.5 real, 528.2 MB
[runlim] sample:		8532.9 time, 8630.5 real, 528.2 MB
[runlim] sample:		8542.9 time, 8640.5 real, 528.2 MB
[runlim] sample:		8552.9 time, 8650.5 real, 528.2 MB
[runlim] sample:		8562.9 time, 8660.5 real, 528.2 MB
[runlim] sample:		8572.9 time, 8670.5 real, 528.2 MB
[runlim] sample:		8582.9 time, 8680.5 real, 528.2 MB
[runlim] sample:		8592.9 time, 8690.5 real, 528.2 MB
[runlim] sample:		8602.9 time, 8700.5 real, 528.2 MB
[runlim] sample:		8612.8 time, 8710.5 real, 528.2 MB
[runlim] sample:		8622.8 time, 8720.5 real, 528.2 MB
[runlim] sample:		8632.8 time, 8730.5 real, 528.2 MB
[runlim] sample:		8642.8 time, 8740.5 real, 528.2 MB
[runlim] sample:		8652.8 time, 8750.5 real, 528.2 MB
[runlim] sample:		8662.8 time, 8760.5 real, 528.2 MB
[runlim] sample:		8672.8 time, 8770.5 real, 528.2 MB
[runlim] sample:		8682.8 time, 8780.5 real, 528.2 MB
[runlim] sample:		8692.8 time, 8790.5 real, 528.2 MB
[runlim] sample:		8702.8 time, 8800.5 real, 528.2 MB
[runlim] sample:		8712.8 time, 8810.5 real, 530.3 MB
[runlim] sample:		8722.8 time, 8820.5 real, 530.3 MB
[runlim] sample:		8732.8 time, 8830.5 real, 530.3 MB
[runlim] sample:		8742.8 time, 8840.5 real, 530.3 MB
[runlim] sample:		8752.8 time, 8850.5 real, 530.3 MB
[runlim] sample:		8762.8 time, 8860.5 real, 530.3 MB
[runlim] sample:		8772.8 time, 8870.5 real, 530.3 MB
[runlim] sample:		8782.8 time, 8880.5 real, 530.3 MB
[runlim] sample:		8792.8 time, 8890.5 real, 530.3 MB
[runlim] sample:		8802.7 time, 8900.5 real, 530.3 MB
[runlim] sample:		8812.7 time, 8910.5 real, 530.3 MB
[runlim] sample:		8822.7 time, 8920.5 real, 530.3 MB
[runlim] sample:		8832.7 time, 8930.5 real, 530.3 MB
[runlim] sample:		8842.7 time, 8940.5 real, 530.3 MB
[runlim] sample:		8852.7 time, 8950.5 real, 530.3 MB
[runlim] sample:		8862.7 time, 8960.5 real, 530.3 MB
[runlim] sample:		8872.7 time, 8970.5 real, 541.3 MB
[runlim] sample:		8882.7 time, 8980.5 real, 541.3 MB
[runlim] sample:		8892.7 time, 8990.5 real, 542.3 MB
[runlim] sample:		8902.7 time, 9000.5 real, 542.3 MB
[runlim] sample:		8912.7 time, 9010.5 real, 542.4 MB
[runlim] sample:		8922.7 time, 9020.5 real, 545.0 MB
[runlim] sample:		8932.7 time, 9030.5 real, 545.0 MB
[runlim] sample:		8942.7 time, 9040.5 real, 545.0 MB
[runlim] sample:		8952.7 time, 9050.5 real, 545.0 MB
[runlim] sample:		8962.7 time, 9060.5 real, 547.3 MB
[runlim] sample:		8972.7 time, 9070.5 real, 547.3 MB
[runlim] sample:		8982.7 time, 9080.5 real, 547.3 MB
[runlim] sample:		8992.7 time, 9090.5 real, 547.3 MB
[runlim] sample:		9002.7 time, 9100.5 real, 547.3 MB
[runlim] sample:		9012.6 time, 9110.5 real, 547.3 MB
[runlim] sample:		9022.6 time, 9120.5 real, 547.3 MB
[runlim] sample:		9032.6 time, 9130.5 real, 547.3 MB
[runlim] sample:		9042.6 time, 9140.5 real, 551.4 MB
[runlim] sample:		9052.6 time, 9150.5 real, 551.4 MB
[runlim] sample:		9062.6 time, 9160.5 real, 551.4 MB
[runlim] sample:		9072.6 time, 9170.5 real, 551.4 MB
[runlim] sample:		9082.6 time, 9180.5 real, 551.4 MB
[runlim] sample:		9092.6 time, 9190.5 real, 551.4 MB
[runlim] sample:		9102.6 time, 9200.5 real, 551.4 MB
[runlim] sample:		9112.6 time, 9210.5 real, 551.4 MB
[runlim] sample:		9122.6 time, 9220.5 real, 551.4 MB
[runlim] sample:		9132.6 time, 9230.5 real, 554.9 MB
[runlim] sample:		9142.6 time, 9240.5 real, 555.8 MB
[runlim] sample:		9152.6 time, 9250.5 real, 565.3 MB
[runlim] sample:		9162.6 time, 9260.5 real, 603.7 MB
[runlim] sample:		9172.5 time, 9270.5 real, 603.7 MB
[runlim] sample:		9182.5 time, 9280.5 real, 603.7 MB
[runlim] sample:		9192.5 time, 9290.5 real, 604.0 MB
[runlim] sample:		9202.5 time, 9300.5 real, 616.4 MB
[runlim] sample:		9212.5 time, 9310.5 real, 618.7 MB
[runlim] sample:		9222.5 time, 9320.5 real, 625.2 MB
[runlim] sample:		9232.5 time, 9330.5 real, 662.2 MB
[runlim] sample:		9242.5 time, 9340.5 real, 669.7 MB
[runlim] sample:		9252.5 time, 9350.5 real, 670.2 MB
[runlim] sample:		9262.5 time, 9360.5 real, 670.3 MB
[runlim] sample:		9272.5 time, 9370.5 real, 670.3 MB
[runlim] sample:		9282.5 time, 9380.5 real, 673.9 MB
[runlim] sample:		9292.5 time, 9390.5 real, 673.9 MB
[runlim] sample:		9302.5 time, 9400.5 real, 673.9 MB
[runlim] sample:		9312.5 time, 9410.5 real, 673.9 MB
[runlim] sample:		9322.5 time, 9420.5 real, 673.9 MB
[runlim] sample:		9332.5 time, 9430.5 real, 675.4 MB
[runlim] sample:		9342.5 time, 9440.5 real, 680.2 MB
[runlim] sample:		9352.5 time, 9450.5 real, 689.2 MB
[runlim] sample:		9362.5 time, 9460.5 real, 694.4 MB
[runlim] sample:		9372.5 time, 9470.5 real, 701.7 MB
[runlim] sample:		9382.5 time, 9480.5 real, 723.0 MB
[runlim] sample:		9392.5 time, 9490.5 real, 723.0 MB
[runlim] sample:		9402.5 time, 9500.5 real, 728.7 MB
[runlim] sample:		9412.4 time, 9510.5 real, 728.7 MB
[runlim] sample:		9422.4 time, 9520.5 real, 728.7 MB
[runlim] sample:		9432.4 time, 9530.5 real, 728.7 MB
[runlim] sample:		9442.4 time, 9540.5 real, 728.7 MB
[runlim] sample:		9452.4 time, 9550.5 real, 728.7 MB
[runlim] sample:		9462.4 time, 9560.5 real, 729.9 MB
[runlim] sample:		9472.4 time, 9570.5 real, 735.4 MB
[runlim] sample:		9482.4 time, 9580.5 real, 764.0 MB
[runlim] sample:		9492.4 time, 9590.5 real, 779.3 MB
[runlim] sample:		9502.4 time, 9600.5 real, 781.3 MB
[runlim] sample:		9512.3 time, 9610.5 real, 781.4 MB
[runlim] sample:		9522.3 time, 9620.5 real, 731.9 MB
[runlim] sample:		9532.3 time, 9630.5 real, 731.9 MB
[runlim] sample:		9542.3 time, 9640.5 real, 731.9 MB
[runlim] sample:		9552.3 time, 9650.5 real, 731.9 MB
[runlim] sample:		9562.3 time, 9660.5 real, 731.9 MB
[runlim] sample:		9572.3 time, 9670.5 real, 731.9 MB
[runlim] sample:		9582.3 time, 9680.5 real, 731.9 MB
[runlim] sample:		9592.3 time, 9690.5 real, 731.9 MB
[runlim] sample:		9602.3 time, 9700.5 real, 731.9 MB
[runlim] sample:		9612.3 time, 9710.5 real, 731.9 MB
[runlim] sample:		9622.3 time, 9720.5 real, 731.9 MB
[runlim] sample:		9632.3 time, 9730.5 real, 731.9 MB
[runlim] sample:		9642.3 time, 9740.5 real, 731.9 MB
[runlim] sample:		9652.3 time, 9750.5 real, 731.9 MB
[runlim] sample:		9662.3 time, 9760.5 real, 731.9 MB
[runlim] sample:		9672.3 time, 9770.5 real, 731.9 MB
[runlim] sample:		9682.3 time, 9780.5 real, 731.9 MB
[runlim] sample:		9692.3 time, 9790.5 real, 731.9 MB
[runlim] sample:		9702.3 time, 9800.5 real, 731.9 MB
[runlim] sample:		9712.3 time, 9810.5 real, 731.9 MB
[runlim] sample:		9722.3 time, 9820.5 real, 731.9 MB
[runlim] sample:		9732.3 time, 9830.5 real, 731.9 MB
[runlim] sample:		9742.3 time, 9840.5 real, 731.9 MB
[runlim] sample:		9752.3 time, 9850.5 real, 731.9 MB
[runlim] sample:		9762.3 time, 9860.5 real, 731.9 MB
[runlim] sample:		9772.2 time, 9870.5 real, 731.9 MB
[runlim] end:			Mon May 11 06:04:26 2026
[runlim] status:		ok
[runlim] result:		0
[runlim] children:		3
[runlim] real:			9879.52 seconds
[runlim] time:			9781.14 seconds
[runlim] space:			781.7 MB
[runlim] samples:		98789
