[runlim] version:		1.10
[runlim] time limit:		311040000 seconds
[runlim] real time limit:	36000 seconds
[runlim] space limit:		15860 MB
[runlim] argv[0]:		python
[runlim] argv[1]:		run_benchmark_P.py
[runlim] argv[2]:		gurobi
[runlim] start:			Mon May 11 03:19:47 2026
[runlim] main pid:		19228
[runlim] sample:		7.8 time, 10.5 real, 80.2 MB
[runlim] sample:		17.2 time, 20.5 real, 87.5 MB
[runlim] sample:		26.9 time, 30.5 real, 87.7 MB
[runlim] sample:		36.2 time, 40.5 real, 88.6 MB
[runlim] sample:		45.4 time, 50.5 real, 89.1 MB
[runlim] sample:		55.0 time, 60.5 real, 89.1 MB
[runlim] sample:		63.8 time, 70.6 real, 89.1 MB
[runlim] sample:		73.3 time, 80.5 real, 89.2 MB
[runlim] sample:		83.2 time, 90.5 real, 82.3 MB
[runlim] sample:		93.1 time, 100.5 real, 83.3 MB
[runlim] sample:		102.5 time, 110.5 real, 89.0 MB
[runlim] sample:		112.4 time, 120.5 real, 91.6 MB
[runlim] sample:		122.3 time, 130.5 real, 95.3 MB
[runlim] sample:		131.9 time, 140.5 real, 80.1 MB
[runlim] sample:		141.9 time, 150.5 real, 81.9 MB
[runlim] sample:		151.9 time, 160.5 real, 83.3 MB
[runlim] sample:		161.8 time, 170.5 real, 84.0 MB
[runlim] sample:		171.8 time, 180.5 real, 84.1 MB
[runlim] sample:		181.7 time, 190.5 real, 84.9 MB
[runlim] sample:		191.6 time, 200.5 real, 84.9 MB
[runlim] sample:		201.3 time, 210.5 real, 84.9 MB
[runlim] sample:		211.3 time, 220.5 real, 84.9 MB
[runlim] sample:		221.2 time, 230.5 real, 87.1 MB
[runlim] sample:		231.0 time, 240.5 real, 88.4 MB
[runlim] sample:		241.0 time, 250.5 real, 88.8 MB
[runlim] sample:		250.8 time, 260.5 real, 88.9 MB
[runlim] sample:		260.8 time, 270.5 real, 88.9 MB
[runlim] sample:		270.7 time, 280.5 real, 90.0 MB
[runlim] sample:		280.5 time, 290.5 real, 88.4 MB
[runlim] sample:		290.5 time, 300.5 real, 88.6 MB
[runlim] sample:		300.2 time, 310.5 real, 89.0 MB
[runlim] sample:		310.1 time, 320.5 real, 89.0 MB
[runlim] sample:		320.0 time, 330.5 real, 80.1 MB
[runlim] sample:		329.9 time, 340.5 real, 81.6 MB
[runlim] sample:		339.9 time, 350.5 real, 84.1 MB
[runlim] sample:		349.9 time, 360.5 real, 88.2 MB
[runlim] sample:		359.9 time, 370.5 real, 93.8 MB
[runlim] sample:		369.9 time, 380.5 real, 99.9 MB
[runlim] sample:		379.9 time, 390.5 real, 100.3 MB
[runlim] sample:		389.9 time, 400.5 real, 100.3 MB
[runlim] sample:		399.8 time, 410.5 real, 100.3 MB
[runlim] sample:		409.7 time, 420.5 real, 91.0 MB
[runlim] sample:		419.5 time, 430.5 real, 91.8 MB
[runlim] sample:		429.4 time, 440.5 real, 91.8 MB
[runlim] sample:		439.2 time, 450.5 real, 91.8 MB
[runlim] sample:		449.1 time, 460.5 real, 91.8 MB
[runlim] sample:		458.9 time, 470.5 real, 97.0 MB
[runlim] sample:		468.6 time, 480.5 real, 100.6 MB
[runlim] sample:		478.6 time, 490.5 real, 100.7 MB
[runlim] sample:		488.5 time, 500.5 real, 100.7 MB
[runlim] sample:		498.4 time, 510.5 real, 100.7 MB
[runlim] sample:		508.4 time, 520.5 real, 100.7 MB
[runlim] sample:		518.4 time, 530.5 real, 100.8 MB
[runlim] sample:		528.3 time, 540.5 real, 101.0 MB
[runlim] sample:		538.3 time, 550.5 real, 101.0 MB
[runlim] sample:		548.2 time, 560.5 real, 101.0 MB
[runlim] sample:		558.2 time, 570.5 real, 101.0 MB
[runlim] sample:		568.2 time, 580.5 real, 101.6 MB
[runlim] sample:		578.1 time, 590.5 real, 101.6 MB
[runlim] sample:		588.1 time, 600.5 real, 83.9 MB
[runlim] sample:		597.9 time, 610.5 real, 84.4 MB
[runlim] sample:		607.7 time, 620.5 real, 95.1 MB
[runlim] sample:		617.6 time, 630.5 real, 98.9 MB
[runlim] sample:		627.6 time, 640.5 real, 99.5 MB
[runlim] sample:		637.5 time, 650.5 real, 99.8 MB
[runlim] sample:		647.5 time, 660.5 real, 100.1 MB
[runlim] sample:		657.4 time, 670.5 real, 91.5 MB
[runlim] sample:		667.3 time, 680.5 real, 91.5 MB
[runlim] sample:		677.2 time, 690.5 real, 93.6 MB
[runlim] sample:		687.1 time, 700.5 real, 93.7 MB
[runlim] sample:		697.1 time, 710.6 real, 93.8 MB
[runlim] sample:		707.0 time, 720.5 real, 94.0 MB
[runlim] sample:		717.0 time, 730.5 real, 94.4 MB
[runlim] sample:		726.9 time, 740.5 real, 94.4 MB
[runlim] sample:		736.7 time, 750.5 real, 103.2 MB
[runlim] sample:		746.6 time, 760.5 real, 104.9 MB
[runlim] sample:		756.5 time, 770.6 real, 104.9 MB
[runlim] sample:		766.4 time, 780.5 real, 104.9 MB
[runlim] sample:		776.5 time, 790.5 real, 104.9 MB
[runlim] sample:		786.2 time, 800.6 real, 105.3 MB
[runlim] sample:		796.1 time, 810.5 real, 105.3 MB
[runlim] sample:		806.0 time, 820.5 real, 105.4 MB
[runlim] sample:		815.9 time, 830.5 real, 106.6 MB
[runlim] sample:		825.9 time, 840.5 real, 108.7 MB
[runlim] sample:		835.9 time, 850.5 real, 108.7 MB
[runlim] sample:		845.9 time, 860.5 real, 108.7 MB
[runlim] sample:		855.8 time, 870.5 real, 108.7 MB
[runlim] sample:		865.7 time, 880.5 real, 108.7 MB
[runlim] sample:		875.6 time, 890.5 real, 108.8 MB
[runlim] sample:		885.4 time, 900.5 real, 108.8 MB
[runlim] sample:		895.1 time, 910.5 real, 108.8 MB
[runlim] sample:		905.0 time, 920.5 real, 91.3 MB
[runlim] sample:		914.9 time, 930.5 real, 91.3 MB
[runlim] sample:		924.7 time, 940.5 real, 91.3 MB
[runlim] sample:		934.6 time, 950.5 real, 91.4 MB
[runlim] sample:		944.5 time, 960.5 real, 94.7 MB
[runlim] sample:		954.5 time, 970.5 real, 95.0 MB
[runlim] sample:		964.3 time, 980.5 real, 95.0 MB
[runlim] sample:		974.3 time, 990.5 real, 100.4 MB
[runlim] sample:		984.1 time, 1000.5 real, 103.2 MB
[runlim] sample:		993.9 time, 1010.5 real, 103.2 MB
[runlim] sample:		1003.8 time, 1020.5 real, 103.2 MB
[runlim] sample:		1013.8 time, 1030.5 real, 103.2 MB
[runlim] sample:		1023.5 time, 1040.5 real, 103.2 MB
[runlim] sample:		1033.3 time, 1050.5 real, 103.2 MB
[runlim] sample:		1043.3 time, 1060.5 real, 85.2 MB
[runlim] sample:		1052.7 time, 1070.5 real, 85.2 MB
[runlim] sample:		1062.5 time, 1080.5 real, 85.2 MB
[runlim] sample:		1071.9 time, 1090.5 real, 85.3 MB
[runlim] sample:		1081.6 time, 1100.5 real, 85.3 MB
[runlim] sample:		1091.3 time, 1110.5 real, 85.3 MB
[runlim] sample:		1101.1 time, 1120.5 real, 85.3 MB
[runlim] sample:		1110.8 time, 1130.5 real, 85.3 MB
[runlim] sample:		1120.7 time, 1140.5 real, 85.3 MB
[runlim] sample:		1130.6 time, 1150.5 real, 88.0 MB
[runlim] sample:		1140.5 time, 1160.5 real, 88.0 MB
[runlim] sample:		1150.5 time, 1170.5 real, 88.0 MB
[runlim] sample:		1160.4 time, 1180.5 real, 88.0 MB
[runlim] sample:		1170.0 time, 1190.5 real, 88.0 MB
[runlim] sample:		1179.8 time, 1200.5 real, 90.8 MB
[runlim] sample:		1189.5 time, 1210.5 real, 90.8 MB
[runlim] sample:		1199.2 time, 1220.5 real, 90.8 MB
[runlim] sample:		1209.0 time, 1230.5 real, 90.8 MB
[runlim] sample:		1218.8 time, 1240.5 real, 91.2 MB
[runlim] sample:		1228.7 time, 1250.5 real, 91.2 MB
[runlim] sample:		1238.7 time, 1260.5 real, 91.2 MB
[runlim] sample:		1248.5 time, 1270.5 real, 91.2 MB
[runlim] sample:		1258.4 time, 1280.5 real, 91.2 MB
[runlim] sample:		1268.4 time, 1290.5 real, 91.2 MB
[runlim] sample:		1278.2 time, 1300.5 real, 91.7 MB
[runlim] sample:		1288.2 time, 1310.5 real, 91.7 MB
[runlim] sample:		1298.1 time, 1320.5 real, 91.7 MB
[runlim] sample:		1308.0 time, 1330.5 real, 91.7 MB
[runlim] sample:		1317.8 time, 1340.5 real, 91.8 MB
[runlim] sample:		1327.7 time, 1350.5 real, 94.3 MB
[runlim] sample:		1337.7 time, 1360.5 real, 97.5 MB
[runlim] sample:		1347.7 time, 1370.5 real, 97.5 MB
[runlim] sample:		1357.6 time, 1380.5 real, 97.6 MB
[runlim] sample:		1367.5 time, 1390.5 real, 97.7 MB
[runlim] sample:		1377.5 time, 1400.5 real, 98.2 MB
[runlim] sample:		1387.4 time, 1410.5 real, 98.2 MB
[runlim] sample:		1397.2 time, 1420.5 real, 99.0 MB
[runlim] sample:		1407.2 time, 1430.5 real, 99.0 MB
[runlim] sample:		1417.2 time, 1440.5 real, 99.0 MB
[runlim] sample:		1426.9 time, 1450.5 real, 99.0 MB
[runlim] sample:		1436.8 time, 1460.5 real, 99.0 MB
[runlim] sample:		1446.7 time, 1470.5 real, 99.5 MB
[runlim] sample:		1456.5 time, 1480.5 real, 99.8 MB
[runlim] sample:		1466.4 time, 1490.5 real, 99.8 MB
[runlim] sample:		1476.3 time, 1500.5 real, 99.8 MB
[runlim] sample:		1486.2 time, 1510.5 real, 99.8 MB
[runlim] sample:		1496.1 time, 1520.5 real, 99.8 MB
[runlim] sample:		1505.9 time, 1530.5 real, 99.8 MB
[runlim] sample:		1515.9 time, 1540.5 real, 99.8 MB
[runlim] sample:		1525.8 time, 1550.5 real, 99.8 MB
[runlim] sample:		1535.7 time, 1560.5 real, 99.8 MB
[runlim] sample:		1545.5 time, 1570.5 real, 99.8 MB
[runlim] sample:		1555.2 time, 1580.5 real, 99.8 MB
[runlim] sample:		1565.1 time, 1590.5 real, 99.8 MB
[runlim] sample:		1574.9 time, 1600.5 real, 99.8 MB
[runlim] sample:		1584.8 time, 1610.5 real, 99.8 MB
[runlim] sample:		1594.5 time, 1620.5 real, 99.8 MB
[runlim] sample:		1603.5 time, 1630.5 real, 100.0 MB
[runlim] sample:		1613.4 time, 1640.5 real, 100.0 MB
[runlim] sample:		1622.9 time, 1650.5 real, 100.0 MB
[runlim] sample:		1632.5 time, 1660.5 real, 100.0 MB
[runlim] sample:		1642.4 time, 1670.5 real, 100.0 MB
[runlim] sample:		1651.8 time, 1680.5 real, 100.0 MB
[runlim] sample:		1660.9 time, 1690.5 real, 100.0 MB
[runlim] sample:		1670.1 time, 1700.5 real, 100.0 MB
[runlim] sample:		1679.4 time, 1710.5 real, 100.0 MB
[runlim] sample:		1688.7 time, 1720.5 real, 100.0 MB
[runlim] sample:		1697.9 time, 1730.5 real, 100.0 MB
[runlim] sample:		1707.2 time, 1740.5 real, 100.0 MB
[runlim] sample:		1716.4 time, 1750.5 real, 100.0 MB
[runlim] sample:		1725.9 time, 1760.5 real, 100.0 MB
[runlim] sample:		1735.3 time, 1770.5 real, 100.0 MB
[runlim] sample:		1744.7 time, 1780.5 real, 100.0 MB
[runlim] sample:		1754.7 time, 1790.5 real, 100.0 MB
[runlim] sample:		1764.3 time, 1800.5 real, 100.0 MB
[runlim] sample:		1774.0 time, 1810.5 real, 100.0 MB
[runlim] sample:		1784.0 time, 1820.5 real, 100.0 MB
[runlim] sample:		1793.8 time, 1830.5 real, 100.0 MB
[runlim] sample:		1803.7 time, 1840.5 real, 100.0 MB
[runlim] sample:		1813.6 time, 1850.5 real, 100.0 MB
[runlim] sample:		1823.4 time, 1860.5 real, 100.0 MB
[runlim] sample:		1832.8 time, 1870.5 real, 100.0 MB
[runlim] sample:		1842.8 time, 1880.5 real, 100.0 MB
[runlim] sample:		1852.8 time, 1890.5 real, 100.0 MB
[runlim] sample:		1862.6 time, 1900.5 real, 100.0 MB
[runlim] sample:		1872.5 time, 1910.5 real, 100.0 MB
[runlim] sample:		1882.3 time, 1920.5 real, 100.0 MB
[runlim] sample:		1892.2 time, 1930.5 real, 100.0 MB
[runlim] sample:		1901.9 time, 1940.5 real, 100.0 MB
[runlim] sample:		1911.9 time, 1950.5 real, 100.0 MB
[runlim] sample:		1921.8 time, 1960.5 real, 100.0 MB
[runlim] sample:		1931.7 time, 1970.5 real, 100.0 MB
[runlim] sample:		1941.5 time, 1980.5 real, 100.0 MB
[runlim] sample:		1951.4 time, 1990.5 real, 100.0 MB
[runlim] sample:		1961.4 time, 2000.5 real, 100.0 MB
[runlim] sample:		1971.3 time, 2010.5 real, 100.0 MB
[runlim] sample:		1981.3 time, 2020.5 real, 100.0 MB
[runlim] sample:		1991.2 time, 2030.5 real, 100.0 MB
[runlim] sample:		2001.2 time, 2040.5 real, 100.0 MB
[runlim] sample:		2011.1 time, 2050.5 real, 100.0 MB
[runlim] sample:		2021.0 time, 2060.5 real, 100.0 MB
[runlim] sample:		2030.5 time, 2070.5 real, 100.0 MB
[runlim] sample:		2040.4 time, 2080.5 real, 100.0 MB
[runlim] sample:		2050.2 time, 2090.5 real, 100.0 MB
[runlim] sample:		2060.2 time, 2100.5 real, 100.0 MB
[runlim] sample:		2070.1 time, 2110.5 real, 100.0 MB
[runlim] sample:		2080.0 time, 2120.5 real, 100.0 MB
[runlim] sample:		2089.9 time, 2130.5 real, 100.0 MB
[runlim] sample:		2099.7 time, 2140.5 real, 100.0 MB
[runlim] sample:		2109.5 time, 2150.5 real, 100.0 MB
[runlim] sample:		2119.4 time, 2160.5 real, 100.0 MB
[runlim] sample:		2128.8 time, 2170.5 real, 100.0 MB
[runlim] sample:		2138.6 time, 2180.5 real, 100.0 MB
[runlim] sample:		2148.6 time, 2190.5 real, 100.0 MB
[runlim] sample:		2158.5 time, 2200.5 real, 100.0 MB
[runlim] sample:		2168.3 time, 2210.5 real, 100.0 MB
[runlim] sample:		2178.1 time, 2220.5 real, 100.0 MB
[runlim] sample:		2187.9 time, 2230.5 real, 100.0 MB
[runlim] sample:		2197.7 time, 2240.5 real, 100.0 MB
[runlim] sample:		2207.6 time, 2250.5 real, 100.0 MB
[runlim] sample:		2217.6 time, 2260.6 real, 100.0 MB
[runlim] sample:		2227.5 time, 2270.5 real, 100.0 MB
[runlim] sample:		2237.3 time, 2280.5 real, 100.0 MB
[runlim] sample:		2247.2 time, 2290.5 real, 100.0 MB
[runlim] sample:		2257.2 time, 2300.5 real, 100.0 MB
[runlim] sample:		2267.0 time, 2310.5 real, 100.0 MB
[runlim] sample:		2276.9 time, 2320.5 real, 100.0 MB
[runlim] sample:		2286.7 time, 2330.5 real, 100.0 MB
[runlim] sample:		2296.6 time, 2340.5 real, 100.0 MB
[runlim] sample:		2306.2 time, 2350.5 real, 100.0 MB
[runlim] sample:		2316.0 time, 2360.5 real, 100.0 MB
[runlim] sample:		2325.9 time, 2370.5 real, 100.0 MB
[runlim] sample:		2335.8 time, 2380.5 real, 100.0 MB
[runlim] sample:		2345.7 time, 2390.5 real, 100.0 MB
[runlim] sample:		2355.7 time, 2400.5 real, 100.0 MB
[runlim] sample:		2365.4 time, 2410.5 real, 100.0 MB
[runlim] sample:		2375.3 time, 2420.5 real, 100.0 MB
[runlim] sample:		2384.8 time, 2430.5 real, 100.0 MB
[runlim] sample:		2394.7 time, 2440.5 real, 100.1 MB
[runlim] sample:		2404.6 time, 2450.5 real, 100.1 MB
[runlim] sample:		2414.6 time, 2460.5 real, 100.1 MB
[runlim] sample:		2424.6 time, 2470.5 real, 100.1 MB
[runlim] sample:		2434.5 time, 2480.5 real, 100.1 MB
[runlim] sample:		2444.5 time, 2490.5 real, 100.1 MB
[runlim] sample:		2454.5 time, 2500.5 real, 100.1 MB
[runlim] sample:		2464.4 time, 2510.5 real, 100.1 MB
[runlim] sample:		2474.4 time, 2520.5 real, 100.1 MB
[runlim] sample:		2484.4 time, 2530.5 real, 100.1 MB
[runlim] sample:		2494.3 time, 2540.5 real, 100.1 MB
[runlim] sample:		2504.2 time, 2550.5 real, 100.1 MB
[runlim] sample:		2514.2 time, 2560.5 real, 100.1 MB
[runlim] sample:		2524.0 time, 2570.5 real, 100.1 MB
[runlim] sample:		2534.0 time, 2580.5 real, 100.5 MB
[runlim] sample:		2543.9 time, 2590.5 real, 100.5 MB
[runlim] sample:		2553.9 time, 2600.5 real, 100.5 MB
[runlim] sample:		2563.9 time, 2610.5 real, 100.5 MB
[runlim] sample:		2573.7 time, 2620.5 real, 100.5 MB
[runlim] sample:		2583.6 time, 2630.5 real, 100.5 MB
[runlim] sample:		2593.4 time, 2640.5 real, 100.5 MB
[runlim] sample:		2603.3 time, 2650.5 real, 100.5 MB
[runlim] sample:		2613.2 time, 2660.5 real, 100.5 MB
[runlim] sample:		2623.0 time, 2670.5 real, 100.5 MB
[runlim] sample:		2632.9 time, 2680.5 real, 100.5 MB
[runlim] sample:		2642.8 time, 2690.5 real, 100.5 MB
[runlim] sample:		2652.8 time, 2700.5 real, 100.5 MB
[runlim] sample:		2662.4 time, 2710.5 real, 100.5 MB
[runlim] sample:		2672.3 time, 2720.5 real, 100.5 MB
[runlim] sample:		2682.2 time, 2730.5 real, 100.5 MB
[runlim] sample:		2692.1 time, 2740.5 real, 100.5 MB
[runlim] sample:		2702.1 time, 2750.5 real, 100.5 MB
[runlim] sample:		2712.1 time, 2760.5 real, 100.5 MB
[runlim] sample:		2721.9 time, 2770.5 real, 100.5 MB
[runlim] sample:		2731.7 time, 2780.5 real, 100.5 MB
[runlim] sample:		2741.4 time, 2790.5 real, 100.5 MB
[runlim] sample:		2751.1 time, 2800.5 real, 100.5 MB
[runlim] sample:		2760.7 time, 2810.5 real, 100.5 MB
[runlim] sample:		2770.2 time, 2820.5 real, 100.5 MB
[runlim] sample:		2779.8 time, 2830.5 real, 100.5 MB
[runlim] sample:		2789.6 time, 2840.5 real, 100.5 MB
[runlim] sample:		2799.3 time, 2850.5 real, 100.5 MB
[runlim] sample:		2808.8 time, 2860.5 real, 100.5 MB
[runlim] sample:		2818.1 time, 2870.5 real, 100.5 MB
[runlim] sample:		2827.9 time, 2880.5 real, 100.5 MB
[runlim] sample:		2837.8 time, 2890.5 real, 100.5 MB
[runlim] sample:		2847.7 time, 2900.5 real, 100.5 MB
[runlim] sample:		2857.7 time, 2910.5 real, 100.5 MB
[runlim] sample:		2867.5 time, 2920.5 real, 100.5 MB
[runlim] sample:		2877.4 time, 2930.5 real, 100.5 MB
[runlim] sample:		2887.4 time, 2940.5 real, 100.5 MB
[runlim] sample:		2897.3 time, 2950.5 real, 100.5 MB
[runlim] sample:		2907.2 time, 2960.5 real, 100.5 MB
[runlim] sample:		2917.2 time, 2970.5 real, 100.5 MB
[runlim] sample:		2927.1 time, 2980.5 real, 100.5 MB
[runlim] sample:		2937.0 time, 2990.5 real, 100.5 MB
[runlim] sample:		2946.9 time, 3000.5 real, 100.5 MB
[runlim] sample:		2956.8 time, 3010.5 real, 100.5 MB
[runlim] sample:		2966.7 time, 3020.5 real, 100.5 MB
[runlim] sample:		2976.6 time, 3030.5 real, 100.5 MB
[runlim] sample:		2986.4 time, 3040.5 real, 100.5 MB
[runlim] sample:		2996.3 time, 3050.5 real, 100.5 MB
[runlim] sample:		3006.2 time, 3060.5 real, 100.5 MB
[runlim] sample:		3016.0 time, 3070.5 real, 100.5 MB
[runlim] sample:		3025.9 time, 3080.5 real, 100.5 MB
[runlim] sample:		3035.7 time, 3090.5 real, 100.5 MB
[runlim] sample:		3045.6 time, 3100.5 real, 100.5 MB
[runlim] sample:		3055.5 time, 3110.5 real, 100.5 MB
[runlim] sample:		3065.4 time, 3120.5 real, 100.5 MB
[runlim] sample:		3075.4 time, 3130.5 real, 101.1 MB
[runlim] sample:		3085.4 time, 3140.5 real, 101.1 MB
[runlim] sample:		3095.4 time, 3150.5 real, 101.1 MB
[runlim] sample:		3105.2 time, 3160.5 real, 101.1 MB
[runlim] sample:		3115.1 time, 3170.5 real, 101.1 MB
[runlim] sample:		3125.0 time, 3180.5 real, 101.1 MB
[runlim] sample:		3134.9 time, 3190.5 real, 101.1 MB
[runlim] sample:		3144.8 time, 3200.5 real, 101.1 MB
[runlim] sample:		3154.6 time, 3210.5 real, 101.1 MB
[runlim] sample:		3164.5 time, 3220.5 real, 101.1 MB
[runlim] sample:		3174.4 time, 3230.5 real, 101.1 MB
[runlim] sample:		3184.2 time, 3240.5 real, 101.1 MB
[runlim] sample:		3194.2 time, 3250.5 real, 101.2 MB
[runlim] sample:		3204.0 time, 3260.5 real, 101.2 MB
[runlim] sample:		3214.0 time, 3270.5 real, 101.2 MB
[runlim] sample:		3224.0 time, 3280.5 real, 101.2 MB
[runlim] sample:		3233.8 time, 3290.5 real, 101.2 MB
[runlim] sample:		3243.8 time, 3300.5 real, 101.2 MB
[runlim] sample:		3253.7 time, 3310.5 real, 101.2 MB
[runlim] sample:		3263.6 time, 3320.5 real, 101.2 MB
[runlim] sample:		3273.4 time, 3330.5 real, 101.2 MB
[runlim] sample:		3283.3 time, 3340.5 real, 101.2 MB
[runlim] sample:		3293.1 time, 3350.5 real, 101.2 MB
[runlim] sample:		3303.0 time, 3360.5 real, 101.2 MB
[runlim] sample:		3312.7 time, 3370.5 real, 101.2 MB
[runlim] sample:		3322.6 time, 3380.5 real, 101.2 MB
[runlim] sample:		3332.4 time, 3390.5 real, 101.2 MB
[runlim] sample:		3342.3 time, 3400.5 real, 101.2 MB
[runlim] sample:		3352.2 time, 3410.5 real, 101.2 MB
[runlim] sample:		3362.0 time, 3420.5 real, 101.2 MB
[runlim] sample:		3371.9 time, 3430.5 real, 101.2 MB
[runlim] sample:		3381.8 time, 3440.5 real, 101.2 MB
[runlim] sample:		3391.8 time, 3450.5 real, 101.2 MB
[runlim] sample:		3401.8 time, 3460.5 real, 101.2 MB
[runlim] sample:		3411.7 time, 3470.5 real, 101.2 MB
[runlim] sample:		3421.7 time, 3480.5 real, 101.2 MB
[runlim] sample:		3431.6 time, 3490.5 real, 101.2 MB
[runlim] sample:		3441.6 time, 3500.5 real, 101.2 MB
[runlim] sample:		3451.5 time, 3510.5 real, 101.2 MB
[runlim] sample:		3461.5 time, 3520.5 real, 101.2 MB
[runlim] sample:		3471.3 time, 3530.5 real, 101.2 MB
[runlim] sample:		3481.2 time, 3540.5 real, 101.2 MB
[runlim] sample:		3491.0 time, 3550.5 real, 101.2 MB
[runlim] sample:		3500.8 time, 3560.5 real, 101.2 MB
[runlim] sample:		3510.8 time, 3570.5 real, 101.2 MB
[runlim] sample:		3520.7 time, 3580.5 real, 101.2 MB
[runlim] sample:		3530.6 time, 3590.5 real, 101.2 MB
[runlim] sample:		3540.5 time, 3600.5 real, 101.2 MB
[runlim] sample:		3550.4 time, 3610.5 real, 101.2 MB
[runlim] sample:		3560.4 time, 3620.5 real, 101.2 MB
[runlim] sample:		3570.4 time, 3630.5 real, 101.2 MB
[runlim] sample:		3580.3 time, 3640.5 real, 101.2 MB
[runlim] sample:		3590.2 time, 3650.5 real, 101.2 MB
[runlim] sample:		3600.1 time, 3660.5 real, 101.2 MB
[runlim] sample:		3610.1 time, 3670.5 real, 101.2 MB
[runlim] sample:		3620.1 time, 3680.5 real, 101.2 MB
[runlim] sample:		3630.0 time, 3690.5 real, 101.2 MB
[runlim] sample:		3639.9 time, 3700.5 real, 101.2 MB
[runlim] sample:		3649.6 time, 3710.5 real, 101.2 MB
[runlim] sample:		3659.5 time, 3720.5 real, 101.2 MB
[runlim] sample:		3669.4 time, 3730.5 real, 101.2 MB
[runlim] sample:		3679.4 time, 3740.5 real, 101.2 MB
[runlim] sample:		3689.4 time, 3750.5 real, 101.2 MB
[runlim] sample:		3698.7 time, 3760.5 real, 101.2 MB
[runlim] sample:		3708.3 time, 3770.5 real, 101.2 MB
[runlim] sample:		3717.9 time, 3780.5 real, 101.2 MB
[runlim] sample:		3727.3 time, 3790.5 real, 101.2 MB
[runlim] sample:		3737.3 time, 3800.5 real, 101.2 MB
[runlim] sample:		3747.2 time, 3810.5 real, 101.2 MB
[runlim] sample:		3756.9 time, 3820.5 real, 101.2 MB
[runlim] sample:		3766.6 time, 3830.5 real, 101.2 MB
[runlim] sample:		3776.5 time, 3840.5 real, 101.2 MB
[runlim] sample:		3786.2 time, 3850.5 real, 101.2 MB
[runlim] sample:		3796.1 time, 3860.5 real, 101.2 MB
[runlim] sample:		3806.0 time, 3870.5 real, 101.2 MB
[runlim] sample:		3815.9 time, 3880.5 real, 101.2 MB
[runlim] sample:		3825.8 time, 3890.5 real, 101.2 MB
[runlim] sample:		3835.8 time, 3900.5 real, 101.2 MB
[runlim] sample:		3845.8 time, 3910.5 real, 101.2 MB
[runlim] sample:		3855.6 time, 3920.5 real, 101.2 MB
[runlim] sample:		3865.5 time, 3930.5 real, 101.2 MB
[runlim] sample:		3875.5 time, 3940.5 real, 101.2 MB
[runlim] sample:		3885.3 time, 3950.5 real, 101.2 MB
[runlim] sample:		3895.0 time, 3960.5 real, 101.2 MB
[runlim] sample:		3904.9 time, 3970.5 real, 101.2 MB
[runlim] sample:		3914.8 time, 3980.5 real, 101.2 MB
[runlim] sample:		3924.7 time, 3990.5 real, 101.2 MB
[runlim] sample:		3934.6 time, 4000.5 real, 101.2 MB
[runlim] sample:		3944.5 time, 4010.5 real, 101.2 MB
[runlim] sample:		3954.4 time, 4020.5 real, 101.2 MB
[runlim] sample:		3964.2 time, 4030.5 real, 101.2 MB
[runlim] sample:		3974.1 time, 4040.5 real, 101.2 MB
[runlim] sample:		3984.1 time, 4050.5 real, 101.2 MB
[runlim] sample:		3993.8 time, 4060.5 real, 101.2 MB
[runlim] sample:		4003.8 time, 4070.5 real, 101.2 MB
[runlim] sample:		4013.7 time, 4080.5 real, 101.2 MB
[runlim] sample:		4023.7 time, 4090.5 real, 101.2 MB
[runlim] sample:		4033.4 time, 4100.5 real, 101.2 MB
[runlim] sample:		4043.3 time, 4110.5 real, 101.2 MB
[runlim] sample:		4053.3 time, 4120.5 real, 101.2 MB
[runlim] sample:		4063.2 time, 4130.5 real, 101.2 MB
[runlim] sample:		4073.1 time, 4140.5 real, 102.0 MB
[runlim] sample:		4083.0 time, 4150.5 real, 93.2 MB
[runlim] sample:		4093.0 time, 4160.5 real, 101.1 MB
[runlim] sample:		4102.9 time, 4170.5 real, 107.1 MB
[runlim] sample:		4112.9 time, 4180.5 real, 111.7 MB
[runlim] sample:		4122.7 time, 4190.5 real, 114.1 MB
[runlim] sample:		4132.7 time, 4200.5 real, 135.0 MB
[runlim] sample:		4142.4 time, 4210.5 real, 136.7 MB
[runlim] sample:		4152.3 time, 4220.5 real, 137.4 MB
[runlim] sample:		4162.1 time, 4230.5 real, 136.7 MB
[runlim] sample:		4172.0 time, 4240.5 real, 137.4 MB
[runlim] sample:		4181.9 time, 4250.5 real, 139.5 MB
[runlim] sample:		4191.5 time, 4260.5 real, 114.4 MB
[runlim] sample:		4201.5 time, 4270.5 real, 114.7 MB
[runlim] sample:		4211.2 time, 4280.5 real, 116.2 MB
[runlim] sample:		4221.2 time, 4290.5 real, 117.4 MB
[runlim] sample:		4231.1 time, 4300.5 real, 127.8 MB
[runlim] sample:		4241.0 time, 4310.5 real, 132.9 MB
[runlim] sample:		4250.9 time, 4320.5 real, 156.2 MB
[runlim] sample:		4260.9 time, 4330.5 real, 163.2 MB
[runlim] sample:		4270.9 time, 4340.5 real, 165.0 MB
[runlim] sample:		4280.8 time, 4350.5 real, 166.4 MB
[runlim] sample:		4290.8 time, 4360.5 real, 166.8 MB
[runlim] sample:		4300.7 time, 4370.5 real, 167.8 MB
[runlim] sample:		4310.7 time, 4380.5 real, 168.4 MB
[runlim] sample:		4320.6 time, 4390.5 real, 127.8 MB
[runlim] sample:		4330.4 time, 4400.5 real, 128.3 MB
[runlim] sample:		4340.1 time, 4410.5 real, 129.3 MB
[runlim] sample:		4350.1 time, 4420.5 real, 130.0 MB
[runlim] sample:		4360.1 time, 4430.5 real, 133.3 MB
[runlim] sample:		4370.1 time, 4440.5 real, 135.0 MB
[runlim] sample:		4379.9 time, 4450.5 real, 136.7 MB
[runlim] sample:		4389.7 time, 4460.5 real, 147.3 MB
[runlim] sample:		4399.6 time, 4470.5 real, 150.9 MB
[runlim] sample:		4409.4 time, 4480.5 real, 152.0 MB
[runlim] sample:		4419.1 time, 4490.5 real, 152.5 MB
[runlim] sample:		4429.1 time, 4500.5 real, 129.2 MB
[runlim] sample:		4438.9 time, 4510.5 real, 131.3 MB
[runlim] sample:		4448.8 time, 4520.5 real, 132.2 MB
[runlim] sample:		4458.8 time, 4530.5 real, 133.1 MB
[runlim] sample:		4468.7 time, 4540.5 real, 130.2 MB
[runlim] sample:		4478.6 time, 4550.5 real, 130.9 MB
[runlim] sample:		4488.3 time, 4560.5 real, 131.3 MB
[runlim] sample:		4498.3 time, 4570.5 real, 131.8 MB
[runlim] sample:		4508.1 time, 4580.5 real, 134.1 MB
[runlim] sample:		4518.0 time, 4590.5 real, 147.2 MB
[runlim] sample:		4527.9 time, 4600.5 real, 149.2 MB
[runlim] sample:		4537.7 time, 4610.5 real, 130.8 MB
[runlim] sample:		4547.6 time, 4620.5 real, 131.6 MB
[runlim] sample:		4557.6 time, 4630.5 real, 136.4 MB
[runlim] sample:		4567.6 time, 4640.5 real, 130.9 MB
[runlim] sample:		4577.6 time, 4650.5 real, 132.9 MB
[runlim] sample:		4587.6 time, 4660.5 real, 134.3 MB
[runlim] sample:		4597.4 time, 4670.5 real, 131.0 MB
[runlim] sample:		4607.3 time, 4680.5 real, 131.5 MB
[runlim] sample:		4617.3 time, 4690.5 real, 131.7 MB
[runlim] sample:		4627.1 time, 4700.5 real, 131.9 MB
[runlim] sample:		4637.1 time, 4710.5 real, 132.2 MB
[runlim] sample:		4647.0 time, 4720.5 real, 149.6 MB
[runlim] sample:		4656.9 time, 4730.5 real, 155.4 MB
[runlim] sample:		4666.9 time, 4740.5 real, 156.6 MB
[runlim] sample:		4676.8 time, 4750.5 real, 156.9 MB
[runlim] sample:		4686.8 time, 4760.5 real, 157.1 MB
[runlim] sample:		4696.7 time, 4770.5 real, 157.2 MB
[runlim] sample:		4706.6 time, 4780.5 real, 157.5 MB
[runlim] sample:		4716.5 time, 4790.5 real, 161.2 MB
[runlim] sample:		4726.4 time, 4800.5 real, 161.2 MB
[runlim] sample:		4736.2 time, 4810.5 real, 161.2 MB
[runlim] sample:		4746.2 time, 4820.5 real, 161.4 MB
[runlim] sample:		4756.2 time, 4830.5 real, 161.4 MB
[runlim] sample:		4766.2 time, 4840.5 real, 161.5 MB
[runlim] sample:		4776.1 time, 4850.5 real, 161.6 MB
[runlim] sample:		4786.1 time, 4860.5 real, 161.6 MB
[runlim] sample:		4796.0 time, 4870.5 real, 130.7 MB
[runlim] sample:		4805.8 time, 4880.5 real, 131.8 MB
[runlim] sample:		4815.8 time, 4890.5 real, 133.1 MB
[runlim] sample:		4825.8 time, 4900.5 real, 133.8 MB
[runlim] sample:		4835.5 time, 4910.5 real, 134.1 MB
[runlim] sample:		4845.3 time, 4920.5 real, 134.5 MB
[runlim] sample:		4855.1 time, 4930.5 real, 135.2 MB
[runlim] sample:		4865.0 time, 4940.5 real, 134.6 MB
[runlim] sample:		4875.0 time, 4950.5 real, 133.7 MB
[runlim] sample:		4885.0 time, 4960.5 real, 129.8 MB
[runlim] sample:		4894.9 time, 4970.5 real, 130.7 MB
[runlim] sample:		4904.8 time, 4980.5 real, 131.9 MB
[runlim] sample:		4914.8 time, 4990.5 real, 132.9 MB
[runlim] sample:		4924.7 time, 5000.5 real, 130.7 MB
[runlim] sample:		4934.4 time, 5010.5 real, 131.6 MB
[runlim] sample:		4944.2 time, 5020.5 real, 132.4 MB
[runlim] sample:		4954.1 time, 5030.5 real, 133.2 MB
[runlim] sample:		4964.0 time, 5040.5 real, 133.6 MB
[runlim] sample:		4974.0 time, 5050.5 real, 128.3 MB
[runlim] sample:		4983.6 time, 5060.5 real, 128.9 MB
[runlim] sample:		4993.4 time, 5070.5 real, 129.9 MB
[runlim] sample:		5003.3 time, 5080.5 real, 130.3 MB
[runlim] sample:		5013.2 time, 5090.5 real, 146.5 MB
[runlim] sample:		5023.0 time, 5100.5 real, 163.4 MB
[runlim] sample:		5032.9 time, 5110.5 real, 165.0 MB
[runlim] sample:		5042.7 time, 5120.5 real, 165.8 MB
[runlim] sample:		5052.6 time, 5130.5 real, 165.8 MB
[runlim] sample:		5062.5 time, 5140.5 real, 165.8 MB
[runlim] sample:		5072.4 time, 5150.5 real, 165.8 MB
[runlim] sample:		5082.4 time, 5160.5 real, 167.1 MB
[runlim] sample:		5092.3 time, 5170.5 real, 170.3 MB
[runlim] sample:		5102.2 time, 5180.5 real, 170.3 MB
[runlim] sample:		5112.2 time, 5190.5 real, 170.3 MB
[runlim] sample:		5122.2 time, 5200.5 real, 170.3 MB
[runlim] sample:		5132.1 time, 5210.5 real, 170.4 MB
[runlim] sample:		5142.1 time, 5220.5 real, 170.4 MB
[runlim] sample:		5151.9 time, 5230.5 real, 170.4 MB
[runlim] sample:		5161.9 time, 5240.5 real, 170.4 MB
[runlim] sample:		5171.8 time, 5250.5 real, 170.4 MB
[runlim] sample:		5181.6 time, 5260.5 real, 170.4 MB
[runlim] sample:		5191.6 time, 5270.5 real, 171.4 MB
[runlim] sample:		5201.2 time, 5280.5 real, 171.6 MB
[runlim] sample:		5211.2 time, 5290.5 real, 171.6 MB
[runlim] sample:		5221.1 time, 5300.5 real, 171.6 MB
[runlim] sample:		5231.1 time, 5310.5 real, 171.6 MB
[runlim] sample:		5241.1 time, 5320.6 real, 171.6 MB
[runlim] sample:		5250.8 time, 5330.5 real, 171.6 MB
[runlim] sample:		5260.7 time, 5340.5 real, 172.1 MB
[runlim] sample:		5270.7 time, 5350.5 real, 172.4 MB
[runlim] sample:		5280.6 time, 5360.5 real, 174.3 MB
[runlim] sample:		5290.6 time, 5370.5 real, 174.3 MB
[runlim] sample:		5300.5 time, 5380.5 real, 174.5 MB
[runlim] sample:		5310.3 time, 5390.5 real, 174.5 MB
[runlim] sample:		5320.2 time, 5400.5 real, 174.5 MB
[runlim] sample:		5329.9 time, 5410.5 real, 174.8 MB
[runlim] sample:		5339.6 time, 5420.5 real, 175.5 MB
[runlim] sample:		5349.6 time, 5430.5 real, 177.4 MB
[runlim] sample:		5359.5 time, 5440.5 real, 177.6 MB
[runlim] sample:		5369.4 time, 5450.5 real, 177.8 MB
[runlim] sample:		5379.3 time, 5460.5 real, 198.6 MB
[runlim] sample:		5389.3 time, 5470.5 real, 198.6 MB
[runlim] sample:		5399.2 time, 5480.5 real, 198.6 MB
[runlim] sample:		5409.0 time, 5490.5 real, 198.6 MB
[runlim] sample:		5419.0 time, 5500.5 real, 198.8 MB
[runlim] sample:		5428.9 time, 5510.5 real, 198.8 MB
[runlim] sample:		5438.8 time, 5520.5 real, 198.8 MB
[runlim] sample:		5448.6 time, 5530.5 real, 198.8 MB
[runlim] sample:		5458.6 time, 5540.5 real, 198.8 MB
[runlim] sample:		5468.5 time, 5550.5 real, 199.6 MB
[runlim] sample:		5478.5 time, 5560.5 real, 199.6 MB
[runlim] sample:		5488.3 time, 5570.5 real, 199.6 MB
[runlim] sample:		5498.2 time, 5580.5 real, 199.6 MB
[runlim] sample:		5508.2 time, 5590.5 real, 151.0 MB
[runlim] sample:		5518.2 time, 5600.5 real, 151.0 MB
[runlim] sample:		5528.1 time, 5610.5 real, 151.1 MB
[runlim] sample:		5538.1 time, 5620.5 real, 151.6 MB
[runlim] sample:		5548.1 time, 5630.5 real, 151.6 MB
[runlim] sample:		5558.1 time, 5640.5 real, 152.0 MB
[runlim] sample:		5568.0 time, 5650.5 real, 152.2 MB
[runlim] sample:		5577.9 time, 5660.5 real, 160.1 MB
[runlim] sample:		5587.9 time, 5670.5 real, 160.1 MB
[runlim] sample:		5597.8 time, 5680.5 real, 160.2 MB
[runlim] sample:		5607.4 time, 5690.5 real, 160.5 MB
[runlim] sample:		5617.4 time, 5700.5 real, 197.7 MB
[runlim] sample:		5627.3 time, 5710.5 real, 205.2 MB
[runlim] sample:		5637.0 time, 5720.5 real, 206.7 MB
[runlim] sample:		5646.9 time, 5730.5 real, 206.7 MB
[runlim] sample:		5656.9 time, 5740.5 real, 206.7 MB
[runlim] sample:		5666.9 time, 5750.5 real, 206.8 MB
[runlim] sample:		5676.9 time, 5760.5 real, 207.2 MB
[runlim] sample:		5686.7 time, 5770.5 real, 207.3 MB
[runlim] sample:		5696.7 time, 5780.5 real, 207.3 MB
[runlim] sample:		5706.5 time, 5790.5 real, 207.3 MB
[runlim] sample:		5716.4 time, 5800.5 real, 207.3 MB
[runlim] sample:		5726.3 time, 5810.5 real, 207.3 MB
[runlim] sample:		5736.3 time, 5820.5 real, 207.3 MB
[runlim] sample:		5746.3 time, 5830.5 real, 207.3 MB
[runlim] sample:		5756.1 time, 5840.5 real, 207.3 MB
[runlim] sample:		5766.1 time, 5850.5 real, 207.3 MB
[runlim] sample:		5775.9 time, 5860.5 real, 207.3 MB
[runlim] sample:		5785.8 time, 5870.5 real, 207.3 MB
[runlim] sample:		5795.8 time, 5880.5 real, 207.3 MB
[runlim] sample:		5805.7 time, 5890.5 real, 207.3 MB
[runlim] sample:		5815.7 time, 5900.5 real, 207.3 MB
[runlim] sample:		5825.6 time, 5910.5 real, 148.2 MB
[runlim] sample:		5835.5 time, 5920.5 real, 148.2 MB
[runlim] sample:		5845.3 time, 5930.5 real, 148.4 MB
[runlim] sample:		5855.3 time, 5940.5 real, 148.4 MB
[runlim] sample:		5865.2 time, 5950.5 real, 148.4 MB
[runlim] sample:		5875.2 time, 5960.5 real, 148.4 MB
[runlim] sample:		5885.1 time, 5970.5 real, 148.6 MB
[runlim] sample:		5895.1 time, 5980.5 real, 156.6 MB
[runlim] sample:		5904.8 time, 5990.5 real, 156.9 MB
[runlim] sample:		5914.7 time, 6000.5 real, 158.4 MB
[runlim] sample:		5924.4 time, 6010.5 real, 187.5 MB
[runlim] sample:		5934.3 time, 6020.5 real, 203.7 MB
[runlim] sample:		5944.2 time, 6030.5 real, 202.2 MB
[runlim] sample:		5954.1 time, 6040.5 real, 202.7 MB
[runlim] sample:		5963.9 time, 6050.5 real, 202.7 MB
[runlim] sample:		5973.9 time, 6060.5 real, 202.9 MB
[runlim] sample:		5983.9 time, 6070.5 real, 203.2 MB
[runlim] sample:		5993.9 time, 6080.5 real, 203.4 MB
[runlim] sample:		6003.9 time, 6090.5 real, 203.5 MB
[runlim] sample:		6013.8 time, 6100.5 real, 203.7 MB
[runlim] sample:		6023.8 time, 6110.5 real, 203.7 MB
[runlim] sample:		6033.7 time, 6120.5 real, 203.8 MB
[runlim] sample:		6043.7 time, 6130.5 real, 204.0 MB
[runlim] sample:		6053.7 time, 6140.5 real, 209.4 MB
[runlim] sample:		6063.6 time, 6150.5 real, 210.9 MB
[runlim] sample:		6073.4 time, 6160.5 real, 211.1 MB
[runlim] sample:		6083.3 time, 6170.5 real, 211.1 MB
[runlim] sample:		6093.1 time, 6180.5 real, 211.2 MB
[runlim] sample:		6102.9 time, 6190.5 real, 211.2 MB
[runlim] sample:		6112.9 time, 6200.5 real, 211.2 MB
[runlim] sample:		6122.8 time, 6210.5 real, 211.2 MB
[runlim] sample:		6132.7 time, 6220.5 real, 211.2 MB
[runlim] sample:		6142.6 time, 6230.5 real, 211.3 MB
[runlim] sample:		6152.6 time, 6240.5 real, 211.4 MB
[runlim] sample:		6162.6 time, 6250.5 real, 215.9 MB
[runlim] sample:		6172.5 time, 6260.5 real, 216.8 MB
[runlim] sample:		6182.4 time, 6270.5 real, 181.0 MB
[runlim] sample:		6192.3 time, 6280.5 real, 181.0 MB
[runlim] sample:		6202.2 time, 6290.5 real, 181.0 MB
[runlim] sample:		6212.2 time, 6300.5 real, 177.3 MB
[runlim] sample:		6222.1 time, 6310.5 real, 177.3 MB
[runlim] sample:		6231.9 time, 6320.5 real, 177.3 MB
[runlim] sample:		6241.8 time, 6330.5 real, 177.3 MB
[runlim] sample:		6251.7 time, 6340.5 real, 177.3 MB
[runlim] sample:		6261.6 time, 6350.5 real, 177.3 MB
[runlim] sample:		6271.6 time, 6360.5 real, 177.3 MB
[runlim] sample:		6281.5 time, 6370.5 real, 177.3 MB
[runlim] sample:		6291.4 time, 6380.5 real, 196.3 MB
[runlim] sample:		6301.4 time, 6390.5 real, 213.4 MB
[runlim] sample:		6311.3 time, 6400.5 real, 218.7 MB
[runlim] sample:		6321.2 time, 6410.5 real, 146.8 MB
[runlim] sample:		6331.2 time, 6420.5 real, 149.3 MB
[runlim] sample:		6341.2 time, 6430.5 real, 148.1 MB
[runlim] sample:		6351.0 time, 6440.5 real, 148.4 MB
[runlim] sample:		6360.9 time, 6450.5 real, 149.2 MB
[runlim] sample:		6370.8 time, 6460.5 real, 150.3 MB
[runlim] sample:		6380.6 time, 6470.5 real, 152.1 MB
[runlim] sample:		6390.6 time, 6480.5 real, 152.6 MB
[runlim] sample:		6400.4 time, 6490.5 real, 153.8 MB
[runlim] sample:		6410.3 time, 6500.5 real, 156.4 MB
[runlim] sample:		6420.1 time, 6510.5 real, 181.8 MB
[runlim] sample:		6430.1 time, 6520.5 real, 188.1 MB
[runlim] sample:		6439.9 time, 6530.5 real, 140.5 MB
[runlim] sample:		6449.5 time, 6540.5 real, 140.5 MB
[runlim] end:			Mon May 11 05:08:49 2026
[runlim] status:		ok
[runlim] result:		0
[runlim] children:		0
[runlim] real:			6542.76 seconds
[runlim] time:			6451.58 seconds
[runlim] space:			223.4 MB
[runlim] samples:		65422
