[runlim] version:		1.10
[runlim] time limit:		311040000 seconds
[runlim] real time limit:	36000 seconds
[runlim] space limit:		15860 MB
[runlim] argv[0]:		python
[runlim] argv[1]:		run_benchmark_P.py
[runlim] argv[2]:		pysat
[runlim] start:			Mon May 11 03:19:47 2026
[runlim] main pid:		19229
[runlim] sample:		9.3 time, 10.5 real, 52.3 MB
[runlim] sample:		18.5 time, 20.5 real, 52.3 MB
[runlim] sample:		27.7 time, 30.5 real, 52.3 MB
[runlim] sample:		37.3 time, 40.5 real, 52.3 MB
[runlim] sample:		46.5 time, 50.5 real, 52.3 MB
[runlim] sample:		55.5 time, 60.5 real, 52.3 MB
[runlim] sample:		64.6 time, 70.5 real, 52.3 MB
[runlim] sample:		74.4 time, 80.5 real, 52.3 MB
[runlim] sample:		84.4 time, 90.5 real, 52.3 MB
[runlim] sample:		94.2 time, 100.5 real, 52.3 MB
[runlim] sample:		104.2 time, 110.5 real, 52.3 MB
[runlim] sample:		114.1 time, 120.5 real, 52.3 MB
[runlim] sample:		124.1 time, 130.5 real, 52.3 MB
[runlim] sample:		134.1 time, 140.5 real, 52.3 MB
[runlim] sample:		144.1 time, 150.5 real, 52.3 MB
[runlim] sample:		153.9 time, 160.5 real, 52.3 MB
[runlim] sample:		163.7 time, 170.5 real, 52.3 MB
[runlim] sample:		173.3 time, 180.5 real, 113.5 MB
[runlim] sample:		183.3 time, 190.5 real, 128.3 MB
[runlim] sample:		193.2 time, 200.5 real, 126.3 MB
[runlim] sample:		203.2 time, 210.5 real, 127.6 MB
[runlim] sample:		213.0 time, 220.5 real, 128.9 MB
[runlim] sample:		223.0 time, 230.5 real, 130.9 MB
[runlim] sample:		173.4 time, 240.5 real, 112.3 MB
[runlim] sample:		183.3 time, 250.5 real, 122.0 MB
[runlim] sample:		193.2 time, 260.5 real, 119.8 MB
[runlim] sample:		203.1 time, 270.5 real, 121.5 MB
[runlim] sample:		213.1 time, 280.5 real, 129.1 MB
[runlim] sample:		222.9 time, 290.5 real, 130.9 MB
[runlim] sample:		173.3 time, 300.5 real, 113.3 MB
[runlim] sample:		183.2 time, 310.5 real, 115.7 MB
[runlim] sample:		193.0 time, 320.5 real, 124.4 MB
[runlim] sample:		202.9 time, 330.5 real, 126.6 MB
[runlim] sample:		212.8 time, 340.5 real, 127.5 MB
[runlim] sample:		222.8 time, 350.5 real, 129.0 MB
[runlim] sample:		173.3 time, 360.5 real, 114.1 MB
[runlim] sample:		183.2 time, 370.5 real, 122.5 MB
[runlim] sample:		193.1 time, 380.5 real, 123.9 MB
[runlim] sample:		203.0 time, 390.5 real, 125.5 MB
[runlim] sample:		212.9 time, 400.5 real, 129.2 MB
[runlim] sample:		222.8 time, 410.5 real, 135.3 MB
[runlim] sample:		173.3 time, 420.5 real, 117.3 MB
[runlim] sample:		183.2 time, 430.5 real, 115.3 MB
[runlim] sample:		193.0 time, 440.5 real, 125.4 MB
[runlim] sample:		202.8 time, 450.5 real, 133.6 MB
[runlim] sample:		212.7 time, 460.5 real, 141.2 MB
[runlim] sample:		222.7 time, 470.5 real, 141.7 MB
[runlim] sample:		173.4 time, 480.5 real, 120.8 MB
[runlim] sample:		183.3 time, 490.5 real, 122.3 MB
[runlim] sample:		193.2 time, 500.5 real, 124.2 MB
[runlim] sample:		203.1 time, 510.5 real, 132.6 MB
[runlim] sample:		212.9 time, 520.5 real, 140.1 MB
[runlim] sample:		222.8 time, 530.5 real, 140.3 MB
[runlim] sample:		173.3 time, 540.5 real, 113.7 MB
[runlim] sample:		183.2 time, 550.5 real, 118.7 MB
[runlim] sample:		173.0 time, 560.5 real, 117.8 MB
[runlim] sample:		182.9 time, 570.5 real, 116.0 MB
[runlim] sample:		192.8 time, 580.5 real, 125.9 MB
[runlim] sample:		202.8 time, 590.5 real, 134.4 MB
[runlim] sample:		212.7 time, 600.5 real, 141.9 MB
[runlim] sample:		222.5 time, 610.5 real, 141.9 MB
[runlim] sample:		172.9 time, 620.5 real, 110.1 MB
[runlim] sample:		182.8 time, 630.5 real, 115.0 MB
[runlim] sample:		192.6 time, 640.5 real, 118.8 MB
[runlim] sample:		202.6 time, 650.5 real, 121.5 MB
[runlim] sample:		212.5 time, 660.5 real, 128.1 MB
[runlim] sample:		222.3 time, 670.5 real, 135.4 MB
[runlim] sample:		167.8 time, 680.6 real, 109.0 MB
[runlim] sample:		177.8 time, 690.5 real, 118.4 MB
[runlim] sample:		187.7 time, 700.5 real, 124.9 MB
[runlim] sample:		197.6 time, 710.5 real, 125.3 MB
[runlim] sample:		207.2 time, 720.5 real, 125.7 MB
[runlim] sample:		217.0 time, 730.5 real, 140.3 MB
[runlim] sample:		167.9 time, 740.5 real, 114.2 MB
[runlim] sample:		177.5 time, 750.5 real, 121.2 MB
[runlim] sample:		187.4 time, 760.5 real, 129.5 MB
[runlim] sample:		197.3 time, 770.6 real, 132.9 MB
[runlim] sample:		207.2 time, 780.5 real, 135.9 MB
[runlim] sample:		217.0 time, 790.5 real, 126.3 MB
[runlim] sample:		167.9 time, 800.5 real, 106.5 MB
[runlim] sample:		177.8 time, 810.5 real, 116.8 MB
[runlim] sample:		187.7 time, 820.5 real, 122.2 MB
[runlim] sample:		197.6 time, 830.5 real, 122.4 MB
[runlim] sample:		207.6 time, 840.6 real, 122.7 MB
[runlim] sample:		217.5 time, 850.5 real, 129.2 MB
[runlim] sample:		167.9 time, 860.5 real, 114.1 MB
[runlim] sample:		177.8 time, 870.5 real, 125.0 MB
[runlim] sample:		187.7 time, 880.5 real, 130.4 MB
[runlim] sample:		197.5 time, 890.5 real, 130.7 MB
[runlim] sample:		207.4 time, 900.5 real, 120.9 MB
[runlim] sample:		217.4 time, 910.5 real, 135.4 MB
[runlim] sample:		167.9 time, 920.5 real, 113.8 MB
[runlim] sample:		177.8 time, 930.5 real, 115.0 MB
[runlim] sample:		187.8 time, 940.5 real, 127.3 MB
[runlim] sample:		197.7 time, 950.5 real, 129.1 MB
[runlim] sample:		207.7 time, 960.5 real, 130.8 MB
[runlim] sample:		217.7 time, 970.5 real, 138.7 MB
[runlim] sample:		167.9 time, 980.5 real, 106.6 MB
[runlim] sample:		177.8 time, 990.5 real, 114.3 MB
[runlim] sample:		187.8 time, 1000.5 real, 112.1 MB
[runlim] sample:		173.5 time, 1010.5 real, 108.6 MB
[runlim] sample:		183.5 time, 1020.5 real, 115.9 MB
[runlim] sample:		193.4 time, 1030.5 real, 122.3 MB
[runlim] sample:		203.4 time, 1040.5 real, 122.4 MB
[runlim] sample:		173.9 time, 1050.5 real, 114.4 MB
[runlim] sample:		166.0 time, 1060.5 real, 105.1 MB
[runlim] sample:		176.0 time, 1070.5 real, 113.9 MB
[runlim] sample:		185.9 time, 1080.5 real, 121.4 MB
[runlim] sample:		195.9 time, 1090.5 real, 123.0 MB
[runlim] sample:		205.8 time, 1100.5 real, 126.9 MB
[runlim] sample:		215.8 time, 1110.5 real, 129.8 MB
[runlim] sample:		166.0 time, 1120.5 real, 106.8 MB
[runlim] sample:		176.0 time, 1130.6 real, 119.1 MB
[runlim] sample:		185.4 time, 1140.5 real, 126.4 MB
[runlim] sample:		195.4 time, 1150.5 real, 129.1 MB
[runlim] sample:		205.4 time, 1160.5 real, 130.2 MB
[runlim] sample:		215.4 time, 1170.5 real, 130.9 MB
[runlim] sample:		165.9 time, 1180.5 real, 101.2 MB
[runlim] sample:		171.8 time, 1190.5 real, 119.8 MB
[runlim] sample:		181.7 time, 1200.5 real, 127.9 MB
[runlim] sample:		191.4 time, 1210.5 real, 130.2 MB
[runlim] sample:		201.3 time, 1220.5 real, 131.4 MB
[runlim] sample:		211.2 time, 1230.5 real, 132.5 MB
[runlim] sample:		168.5 time, 1240.5 real, 53.6 MB
[runlim] sample:		178.4 time, 1250.5 real, 53.6 MB
[runlim] sample:		188.3 time, 1260.5 real, 53.6 MB
[runlim] sample:		198.3 time, 1270.5 real, 53.6 MB
[runlim] sample:		208.0 time, 1280.5 real, 53.6 MB
[runlim] sample:		218.0 time, 1290.5 real, 53.6 MB
[runlim] sample:		228.0 time, 1300.5 real, 53.6 MB
[runlim] sample:		237.9 time, 1310.5 real, 53.6 MB
[runlim] sample:		247.8 time, 1320.5 real, 53.6 MB
[runlim] sample:		257.8 time, 1330.5 real, 53.6 MB
[runlim] sample:		267.7 time, 1340.5 real, 53.6 MB
[runlim] sample:		277.7 time, 1350.5 real, 53.6 MB
[runlim] sample:		287.3 time, 1360.5 real, 53.6 MB
[runlim] sample:		297.2 time, 1370.5 real, 53.6 MB
[runlim] sample:		307.2 time, 1380.5 real, 53.6 MB
[runlim] sample:		317.1 time, 1390.5 real, 53.6 MB
[runlim] sample:		327.1 time, 1400.5 real, 53.6 MB
[runlim] sample:		337.0 time, 1410.5 real, 53.6 MB
[runlim] sample:		346.9 time, 1420.5 real, 53.6 MB
[runlim] sample:		356.9 time, 1430.5 real, 53.6 MB
[runlim] sample:		366.8 time, 1440.5 real, 53.6 MB
[runlim] sample:		376.6 time, 1450.5 real, 53.6 MB
[runlim] sample:		386.6 time, 1460.5 real, 53.6 MB
[runlim] sample:		396.6 time, 1470.5 real, 53.6 MB
[runlim] sample:		406.6 time, 1480.5 real, 53.6 MB
[runlim] sample:		416.5 time, 1490.5 real, 53.6 MB
[runlim] sample:		426.5 time, 1500.5 real, 53.6 MB
[runlim] sample:		436.4 time, 1510.5 real, 53.6 MB
[runlim] sample:		446.2 time, 1520.5 real, 53.6 MB
[runlim] sample:		456.2 time, 1530.5 real, 53.6 MB
[runlim] sample:		466.1 time, 1540.5 real, 53.6 MB
[runlim] sample:		476.0 time, 1550.5 real, 53.6 MB
[runlim] sample:		486.0 time, 1560.5 real, 53.6 MB
[runlim] sample:		495.9 time, 1570.5 real, 53.6 MB
[runlim] sample:		505.8 time, 1580.5 real, 53.6 MB
[runlim] sample:		515.5 time, 1590.5 real, 53.6 MB
[runlim] sample:		525.5 time, 1600.5 real, 53.6 MB
[runlim] sample:		535.4 time, 1610.5 real, 53.6 MB
[runlim] sample:		545.4 time, 1620.5 real, 53.6 MB
[runlim] sample:		554.7 time, 1630.5 real, 110.5 MB
[runlim] sample:		564.6 time, 1640.5 real, 115.9 MB
[runlim] sample:		574.5 time, 1650.5 real, 122.4 MB
[runlim] sample:		584.4 time, 1660.5 real, 122.3 MB
[runlim] sample:		594.4 time, 1670.5 real, 126.5 MB
[runlim] sample:		604.3 time, 1680.5 real, 131.6 MB
[runlim] sample:		614.2 time, 1690.5 real, 133.5 MB
[runlim] sample:		552.9 time, 1700.5 real, 119.9 MB
[runlim] sample:		562.8 time, 1710.5 real, 131.2 MB
[runlim] sample:		572.6 time, 1720.5 real, 133.3 MB
[runlim] sample:		582.5 time, 1730.5 real, 140.8 MB
[runlim] sample:		592.4 time, 1740.5 real, 142.1 MB
[runlim] sample:		602.3 time, 1750.5 real, 149.6 MB
[runlim] sample:		612.2 time, 1760.5 real, 150.1 MB
[runlim] sample:		550.8 time, 1770.5 real, 110.9 MB
[runlim] sample:		560.7 time, 1780.5 real, 135.1 MB
[runlim] sample:		570.5 time, 1790.5 real, 137.1 MB
[runlim] sample:		580.4 time, 1800.5 real, 142.9 MB
[runlim] sample:		590.2 time, 1810.5 real, 143.2 MB
[runlim] sample:		600.2 time, 1820.5 real, 146.1 MB
[runlim] sample:		610.1 time, 1830.5 real, 146.5 MB
[runlim] sample:		620.1 time, 1840.5 real, 147.1 MB
[runlim] sample:		558.7 time, 1850.5 real, 140.0 MB
[runlim] sample:		568.6 time, 1860.5 real, 144.2 MB
[runlim] sample:		578.1 time, 1870.5 real, 154.9 MB
[runlim] sample:		588.0 time, 1880.5 real, 156.3 MB
[runlim] sample:		597.8 time, 1890.5 real, 158.4 MB
[runlim] sample:		607.7 time, 1900.5 real, 159.4 MB
[runlim] sample:		617.6 time, 1910.5 real, 160.1 MB
[runlim] sample:		556.8 time, 1920.5 real, 119.3 MB
[runlim] sample:		566.7 time, 1930.5 real, 124.8 MB
[runlim] sample:		576.6 time, 1940.5 real, 124.9 MB
[runlim] sample:		586.5 time, 1950.5 real, 128.3 MB
[runlim] sample:		596.4 time, 1960.5 real, 129.0 MB
[runlim] sample:		606.3 time, 1970.5 real, 136.6 MB
[runlim] sample:		550.9 time, 1980.5 real, 122.2 MB
[runlim] sample:		560.9 time, 1990.5 real, 135.7 MB
[runlim] sample:		570.8 time, 2000.5 real, 145.3 MB
[runlim] sample:		580.6 time, 2010.5 real, 148.8 MB
[runlim] sample:		590.4 time, 2020.5 real, 150.4 MB
[runlim] sample:		600.4 time, 2030.5 real, 152.5 MB
[runlim] sample:		610.3 time, 2040.5 real, 157.8 MB
[runlim] sample:		620.1 time, 2050.5 real, 167.0 MB
[runlim] sample:		558.7 time, 2060.5 real, 127.6 MB
[runlim] sample:		568.7 time, 2070.5 real, 139.2 MB
[runlim] sample:		578.5 time, 2080.5 real, 141.6 MB
[runlim] sample:		588.4 time, 2090.5 real, 144.7 MB
[runlim] sample:		598.3 time, 2100.5 real, 145.7 MB
[runlim] sample:		608.2 time, 2110.5 real, 156.3 MB
[runlim] sample:		618.1 time, 2120.5 real, 166.4 MB
[runlim] sample:		556.6 time, 2130.5 real, 139.7 MB
[runlim] sample:		566.4 time, 2140.5 real, 152.8 MB
[runlim] sample:		576.2 time, 2150.5 real, 156.1 MB
[runlim] sample:		586.2 time, 2160.5 real, 159.1 MB
[runlim] sample:		596.1 time, 2170.5 real, 170.6 MB
[runlim] sample:		605.8 time, 2180.5 real, 173.7 MB
[runlim] sample:		615.7 time, 2190.5 real, 174.9 MB
[runlim] sample:		553.5 time, 2200.5 real, 118.1 MB
[runlim] sample:		563.4 time, 2210.5 real, 124.8 MB
[runlim] sample:		573.4 time, 2220.5 real, 126.9 MB
[runlim] sample:		558.9 time, 2230.5 real, 136.1 MB
[runlim] sample:		568.8 time, 2240.5 real, 131.8 MB
[runlim] sample:		578.6 time, 2250.5 real, 149.6 MB
[runlim] sample:		588.4 time, 2260.6 real, 151.6 MB
[runlim] sample:		598.2 time, 2270.5 real, 153.5 MB
[runlim] sample:		608.2 time, 2280.5 real, 161.2 MB
[runlim] sample:		618.1 time, 2290.5 real, 162.8 MB
[runlim] sample:		556.9 time, 2300.5 real, 118.7 MB
[runlim] sample:		566.8 time, 2310.6 real, 118.7 MB
[runlim] sample:		576.4 time, 2320.5 real, 134.0 MB
[runlim] sample:		586.2 time, 2330.5 real, 136.5 MB
[runlim] sample:		596.1 time, 2340.5 real, 138.9 MB
[runlim] sample:		606.0 time, 2350.5 real, 140.2 MB
[runlim] sample:		615.9 time, 2360.5 real, 148.0 MB
[runlim] sample:		554.6 time, 2370.5 real, 119.1 MB
[runlim] sample:		564.4 time, 2380.5 real, 131.7 MB
[runlim] sample:		574.1 time, 2390.5 real, 146.2 MB
[runlim] sample:		584.0 time, 2400.5 real, 148.7 MB
[runlim] sample:		593.9 time, 2410.5 real, 150.0 MB
[runlim] sample:		603.9 time, 2420.5 real, 151.8 MB
[runlim] sample:		613.8 time, 2430.5 real, 162.6 MB
[runlim] sample:		555.4 time, 2440.5 real, 53.6 MB
[runlim] sample:		565.3 time, 2450.5 real, 53.6 MB
[runlim] sample:		575.1 time, 2460.5 real, 53.6 MB
[runlim] sample:		585.0 time, 2470.5 real, 53.6 MB
[runlim] sample:		594.9 time, 2480.5 real, 53.6 MB
[runlim] sample:		604.7 time, 2490.5 real, 53.6 MB
[runlim] sample:		614.5 time, 2500.5 real, 53.6 MB
[runlim] sample:		624.0 time, 2510.5 real, 118.7 MB
[runlim] sample:		633.7 time, 2520.5 real, 129.1 MB
[runlim] sample:		643.2 time, 2530.5 real, 136.8 MB
[runlim] sample:		653.0 time, 2540.5 real, 132.5 MB
[runlim] sample:		662.8 time, 2550.5 real, 133.3 MB
[runlim] sample:		672.8 time, 2560.5 real, 135.5 MB
[runlim] sample:		620.9 time, 2570.5 real, 121.6 MB
[runlim] sample:		630.6 time, 2580.5 real, 138.3 MB
[runlim] sample:		640.4 time, 2590.5 real, 140.2 MB
[runlim] sample:		650.4 time, 2600.5 real, 144.5 MB
[runlim] sample:		660.2 time, 2610.5 real, 145.1 MB
[runlim] sample:		670.1 time, 2620.5 real, 155.0 MB
[runlim] sample:		618.0 time, 2630.5 real, 107.8 MB
[runlim] sample:		627.8 time, 2640.5 real, 117.8 MB
[runlim] sample:		637.8 time, 2650.5 real, 119.9 MB
[runlim] sample:		647.6 time, 2660.5 real, 124.2 MB
[runlim] sample:		657.6 time, 2670.5 real, 127.5 MB
[runlim] sample:		667.2 time, 2680.5 real, 133.4 MB
[runlim] sample:		677.0 time, 2690.5 real, 134.5 MB
[runlim] sample:		624.7 time, 2700.5 real, 119.8 MB
[runlim] sample:		634.6 time, 2710.5 real, 125.2 MB
[runlim] sample:		644.5 time, 2720.5 real, 123.1 MB
[runlim] sample:		654.4 time, 2730.5 real, 134.9 MB
[runlim] sample:		664.4 time, 2740.5 real, 135.2 MB
[runlim] sample:		674.2 time, 2750.5 real, 144.0 MB
[runlim] sample:		621.9 time, 2760.5 real, 124.3 MB
[runlim] sample:		631.8 time, 2770.5 real, 141.4 MB
[runlim] sample:		641.8 time, 2780.5 real, 145.6 MB
[runlim] sample:		651.7 time, 2790.5 real, 149.3 MB
[runlim] sample:		661.5 time, 2800.5 real, 151.5 MB
[runlim] sample:		671.3 time, 2810.5 real, 152.8 MB
[runlim] sample:		618.9 time, 2820.5 real, 117.7 MB
[runlim] sample:		628.9 time, 2830.5 real, 130.4 MB
[runlim] sample:		638.8 time, 2840.5 real, 133.2 MB
[runlim] sample:		648.8 time, 2850.5 real, 143.4 MB
[runlim] sample:		658.7 time, 2860.5 real, 144.3 MB
[runlim] sample:		668.6 time, 2870.5 real, 145.2 MB
[runlim] sample:		678.5 time, 2880.5 real, 154.2 MB
[runlim] sample:		625.9 time, 2890.5 real, 130.6 MB
[runlim] sample:		635.8 time, 2900.5 real, 139.9 MB
[runlim] sample:		645.7 time, 2910.5 real, 142.9 MB
[runlim] sample:		655.7 time, 2920.5 real, 150.4 MB
[runlim] sample:		665.6 time, 2930.5 real, 150.9 MB
[runlim] sample:		675.6 time, 2940.5 real, 150.9 MB
[runlim] sample:		622.9 time, 2950.5 real, 129.8 MB
[runlim] sample:		632.8 time, 2960.5 real, 131.1 MB
[runlim] sample:		642.8 time, 2970.5 real, 133.1 MB
[runlim] sample:		652.8 time, 2980.5 real, 139.3 MB
[runlim] sample:		662.7 time, 2990.5 real, 143.5 MB
[runlim] sample:		672.5 time, 3000.5 real, 146.0 MB
[runlim] sample:		619.8 time, 3010.5 real, 110.2 MB
[runlim] sample:		629.7 time, 3020.5 real, 118.3 MB
[runlim] sample:		639.7 time, 3030.5 real, 122.4 MB
[runlim] sample:		649.6 time, 3040.5 real, 123.9 MB
[runlim] sample:		659.5 time, 3050.5 real, 129.1 MB
[runlim] sample:		669.5 time, 3060.5 real, 132.6 MB
[runlim] sample:		616.9 time, 3070.5 real, 101.1 MB
[runlim] sample:		626.8 time, 3080.5 real, 113.4 MB
[runlim] sample:		636.7 time, 3090.5 real, 123.5 MB
[runlim] sample:		646.6 time, 3100.5 real, 124.0 MB
[runlim] sample:		656.6 time, 3110.5 real, 127.0 MB
[runlim] sample:		666.4 time, 3120.5 real, 127.5 MB
[runlim] sample:		676.3 time, 3130.5 real, 133.8 MB
[runlim] sample:		623.8 time, 3140.5 real, 113.8 MB
[runlim] sample:		633.7 time, 3150.5 real, 121.7 MB
[runlim] sample:		618.5 time, 3160.5 real, 128.2 MB
[runlim] sample:		628.5 time, 3170.5 real, 152.9 MB
[runlim] sample:		638.4 time, 3180.5 real, 165.8 MB
[runlim] sample:		648.3 time, 3190.5 real, 170.9 MB
[runlim] sample:		658.3 time, 3200.5 real, 172.1 MB
[runlim] sample:		668.2 time, 3210.5 real, 188.5 MB
[runlim] sample:		678.1 time, 3220.5 real, 192.2 MB
[runlim] sample:		625.5 time, 3230.5 real, 121.4 MB
[runlim] sample:		635.4 time, 3240.5 real, 128.6 MB
[runlim] sample:		645.4 time, 3250.5 real, 130.4 MB
[runlim] sample:		655.3 time, 3260.5 real, 139.0 MB
[runlim] sample:		665.3 time, 3270.5 real, 140.2 MB
[runlim] sample:		675.2 time, 3280.5 real, 141.1 MB
[runlim] sample:		622.5 time, 3290.5 real, 115.7 MB
[runlim] sample:		632.4 time, 3300.5 real, 126.3 MB
[runlim] sample:		642.3 time, 3310.5 real, 125.2 MB
[runlim] sample:		652.2 time, 3320.5 real, 128.7 MB
[runlim] sample:		662.2 time, 3330.5 real, 142.2 MB
[runlim] sample:		672.1 time, 3340.5 real, 137.2 MB
[runlim] sample:		619.5 time, 3350.5 real, 117.8 MB
[runlim] sample:		629.3 time, 3360.5 real, 128.1 MB
[runlim] sample:		639.2 time, 3370.5 real, 125.8 MB
[runlim] sample:		649.1 time, 3380.5 real, 141.6 MB
[runlim] sample:		659.1 time, 3390.5 real, 144.1 MB
[runlim] sample:		669.0 time, 3400.5 real, 148.2 MB
[runlim] sample:		616.5 time, 3410.5 real, 107.2 MB
[runlim] sample:		626.4 time, 3420.5 real, 137.9 MB
[runlim] sample:		636.2 time, 3430.5 real, 142.9 MB
[runlim] sample:		646.1 time, 3440.5 real, 151.7 MB
[runlim] sample:		656.0 time, 3450.5 real, 155.5 MB
[runlim] sample:		666.0 time, 3460.5 real, 156.7 MB
[runlim] sample:		675.9 time, 3470.5 real, 157.9 MB
[runlim] sample:		623.5 time, 3480.5 real, 120.7 MB
[runlim] sample:		633.4 time, 3490.5 real, 129.1 MB
[runlim] sample:		643.2 time, 3500.5 real, 121.2 MB
[runlim] sample:		653.2 time, 3510.5 real, 137.6 MB
[runlim] sample:		663.1 time, 3520.5 real, 141.3 MB
[runlim] sample:		673.0 time, 3530.5 real, 143.6 MB
[runlim] sample:		620.5 time, 3540.5 real, 120.8 MB
[runlim] sample:		630.4 time, 3550.5 real, 126.4 MB
[runlim] sample:		640.3 time, 3560.5 real, 134.4 MB
[runlim] sample:		650.2 time, 3570.5 real, 135.9 MB
[runlim] sample:		660.1 time, 3580.5 real, 139.3 MB
[runlim] sample:		670.1 time, 3590.5 real, 141.3 MB
[runlim] sample:		617.5 time, 3600.5 real, 112.1 MB
[runlim] sample:		627.3 time, 3610.5 real, 126.7 MB
[runlim] sample:		637.1 time, 3620.5 real, 130.3 MB
[runlim] sample:		647.1 time, 3630.5 real, 131.9 MB
[runlim] sample:		624.0 time, 3640.5 real, 53.9 MB
[runlim] sample:		633.9 time, 3650.5 real, 53.9 MB
[runlim] sample:		643.9 time, 3660.5 real, 53.9 MB
[runlim] sample:		653.7 time, 3670.5 real, 53.9 MB
[runlim] sample:		663.6 time, 3680.5 real, 53.9 MB
[runlim] sample:		673.5 time, 3690.5 real, 53.9 MB
[runlim] sample:		683.4 time, 3700.5 real, 53.9 MB
[runlim] sample:		693.2 time, 3710.5 real, 53.9 MB
[runlim] sample:		703.2 time, 3720.5 real, 53.9 MB
[runlim] sample:		713.1 time, 3730.5 real, 53.9 MB
[runlim] sample:		722.5 time, 3740.5 real, 112.4 MB
[runlim] sample:		732.3 time, 3750.5 real, 118.5 MB
[runlim] sample:		742.3 time, 3760.5 real, 124.9 MB
[runlim] sample:		752.0 time, 3770.5 real, 121.4 MB
[runlim] sample:		762.0 time, 3780.5 real, 131.6 MB
[runlim] sample:		772.0 time, 3790.5 real, 133.0 MB
[runlim] sample:		722.5 time, 3800.5 real, 100.3 MB
[runlim] sample:		729.8 time, 3810.5 real, 120.9 MB
[runlim] sample:		739.7 time, 3820.5 real, 121.5 MB
[runlim] sample:		749.3 time, 3830.5 real, 130.0 MB
[runlim] sample:		759.2 time, 3840.5 real, 122.4 MB
[runlim] sample:		769.1 time, 3850.5 real, 135.9 MB
[runlim] sample:		779.0 time, 3860.5 real, 141.1 MB
[runlim] sample:		729.8 time, 3870.5 real, 112.6 MB
[runlim] sample:		739.7 time, 3880.5 real, 119.7 MB
[runlim] sample:		749.6 time, 3890.5 real, 124.4 MB
[runlim] sample:		759.5 time, 3900.5 real, 124.6 MB
[runlim] sample:		769.4 time, 3910.5 real, 127.4 MB
[runlim] sample:		779.2 time, 3920.5 real, 128.0 MB
[runlim] sample:		729.6 time, 3930.5 real, 118.3 MB
[runlim] sample:		739.6 time, 3940.5 real, 137.3 MB
[runlim] sample:		749.4 time, 3950.5 real, 129.1 MB
[runlim] sample:		759.4 time, 3960.5 real, 129.7 MB
[runlim] sample:		769.3 time, 3970.5 real, 137.9 MB
[runlim] sample:		779.2 time, 3980.5 real, 139.1 MB
[runlim] sample:		729.8 time, 3990.5 real, 115.3 MB
[runlim] sample:		739.7 time, 4000.5 real, 121.0 MB
[runlim] sample:		749.5 time, 4010.5 real, 121.7 MB
[runlim] sample:		759.1 time, 4020.5 real, 127.4 MB
[runlim] sample:		769.1 time, 4030.5 real, 128.8 MB
[runlim] sample:		779.0 time, 4040.5 real, 129.0 MB
[runlim] sample:		729.8 time, 4050.5 real, 120.7 MB
[runlim] sample:		739.7 time, 4060.5 real, 125.1 MB
[runlim] sample:		749.7 time, 4070.5 real, 134.3 MB
[runlim] sample:		759.6 time, 4080.5 real, 135.3 MB
[runlim] sample:		769.5 time, 4090.5 real, 143.3 MB
[runlim] sample:		779.4 time, 4100.5 real, 143.3 MB
[runlim] sample:		729.7 time, 4110.5 real, 121.2 MB
[runlim] sample:		739.7 time, 4120.5 real, 126.4 MB
[runlim] sample:		749.7 time, 4130.5 real, 129.4 MB
[runlim] sample:		759.5 time, 4140.5 real, 137.7 MB
[runlim] sample:		769.3 time, 4150.5 real, 145.8 MB
[runlim] sample:		779.2 time, 4160.5 real, 146.1 MB
[runlim] sample:		729.6 time, 4170.5 real, 113.9 MB
[runlim] sample:		739.3 time, 4180.5 real, 123.6 MB
[runlim] sample:		749.1 time, 4190.5 real, 123.5 MB
[runlim] sample:		759.1 time, 4200.5 real, 125.2 MB
[runlim] sample:		769.0 time, 4210.5 real, 133.3 MB
[runlim] sample:		778.7 time, 4220.5 real, 141.5 MB
[runlim] sample:		729.7 time, 4230.5 real, 110.8 MB
[runlim] sample:		729.3 time, 4240.5 real, 118.3 MB
[runlim] sample:		739.2 time, 4250.5 real, 126.4 MB
[runlim] sample:		749.2 time, 4260.5 real, 127.3 MB
[runlim] sample:		759.1 time, 4270.5 real, 128.4 MB
[runlim] sample:		768.7 time, 4280.5 real, 129.2 MB
[runlim] sample:		778.6 time, 4290.5 real, 136.2 MB
[runlim] sample:		729.0 time, 4300.5 real, 115.4 MB
[runlim] sample:		738.7 time, 4310.5 real, 111.7 MB
[runlim] sample:		748.6 time, 4320.5 real, 123.7 MB
[runlim] sample:		758.6 time, 4330.5 real, 125.2 MB
[runlim] sample:		768.5 time, 4340.5 real, 133.0 MB
[runlim] sample:		778.4 time, 4350.5 real, 133.5 MB
[runlim] sample:		729.2 time, 4360.5 real, 121.2 MB
[runlim] sample:		739.2 time, 4370.5 real, 125.0 MB
[runlim] sample:		749.0 time, 4380.5 real, 129.5 MB
[runlim] sample:		759.0 time, 4390.5 real, 135.3 MB
[runlim] sample:		769.0 time, 4400.5 real, 138.0 MB
[runlim] sample:		778.9 time, 4410.5 real, 138.5 MB
[runlim] sample:		729.0 time, 4420.5 real, 115.5 MB
[runlim] sample:		738.8 time, 4430.5 real, 125.5 MB
[runlim] sample:		748.7 time, 4440.5 real, 119.1 MB
[runlim] sample:		758.6 time, 4450.5 real, 128.1 MB
[runlim] sample:		768.6 time, 4460.5 real, 128.6 MB
[runlim] sample:		778.5 time, 4470.5 real, 135.4 MB
[runlim] sample:		729.2 time, 4480.5 real, 121.4 MB
[runlim] sample:		739.2 time, 4490.5 real, 132.1 MB
[runlim] sample:		749.0 time, 4500.5 real, 132.4 MB
[runlim] sample:		758.9 time, 4510.5 real, 132.6 MB
[runlim] sample:		768.8 time, 4520.5 real, 147.1 MB
[runlim] sample:		778.7 time, 4530.5 real, 141.5 MB
[runlim] sample:		729.1 time, 4540.5 real, 113.4 MB
[runlim] sample:		739.0 time, 4550.5 real, 115.7 MB
[runlim] sample:		749.0 time, 4560.5 real, 120.3 MB
[runlim] sample:		759.0 time, 4570.5 real, 122.2 MB
[runlim] sample:		769.0 time, 4580.5 real, 130.3 MB
[runlim] sample:		726.6 time, 4590.5 real, 118.1 MB
[runlim] sample:		736.6 time, 4600.5 real, 129.4 MB
[runlim] sample:		746.3 time, 4610.5 real, 129.7 MB
[runlim] sample:		756.2 time, 4620.5 real, 140.6 MB
[runlim] sample:		766.1 time, 4630.5 real, 148.7 MB
[runlim] sample:		776.1 time, 4640.5 real, 148.7 MB
[runlim] sample:		726.7 time, 4650.5 real, 112.3 MB
[runlim] sample:		736.5 time, 4660.5 real, 125.7 MB
[runlim] sample:		746.4 time, 4670.5 real, 130.7 MB
[runlim] sample:		756.4 time, 4680.5 real, 130.9 MB
[runlim] sample:		765.8 time, 4690.5 real, 133.8 MB
[runlim] sample:		775.7 time, 4700.5 real, 127.3 MB
[runlim] sample:		726.7 time, 4710.5 real, 113.3 MB
[runlim] sample:		736.6 time, 4720.5 real, 120.7 MB
[runlim] sample:		746.4 time, 4730.5 real, 127.0 MB
[runlim] sample:		756.1 time, 4740.5 real, 127.0 MB
[runlim] sample:		766.0 time, 4750.5 real, 127.0 MB
[runlim] sample:		775.9 time, 4760.5 real, 130.1 MB
[runlim] sample:		726.6 time, 4770.5 real, 125.0 MB
[runlim] sample:		736.6 time, 4780.5 real, 140.8 MB
[runlim] sample:		746.4 time, 4790.5 real, 140.9 MB
[runlim] sample:		756.4 time, 4800.5 real, 142.7 MB
[runlim] sample:		766.3 time, 4810.5 real, 144.1 MB
[runlim] sample:		776.2 time, 4820.5 real, 145.8 MB
[runlim] sample:		726.6 time, 4830.5 real, 113.1 MB
[runlim] sample:		730.3 time, 4840.5 real, 54.0 MB
[runlim] sample:		740.0 time, 4850.5 real, 54.0 MB
[runlim] sample:		749.8 time, 4860.5 real, 104.2 MB
[runlim] sample:		752.3 time, 4870.5 real, 113.4 MB
[runlim] sample:		762.2 time, 4880.5 real, 115.4 MB
[runlim] sample:		772.1 time, 4890.5 real, 120.1 MB
[runlim] sample:		782.0 time, 4900.5 real, 121.1 MB
[runlim] sample:		791.9 time, 4910.5 real, 122.1 MB
[runlim] sample:		801.9 time, 4920.5 real, 130.4 MB
[runlim] sample:		744.4 time, 4930.5 real, 98.5 MB
[runlim] sample:		747.1 time, 4940.5 real, 103.7 MB
[runlim] sample:		746.5 time, 4950.5 real, 103.9 MB
[runlim] sample:		756.4 time, 4960.5 real, 112.9 MB
[runlim] sample:		766.4 time, 4970.5 real, 114.9 MB
[runlim] sample:		776.4 time, 4980.5 real, 119.6 MB
[runlim] sample:		786.3 time, 4990.5 real, 120.6 MB
[runlim] sample:		796.2 time, 5000.5 real, 128.6 MB
[runlim] sample:		746.3 time, 5010.5 real, 104.2 MB
[runlim] sample:		745.1 time, 5020.5 real, 103.0 MB
[runlim] sample:		754.9 time, 5030.5 real, 113.2 MB
[runlim] sample:		764.8 time, 5040.5 real, 115.5 MB
[runlim] sample:		774.8 time, 5050.5 real, 119.9 MB
[runlim] sample:		784.7 time, 5060.5 real, 122.0 MB
[runlim] sample:		794.6 time, 5070.5 real, 123.3 MB
[runlim] sample:		745.1 time, 5080.5 real, 100.5 MB
[runlim] sample:		755.0 time, 5090.5 real, 108.7 MB
[runlim] sample:		744.1 time, 5100.5 real, 99.8 MB
[runlim] sample:		754.0 time, 5110.5 real, 108.7 MB
[runlim] sample:		746.4 time, 5120.5 real, 101.6 MB
[runlim] sample:		750.8 time, 5130.5 real, 109.6 MB
[runlim] sample:		760.7 time, 5140.5 real, 115.6 MB
[runlim] sample:		770.6 time, 5150.5 real, 116.4 MB
[runlim] sample:		780.4 time, 5160.5 real, 120.9 MB
[runlim] sample:		790.4 time, 5170.5 real, 122.1 MB
[runlim] sample:		800.2 time, 5180.5 real, 130.4 MB
[runlim] sample:		750.7 time, 5190.5 real, 110.8 MB
[runlim] sample:		760.4 time, 5200.5 real, 116.0 MB
[runlim] sample:		770.3 time, 5210.5 real, 116.6 MB
[runlim] sample:		780.3 time, 5220.5 real, 121.7 MB
[runlim] sample:		790.1 time, 5230.5 real, 122.5 MB
[runlim] sample:		800.0 time, 5240.5 real, 131.0 MB
[runlim] sample:		744.8 time, 5250.5 real, 98.1 MB
[runlim] sample:		753.0 time, 5260.5 real, 112.7 MB
[runlim] sample:		762.8 time, 5270.5 real, 116.8 MB
[runlim] sample:		772.7 time, 5280.5 real, 119.2 MB
[runlim] sample:		782.6 time, 5290.5 real, 128.3 MB
[runlim] sample:		792.6 time, 5300.5 real, 134.7 MB
[runlim] sample:		802.5 time, 5310.5 real, 136.4 MB
[runlim] sample:		746.6 time, 5320.6 real, 106.1 MB
[runlim] sample:		756.4 time, 5330.5 real, 111.3 MB
[runlim] sample:		753.1 time, 5340.5 real, 108.0 MB
[runlim] sample:		746.9 time, 5350.5 real, 107.9 MB
[runlim] sample:		756.8 time, 5360.5 real, 116.6 MB
[runlim] sample:		744.6 time, 5370.5 real, 100.2 MB
[runlim] sample:		754.5 time, 5380.5 real, 108.8 MB
[runlim] sample:		746.2 time, 5390.5 real, 109.1 MB
[runlim] sample:		756.2 time, 5400.5 real, 117.2 MB
[runlim] sample:		766.0 time, 5410.5 real, 122.1 MB
[runlim] sample:		775.9 time, 5420.5 real, 126.5 MB
[runlim] sample:		785.9 time, 5430.5 real, 127.5 MB
[runlim] sample:		795.6 time, 5440.5 real, 136.0 MB
[runlim] sample:		746.2 time, 5450.5 real, 102.1 MB
[runlim] sample:		747.0 time, 5460.5 real, 111.9 MB
[runlim] sample:		756.9 time, 5470.5 real, 121.4 MB
[runlim] sample:		766.5 time, 5480.5 real, 121.9 MB
[runlim] sample:		776.2 time, 5490.5 real, 124.1 MB
[runlim] sample:		786.1 time, 5500.5 real, 125.1 MB
[runlim] sample:		795.9 time, 5510.5 real, 133.1 MB
[runlim] sample:		746.8 time, 5520.5 real, 103.9 MB
[runlim] sample:		756.7 time, 5530.5 real, 110.0 MB
[runlim] sample:		766.7 time, 5540.5 real, 117.1 MB
[runlim] sample:		747.6 time, 5550.5 real, 103.6 MB
[runlim] sample:		747.5 time, 5560.6 real, 105.9 MB
[runlim] sample:		757.5 time, 5570.5 real, 112.9 MB
[runlim] sample:		767.4 time, 5580.5 real, 118.5 MB
[runlim] sample:		751.3 time, 5590.5 real, 113.0 MB
[runlim] sample:		760.9 time, 5600.5 real, 118.8 MB
[runlim] sample:		770.9 time, 5610.5 real, 123.7 MB
[runlim] sample:		780.5 time, 5620.5 real, 125.1 MB
[runlim] sample:		790.2 time, 5630.5 real, 133.1 MB
[runlim] sample:		800.0 time, 5640.5 real, 141.1 MB
[runlim] sample:		744.2 time, 5650.5 real, 97.3 MB
[runlim] sample:		751.9 time, 5660.5 real, 111.2 MB
[runlim] sample:		761.8 time, 5670.5 real, 116.1 MB
[runlim] sample:		771.8 time, 5680.5 real, 120.4 MB
[runlim] sample:		781.7 time, 5690.5 real, 121.7 MB
[runlim] sample:		748.3 time, 5700.5 real, 108.2 MB
[runlim] sample:		758.0 time, 5710.5 real, 115.0 MB
[runlim] sample:		767.9 time, 5720.5 real, 117.0 MB
[runlim] sample:		777.8 time, 5730.5 real, 122.9 MB
[runlim] sample:		787.7 time, 5740.5 real, 123.8 MB
[runlim] sample:		797.5 time, 5750.5 real, 132.0 MB
[runlim] sample:		748.3 time, 5760.5 real, 104.5 MB
[runlim] sample:		749.8 time, 5770.5 real, 109.1 MB
[runlim] sample:		750.5 time, 5780.5 real, 110.6 MB
[runlim] sample:		760.4 time, 5790.5 real, 114.6 MB
[runlim] sample:		744.7 time, 5800.5 real, 102.3 MB
[runlim] sample:		754.6 time, 5810.5 real, 114.8 MB
[runlim] sample:		764.4 time, 5820.5 real, 117.1 MB
[runlim] sample:		745.8 time, 5830.5 real, 105.9 MB
[runlim] sample:		755.3 time, 5840.5 real, 115.2 MB
[runlim] sample:		765.3 time, 5850.5 real, 120.0 MB
[runlim] sample:		746.3 time, 5860.5 real, 104.8 MB
[runlim] sample:		756.2 time, 5870.5 real, 114.0 MB
[runlim] sample:		746.9 time, 5880.5 real, 104.3 MB
[runlim] sample:		748.3 time, 5890.5 real, 105.6 MB
[runlim] sample:		747.7 time, 5900.5 real, 107.8 MB
[runlim] sample:		749.8 time, 5910.5 real, 111.4 MB
[runlim] sample:		759.7 time, 5920.5 real, 118.8 MB
[runlim] sample:		769.5 time, 5930.5 real, 124.3 MB
[runlim] sample:		779.4 time, 5940.5 real, 119.6 MB
[runlim] sample:		789.3 time, 5950.5 real, 127.6 MB
[runlim] sample:		799.1 time, 5960.5 real, 128.8 MB
[runlim] sample:		749.8 time, 5970.5 real, 112.0 MB
[runlim] sample:		759.6 time, 5980.5 real, 118.3 MB
[runlim] sample:		746.9 time, 5990.5 real, 112.8 MB
[runlim] sample:		756.5 time, 6000.5 real, 122.7 MB
[runlim] sample:		765.7 time, 6010.5 real, 124.5 MB
[runlim] sample:		775.6 time, 6020.5 real, 123.0 MB
[runlim] sample:		745.6 time, 6030.5 real, 54.0 MB
[runlim] sample:		755.4 time, 6040.5 real, 54.0 MB
[runlim] sample:		765.1 time, 6050.5 real, 54.0 MB
[runlim] sample:		774.9 time, 6060.5 real, 54.0 MB
[runlim] sample:		784.8 time, 6070.5 real, 54.0 MB
[runlim] sample:		794.8 time, 6080.5 real, 54.0 MB
[runlim] sample:		804.7 time, 6090.5 real, 54.0 MB
[runlim] sample:		814.5 time, 6100.5 real, 54.0 MB
[runlim] sample:		824.3 time, 6110.5 real, 54.0 MB
[runlim] sample:		834.2 time, 6120.5 real, 54.0 MB
[runlim] sample:		844.0 time, 6130.5 real, 54.0 MB
[runlim] sample:		853.9 time, 6140.5 real, 54.0 MB
[runlim] sample:		863.8 time, 6150.5 real, 54.0 MB
[runlim] sample:		873.8 time, 6160.5 real, 54.0 MB
[runlim] sample:		883.7 time, 6170.5 real, 54.0 MB
[runlim] sample:		893.6 time, 6180.5 real, 54.0 MB
[runlim] sample:		903.4 time, 6190.5 real, 54.0 MB
[runlim] sample:		913.3 time, 6200.5 real, 54.0 MB
[runlim] sample:		923.2 time, 6210.5 real, 54.0 MB
[runlim] sample:		933.2 time, 6220.5 real, 54.0 MB
[runlim] sample:		943.0 time, 6230.5 real, 54.0 MB
[runlim] sample:		952.7 time, 6240.5 real, 54.0 MB
[runlim] sample:		962.6 time, 6250.5 real, 54.0 MB
[runlim] sample:		972.6 time, 6260.5 real, 54.0 MB
[runlim] sample:		982.5 time, 6270.5 real, 54.0 MB
[runlim] sample:		992.4 time, 6280.5 real, 54.0 MB
[runlim] sample:		1002.3 time, 6290.5 real, 54.0 MB
[runlim] sample:		1012.3 time, 6300.5 real, 54.0 MB
[runlim] sample:		1022.2 time, 6310.5 real, 54.0 MB
[runlim] sample:		1032.1 time, 6320.5 real, 54.0 MB
[runlim] sample:		1042.0 time, 6330.5 real, 54.0 MB
[runlim] sample:		1051.9 time, 6340.5 real, 54.0 MB
[runlim] sample:		1061.7 time, 6350.5 real, 54.0 MB
[runlim] sample:		1071.7 time, 6360.5 real, 54.0 MB
[runlim] sample:		1081.6 time, 6370.5 real, 54.0 MB
[runlim] sample:		1091.5 time, 6380.5 real, 54.0 MB
[runlim] sample:		1101.4 time, 6390.5 real, 54.0 MB
[runlim] sample:		1111.4 time, 6400.5 real, 54.0 MB
[runlim] sample:		1121.2 time, 6410.5 real, 54.0 MB
[runlim] sample:		1130.7 time, 6420.5 real, 99.1 MB
[runlim] sample:		1140.6 time, 6430.5 real, 110.3 MB
[runlim] sample:		1150.5 time, 6440.5 real, 118.0 MB
[runlim] sample:		1160.2 time, 6450.5 real, 119.8 MB
[runlim] sample:		1170.2 time, 6460.5 real, 120.8 MB
[runlim] sample:		1180.1 time, 6470.5 real, 121.8 MB
[runlim] sample:		1132.5 time, 6480.5 real, 110.8 MB
[runlim] sample:		1142.4 time, 6490.5 real, 118.8 MB
[runlim] sample:		1152.4 time, 6500.5 real, 122.8 MB
[runlim] sample:		1162.3 time, 6510.5 real, 126.7 MB
[runlim] sample:		1172.3 time, 6520.5 real, 128.3 MB
[runlim] sample:		1182.2 time, 6530.5 real, 133.7 MB
[runlim] sample:		1132.5 time, 6540.5 real, 106.8 MB
[runlim] sample:		1142.5 time, 6550.5 real, 117.5 MB
[runlim] sample:		1152.5 time, 6560.5 real, 120.2 MB
[runlim] sample:		1162.5 time, 6570.5 real, 124.0 MB
[runlim] sample:		1172.5 time, 6580.5 real, 125.1 MB
[runlim] sample:		1182.5 time, 6590.5 real, 134.1 MB
[runlim] sample:		1132.5 time, 6600.5 real, 113.8 MB
[runlim] sample:		1142.5 time, 6610.5 real, 126.0 MB
[runlim] sample:		1152.5 time, 6620.5 real, 131.2 MB
[runlim] sample:		1162.5 time, 6630.5 real, 131.8 MB
[runlim] sample:		1172.5 time, 6640.5 real, 127.7 MB
[runlim] sample:		1182.5 time, 6650.5 real, 128.5 MB
[runlim] sample:		1132.5 time, 6660.5 real, 107.6 MB
[runlim] sample:		1142.5 time, 6670.5 real, 121.1 MB
[runlim] sample:		1152.5 time, 6680.5 real, 122.1 MB
[runlim] sample:		1162.5 time, 6690.5 real, 122.9 MB
[runlim] sample:		1172.5 time, 6700.5 real, 132.6 MB
[runlim] sample:		1182.5 time, 6710.5 real, 133.4 MB
[runlim] sample:		1132.5 time, 6720.5 real, 110.9 MB
[runlim] sample:		1142.5 time, 6730.5 real, 124.6 MB
[runlim] sample:		1152.5 time, 6740.5 real, 125.3 MB
[runlim] sample:		1162.5 time, 6750.5 real, 132.4 MB
[runlim] sample:		1172.5 time, 6760.5 real, 135.3 MB
[runlim] sample:		1182.5 time, 6770.5 real, 136.7 MB
[runlim] sample:		1132.5 time, 6780.5 real, 113.8 MB
[runlim] sample:		1142.5 time, 6790.5 real, 125.4 MB
[runlim] sample:		1152.5 time, 6800.5 real, 128.6 MB
[runlim] sample:		1162.5 time, 6810.5 real, 130.2 MB
[runlim] sample:		1172.5 time, 6820.5 real, 139.6 MB
[runlim] sample:		1182.5 time, 6830.5 real, 140.6 MB
[runlim] sample:		1132.5 time, 6840.5 real, 110.7 MB
[runlim] sample:		1142.5 time, 6850.5 real, 124.4 MB
[runlim] sample:		1152.5 time, 6860.5 real, 129.5 MB
[runlim] sample:		1162.5 time, 6870.5 real, 130.0 MB
[runlim] sample:		1172.4 time, 6880.5 real, 135.7 MB
[runlim] sample:		1182.4 time, 6890.5 real, 139.4 MB
[runlim] sample:		1131.7 time, 6900.5 real, 105.8 MB
[runlim] sample:		1141.7 time, 6910.5 real, 116.7 MB
[runlim] sample:		1151.7 time, 6920.5 real, 125.6 MB
[runlim] sample:		1139.7 time, 6930.5 real, 118.5 MB
[runlim] sample:		1149.7 time, 6940.5 real, 123.4 MB
[runlim] sample:		1159.7 time, 6950.5 real, 131.0 MB
[runlim] sample:		1169.7 time, 6960.5 real, 140.3 MB
[runlim] sample:		1179.7 time, 6970.5 real, 140.9 MB
[runlim] sample:		1189.6 time, 6980.5 real, 140.9 MB
[runlim] sample:		1132.5 time, 6990.5 real, 115.9 MB
[runlim] sample:		1142.5 time, 7000.5 real, 126.0 MB
[runlim] sample:		1152.5 time, 7010.5 real, 129.5 MB
[runlim] sample:		1162.5 time, 7020.5 real, 138.3 MB
[runlim] sample:		1172.5 time, 7030.5 real, 146.3 MB
[runlim] sample:		1182.5 time, 7040.5 real, 146.3 MB
[runlim] sample:		1132.5 time, 7050.5 real, 107.7 MB
[runlim] sample:		1142.4 time, 7060.5 real, 117.4 MB
[runlim] sample:		1152.4 time, 7070.5 real, 123.8 MB
[runlim] sample:		1162.4 time, 7080.5 real, 125.5 MB
[runlim] sample:		1172.4 time, 7090.5 real, 138.5 MB
[runlim] sample:		1182.4 time, 7100.5 real, 140.7 MB
[runlim] sample:		1132.5 time, 7110.5 real, 115.3 MB
[runlim] sample:		1142.4 time, 7120.5 real, 128.4 MB
[runlim] sample:		1152.4 time, 7130.5 real, 140.3 MB
[runlim] sample:		1162.4 time, 7140.5 real, 143.0 MB
[runlim] sample:		1172.4 time, 7150.5 real, 145.6 MB
[runlim] sample:		1182.4 time, 7160.5 real, 146.0 MB
[runlim] sample:		1132.4 time, 7170.5 real, 112.3 MB
[runlim] sample:		1142.4 time, 7180.5 real, 122.3 MB
[runlim] sample:		1152.4 time, 7190.5 real, 136.3 MB
[runlim] sample:		1162.4 time, 7200.5 real, 128.9 MB
[runlim] sample:		1172.4 time, 7210.5 real, 137.6 MB
[runlim] sample:		1182.4 time, 7220.5 real, 144.7 MB
[runlim] sample:		1132.4 time, 7230.5 real, 118.0 MB
[runlim] sample:		1142.4 time, 7240.5 real, 128.6 MB
[runlim] sample:		1136.3 time, 7250.5 real, 53.9 MB
[runlim] sample:		1146.3 time, 7260.5 real, 53.9 MB
[runlim] sample:		1156.3 time, 7270.5 real, 53.9 MB
[runlim] sample:		1166.3 time, 7280.5 real, 53.9 MB
[runlim] sample:		1176.3 time, 7290.5 real, 53.9 MB
[runlim] sample:		1186.2 time, 7300.5 real, 53.9 MB
[runlim] sample:		1196.2 time, 7310.5 real, 53.9 MB
[runlim] sample:		1206.2 time, 7320.5 real, 53.9 MB
[runlim] sample:		1216.2 time, 7330.5 real, 53.9 MB
[runlim] sample:		1226.2 time, 7340.5 real, 53.9 MB
[runlim] sample:		1236.2 time, 7350.5 real, 53.9 MB
[runlim] sample:		1246.2 time, 7360.5 real, 53.9 MB
[runlim] sample:		1256.2 time, 7370.5 real, 53.9 MB
[runlim] sample:		1266.2 time, 7380.5 real, 53.9 MB
[runlim] sample:		1276.2 time, 7390.5 real, 53.9 MB
[runlim] sample:		1286.2 time, 7400.5 real, 53.9 MB
[runlim] sample:		1296.2 time, 7410.5 real, 53.9 MB
[runlim] sample:		1306.2 time, 7420.5 real, 53.9 MB
[runlim] sample:		1316.2 time, 7430.5 real, 53.9 MB
[runlim] sample:		1326.2 time, 7440.5 real, 53.9 MB
[runlim] sample:		1336.2 time, 7450.5 real, 53.9 MB
[runlim] sample:		1346.2 time, 7460.5 real, 53.9 MB
[runlim] sample:		1356.2 time, 7470.5 real, 53.9 MB
[runlim] sample:		1366.2 time, 7480.5 real, 53.9 MB
[runlim] sample:		1376.2 time, 7490.5 real, 53.9 MB
[runlim] sample:		1386.2 time, 7500.5 real, 53.9 MB
[runlim] sample:		1396.1 time, 7510.5 real, 53.9 MB
[runlim] sample:		1406.1 time, 7520.5 real, 53.9 MB
[runlim] sample:		1416.1 time, 7530.5 real, 53.9 MB
[runlim] sample:		1426.1 time, 7540.5 real, 53.9 MB
[runlim] sample:		1436.1 time, 7550.5 real, 53.9 MB
[runlim] sample:		1446.1 time, 7560.5 real, 53.9 MB
[runlim] sample:		1456.1 time, 7570.5 real, 53.9 MB
[runlim] sample:		1466.1 time, 7580.5 real, 53.9 MB
[runlim] sample:		1476.1 time, 7590.5 real, 53.9 MB
[runlim] sample:		1486.1 time, 7600.5 real, 53.9 MB
[runlim] sample:		1496.1 time, 7610.5 real, 53.9 MB
[runlim] sample:		1506.1 time, 7620.5 real, 53.9 MB
[runlim] sample:		1516.1 time, 7630.5 real, 53.9 MB
[runlim] sample:		1526.1 time, 7640.5 real, 53.9 MB
[runlim] sample:		1536.1 time, 7650.5 real, 53.9 MB
[runlim] sample:		1546.0 time, 7660.5 real, 53.9 MB
[runlim] sample:		1556.0 time, 7670.5 real, 53.9 MB
[runlim] sample:		1566.0 time, 7680.5 real, 53.9 MB
[runlim] sample:		1575.4 time, 7690.5 real, 135.4 MB
[runlim] sample:		1585.3 time, 7700.5 real, 145.5 MB
[runlim] sample:		1595.3 time, 7710.5 real, 151.1 MB
[runlim] sample:		1605.3 time, 7720.5 real, 161.1 MB
[runlim] sample:		1615.3 time, 7730.5 real, 161.4 MB
[runlim] sample:		1625.3 time, 7740.5 real, 161.6 MB
[runlim] sample:		1635.3 time, 7750.5 real, 161.9 MB
[runlim] sample:		1645.3 time, 7760.5 real, 161.9 MB
[runlim] sample:		1576.3 time, 7770.5 real, 144.2 MB
[runlim] sample:		1586.3 time, 7780.5 real, 145.8 MB
[runlim] sample:		1596.3 time, 7790.5 real, 161.0 MB
[runlim] sample:		1606.3 time, 7800.5 real, 162.3 MB
[runlim] sample:		1616.3 time, 7810.5 real, 164.4 MB
[runlim] sample:		1626.3 time, 7820.5 real, 165.2 MB
[runlim] sample:		1636.3 time, 7830.5 real, 170.8 MB
[runlim] sample:		1646.3 time, 7840.5 real, 170.8 MB
[runlim] sample:		1577.3 time, 7850.5 real, 141.2 MB
[runlim] sample:		1587.3 time, 7860.5 real, 140.0 MB
[runlim] sample:		1597.3 time, 7870.5 real, 149.6 MB
[runlim] sample:		1607.3 time, 7880.5 real, 157.5 MB
[runlim] sample:		1617.3 time, 7890.5 real, 157.7 MB
[runlim] sample:		1627.3 time, 7900.5 real, 158.0 MB
[runlim] sample:		1637.3 time, 7910.5 real, 158.4 MB
[runlim] sample:		1647.3 time, 7920.5 real, 158.6 MB
[runlim] sample:		1578.3 time, 7930.5 real, 122.2 MB
[runlim] sample:		1588.3 time, 7940.5 real, 133.4 MB
[runlim] sample:		1598.3 time, 7950.5 real, 135.7 MB
[runlim] sample:		1608.3 time, 7960.5 real, 149.1 MB
[runlim] sample:		1618.3 time, 7970.5 real, 151.2 MB
[runlim] sample:		1628.3 time, 7980.5 real, 151.5 MB
[runlim] sample:		1638.3 time, 7990.5 real, 151.6 MB
[runlim] sample:		1569.3 time, 8000.5 real, 106.5 MB
[runlim] sample:		1579.3 time, 8010.5 real, 128.5 MB
[runlim] sample:		1589.3 time, 8020.5 real, 140.2 MB
[runlim] sample:		1599.3 time, 8030.5 real, 143.0 MB
[runlim] sample:		1570.6 time, 8040.5 real, 114.0 MB
[runlim] sample:		1580.6 time, 8050.5 real, 130.2 MB
[runlim] sample:		1590.6 time, 8060.5 real, 131.3 MB
[runlim] sample:		1600.6 time, 8070.5 real, 134.1 MB
[runlim] sample:		1610.6 time, 8080.5 real, 128.0 MB
[runlim] sample:		1620.5 time, 8090.5 real, 141.8 MB
[runlim] sample:		1630.5 time, 8100.5 real, 143.1 MB
[runlim] sample:		1640.5 time, 8110.5 real, 144.4 MB
[runlim] sample:		1571.6 time, 8120.5 real, 130.1 MB
[runlim] sample:		1581.6 time, 8130.5 real, 147.7 MB
[runlim] sample:		1591.6 time, 8140.5 real, 152.9 MB
[runlim] sample:		1601.6 time, 8150.5 real, 154.2 MB
[runlim] sample:		1611.6 time, 8160.5 real, 161.0 MB
[runlim] sample:		1621.5 time, 8170.5 real, 157.9 MB
[runlim] sample:		1631.5 time, 8180.5 real, 163.6 MB
[runlim] sample:		1641.5 time, 8190.5 real, 168.6 MB
[runlim] sample:		1572.6 time, 8200.5 real, 140.8 MB
[runlim] sample:		1582.5 time, 8210.5 real, 170.3 MB
[runlim] sample:		1592.5 time, 8220.5 real, 161.9 MB
[runlim] sample:		1602.5 time, 8230.5 real, 165.4 MB
[runlim] sample:		1612.5 time, 8240.5 real, 166.7 MB
[runlim] sample:		1622.5 time, 8250.5 real, 170.2 MB
[runlim] sample:		1632.5 time, 8260.5 real, 171.3 MB
[runlim] sample:		1642.5 time, 8270.5 real, 184.7 MB
[runlim] sample:		1573.6 time, 8280.5 real, 114.4 MB
[runlim] sample:		1583.5 time, 8290.5 real, 122.9 MB
[runlim] sample:		1593.5 time, 8300.5 real, 127.8 MB
[runlim] sample:		1603.5 time, 8310.5 real, 129.5 MB
[runlim] sample:		1613.5 time, 8320.5 real, 130.0 MB
[runlim] sample:		1623.5 time, 8330.5 real, 137.5 MB
[runlim] sample:		1633.5 time, 8340.5 real, 137.8 MB
[runlim] sample:		1576.3 time, 8350.5 real, 120.6 MB
[runlim] sample:		1586.3 time, 8360.5 real, 131.0 MB
[runlim] sample:		1596.3 time, 8370.5 real, 131.2 MB
[runlim] sample:		1606.3 time, 8380.5 real, 125.3 MB
[runlim] sample:		1616.3 time, 8390.5 real, 141.1 MB
[runlim] sample:		1626.3 time, 8400.5 real, 142.3 MB
[runlim] sample:		1636.3 time, 8410.5 real, 144.0 MB
[runlim] sample:		1646.3 time, 8420.5 real, 145.5 MB
[runlim] sample:		1577.3 time, 8430.5 real, 125.1 MB
[runlim] sample:		1587.3 time, 8440.5 real, 134.9 MB
[runlim] sample:		1576.8 time, 8450.5 real, 54.0 MB
[runlim] sample:		1586.8 time, 8460.5 real, 54.0 MB
[runlim] sample:		1596.8 time, 8470.5 real, 54.0 MB
[runlim] sample:		1606.8 time, 8480.5 real, 54.0 MB
[runlim] sample:		1616.8 time, 8490.5 real, 54.0 MB
[runlim] sample:		1626.8 time, 8500.5 real, 54.0 MB
[runlim] sample:		1636.8 time, 8510.5 real, 54.0 MB
[runlim] sample:		1646.8 time, 8520.5 real, 54.0 MB
[runlim] sample:		1656.8 time, 8530.5 real, 54.0 MB
[runlim] sample:		1666.8 time, 8540.5 real, 54.0 MB
[runlim] sample:		1676.8 time, 8550.5 real, 54.0 MB
[runlim] sample:		1686.8 time, 8560.5 real, 54.0 MB
[runlim] sample:		1696.8 time, 8570.5 real, 54.0 MB
[runlim] sample:		1706.7 time, 8580.5 real, 54.0 MB
[runlim] sample:		1716.7 time, 8590.5 real, 54.0 MB
[runlim] sample:		1726.8 time, 8600.5 real, 54.0 MB
[runlim] sample:		1736.6 time, 8610.5 real, 113.8 MB
[runlim] sample:		1746.5 time, 8620.5 real, 120.9 MB
[runlim] sample:		1756.5 time, 8630.5 real, 122.7 MB
[runlim] sample:		1766.5 time, 8640.5 real, 137.9 MB
[runlim] sample:		1730.1 time, 8650.5 real, 101.9 MB
[runlim] sample:		1735.5 time, 8660.5 real, 111.0 MB
[runlim] sample:		1745.5 time, 8670.5 real, 116.5 MB
[runlim] sample:		1755.5 time, 8680.5 real, 121.9 MB
[runlim] sample:		1765.5 time, 8690.5 real, 123.2 MB
[runlim] sample:		1775.5 time, 8700.5 real, 131.9 MB
[runlim] sample:		1785.5 time, 8710.5 real, 132.8 MB
[runlim] sample:		1734.5 time, 8720.5 real, 108.8 MB
[runlim] sample:		1744.5 time, 8730.5 real, 112.1 MB
[runlim] sample:		1754.5 time, 8740.5 real, 118.7 MB
[runlim] sample:		1728.7 time, 8750.5 real, 101.0 MB
[runlim] sample:		1738.7 time, 8760.5 real, 112.5 MB
[runlim] sample:		1748.7 time, 8770.5 real, 122.1 MB
[runlim] sample:		1730.7 time, 8780.5 real, 108.6 MB
[runlim] sample:		1740.7 time, 8790.5 real, 119.4 MB
[runlim] sample:		1750.7 time, 8800.5 real, 125.7 MB
[runlim] sample:		1760.7 time, 8810.5 real, 127.1 MB
[runlim] sample:		1770.7 time, 8820.5 real, 122.2 MB
[runlim] sample:		1780.6 time, 8830.5 real, 134.6 MB
[runlim] sample:		1730.7 time, 8840.5 real, 112.2 MB
[runlim] sample:		1740.7 time, 8850.5 real, 122.2 MB
[runlim] sample:		1750.7 time, 8860.5 real, 125.4 MB
[runlim] sample:		1760.6 time, 8870.5 real, 133.1 MB
[runlim] sample:		1770.6 time, 8880.5 real, 139.8 MB
[runlim] sample:		1780.6 time, 8890.5 real, 141.4 MB
[runlim] sample:		1730.7 time, 8900.5 real, 111.3 MB
[runlim] sample:		1740.7 time, 8910.5 real, 122.5 MB
[runlim] sample:		1750.7 time, 8920.5 real, 127.9 MB
[runlim] sample:		1760.7 time, 8930.5 real, 128.1 MB
[runlim] sample:		1770.7 time, 8940.5 real, 130.9 MB
[runlim] sample:		1780.7 time, 8950.5 real, 136.4 MB
[runlim] sample:		1732.3 time, 8960.5 real, 105.5 MB
[runlim] sample:		1732.2 time, 8970.5 real, 106.4 MB
[runlim] sample:		1742.2 time, 8980.5 real, 115.7 MB
[runlim] sample:		1752.2 time, 8990.5 real, 120.8 MB
[runlim] sample:		1762.2 time, 9000.5 real, 125.6 MB
[runlim] sample:		1772.2 time, 9010.5 real, 128.2 MB
[runlim] sample:		1782.2 time, 9020.5 real, 129.6 MB
[runlim] sample:		1728.8 time, 9030.5 real, 100.9 MB
[runlim] sample:		1730.3 time, 9040.5 real, 106.0 MB
[runlim] sample:		1740.3 time, 9050.5 real, 116.1 MB
[runlim] sample:		1750.3 time, 9060.5 real, 113.2 MB
[runlim] sample:		1760.3 time, 9070.5 real, 120.6 MB
[runlim] sample:		1770.2 time, 9080.5 real, 128.5 MB
[runlim] sample:		1780.2 time, 9090.5 real, 129.0 MB
[runlim] sample:		1730.3 time, 9100.5 real, 102.8 MB
[runlim] sample:		1737.6 time, 9110.5 real, 106.8 MB
[runlim] sample:		1732.3 time, 9120.5 real, 112.9 MB
[runlim] sample:		1742.3 time, 9130.5 real, 122.6 MB
[runlim] sample:		1752.3 time, 9140.5 real, 127.6 MB
[runlim] sample:		1762.3 time, 9150.5 real, 129.1 MB
[runlim] sample:		1772.3 time, 9160.5 real, 137.2 MB
[runlim] sample:		1782.3 time, 9170.5 real, 145.8 MB
[runlim] sample:		1732.3 time, 9180.5 real, 107.0 MB
[runlim] sample:		1735.4 time, 9190.5 real, 110.3 MB
[runlim] sample:		1731.9 time, 9200.5 real, 107.1 MB
[runlim] sample:		1741.9 time, 9210.5 real, 116.1 MB
[runlim] sample:		1751.9 time, 9220.5 real, 120.4 MB
[runlim] sample:		1761.9 time, 9230.5 real, 122.4 MB
[runlim] sample:		1771.9 time, 9240.5 real, 131.0 MB
[runlim] sample:		1781.9 time, 9250.5 real, 138.0 MB
[runlim] sample:		1730.5 time, 9260.5 real, 109.0 MB
[runlim] sample:		1740.5 time, 9270.5 real, 118.5 MB
[runlim] sample:		1750.5 time, 9280.5 real, 124.9 MB
[runlim] sample:		1760.5 time, 9290.5 real, 125.1 MB
[runlim] sample:		1770.5 time, 9300.5 real, 128.2 MB
[runlim] sample:		1780.5 time, 9310.5 real, 134.7 MB
[runlim] sample:		1730.5 time, 9320.5 real, 104.3 MB
[runlim] sample:		1732.3 time, 9330.5 real, 106.1 MB
[runlim] sample:		1729.8 time, 9340.5 real, 104.3 MB
[runlim] sample:		1730.9 time, 9350.5 real, 111.4 MB
[runlim] sample:		1740.9 time, 9360.5 real, 121.7 MB
[runlim] sample:		1750.9 time, 9370.5 real, 124.4 MB
[runlim] sample:		1760.9 time, 9380.5 real, 132.2 MB
[runlim] sample:		1770.8 time, 9390.5 real, 140.1 MB
[runlim] sample:		1780.9 time, 9400.5 real, 141.1 MB
[runlim] sample:		1730.9 time, 9410.5 real, 113.2 MB
[runlim] sample:		1740.9 time, 9420.5 real, 123.4 MB
[runlim] sample:		1729.3 time, 9430.5 real, 101.4 MB
[runlim] sample:		1731.4 time, 9440.5 real, 108.6 MB
[runlim] sample:		1731.7 time, 9450.5 real, 107.0 MB
[runlim] sample:		1729.3 time, 9460.5 real, 100.4 MB
[runlim] sample:		1738.2 time, 9470.5 real, 113.8 MB
[runlim] sample:		1732.0 time, 9480.5 real, 112.8 MB
[runlim] sample:		1742.0 time, 9490.5 real, 122.5 MB
[runlim] sample:		1752.0 time, 9500.5 real, 119.7 MB
[runlim] sample:		1762.0 time, 9510.5 real, 129.9 MB
[runlim] sample:		1772.0 time, 9520.5 real, 133.3 MB
[runlim] sample:		1782.0 time, 9530.5 real, 137.4 MB
[runlim] sample:		1732.0 time, 9540.5 real, 117.4 MB
[runlim] sample:		1742.0 time, 9550.5 real, 128.6 MB
[runlim] sample:		1752.0 time, 9560.5 real, 131.9 MB
[runlim] sample:		1761.9 time, 9570.5 real, 135.8 MB
[runlim] sample:		1771.9 time, 9580.5 real, 129.7 MB
[runlim] sample:		1781.9 time, 9590.5 real, 144.6 MB
[runlim] sample:		1732.0 time, 9600.5 real, 118.8 MB
[runlim] sample:		1728.7 time, 9610.5 real, 97.6 MB
[runlim] sample:		1734.7 time, 9620.5 real, 110.9 MB
[runlim] sample:		1736.6 time, 9630.5 real, 119.8 MB
[runlim] sample:		1728.6 time, 9640.5 real, 54.3 MB
[runlim] sample:		1738.6 time, 9650.5 real, 54.3 MB
[runlim] sample:		1748.5 time, 9660.5 real, 54.3 MB
[runlim] sample:		1758.5 time, 9670.5 real, 54.3 MB
[runlim] sample:		1768.5 time, 9680.5 real, 54.3 MB
[runlim] sample:		1778.5 time, 9690.5 real, 54.3 MB
[runlim] sample:		1788.6 time, 9700.5 real, 54.3 MB
[runlim] sample:		1798.5 time, 9710.5 real, 54.3 MB
[runlim] sample:		1808.6 time, 9720.5 real, 54.3 MB
[runlim] sample:		1818.5 time, 9730.5 real, 54.3 MB
[runlim] sample:		1828.5 time, 9740.5 real, 54.3 MB
[runlim] sample:		1838.5 time, 9750.5 real, 54.3 MB
[runlim] sample:		1848.5 time, 9760.5 real, 54.3 MB
[runlim] sample:		1858.5 time, 9770.5 real, 54.3 MB
[runlim] sample:		1868.5 time, 9780.5 real, 54.3 MB
[runlim] sample:		1878.5 time, 9790.5 real, 54.3 MB
[runlim] sample:		1888.5 time, 9800.5 real, 54.3 MB
[runlim] sample:		1898.5 time, 9810.5 real, 54.3 MB
[runlim] sample:		1908.5 time, 9820.5 real, 54.3 MB
[runlim] sample:		1918.5 time, 9830.5 real, 54.3 MB
[runlim] sample:		1928.5 time, 9840.5 real, 54.3 MB
[runlim] sample:		1938.5 time, 9850.5 real, 54.3 MB
[runlim] sample:		1948.5 time, 9860.5 real, 54.3 MB
[runlim] sample:		1958.5 time, 9870.5 real, 54.3 MB
[runlim] sample:		1968.5 time, 9880.5 real, 54.3 MB
[runlim] sample:		1978.5 time, 9890.5 real, 54.3 MB
[runlim] sample:		1988.5 time, 9900.5 real, 54.3 MB
[runlim] sample:		1998.5 time, 9910.5 real, 54.3 MB
[runlim] sample:		2008.5 time, 9920.5 real, 54.3 MB
[runlim] sample:		2018.5 time, 9930.5 real, 54.3 MB
[runlim] sample:		2028.5 time, 9940.5 real, 54.3 MB
[runlim] sample:		2037.6 time, 9950.5 real, 108.6 MB
[runlim] sample:		2047.6 time, 9960.5 real, 125.9 MB
[runlim] sample:		2057.6 time, 9970.5 real, 121.4 MB
[runlim] sample:		2067.6 time, 9980.5 real, 138.3 MB
[runlim] sample:		2077.6 time, 9990.5 real, 143.2 MB
[runlim] sample:		2087.6 time, 10000.5 real, 144.7 MB
[runlim] sample:		2037.6 time, 10010.5 real, 107.6 MB
[runlim] sample:		2047.6 time, 10020.5 real, 123.0 MB
[runlim] sample:		2057.6 time, 10030.5 real, 124.9 MB
[runlim] sample:		2067.6 time, 10040.5 real, 125.2 MB
[runlim] sample:		2077.6 time, 10050.5 real, 133.8 MB
[runlim] sample:		2087.6 time, 10060.5 real, 135.7 MB
[runlim] sample:		2037.6 time, 10070.5 real, 118.6 MB
[runlim] sample:		2047.6 time, 10080.5 real, 129.6 MB
[runlim] sample:		2057.6 time, 10090.5 real, 139.7 MB
[runlim] sample:		2067.6 time, 10100.5 real, 148.0 MB
[runlim] sample:		2077.6 time, 10110.5 real, 149.2 MB
[runlim] sample:		2087.6 time, 10120.5 real, 149.2 MB
[runlim] sample:		2037.6 time, 10130.5 real, 111.8 MB
[runlim] sample:		2047.6 time, 10140.5 real, 127.4 MB
[runlim] sample:		2057.6 time, 10150.5 real, 129.9 MB
[runlim] sample:		2067.6 time, 10160.5 real, 139.4 MB
[runlim] sample:		2077.6 time, 10170.5 real, 145.6 MB
[runlim] sample:		2041.6 time, 10180.5 real, 119.0 MB
[runlim] sample:		2051.6 time, 10190.5 real, 126.9 MB
[runlim] sample:		2061.6 time, 10200.5 real, 129.0 MB
[runlim] sample:		2071.6 time, 10210.5 real, 141.6 MB
[runlim] sample:		2081.6 time, 10220.5 real, 144.8 MB
[runlim] sample:		2091.6 time, 10230.5 real, 145.4 MB
[runlim] sample:		2041.6 time, 10240.5 real, 123.9 MB
[runlim] sample:		2051.6 time, 10250.5 real, 131.9 MB
[runlim] sample:		2061.6 time, 10260.5 real, 134.4 MB
[runlim] sample:		2071.6 time, 10270.5 real, 143.1 MB
[runlim] sample:		2081.6 time, 10280.5 real, 144.9 MB
[runlim] sample:		2091.6 time, 10290.5 real, 145.4 MB
[runlim] sample:		2041.6 time, 10300.5 real, 119.5 MB
[runlim] sample:		2051.6 time, 10310.5 real, 130.8 MB
[runlim] sample:		2061.6 time, 10320.5 real, 131.4 MB
[runlim] sample:		2071.6 time, 10330.5 real, 127.7 MB
[runlim] sample:		2081.6 time, 10340.5 real, 144.6 MB
[runlim] sample:		2091.6 time, 10350.5 real, 153.4 MB
[runlim] sample:		2041.6 time, 10360.5 real, 122.1 MB
[runlim] sample:		2051.6 time, 10370.5 real, 131.4 MB
[runlim] sample:		2061.6 time, 10380.5 real, 139.1 MB
[runlim] sample:		2071.6 time, 10390.5 real, 144.4 MB
[runlim] sample:		2081.6 time, 10400.5 real, 145.1 MB
[runlim] sample:		2091.6 time, 10410.5 real, 148.0 MB
[runlim] sample:		2041.6 time, 10420.5 real, 112.6 MB
[runlim] sample:		2051.6 time, 10430.5 real, 124.1 MB
[runlim] sample:		2061.6 time, 10440.5 real, 133.1 MB
[runlim] sample:		2071.6 time, 10450.5 real, 140.4 MB
[runlim] sample:		2081.6 time, 10460.5 real, 140.5 MB
[runlim] sample:		2091.6 time, 10470.5 real, 140.6 MB
[runlim] sample:		2041.5 time, 10480.5 real, 117.2 MB
[runlim] sample:		2051.6 time, 10490.5 real, 123.1 MB
[runlim] sample:		2061.5 time, 10500.5 real, 132.2 MB
[runlim] sample:		2071.6 time, 10510.5 real, 133.9 MB
[runlim] sample:		2081.6 time, 10520.5 real, 141.4 MB
[runlim] sample:		2091.5 time, 10530.5 real, 141.6 MB
[runlim] sample:		2041.5 time, 10540.5 real, 115.4 MB
[runlim] sample:		2051.5 time, 10550.5 real, 125.0 MB
[runlim] sample:		2061.5 time, 10560.5 real, 127.5 MB
[runlim] sample:		2071.5 time, 10570.5 real, 134.2 MB
[runlim] sample:		2081.5 time, 10580.5 real, 135.7 MB
[runlim] sample:		2091.5 time, 10590.5 real, 136.4 MB
[runlim] sample:		2041.6 time, 10600.5 real, 113.5 MB
[runlim] sample:		2037.5 time, 10610.5 real, 112.0 MB
[runlim] sample:		2047.5 time, 10620.5 real, 124.9 MB
[runlim] sample:		2057.5 time, 10630.5 real, 129.6 MB
[runlim] sample:		2067.5 time, 10640.5 real, 132.6 MB
[runlim] sample:		2077.5 time, 10650.5 real, 152.6 MB
[runlim] sample:		2087.5 time, 10660.5 real, 147.1 MB
[runlim] sample:		2037.5 time, 10670.5 real, 115.7 MB
[runlim] sample:		2047.5 time, 10680.5 real, 130.1 MB
[runlim] sample:		2057.5 time, 10690.5 real, 140.5 MB
[runlim] sample:		2067.5 time, 10700.5 real, 143.6 MB
[runlim] sample:		2077.5 time, 10710.5 real, 145.0 MB
[runlim] sample:		2087.5 time, 10720.5 real, 147.4 MB
[runlim] sample:		2037.5 time, 10730.5 real, 109.7 MB
[runlim] sample:		2047.5 time, 10740.5 real, 121.4 MB
[runlim] sample:		2057.5 time, 10750.5 real, 129.8 MB
[runlim] sample:		2067.5 time, 10760.5 real, 131.0 MB
[runlim] sample:		2077.5 time, 10770.5 real, 139.2 MB
[runlim] sample:		2087.5 time, 10780.5 real, 139.4 MB
[runlim] sample:		2037.5 time, 10790.5 real, 122.5 MB
[runlim] sample:		2047.5 time, 10800.5 real, 135.5 MB
[runlim] sample:		2057.5 time, 10810.5 real, 139.2 MB
[runlim] sample:		2067.5 time, 10820.5 real, 147.1 MB
[runlim] sample:		2077.5 time, 10830.5 real, 154.4 MB
[runlim] sample:		2037.7 time, 10840.5 real, 54.1 MB
[runlim] sample:		2047.7 time, 10850.5 real, 54.1 MB
[runlim] sample:		2057.7 time, 10860.5 real, 54.1 MB
[runlim] sample:		2067.7 time, 10870.5 real, 54.1 MB
[runlim] sample:		2077.7 time, 10880.5 real, 54.1 MB
[runlim] sample:		2087.7 time, 10890.5 real, 54.1 MB
[runlim] sample:		2097.7 time, 10900.5 real, 54.1 MB
[runlim] sample:		2107.7 time, 10910.5 real, 54.1 MB
[runlim] sample:		2117.7 time, 10920.5 real, 54.1 MB
[runlim] sample:		2127.7 time, 10930.5 real, 54.1 MB
[runlim] sample:		2137.7 time, 10940.5 real, 54.1 MB
[runlim] sample:		2147.7 time, 10950.5 real, 54.1 MB
[runlim] sample:		2157.7 time, 10960.5 real, 54.1 MB
[runlim] sample:		2167.7 time, 10970.5 real, 54.1 MB
[runlim] sample:		2177.6 time, 10980.5 real, 54.1 MB
[runlim] sample:		2187.6 time, 10990.5 real, 54.1 MB
[runlim] sample:		2197.6 time, 11000.5 real, 54.1 MB
[runlim] sample:		2207.6 time, 11010.5 real, 54.3 MB
[runlim] sample:		2217.6 time, 11020.5 real, 54.3 MB
[runlim] sample:		2227.6 time, 11030.5 real, 54.3 MB
[runlim] sample:		2237.6 time, 11040.5 real, 54.3 MB
[runlim] sample:		2247.6 time, 11050.5 real, 54.3 MB
[runlim] sample:		2257.6 time, 11060.5 real, 54.3 MB
[runlim] sample:		2267.6 time, 11070.5 real, 54.3 MB
[runlim] sample:		2277.6 time, 11080.5 real, 54.3 MB
[runlim] sample:		2287.6 time, 11090.5 real, 54.3 MB
[runlim] sample:		2297.6 time, 11100.5 real, 54.3 MB
[runlim] sample:		2307.6 time, 11110.5 real, 54.3 MB
[runlim] sample:		2317.6 time, 11120.5 real, 54.3 MB
[runlim] sample:		2327.6 time, 11130.5 real, 54.3 MB
[runlim] sample:		2337.6 time, 11140.5 real, 54.3 MB
[runlim] sample:		2347.6 time, 11150.5 real, 54.3 MB
[runlim] sample:		2357.5 time, 11160.5 real, 54.3 MB
[runlim] sample:		2367.5 time, 11170.5 real, 54.3 MB
[runlim] sample:		2377.5 time, 11180.5 real, 54.3 MB
[runlim] sample:		2387.5 time, 11190.5 real, 54.3 MB
[runlim] sample:		2397.5 time, 11200.5 real, 54.3 MB
[runlim] sample:		2407.5 time, 11210.5 real, 54.3 MB
[runlim] sample:		2417.5 time, 11220.5 real, 54.3 MB
[runlim] sample:		2427.5 time, 11230.5 real, 54.3 MB
[runlim] sample:		2437.5 time, 11240.5 real, 54.3 MB
[runlim] sample:		2447.5 time, 11250.5 real, 54.3 MB
[runlim] sample:		2457.0 time, 11260.5 real, 128.0 MB
[runlim] sample:		2467.0 time, 11270.5 real, 142.7 MB
[runlim] sample:		2477.0 time, 11280.5 real, 145.3 MB
[runlim] sample:		2487.0 time, 11290.5 real, 155.7 MB
[runlim] sample:		2497.0 time, 11300.5 real, 157.3 MB
[runlim] sample:		2507.0 time, 11310.5 real, 159.7 MB
[runlim] sample:		2517.0 time, 11320.5 real, 161.6 MB
[runlim] sample:		2457.0 time, 11330.5 real, 125.1 MB
[runlim] sample:		2467.0 time, 11340.5 real, 132.7 MB
[runlim] sample:		2477.0 time, 11350.5 real, 135.6 MB
[runlim] sample:		2487.0 time, 11360.5 real, 143.7 MB
[runlim] sample:		2497.0 time, 11370.5 real, 146.1 MB
[runlim] sample:		2507.0 time, 11380.5 real, 147.4 MB
[runlim] sample:		2517.0 time, 11390.5 real, 148.8 MB
[runlim] sample:		2457.0 time, 11400.5 real, 114.5 MB
[runlim] sample:		2467.0 time, 11410.5 real, 125.9 MB
[runlim] sample:		2477.0 time, 11420.5 real, 129.1 MB
[runlim] sample:		2487.0 time, 11430.5 real, 132.9 MB
[runlim] sample:		2497.0 time, 11440.5 real, 139.6 MB
[runlim] sample:		2507.0 time, 11450.5 real, 141.7 MB
[runlim] sample:		2517.0 time, 11460.5 real, 142.7 MB
[runlim] sample:		2457.0 time, 11470.5 real, 123.5 MB
[runlim] sample:		2467.0 time, 11480.5 real, 137.6 MB
[runlim] sample:		2477.0 time, 11490.5 real, 146.6 MB
[runlim] sample:		2487.0 time, 11500.5 real, 149.5 MB
[runlim] sample:		2497.0 time, 11510.5 real, 151.6 MB
[runlim] sample:		2507.0 time, 11520.5 real, 153.0 MB
[runlim] sample:		2517.0 time, 11530.5 real, 154.2 MB
[runlim] sample:		2457.0 time, 11540.5 real, 115.9 MB
[runlim] sample:		2467.0 time, 11550.5 real, 127.5 MB
[runlim] sample:		2477.0 time, 11560.5 real, 132.6 MB
[runlim] sample:		2487.0 time, 11570.5 real, 135.6 MB
[runlim] sample:		2497.0 time, 11580.5 real, 128.0 MB
[runlim] sample:		2507.0 time, 11590.5 real, 143.1 MB
[runlim] sample:		2517.0 time, 11600.5 real, 145.9 MB
[runlim] sample:		2457.0 time, 11610.5 real, 118.1 MB
[runlim] sample:		2467.0 time, 11620.5 real, 134.2 MB
[runlim] sample:		2477.0 time, 11630.5 real, 140.7 MB
[runlim] sample:		2487.0 time, 11640.5 real, 144.5 MB
[runlim] sample:		2497.0 time, 11650.5 real, 144.5 MB
[runlim] sample:		2507.0 time, 11660.5 real, 144.7 MB
[runlim] sample:		2517.0 time, 11670.5 real, 145.5 MB
[runlim] sample:		2457.0 time, 11680.5 real, 121.1 MB
[runlim] sample:		2467.0 time, 11690.5 real, 131.6 MB
[runlim] sample:		2477.0 time, 11700.5 real, 133.8 MB
[runlim] sample:		2487.0 time, 11710.5 real, 135.5 MB
[runlim] sample:		2497.0 time, 11720.5 real, 149.2 MB
[runlim] sample:		2507.0 time, 11730.5 real, 149.9 MB
[runlim] sample:		2517.0 time, 11740.5 real, 151.2 MB
[runlim] sample:		2457.0 time, 11750.5 real, 118.6 MB
[runlim] sample:		2467.0 time, 11760.5 real, 131.0 MB
[runlim] sample:		2477.0 time, 11770.5 real, 133.7 MB
[runlim] sample:		2487.0 time, 11780.5 real, 142.1 MB
[runlim] sample:		2497.0 time, 11790.5 real, 143.3 MB
[runlim] sample:		2507.0 time, 11800.5 real, 150.5 MB
[runlim] sample:		2517.0 time, 11810.5 real, 150.8 MB
[runlim] sample:		2457.0 time, 11820.5 real, 120.2 MB
[runlim] sample:		2467.0 time, 11830.5 real, 133.5 MB
[runlim] sample:		2477.0 time, 11840.5 real, 143.4 MB
[runlim] sample:		2487.0 time, 11850.5 real, 151.9 MB
[runlim] sample:		2497.0 time, 11860.5 real, 152.2 MB
[runlim] sample:		2507.0 time, 11870.5 real, 152.4 MB
[runlim] sample:		2517.0 time, 11880.5 real, 152.8 MB
[runlim] sample:		2457.0 time, 11890.5 real, 119.7 MB
[runlim] sample:		2467.0 time, 11900.5 real, 141.1 MB
[runlim] sample:		2477.0 time, 11910.5 real, 146.1 MB
[runlim] sample:		2487.0 time, 11920.5 real, 149.4 MB
[runlim] sample:		2497.0 time, 11930.5 real, 160.4 MB
[runlim] sample:		2507.0 time, 11940.5 real, 172.9 MB
[runlim] sample:		2517.0 time, 11950.5 real, 174.3 MB
[runlim] sample:		2457.0 time, 11960.5 real, 120.9 MB
[runlim] sample:		2467.0 time, 11970.5 real, 135.4 MB
[runlim] sample:		2477.0 time, 11980.5 real, 135.5 MB
[runlim] sample:		2487.0 time, 11990.5 real, 141.4 MB
[runlim] sample:		2497.0 time, 12000.5 real, 145.8 MB
[runlim] sample:		2507.0 time, 12010.5 real, 146.6 MB
[runlim] sample:		2516.9 time, 12020.5 real, 147.4 MB
[runlim] sample:		2457.0 time, 12030.5 real, 120.7 MB
[runlim] sample:		2467.0 time, 12040.5 real, 135.4 MB
[runlim] sample:		2477.0 time, 12050.5 real, 150.7 MB
[runlim] sample:		2486.9 time, 12060.5 real, 153.0 MB
[runlim] sample:		2497.0 time, 12070.5 real, 155.2 MB
[runlim] sample:		2506.9 time, 12080.5 real, 156.9 MB
[runlim] sample:		2516.9 time, 12090.5 real, 157.8 MB
[runlim] sample:		2456.9 time, 12100.5 real, 120.3 MB
[runlim] sample:		2466.9 time, 12110.5 real, 138.1 MB
[runlim] sample:		2476.9 time, 12120.5 real, 141.0 MB
[runlim] sample:		2486.9 time, 12130.5 real, 151.1 MB
[runlim] sample:		2496.9 time, 12140.5 real, 153.0 MB
[runlim] sample:		2506.9 time, 12150.5 real, 154.2 MB
[runlim] sample:		2516.9 time, 12160.5 real, 155.4 MB
[runlim] sample:		2457.0 time, 12170.5 real, 123.7 MB
[runlim] sample:		2466.9 time, 12180.5 real, 144.4 MB
[runlim] sample:		2477.0 time, 12190.5 real, 147.5 MB
[runlim] sample:		2455.4 time, 12200.5 real, 54.3 MB
[runlim] sample:		2465.4 time, 12210.5 real, 54.3 MB
[runlim] sample:		2475.4 time, 12220.5 real, 54.3 MB
[runlim] sample:		2485.4 time, 12230.5 real, 54.3 MB
[runlim] sample:		2495.4 time, 12240.5 real, 54.3 MB
[runlim] sample:		2505.4 time, 12250.5 real, 54.3 MB
[runlim] sample:		2515.4 time, 12260.5 real, 54.3 MB
[runlim] sample:		2525.4 time, 12270.5 real, 54.3 MB
[runlim] sample:		2535.4 time, 12280.5 real, 54.3 MB
[runlim] sample:		2545.4 time, 12290.5 real, 54.3 MB
[runlim] sample:		2555.4 time, 12300.5 real, 54.3 MB
[runlim] sample:		2565.4 time, 12310.5 real, 54.3 MB
[runlim] sample:		2575.4 time, 12320.5 real, 54.3 MB
[runlim] sample:		2585.4 time, 12330.5 real, 54.3 MB
[runlim] sample:		2595.4 time, 12340.5 real, 54.3 MB
[runlim] sample:		2605.4 time, 12350.5 real, 54.3 MB
[runlim] sample:		2615.4 time, 12360.5 real, 54.3 MB
[runlim] sample:		2625.4 time, 12370.5 real, 54.3 MB
[runlim] sample:		2635.4 time, 12380.5 real, 54.3 MB
[runlim] sample:		2645.4 time, 12390.5 real, 54.3 MB
[runlim] sample:		2655.4 time, 12400.5 real, 54.3 MB
[runlim] sample:		2665.4 time, 12410.5 real, 54.3 MB
[runlim] sample:		2675.4 time, 12420.5 real, 54.3 MB
[runlim] sample:		2685.4 time, 12430.5 real, 54.3 MB
[runlim] sample:		2695.4 time, 12440.5 real, 54.3 MB
[runlim] sample:		2705.4 time, 12450.5 real, 54.3 MB
[runlim] sample:		2715.4 time, 12460.5 real, 54.3 MB
[runlim] sample:		2725.4 time, 12470.5 real, 54.3 MB
[runlim] sample:		2735.4 time, 12480.5 real, 54.3 MB
[runlim] sample:		2745.4 time, 12490.5 real, 54.3 MB
[runlim] sample:		2755.4 time, 12500.5 real, 54.3 MB
[runlim] sample:		2765.4 time, 12510.5 real, 54.3 MB
[runlim] sample:		2775.4 time, 12520.5 real, 54.3 MB
[runlim] sample:		2785.4 time, 12530.5 real, 54.3 MB
[runlim] sample:		2795.4 time, 12540.5 real, 54.3 MB
[runlim] sample:		2805.4 time, 12550.5 real, 54.3 MB
[runlim] sample:		2815.4 time, 12560.5 real, 54.3 MB
[runlim] sample:		2825.4 time, 12570.5 real, 54.3 MB
[runlim] sample:		2835.4 time, 12580.5 real, 54.3 MB
[runlim] sample:		2845.4 time, 12590.5 real, 54.3 MB
[runlim] sample:		2855.4 time, 12600.5 real, 54.3 MB
[runlim] sample:		2865.4 time, 12610.5 real, 54.3 MB
[runlim] sample:		2875.4 time, 12620.5 real, 54.3 MB
[runlim] sample:		2885.4 time, 12630.5 real, 54.3 MB
[runlim] sample:		2895.4 time, 12640.5 real, 54.3 MB
[runlim] sample:		2905.4 time, 12650.5 real, 54.3 MB
[runlim] sample:		2915.4 time, 12660.5 real, 54.3 MB
[runlim] sample:		2925.4 time, 12670.5 real, 54.3 MB
[runlim] sample:		2935.4 time, 12680.5 real, 54.3 MB
[runlim] sample:		2945.4 time, 12690.5 real, 54.3 MB
[runlim] sample:		2955.4 time, 12700.5 real, 54.3 MB
[runlim] sample:		2965.4 time, 12710.5 real, 54.3 MB
[runlim] sample:		2975.4 time, 12720.5 real, 54.3 MB
[runlim] sample:		2985.4 time, 12730.5 real, 54.3 MB
[runlim] sample:		2995.4 time, 12740.5 real, 54.3 MB
[runlim] sample:		3005.4 time, 12750.5 real, 54.3 MB
[runlim] sample:		3015.4 time, 12760.5 real, 54.3 MB
[runlim] sample:		3025.4 time, 12770.5 real, 54.3 MB
[runlim] sample:		3035.4 time, 12780.5 real, 54.3 MB
[runlim] sample:		3045.4 time, 12790.5 real, 54.3 MB
[runlim] sample:		3055.4 time, 12800.5 real, 54.3 MB
[runlim] sample:		3065.4 time, 12810.5 real, 54.3 MB
[runlim] sample:		3075.3 time, 12820.5 real, 54.3 MB
[runlim] sample:		3085.3 time, 12830.5 real, 54.3 MB
[runlim] sample:		3095.3 time, 12840.5 real, 54.3 MB
[runlim] sample:		3105.3 time, 12850.5 real, 54.3 MB
[runlim] sample:		3115.3 time, 12860.5 real, 54.3 MB
[runlim] sample:		3125.3 time, 12870.5 real, 54.3 MB
[runlim] sample:		3135.3 time, 12880.5 real, 54.3 MB
[runlim] sample:		3145.3 time, 12890.5 real, 54.3 MB
[runlim] sample:		3155.3 time, 12900.5 real, 54.3 MB
[runlim] sample:		3165.3 time, 12910.5 real, 54.3 MB
[runlim] sample:		3175.3 time, 12920.5 real, 54.3 MB
[runlim] sample:		3185.3 time, 12930.5 real, 54.3 MB
[runlim] sample:		3195.3 time, 12940.5 real, 118.9 MB
[runlim] sample:		3205.3 time, 12950.5 real, 123.2 MB
[runlim] sample:		3215.3 time, 12960.5 real, 128.5 MB
[runlim] sample:		3193.1 time, 12970.5 real, 54.3 MB
[runlim] sample:		3203.1 time, 12980.5 real, 54.3 MB
[runlim] sample:		3213.1 time, 12990.5 real, 54.3 MB
[runlim] sample:		3223.1 time, 13000.5 real, 54.3 MB
[runlim] sample:		3233.1 time, 13010.5 real, 54.3 MB
[runlim] sample:		3243.1 time, 13020.5 real, 54.3 MB
[runlim] sample:		3253.1 time, 13030.5 real, 54.3 MB
[runlim] sample:		3263.1 time, 13040.5 real, 54.3 MB
[runlim] sample:		3273.1 time, 13050.5 real, 54.3 MB
[runlim] sample:		3283.1 time, 13060.5 real, 54.3 MB
[runlim] sample:		3293.1 time, 13070.5 real, 54.3 MB
[runlim] sample:		3303.1 time, 13080.5 real, 54.3 MB
[runlim] sample:		3313.1 time, 13090.5 real, 54.3 MB
[runlim] sample:		3323.1 time, 13100.5 real, 54.3 MB
[runlim] sample:		3333.1 time, 13110.5 real, 54.3 MB
[runlim] sample:		3343.1 time, 13120.5 real, 54.3 MB
[runlim] sample:		3353.1 time, 13130.5 real, 54.3 MB
[runlim] sample:		3363.1 time, 13140.5 real, 54.3 MB
[runlim] sample:		3373.1 time, 13150.5 real, 54.3 MB
[runlim] sample:		3383.1 time, 13160.5 real, 54.3 MB
[runlim] sample:		3393.1 time, 13170.5 real, 54.3 MB
[runlim] sample:		3403.1 time, 13180.5 real, 54.3 MB
[runlim] sample:		3413.1 time, 13190.5 real, 54.3 MB
[runlim] sample:		3423.1 time, 13200.5 real, 54.3 MB
[runlim] sample:		3433.0 time, 13210.5 real, 54.3 MB
[runlim] sample:		3443.0 time, 13220.5 real, 54.3 MB
[runlim] sample:		3453.0 time, 13230.5 real, 54.3 MB
[runlim] sample:		3463.0 time, 13240.5 real, 54.3 MB
[runlim] sample:		3473.0 time, 13250.5 real, 54.3 MB
[runlim] sample:		3483.0 time, 13260.5 real, 54.3 MB
[runlim] sample:		3493.0 time, 13270.5 real, 54.3 MB
[runlim] sample:		3503.0 time, 13280.5 real, 54.3 MB
[runlim] sample:		3513.0 time, 13290.5 real, 54.3 MB
[runlim] sample:		3523.0 time, 13300.5 real, 54.3 MB
[runlim] sample:		3533.0 time, 13310.5 real, 54.3 MB
[runlim] sample:		3543.0 time, 13320.5 real, 54.3 MB
[runlim] sample:		3553.0 time, 13330.5 real, 54.3 MB
[runlim] sample:		3563.0 time, 13340.5 real, 54.3 MB
[runlim] sample:		3573.0 time, 13350.5 real, 54.3 MB
[runlim] sample:		3583.0 time, 13360.5 real, 54.3 MB
[runlim] sample:		3593.0 time, 13370.5 real, 54.3 MB
[runlim] sample:		3603.0 time, 13380.5 real, 54.3 MB
[runlim] sample:		3613.0 time, 13390.5 real, 54.3 MB
[runlim] sample:		3623.0 time, 13400.5 real, 54.3 MB
[runlim] sample:		3633.0 time, 13410.5 real, 54.3 MB
[runlim] sample:		3643.0 time, 13420.5 real, 54.3 MB
[runlim] sample:		3653.0 time, 13430.5 real, 54.3 MB
[runlim] sample:		3663.0 time, 13440.5 real, 54.3 MB
[runlim] sample:		3673.0 time, 13450.5 real, 54.3 MB
[runlim] sample:		3683.0 time, 13460.5 real, 54.3 MB
[runlim] sample:		3693.0 time, 13470.5 real, 54.3 MB
[runlim] sample:		3703.0 time, 13480.5 real, 54.3 MB
[runlim] sample:		3713.0 time, 13490.5 real, 54.3 MB
[runlim] sample:		3723.0 time, 13500.5 real, 54.3 MB
[runlim] sample:		3733.0 time, 13510.5 real, 54.3 MB
[runlim] sample:		3743.0 time, 13520.5 real, 54.3 MB
[runlim] sample:		3753.0 time, 13530.5 real, 54.3 MB
[runlim] sample:		3763.0 time, 13540.5 real, 54.3 MB
[runlim] sample:		3773.0 time, 13550.5 real, 54.3 MB
[runlim] sample:		3783.0 time, 13560.5 real, 54.3 MB
[runlim] sample:		3793.0 time, 13570.5 real, 54.3 MB
[runlim] sample:		3803.0 time, 13580.5 real, 54.3 MB
[runlim] sample:		3813.0 time, 13590.5 real, 54.3 MB
[runlim] sample:		3823.0 time, 13600.5 real, 54.3 MB
[runlim] sample:		3833.0 time, 13610.5 real, 54.3 MB
[runlim] sample:		3843.0 time, 13620.5 real, 54.3 MB
[runlim] sample:		3853.0 time, 13630.5 real, 54.3 MB
[runlim] sample:		3863.0 time, 13640.5 real, 54.3 MB
[runlim] sample:		3873.0 time, 13650.5 real, 54.3 MB
[runlim] sample:		3883.0 time, 13660.5 real, 54.3 MB
[runlim] sample:		3893.0 time, 13670.5 real, 54.3 MB
[runlim] sample:		3903.0 time, 13680.5 real, 54.3 MB
[runlim] sample:		3913.0 time, 13690.5 real, 54.3 MB
[runlim] sample:		3923.0 time, 13700.5 real, 54.3 MB
[runlim] sample:		3933.0 time, 13710.5 real, 54.3 MB
[runlim] sample:		3943.0 time, 13720.5 real, 54.3 MB
[runlim] sample:		3953.0 time, 13730.5 real, 54.3 MB
[runlim] sample:		3963.0 time, 13740.5 real, 54.3 MB
[runlim] sample:		3973.0 time, 13750.5 real, 54.3 MB
[runlim] sample:		3983.0 time, 13760.5 real, 54.3 MB
[runlim] sample:		3993.0 time, 13770.5 real, 54.3 MB
[runlim] sample:		4003.0 time, 13780.5 real, 54.3 MB
[runlim] sample:		4013.0 time, 13790.5 real, 54.3 MB
[runlim] sample:		4023.0 time, 13800.5 real, 54.3 MB
[runlim] sample:		4033.0 time, 13810.5 real, 54.3 MB
[runlim] sample:		4042.9 time, 13820.5 real, 54.3 MB
[runlim] sample:		4053.0 time, 13830.5 real, 54.3 MB
[runlim] sample:		4063.0 time, 13840.5 real, 54.3 MB
[runlim] sample:		4073.0 time, 13850.5 real, 54.3 MB
[runlim] sample:		4083.0 time, 13860.5 real, 54.3 MB
[runlim] sample:		4093.0 time, 13870.5 real, 54.3 MB
[runlim] sample:		4103.0 time, 13880.5 real, 54.3 MB
[runlim] sample:		4112.9 time, 13890.5 real, 54.3 MB
[runlim] sample:		4122.9 time, 13900.5 real, 54.3 MB
[runlim] sample:		4132.9 time, 13910.5 real, 54.3 MB
[runlim] sample:		4142.9 time, 13920.5 real, 54.3 MB
[runlim] sample:		4152.9 time, 13930.5 real, 54.3 MB
[runlim] sample:		4162.9 time, 13940.5 real, 54.3 MB
[runlim] sample:		4172.9 time, 13950.5 real, 54.3 MB
[runlim] sample:		4182.9 time, 13960.5 real, 54.3 MB
[runlim] sample:		4192.9 time, 13970.5 real, 54.3 MB
[runlim] sample:		4202.9 time, 13980.5 real, 54.3 MB
[runlim] sample:		4212.9 time, 13990.5 real, 54.3 MB
[runlim] sample:		4222.9 time, 14000.5 real, 54.3 MB
[runlim] sample:		4232.9 time, 14010.5 real, 54.3 MB
[runlim] sample:		4242.9 time, 14020.5 real, 54.3 MB
[runlim] sample:		4252.9 time, 14030.5 real, 54.5 MB
[runlim] sample:		4262.9 time, 14040.5 real, 54.5 MB
[runlim] sample:		4272.9 time, 14050.5 real, 54.5 MB
[runlim] sample:		4282.9 time, 14060.5 real, 54.5 MB
[runlim] sample:		4292.9 time, 14070.5 real, 54.5 MB
[runlim] sample:		4302.9 time, 14080.5 real, 54.5 MB
[runlim] sample:		4312.9 time, 14090.5 real, 54.5 MB
[runlim] sample:		4322.9 time, 14100.5 real, 54.5 MB
[runlim] sample:		4332.9 time, 14110.5 real, 54.5 MB
[runlim] sample:		4342.9 time, 14120.5 real, 54.5 MB
[runlim] sample:		4352.9 time, 14130.5 real, 54.5 MB
[runlim] sample:		4362.9 time, 14140.5 real, 54.5 MB
[runlim] sample:		4372.9 time, 14150.5 real, 54.5 MB
[runlim] sample:		4382.9 time, 14160.5 real, 54.5 MB
[runlim] sample:		4392.9 time, 14170.5 real, 54.5 MB
[runlim] sample:		4402.9 time, 14180.5 real, 54.5 MB
[runlim] sample:		4412.9 time, 14190.5 real, 54.5 MB
[runlim] sample:		4422.9 time, 14200.5 real, 54.5 MB
[runlim] sample:		4432.9 time, 14210.5 real, 54.5 MB
[runlim] sample:		4442.9 time, 14220.5 real, 54.5 MB
[runlim] sample:		4452.9 time, 14230.5 real, 54.5 MB
[runlim] sample:		4462.9 time, 14240.5 real, 54.5 MB
[runlim] sample:		4472.9 time, 14250.5 real, 54.5 MB
[runlim] sample:		4482.9 time, 14260.5 real, 54.5 MB
[runlim] sample:		4492.9 time, 14270.5 real, 54.5 MB
[runlim] sample:		4502.9 time, 14280.5 real, 54.5 MB
[runlim] sample:		4512.9 time, 14290.5 real, 54.5 MB
[runlim] sample:		4522.9 time, 14300.5 real, 54.5 MB
[runlim] sample:		4532.9 time, 14310.5 real, 54.5 MB
[runlim] sample:		4542.9 time, 14320.5 real, 54.5 MB
[runlim] sample:		4552.9 time, 14330.5 real, 54.5 MB
[runlim] sample:		4562.9 time, 14340.5 real, 54.5 MB
[runlim] sample:		4572.9 time, 14350.5 real, 54.5 MB
[runlim] sample:		4582.9 time, 14360.5 real, 54.5 MB
[runlim] sample:		4592.9 time, 14370.5 real, 54.5 MB
[runlim] sample:		4602.9 time, 14380.5 real, 54.5 MB
[runlim] sample:		4612.9 time, 14390.5 real, 54.5 MB
[runlim] sample:		4622.9 time, 14400.5 real, 54.5 MB
[runlim] sample:		4632.9 time, 14410.5 real, 54.5 MB
[runlim] sample:		4642.9 time, 14420.5 real, 54.5 MB
[runlim] sample:		4652.9 time, 14430.5 real, 54.5 MB
[runlim] sample:		4662.9 time, 14440.5 real, 54.5 MB
[runlim] sample:		4672.9 time, 14450.5 real, 54.5 MB
[runlim] sample:		4682.9 time, 14460.5 real, 54.5 MB
[runlim] sample:		4692.9 time, 14470.5 real, 54.5 MB
[runlim] sample:		4702.9 time, 14480.5 real, 54.5 MB
[runlim] sample:		4712.9 time, 14490.5 real, 54.5 MB
[runlim] sample:		4722.9 time, 14500.5 real, 54.5 MB
[runlim] sample:		4732.9 time, 14510.5 real, 54.5 MB
[runlim] sample:		4742.9 time, 14520.5 real, 54.5 MB
[runlim] sample:		4752.9 time, 14530.5 real, 54.5 MB
[runlim] sample:		4762.9 time, 14540.5 real, 54.5 MB
[runlim] sample:		4772.9 time, 14550.5 real, 54.5 MB
[runlim] sample:		4782.9 time, 14560.5 real, 54.5 MB
[runlim] sample:		4792.9 time, 14570.5 real, 54.5 MB
[runlim] sample:		4802.9 time, 14580.5 real, 54.5 MB
[runlim] sample:		4812.9 time, 14590.5 real, 54.5 MB
[runlim] sample:		4822.9 time, 14600.5 real, 54.5 MB
[runlim] sample:		4832.9 time, 14610.5 real, 54.5 MB
[runlim] sample:		4842.9 time, 14620.5 real, 54.5 MB
[runlim] sample:		4852.9 time, 14630.5 real, 54.5 MB
[runlim] sample:		4862.9 time, 14640.5 real, 54.5 MB
[runlim] sample:		4872.9 time, 14650.5 real, 54.5 MB
[runlim] sample:		4882.9 time, 14660.5 real, 54.5 MB
[runlim] sample:		4892.9 time, 14670.5 real, 54.5 MB
[runlim] sample:		4902.9 time, 14680.5 real, 54.5 MB
[runlim] sample:		4912.9 time, 14690.5 real, 54.5 MB
[runlim] sample:		4922.9 time, 14700.5 real, 54.5 MB
[runlim] sample:		4932.9 time, 14710.5 real, 54.5 MB
[runlim] sample:		4942.9 time, 14720.5 real, 54.5 MB
[runlim] sample:		4952.9 time, 14730.5 real, 54.5 MB
[runlim] sample:		4962.9 time, 14740.5 real, 54.5 MB
[runlim] sample:		4972.9 time, 14750.5 real, 54.5 MB
[runlim] sample:		4982.9 time, 14760.5 real, 54.5 MB
[runlim] sample:		4992.9 time, 14770.5 real, 54.5 MB
[runlim] sample:		5002.9 time, 14780.5 real, 54.5 MB
[runlim] sample:		5012.9 time, 14790.5 real, 54.5 MB
[runlim] sample:		5022.9 time, 14800.5 real, 54.5 MB
[runlim] sample:		5032.9 time, 14810.5 real, 54.5 MB
[runlim] sample:		5042.9 time, 14820.5 real, 54.5 MB
[runlim] sample:		5052.9 time, 14830.5 real, 54.5 MB
[runlim] sample:		5062.9 time, 14840.5 real, 54.5 MB
[runlim] sample:		5072.9 time, 14850.5 real, 54.5 MB
[runlim] sample:		5082.9 time, 14860.5 real, 54.5 MB
[runlim] sample:		5092.9 time, 14870.5 real, 54.5 MB
[runlim] sample:		5102.9 time, 14880.5 real, 54.5 MB
[runlim] sample:		5112.9 time, 14890.5 real, 54.5 MB
[runlim] sample:		5122.9 time, 14900.5 real, 54.5 MB
[runlim] sample:		5132.9 time, 14910.5 real, 54.5 MB
[runlim] sample:		5142.9 time, 14920.5 real, 54.5 MB
[runlim] sample:		5152.8 time, 14930.5 real, 54.5 MB
[runlim] sample:		5162.8 time, 14940.5 real, 54.5 MB
[runlim] sample:		5172.8 time, 14950.5 real, 54.5 MB
[runlim] sample:		5182.8 time, 14960.5 real, 54.5 MB
[runlim] sample:		5192.8 time, 14970.5 real, 54.5 MB
[runlim] sample:		5202.8 time, 14980.5 real, 54.5 MB
[runlim] sample:		5212.8 time, 14990.5 real, 54.5 MB
[runlim] sample:		5222.8 time, 15000.5 real, 54.5 MB
[runlim] sample:		5232.8 time, 15010.5 real, 54.5 MB
[runlim] sample:		5242.8 time, 15020.5 real, 54.5 MB
[runlim] sample:		5252.8 time, 15030.5 real, 54.5 MB
[runlim] sample:		5262.8 time, 15040.5 real, 54.5 MB
[runlim] sample:		5272.8 time, 15050.5 real, 54.5 MB
[runlim] sample:		5282.8 time, 15060.5 real, 54.5 MB
[runlim] sample:		5292.8 time, 15070.5 real, 54.5 MB
[runlim] sample:		5302.8 time, 15080.5 real, 54.5 MB
[runlim] sample:		5312.8 time, 15090.5 real, 54.5 MB
[runlim] sample:		5322.8 time, 15100.5 real, 54.5 MB
[runlim] sample:		5332.8 time, 15110.5 real, 54.5 MB
[runlim] sample:		5342.8 time, 15120.5 real, 54.5 MB
[runlim] sample:		5352.8 time, 15130.5 real, 54.5 MB
[runlim] sample:		5362.8 time, 15140.5 real, 54.5 MB
[runlim] sample:		5372.8 time, 15150.5 real, 54.5 MB
[runlim] sample:		5382.8 time, 15160.5 real, 54.5 MB
[runlim] sample:		5392.8 time, 15170.5 real, 54.5 MB
[runlim] sample:		5402.8 time, 15180.5 real, 54.5 MB
[runlim] sample:		5412.8 time, 15190.5 real, 54.5 MB
[runlim] sample:		5422.8 time, 15200.5 real, 54.5 MB
[runlim] sample:		5432.8 time, 15210.5 real, 54.5 MB
[runlim] sample:		5442.8 time, 15220.5 real, 54.5 MB
[runlim] end:			Mon May 11 07:33:33 2026
[runlim] status:		ok
[runlim] result:		0
[runlim] children:		97585
[runlim] real:			15226.70 seconds
[runlim] time:			5448.91 seconds
[runlim] space:			192.7 MB
[runlim] samples:		152261
