2026-05-01 10:48:26,362 - ======================================================================
2026-05-01 10:48:26,362 - CPLEX MIP SOLVER  |  FILE: X-n916-k207.vrp
2026-05-01 10:48:26,362 - ======================================================================
2026-05-01 10:48:27,628 - Thông tin dữ liệu: Dimension=916, K=207, Capacity=33
2026-05-01 10:48:27,628 - --- Step 1: Clarke-Wright Heuristic ---
2026-05-01 10:48:36,392 -     [CW-Phase4] BFD thất bại với 56 khách hàng. Kích hoạt Backtracking (Limit: 2.0s)...
2026-05-01 10:48:38,393 -     [CW-Phase4] Cảnh báo: Backtracking quá giờ hoặc kẹt không gian. Chuyển sang Fallback (Sweep).
2026-05-01 10:48:45,491 -     [CW-Phase4] BFD thất bại với 56 khách hàng. Kích hoạt Backtracking (Limit: 2.0s)...
2026-05-01 10:48:47,493 -     [CW-Phase4] Cảnh báo: Backtracking quá giờ hoặc kẹt không gian. Chuyển sang Fallback (Sweep).
2026-05-01 10:48:47,493 - ⚠️ Clarke-Wright kẹt với K giới hạn. Chạy fallback K=999...
2026-05-01 10:48:48,271 -   Kết quả CW: Cost = 417916, Time = 0.696s
2026-05-01 10:48:48,271 - --- Step 2: Advanced Optimization (CPLEX MIP) ---
2026-05-01 10:48:48,271 - =========================================
2026-05-01 10:48:48,271 - BẮT ĐẦU OPTIMIZE  (100% CPLEX MIP)
2026-05-01 10:48:48,271 -  -> Max Single Size  : 20
2026-05-01 10:48:48,271 -  -> Single Timeout   : 40.0s
2026-05-01 10:48:48,271 -  -> Max Pairwise Size: 16
2026-05-01 10:48:48,271 -  -> Pairwise Timeout : 45.0s
2026-05-01 10:48:48,271 -  -> Global Timeout   : 1200.0s
2026-05-01 10:48:48,272 -  -> Chi phí khởi điểm: 417916
2026-05-01 10:48:48,272 - =========================================
2026-05-01 10:48:48,272 - === BẮT ĐẦU CHẶNG 4: CPLEX MIP CHÍNH XÁC | Cost: 417916 ===
2026-05-01 10:48:48,272 -   [GĐ 4.1] Giải bài toán TSP trên từng tuyến đơn...
2026-05-01 10:48:50,802 -     -> Single CPLEX cải thiện: 1253. Cost mới: 416663
2026-05-01 10:48:50,802 -   [GĐ 4.2] Xét từng cặp tuyến để phân bổ lại khách hàng...
2026-05-01 10:48:50,802 -   --- Pairwise Iter 1 (còn 1197s) ---
2026-05-01 10:48:51,012 -     [P4.2] Pair (201,255) giảm 14 -> BEST = 416649
2026-05-01 10:48:51,030 -   --- Pairwise Iter 2 (còn 1197s) ---
2026-05-01 10:48:51,207 -     [P4.2] Pair (49,154) giảm 85 -> BEST = 416564
2026-05-01 10:48:51,225 -   --- Pairwise Iter 3 (còn 1197s) ---
2026-05-01 10:48:53,141 -     [P4.2] Pair (160,227) giảm 13 -> BEST = 416551
2026-05-01 10:48:53,161 -   --- Pairwise Iter 4 (còn 1195s) ---
2026-05-01 10:48:53,873 -     [P4.2] Pair (240,259) giảm 6 -> BEST = 416545
2026-05-01 10:48:53,891 -   --- Pairwise Iter 5 (còn 1194s) ---
2026-05-01 10:48:54,543 -     [P4.2] Pair (76,136) giảm 16 -> BEST = 416529
2026-05-01 10:48:54,560 -   --- Pairwise Iter 6 (còn 1194s) ---
2026-05-01 10:48:55,266 -     [P4.2] Pair (179,265) giảm 4 -> BEST = 416525
2026-05-01 10:48:55,284 -   --- Pairwise Iter 7 (còn 1193s) ---
2026-05-01 10:48:56,131 -     [P4.2] Pair (26,249) giảm 22 -> BEST = 416503
2026-05-01 10:48:56,149 -   --- Pairwise Iter 8 (còn 1192s) ---
2026-05-01 10:48:57,107 -     [P4.2] Pair (48,235) giảm 9 -> BEST = 416494
2026-05-01 10:48:57,127 -   --- Pairwise Iter 9 (còn 1191s) ---
2026-05-01 10:48:58,089 -     [P4.2] Pair (70,210) giảm 33 -> BEST = 416461
2026-05-01 10:48:58,106 -   --- Pairwise Iter 10 (còn 1190s) ---
2026-05-01 10:48:59,267 -     [P4.2] Pair (107,247) giảm 1 -> BEST = 416460
2026-05-01 10:48:59,286 -   --- Pairwise Iter 11 (còn 1189s) ---
2026-05-01 10:49:00,561 -     [P4.2] Pair (160,193) giảm 25 -> BEST = 416435
2026-05-01 10:49:00,580 -   --- Pairwise Iter 12 (còn 1188s) ---
2026-05-01 10:49:01,594 -     [P4.2] Pair (175,186) giảm 8 -> BEST = 416427
2026-05-01 10:49:01,611 -   --- Pairwise Iter 13 (còn 1187s) ---
2026-05-01 10:49:02,738 -     [P4.2] Pair (184,227) giảm 32 -> BEST = 416395
2026-05-01 10:49:02,757 -   --- Pairwise Iter 14 (còn 1186s) ---
2026-05-01 10:49:04,583 -     [P4.2] Pair (35,181) giảm 3 -> BEST = 416392
2026-05-01 10:49:04,601 -   --- Pairwise Iter 15 (còn 1184s) ---
2026-05-01 10:49:06,520 -     [P4.2] Pair (41,243) giảm 5 -> BEST = 416387
2026-05-01 10:49:06,541 -   --- Pairwise Iter 16 (còn 1182s) ---
2026-05-01 10:49:08,494 -     [P4.2] Pair (92,205) giảm 15 -> BEST = 416372
2026-05-01 10:49:08,509 -   --- Pairwise Iter 17 (còn 1180s) ---
2026-05-01 10:49:10,490 -     [P4.2] Pair (105,213) giảm 7 -> BEST = 416365
2026-05-01 10:49:10,509 -   --- Pairwise Iter 18 (còn 1178s) ---
2026-05-01 10:49:13,479 -     [P4.2] Pair (182,242) giảm 19 -> BEST = 416346
2026-05-01 10:49:13,497 -   --- Pairwise Iter 19 (còn 1175s) ---
2026-05-01 10:49:17,288 -     [P4.2] Pair (35,245) giảm 6 -> BEST = 416340
2026-05-01 10:49:17,305 -   --- Pairwise Iter 20 (còn 1171s) ---
2026-05-01 10:49:21,128 -     [P4.2] Pair (239,252) giảm 17 -> BEST = 416323
2026-05-01 10:49:21,147 -   --- Pairwise Iter 21 (còn 1167s) ---
2026-05-01 10:49:24,808 -     [P4.2] Pair (243,244) giảm 20 -> BEST = 416303
2026-05-01 10:49:24,831 -   --- Pairwise Iter 22 (còn 1163s) ---
2026-05-01 10:49:25,780 -     [P4.2] Pair (41,244) giảm 2 -> BEST = 416301
2026-05-01 10:49:25,798 -   --- Pairwise Iter 23 (còn 1162s) ---
2026-05-01 10:49:29,733 -     [P4.2] Pair (29,60) giảm 15 -> BEST = 416286
2026-05-01 10:49:29,751 -   --- Pairwise Iter 24 (còn 1159s) ---
2026-05-01 10:49:34,391 -     [P4.2] Pair (33,77) giảm 45 -> BEST = 416241
2026-05-01 10:49:34,411 -   --- Pairwise Iter 25 (còn 1154s) ---
2026-05-01 10:49:39,157 -     [P4.2] Pair (34,192) giảm 6 -> BEST = 416235
2026-05-01 10:49:39,186 -   --- Pairwise Iter 26 (còn 1149s) ---
2026-05-01 10:49:44,251 -     [P4.2] Pair (94,123) giảm 12 -> BEST = 416223
2026-05-01 10:49:44,275 -   --- Pairwise Iter 27 (còn 1144s) ---
2026-05-01 10:49:49,260 -     [P4.2] Pair (127,149) giảm 3 -> BEST = 416220
2026-05-01 10:49:49,280 -   --- Pairwise Iter 28 (còn 1139s) ---
2026-05-01 10:49:53,795 -     [P4.2] Pair (140,208) giảm 18 -> BEST = 416202
2026-05-01 10:49:53,812 -   --- Pairwise Iter 29 (còn 1134s) ---
2026-05-01 10:49:58,469 -     [P4.2] Pair (153,163) giảm 18 -> BEST = 416184
2026-05-01 10:49:58,490 -   --- Pairwise Iter 30 (còn 1130s) ---
2026-05-01 10:50:03,368 -     [P4.2] Pair (160,226) giảm 16 -> BEST = 416168
2026-05-01 10:50:03,384 -   --- Pairwise Iter 31 (còn 1125s) ---
2026-05-01 10:50:08,147 -     [P4.2] Pair (187,250) giảm 19 -> BEST = 416149
2026-05-01 10:50:08,166 -   --- Pairwise Iter 32 (còn 1120s) ---
2026-05-01 10:50:13,316 -     [P4.2] Pair (213,265) giảm 8 -> BEST = 416141
2026-05-01 10:50:13,335 -   --- Pairwise Iter 33 (còn 1115s) ---
2026-05-01 10:50:14,058 -     [P4.2] Pair (179,265) giảm 6 -> BEST = 416135
2026-05-01 10:50:14,068 -   --- Pairwise Iter 34 (còn 1114s) ---
2026-05-01 10:50:19,150 -     [P4.2] Pair (217,245) giảm 16 -> BEST = 416119
2026-05-01 10:50:19,174 -   --- Pairwise Iter 35 (còn 1109s) ---
2026-05-01 10:50:24,343 -     [P4.2] Pair (217,247) giảm 28 -> BEST = 416091
2026-05-01 10:50:24,362 -   --- Pairwise Iter 36 (còn 1104s) ---
2026-05-01 10:50:29,847 -     [P4.2] Pair (237,255) giảm 3 -> BEST = 416088
2026-05-01 10:50:29,870 -   --- Pairwise Iter 37 (còn 1098s) ---
2026-05-01 10:50:35,584 -     [P4.2] Pair (11,115) giảm 44 -> BEST = 416044
2026-05-01 10:50:35,601 -   --- Pairwise Iter 38 (còn 1093s) ---
2026-05-01 10:50:41,526 -     [P4.2] Pair (34,264) giảm 18 -> BEST = 416026
2026-05-01 10:50:41,550 -   --- Pairwise Iter 39 (còn 1087s) ---
2026-05-01 10:50:48,844 -     [P4.2] Pair (44,189) giảm 16 -> BEST = 416010
2026-05-01 10:50:48,870 -   --- Pairwise Iter 40 (còn 1079s) ---
2026-05-01 10:50:54,440 -     [P4.2] Pair (47,216) giảm 15 -> BEST = 415995
2026-05-01 10:50:54,460 -   --- Pairwise Iter 41 (còn 1074s) ---
2026-05-01 10:51:00,368 -     [P4.2] Pair (61,230) giảm 16 -> BEST = 415979
2026-05-01 10:51:00,387 -   --- Pairwise Iter 42 (còn 1068s) ---
2026-05-01 10:51:06,215 -     [P4.2] Pair (97,159) giảm 3 -> BEST = 415976
2026-05-01 10:51:06,235 -   --- Pairwise Iter 43 (còn 1062s) ---
2026-05-01 10:51:12,521 -     [P4.2] Pair (34,112) giảm 40 -> BEST = 415936
2026-05-01 10:51:12,540 -   --- Pairwise Iter 44 (còn 1056s) ---
2026-05-01 10:51:18,395 -     [P4.2] Pair (67,86) giảm 20 -> BEST = 415916
2026-05-01 10:51:18,413 -   --- Pairwise Iter 45 (còn 1050s) ---
2026-05-01 10:51:25,113 -     [P4.2] Pair (181,261) giảm 9 -> BEST = 415907
2026-05-01 10:51:25,131 -   --- Pairwise Iter 46 (còn 1043s) ---
2026-05-01 10:51:28,038 -     [P4.2] Pair (181,245) giảm 6 -> BEST = 415901
2026-05-01 10:51:28,057 -   --- Pairwise Iter 47 (còn 1040s) ---
2026-05-01 10:51:35,556 -     [P4.2] Pair (182,234) giảm 2 -> BEST = 415899
2026-05-01 10:51:35,576 -   --- Pairwise Iter 48 (còn 1033s) ---
2026-05-01 10:51:44,618 -     [P4.2] Pair (192,202) giảm 3 -> BEST = 415896
2026-05-01 10:51:44,639 -   --- Pairwise Iter 49 (còn 1024s) ---
2026-05-01 10:51:49,914 -     [P4.2] Pair (191,192) giảm 21 -> BEST = 415875
2026-05-01 10:51:49,936 -   --- Pairwise Iter 50 (còn 1018s) ---
2026-05-01 10:51:56,037 -     [P4.2] Pair (205,218) giảm 42 -> BEST = 415833
2026-05-01 10:51:56,047 -   --- Pairwise Iter 51 (còn 1012s) ---
2026-05-01 10:52:02,787 -     [P4.2] Pair (214,235) giảm 3 -> BEST = 415830
2026-05-01 10:52:02,813 -   --- Pairwise Iter 52 (còn 1005s) ---
2026-05-01 10:52:09,783 -     [P4.2] Pair (12,180) giảm 48 -> BEST = 415782
2026-05-01 10:52:09,802 -   --- Pairwise Iter 53 (còn 998s) ---
2026-05-01 10:52:16,813 -     [P4.2] Pair (24,168) giảm 48 -> BEST = 415734
2026-05-01 10:52:16,834 -   --- Pairwise Iter 54 (còn 991s) ---
2026-05-01 10:52:24,348 -     [P4.2] Pair (69,196) giảm 29 -> BEST = 415705
2026-05-01 10:52:24,366 -   --- Pairwise Iter 55 (còn 984s) ---
2026-05-01 10:52:31,582 -     [P4.2] Pair (79,114) giảm 13 -> BEST = 415692
2026-05-01 10:52:31,600 -   --- Pairwise Iter 56 (còn 977s) ---
2026-05-01 10:52:36,562 -     [P4.2] Pair (79,142) giảm 5 -> BEST = 415687
2026-05-01 10:52:36,584 -   --- Pairwise Iter 57 (còn 972s) ---
2026-05-01 10:52:43,258 -     [P4.2] Pair (128,242) giảm 15 -> BEST = 415672
2026-05-01 10:52:43,276 -   --- Pairwise Iter 58 (còn 965s) ---
2026-05-01 10:52:50,085 -     [P4.2] Pair (155,247) giảm 7 -> BEST = 415665
2026-05-01 10:52:50,103 -   --- Pairwise Iter 59 (còn 958s) ---
2026-05-01 10:52:54,630 -     [P4.2] Pair (35,155) giảm 3 -> BEST = 415662
2026-05-01 10:52:54,651 -   --- Pairwise Iter 60 (còn 954s) ---
2026-05-01 10:53:01,568 -     [P4.2] Pair (190,223) giảm 16 -> BEST = 415646
2026-05-01 10:53:01,584 -   --- Pairwise Iter 61 (còn 947s) ---
2026-05-01 10:53:06,725 -     [P4.2] Pair (86,190) giảm 12 -> BEST = 415634
2026-05-01 10:53:06,744 -   --- Pairwise Iter 62 (còn 942s) ---
2026-05-01 10:53:13,004 -     [P4.2] Pair (67,86) giảm 13 -> BEST = 415621
2026-05-01 10:53:13,015 -   --- Pairwise Iter 63 (còn 935s) ---
2026-05-01 10:53:14,228 -     [P4.2] Pair (86,219) giảm 8 -> BEST = 415613
2026-05-01 10:53:14,245 -   --- Pairwise Iter 64 (còn 934s) ---
2026-05-01 10:53:15,074 -     [P4.2] Pair (86,190) giảm 3 -> BEST = 415610
2026-05-01 10:53:15,093 -   --- Pairwise Iter 65 (còn 933s) ---
2026-05-01 10:53:22,442 -     [P4.2] Pair (67,239) giảm 6 -> BEST = 415604
2026-05-01 10:53:22,449 -   --- Pairwise Iter 66 (còn 926s) ---
2026-05-01 10:53:27,970 -     [P4.2] Pair (190,239) giảm 24 -> BEST = 415580
2026-05-01 10:53:27,980 -   --- Pairwise Iter 67 (còn 920s) ---
2026-05-01 10:53:35,578 -     [P4.2] Pair (82,143) giảm 11 -> BEST = 415569
2026-05-01 10:53:35,597 -   --- Pairwise Iter 68 (còn 913s) ---
2026-05-01 10:53:44,389 -     [P4.2] Pair (94,198) giảm 23 -> BEST = 415546
2026-05-01 10:53:44,408 -   --- Pairwise Iter 69 (còn 904s) ---
2026-05-01 10:53:53,805 -     [P4.2] Pair (99,145) giảm 44 -> BEST = 415502
2026-05-01 10:53:53,826 -   --- Pairwise Iter 70 (còn 894s) ---
2026-05-01 10:54:06,424 -     [P4.2] Pair (193,227) giảm 26 -> BEST = 415476
2026-05-01 10:54:06,442 -   --- Pairwise Iter 71 (còn 882s) ---
2026-05-01 10:54:18,964 -     [P4.2] Pair (193,226) giảm 8 -> BEST = 415468
2026-05-01 10:54:18,985 -   --- Pairwise Iter 72 (còn 869s) ---
2026-05-01 10:54:24,139 -     [P4.2] Pair (160,226) giảm 69 -> BEST = 415399
2026-05-01 10:54:24,152 -   --- Pairwise Iter 73 (còn 864s) ---
2026-05-01 10:54:38,459 -     [P4.2] Pair (206,247) giảm 6 -> BEST = 415393
2026-05-01 10:54:38,479 -   --- Pairwise Iter 74 (còn 850s) ---
2026-05-01 10:54:46,538 -     [P4.2] Pair (155,206) giảm 3 -> BEST = 415390
2026-05-01 10:54:46,556 -   --- Pairwise Iter 75 (còn 842s) ---
2026-05-01 10:54:54,175 -     [P4.2] Pair (35,206) giảm 3 -> BEST = 415387
2026-05-01 10:54:54,203 -   --- Pairwise Iter 76 (còn 834s) ---
2026-05-01 10:55:12,703 -     [P4.2] Pair (246,253) giảm 19 -> BEST = 415368
2026-05-01 10:55:12,725 -   --- Pairwise Iter 77 (còn 816s) ---
2026-05-01 10:55:31,013 -     [P4.2] Pair (0,118) giảm 3 -> BEST = 415365
2026-05-01 10:55:31,032 -   --- Pairwise Iter 78 (còn 797s) ---
2026-05-01 10:55:50,047 -     [P4.2] Pair (27,194) giảm 10 -> BEST = 415355
2026-05-01 10:55:50,064 -   --- Pairwise Iter 79 (còn 778s) ---
2026-05-01 10:56:09,166 -     [P4.2] Pair (33,131) giảm 1 -> BEST = 415354
2026-05-01 10:56:09,192 -   --- Pairwise Iter 80 (còn 759s) ---
2026-05-01 10:56:28,372 -     [P4.2] Pair (35,107) giảm 1 -> BEST = 415353
2026-05-01 10:56:28,391 -   --- Pairwise Iter 81 (còn 740s) ---
2026-05-01 10:56:45,991 -     [P4.2] Pair (69,203) giảm 28 -> BEST = 415325
2026-05-01 10:56:46,008 -   --- Pairwise Iter 82 (còn 722s) ---
2026-05-01 10:57:05,811 -     [P4.2] Pair (240,245) giảm 7 -> BEST = 415318
2026-05-01 10:57:05,831 -   --- Pairwise Iter 83 (còn 702s) ---
2026-05-01 10:57:26,306 -     [P4.2] Pair (15,172) giảm 26 -> BEST = 415292
2026-05-01 10:57:26,329 -   --- Pairwise Iter 84 (còn 682s) ---
2026-05-01 10:57:47,263 -     [P4.2] Pair (38,71) giảm 47 -> BEST = 415245
2026-05-01 10:57:47,285 -   --- Pairwise Iter 85 (còn 661s) ---
2026-05-01 10:58:09,562 -     [P4.2] Pair (48,175) giảm 48 -> BEST = 415197
2026-05-01 10:58:09,578 -   --- Pairwise Iter 86 (còn 639s) ---
2026-05-01 10:58:30,172 -     [P4.2] Pair (64,144) giảm 29 -> BEST = 415168
2026-05-01 10:58:30,188 -   --- Pairwise Iter 87 (còn 618s) ---
2026-05-01 10:58:49,257 -     [P4.2] Pair (64,168) giảm 12 -> BEST = 415156
2026-05-01 10:58:49,276 -   --- Pairwise Iter 88 (còn 599s) ---
2026-05-01 10:59:09,019 -     [P4.2] Pair (86,223) giảm 8 -> BEST = 415148
2026-05-01 10:59:09,044 -   --- Pairwise Iter 89 (còn 579s) ---
2026-05-01 10:59:28,716 -     [P4.2] Pair (123,172) giảm 27 -> BEST = 415121
2026-05-01 10:59:28,746 -   --- Pairwise Iter 90 (còn 560s) ---
2026-05-01 10:59:48,913 -     [P4.2] Pair (153,220) giảm 18 -> BEST = 415103
2026-05-01 10:59:48,932 -   --- Pairwise Iter 91 (còn 539s) ---
2026-05-01 10:59:52,342 -     [P4.2] Pair (153,163) giảm 67 -> BEST = 415036
2026-05-01 10:59:52,358 -   --- Pairwise Iter 92 (còn 536s) ---
2026-05-01 11:00:12,815 -     [P4.2] Pair (164,208) giảm 9 -> BEST = 415027
2026-05-01 11:00:12,831 -   --- Pairwise Iter 93 (còn 515s) ---
2026-05-01 11:00:19,467 -     [P4.2] Pair (140,164) giảm 44 -> BEST = 414983
2026-05-01 11:00:19,477 -   --- Pairwise Iter 94 (còn 509s) ---
2026-05-01 11:00:26,340 -     [P4.2] Pair (140,208) giảm 22 -> BEST = 414961
2026-05-01 11:00:26,359 -   --- Pairwise Iter 95 (còn 502s) ---
2026-05-01 11:00:48,110 -     [P4.2] Pair (26,176) giảm 15 -> BEST = 414946
2026-05-01 11:00:48,133 -   --- Pairwise Iter 96 (còn 480s) ---
2026-05-01 11:01:10,439 -     [P4.2] Pair (35,247) giảm 4 -> BEST = 414942
2026-05-01 11:01:10,456 -   --- Pairwise Iter 97 (còn 458s) ---
2026-05-01 11:01:26,971 -     [P4.2] Pair (155,247) giảm 23 -> BEST = 414919
2026-05-01 11:01:26,980 -   --- Pairwise Iter 98 (còn 441s) ---
2026-05-01 11:01:52,302 -     [P4.2] Pair (37,174) giảm 45 -> BEST = 414874
2026-05-01 11:01:52,323 -   --- Pairwise Iter 99 (còn 416s) ---
2026-05-01 11:02:16,878 -     [P4.2] Pair (61,205) giảm 2 -> BEST = 414872
2026-05-01 11:02:16,885 -   --- Pairwise Iter 100 (còn 391s) ---
2026-05-01 11:02:38,459 -     [P4.2] Pair (76,255) giảm 41 -> BEST = 414831
2026-05-01 11:02:38,475 -   --- Pairwise Iter 101 (còn 370s) ---
2026-05-01 11:02:43,102 -     [P4.2] Pair (76,237) giảm 55 -> BEST = 414776
2026-05-01 11:02:43,148 -   --- Pairwise Iter 102 (còn 365s) ---
2026-05-01 11:03:03,627 -     [P4.2] Pair (236,237) giảm 32 -> BEST = 414744
2026-05-01 11:03:03,637 -   --- Pairwise Iter 103 (còn 345s) ---
2026-05-01 11:03:27,244 -     [P4.2] Pair (81,145) giảm 70 -> BEST = 414674
2026-05-01 11:03:27,255 -   --- Pairwise Iter 104 (còn 321s) ---
2026-05-01 11:03:52,473 -     [P4.2] Pair (111,230) giảm 19 -> BEST = 414655
2026-05-01 11:03:52,505 -   --- Pairwise Iter 105 (còn 296s) ---
2026-05-01 11:03:57,374 -     [P4.2] Pair (181,230) giảm 4 -> BEST = 414651
2026-05-01 11:03:57,392 -   --- Pairwise Iter 106 (còn 291s) ---
2026-05-01 11:04:00,644 -     [P4.2] Pair (230,240) giảm 16 -> BEST = 414635
2026-05-01 11:04:00,662 -   --- Pairwise Iter 107 (còn 288s) ---
2026-05-01 11:04:23,420 -     [P4.2] Pair (217,230) giảm 16 -> BEST = 414619
2026-05-01 11:04:23,439 -   --- Pairwise Iter 108 (còn 265s) ---
2026-05-01 11:04:30,888 -     [P4.2] Pair (107,217) giảm 6 -> BEST = 414613
2026-05-01 11:04:30,908 -   --- Pairwise Iter 109 (còn 257s) ---
2026-05-01 11:04:33,068 -     [P4.2] Pair (35,107) giảm 11 -> BEST = 414602
2026-05-01 11:04:33,087 -   --- Pairwise Iter 110 (còn 255s) ---
2026-05-01 11:04:33,533 -     [P4.2] Pair (107,155) giảm 11 -> BEST = 414591
2026-05-01 11:04:33,551 -   --- Pairwise Iter 111 (còn 255s) ---
2026-05-01 11:04:40,018 -     [P4.2] Pair (107,206) giảm 8 -> BEST = 414583
2026-05-01 11:04:40,038 -   --- Pairwise Iter 112 (còn 248s) ---
2026-05-01 11:04:55,351 -     [P4.2] Pair (107,125) giảm 2 -> BEST = 414581
2026-05-01 11:04:55,372 -   --- Pairwise Iter 113 (còn 233s) ---
2026-05-01 11:05:18,454 -     [P4.2] Pair (112,215) giảm 62 -> BEST = 414519
2026-05-01 11:05:18,471 -   --- Pairwise Iter 114 (còn 210s) ---
2026-05-01 11:05:42,679 -     [P4.2] Pair (170,224) giảm 3 -> BEST = 414516
2026-05-01 11:05:42,705 -   --- Pairwise Iter 115 (còn 186s) ---
2026-05-01 11:06:06,918 -     [P4.2] Pair (91,224) giảm 17 -> BEST = 414499
2026-05-01 11:06:06,937 -   --- Pairwise Iter 116 (còn 161s) ---
2026-05-01 11:06:32,633 -     [P4.2] Pair (245,251) giảm 3 -> BEST = 414496
2026-05-01 11:06:32,653 -   --- Pairwise Iter 117 (còn 136s) ---
2026-05-01 11:06:59,229 -     [P4.2] Pair (252,256) giảm 12 -> BEST = 414484
2026-05-01 11:06:59,254 -   --- Pairwise Iter 118 (còn 109s) ---
2026-05-01 11:07:21,308 -     [P4.2] Pair (198,252) giảm 28 -> BEST = 414456
2026-05-01 11:07:21,330 -   --- Pairwise Iter 119 (còn 87s) ---
2026-05-01 11:07:48,067 -     [P4.2] Pair (70,171) giảm 27 -> BEST = 414429
2026-05-01 11:07:48,085 -   --- Pairwise Iter 120 (còn 60s) ---
2026-05-01 11:08:15,142 -     [P4.2] Pair (73,101) giảm 21 -> BEST = 414408
2026-05-01 11:08:15,166 -   --- Pairwise Iter 121 (còn 33s) ---
2026-05-01 11:08:43,402 -     [P4.2] Pair (122,149) giảm 13 -> BEST = 414395
2026-05-01 11:08:43,423 -   --- Pairwise Iter 122 (còn 5s) ---
2026-05-01 11:08:46,414 -     -> Đã đạt cực trị toàn cục cho mọi cặp dưới ngưỡng. KẾT THÚC CHẶNG 4.
2026-05-01 11:08:46,415 - Hoàn thành trong 1198.1s. Final Cost: 414395
2026-05-01 11:08:46,415 - ======================================================================
2026-05-01 11:08:46,415 - BÁO CÁO TỔNG KẾT (SUMMARY)
2026-05-01 11:08:46,415 - ======================================================================
2026-05-01 11:08:46,415 -   1. Chi phí Clarke-Wright:     417916
2026-05-01 11:08:46,415 -   2. Chi phí sau CPLEX MIP:     414395
2026-05-01 11:08:46,415 -   => TỔNG CẢI THIỆN:            3521
2026-05-01 11:08:46,415 -   => Số lần CPLEX Single cải thiện  : 115 lần
2026-05-01 11:08:46,415 -   => Số lần CPLEX Pairwise cải thiện: 121 lần
2026-05-01 11:08:46,416 -   => TỔNG THỜI GIAN CHẠY:       1198.841s
2026-05-01 11:08:46,418 - ======================================================================
2026-05-01 11:08:46,418 - CPLEX MIP SOLVER  |  FILE: X-n936-k151.vrp
2026-05-01 11:08:46,418 - ======================================================================
2026-05-01 11:08:47,764 - Thông tin dữ liệu: Dimension=936, K=151, Capacity=138
2026-05-01 11:08:47,764 - --- Step 1: Clarke-Wright Heuristic ---
