2026-05-10 14:10:04,605 - ======================================================================
2026-05-10 14:10:04,606 - CPLEX MIP SOLVER  |  FILE: X-n957-k87.vrp
2026-05-10 14:10:04,606 - ======================================================================
2026-05-10 14:10:05,927 - Thông tin dữ liệu: Dimension=957, K=87, Capacity=11
2026-05-10 14:10:05,927 - --- Step 1: Clarke-Wright Heuristic ---
2026-05-10 14:10:08,525 -   Kết quả CW: Cost = 107210, Time = 2.598s
2026-05-10 14:10:08,526 - --- Step 2: Advanced Optimization (CPLEX MIP) ---
2026-05-10 14:10:08,526 - =========================================
2026-05-10 14:10:08,526 - BẮT ĐẦU OPTIMIZE  (100% CPLEX MIP)
2026-05-10 14:10:08,526 -  -> Max Single Size  : 27
2026-05-10 14:10:08,526 -  -> Single Timeout   : 40.0s
2026-05-10 14:10:08,526 -  -> Max Pairwise Size: 28
2026-05-10 14:10:08,526 -  -> Pairwise Timeout : 110.0s
2026-05-10 14:10:08,526 -  -> Global Timeout   : 1200.0s
2026-05-10 14:10:08,526 -  -> Chi phí khởi điểm: 107210
2026-05-10 14:10:08,526 - =========================================
2026-05-10 14:10:08,527 - === BẮT ĐẦU CHẶNG 4: CPLEX MIP CHÍNH XÁC | Cost: 107210 ===
2026-05-10 14:10:08,527 -   [GĐ 4.1] Giải bài toán TSP trên từng tuyến đơn...
2026-05-10 14:23:42,812 -     -> Single CPLEX cải thiện: 3974. Cost mới: 103236
2026-05-10 14:23:42,814 -   [GĐ 4.2] Xét từng cặp tuyến để phân bổ lại khách hàng...
2026-05-10 14:23:42,814 -   --- Pairwise Iter 1 (còn 386s) ---
2026-05-10 14:27:23,067 -     [P4.2] Pair (21,51) giảm 139 -> BEST = 103097
2026-05-10 14:27:24,872 -   --- Pairwise Iter 2 (còn 164s) ---
2026-05-10 14:30:06,646 -     [P4.2] Pair (54,82) giảm 8 -> BEST = 103089
2026-05-10 14:30:06,646 -   --- Pairwise Iter 3 (còn 2s) ---
2026-05-10 14:30:06,764 -     -> Đã đạt cực trị toàn cục cho mọi cặp dưới ngưỡng. KẾT THÚC CHẶNG 4.
2026-05-10 14:30:06,764 - Hoàn thành trong 1198.2s. Final Cost: 103089
2026-05-10 14:30:06,765 - ======================================================================
2026-05-10 14:30:06,765 - BÁO CÁO TỔNG KẾT (SUMMARY)
2026-05-10 14:30:06,765 - ======================================================================
2026-05-10 14:30:06,765 -   1. Chi phí Clarke-Wright:     107210
2026-05-10 14:30:06,765 -   2. Chi phí sau CPLEX MIP:     103089
2026-05-10 14:30:06,765 -   => TỔNG CẢI THIỆN:            4121
2026-05-10 14:30:06,765 -   => Số lần CPLEX Single cải thiện  : 82 lần
2026-05-10 14:30:06,765 -   => Số lần CPLEX Pairwise cải thiện: 2 lần
2026-05-10 14:30:06,765 -   => TỔNG THỜI GIAN CHẠY:       1200.836s
2026-05-10 14:30:06,770 - ======================================================================
2026-05-10 14:30:06,770 - CPLEX MIP SOLVER  |  FILE: X-n979-k58.vrp
2026-05-10 14:30:06,771 - ======================================================================
2026-05-10 14:30:08,159 - Thông tin dữ liệu: Dimension=979, K=58, Capacity=998
2026-05-10 14:30:08,159 - --- Step 1: Clarke-Wright Heuristic ---
2026-05-10 14:30:11,690 -   Kết quả CW: Cost = 147726, Time = 3.530s
2026-05-10 14:30:11,690 - --- Step 2: Advanced Optimization (CPLEX MIP) ---
2026-05-10 14:30:11,690 - =========================================
2026-05-10 14:30:11,690 - BẮT ĐẦU OPTIMIZE  (100% CPLEX MIP)
2026-05-10 14:30:11,690 -  -> Max Single Size  : 35
2026-05-10 14:30:11,690 -  -> Single Timeout   : 40.0s
2026-05-10 14:30:11,690 -  -> Max Pairwise Size: 28
2026-05-10 14:30:11,690 -  -> Pairwise Timeout : 150.0s
2026-05-10 14:30:11,690 -  -> Global Timeout   : 1200.0s
2026-05-10 14:30:11,691 -  -> Chi phí khởi điểm: 147726
2026-05-10 14:30:11,691 - =========================================
2026-05-10 14:30:11,691 - === BẮT ĐẦU CHẶNG 4: CPLEX MIP CHÍNH XÁC | Cost: 147726 ===
2026-05-10 14:30:11,691 -   [GĐ 4.1] Giải bài toán TSP trên từng tuyến đơn...
2026-05-10 14:50:09,715 -     -> Single CPLEX cải thiện: 4882. Cost mới: 142844
2026-05-10 14:50:09,715 -   [GĐ 4.2] Xét từng cặp tuyến để phân bổ lại khách hàng...
2026-05-10 14:50:09,716 -   --- Pairwise Iter 1 (còn 2s) ---
2026-05-10 14:50:09,830 -     -> Đã đạt cực trị toàn cục cho mọi cặp dưới ngưỡng. KẾT THÚC CHẶNG 4.
2026-05-10 14:50:09,830 - Hoàn thành trong 1198.1s. Final Cost: 142844
2026-05-10 14:50:09,830 - ======================================================================
2026-05-10 14:50:09,830 - BÁO CÁO TỔNG KẾT (SUMMARY)
2026-05-10 14:50:09,830 - ======================================================================
2026-05-10 14:50:09,830 -   1. Chi phí Clarke-Wright:     147726
2026-05-10 14:50:09,830 -   2. Chi phí sau CPLEX MIP:     142844
2026-05-10 14:50:09,830 -   => TỔNG CẢI THIỆN:            4882
2026-05-10 14:50:09,830 -   => Số lần CPLEX Single cải thiện  : 38 lần
2026-05-10 14:50:09,830 -   => Số lần CPLEX Pairwise cải thiện: 0 lần
2026-05-10 14:50:09,831 -   => TỔNG THỜI GIAN CHẠY:       1201.670s
2026-05-10 14:50:09,836 - ======================================================================
2026-05-10 14:50:09,837 - CPLEX MIP SOLVER  |  FILE: X-n1001-k43.vrp
2026-05-10 14:50:09,837 - ======================================================================
2026-05-10 14:50:11,373 - Thông tin dữ liệu: Dimension=1001, K=43, Capacity=131
2026-05-10 14:50:11,374 - --- Step 1: Clarke-Wright Heuristic ---
2026-05-10 14:50:15,323 -   Kết quả CW: Cost = 96781, Time = 3.949s
2026-05-10 14:50:15,323 - --- Step 2: Advanced Optimization (CPLEX MIP) ---
2026-05-10 14:50:15,323 - =========================================
2026-05-10 14:50:15,323 - BẮT ĐẦU OPTIMIZE  (100% CPLEX MIP)
2026-05-10 14:50:15,323 -  -> Max Single Size  : 35
2026-05-10 14:50:15,323 -  -> Single Timeout   : 40.0s
2026-05-10 14:50:15,323 -  -> Max Pairwise Size: 28
2026-05-10 14:50:15,323 -  -> Pairwise Timeout : 150.0s
2026-05-10 14:50:15,323 -  -> Global Timeout   : 1200.0s
2026-05-10 14:50:15,324 -  -> Chi phí khởi điểm: 96781
2026-05-10 14:50:15,324 - =========================================
2026-05-10 14:50:15,324 - === BẮT ĐẦU CHẶNG 4: CPLEX MIP CHÍNH XÁC | Cost: 96781 ===
2026-05-10 14:50:15,324 -   [GĐ 4.1] Giải bài toán TSP trên từng tuyến đơn...
2026-05-10 15:10:13,389 -     -> Single CPLEX cải thiện: 6742. Cost mới: 90039
2026-05-10 15:10:13,389 -   [GĐ 4.2] Xét từng cặp tuyến để phân bổ lại khách hàng...
2026-05-10 15:10:13,389 -   --- Pairwise Iter 1 (còn 2s) ---
2026-05-10 15:10:13,490 -     -> Đã đạt cực trị toàn cục cho mọi cặp dưới ngưỡng. KẾT THÚC CHẶNG 4.
2026-05-10 15:10:13,490 - Hoàn thành trong 1198.2s. Final Cost: 90039
2026-05-10 15:10:13,490 - ======================================================================
2026-05-10 15:10:13,490 - BÁO CÁO TỔNG KẾT (SUMMARY)
2026-05-10 15:10:13,490 - ======================================================================
2026-05-10 15:10:13,490 -   1. Chi phí Clarke-Wright:     96781
2026-05-10 15:10:13,490 -   2. Chi phí sau CPLEX MIP:     90039
2026-05-10 15:10:13,490 -   => TỔNG CẢI THIỆN:            6742
2026-05-10 15:10:13,490 -   => Số lần CPLEX Single cải thiện  : 37 lần
2026-05-10 15:10:13,491 -   => Số lần CPLEX Pairwise cải thiện: 0 lần
2026-05-10 15:10:13,491 -   => TỔNG THỜI GIAN CHẠY:       1202.116s
