2026-05-01 11:13:26,108 - ======================================================================
2026-05-01 11:13:26,108 - CPLEX MIP SOLVER  |  FILE: X-n916-k207.vrp
2026-05-01 11:13:26,108 - ======================================================================
2026-05-01 11:13:27,394 - Thông tin dữ liệu: Dimension=916, K=207, Capacity=33
2026-05-01 11:13:27,394 - --- Step 1: Clarke-Wright Heuristic ---
2026-05-01 11:13:35,422 -     [CW-Phase4] BFD thất bại với 56 khách hàng. Kích hoạt Backtracking (Giảm depth dần)...
2026-05-01 11:13:35,432 -       -> Thử hoán đổi với depth=3 (Limit: 10s)...
2026-05-01 11:13:45,443 -       -> Thử hoán đổi với depth=2 (Limit: 10s)...
2026-05-01 11:13:50,301 -       -> Thử hoán đổi với depth=1 (Limit: 10s)...
2026-05-01 11:13:50,309 -     [CW-Phase4] TẤT CẢ depth đều thất bại hoặc timeout. Chuyển sang Fallback (Sweep).
2026-05-01 11:13:57,013 -     [CW-Phase4] BFD thất bại với 56 khách hàng. Kích hoạt Backtracking (Giảm depth dần)...
2026-05-01 11:13:57,023 -       -> Thử hoán đổi với depth=3 (Limit: 10s)...
2026-05-01 11:14:07,034 -       -> Thử hoán đổi với depth=2 (Limit: 10s)...
2026-05-01 11:14:11,868 -       -> Thử hoán đổi với depth=1 (Limit: 10s)...
2026-05-01 11:14:11,875 -     [CW-Phase4] TẤT CẢ depth đều thất bại hoặc timeout. Chuyển sang Fallback (Sweep).
2026-05-01 11:14:11,876 - ⚠️ Clarke-Wright kẹt với K giới hạn. Chạy fallback K=999...
2026-05-01 11:14:12,621 -   Kết quả CW: Cost = 417916, Time = 0.670s
2026-05-01 11:14:12,621 - --- Step 2: Advanced Optimization (CPLEX MIP) ---
2026-05-01 11:14:12,622 - =========================================
2026-05-01 11:14:12,622 - BẮT ĐẦU OPTIMIZE  (100% CPLEX MIP)
2026-05-01 11:14:12,622 -  -> Max Single Size  : 20
2026-05-01 11:14:12,622 -  -> Single Timeout   : 40.0s
2026-05-01 11:14:12,622 -  -> Max Pairwise Size: 16
2026-05-01 11:14:12,622 -  -> Pairwise Timeout : 45.0s
2026-05-01 11:14:12,622 -  -> Global Timeout   : 1200.0s
2026-05-01 11:14:12,622 -  -> Chi phí khởi điểm: 417916
2026-05-01 11:14:12,622 - =========================================
2026-05-01 11:14:12,623 - === BẮT ĐẦU CHẶNG 4: CPLEX MIP CHÍNH XÁC | Cost: 417916 ===
2026-05-01 11:14:12,623 -   [GĐ 4.1] Giải bài toán TSP trên từng tuyến đơn...
2026-05-01 11:14:15,299 -     -> Single CPLEX cải thiện: 1253. Cost mới: 416663
2026-05-01 11:14:15,299 -   [GĐ 4.2] Xét từng cặp tuyến để phân bổ lại khách hàng...
2026-05-01 11:14:15,299 -   --- Pairwise Iter 1 (còn 1197s) ---
