2026-04-04 16:20:48,360 - ======================================================================
2026-04-04 16:20:48,360 - CPLEX MIP SOLVER  |  FILE: B-n31-k5.vrp
2026-04-04 16:20:48,361 - ======================================================================
2026-04-04 16:20:48,362 - Thông tin dữ liệu: Dimension=31, K=5, Capacity=100
2026-04-04 16:20:48,363 - --- Step 1: Clarke-Wright Heuristic ---
2026-04-04 16:20:48,364 -   Kết quả CW: Cost = 748, Time = 0.001s
2026-04-04 16:20:48,364 - --- Step 2: Advanced Optimization (CPLEX MIP) ---
2026-04-04 16:20:48,364 - =========================================
2026-04-04 16:20:48,365 - BẮT ĐẦU OPTIMIZE  (100% CPLEX MIP)
2026-04-04 16:20:48,365 -  -> Max Single Size  : 20
2026-04-04 16:20:48,365 -  -> Single Timeout   : 40.0s
2026-04-04 16:20:48,365 -  -> Max Pairwise Size: 18
2026-04-04 16:20:48,365 -  -> Pairwise Timeout : 50s
2026-04-04 16:20:48,365 -  -> Global Timeout   : 1200.0s
2026-04-04 16:20:48,366 -  -> Chi phí khởi điểm: 748
2026-04-04 16:20:48,366 - =========================================
2026-04-04 16:20:48,366 - === BẮT ĐẦU CHẶNG 4: CPLEX MIP CHÍNH XÁC | Cost: 748 ===
2026-04-04 16:20:48,366 -   [GĐ 4.1] Giải bài toán TSP trên từng tuyến đơn...
2026-04-04 16:20:48,472 -     -> Single CPLEX cải thiện: 18. Cost mới: 730
2026-04-04 16:20:48,473 -   [GĐ 4.2] Xét từng cặp tuyến để phân bổ lại khách hàng...
2026-04-04 16:20:48,473 -   --- Pairwise Iter 1 (còn 1200s) ---
2026-04-04 16:21:38,515 -     [P4.2] Pair (1,2) giảm 19 -> BEST = 711
2026-04-04 16:21:38,515 -   --- Pairwise Iter 2 (còn 1150s) ---
2026-04-04 16:22:28,551 -     [P4.2] Pair (1,3) giảm 10 -> BEST = 701
2026-04-04 16:22:28,551 -   --- Pairwise Iter 3 (còn 1100s) ---
2026-04-04 16:23:20,616 -     [P4.2] Pair (1,4) giảm 3 -> BEST = 698
2026-04-04 16:23:20,616 -   --- Pairwise Iter 4 (còn 1048s) ---
2026-04-04 16:23:32,928 -     [P4.2] Pair (1,3) giảm 7 -> BEST = 691
2026-04-04 16:23:32,928 -   --- Pairwise Iter 5 (còn 1035s) ---
2026-04-04 16:26:08,794 -     [P4.2] Pair (1,2) giảm 6 -> BEST = 685
2026-04-04 16:26:08,794 -   --- Pairwise Iter 6 (còn 880s) ---
2026-04-04 16:26:50,205 -     [P4.2] Pair (1,3) giảm 4 -> BEST = 681
2026-04-04 16:26:50,205 -   --- Pairwise Iter 7 (còn 838s) ---
2026-04-04 16:29:40,420 -     [P4.2] Pair (0,4) giảm 4 -> BEST = 677
2026-04-04 16:29:40,420 -   --- Pairwise Iter 8 (còn 668s) ---
2026-04-04 16:33:40,208 -     -> Đã đạt cực trị toàn cục cho mọi cặp dưới ngưỡng. KẾT THÚC CHẶNG 4.
2026-04-04 16:33:40,209 - Hoàn thành trong 771.8s. Final Cost: 677
2026-04-04 16:33:40,209 - ======================================================================
2026-04-04 16:33:40,209 - BÁO CÁO TỔNG KẾT (SUMMARY)
2026-04-04 16:33:40,209 - ======================================================================
2026-04-04 16:33:40,209 -   1. Chi phí Clarke-Wright:     748
2026-04-04 16:33:40,209 -   2. Chi phí sau CPLEX MIP:     677
2026-04-04 16:33:40,209 -   => TỔNG CẢI THIỆN:            71
2026-04-04 16:33:40,209 -   => Số lần CPLEX Single cải thiện  : 4 lần
2026-04-04 16:33:40,209 -   => Số lần CPLEX Pairwise cải thiện: 7 lần
2026-04-04 16:33:40,209 -   => TỔNG THỜI GIAN CHẠY:       771.845s
2026-04-04 16:33:40,209 - ======================================================================
2026-04-04 16:33:40,209 - CPLEX MIP SOLVER  |  FILE: B-n34-k5.vrp
2026-04-04 16:33:40,209 - ======================================================================
2026-04-04 16:33:40,211 - Thông tin dữ liệu: Dimension=34, K=5, Capacity=100
2026-04-04 16:33:40,211 - --- Step 1: Clarke-Wright Heuristic ---
2026-04-04 16:33:40,212 -   Kết quả CW: Cost = 936, Time = 0.001s
2026-04-04 16:33:40,213 - --- Step 2: Advanced Optimization (CPLEX MIP) ---
2026-04-04 16:33:40,213 - =========================================
2026-04-04 16:33:40,213 - BẮT ĐẦU OPTIMIZE  (100% CPLEX MIP)
2026-04-04 16:33:40,213 -  -> Max Single Size  : 20
2026-04-04 16:33:40,213 -  -> Single Timeout   : 40.0s
2026-04-04 16:33:40,213 -  -> Max Pairwise Size: 20
2026-04-04 16:33:40,213 -  -> Pairwise Timeout : 54s
2026-04-04 16:33:40,213 -  -> Global Timeout   : 1200.0s
2026-04-04 16:33:40,213 -  -> Chi phí khởi điểm: 936
2026-04-04 16:33:40,213 - =========================================
2026-04-04 16:33:40,213 - === BẮT ĐẦU CHẶNG 4: CPLEX MIP CHÍNH XÁC | Cost: 936 ===
2026-04-04 16:33:40,213 -   [GĐ 4.1] Giải bài toán TSP trên từng tuyến đơn...
2026-04-04 16:33:40,416 -     -> Single CPLEX cải thiện: 61. Cost mới: 875
2026-04-04 16:33:40,416 -   [GĐ 4.2] Xét từng cặp tuyến để phân bổ lại khách hàng...
2026-04-04 16:33:40,416 -   --- Pairwise Iter 1 (còn 1200s) ---
2026-04-04 16:34:34,516 -     [P4.2] Pair (0,1) giảm 20 -> BEST = 855
2026-04-04 16:34:34,516 -   --- Pairwise Iter 2 (còn 1146s) ---
2026-04-04 16:35:28,568 -     [P4.2] Pair (0,1) giảm 1 -> BEST = 854
2026-04-04 16:35:28,568 -   --- Pairwise Iter 3 (còn 1092s) ---
2026-04-04 16:36:31,325 -     [P4.2] Pair (0,4) giảm 2 -> BEST = 852
2026-04-04 16:36:31,325 -   --- Pairwise Iter 4 (còn 1029s) ---
