2026-04-04 15:42:03,951 - ======================================================================
2026-04-04 15:42:03,954 - CPLEX MIP SOLVER  |  FILE: B-n31-k5.vrp
2026-04-04 15:42:03,954 - ======================================================================
2026-04-04 15:42:03,956 - Thông tin dữ liệu: Dimension=31, K=5, Capacity=100
2026-04-04 15:42:03,956 - --- Step 1: Clarke-Wright Heuristic ---
2026-04-04 15:42:03,960 -   Kết quả CW: Cost = 748, Time = 0.004s
2026-04-04 15:42:03,962 - --- Step 2: Advanced Optimization (CPLEX MIP) ---
2026-04-04 15:42:03,962 - =========================================
2026-04-04 15:42:03,962 - BẮT ĐẦU OPTIMIZE  (100% CPLEX MIP)
2026-04-04 15:42:03,962 -  -> Max Single Size  : 20
2026-04-04 15:42:03,962 -  -> Single Timeout   : 40.0s
2026-04-04 15:42:03,962 -  -> Max Pairwise Size: 18
2026-04-04 15:42:03,962 -  -> Pairwise Timeout : 50s
2026-04-04 15:42:03,962 -  -> Global Timeout   : 1200.0s
2026-04-04 15:42:03,962 -  -> Chi phí khởi điểm: 748
2026-04-04 15:42:03,962 - =========================================
2026-04-04 15:42:03,962 - === BẮT ĐẦU CHẶNG 4: CPLEX MIP CHÍNH XÁC | Cost: 748 ===
2026-04-04 15:42:03,962 -   [GĐ 4.1] Giải bài toán TSP trên từng tuyến đơn...
2026-04-04 15:42:04,132 -     -> Single CPLEX cải thiện: 18. Cost mới: 730
2026-04-04 15:42:04,133 -   [GĐ 4.2] Xét từng cặp tuyến để phân bổ lại khách hàng...
2026-04-04 15:42:04,133 -   --- Pairwise Iter 1 (còn 1200s) ---
2026-04-04 15:42:54,171 -     [P4.2] Pair (1,2) giảm 19 -> BEST = 711
2026-04-04 15:42:54,171 -   --- Pairwise Iter 2 (còn 1150s) ---
2026-04-04 15:43:44,230 -     [P4.2] Pair (1,3) giảm 10 -> BEST = 701
2026-04-04 15:43:44,230 -   --- Pairwise Iter 3 (còn 1100s) ---
2026-04-04 15:44:36,326 -     [P4.2] Pair (1,4) giảm 3 -> BEST = 698
2026-04-04 15:44:36,326 -   --- Pairwise Iter 4 (còn 1048s) ---
2026-04-04 15:44:48,434 -     [P4.2] Pair (1,3) giảm 7 -> BEST = 691
2026-04-04 15:44:48,434 -   --- Pairwise Iter 5 (còn 1036s) ---
2026-04-04 15:47:17,649 -     [P4.2] Pair (1,2) giảm 6 -> BEST = 685
2026-04-04 15:47:17,650 -   --- Pairwise Iter 6 (còn 886s) ---
2026-04-04 15:47:59,299 -     [P4.2] Pair (1,3) giảm 4 -> BEST = 681
2026-04-04 15:47:59,299 -   --- Pairwise Iter 7 (còn 845s) ---
2026-04-04 15:50:50,209 -     [P4.2] Pair (0,4) giảm 4 -> BEST = 677
2026-04-04 15:50:50,210 -   --- Pairwise Iter 8 (còn 674s) ---
2026-04-04 15:54:52,024 -     -> Đã đạt cực trị toàn cục cho mọi cặp dưới ngưỡng. KẾT THÚC CHẶNG 4.
2026-04-04 15:54:52,024 - Hoàn thành trong 768.1s. Final Cost: 677
2026-04-04 15:54:52,024 - ======================================================================
2026-04-04 15:54:52,024 - BÁO CÁO TỔNG KẾT (SUMMARY)
2026-04-04 15:54:52,024 - ======================================================================
2026-04-04 15:54:52,024 -   1. Chi phí Clarke-Wright:     748
2026-04-04 15:54:52,024 -   2. Chi phí sau CPLEX MIP:     677
2026-04-04 15:54:52,024 -   => TỔNG CẢI THIỆN:            71
2026-04-04 15:54:52,024 -   => Số lần CPLEX Single cải thiện  : 4 lần
2026-04-04 15:54:52,024 -   => Số lần CPLEX Pairwise cải thiện: 7 lần
2026-04-04 15:54:52,024 -   => TỔNG THỜI GIAN CHẠY:       768.066s
2026-04-04 15:54:52,025 - ======================================================================
2026-04-04 15:54:52,025 - CPLEX MIP SOLVER  |  FILE: B-n34-k5.vrp
2026-04-04 15:54:52,025 - ======================================================================
2026-04-04 15:54:52,028 - Thông tin dữ liệu: Dimension=34, K=5, Capacity=100
2026-04-04 15:54:52,028 - --- Step 1: Clarke-Wright Heuristic ---
2026-04-04 15:54:52,029 -   Kết quả CW: Cost = 936, Time = 0.001s
2026-04-04 15:54:52,029 - --- Step 2: Advanced Optimization (CPLEX MIP) ---
2026-04-04 15:54:52,029 - =========================================
2026-04-04 15:54:52,029 - BẮT ĐẦU OPTIMIZE  (100% CPLEX MIP)
2026-04-04 15:54:52,029 -  -> Max Single Size  : 20
2026-04-04 15:54:52,029 -  -> Single Timeout   : 40.0s
2026-04-04 15:54:52,029 -  -> Max Pairwise Size: 20
2026-04-04 15:54:52,029 -  -> Pairwise Timeout : 54s
2026-04-04 15:54:52,029 -  -> Global Timeout   : 1200.0s
2026-04-04 15:54:52,029 -  -> Chi phí khởi điểm: 936
2026-04-04 15:54:52,029 - =========================================
2026-04-04 15:54:52,029 - === BẮT ĐẦU CHẶNG 4: CPLEX MIP CHÍNH XÁC | Cost: 936 ===
2026-04-04 15:54:52,029 -   [GĐ 4.1] Giải bài toán TSP trên từng tuyến đơn...
2026-04-04 15:54:52,239 -     -> Single CPLEX cải thiện: 61. Cost mới: 875
2026-04-04 15:54:52,240 -   [GĐ 4.2] Xét từng cặp tuyến để phân bổ lại khách hàng...
2026-04-04 15:54:52,240 -   --- Pairwise Iter 1 (còn 1200s) ---
2026-04-04 15:55:46,353 -     [P4.2] Pair (0,1) giảm 21 -> BEST = 854
2026-04-04 15:55:46,354 -   --- Pairwise Iter 2 (còn 1146s) ---
2026-04-04 15:56:50,169 -     [P4.2] Pair (0,4) giảm 2 -> BEST = 852
2026-04-04 15:56:50,169 -   --- Pairwise Iter 3 (còn 1082s) ---
2026-04-04 15:57:44,210 -     [P4.2] Pair (1,4) giảm 27 -> BEST = 825
2026-04-04 15:57:44,211 -   --- Pairwise Iter 4 (còn 1028s) ---
2026-04-04 15:58:38,245 -     [P4.2] Pair (2,3) giảm 21 -> BEST = 804
2026-04-04 15:58:38,245 -   --- Pairwise Iter 5 (còn 974s) ---
2026-04-04 15:59:32,279 -     [P4.2] Pair (1,3) giảm 13 -> BEST = 791
2026-04-04 15:59:32,280 -   --- Pairwise Iter 6 (còn 920s) ---
2026-04-04 16:02:16,134 -     [P4.2] Pair (0,3) giảm 1 -> BEST = 790
2026-04-04 16:02:16,134 -   --- Pairwise Iter 7 (còn 756s) ---
2026-04-04 16:03:10,167 -     [P4.2] Pair (1,3) giảm 2 -> BEST = 788
2026-04-04 16:03:10,168 -   --- Pairwise Iter 8 (còn 702s) ---
2026-04-04 16:07:55,525 -     -> Đã đạt cực trị toàn cục cho mọi cặp dưới ngưỡng. KẾT THÚC CHẶNG 4.
2026-04-04 16:07:55,525 - Hoàn thành trong 783.5s. Final Cost: 788
2026-04-04 16:07:55,525 - ======================================================================
2026-04-04 16:07:55,525 - BÁO CÁO TỔNG KẾT (SUMMARY)
2026-04-04 16:07:55,525 - ======================================================================
2026-04-04 16:07:55,526 -   1. Chi phí Clarke-Wright:     936
2026-04-04 16:07:55,526 -   2. Chi phí sau CPLEX MIP:     788
2026-04-04 16:07:55,526 -   => TỔNG CẢI THIỆN:            148
2026-04-04 16:07:55,526 -   => Số lần CPLEX Single cải thiện  : 4 lần
2026-04-04 16:07:55,526 -   => Số lần CPLEX Pairwise cải thiện: 7 lần
2026-04-04 16:07:55,526 -   => TỔNG THỜI GIAN CHẠY:       783.497s
2026-04-04 16:07:55,526 - ======================================================================
2026-04-04 16:07:55,526 - CPLEX MIP SOLVER  |  FILE: B-n35-k5.vrp
2026-04-04 16:07:55,526 - ======================================================================
2026-04-04 16:07:55,528 - Thông tin dữ liệu: Dimension=35, K=5, Capacity=100
2026-04-04 16:07:55,529 - --- Step 1: Clarke-Wright Heuristic ---
2026-04-04 16:07:55,530 -   Kết quả CW: Cost = 1016, Time = 0.001s
2026-04-04 16:07:55,530 - --- Step 2: Advanced Optimization (CPLEX MIP) ---
2026-04-04 16:07:55,530 - =========================================
2026-04-04 16:07:55,530 - BẮT ĐẦU OPTIMIZE  (100% CPLEX MIP)
2026-04-04 16:07:55,530 -  -> Max Single Size  : 20
2026-04-04 16:07:55,530 -  -> Single Timeout   : 40.0s
2026-04-04 16:07:55,530 -  -> Max Pairwise Size: 21
2026-04-04 16:07:55,530 -  -> Pairwise Timeout : 56s
2026-04-04 16:07:55,530 -  -> Global Timeout   : 1200.0s
2026-04-04 16:07:55,530 -  -> Chi phí khởi điểm: 1016
2026-04-04 16:07:55,530 - =========================================
2026-04-04 16:07:55,530 - === BẮT ĐẦU CHẶNG 4: CPLEX MIP CHÍNH XÁC | Cost: 1016 ===
2026-04-04 16:07:55,530 -   [GĐ 4.1] Giải bài toán TSP trên từng tuyến đơn...
2026-04-04 16:07:55,882 -     -> Single CPLEX cải thiện: 44. Cost mới: 972
2026-04-04 16:07:55,882 -   [GĐ 4.2] Xét từng cặp tuyến để phân bổ lại khách hàng...
2026-04-04 16:07:55,882 -   --- Pairwise Iter 1 (còn 1200s) ---
2026-04-04 16:08:51,915 -     [P4.2] Pair (2,4) giảm 6 -> BEST = 966
2026-04-04 16:08:51,916 -   --- Pairwise Iter 2 (còn 1144s) ---
2026-04-04 16:10:43,981 -     [P4.2] Pair (0,4) giảm 3 -> BEST = 963
2026-04-04 16:10:43,981 -   --- Pairwise Iter 3 (còn 1032s) ---
2026-04-04 16:13:32,134 -     [P4.2] Pair (1,3) giảm 8 -> BEST = 955
2026-04-04 16:13:32,134 -   --- Pairwise Iter 4 (còn 863s) ---
2026-04-04 16:19:18,721 -     -> Đã đạt cực trị toàn cục cho mọi cặp dưới ngưỡng. KẾT THÚC CHẶNG 4.
2026-04-04 16:19:18,721 - Hoàn thành trong 683.2s. Final Cost: 955
2026-04-04 16:19:18,721 - ======================================================================
2026-04-04 16:19:18,721 - BÁO CÁO TỔNG KẾT (SUMMARY)
2026-04-04 16:19:18,721 - ======================================================================
2026-04-04 16:19:18,721 -   1. Chi phí Clarke-Wright:     1016
2026-04-04 16:19:18,722 -   2. Chi phí sau CPLEX MIP:     955
2026-04-04 16:19:18,722 -   => TỔNG CẢI THIỆN:            61
2026-04-04 16:19:18,722 -   => Số lần CPLEX Single cải thiện  : 5 lần
2026-04-04 16:19:18,722 -   => Số lần CPLEX Pairwise cải thiện: 3 lần
2026-04-04 16:19:18,722 -   => TỔNG THỜI GIAN CHẠY:       683.192s
2026-04-04 16:19:18,722 - ======================================================================
2026-04-04 16:19:18,722 - CPLEX MIP SOLVER  |  FILE: B-n38-k6.vrp
2026-04-04 16:19:18,722 - ======================================================================
2026-04-04 16:19:18,725 - Thông tin dữ liệu: Dimension=38, K=6, Capacity=100
2026-04-04 16:19:18,725 - --- Step 1: Clarke-Wright Heuristic ---
2026-04-04 16:19:18,728 -   Kết quả CW: Cost = 961, Time = 0.003s
2026-04-04 16:19:18,728 - --- Step 2: Advanced Optimization (CPLEX MIP) ---
2026-04-04 16:19:18,728 - =========================================
2026-04-04 16:19:18,728 - BẮT ĐẦU OPTIMIZE  (100% CPLEX MIP)
2026-04-04 16:19:18,728 -  -> Max Single Size  : 20
2026-04-04 16:19:18,728 -  -> Single Timeout   : 40.0s
2026-04-04 16:19:18,728 -  -> Max Pairwise Size: 19
2026-04-04 16:19:18,728 -  -> Pairwise Timeout : 51s
2026-04-04 16:19:18,728 -  -> Global Timeout   : 1200.0s
2026-04-04 16:19:18,728 -  -> Chi phí khởi điểm: 961
2026-04-04 16:19:18,728 - =========================================
2026-04-04 16:19:18,728 - === BẮT ĐẦU CHẶNG 4: CPLEX MIP CHÍNH XÁC | Cost: 961 ===
2026-04-04 16:19:18,728 -   [GĐ 4.1] Giải bài toán TSP trên từng tuyến đơn...
2026-04-04 16:19:18,971 -     -> Single CPLEX cải thiện: 49. Cost mới: 912
2026-04-04 16:19:18,971 -   [GĐ 4.2] Xét từng cặp tuyến để phân bổ lại khách hàng...
2026-04-04 16:19:18,971 -   --- Pairwise Iter 1 (còn 1200s) ---
2026-04-04 16:19:39,321 -     [P4.2] Pair (2,3) giảm 55 -> BEST = 857
2026-04-04 16:19:39,322 -   --- Pairwise Iter 2 (còn 1179s) ---
