2026-05-16 02:38:51,525 - ======================================================================
2026-05-16 02:38:51,525 - CPLEX MIP SOLVER  |  FILE: F-n45-k4.vrp
2026-05-16 02:38:51,526 - ======================================================================
2026-05-16 02:38:51,529 - Thông tin dữ liệu: Dimension=45, K=4, Capacity=2010
2026-05-16 02:38:51,529 - --- Step 1: Clarke-Wright Heuristic ---
2026-05-16 02:38:51,530 -   Kết quả CW: Cost = 954, Time = 0.002s
2026-05-16 02:38:51,530 - --- Step 2: Advanced Optimization (CPLEX MIP) ---
2026-05-16 02:38:51,531 - =========================================
2026-05-16 02:38:51,531 - BẮT ĐẦU OPTIMIZE  (100% CPLEX MIP)
2026-05-16 02:38:51,531 -  -> Max Single Size  : 22
2026-05-16 02:38:51,531 -  -> Single Timeout   : 40.0s
2026-05-16 02:38:51,531 -  -> Max Pairwise Size: 28
2026-05-16 02:38:51,531 -  -> Pairwise Timeout : 102.0s
2026-05-16 02:38:51,531 -  -> Global Timeout   : 1200.0s
2026-05-16 02:38:51,531 -  -> Chi phí khởi điểm: 954
2026-05-16 02:38:51,531 - =========================================
2026-05-16 02:38:51,531 - === BẮT ĐẦU CHẶNG 4: CPLEX MIP CHÍNH XÁC | Cost: 954 ===
2026-05-16 02:38:51,531 -   [GĐ 4.1] Giải bài toán TSP trên từng tuyến đơn...
2026-05-16 02:38:52,384 -     -> Single CPLEX cải thiện: 83. Cost mới: 871
2026-05-16 02:38:52,384 -   [GĐ 4.2] Xét từng cặp tuyến để phân bổ lại khách hàng...
2026-05-16 02:38:52,384 -   --- Pairwise Iter 1 (còn 1199s) ---
2026-05-16 02:40:34,483 -     [P4.2] Pair (1,2) giảm 45 -> BEST = 826
2026-05-16 02:40:34,919 -   --- Pairwise Iter 2 (còn 1097s) ---
2026-05-16 02:43:59,070 -     [P4.2] Pair (0,1) giảm 37 -> BEST = 789
2026-05-16 02:43:59,272 -   --- Pairwise Iter 3 (còn 892s) ---
2026-05-16 02:48:39,287 -     [P4.2] Pair (0,3) giảm 64 -> BEST = 725
2026-05-16 02:48:39,488 -   --- Pairwise Iter 4 (còn 612s) ---
2026-05-16 02:58:49,611 -     -> Đã đạt cực trị toàn cục cho mọi cặp dưới ngưỡng. KẾT THÚC CHẶNG 4.
2026-05-16 02:58:49,611 - Hoàn thành trong 1198.1s. Final Cost: 725
2026-05-16 02:58:49,611 - ======================================================================
2026-05-16 02:58:49,611 - BÁO CÁO TỔNG KẾT (SUMMARY)
2026-05-16 02:58:49,611 - ======================================================================
2026-05-16 02:58:49,611 -   1. Chi phí Clarke-Wright:     954
2026-05-16 02:58:49,611 -   2. Chi phí sau CPLEX MIP:     725
2026-05-16 02:58:49,611 -   => TỔNG CẢI THIỆN:            229
2026-05-16 02:58:49,611 -   => Số lần CPLEX Single cải thiện  : 4 lần
2026-05-16 02:58:49,611 -   => Số lần CPLEX Pairwise cải thiện: 3 lần
2026-05-16 02:58:49,611 -   => TỔNG THỜI GIAN CHẠY:       1198.082s
2026-05-16 02:58:49,612 - ======================================================================
2026-05-16 02:58:49,612 - CPLEX MIP SOLVER  |  FILE: F-n72-k4.vrp
2026-05-16 02:58:49,612 - ======================================================================
2026-05-16 02:58:49,619 - Thông tin dữ liệu: Dimension=72, K=4, Capacity=30000
2026-05-16 02:58:49,619 - --- Step 1: Clarke-Wright Heuristic ---
2026-05-16 02:58:49,624 -   Kết quả CW: Cost = 353, Time = 0.004s
2026-05-16 02:58:49,624 - --- Step 2: Advanced Optimization (CPLEX MIP) ---
2026-05-16 02:58:49,624 - =========================================
2026-05-16 02:58:49,624 - BẮT ĐẦU OPTIMIZE  (100% CPLEX MIP)
2026-05-16 02:58:49,624 -  -> Max Single Size  : 35
2026-05-16 02:58:49,624 -  -> Single Timeout   : 40.0s
2026-05-16 02:58:49,624 -  -> Max Pairwise Size: 28
2026-05-16 02:58:49,624 -  -> Pairwise Timeout : 120.0s
2026-05-16 02:58:49,624 -  -> Global Timeout   : 1200.0s
2026-05-16 02:58:49,624 -  -> Chi phí khởi điểm: 353
2026-05-16 02:58:49,624 - =========================================
2026-05-16 02:58:49,624 - === BẮT ĐẦU CHẶNG 4: CPLEX MIP CHÍNH XÁC | Cost: 353 ===
2026-05-16 02:58:49,625 -   [GĐ 4.1] Giải bài toán TSP trên từng tuyến đơn...
2026-05-16 03:00:13,227 -     -> Single CPLEX cải thiện: 70. Cost mới: 283
2026-05-16 03:00:13,227 -   [GĐ 4.2] Xét từng cặp tuyến để phân bổ lại khách hàng...
2026-05-16 03:00:13,227 -   --- Pairwise Iter 1 (còn 1116s) ---
2026-05-16 03:02:13,314 -     -> Đã đạt cực trị toàn cục cho mọi cặp dưới ngưỡng. KẾT THÚC CHẶNG 4.
2026-05-16 03:02:13,314 - Hoàn thành trong 203.7s. Final Cost: 283
2026-05-16 03:02:13,314 - ======================================================================
2026-05-16 03:02:13,314 - BÁO CÁO TỔNG KẾT (SUMMARY)
2026-05-16 03:02:13,314 - ======================================================================
2026-05-16 03:02:13,314 -   1. Chi phí Clarke-Wright:     353
2026-05-16 03:02:13,314 -   2. Chi phí sau CPLEX MIP:     283
2026-05-16 03:02:13,314 -   => TỔNG CẢI THIỆN:            70
2026-05-16 03:02:13,314 -   => Số lần CPLEX Single cải thiện  : 3 lần
2026-05-16 03:02:13,314 -   => Số lần CPLEX Pairwise cải thiện: 0 lần
2026-05-16 03:02:13,314 -   => TỔNG THỜI GIAN CHẠY:       203.694s
2026-05-16 03:02:13,315 - ======================================================================
2026-05-16 03:02:13,315 - CPLEX MIP SOLVER  |  FILE: F-n135-k7.vrp
2026-05-16 03:02:13,315 - ======================================================================
2026-05-16 03:02:13,344 - Thông tin dữ liệu: Dimension=135, K=7, Capacity=2210
2026-05-16 03:02:13,344 - --- Step 1: Clarke-Wright Heuristic ---
2026-05-16 03:02:13,362 -   Kết quả CW: Cost = 1591, Time = 0.018s
2026-05-16 03:02:13,362 - --- Step 2: Advanced Optimization (CPLEX MIP) ---
2026-05-16 03:02:13,362 - =========================================
2026-05-16 03:02:13,362 - BẮT ĐẦU OPTIMIZE  (100% CPLEX MIP)
2026-05-16 03:02:13,362 -  -> Max Single Size  : 35
2026-05-16 03:02:13,362 -  -> Single Timeout   : 40.0s
2026-05-16 03:02:13,362 -  -> Max Pairwise Size: 28
2026-05-16 03:02:13,362 -  -> Pairwise Timeout : 120.0s
2026-05-16 03:02:13,362 -  -> Global Timeout   : 1200.0s
2026-05-16 03:02:13,362 -  -> Chi phí khởi điểm: 1591
2026-05-16 03:02:13,362 - =========================================
2026-05-16 03:02:13,362 - === BẮT ĐẦU CHẶNG 4: CPLEX MIP CHÍNH XÁC | Cost: 1591 ===
2026-05-16 03:02:13,362 -   [GĐ 4.1] Giải bài toán TSP trên từng tuyến đơn...
2026-05-16 03:04:26,689 -     -> Single CPLEX cải thiện: 249. Cost mới: 1342
2026-05-16 03:04:26,689 -   [GĐ 4.2] Xét từng cặp tuyến để phân bổ lại khách hàng...
2026-05-16 03:04:26,690 -   --- Pairwise Iter 1 (còn 1067s) ---
2026-05-16 03:06:26,780 -     [P4.2] Pair (4,5) giảm 16 -> BEST = 1326
2026-05-16 03:06:41,627 -       [S-re] Route 4: 294 → 292  (−2) | BEST = 1324
2026-05-16 03:06:43,215 -       [S-re] Route 5: 184 → 183  (−1) | BEST = 1323
2026-05-16 03:06:43,215 -   --- Pairwise Iter 2 (còn 930s) ---
2026-05-16 03:10:43,390 -     [P4.2] Pair (3,5) giảm 34 -> BEST = 1289
2026-05-16 03:11:23,426 -       [S-re] Route 3: 217 → 216  (−1) | BEST = 1288
2026-05-16 03:11:23,461 -   --- Pairwise Iter 3 (còn 650s) ---
2026-05-16 03:15:23,618 -     [P4.2] Pair (4,5) giảm 11 -> BEST = 1277
2026-05-16 03:15:24,600 -   --- Pairwise Iter 4 (còn 409s) ---
2026-05-16 03:17:24,697 -     [P4.2] Pair (3,5) giảm 4 -> BEST = 1273
2026-05-16 03:18:04,721 -       [S-re] Route 3: 188 → 187  (−1) | BEST = 1272
2026-05-16 03:18:04,809 -   --- Pairwise Iter 5 (còn 249s) ---
2026-05-16 03:22:05,019 -     [P4.2] Pair (3,4) giảm 3 -> BEST = 1269
2026-05-16 03:22:11,388 -   --- Pairwise Iter 6 (còn 2s) ---
2026-05-16 03:22:11,389 -     -> Đã đạt cực trị toàn cục cho mọi cặp dưới ngưỡng. KẾT THÚC CHẶNG 4.
2026-05-16 03:22:11,389 - Hoàn thành trong 1198.0s. Final Cost: 1269
2026-05-16 03:22:11,389 - ======================================================================
2026-05-16 03:22:11,389 - BÁO CÁO TỔNG KẾT (SUMMARY)
2026-05-16 03:22:11,389 - ======================================================================
2026-05-16 03:22:11,389 -   1. Chi phí Clarke-Wright:     1591
2026-05-16 03:22:11,390 -   2. Chi phí sau CPLEX MIP:     1269
2026-05-16 03:22:11,390 -   => TỔNG CẢI THIỆN:            322
2026-05-16 03:22:11,390 -   => Số lần CPLEX Single cải thiện  : 11 lần
2026-05-16 03:22:11,390 -   => Số lần CPLEX Pairwise cải thiện: 5 lần
2026-05-16 03:22:11,390 -   => TỔNG THỜI GIAN CHẠY:       1198.045s
