2026-05-01 12:43:32,715 - ======================================================================
2026-05-01 12:43:32,715 - CPLEX MIP SOLVER  |  FILE: X-n916-k207.vrp
2026-05-01 12:43:32,715 - ======================================================================
2026-05-01 12:43:33,974 - Thông tin dữ liệu: Dimension=916, K=207, Capacity=33
2026-05-01 12:43:33,974 - --- Step 1: Clarke-Wright Heuristic ---
2026-05-01 12:43:41,753 -     [CW-Phase4] BFD thất bại với 56 khách hàng. Kích hoạt Backtracking (Giảm depth dần)...
2026-05-01 12:43:41,763 -       -> Thử hoán đổi với depth=3 (Limit: 10s)...
2026-05-01 12:43:51,773 -       -> Thử hoán đổi với depth=2 (Limit: 10s)...
2026-05-01 12:43:56,659 -       -> Thử hoán đổi với depth=1 (Limit: 10s)...
2026-05-01 12:43:56,668 -     [CW-Phase4] TẤT CẢ depth đều thất bại hoặc timeout. Chuyển sang Fallback (Sweep).
2026-05-01 12:44:03,313 -     [CW-Phase4] BFD thất bại với 56 khách hàng. Kích hoạt Backtracking (Giảm depth dần)...
2026-05-01 12:44:03,323 -       -> Thử hoán đổi với depth=3 (Limit: 10s)...
2026-05-01 12:44:13,334 -       -> Thử hoán đổi với depth=2 (Limit: 10s)...
2026-05-01 12:44:18,136 -       -> Thử hoán đổi với depth=1 (Limit: 10s)...
2026-05-01 12:44:18,145 -     [CW-Phase4] TẤT CẢ depth đều thất bại hoặc timeout. Chuyển sang Fallback (Sweep).
2026-05-01 12:44:18,145 - ⚠️ Clarke-Wright kẹt với K giới hạn. Chạy fallback K=999...
2026-05-01 12:44:18,876 -   Kết quả CW: Cost = 417916, Time = 0.654s
2026-05-01 12:44:18,876 - --- Step 2: Advanced Optimization (CPLEX MIP) ---
2026-05-01 12:44:18,876 - =========================================
2026-05-01 12:44:18,876 - BẮT ĐẦU OPTIMIZE  (100% CPLEX MIP)
2026-05-01 12:44:18,876 -  -> Max Single Size  : 20
2026-05-01 12:44:18,876 -  -> Single Timeout   : 40.0s
2026-05-01 12:44:18,876 -  -> Max Pairwise Size: 16
2026-05-01 12:44:18,876 -  -> Pairwise Timeout : 45.0s
2026-05-01 12:44:18,876 -  -> Global Timeout   : 1200.0s
2026-05-01 12:44:18,877 -  -> Chi phí khởi điểm: 417916
2026-05-01 12:44:18,877 - =========================================
2026-05-01 12:44:18,877 - === BẮT ĐẦU CHẶNG 4: CPLEX MIP CHÍNH XÁC | Cost: 417916 ===
2026-05-01 12:44:18,877 -   [GĐ 4.1] Giải bài toán TSP trên từng tuyến đơn...
2026-05-01 12:44:21,352 -     -> Single CPLEX cải thiện: 1253. Cost mới: 416663
2026-05-01 12:44:21,352 -   [GĐ 4.2] Xét từng cặp tuyến để phân bổ lại khách hàng...
2026-05-01 12:44:21,352 -   --- Pairwise Iter 1 (còn 1198s) ---
2026-05-01 12:44:21,541 -     [P4.2] Pair (201,255) giảm 14 -> BEST = 416649
2026-05-01 12:44:21,558 -   --- Pairwise Iter 2 (còn 1197s) ---
2026-05-01 12:44:21,721 -     [P4.2] Pair (49,154) giảm 85 -> BEST = 416564
2026-05-01 12:44:21,738 -   --- Pairwise Iter 3 (còn 1197s) ---
2026-05-01 12:44:23,629 -     [P4.2] Pair (160,227) giảm 13 -> BEST = 416551
2026-05-01 12:44:23,651 -   --- Pairwise Iter 4 (còn 1195s) ---
2026-05-01 12:44:24,331 -     [P4.2] Pair (240,259) giảm 6 -> BEST = 416545
2026-05-01 12:44:24,350 -   --- Pairwise Iter 5 (còn 1195s) ---
2026-05-01 12:44:24,982 -     [P4.2] Pair (76,136) giảm 16 -> BEST = 416529
2026-05-01 12:44:25,000 -   --- Pairwise Iter 6 (còn 1194s) ---
2026-05-01 12:44:25,683 -     [P4.2] Pair (179,265) giảm 4 -> BEST = 416525
2026-05-01 12:44:25,700 -   --- Pairwise Iter 7 (còn 1193s) ---
2026-05-01 12:44:26,532 -     [P4.2] Pair (26,249) giảm 22 -> BEST = 416503
2026-05-01 12:44:26,550 -   --- Pairwise Iter 8 (còn 1192s) ---
2026-05-01 12:44:27,479 -     [P4.2] Pair (48,235) giảm 9 -> BEST = 416494
2026-05-01 12:44:27,498 -   --- Pairwise Iter 9 (còn 1191s) ---
2026-05-01 12:44:28,421 -     [P4.2] Pair (70,210) giảm 33 -> BEST = 416461
2026-05-01 12:44:28,438 -   --- Pairwise Iter 10 (còn 1190s) ---
2026-05-01 12:44:29,570 -     [P4.2] Pair (107,247) giảm 1 -> BEST = 416460
2026-05-01 12:44:29,589 -   --- Pairwise Iter 11 (còn 1189s) ---
2026-05-01 12:44:30,816 -     [P4.2] Pair (160,193) giảm 25 -> BEST = 416435
2026-05-01 12:44:30,835 -   --- Pairwise Iter 12 (còn 1188s) ---
2026-05-01 12:44:31,822 -     [P4.2] Pair (175,186) giảm 8 -> BEST = 416427
2026-05-01 12:44:31,839 -   --- Pairwise Iter 13 (còn 1187s) ---
2026-05-01 12:44:32,933 -     [P4.2] Pair (184,227) giảm 32 -> BEST = 416395
2026-05-01 12:44:32,951 -   --- Pairwise Iter 14 (còn 1186s) ---
2026-05-01 12:44:34,744 -     [P4.2] Pair (35,181) giảm 3 -> BEST = 416392
2026-05-01 12:44:34,763 -   --- Pairwise Iter 15 (còn 1184s) ---
2026-05-01 12:44:36,645 -     [P4.2] Pair (41,243) giảm 5 -> BEST = 416387
2026-05-01 12:44:36,666 -   --- Pairwise Iter 16 (còn 1182s) ---
2026-05-01 12:44:38,585 -     [P4.2] Pair (92,205) giảm 15 -> BEST = 416372
2026-05-01 12:44:38,601 -   --- Pairwise Iter 17 (còn 1180s) ---
2026-05-01 12:44:40,533 -     [P4.2] Pair (105,213) giảm 7 -> BEST = 416365
2026-05-01 12:44:40,552 -   --- Pairwise Iter 18 (còn 1178s) ---
2026-05-01 12:44:43,450 -     [P4.2] Pair (182,242) giảm 19 -> BEST = 416346
2026-05-01 12:44:43,468 -   --- Pairwise Iter 19 (còn 1175s) ---
2026-05-01 12:44:46,965 -     [P4.2] Pair (35,245) giảm 6 -> BEST = 416340
2026-05-01 12:44:46,984 -   --- Pairwise Iter 20 (còn 1172s) ---
2026-05-01 12:44:50,458 -     [P4.2] Pair (239,252) giảm 17 -> BEST = 416323
2026-05-01 12:44:50,476 -   --- Pairwise Iter 21 (còn 1168s) ---
2026-05-01 12:44:54,011 -     [P4.2] Pair (243,244) giảm 20 -> BEST = 416303
2026-05-01 12:44:54,029 -   --- Pairwise Iter 22 (còn 1165s) ---
2026-05-01 12:44:54,849 -     [P4.2] Pair (41,244) giảm 2 -> BEST = 416301
2026-05-01 12:44:54,866 -   --- Pairwise Iter 23 (còn 1164s) ---
2026-05-01 12:44:58,471 -     [P4.2] Pair (29,60) giảm 15 -> BEST = 416286
2026-05-01 12:44:58,488 -   --- Pairwise Iter 24 (còn 1160s) ---
2026-05-01 12:45:02,566 -     [P4.2] Pair (33,77) giảm 45 -> BEST = 416241
2026-05-01 12:45:02,585 -   --- Pairwise Iter 25 (còn 1156s) ---
2026-05-01 12:45:06,963 -     [P4.2] Pair (34,192) giảm 6 -> BEST = 416235
2026-05-01 12:45:06,986 -   --- Pairwise Iter 26 (còn 1152s) ---
2026-05-01 12:45:11,464 -     [P4.2] Pair (94,123) giảm 12 -> BEST = 416223
2026-05-01 12:45:11,484 -   --- Pairwise Iter 27 (còn 1147s) ---
2026-05-01 12:45:15,909 -     [P4.2] Pair (127,149) giảm 3 -> BEST = 416220
2026-05-01 12:45:15,928 -   --- Pairwise Iter 28 (còn 1143s) ---
2026-05-01 12:45:20,360 -     [P4.2] Pair (140,208) giảm 18 -> BEST = 416202
2026-05-01 12:45:20,377 -   --- Pairwise Iter 29 (còn 1138s) ---
2026-05-01 12:45:24,937 -     [P4.2] Pair (153,163) giảm 18 -> BEST = 416184
2026-05-01 12:45:24,955 -   --- Pairwise Iter 30 (còn 1134s) ---
2026-05-01 12:45:29,499 -     [P4.2] Pair (160,226) giảm 16 -> BEST = 416168
2026-05-01 12:45:29,515 -   --- Pairwise Iter 31 (còn 1129s) ---
2026-05-01 12:45:34,122 -     [P4.2] Pair (187,250) giảm 19 -> BEST = 416149
2026-05-01 12:45:34,140 -   --- Pairwise Iter 32 (còn 1125s) ---
2026-05-01 12:45:38,812 -     [P4.2] Pair (213,265) giảm 8 -> BEST = 416141
2026-05-01 12:45:38,830 -   --- Pairwise Iter 33 (còn 1120s) ---
2026-05-01 12:45:39,484 -     [P4.2] Pair (179,265) giảm 6 -> BEST = 416135
2026-05-01 12:45:39,493 -   --- Pairwise Iter 34 (còn 1119s) ---
2026-05-01 12:45:44,135 -     [P4.2] Pair (217,245) giảm 16 -> BEST = 416119
2026-05-01 12:45:44,159 -   --- Pairwise Iter 35 (còn 1115s) ---
2026-05-01 12:45:48,803 -     [P4.2] Pair (217,247) giảm 28 -> BEST = 416091
2026-05-01 12:45:48,821 -   --- Pairwise Iter 36 (còn 1110s) ---
2026-05-01 12:45:53,716 -     [P4.2] Pair (237,255) giảm 3 -> BEST = 416088
2026-05-01 12:45:53,736 -   --- Pairwise Iter 37 (còn 1105s) ---
2026-05-01 12:45:58,504 -     [P4.2] Pair (11,115) giảm 44 -> BEST = 416044
2026-05-01 12:45:58,523 -   --- Pairwise Iter 38 (còn 1100s) ---
2026-05-01 12:46:03,382 -     [P4.2] Pair (34,264) giảm 18 -> BEST = 416026
2026-05-01 12:46:03,402 -   --- Pairwise Iter 39 (còn 1095s) ---
2026-05-01 12:46:09,274 -     [P4.2] Pair (44,189) giảm 16 -> BEST = 416010
2026-05-01 12:46:09,298 -   --- Pairwise Iter 40 (còn 1090s) ---
2026-05-01 12:46:14,129 -     [P4.2] Pair (47,216) giảm 15 -> BEST = 415995
2026-05-01 12:46:14,146 -   --- Pairwise Iter 41 (còn 1085s) ---
2026-05-01 12:46:19,010 -     [P4.2] Pair (61,230) giảm 16 -> BEST = 415979
2026-05-01 12:46:19,026 -   --- Pairwise Iter 42 (còn 1080s) ---
2026-05-01 12:46:23,991 -     [P4.2] Pair (97,159) giảm 3 -> BEST = 415976
2026-05-01 12:46:24,008 -   --- Pairwise Iter 43 (còn 1075s) ---
2026-05-01 12:46:29,344 -     [P4.2] Pair (34,112) giảm 40 -> BEST = 415936
2026-05-01 12:46:29,363 -   --- Pairwise Iter 44 (còn 1070s) ---
2026-05-01 12:46:34,879 -     [P4.2] Pair (67,86) giảm 20 -> BEST = 415916
2026-05-01 12:46:34,897 -   --- Pairwise Iter 45 (còn 1064s) ---
2026-05-01 12:46:41,385 -     [P4.2] Pair (181,261) giảm 9 -> BEST = 415907
2026-05-01 12:46:41,403 -   --- Pairwise Iter 46 (còn 1057s) ---
2026-05-01 12:46:44,179 -     [P4.2] Pair (181,245) giảm 6 -> BEST = 415901
2026-05-01 12:46:44,197 -   --- Pairwise Iter 47 (còn 1055s) ---
2026-05-01 12:46:50,770 -     [P4.2] Pair (182,234) giảm 2 -> BEST = 415899
2026-05-01 12:46:50,790 -   --- Pairwise Iter 48 (còn 1048s) ---
2026-05-01 12:46:58,569 -     [P4.2] Pair (192,202) giảm 3 -> BEST = 415896
2026-05-01 12:46:58,589 -   --- Pairwise Iter 49 (còn 1040s) ---
2026-05-01 12:47:03,328 -     [P4.2] Pair (191,192) giảm 21 -> BEST = 415875
2026-05-01 12:47:03,350 -   --- Pairwise Iter 50 (còn 1036s) ---
2026-05-01 12:47:08,792 -     [P4.2] Pair (205,218) giảm 42 -> BEST = 415833
2026-05-01 12:47:08,801 -   --- Pairwise Iter 51 (còn 1030s) ---
2026-05-01 12:47:14,432 -     [P4.2] Pair (214,235) giảm 3 -> BEST = 415830
2026-05-01 12:47:14,453 -   --- Pairwise Iter 52 (còn 1024s) ---
2026-05-01 12:47:20,308 -     [P4.2] Pair (12,180) giảm 48 -> BEST = 415782
2026-05-01 12:47:20,328 -   --- Pairwise Iter 53 (còn 1019s) ---
2026-05-01 12:47:26,238 -     [P4.2] Pair (24,168) giảm 48 -> BEST = 415734
2026-05-01 12:47:26,255 -   --- Pairwise Iter 54 (còn 1013s) ---
2026-05-01 12:47:32,659 -     [P4.2] Pair (69,196) giảm 29 -> BEST = 415705
2026-05-01 12:47:32,676 -   --- Pairwise Iter 55 (còn 1006s) ---
2026-05-01 12:47:39,235 -     [P4.2] Pair (79,114) giảm 13 -> BEST = 415692
2026-05-01 12:47:39,254 -   --- Pairwise Iter 56 (còn 1000s) ---
2026-05-01 12:47:44,157 -     [P4.2] Pair (79,142) giảm 5 -> BEST = 415687
2026-05-01 12:47:44,179 -   --- Pairwise Iter 57 (còn 995s) ---
2026-05-01 12:47:50,748 -     [P4.2] Pair (128,242) giảm 15 -> BEST = 415672
2026-05-01 12:47:50,768 -   --- Pairwise Iter 58 (còn 988s) ---
2026-05-01 12:47:57,563 -     [P4.2] Pair (155,247) giảm 7 -> BEST = 415665
2026-05-01 12:47:57,580 -   --- Pairwise Iter 59 (còn 981s) ---
2026-05-01 12:48:02,038 -     [P4.2] Pair (35,155) giảm 3 -> BEST = 415662
2026-05-01 12:48:02,060 -   --- Pairwise Iter 60 (còn 977s) ---
2026-05-01 12:48:08,925 -     [P4.2] Pair (190,223) giảm 16 -> BEST = 415646
2026-05-01 12:48:08,940 -   --- Pairwise Iter 61 (còn 970s) ---
2026-05-01 12:48:14,021 -     [P4.2] Pair (86,190) giảm 12 -> BEST = 415634
2026-05-01 12:48:14,040 -   --- Pairwise Iter 62 (còn 965s) ---
2026-05-01 12:48:20,275 -     [P4.2] Pair (67,86) giảm 13 -> BEST = 415621
2026-05-01 12:48:20,285 -   --- Pairwise Iter 63 (còn 959s) ---
2026-05-01 12:48:21,502 -     [P4.2] Pair (86,219) giảm 8 -> BEST = 415613
2026-05-01 12:48:21,520 -   --- Pairwise Iter 64 (còn 957s) ---
2026-05-01 12:48:22,338 -     [P4.2] Pair (86,190) giảm 3 -> BEST = 415610
2026-05-01 12:48:22,357 -   --- Pairwise Iter 65 (còn 957s) ---
2026-05-01 12:48:29,601 -     [P4.2] Pair (67,239) giảm 6 -> BEST = 415604
2026-05-01 12:48:29,608 -   --- Pairwise Iter 66 (còn 949s) ---
2026-05-01 12:48:35,044 -     [P4.2] Pair (190,239) giảm 24 -> BEST = 415580
2026-05-01 12:48:35,054 -   --- Pairwise Iter 67 (còn 944s) ---
2026-05-01 12:48:42,598 -     [P4.2] Pair (82,143) giảm 11 -> BEST = 415569
2026-05-01 12:48:42,615 -   --- Pairwise Iter 68 (còn 936s) ---
2026-05-01 12:48:51,154 -     [P4.2] Pair (94,198) giảm 23 -> BEST = 415546
2026-05-01 12:48:51,172 -   --- Pairwise Iter 69 (còn 928s) ---
2026-05-01 12:48:59,771 -     [P4.2] Pair (99,145) giảm 44 -> BEST = 415502
2026-05-01 12:48:59,788 -   --- Pairwise Iter 70 (còn 919s) ---
2026-05-01 12:49:11,312 -     [P4.2] Pair (193,227) giảm 26 -> BEST = 415476
2026-05-01 12:49:11,330 -   --- Pairwise Iter 71 (còn 908s) ---
2026-05-01 12:49:22,565 -     [P4.2] Pair (193,226) giảm 8 -> BEST = 415468
2026-05-01 12:49:22,582 -   --- Pairwise Iter 72 (còn 896s) ---
2026-05-01 12:49:26,818 -     [P4.2] Pair (160,226) giảm 69 -> BEST = 415399
2026-05-01 12:49:26,827 -   --- Pairwise Iter 73 (còn 892s) ---
2026-05-01 12:49:38,448 -     [P4.2] Pair (206,247) giảm 6 -> BEST = 415393
2026-05-01 12:49:38,465 -   --- Pairwise Iter 74 (còn 880s) ---
2026-05-01 12:49:45,234 -     [P4.2] Pair (155,206) giảm 3 -> BEST = 415390
2026-05-01 12:49:45,250 -   --- Pairwise Iter 75 (còn 874s) ---
2026-05-01 12:49:51,678 -     [P4.2] Pair (35,206) giảm 3 -> BEST = 415387
2026-05-01 12:49:51,703 -   --- Pairwise Iter 76 (còn 867s) ---
2026-05-01 12:50:08,229 -     [P4.2] Pair (246,253) giảm 19 -> BEST = 415368
2026-05-01 12:50:08,249 -   --- Pairwise Iter 77 (còn 851s) ---
2026-05-01 12:50:24,946 -     [P4.2] Pair (0,118) giảm 3 -> BEST = 415365
2026-05-01 12:50:24,964 -   --- Pairwise Iter 78 (còn 834s) ---
2026-05-01 12:50:42,173 -     [P4.2] Pair (27,194) giảm 10 -> BEST = 415355
2026-05-01 12:50:42,190 -   --- Pairwise Iter 79 (còn 817s) ---
2026-05-01 12:50:59,560 -     [P4.2] Pair (33,131) giảm 1 -> BEST = 415354
2026-05-01 12:50:59,587 -   --- Pairwise Iter 80 (còn 799s) ---
2026-05-01 12:51:17,305 -     [P4.2] Pair (35,107) giảm 1 -> BEST = 415353
2026-05-01 12:51:17,322 -   --- Pairwise Iter 81 (còn 782s) ---
2026-05-01 12:51:33,806 -     [P4.2] Pair (69,203) giảm 28 -> BEST = 415325
2026-05-01 12:51:33,823 -   --- Pairwise Iter 82 (còn 765s) ---
2026-05-01 12:51:52,485 -     [P4.2] Pair (240,245) giảm 7 -> BEST = 415318
2026-05-01 12:51:52,504 -   --- Pairwise Iter 83 (còn 746s) ---
2026-05-01 12:52:11,356 -     [P4.2] Pair (15,172) giảm 26 -> BEST = 415292
2026-05-01 12:52:11,374 -   --- Pairwise Iter 84 (còn 728s) ---
2026-05-01 12:52:30,149 -     [P4.2] Pair (38,71) giảm 47 -> BEST = 415245
2026-05-01 12:52:30,166 -   --- Pairwise Iter 85 (còn 709s) ---
2026-05-01 12:52:48,822 -     [P4.2] Pair (48,175) giảm 48 -> BEST = 415197
2026-05-01 12:52:48,836 -   --- Pairwise Iter 86 (còn 690s) ---
2026-05-01 12:53:07,527 -     [P4.2] Pair (64,144) giảm 29 -> BEST = 415168
2026-05-01 12:53:07,544 -   --- Pairwise Iter 87 (còn 671s) ---
2026-05-01 12:53:26,504 -     [P4.2] Pair (64,168) giảm 12 -> BEST = 415156
2026-05-01 12:53:26,523 -   --- Pairwise Iter 88 (còn 652s) ---
2026-05-01 12:53:45,404 -     [P4.2] Pair (86,223) giảm 8 -> BEST = 415148
2026-05-01 12:53:45,430 -   --- Pairwise Iter 89 (còn 633s) ---
2026-05-01 12:54:04,824 -     [P4.2] Pair (123,172) giảm 27 -> BEST = 415121
2026-05-01 12:54:04,853 -   --- Pairwise Iter 90 (còn 614s) ---
2026-05-01 12:54:24,607 -     [P4.2] Pair (153,220) giảm 18 -> BEST = 415103
2026-05-01 12:54:24,624 -   --- Pairwise Iter 91 (còn 594s) ---
2026-05-01 12:54:27,825 -     [P4.2] Pair (153,163) giảm 67 -> BEST = 415036
2026-05-01 12:54:27,841 -   --- Pairwise Iter 92 (còn 591s) ---
2026-05-01 12:54:47,667 -     [P4.2] Pair (164,208) giảm 9 -> BEST = 415027
2026-05-01 12:54:47,685 -   --- Pairwise Iter 93 (còn 571s) ---
2026-05-01 12:54:54,122 -     [P4.2] Pair (140,164) giảm 44 -> BEST = 414983
2026-05-01 12:54:54,132 -   --- Pairwise Iter 94 (còn 565s) ---
2026-05-01 12:55:00,714 -     [P4.2] Pair (140,208) giảm 22 -> BEST = 414961
2026-05-01 12:55:00,732 -   --- Pairwise Iter 95 (còn 558s) ---
2026-05-01 12:55:21,190 -     [P4.2] Pair (26,176) giảm 15 -> BEST = 414946
2026-05-01 12:55:21,213 -   --- Pairwise Iter 96 (còn 538s) ---
2026-05-01 12:55:43,251 -     [P4.2] Pair (35,247) giảm 4 -> BEST = 414942
2026-05-01 12:55:43,268 -   --- Pairwise Iter 97 (còn 516s) ---
