2026-05-01 01:34:30,165 - ======================================================================
2026-05-01 01:34:30,166 - CPLEX MIP SOLVER  |  FILE: X-n749-k98.vrp
2026-05-01 01:34:30,166 - ======================================================================
2026-05-01 01:34:31,092 - Thông tin dữ liệu: Dimension=749, K=98, Capacity=396
2026-05-01 01:34:31,092 - --- Step 1: Clarke-Wright Heuristic ---
2026-05-01 01:34:38,417 -   Kết quả CW: Cost = 313839, Time = 7.324s
2026-05-01 01:34:38,417 - --- Step 2: Advanced Optimization (CPLEX MIP) ---
2026-05-01 01:34:38,417 - =========================================
2026-05-01 01:34:38,417 - BẮT ĐẦU OPTIMIZE  (100% CPLEX MIP)
2026-05-01 01:34:38,417 -  -> Max Single Size  : 20
2026-05-01 01:34:38,417 -  -> Single Timeout   : 40.0s
2026-05-01 01:34:38,417 -  -> Max Pairwise Size: 26
2026-05-01 01:34:38,417 -  -> Pairwise Timeout : 77.0s
2026-05-01 01:34:38,417 -  -> Global Timeout   : 1200.0s
2026-05-01 01:34:38,418 -  -> Chi phí khởi điểm: 313839
2026-05-01 01:34:38,418 - =========================================
2026-05-01 01:34:38,418 - === BẮT ĐẦU CHẶNG 4: CPLEX MIP CHÍNH XÁC | Cost: 313839 ===
2026-05-01 01:34:38,418 -   [GĐ 4.1] Giải bài toán TSP trên từng tuyến đơn...
2026-05-01 01:34:41,956 -     -> Single CPLEX cải thiện: 97763. Cost mới: 216076
2026-05-01 01:34:41,956 -   [GĐ 4.2] Xét từng cặp tuyến để phân bổ lại khách hàng...
2026-05-01 01:34:41,956 -   --- Pairwise Iter 1 (còn 1196s) ---
2026-05-01 01:35:59,106 -     [P4.2] Pair (6,94) giảm 7833 -> BEST = 208243
2026-05-01 01:35:59,432 -       [S-re] Route 94: 1927 → 1842  (−85) | BEST = 208158
2026-05-01 01:35:59,432 -   --- Pairwise Iter 2 (còn 1119s) ---
2026-05-01 01:37:16,555 -     [P4.2] Pair (6,82) giảm 9 -> BEST = 208149
2026-05-01 01:37:16,847 -       [S-re] Route 82: 2316 → 2266  (−50) | BEST = 208099
2026-05-01 01:37:16,847 -   --- Pairwise Iter 3 (còn 1042s) ---
2026-05-01 01:38:33,959 -     [P4.2] Pair (8,91) giảm 944 -> BEST = 207155
2026-05-01 01:38:34,045 -   --- Pairwise Iter 4 (còn 964s) ---
2026-05-01 01:39:51,644 -     [P4.2] Pair (17,94) giảm 125 -> BEST = 207030
2026-05-01 01:39:52,768 -   --- Pairwise Iter 5 (còn 886s) ---
2026-05-01 01:41:14,598 -     [P4.2] Pair (79,89) giảm 290 -> BEST = 206740
2026-05-01 01:41:14,777 -   --- Pairwise Iter 6 (còn 804s) ---
2026-05-01 01:42:36,573 -     [P4.2] Pair (6,55) giảm 60 -> BEST = 206680
2026-05-01 01:42:36,670 -   --- Pairwise Iter 7 (còn 722s) ---
2026-05-01 01:42:39,021 -     [P4.2] Pair (6,52) giảm 8 -> BEST = 206672
2026-05-01 01:42:39,073 -   --- Pairwise Iter 8 (còn 719s) ---
2026-05-01 01:44:57,608 -     [P4.2] Pair (8,52) giảm 504 -> BEST = 206168
2026-05-01 01:44:57,759 -   --- Pairwise Iter 9 (còn 581s) ---
2026-05-01 01:46:14,871 -     [P4.2] Pair (6,8) giảm 80 -> BEST = 206088
2026-05-01 01:46:15,005 -       [S-re] Route 8: 1621 → 1620  (−1) | BEST = 206087
2026-05-01 01:46:15,005 -   --- Pairwise Iter 10 (còn 503s) ---
2026-05-01 01:46:27,277 -     [P4.2] Pair (6,54) giảm 170 -> BEST = 205917
2026-05-01 01:46:27,327 -   --- Pairwise Iter 11 (còn 491s) ---
2026-05-01 01:47:54,957 -     [P4.2] Pair (8,55) giảm 168 -> BEST = 205749
2026-05-01 01:47:55,142 -       [S-re] Route 55: 1457 → 1456  (−1) | BEST = 205748
2026-05-01 01:47:55,142 -   --- Pairwise Iter 12 (còn 403s) ---
2026-05-01 01:48:06,072 -     [P4.2] Pair (11,13) giảm 539 -> BEST = 205209
2026-05-01 01:48:06,147 -   --- Pairwise Iter 13 (còn 392s) ---
2026-05-01 01:49:34,182 -     [P4.2] Pair (41,90) giảm 348 -> BEST = 204861
2026-05-01 01:49:34,247 -   --- Pairwise Iter 14 (còn 304s) ---
2026-05-01 01:50:40,503 -     [P4.2] Pair (58,89) giảm 342 -> BEST = 204519
2026-05-01 01:50:40,641 -   --- Pairwise Iter 15 (còn 238s) ---
2026-05-01 01:53:25,784 -     [P4.2] Pair (67,82) giảm 520 -> BEST = 203999
2026-05-01 01:53:25,910 -   --- Pairwise Iter 16 (còn 73s) ---
2026-05-01 01:54:36,494 -     -> Đã đạt cực trị toàn cục cho mọi cặp dưới ngưỡng. KẾT THÚC CHẶNG 4.
2026-05-01 01:54:36,495 - Hoàn thành trong 1198.1s. Final Cost: 203999
2026-05-01 01:54:36,495 - ======================================================================
2026-05-01 01:54:36,495 - BÁO CÁO TỔNG KẾT (SUMMARY)
2026-05-01 01:54:36,495 - ======================================================================
2026-05-01 01:54:36,495 -   1. Chi phí Clarke-Wright:     313839
2026-05-01 01:54:36,495 -   2. Chi phí sau CPLEX MIP:     203999
2026-05-01 01:54:36,495 -   => TỔNG CẢI THIỆN:            109840
2026-05-01 01:54:36,495 -   => Số lần CPLEX Single cải thiện  : 97 lần
2026-05-01 01:54:36,495 -   => Số lần CPLEX Pairwise cải thiện: 15 lần
2026-05-01 01:54:36,495 -   => TỔNG THỜI GIAN CHẠY:       1205.402s
2026-05-01 01:54:36,501 - ======================================================================
2026-05-01 01:54:36,501 - CPLEX MIP SOLVER  |  FILE: X-n766-k71.vrp
2026-05-01 01:54:36,501 - ======================================================================
2026-05-01 01:54:37,345 - Thông tin dữ liệu: Dimension=766, K=71, Capacity=166
2026-05-01 01:54:37,345 - --- Step 1: Clarke-Wright Heuristic ---
2026-05-01 01:54:39,660 -   Kết quả CW: Cost = 154574, Time = 2.314s
2026-05-01 01:54:39,660 - --- Step 2: Advanced Optimization (CPLEX MIP) ---
2026-05-01 01:54:39,660 - =========================================
2026-05-01 01:54:39,661 - BẮT ĐẦU OPTIMIZE  (100% CPLEX MIP)
2026-05-01 01:54:39,661 -  -> Max Single Size  : 26
2026-05-01 01:54:39,661 -  -> Single Timeout   : 40.0s
2026-05-01 01:54:39,661 -  -> Max Pairwise Size: 28
2026-05-01 01:54:39,661 -  -> Pairwise Timeout : 108.0s
2026-05-01 01:54:39,661 -  -> Global Timeout   : 1200.0s
2026-05-01 01:54:39,661 -  -> Chi phí khởi điểm: 154574
2026-05-01 01:54:39,661 - =========================================
2026-05-01 01:54:39,661 - === BẮT ĐẦU CHẶNG 4: CPLEX MIP CHÍNH XÁC | Cost: 154574 ===
2026-05-01 01:54:39,662 -   [GĐ 4.1] Giải bài toán TSP trên từng tuyến đơn...
2026-05-01 02:07:07,141 -     -> Single CPLEX cải thiện: 19343. Cost mới: 135231
2026-05-01 02:07:07,141 -   [GĐ 4.2] Xét từng cặp tuyến để phân bổ lại khách hàng...
2026-05-01 02:07:07,141 -   --- Pairwise Iter 1 (còn 453s) ---
2026-05-01 02:12:31,557 -     [P4.2] Pair (0,1) giảm 62 -> BEST = 135169
2026-05-01 02:13:11,681 -       [S-re] Route 1: 1378 → 1377  (−1) | BEST = 135168
2026-05-01 02:13:11,681 -   --- Pairwise Iter 2 (còn 88s) ---
2026-05-01 02:14:37,785 -     -> Đã đạt cực trị toàn cục cho mọi cặp dưới ngưỡng. KẾT THÚC CHẶNG 4.
2026-05-01 02:14:37,785 - Hoàn thành trong 1198.1s. Final Cost: 135168
2026-05-01 02:14:37,789 - ======================================================================
2026-05-01 02:14:37,789 - BÁO CÁO TỔNG KẾT (SUMMARY)
2026-05-01 02:14:37,789 - ======================================================================
2026-05-01 02:14:37,790 -   1. Chi phí Clarke-Wright:     154574
2026-05-01 02:14:37,790 -   2. Chi phí sau CPLEX MIP:     135168
2026-05-01 02:14:37,790 -   => TỔNG CẢI THIỆN:            19406
2026-05-01 02:14:37,790 -   => Số lần CPLEX Single cải thiện  : 61 lần
2026-05-01 02:14:37,790 -   => Số lần CPLEX Pairwise cải thiện: 1 lần
2026-05-01 02:14:37,790 -   => TỔNG THỜI GIAN CHẠY:       1200.443s
2026-05-01 02:14:37,793 - ======================================================================
2026-05-01 02:14:37,793 - CPLEX MIP SOLVER  |  FILE: X-n783-k48.vrp
2026-05-01 02:14:37,793 - ======================================================================
2026-05-01 02:14:38,656 - Thông tin dữ liệu: Dimension=783, K=48, Capacity=832
2026-05-01 02:14:38,656 - --- Step 1: Clarke-Wright Heuristic ---
2026-05-01 02:14:40,349 -   Kết quả CW: Cost = 101735, Time = 1.692s
2026-05-01 02:14:40,349 - --- Step 2: Advanced Optimization (CPLEX MIP) ---
2026-05-01 02:14:40,349 - =========================================
2026-05-01 02:14:40,349 - BẮT ĐẦU OPTIMIZE  (100% CPLEX MIP)
2026-05-01 02:14:40,349 -  -> Max Single Size  : 35
2026-05-01 02:14:40,349 -  -> Single Timeout   : 40.0s
2026-05-01 02:14:40,349 -  -> Max Pairwise Size: 28
2026-05-01 02:14:40,349 -  -> Pairwise Timeout : 150.0s
2026-05-01 02:14:40,349 -  -> Global Timeout   : 1200.0s
2026-05-01 02:14:40,350 -  -> Chi phí khởi điểm: 101735
2026-05-01 02:14:40,350 - =========================================
2026-05-01 02:14:40,350 - === BẮT ĐẦU CHẶNG 4: CPLEX MIP CHÍNH XÁC | Cost: 101735 ===
2026-05-01 02:14:40,350 -   [GĐ 4.1] Giải bài toán TSP trên từng tuyến đơn...
2026-05-01 02:33:44,108 -     -> Single CPLEX cải thiện: 5360. Cost mới: 96375
2026-05-01 02:33:44,108 -   [GĐ 4.2] Xét từng cặp tuyến để phân bổ lại khách hàng...
2026-05-01 02:33:44,108 -   --- Pairwise Iter 1 (còn 56s) ---
2026-05-01 02:34:38,500 -     -> Đã đạt cực trị toàn cục cho mọi cặp dưới ngưỡng. KẾT THÚC CHẶNG 4.
2026-05-01 02:34:38,501 - Hoàn thành trong 1198.2s. Final Cost: 96375
2026-05-01 02:34:38,501 - ======================================================================
2026-05-01 02:34:38,501 - BÁO CÁO TỔNG KẾT (SUMMARY)
2026-05-01 02:34:38,501 - ======================================================================
2026-05-01 02:34:38,501 -   1. Chi phí Clarke-Wright:     101735
2026-05-01 02:34:38,501 -   2. Chi phí sau CPLEX MIP:     96375
2026-05-01 02:34:38,501 -   => TỔNG CẢI THIỆN:            5360
2026-05-01 02:34:38,501 -   => Số lần CPLEX Single cải thiện  : 46 lần
2026-05-01 02:34:38,501 -   => Số lần CPLEX Pairwise cải thiện: 0 lần
2026-05-01 02:34:38,501 -   => TỔNG THỜI GIAN CHẠY:       1199.844s
2026-05-01 02:34:38,507 - ======================================================================
2026-05-01 02:34:38,507 - CPLEX MIP SOLVER  |  FILE: X-n801-k40.vrp
2026-05-01 02:34:38,507 - ======================================================================
2026-05-01 02:34:39,429 - Thông tin dữ liệu: Dimension=801, K=40, Capacity=20
2026-05-01 02:34:39,429 - --- Step 1: Clarke-Wright Heuristic ---
2026-05-01 02:34:41,394 -   Kết quả CW: Cost = 89895, Time = 1.964s
2026-05-01 02:34:41,394 - --- Step 2: Advanced Optimization (CPLEX MIP) ---
2026-05-01 02:34:41,394 - =========================================
2026-05-01 02:34:41,394 - BẮT ĐẦU OPTIMIZE  (100% CPLEX MIP)
2026-05-01 02:34:41,394 -  -> Max Single Size  : 35
2026-05-01 02:34:41,394 -  -> Single Timeout   : 40.0s
2026-05-01 02:34:41,394 -  -> Max Pairwise Size: 28
2026-05-01 02:34:41,394 -  -> Pairwise Timeout : 150.0s
2026-05-01 02:34:41,394 -  -> Global Timeout   : 1200.0s
2026-05-01 02:34:41,395 -  -> Chi phí khởi điểm: 89895
2026-05-01 02:34:41,395 - =========================================
2026-05-01 02:34:41,395 - === BẮT ĐẦU CHẶNG 4: CPLEX MIP CHÍNH XÁC | Cost: 89895 ===
2026-05-01 02:34:41,395 -   [GĐ 4.1] Giải bài toán TSP trên từng tuyến đơn...
2026-05-01 02:54:39,426 -     -> Single CPLEX cải thiện: 5309. Cost mới: 84586
2026-05-01 02:54:39,426 -   [GĐ 4.2] Xét từng cặp tuyến để phân bổ lại khách hàng...
2026-05-01 02:54:39,426 -   --- Pairwise Iter 1 (còn 2s) ---
2026-05-01 02:54:39,489 -     -> Đã đạt cực trị toàn cục cho mọi cặp dưới ngưỡng. KẾT THÚC CHẶNG 4.
2026-05-01 02:54:39,489 - Hoàn thành trong 1198.1s. Final Cost: 84586
2026-05-01 02:54:39,489 - ======================================================================
2026-05-01 02:54:39,489 - BÁO CÁO TỔNG KẾT (SUMMARY)
2026-05-01 02:54:39,489 - ======================================================================
2026-05-01 02:54:39,489 -   1. Chi phí Clarke-Wright:     89895
2026-05-01 02:54:39,489 -   2. Chi phí sau CPLEX MIP:     84586
2026-05-01 02:54:39,489 -   => TỔNG CẢI THIỆN:            5309
2026-05-01 02:54:39,489 -   => Số lần CPLEX Single cải thiện  : 38 lần
2026-05-01 02:54:39,489 -   => Số lần CPLEX Pairwise cải thiện: 0 lần
2026-05-01 02:54:39,489 -   => TỔNG THỜI GIAN CHẠY:       1200.059s
2026-05-01 02:54:39,495 - ======================================================================
2026-05-01 02:54:39,495 - CPLEX MIP SOLVER  |  FILE: X-n819-k171.vrp
2026-05-01 02:54:39,495 - ======================================================================
2026-05-01 02:54:40,446 - Thông tin dữ liệu: Dimension=819, K=171, Capacity=358
2026-05-01 02:54:40,447 - --- Step 1: Clarke-Wright Heuristic ---
2026-05-01 03:59:39,286 - ⚠️ Clarke-Wright kẹt với K giới hạn. Chạy fallback K=999...
2026-05-01 03:59:39,884 -   Kết quả CW: Cost = 214313, Time = 0.533s
2026-05-01 03:59:39,884 - --- Step 2: Advanced Optimization (CPLEX MIP) ---
2026-05-01 03:59:39,884 - =========================================
2026-05-01 03:59:39,884 - BẮT ĐẦU OPTIMIZE  (100% CPLEX MIP)
2026-05-01 03:59:39,884 -  -> Max Single Size  : 20
2026-05-01 03:59:39,884 -  -> Single Timeout   : 40.0s
2026-05-01 03:59:39,884 -  -> Max Pairwise Size: 16
2026-05-01 03:59:39,884 -  -> Pairwise Timeout : 48.0s
2026-05-01 03:59:39,885 -  -> Global Timeout   : 1200.0s
2026-05-01 03:59:39,885 -  -> Chi phí khởi điểm: 214313
2026-05-01 03:59:39,885 - =========================================
2026-05-01 03:59:39,885 - === BẮT ĐẦU CHẶNG 4: CPLEX MIP CHÍNH XÁC | Cost: 214313 ===
2026-05-01 03:59:39,885 -   [GĐ 4.1] Giải bài toán TSP trên từng tuyến đơn...
2026-05-01 03:59:42,175 -     -> Single CPLEX cải thiện: 1048. Cost mới: 213265
2026-05-01 03:59:42,175 -   [GĐ 4.2] Xét từng cặp tuyến để phân bổ lại khách hàng...
2026-05-01 03:59:42,175 -   --- Pairwise Iter 1 (còn 1198s) ---
2026-05-01 03:59:42,346 -     [P4.2] Pair (62,192) giảm 8 -> BEST = 213257
2026-05-01 03:59:42,363 -   --- Pairwise Iter 2 (còn 1198s) ---
2026-05-01 03:59:43,095 -     [P4.2] Pair (29,147) giảm 7 -> BEST = 213250
2026-05-01 03:59:43,114 -   --- Pairwise Iter 3 (còn 1197s) ---
2026-05-01 03:59:43,556 -     [P4.2] Pair (1,86) giảm 13 -> BEST = 213237
2026-05-01 03:59:43,572 -   --- Pairwise Iter 4 (còn 1196s) ---
2026-05-01 03:59:44,001 -     [P4.2] Pair (2,84) giảm 5 -> BEST = 213232
2026-05-01 03:59:44,018 -   --- Pairwise Iter 5 (còn 1196s) ---
2026-05-01 03:59:44,502 -     [P4.2] Pair (2,143) giảm 9 -> BEST = 213223
2026-05-01 03:59:44,520 -   --- Pairwise Iter 6 (còn 1195s) ---
2026-05-01 03:59:44,636 -     [P4.2] Pair (2,84) giảm 7 -> BEST = 213216
2026-05-01 03:59:44,646 -   --- Pairwise Iter 7 (còn 1195s) ---
2026-05-01 03:59:45,175 -     [P4.2] Pair (17,143) giảm 15 -> BEST = 213201
2026-05-01 03:59:45,200 -   --- Pairwise Iter 8 (còn 1195s) ---
2026-05-01 03:59:47,127 -     [P4.2] Pair (44,188) giảm 2 -> BEST = 213199
2026-05-01 03:59:47,153 -   --- Pairwise Iter 9 (còn 1193s) ---
2026-05-01 03:59:49,177 -     [P4.2] Pair (55,211) giảm 7 -> BEST = 213192
2026-05-01 03:59:49,195 -   --- Pairwise Iter 10 (còn 1191s) ---
2026-05-01 03:59:51,229 -     [P4.2] Pair (84,234) giảm 13 -> BEST = 213179
2026-05-01 03:59:51,258 -   --- Pairwise Iter 11 (còn 1189s) ---
2026-05-01 03:59:53,563 -     [P4.2] Pair (123,185) giảm 10 -> BEST = 213169
2026-05-01 03:59:53,581 -   --- Pairwise Iter 12 (còn 1186s) ---
2026-05-01 03:59:55,781 -     [P4.2] Pair (158,232) giảm 16 -> BEST = 213153
2026-05-01 03:59:55,797 -   --- Pairwise Iter 13 (còn 1184s) ---
2026-05-01 03:59:59,500 -     [P4.2] Pair (163,209) giảm 2 -> BEST = 213151
2026-05-01 03:59:59,527 -   --- Pairwise Iter 14 (còn 1180s) ---
2026-05-01 04:00:03,209 -     [P4.2] Pair (11,96) giảm 19 -> BEST = 213132
2026-05-01 04:00:03,228 -   --- Pairwise Iter 15 (còn 1177s) ---
2026-05-01 04:00:07,155 -     [P4.2] Pair (75,228) giảm 21 -> BEST = 213111
2026-05-01 04:00:07,175 -   --- Pairwise Iter 16 (còn 1173s) ---
2026-05-01 04:00:11,026 -     [P4.2] Pair (76,122) giảm 16 -> BEST = 213095
2026-05-01 04:00:11,043 -   --- Pairwise Iter 17 (còn 1169s) ---
2026-05-01 04:00:15,207 -     [P4.2] Pair (160,180) giảm 18 -> BEST = 213077
2026-05-01 04:00:15,222 -   --- Pairwise Iter 18 (còn 1165s) ---
2026-05-01 04:00:19,385 -     [P4.2] Pair (167,214) giảm 21 -> BEST = 213056
2026-05-01 04:00:19,406 -   --- Pairwise Iter 19 (còn 1160s) ---
2026-05-01 04:00:23,659 -     [P4.2] Pair (169,212) giảm 4 -> BEST = 213052
2026-05-01 04:00:23,682 -   --- Pairwise Iter 20 (còn 1156s) ---
2026-05-01 04:00:27,880 -     [P4.2] Pair (8,99) giảm 88 -> BEST = 212964
2026-05-01 04:00:27,901 -   --- Pairwise Iter 21 (còn 1152s) ---
2026-05-01 04:00:32,291 -     [P4.2] Pair (18,37) giảm 1 -> BEST = 212963
2026-05-01 04:00:32,316 -   --- Pairwise Iter 22 (còn 1148s) ---
2026-05-01 04:00:37,777 -     [P4.2] Pair (29,116) giảm 9 -> BEST = 212954
2026-05-01 04:00:37,797 -   --- Pairwise Iter 23 (còn 1142s) ---
2026-05-01 04:00:43,134 -     [P4.2] Pair (36,235) giảm 11 -> BEST = 212943
2026-05-01 04:00:43,151 -   --- Pairwise Iter 24 (còn 1137s) ---
2026-05-01 04:00:48,511 -     [P4.2] Pair (56,82) giảm 15 -> BEST = 212928
2026-05-01 04:00:48,529 -   --- Pairwise Iter 25 (còn 1131s) ---
2026-05-01 04:00:53,802 -     [P4.2] Pair (80,166) giảm 17 -> BEST = 212911
2026-05-01 04:00:53,823 -   --- Pairwise Iter 26 (còn 1126s) ---
2026-05-01 04:00:59,094 -     [P4.2] Pair (95,115) giảm 9 -> BEST = 212902
2026-05-01 04:00:59,112 -   --- Pairwise Iter 27 (còn 1121s) ---
2026-05-01 04:01:04,570 -     [P4.2] Pair (101,118) giảm 12 -> BEST = 212890
2026-05-01 04:01:04,588 -   --- Pairwise Iter 28 (còn 1115s) ---
2026-05-01 04:01:10,907 -     [P4.2] Pair (102,142) giảm 4 -> BEST = 212886
2026-05-01 04:01:10,935 -   --- Pairwise Iter 29 (còn 1109s) ---
2026-05-01 04:01:16,962 -     [P4.2] Pair (143,234) giảm 2 -> BEST = 212884
2026-05-01 04:01:16,982 -   --- Pairwise Iter 30 (còn 1103s) ---
2026-05-01 04:01:24,907 -     [P4.2] Pair (42,101) giảm 18 -> BEST = 212866
2026-05-01 04:01:24,927 -   --- Pairwise Iter 31 (còn 1095s) ---
2026-05-01 04:01:31,281 -     [P4.2] Pair (42,118) giảm 48 -> BEST = 212818
2026-05-01 04:01:31,290 -   --- Pairwise Iter 32 (còn 1089s) ---
2026-05-01 04:01:39,943 -     [P4.2] Pair (99,144) giảm 45 -> BEST = 212773
2026-05-01 04:01:39,968 -   --- Pairwise Iter 33 (còn 1080s) ---
2026-05-01 04:01:48,015 -     [P4.2] Pair (112,235) giảm 35 -> BEST = 212738
2026-05-01 04:01:48,035 -   --- Pairwise Iter 34 (còn 1072s) ---
2026-05-01 04:01:56,326 -     [P4.2] Pair (124,220) giảm 24 -> BEST = 212714
2026-05-01 04:01:56,343 -   --- Pairwise Iter 35 (còn 1064s) ---
2026-05-01 04:02:04,702 -     [P4.2] Pair (2,84) giảm 5 -> BEST = 212709
2026-05-01 04:02:04,716 -   --- Pairwise Iter 36 (còn 1055s) ---
2026-05-01 04:02:07,661 -     [P4.2] Pair (84,143) giảm 15 -> BEST = 212694
2026-05-01 04:02:07,671 -   --- Pairwise Iter 37 (còn 1052s) ---
2026-05-01 04:02:16,507 -     [P4.2] Pair (6,103) giảm 7 -> BEST = 212687
2026-05-01 04:02:16,524 -   --- Pairwise Iter 38 (còn 1043s) ---
2026-05-01 04:02:25,390 -     [P4.2] Pair (15,36) giảm 26 -> BEST = 212661
2026-05-01 04:02:25,408 -   --- Pairwise Iter 39 (còn 1034s) ---
2026-05-01 04:02:37,156 -     [P4.2] Pair (86,93) giảm 15 -> BEST = 212646
2026-05-01 04:02:37,165 -   --- Pairwise Iter 40 (còn 1023s) ---
2026-05-01 04:02:49,699 -     [P4.2] Pair (102,163) giảm 1 -> BEST = 212645
2026-05-01 04:02:49,722 -   --- Pairwise Iter 41 (còn 1010s) ---
2026-05-01 04:02:57,244 -     [P4.2] Pair (102,209) giảm 2 -> BEST = 212643
2026-05-01 04:02:57,274 -   --- Pairwise Iter 42 (còn 1003s) ---
2026-05-01 04:03:13,454 -     [P4.2] Pair (126,189) giảm 11 -> BEST = 212632
2026-05-01 04:03:13,472 -   --- Pairwise Iter 43 (còn 986s) ---
2026-05-01 04:03:29,647 -     [P4.2] Pair (140,217) giảm 10 -> BEST = 212622
2026-05-01 04:03:29,669 -   --- Pairwise Iter 44 (còn 970s) ---
2026-05-01 04:03:45,892 -     [P4.2] Pair (146,213) giảm 6 -> BEST = 212616
2026-05-01 04:03:45,910 -   --- Pairwise Iter 45 (còn 954s) ---
2026-05-01 04:04:02,251 -     [P4.2] Pair (147,211) giảm 8 -> BEST = 212608
2026-05-01 04:04:02,271 -   --- Pairwise Iter 46 (còn 938s) ---
2026-05-01 04:04:19,883 -     [P4.2] Pair (160,171) giảm 9 -> BEST = 212599
2026-05-01 04:04:19,916 -   --- Pairwise Iter 47 (còn 920s) ---
2026-05-01 04:04:37,619 -     [P4.2] Pair (165,198) giảm 11 -> BEST = 212588
2026-05-01 04:04:37,636 -   --- Pairwise Iter 48 (còn 902s) ---
2026-05-01 04:04:45,895 -     [P4.2] Pair (104,165) giảm 6 -> BEST = 212582
2026-05-01 04:04:45,915 -   --- Pairwise Iter 49 (còn 894s) ---
2026-05-01 04:05:03,401 -     [P4.2] Pair (210,218) giảm 4 -> BEST = 212578
2026-05-01 04:05:03,421 -   --- Pairwise Iter 50 (còn 876s) ---
2026-05-01 04:05:20,944 -     [P4.2] Pair (0,62) giảm 19 -> BEST = 212559
2026-05-01 04:05:20,955 -   --- Pairwise Iter 51 (còn 859s) ---
2026-05-01 04:05:38,720 -     [P4.2] Pair (39,193) giảm 10 -> BEST = 212549
2026-05-01 04:05:38,742 -   --- Pairwise Iter 52 (còn 841s) ---
2026-05-01 04:05:56,350 -     [P4.2] Pair (53,109) giảm 13 -> BEST = 212536
2026-05-01 04:05:56,369 -   --- Pairwise Iter 53 (còn 824s) ---
2026-05-01 04:06:14,060 -     [P4.2] Pair (68,133) giảm 28 -> BEST = 212508
2026-05-01 04:06:14,080 -   --- Pairwise Iter 54 (còn 806s) ---
2026-05-01 04:06:37,109 -     [P4.2] Pair (72,184) giảm 17 -> BEST = 212491
2026-05-01 04:06:37,126 -   --- Pairwise Iter 55 (còn 783s) ---
2026-05-01 04:07:00,504 -     [P4.2] Pair (100,225) giảm 42 -> BEST = 212449
2026-05-01 04:07:00,522 -   --- Pairwise Iter 56 (còn 759s) ---
2026-05-01 04:07:23,852 -     [P4.2] Pair (110,126) giảm 5 -> BEST = 212444
2026-05-01 04:07:23,869 -   --- Pairwise Iter 57 (còn 736s) ---
2026-05-01 04:07:47,547 -     [P4.2] Pair (2,126) giảm 32 -> BEST = 212412
2026-05-01 04:07:47,557 -   --- Pairwise Iter 58 (còn 712s) ---
2026-05-01 04:07:57,033 -     [P4.2] Pair (84,126) giảm 31 -> BEST = 212381
2026-05-01 04:07:57,043 -   --- Pairwise Iter 59 (còn 703s) ---
2026-05-01 04:08:14,794 -     [P4.2] Pair (84,110) giảm 12 -> BEST = 212369
2026-05-01 04:08:14,801 -   --- Pairwise Iter 60 (còn 685s) ---
2026-05-01 04:08:40,670 -     [P4.2] Pair (10,43) giảm 9 -> BEST = 212360
2026-05-01 04:08:40,690 -   --- Pairwise Iter 61 (còn 659s) ---
2026-05-01 04:08:42,880 -     [P4.2] Pair (19,43) giảm 15 -> BEST = 212345
2026-05-01 04:08:42,899 -   --- Pairwise Iter 62 (còn 657s) ---
2026-05-01 04:09:09,453 -     [P4.2] Pair (10,44) giảm 18 -> BEST = 212327
2026-05-01 04:09:09,479 -   --- Pairwise Iter 63 (còn 630s) ---
2026-05-01 04:09:40,460 -     [P4.2] Pair (54,145) giảm 10 -> BEST = 212317
2026-05-01 04:09:40,476 -   --- Pairwise Iter 64 (còn 599s) ---
2026-05-01 04:10:11,620 -     [P4.2] Pair (94,173) giảm 7 -> BEST = 212310
2026-05-01 04:10:11,639 -   --- Pairwise Iter 65 (còn 568s) ---
2026-05-01 04:10:42,893 -     [P4.2] Pair (106,170) giảm 60 -> BEST = 212250
2026-05-01 04:10:42,911 -   --- Pairwise Iter 66 (còn 537s) ---
2026-05-01 04:11:14,117 -     [P4.2] Pair (108,113) giảm 22 -> BEST = 212228
2026-05-01 04:11:14,133 -   --- Pairwise Iter 67 (còn 506s) ---
2026-05-01 04:11:46,216 -     [P4.2] Pair (115,175) giảm 9 -> BEST = 212219
2026-05-01 04:11:46,236 -   --- Pairwise Iter 68 (còn 474s) ---
2026-05-01 04:12:18,157 -     [P4.2] Pair (142,144) giảm 4 -> BEST = 212215
2026-05-01 04:12:18,184 -   --- Pairwise Iter 69 (còn 442s) ---
2026-05-01 04:12:50,001 -     [P4.2] Pair (148,152) giảm 23 -> BEST = 212192
2026-05-01 04:12:50,024 -   --- Pairwise Iter 70 (còn 410s) ---
2026-05-01 04:13:21,820 -     [P4.2] Pair (151,217) giảm 42 -> BEST = 212150
2026-05-01 04:13:21,837 -   --- Pairwise Iter 71 (còn 378s) ---
2026-05-01 04:13:54,380 -     [P4.2] Pair (205,230) giảm 63 -> BEST = 212087
2026-05-01 04:13:54,391 -   --- Pairwise Iter 72 (còn 345s) ---
2026-05-01 04:14:26,985 -     [P4.2] Pair (5,88) giảm 37 -> BEST = 212050
2026-05-01 04:14:27,008 -   --- Pairwise Iter 73 (còn 313s) ---
2026-05-01 04:14:38,334 -     [P4.2] Pair (5,68) giảm 4 -> BEST = 212046
2026-05-01 04:14:38,352 -   --- Pairwise Iter 74 (còn 302s) ---
2026-05-01 04:14:40,457 -     [P4.2] Pair (5,133) giảm 22 -> BEST = 212024
2026-05-01 04:14:40,475 -   --- Pairwise Iter 75 (còn 299s) ---
2026-05-01 04:15:14,797 -     [P4.2] Pair (9,224) giảm 82 -> BEST = 211942
2026-05-01 04:15:14,813 -   --- Pairwise Iter 76 (còn 265s) ---
2026-05-01 04:15:49,938 -     [P4.2] Pair (20,88) giảm 23 -> BEST = 211919
2026-05-01 04:15:49,963 -   --- Pairwise Iter 77 (còn 230s) ---
2026-05-01 04:16:23,823 -     [P4.2] Pair (68,88) giảm 2 -> BEST = 211917
2026-05-01 04:16:23,839 -   --- Pairwise Iter 78 (còn 196s) ---
2026-05-01 04:16:40,236 -     [P4.2] Pair (5,68) giảm 2 -> BEST = 211915
2026-05-01 04:16:40,254 -   --- Pairwise Iter 79 (còn 180s) ---
2026-05-01 04:16:42,705 -     [P4.2] Pair (68,133) giảm 5 -> BEST = 211910
2026-05-01 04:16:42,714 -   --- Pairwise Iter 80 (còn 177s) ---
2026-05-01 04:16:51,305 -     [P4.2] Pair (5,196) giảm 2 -> BEST = 211908
2026-05-01 04:16:51,324 -   --- Pairwise Iter 81 (còn 169s) ---
2026-05-01 04:16:53,342 -     [P4.2] Pair (88,196) giảm 2 -> BEST = 211906
2026-05-01 04:16:53,361 -   --- Pairwise Iter 82 (còn 167s) ---
2026-05-01 04:17:19,304 -     [P4.2] Pair (22,24) giảm 21 -> BEST = 211885
2026-05-01 04:17:19,320 -   --- Pairwise Iter 83 (còn 141s) ---
2026-05-01 04:17:45,859 -     [P4.2] Pair (39,113) giảm 58 -> BEST = 211827
2026-05-01 04:17:45,868 -   --- Pairwise Iter 84 (còn 114s) ---
2026-05-01 04:18:12,413 -     [P4.2] Pair (40,78) giảm 2 -> BEST = 211825
2026-05-01 04:18:12,431 -   --- Pairwise Iter 85 (còn 87s) ---
2026-05-01 04:18:39,197 -     [P4.2] Pair (49,121) giảm 21 -> BEST = 211804
2026-05-01 04:18:39,219 -   --- Pairwise Iter 86 (còn 61s) ---
2026-05-01 04:19:06,024 -     [P4.2] Pair (55,147) giảm 8 -> BEST = 211796
2026-05-01 04:19:06,040 -   --- Pairwise Iter 87 (còn 34s) ---
2026-05-01 04:19:33,253 -     [P4.2] Pair (55,164) giảm 8 -> BEST = 211788
2026-05-01 04:19:33,272 -   --- Pairwise Iter 88 (còn 7s) ---
2026-05-01 04:19:37,995 -     -> Đã đạt cực trị toàn cục cho mọi cặp dưới ngưỡng. KẾT THÚC CHẶNG 4.
2026-05-01 04:19:37,996 - Hoàn thành trong 1198.1s. Final Cost: 211788
2026-05-01 04:19:37,996 - ======================================================================
2026-05-01 04:19:37,996 - BÁO CÁO TỔNG KẾT (SUMMARY)
2026-05-01 04:19:37,996 - ======================================================================
2026-05-01 04:19:37,996 -   1. Chi phí Clarke-Wright:     214313
2026-05-01 04:19:37,996 -   2. Chi phí sau CPLEX MIP:     211788
2026-05-01 04:19:37,996 -   => TỔNG CẢI THIỆN:            2525
2026-05-01 04:19:37,996 -   => Số lần CPLEX Single cải thiện  : 107 lần
2026-05-01 04:19:37,996 -   => Số lần CPLEX Pairwise cải thiện: 87 lần
2026-05-01 04:19:37,996 -   => TỔNG THỜI GIAN CHẠY:       1198.645s
2026-05-01 04:19:38,002 - ======================================================================
2026-05-01 04:19:38,002 - CPLEX MIP SOLVER  |  FILE: X-n837-k142.vrp
2026-05-01 04:19:38,002 - ======================================================================
2026-05-01 04:19:38,991 - Thông tin dữ liệu: Dimension=837, K=142, Capacity=44
2026-05-01 04:19:38,991 - --- Step 1: Clarke-Wright Heuristic ---
2026-05-01 05:23:26,602 - ⚠️ Clarke-Wright kẹt với K giới hạn. Chạy fallback K=999...
2026-05-01 05:23:27,224 -   Kết quả CW: Cost = 317567, Time = 0.558s
2026-05-01 05:23:27,225 - --- Step 2: Advanced Optimization (CPLEX MIP) ---
2026-05-01 05:23:27,225 - =========================================
2026-05-01 05:23:27,225 - BẮT ĐẦU OPTIMIZE  (100% CPLEX MIP)
2026-05-01 05:23:27,225 -  -> Max Single Size  : 20
2026-05-01 05:23:27,225 -  -> Single Timeout   : 40.0s
2026-05-01 05:23:27,225 -  -> Max Pairwise Size: 20
2026-05-01 05:23:27,225 -  -> Pairwise Timeout : 59.0s
2026-05-01 05:23:27,225 -  -> Global Timeout   : 1200.0s
2026-05-01 05:23:27,225 -  -> Chi phí khởi điểm: 317567
2026-05-01 05:23:27,226 - =========================================
2026-05-01 05:23:27,226 - === BẮT ĐẦU CHẶNG 4: CPLEX MIP CHÍNH XÁC | Cost: 317567 ===
2026-05-01 05:23:27,226 -   [GĐ 4.1] Giải bài toán TSP trên từng tuyến đơn...
2026-05-01 05:23:29,562 -     -> Single CPLEX cải thiện: 1287. Cost mới: 316280
2026-05-01 05:23:29,562 -   [GĐ 4.2] Xét từng cặp tuyến để phân bổ lại khách hàng...
2026-05-01 05:23:29,562 -   --- Pairwise Iter 1 (còn 1198s) ---
2026-05-01 05:23:29,913 -     [P4.2] Pair (134,159) giảm 42 -> BEST = 316238
2026-05-01 05:23:29,936 -   --- Pairwise Iter 2 (còn 1197s) ---
2026-05-01 05:23:30,050 -     [P4.2] Pair (200,228) giảm 43 -> BEST = 316195
2026-05-01 05:23:30,060 -   --- Pairwise Iter 3 (còn 1197s) ---
2026-05-01 05:23:30,278 -     [P4.2] Pair (211,231) giảm 71 -> BEST = 316124
2026-05-01 05:23:30,305 -   --- Pairwise Iter 4 (còn 1197s) ---
2026-05-01 05:23:30,658 -     [P4.2] Pair (72,147) giảm 14 -> BEST = 316110
2026-05-01 05:23:30,677 -   --- Pairwise Iter 5 (còn 1197s) ---
2026-05-01 05:23:31,186 -     [P4.2] Pair (166,221) giảm 26 -> BEST = 316084
2026-05-01 05:23:31,197 -   --- Pairwise Iter 6 (còn 1196s) ---
2026-05-01 05:23:31,723 -     [P4.2] Pair (15,97) giảm 48 -> BEST = 316036
2026-05-01 05:23:31,736 -   --- Pairwise Iter 7 (còn 1195s) ---
2026-05-01 05:23:32,260 -     [P4.2] Pair (103,150) giảm 164 -> BEST = 315872
2026-05-01 05:23:32,274 -   --- Pairwise Iter 8 (còn 1195s) ---
2026-05-01 05:23:32,792 -     [P4.2] Pair (121,152) giảm 87 -> BEST = 315785
2026-05-01 05:23:32,802 -   --- Pairwise Iter 9 (còn 1194s) ---
2026-05-01 05:23:33,677 -     [P4.2] Pair (153,227) giảm 88 -> BEST = 315697
2026-05-01 05:23:33,695 -   --- Pairwise Iter 10 (còn 1194s) ---
2026-05-01 05:23:34,575 -     [P4.2] Pair (23,44) giảm 105 -> BEST = 315592
2026-05-01 05:23:34,592 -   --- Pairwise Iter 11 (còn 1193s) ---
2026-05-01 05:23:37,697 -     [P4.2] Pair (166,195) giảm 3 -> BEST = 315589
2026-05-01 05:23:37,728 -   --- Pairwise Iter 12 (còn 1189s) ---
2026-05-01 05:23:40,630 -     [P4.2] Pair (166,208) giảm 17 -> BEST = 315572
2026-05-01 05:23:40,651 -   --- Pairwise Iter 13 (còn 1187s) ---
2026-05-01 05:23:41,839 -     [P4.2] Pair (195,208) giảm 6 -> BEST = 315566
2026-05-01 05:23:41,868 -   --- Pairwise Iter 14 (còn 1185s) ---
2026-05-01 05:23:43,122 -     [P4.2] Pair (177,190) giảm 21 -> BEST = 315545
2026-05-01 05:23:43,153 -   --- Pairwise Iter 15 (còn 1184s) ---
2026-05-01 05:23:45,917 -     [P4.2] Pair (5,177) giảm 10 -> BEST = 315535
2026-05-01 05:23:45,949 -   --- Pairwise Iter 16 (còn 1181s) ---
2026-05-01 05:23:48,221 -     [P4.2] Pair (76,95) giảm 5 -> BEST = 315530
2026-05-01 05:23:48,232 -   --- Pairwise Iter 17 (còn 1179s) ---
2026-05-01 05:23:50,608 -     [P4.2] Pair (88,100) giảm 28 -> BEST = 315502
2026-05-01 05:23:50,638 -   --- Pairwise Iter 18 (còn 1177s) ---
2026-05-01 05:23:53,005 -     [P4.2] Pair (95,208) giảm 49 -> BEST = 315453
2026-05-01 05:23:53,022 -   --- Pairwise Iter 19 (còn 1174s) ---
2026-05-01 05:23:53,870 -     [P4.2] Pair (95,195) giảm 13 -> BEST = 315440
2026-05-01 05:23:53,880 -   --- Pairwise Iter 20 (còn 1173s) ---
2026-05-01 05:23:58,092 -     [P4.2] Pair (76,208) giảm 25 -> BEST = 315415
2026-05-01 05:23:58,116 -   --- Pairwise Iter 21 (còn 1169s) ---
2026-05-01 05:24:03,738 -     [P4.2] Pair (158,218) giảm 6 -> BEST = 315409
2026-05-01 05:24:03,758 -   --- Pairwise Iter 22 (còn 1163s) ---
2026-05-01 05:24:10,033 -     [P4.2] Pair (166,195) giảm 36 -> BEST = 315373
2026-05-01 05:24:10,061 -   --- Pairwise Iter 23 (còn 1157s) ---
2026-05-01 05:24:17,383 -     [P4.2] Pair (204,229) giảm 35 -> BEST = 315338
2026-05-01 05:24:17,400 -   --- Pairwise Iter 24 (còn 1150s) ---
2026-05-01 05:24:24,815 -     [P4.2] Pair (17,86) giảm 35 -> BEST = 315303
2026-05-01 05:24:24,834 -   --- Pairwise Iter 25 (còn 1142s) ---
2026-05-01 05:24:33,272 -     [P4.2] Pair (17,54) giảm 36 -> BEST = 315267
2026-05-01 05:24:33,306 -   --- Pairwise Iter 26 (còn 1134s) ---
2026-05-01 05:24:41,276 -     [P4.2] Pair (31,103) giảm 24 -> BEST = 315243
2026-05-01 05:24:41,303 -   --- Pairwise Iter 27 (còn 1126s) ---
2026-05-01 05:24:48,637 -     [P4.2] Pair (40,167) giảm 48 -> BEST = 315195
2026-05-01 05:24:48,655 -   --- Pairwise Iter 28 (còn 1119s) ---
2026-05-01 05:24:56,625 -     [P4.2] Pair (110,225) giảm 33 -> BEST = 315162
2026-05-01 05:24:56,646 -   --- Pairwise Iter 29 (còn 1111s) ---
2026-05-01 05:25:04,951 -     [P4.2] Pair (118,224) giảm 25 -> BEST = 315137
2026-05-01 05:25:04,968 -   --- Pairwise Iter 30 (còn 1102s) ---
2026-05-01 05:25:13,210 -     [P4.2] Pair (136,170) giảm 57 -> BEST = 315080
2026-05-01 05:25:13,221 -   --- Pairwise Iter 31 (còn 1094s) ---
2026-05-01 05:25:21,431 -     [P4.2] Pair (145,172) giảm 58 -> BEST = 315022
2026-05-01 05:25:21,442 -   --- Pairwise Iter 32 (còn 1086s) ---
2026-05-01 05:25:29,762 -     [P4.2] Pair (191,216) giảm 21 -> BEST = 315001
2026-05-01 05:25:29,773 -   --- Pairwise Iter 33 (còn 1077s) ---
2026-05-01 05:25:38,252 -     [P4.2] Pair (60,119) giảm 1 -> BEST = 315000
2026-05-01 05:25:38,270 -   --- Pairwise Iter 34 (còn 1069s) ---
2026-05-01 05:25:47,040 -     [P4.2] Pair (179,207) giảm 5 -> BEST = 314995
2026-05-01 05:25:47,068 -   --- Pairwise Iter 35 (còn 1060s) ---
2026-05-01 05:25:55,907 -     [P4.2] Pair (189,229) giảm 38 -> BEST = 314957
2026-05-01 05:25:55,926 -   --- Pairwise Iter 36 (còn 1051s) ---
2026-05-01 05:26:05,802 -     [P4.2] Pair (9,96) giảm 61 -> BEST = 314896
2026-05-01 05:26:05,821 -   --- Pairwise Iter 37 (còn 1041s) ---
2026-05-01 05:26:17,873 -     [P4.2] Pair (17,86) giảm 6 -> BEST = 314890
2026-05-01 05:26:17,915 -   --- Pairwise Iter 38 (còn 1029s) ---
2026-05-01 05:26:30,498 -     [P4.2] Pair (18,44) giảm 59 -> BEST = 314831
2026-05-01 05:26:30,507 -   --- Pairwise Iter 39 (còn 1017s) ---
2026-05-01 05:26:43,113 -     [P4.2] Pair (33,167) giảm 45 -> BEST = 314786
2026-05-01 05:26:43,122 -   --- Pairwise Iter 40 (còn 1004s) ---
2026-05-01 05:26:55,725 -     [P4.2] Pair (46,176) giảm 46 -> BEST = 314740
2026-05-01 05:26:55,738 -   --- Pairwise Iter 41 (còn 991s) ---
2026-05-01 05:27:08,366 -     [P4.2] Pair (52,184) giảm 57 -> BEST = 314683
2026-05-01 05:27:08,383 -   --- Pairwise Iter 42 (còn 979s) ---
2026-05-01 05:27:21,025 -     [P4.2] Pair (57,105) giảm 29 -> BEST = 314654
2026-05-01 05:27:21,043 -   --- Pairwise Iter 43 (còn 966s) ---
2026-05-01 05:27:34,461 -     [P4.2] Pair (131,194) giảm 2 -> BEST = 314652
2026-05-01 05:27:34,485 -   --- Pairwise Iter 44 (còn 953s) ---
2026-05-01 05:27:47,860 -     [P4.2] Pair (155,224) giảm 7 -> BEST = 314645
2026-05-01 05:27:47,885 -   --- Pairwise Iter 45 (còn 939s) ---
2026-05-01 05:28:01,438 -     [P4.2] Pair (178,196) giảm 49 -> BEST = 314596
2026-05-01 05:28:01,460 -   --- Pairwise Iter 46 (còn 926s) ---
2026-05-01 05:28:16,909 -     [P4.2] Pair (179,219) giảm 6 -> BEST = 314590
2026-05-01 05:28:16,937 -   --- Pairwise Iter 47 (còn 910s) ---
2026-05-01 05:28:32,665 -     [P4.2] Pair (6,55) giảm 31 -> BEST = 314559
2026-05-01 05:28:32,682 -   --- Pairwise Iter 48 (còn 895s) ---
2026-05-01 05:28:48,365 -     [P4.2] Pair (8,230) giảm 78 -> BEST = 314481
2026-05-01 05:28:48,378 -   --- Pairwise Iter 49 (còn 879s) ---
2026-05-01 05:29:04,132 -     [P4.2] Pair (14,92) giảm 68 -> BEST = 314413
2026-05-01 05:29:04,151 -   --- Pairwise Iter 50 (còn 863s) ---
2026-05-01 05:29:20,077 -     [P4.2] Pair (68,160) giảm 74 -> BEST = 314339
2026-05-01 05:29:20,126 -   --- Pairwise Iter 51 (còn 847s) ---
2026-05-01 05:29:36,742 -     [P4.2] Pair (88,125) giảm 30 -> BEST = 314309
2026-05-01 05:29:36,766 -   --- Pairwise Iter 52 (còn 830s) ---
2026-05-01 05:29:54,137 -     [P4.2] Pair (106,148) giảm 43 -> BEST = 314266
2026-05-01 05:29:54,154 -   --- Pairwise Iter 53 (còn 813s) ---
2026-05-01 05:30:20,837 -     [P4.2] Pair (144,180) giảm 49 -> BEST = 314217
2026-05-01 05:30:20,869 -   --- Pairwise Iter 54 (còn 786s) ---
2026-05-01 05:30:47,416 -     [P4.2] Pair (168,228) giảm 84 -> BEST = 314133
2026-05-01 05:30:47,426 -   --- Pairwise Iter 55 (còn 760s) ---
2026-05-01 05:31:14,143 -     [P4.2] Pair (172,185) giảm 67 -> BEST = 314066
2026-05-01 05:31:14,158 -   --- Pairwise Iter 56 (còn 733s) ---
2026-05-01 05:31:25,147 -     [P4.2] Pair (185,192) giảm 7 -> BEST = 314059
2026-05-01 05:31:25,184 -   --- Pairwise Iter 57 (còn 722s) ---
2026-05-01 05:31:36,343 -     [P4.2] Pair (172,192) giảm 1 -> BEST = 314058
2026-05-01 05:31:36,364 -   --- Pairwise Iter 58 (còn 711s) ---
2026-05-01 05:31:39,238 -     [P4.2] Pair (185,192) giảm 1 -> BEST = 314057
2026-05-01 05:31:39,270 -   --- Pairwise Iter 59 (còn 708s) ---
2026-05-01 05:32:07,617 -     [P4.2] Pair (201,205) giảm 16 -> BEST = 314041
2026-05-01 05:32:07,632 -   --- Pairwise Iter 60 (còn 680s) ---
2026-05-01 05:32:36,346 -     [P4.2] Pair (202,214) giảm 1 -> BEST = 314040
2026-05-01 05:32:36,371 -   --- Pairwise Iter 61 (còn 651s) ---
2026-05-01 05:33:07,578 -     [P4.2] Pair (0,67) giảm 88 -> BEST = 313952
2026-05-01 05:33:07,600 -   --- Pairwise Iter 62 (còn 620s) ---
2026-05-01 05:33:40,495 -     [P4.2] Pair (22,141) giảm 51 -> BEST = 313901
2026-05-01 05:33:40,526 -   --- Pairwise Iter 63 (còn 587s) ---
2026-05-01 05:34:15,005 -     [P4.2] Pair (30,175) giảm 9 -> BEST = 313892
2026-05-01 05:34:15,028 -   --- Pairwise Iter 64 (còn 552s) ---
2026-05-01 05:34:49,505 -     [P4.2] Pair (36,223) giảm 60 -> BEST = 313832
2026-05-01 05:34:49,524 -   --- Pairwise Iter 65 (còn 518s) ---
2026-05-01 05:35:32,302 -     [P4.2] Pair (42,123) giảm 179 -> BEST = 313653
2026-05-01 05:35:32,323 -   --- Pairwise Iter 66 (còn 475s) ---
2026-05-01 05:36:08,614 -     [P4.2] Pair (79,113) giảm 9 -> BEST = 313644
2026-05-01 05:36:08,626 -   --- Pairwise Iter 67 (còn 439s) ---
2026-05-01 05:36:44,964 -     [P4.2] Pair (132,167) giảm 21 -> BEST = 313623
2026-05-01 05:36:44,975 -   --- Pairwise Iter 68 (còn 402s) ---
2026-05-01 05:37:21,199 -     [P4.2] Pair (137,154) giảm 5 -> BEST = 313618
2026-05-01 05:37:21,217 -   --- Pairwise Iter 69 (còn 366s) ---
2026-05-01 05:37:57,627 -     [P4.2] Pair (151,201) giảm 20 -> BEST = 313598
2026-05-01 05:37:57,652 -   --- Pairwise Iter 70 (còn 330s) ---
2026-05-01 05:37:58,820 -     [P4.2] Pair (201,205) giảm 1 -> BEST = 313597
2026-05-01 05:37:58,827 -   --- Pairwise Iter 71 (còn 328s) ---
2026-05-01 05:38:35,141 -     [P4.2] Pair (207,219) giảm 24 -> BEST = 313573
2026-05-01 05:38:35,153 -   --- Pairwise Iter 72 (còn 292s) ---
2026-05-01 05:39:12,398 -     [P4.2] Pair (210,225) giảm 22 -> BEST = 313551
2026-05-01 05:39:12,408 -   --- Pairwise Iter 73 (còn 255s) ---
2026-05-01 05:39:54,255 -     [P4.2] Pair (45,140) giảm 91 -> BEST = 313460
2026-05-01 05:39:54,279 -   --- Pairwise Iter 74 (còn 213s) ---
2026-05-01 05:40:36,322 -     [P4.2] Pair (61,151) giảm 42 -> BEST = 313418
2026-05-01 05:40:36,349 -   --- Pairwise Iter 75 (còn 171s) ---
2026-05-01 05:41:12,961 -     [P4.2] Pair (151,205) giảm 5 -> BEST = 313413
2026-05-01 05:41:12,972 -   --- Pairwise Iter 76 (còn 134s) ---
2026-05-01 05:41:49,594 -     [P4.2] Pair (151,201) giảm 6 -> BEST = 313407
2026-05-01 05:41:49,604 -   --- Pairwise Iter 77 (còn 98s) ---
2026-05-01 05:42:32,136 -     [P4.2] Pair (84,198) giảm 70 -> BEST = 313337
2026-05-01 05:42:32,146 -   --- Pairwise Iter 78 (còn 55s) ---
2026-05-01 05:43:14,679 -     [P4.2] Pair (100,222) giảm 25 -> BEST = 313312
2026-05-01 05:43:14,689 -   --- Pairwise Iter 79 (còn 13s) ---
2026-05-01 05:43:25,335 -     -> Đã đạt cực trị toàn cục cho mọi cặp dưới ngưỡng. KẾT THÚC CHẶNG 4.
2026-05-01 05:43:25,337 - Hoàn thành trong 1198.1s. Final Cost: 313312
2026-05-01 05:43:25,337 - ======================================================================
2026-05-01 05:43:25,337 - BÁO CÁO TỔNG KẾT (SUMMARY)
2026-05-01 05:43:25,337 - ======================================================================
2026-05-01 05:43:25,337 -   1. Chi phí Clarke-Wright:     317567
2026-05-01 05:43:25,337 -   2. Chi phí sau CPLEX MIP:     313312
2026-05-01 05:43:25,337 -   => TỔNG CẢI THIỆN:            4255
2026-05-01 05:43:25,337 -   => Số lần CPLEX Single cải thiện  : 94 lần
2026-05-01 05:43:25,337 -   => Số lần CPLEX Pairwise cải thiện: 78 lần
2026-05-01 05:43:25,337 -   => TỔNG THỜI GIAN CHẠY:       1198.670s
2026-05-01 05:43:25,346 - ======================================================================
2026-05-01 05:43:25,346 - CPLEX MIP SOLVER  |  FILE: X-n856-k95.vrp
2026-05-01 05:43:25,346 - ======================================================================
2026-05-01 05:43:26,407 - Thông tin dữ liệu: Dimension=856, K=95, Capacity=9
2026-05-01 05:43:26,407 - --- Step 1: Clarke-Wright Heuristic ---
2026-05-01 05:43:28,126 -   Kết quả CW: Cost = 109020, Time = 1.719s
2026-05-01 05:43:28,127 - --- Step 2: Advanced Optimization (CPLEX MIP) ---
2026-05-01 05:43:28,127 - =========================================
2026-05-01 05:43:28,127 - BẮT ĐẦU OPTIMIZE  (100% CPLEX MIP)
2026-05-01 05:43:28,127 -  -> Max Single Size  : 22
2026-05-01 05:43:28,127 -  -> Single Timeout   : 40.0s
2026-05-01 05:43:28,127 -  -> Max Pairwise Size: 28
2026-05-01 05:43:28,127 -  -> Pairwise Timeout : 91.0s
2026-05-01 05:43:28,127 -  -> Global Timeout   : 1200.0s
2026-05-01 05:43:28,127 -  -> Chi phí khởi điểm: 109020
2026-05-01 05:43:28,127 - =========================================
2026-05-01 05:43:28,128 - === BẮT ĐẦU CHẶNG 4: CPLEX MIP CHÍNH XÁC | Cost: 109020 ===
2026-05-01 05:43:28,128 -   [GĐ 4.1] Giải bài toán TSP trên từng tuyến đơn...
2026-05-01 05:43:58,009 -     -> Single CPLEX cải thiện: 4428. Cost mới: 104592
2026-05-01 05:43:58,009 -   [GĐ 4.2] Xét từng cặp tuyến để phân bổ lại khách hàng...
2026-05-01 05:43:58,013 -   --- Pairwise Iter 1 (còn 1170s) ---
2026-05-01 05:45:29,145 -     [P4.2] Pair (55,57) giảm 63 -> BEST = 104529
2026-05-01 05:45:30,710 -   --- Pairwise Iter 2 (còn 1077s) ---
2026-05-01 05:47:01,868 -     [P4.2] Pair (1,86) giảm 9 -> BEST = 104520
2026-05-01 05:47:02,313 -   --- Pairwise Iter 3 (còn 986s) ---
2026-05-01 05:47:48,868 -     [P4.2] Pair (13,29) giảm 52 -> BEST = 104468
2026-05-01 05:47:48,952 -   --- Pairwise Iter 4 (còn 939s) ---
2026-05-01 05:50:51,130 -     [P4.2] Pair (78,82) giảm 90 -> BEST = 104378
2026-05-01 05:50:51,445 -       [S-re] Route 82: 728 → 724  (−4) | BEST = 104374
2026-05-01 05:50:51,445 -   --- Pairwise Iter 5 (còn 757s) ---
2026-05-01 05:53:53,652 -     [P4.2] Pair (2,11) giảm 21 -> BEST = 104353
2026-05-01 05:53:55,191 -   --- Pairwise Iter 6 (còn 573s) ---
2026-05-01 05:56:57,396 -     [P4.2] Pair (19,79) giảm 19 -> BEST = 104334
2026-05-01 05:56:58,648 -   --- Pairwise Iter 7 (còn 389s) ---
2026-05-01 06:00:00,863 -     [P4.2] Pair (44,85) giảm 2 -> BEST = 104332
2026-05-01 06:00:01,218 -   --- Pairwise Iter 8 (còn 207s) ---
2026-05-01 06:01:32,369 -     [P4.2] Pair (22,68) giảm 3 -> BEST = 104329
2026-05-01 06:01:32,751 -   --- Pairwise Iter 9 (còn 115s) ---
2026-05-01 06:03:03,872 -     [P4.2] Pair (68,89) giảm 53 -> BEST = 104276
2026-05-01 06:03:04,151 -   --- Pairwise Iter 10 (còn 24s) ---
2026-05-01 06:03:26,187 -     [P4.2] Pair (1,7) giảm 13 -> BEST = 104263
2026-05-01 06:03:26,187 -   --- Pairwise Iter 11 (còn 2s) ---
2026-05-01 06:03:26,283 -     -> Đã đạt cực trị toàn cục cho mọi cặp dưới ngưỡng. KẾT THÚC CHẶNG 4.
2026-05-01 06:03:26,283 - Hoàn thành trong 1198.2s. Final Cost: 104263
2026-05-01 06:03:26,283 - ======================================================================
2026-05-01 06:03:26,283 - BÁO CÁO TỔNG KẾT (SUMMARY)
2026-05-01 06:03:26,283 - ======================================================================
2026-05-01 06:03:26,283 -   1. Chi phí Clarke-Wright:     109020
2026-05-01 06:03:26,283 -   2. Chi phí sau CPLEX MIP:     104263
2026-05-01 06:03:26,283 -   => TỔNG CẢI THIỆN:            4757
2026-05-01 06:03:26,283 -   => Số lần CPLEX Single cải thiện  : 90 lần
2026-05-01 06:03:26,283 -   => Số lần CPLEX Pairwise cải thiện: 10 lần
2026-05-01 06:03:26,283 -   => TỔNG THỜI GIAN CHẠY:       1199.875s
2026-05-01 06:03:26,289 - ======================================================================
2026-05-01 06:03:26,289 - CPLEX MIP SOLVER  |  FILE: X-n876-k59.vrp
2026-05-01 06:03:26,289 - ======================================================================
2026-05-01 06:03:27,396 - Thông tin dữ liệu: Dimension=876, K=59, Capacity=764
2026-05-01 06:03:27,396 - --- Step 1: Clarke-Wright Heuristic ---
2026-05-01 06:03:29,590 -   Kết quả CW: Cost = 137967, Time = 2.194s
2026-05-01 06:03:29,590 - --- Step 2: Advanced Optimization (CPLEX MIP) ---
2026-05-01 06:03:29,590 - =========================================
2026-05-01 06:03:29,590 - BẮT ĐẦU OPTIMIZE  (100% CPLEX MIP)
2026-05-01 06:03:29,590 -  -> Max Single Size  : 35
2026-05-01 06:03:29,590 -  -> Single Timeout   : 40.0s
2026-05-01 06:03:29,590 -  -> Max Pairwise Size: 28
2026-05-01 06:03:29,590 -  -> Pairwise Timeout : 149.0s
2026-05-01 06:03:29,590 -  -> Global Timeout   : 1200.0s
2026-05-01 06:03:29,591 -  -> Chi phí khởi điểm: 137967
2026-05-01 06:03:29,591 - =========================================
2026-05-01 06:03:29,591 - === BẮT ĐẦU CHẶNG 4: CPLEX MIP CHÍNH XÁC | Cost: 137967 ===
2026-05-01 06:03:29,591 -   [GĐ 4.1] Giải bài toán TSP trên từng tuyến đơn...
2026-05-01 06:23:27,614 -     -> Single CPLEX cải thiện: 9674. Cost mới: 128293
2026-05-01 06:23:27,614 -   [GĐ 4.2] Xét từng cặp tuyến để phân bổ lại khách hàng...
2026-05-01 06:23:27,614 -   --- Pairwise Iter 1 (còn 2s) ---
2026-05-01 06:23:27,692 -     -> Đã đạt cực trị toàn cục cho mọi cặp dưới ngưỡng. KẾT THÚC CHẶNG 4.
2026-05-01 06:23:27,692 - Hoàn thành trong 1198.1s. Final Cost: 128293
2026-05-01 06:23:27,692 - ======================================================================
2026-05-01 06:23:27,692 - BÁO CÁO TỔNG KẾT (SUMMARY)
2026-05-01 06:23:27,692 - ======================================================================
2026-05-01 06:23:27,692 -   1. Chi phí Clarke-Wright:     137967
2026-05-01 06:23:27,692 -   2. Chi phí sau CPLEX MIP:     128293
2026-05-01 06:23:27,692 -   => TỔNG CẢI THIỆN:            9674
2026-05-01 06:23:27,692 -   => Số lần CPLEX Single cải thiện  : 44 lần
2026-05-01 06:23:27,692 -   => Số lần CPLEX Pairwise cải thiện: 0 lần
2026-05-01 06:23:27,692 -   => TỔNG THỜI GIAN CHẠY:       1200.295s
2026-05-01 06:23:27,698 - ======================================================================
2026-05-01 06:23:27,698 - CPLEX MIP SOLVER  |  FILE: X-n895-k37.vrp
2026-05-01 06:23:27,698 - ======================================================================
2026-05-01 06:23:28,912 - Thông tin dữ liệu: Dimension=895, K=37, Capacity=1816
2026-05-01 06:23:28,912 - --- Step 1: Clarke-Wright Heuristic ---
2026-05-01 06:28:07,267 -   Kết quả CW: Cost = 426187, Time = 278.355s
2026-05-01 06:28:07,267 - --- Step 2: Advanced Optimization (CPLEX MIP) ---
2026-05-01 06:28:07,267 - =========================================
2026-05-01 06:28:07,267 - BẮT ĐẦU OPTIMIZE  (100% CPLEX MIP)
2026-05-01 06:28:07,267 -  -> Max Single Size  : 35
2026-05-01 06:28:07,267 -  -> Single Timeout   : 40.0s
2026-05-01 06:28:07,267 -  -> Max Pairwise Size: 28
2026-05-01 06:28:07,267 -  -> Pairwise Timeout : 150.0s
2026-05-01 06:28:07,267 -  -> Global Timeout   : 1200.0s
2026-05-01 06:28:07,268 -  -> Chi phí khởi điểm: 426187
2026-05-01 06:28:07,268 - =========================================
2026-05-01 06:28:07,268 - === BẮT ĐẦU CHẶNG 4: CPLEX MIP CHÍNH XÁC | Cost: 426187 ===
2026-05-01 06:28:07,268 -   [GĐ 4.1] Giải bài toán TSP trên từng tuyến đơn...
2026-05-01 06:29:57,268 -     -> Single CPLEX cải thiện: 271479. Cost mới: 154708
2026-05-01 06:29:57,268 -   [GĐ 4.2] Xét từng cặp tuyến để phân bổ lại khách hàng...
2026-05-01 06:29:57,268 -   --- Pairwise Iter 1 (còn 1090s) ---
2026-05-01 06:29:57,341 -     -> Đã đạt cực trị toàn cục cho mọi cặp dưới ngưỡng. KẾT THÚC CHẶNG 4.
2026-05-01 06:29:57,341 - Hoàn thành trong 110.1s. Final Cost: 154708
2026-05-01 06:29:57,341 - ======================================================================
2026-05-01 06:29:57,341 - BÁO CÁO TỔNG KẾT (SUMMARY)
2026-05-01 06:29:57,341 - ======================================================================
2026-05-01 06:29:57,341 -   1. Chi phí Clarke-Wright:     426187
2026-05-01 06:29:57,341 -   2. Chi phí sau CPLEX MIP:     154708
2026-05-01 06:29:57,341 -   => TỔNG CẢI THIỆN:            271479
2026-05-01 06:29:57,341 -   => Số lần CPLEX Single cải thiện  : 37 lần
2026-05-01 06:29:57,341 -   => Số lần CPLEX Pairwise cải thiện: 0 lần
2026-05-01 06:29:57,341 -   => TỔNG THỜI GIAN CHẠY:       388.429s
2026-05-01 06:29:57,347 - ======================================================================
2026-05-01 06:29:57,347 - CPLEX MIP SOLVER  |  FILE: X-n916-k207.vrp
2026-05-01 06:29:57,347 - ======================================================================
2026-05-01 06:29:58,536 - Thông tin dữ liệu: Dimension=916, K=207, Capacity=33
2026-05-01 06:29:58,537 - --- Step 1: Clarke-Wright Heuristic ---
