2026-05-01 13:23:25,415 - ======================================================================
2026-05-01 13:23:25,416 - CPLEX MIP SOLVER  |  FILE: X-n916-k207.vrp
2026-05-01 13:23:25,416 - ======================================================================
2026-05-01 13:23:26,675 - Thông tin dữ liệu: Dimension=916, K=207, Capacity=33
2026-05-01 13:23:26,675 - --- Step 1: Clarke-Wright Heuristic ---
2026-05-01 13:23:35,342 -     [CW-Phase4] BFD thất bại với 56 khách hàng. Kích hoạt Backtracking (Giảm depth dần)...
2026-05-01 13:23:35,352 -       -> Thử hoán đổi với depth=3 (Limit: 10s)...
2026-05-01 13:23:45,362 -       -> Thử hoán đổi với depth=2 (Limit: 10s)...
2026-05-01 13:23:50,434 -       -> Thử hoán đổi với depth=1 (Limit: 10s)...
2026-05-01 13:23:50,442 -     [CW-Phase4] TẤT CẢ depth đều thất bại hoặc timeout. Chuyển sang Fallback (Sweep).
2026-05-01 13:23:57,166 -     [CW-Phase4] BFD thất bại với 56 khách hàng. Kích hoạt Backtracking (Giảm depth dần)...
2026-05-01 13:23:57,176 -       -> Thử hoán đổi với depth=3 (Limit: 10s)...
2026-05-01 13:24:07,187 -       -> Thử hoán đổi với depth=2 (Limit: 10s)...
2026-05-01 13:24:12,003 -       -> Thử hoán đổi với depth=1 (Limit: 10s)...
2026-05-01 13:24:12,011 -     [CW-Phase4] TẤT CẢ depth đều thất bại hoặc timeout. Chuyển sang Fallback (Sweep).
2026-05-01 13:24:12,011 - ❌ CW THẤT BẠI (UNSAT): Không thể đóng gói vào đúng K=207 xe.
2026-05-01 13:24:12,011 - Chi tiết: Cannot reduce the number of routes
2026-05-01 13:24:12,089 - ======================================================================
2026-05-01 13:24:12,089 - CPLEX MIP SOLVER  |  FILE: X-n936-k151.vrp
2026-05-01 13:24:12,089 - ======================================================================
2026-05-01 13:24:13,239 - Thông tin dữ liệu: Dimension=936, K=151, Capacity=138
2026-05-01 13:24:13,239 - --- Step 1: Clarke-Wright Heuristic ---
2026-05-01 13:27:22,174 -   Kết quả CW: Cost = 454412, Time = 188.935s
2026-05-01 13:27:22,174 - --- Step 2: Advanced Optimization (CPLEX MIP) ---
2026-05-01 13:27:22,174 - =========================================
2026-05-01 13:27:22,175 - BẮT ĐẦU OPTIMIZE  (100% CPLEX MIP)
2026-05-01 13:27:22,175 -  -> Max Single Size  : 20
2026-05-01 13:27:22,175 -  -> Single Timeout   : 40.0s
2026-05-01 13:27:22,175 -  -> Max Pairwise Size: 21
2026-05-01 13:27:22,175 -  -> Pairwise Timeout : 62.0s
2026-05-01 13:27:22,175 -  -> Global Timeout   : 1200.0s
2026-05-01 13:27:22,175 -  -> Chi phí khởi điểm: 454412
2026-05-01 13:27:22,175 - =========================================
2026-05-01 13:27:22,176 - === BẮT ĐẦU CHẶNG 4: CPLEX MIP CHÍNH XÁC | Cost: 454412 ===
2026-05-01 13:27:22,176 -   [GĐ 4.1] Giải bài toán TSP trên từng tuyến đơn...
2026-05-01 13:27:25,777 -     -> Single CPLEX cải thiện: 86026. Cost mới: 368386
2026-05-01 13:27:25,778 -   [GĐ 4.2] Xét từng cặp tuyến để phân bổ lại khách hàng...
2026-05-01 13:27:25,778 -   --- Pairwise Iter 1 (còn 1196s) ---
2026-05-01 13:27:54,068 -     [P4.2] Pair (41,63) giảm 597 -> BEST = 367789
2026-05-01 13:27:54,136 -   --- Pairwise Iter 2 (còn 1168s) ---
2026-05-01 13:28:39,418 -     [P4.2] Pair (20,44) giảm 260 -> BEST = 367529
2026-05-01 13:28:39,461 -   --- Pairwise Iter 3 (còn 1123s) ---
2026-05-01 13:29:18,681 -     [P4.2] Pair (64,142) giảm 213 -> BEST = 367316
2026-05-01 13:29:18,699 -   --- Pairwise Iter 4 (còn 1083s) ---
2026-05-01 13:30:05,832 -     [P4.2] Pair (17,82) giảm 921 -> BEST = 366395
2026-05-01 13:30:05,892 -   --- Pairwise Iter 5 (còn 1036s) ---
2026-05-01 13:30:56,426 -     [P4.2] Pair (25,63) giảm 228 -> BEST = 366167
2026-05-01 13:30:56,481 -   --- Pairwise Iter 6 (còn 986s) ---
2026-05-01 13:31:02,079 -     [P4.2] Pair (41,63) giảm 684 -> BEST = 365483
2026-05-01 13:31:02,117 -   --- Pairwise Iter 7 (còn 980s) ---
2026-05-01 13:31:07,891 -     [P4.2] Pair (54,55) giảm 394 -> BEST = 365089
2026-05-01 13:31:07,908 -   --- Pairwise Iter 8 (còn 974s) ---
2026-05-01 13:31:16,806 -     [P4.2] Pair (75,128) giảm 446 -> BEST = 364643
2026-05-01 13:31:16,908 -   --- Pairwise Iter 9 (còn 965s) ---
2026-05-01 13:31:23,894 -     [P4.2] Pair (117,121) giảm 814 -> BEST = 363829
2026-05-01 13:31:23,985 -   --- Pairwise Iter 10 (còn 958s) ---
2026-05-01 13:32:12,751 -     [P4.2] Pair (28,93) giảm 1020 -> BEST = 362809
2026-05-01 13:32:12,826 -   --- Pairwise Iter 11 (còn 909s) ---
2026-05-01 13:33:23,265 -     [P4.2] Pair (33,126) giảm 1069 -> BEST = 361740
2026-05-01 13:33:23,396 -   --- Pairwise Iter 12 (còn 839s) ---
2026-05-01 13:33:35,514 -     [P4.2] Pair (85,91) giảm 93 -> BEST = 361647
2026-05-01 13:33:35,566 -   --- Pairwise Iter 13 (còn 827s) ---
2026-05-01 13:34:08,059 -     [P4.2] Pair (41,93) giảm 704 -> BEST = 360943
2026-05-01 13:34:08,152 -   --- Pairwise Iter 14 (còn 794s) ---
2026-05-01 13:35:10,285 -     [P4.2] Pair (63,93) giảm 133 -> BEST = 360810
2026-05-01 13:35:10,384 -   --- Pairwise Iter 15 (còn 732s) ---
2026-05-01 13:35:34,544 -     [P4.2] Pair (48,75) giảm 575 -> BEST = 360235
2026-05-01 13:35:34,599 -   --- Pairwise Iter 16 (còn 708s) ---
2026-05-01 13:36:27,659 -     [P4.2] Pair (17,24) giảm 135 -> BEST = 360100
2026-05-01 13:36:27,707 -   --- Pairwise Iter 17 (còn 654s) ---
2026-05-01 13:38:10,034 -     [P4.2] Pair (32,121) giảm 1248 -> BEST = 358852
2026-05-01 13:38:10,243 -   --- Pairwise Iter 18 (còn 552s) ---
2026-05-01 13:38:54,406 -     [P4.2] Pair (115,121) giảm 255 -> BEST = 358597
2026-05-01 13:38:54,817 -   --- Pairwise Iter 19 (còn 507s) ---
2026-05-01 13:39:43,808 -     [P4.2] Pair (114,115) giảm 4 -> BEST = 358593
2026-05-01 13:39:44,166 -   --- Pairwise Iter 20 (còn 458s) ---
2026-05-01 13:40:32,737 -     [P4.2] Pair (79,125) giảm 400 -> BEST = 358193
2026-05-01 13:40:32,755 -   --- Pairwise Iter 21 (còn 409s) ---
2026-05-01 13:42:26,768 -     [P4.2] Pair (4,33) giảm 525 -> BEST = 357668
2026-05-01 13:42:26,832 -   --- Pairwise Iter 22 (còn 295s) ---
2026-05-01 13:43:49,333 -     [P4.2] Pair (7,122) giảm 395 -> BEST = 357273
2026-05-01 13:43:49,381 -   --- Pairwise Iter 23 (còn 213s) ---
2026-05-01 13:44:06,413 -     [P4.2] Pair (46,122) giảm 105 -> BEST = 357168
2026-05-01 13:44:06,471 -   --- Pairwise Iter 24 (còn 196s) ---
2026-05-01 13:44:57,548 -     [P4.2] Pair (46,128) giảm 31 -> BEST = 357137
2026-05-01 13:44:57,610 -   --- Pairwise Iter 25 (còn 145s) ---
2026-05-01 13:45:59,633 -     [P4.2] Pair (10,21) giảm 467 -> BEST = 356670
2026-05-01 13:45:59,675 -   --- Pairwise Iter 26 (còn 82s) ---
2026-05-01 13:47:20,226 -     [P4.2] Pair (18,83) giảm 168 -> BEST = 356502
2026-05-01 13:47:20,226 -   --- Pairwise Iter 27 (còn 2s) ---
2026-05-01 13:47:20,371 -     -> Đã đạt cực trị toàn cục cho mọi cặp dưới ngưỡng. KẾT THÚC CHẶNG 4.
2026-05-01 13:47:20,372 - Hoàn thành trong 1198.2s. Final Cost: 356502
2026-05-01 13:47:20,372 - ======================================================================
2026-05-01 13:47:20,372 - BÁO CÁO TỔNG KẾT (SUMMARY)
2026-05-01 13:47:20,372 - ======================================================================
2026-05-01 13:47:20,372 -   1. Chi phí Clarke-Wright:     454412
2026-05-01 13:47:20,372 -   2. Chi phí sau CPLEX MIP:     356502
2026-05-01 13:47:20,372 -   => TỔNG CẢI THIỆN:            97910
2026-05-01 13:47:20,372 -   => Số lần CPLEX Single cải thiện  : 98 lần
2026-05-01 13:47:20,372 -   => Số lần CPLEX Pairwise cải thiện: 26 lần
2026-05-01 13:47:20,372 -   => TỔNG THỜI GIAN CHẠY:       1387.132s
2026-05-01 13:47:20,374 - ======================================================================
2026-05-01 13:47:20,374 - CPLEX MIP SOLVER  |  FILE: X-n957-k87.vrp
2026-05-01 13:47:20,374 - ======================================================================
2026-05-01 13:47:21,631 - Thông tin dữ liệu: Dimension=957, K=87, Capacity=11
2026-05-01 13:47:21,631 - --- Step 1: Clarke-Wright Heuristic ---
2026-05-01 13:47:24,261 -   Kết quả CW: Cost = 107210, Time = 2.629s
2026-05-01 13:47:24,261 - --- Step 2: Advanced Optimization (CPLEX MIP) ---
2026-05-01 13:47:24,261 - =========================================
2026-05-01 13:47:24,261 - BẮT ĐẦU OPTIMIZE  (100% CPLEX MIP)
2026-05-01 13:47:24,261 -  -> Max Single Size  : 27
2026-05-01 13:47:24,261 -  -> Single Timeout   : 40.0s
2026-05-01 13:47:24,261 -  -> Max Pairwise Size: 28
2026-05-01 13:47:24,261 -  -> Pairwise Timeout : 110.0s
2026-05-01 13:47:24,261 -  -> Global Timeout   : 1200.0s
2026-05-01 13:47:24,261 -  -> Chi phí khởi điểm: 107210
2026-05-01 13:47:24,261 - =========================================
2026-05-01 13:47:24,262 - === BẮT ĐẦU CHẶNG 4: CPLEX MIP CHÍNH XÁC | Cost: 107210 ===
2026-05-01 13:47:24,262 -   [GĐ 4.1] Giải bài toán TSP trên từng tuyến đơn...
