2026-05-16 16:52:24,604 - ======================================================================
2026-05-16 16:52:24,604 - CPLEX MIP SOLVER  |  FILE: F-n45-k4.vrp
2026-05-16 16:52:24,604 - ======================================================================
2026-05-16 16:52:24,605 - Thông tin dữ liệu: Dimension=45, K=4, Capacity=2010
2026-05-16 16:52:24,605 - --- Step 1: Clarke-Wright Heuristic ---
2026-05-16 16:52:24,607 -   Kết quả CW: Cost = 956, Time = 0.002s
2026-05-16 16:52:24,607 - --- Step 2: Advanced Optimization (CPLEX MIP) ---
2026-05-16 16:52:24,607 - =========================================
2026-05-16 16:52:24,607 - BẮT ĐẦU OPTIMIZE  (100% CPLEX MIP)
2026-05-16 16:52:24,607 -  -> Max Single Size  : 22
2026-05-16 16:52:24,607 -  -> Single Timeout   : 40.0s
2026-05-16 16:52:24,607 -  -> Max Pairwise Size: 28
2026-05-16 16:52:24,607 -  -> Pairwise Timeout : 102.0s
2026-05-16 16:52:24,607 -  -> Global Timeout   : 1200.0s
2026-05-16 16:52:24,607 -  -> Chi phí khởi điểm: 956
2026-05-16 16:52:24,607 - =========================================
2026-05-16 16:52:24,607 - === BẮT ĐẦU CHẶNG 4: CPLEX MIP CHÍNH XÁC | Cost: 956 ===
2026-05-16 16:52:24,607 -   [GĐ 4.1] Giải bài toán TSP trên từng tuyến đơn...
2026-05-16 16:52:25,322 -     -> Single CPLEX cải thiện: 82. Cost mới: 874
2026-05-16 16:52:25,322 -   [GĐ 4.2] Xét từng cặp tuyến để phân bổ lại khách hàng...
2026-05-16 16:52:25,322 -   --- Pairwise Iter 1 (còn 1199s) ---
2026-05-16 16:54:07,405 -     [P4.2] Pair (1,2) giảm 12 -> BEST = 862
2026-05-16 16:54:17,016 -       [S-re] Route 2: 430 → 423  (−7) | BEST = 855
2026-05-16 16:54:17,016 -   --- Pairwise Iter 2 (còn 1088s) ---
2026-05-16 16:55:59,097 -     [P4.2] Pair (1,2) giảm 26 -> BEST = 829
2026-05-16 16:55:59,549 -   --- Pairwise Iter 3 (còn 985s) ---
2026-05-16 17:01:04,233 -     [P4.2] Pair (0,2) giảm 37 -> BEST = 792
2026-05-16 17:01:04,484 -   --- Pairwise Iter 4 (còn 680s) ---
2026-05-16 17:05:35,255 -     [P4.2] Pair (0,3) giảm 64 -> BEST = 728
2026-05-16 17:05:35,386 -   --- Pairwise Iter 5 (còn 409s) ---
2026-05-16 17:12:22,658 -     -> Đã đạt cực trị toàn cục cho mọi cặp dưới ngưỡng. KẾT THÚC CHẶNG 4.
2026-05-16 17:12:22,658 - Hoàn thành trong 1198.1s. Final Cost: 728
2026-05-16 17:12:22,658 - ======================================================================
2026-05-16 17:12:22,658 - BÁO CÁO TỔNG KẾT (SUMMARY)
2026-05-16 17:12:22,658 - ======================================================================
2026-05-16 17:12:22,658 -   1. Chi phí Clarke-Wright:     956
2026-05-16 17:12:22,658 -   2. Chi phí sau CPLEX MIP:     728
2026-05-16 17:12:22,658 -   => TỔNG CẢI THIỆN:            228
2026-05-16 17:12:22,658 -   => Số lần CPLEX Single cải thiện  : 5 lần
2026-05-16 17:12:22,658 -   => Số lần CPLEX Pairwise cải thiện: 4 lần
2026-05-16 17:12:22,658 -   => TỔNG THỜI GIAN CHẠY:       1198.053s
2026-05-16 17:12:22,659 - ======================================================================
2026-05-16 17:12:22,659 - CPLEX MIP SOLVER  |  FILE: F-n72-k4.vrp
2026-05-16 17:12:22,659 - ======================================================================
2026-05-16 17:12:22,661 - Thông tin dữ liệu: Dimension=72, K=4, Capacity=30000
2026-05-16 17:12:22,661 - --- Step 1: Clarke-Wright Heuristic ---
2026-05-16 17:12:22,666 -   Kết quả CW: Cost = 353, Time = 0.005s
2026-05-16 17:12:22,666 - --- Step 2: Advanced Optimization (CPLEX MIP) ---
2026-05-16 17:12:22,666 - =========================================
2026-05-16 17:12:22,666 - BẮT ĐẦU OPTIMIZE  (100% CPLEX MIP)
2026-05-16 17:12:22,666 -  -> Max Single Size  : 35
2026-05-16 17:12:22,666 -  -> Single Timeout   : 40.0s
2026-05-16 17:12:22,666 -  -> Max Pairwise Size: 28
2026-05-16 17:12:22,666 -  -> Pairwise Timeout : 120.0s
2026-05-16 17:12:22,666 -  -> Global Timeout   : 1200.0s
2026-05-16 17:12:22,666 -  -> Chi phí khởi điểm: 353
2026-05-16 17:12:22,666 - =========================================
2026-05-16 17:12:22,666 - === BẮT ĐẦU CHẶNG 4: CPLEX MIP CHÍNH XÁC | Cost: 353 ===
2026-05-16 17:12:22,666 -   [GĐ 4.1] Giải bài toán TSP trên từng tuyến đơn...
2026-05-16 17:13:46,337 -     -> Single CPLEX cải thiện: 69. Cost mới: 284
2026-05-16 17:13:46,338 -   [GĐ 4.2] Xét từng cặp tuyến để phân bổ lại khách hàng...
2026-05-16 17:13:46,338 -   --- Pairwise Iter 1 (còn 1116s) ---
2026-05-16 17:15:46,405 -     -> Đã đạt cực trị toàn cục cho mọi cặp dưới ngưỡng. KẾT THÚC CHẶNG 4.
2026-05-16 17:15:46,405 - Hoàn thành trong 203.7s. Final Cost: 284
2026-05-16 17:15:46,405 - ======================================================================
2026-05-16 17:15:46,405 - BÁO CÁO TỔNG KẾT (SUMMARY)
2026-05-16 17:15:46,405 - ======================================================================
2026-05-16 17:15:46,405 -   1. Chi phí Clarke-Wright:     353
2026-05-16 17:15:46,405 -   2. Chi phí sau CPLEX MIP:     284
2026-05-16 17:15:46,405 -   => TỔNG CẢI THIỆN:            69
2026-05-16 17:15:46,405 -   => Số lần CPLEX Single cải thiện  : 3 lần
2026-05-16 17:15:46,405 -   => Số lần CPLEX Pairwise cải thiện: 0 lần
2026-05-16 17:15:46,405 -   => TỔNG THỜI GIAN CHẠY:       203.744s
2026-05-16 17:15:46,406 - ======================================================================
2026-05-16 17:15:46,406 - CPLEX MIP SOLVER  |  FILE: F-n135-k7.vrp
2026-05-16 17:15:46,406 - ======================================================================
2026-05-16 17:15:46,412 - Thông tin dữ liệu: Dimension=135, K=7, Capacity=2210
2026-05-16 17:15:46,412 - --- Step 1: Clarke-Wright Heuristic ---
2026-05-16 17:15:46,432 -   Kết quả CW: Cost = 1558, Time = 0.019s
2026-05-16 17:15:46,432 - --- Step 2: Advanced Optimization (CPLEX MIP) ---
2026-05-16 17:15:46,432 - =========================================
2026-05-16 17:15:46,432 - BẮT ĐẦU OPTIMIZE  (100% CPLEX MIP)
2026-05-16 17:15:46,432 -  -> Max Single Size  : 35
2026-05-16 17:15:46,432 -  -> Single Timeout   : 40.0s
2026-05-16 17:15:46,432 -  -> Max Pairwise Size: 28
2026-05-16 17:15:46,432 -  -> Pairwise Timeout : 120.0s
2026-05-16 17:15:46,432 -  -> Global Timeout   : 1200.0s
2026-05-16 17:15:46,432 -  -> Chi phí khởi điểm: 1558
2026-05-16 17:15:46,432 - =========================================
2026-05-16 17:15:46,432 - === BẮT ĐẦU CHẶNG 4: CPLEX MIP CHÍNH XÁC | Cost: 1558 ===
2026-05-16 17:15:46,432 -   [GĐ 4.1] Giải bài toán TSP trên từng tuyến đơn...
2026-05-16 17:18:53,100 -     -> Single CPLEX cải thiện: 289. Cost mới: 1269
2026-05-16 17:18:53,100 -   [GĐ 4.2] Xét từng cặp tuyến để phân bổ lại khách hàng...
2026-05-16 17:18:53,100 -   --- Pairwise Iter 1 (còn 1013s) ---
2026-05-16 17:28:10,527 -     -> Đã đạt cực trị toàn cục cho mọi cặp dưới ngưỡng. KẾT THÚC CHẶNG 4.
2026-05-16 17:28:10,528 - Hoàn thành trong 744.1s. Final Cost: 1269
2026-05-16 17:28:10,528 - ======================================================================
2026-05-16 17:28:10,528 - BÁO CÁO TỔNG KẾT (SUMMARY)
2026-05-16 17:28:10,528 - ======================================================================
2026-05-16 17:28:10,528 -   1. Chi phí Clarke-Wright:     1558
2026-05-16 17:28:10,528 -   2. Chi phí sau CPLEX MIP:     1269
2026-05-16 17:28:10,528 -   => TỔNG CẢI THIỆN:            289
2026-05-16 17:28:10,528 -   => Số lần CPLEX Single cải thiện  : 7 lần
2026-05-16 17:28:10,528 -   => Số lần CPLEX Pairwise cải thiện: 0 lần
2026-05-16 17:28:10,528 -   => TỔNG THỜI GIAN CHẠY:       744.115s
