2026-04-05 18:26:31,970 - ======================================================================
2026-04-05 18:26:31,970 - CPLEX MIP SOLVER  |  FILE: B-n52-k7.vrp
2026-04-05 18:26:31,970 - ======================================================================
2026-04-05 18:26:31,975 - Thông tin dữ liệu: Dimension=52, K=7, Capacity=100
2026-04-05 18:26:31,975 - --- Step 1: Clarke-Wright Heuristic ---
2026-04-05 18:26:31,978 -   Kết quả CW: Cost = 927, Time = 0.002s
2026-04-05 18:26:31,978 - --- Step 2: Advanced Optimization (CPLEX MIP) ---
2026-04-05 18:26:31,978 - =========================================
2026-04-05 18:26:31,978 - BẮT ĐẦU OPTIMIZE  (100% CPLEX MIP)
2026-04-05 18:26:31,978 -  -> Max Single Size  : 20
2026-04-05 18:26:31,978 -  -> Single Timeout   : 40.0s
2026-04-05 18:26:31,978 -  -> Max Pairwise Size: 22
2026-04-05 18:26:31,978 -  -> Pairwise Timeout : 59.42857142857143s
2026-04-05 18:26:31,978 -  -> Global Timeout   : 1200.0s
2026-04-05 18:26:31,978 -  -> Chi phí khởi điểm: 927
2026-04-05 18:26:31,978 - =========================================
2026-04-05 18:26:31,978 - === BẮT ĐẦU CHẶNG 4: CPLEX MIP CHÍNH XÁC | Cost: 927 ===
2026-04-05 18:26:31,978 -   [GĐ 4.1] Giải bài toán TSP trên từng tuyến đơn...
2026-04-05 18:26:32,243 -     -> Single CPLEX cải thiện: 44. Cost mới: 883
2026-04-05 18:26:32,243 -   [GĐ 4.2] Xét từng cặp tuyến để phân bổ lại khách hàng...
2026-04-05 18:26:32,243 -   --- Pairwise Iter 1 (còn 1200s) ---
2026-04-05 18:27:28,233 -     [P4.2] Pair (0,6) giảm 89 -> BEST = 794
2026-04-05 18:27:28,271 -   --- Pairwise Iter 2 (còn 1144s) ---
2026-04-05 18:30:26,669 -     [P4.2] Pair (1,5) giảm 3 -> BEST = 791
2026-04-05 18:30:26,761 -   --- Pairwise Iter 3 (còn 965s) ---
2026-04-05 18:34:24,678 -     [P4.2] Pair (4,5) giảm 24 -> BEST = 767
2026-04-05 18:34:24,731 -   --- Pairwise Iter 4 (còn 727s) ---
2026-04-05 18:35:24,256 -     [P4.2] Pair (1,5) giảm 4 -> BEST = 763
2026-04-05 18:35:24,448 -   --- Pairwise Iter 5 (còn 668s) ---
2026-04-05 18:38:23,910 -     [P4.2] Pair (3,6) giảm 10 -> BEST = 753
2026-04-05 18:38:23,950 -   --- Pairwise Iter 6 (còn 488s) ---
2026-04-05 18:46:30,024 -     -> Đã đạt cực trị toàn cục cho mọi cặp dưới ngưỡng. KẾT THÚC CHẶNG 4.
2026-04-05 18:46:30,024 - Hoàn thành trong 1198.0s. Final Cost: 753
2026-04-05 18:46:30,025 - ======================================================================
2026-04-05 18:46:30,025 - BÁO CÁO TỔNG KẾT (SUMMARY)
2026-04-05 18:46:30,025 - ======================================================================
2026-04-05 18:46:30,025 -   1. Chi phí Clarke-Wright:     927
2026-04-05 18:46:30,025 -   2. Chi phí sau CPLEX MIP:     753
2026-04-05 18:46:30,025 -   => TỔNG CẢI THIỆN:            174
2026-04-05 18:46:30,025 -   => Số lần CPLEX Single cải thiện  : 6 lần
2026-04-05 18:46:30,025 -   => Số lần CPLEX Pairwise cải thiện: 5 lần
2026-04-05 18:46:30,025 -   => TỔNG THỜI GIAN CHẠY:       1198.049s
2026-04-05 18:46:30,026 - ======================================================================
2026-04-05 18:46:30,026 - CPLEX MIP SOLVER  |  FILE: B-n56-k7.vrp
2026-04-05 18:46:30,026 - ======================================================================
2026-04-05 18:46:30,031 - Thông tin dữ liệu: Dimension=56, K=7, Capacity=100
2026-04-05 18:46:30,031 - --- Step 1: Clarke-Wright Heuristic ---
2026-04-05 18:46:30,034 -   Kết quả CW: Cost = 941, Time = 0.003s
2026-04-05 18:46:30,034 - --- Step 2: Advanced Optimization (CPLEX MIP) ---
2026-04-05 18:46:30,034 - =========================================
2026-04-05 18:46:30,034 - BẮT ĐẦU OPTIMIZE  (100% CPLEX MIP)
2026-04-05 18:46:30,034 -  -> Max Single Size  : 20
2026-04-05 18:46:30,034 -  -> Single Timeout   : 40.0s
2026-04-05 18:46:30,034 -  -> Max Pairwise Size: 24
2026-04-05 18:46:30,034 -  -> Pairwise Timeout : 64.0s
2026-04-05 18:46:30,034 -  -> Global Timeout   : 1200.0s
2026-04-05 18:46:30,035 -  -> Chi phí khởi điểm: 941
2026-04-05 18:46:30,035 - =========================================
2026-04-05 18:46:30,035 - === BẮT ĐẦU CHẶNG 4: CPLEX MIP CHÍNH XÁC | Cost: 941 ===
2026-04-05 18:46:30,035 -   [GĐ 4.1] Giải bài toán TSP trên từng tuyến đơn...
2026-04-05 18:46:30,546 -     -> Single CPLEX cải thiện: 32. Cost mới: 909
2026-04-05 18:46:30,547 -   [GĐ 4.2] Xét từng cặp tuyến để phân bổ lại khách hàng...
2026-04-05 18:46:30,547 -   --- Pairwise Iter 1 (còn 1199s) ---
2026-04-05 18:46:31,460 -     [P4.2] Pair (4,5) giảm 5 -> BEST = 904
2026-04-05 18:46:31,499 -   --- Pairwise Iter 2 (còn 1199s) ---
2026-04-05 18:47:35,552 -     [P4.2] Pair (0,1) giảm 84 -> BEST = 820
2026-04-05 18:47:36,531 -       [S-re] Route 1: 125 → 124  (−1) | BEST = 819
2026-04-05 18:47:36,531 -   --- Pairwise Iter 3 (còn 1134s) ---
2026-04-05 18:48:41,273 -     [P4.2] Pair (4,6) giảm 8 -> BEST = 811
2026-04-05 18:48:41,372 -   --- Pairwise Iter 4 (còn 1069s) ---
2026-04-05 18:50:49,586 -     [P4.2] Pair (1,2) giảm 4 -> BEST = 807
2026-04-05 18:50:56,038 -       [S-re] Route 1: 125 → 124  (−1) | BEST = 806
2026-04-05 18:50:56,051 -   --- Pairwise Iter 5 (còn 934s) ---
2026-04-05 18:55:12,355 -     [P4.2] Pair (2,6) giảm 15 -> BEST = 791
2026-04-05 18:55:12,397 -   --- Pairwise Iter 6 (còn 678s) ---
2026-04-05 19:00:32,799 -     [P4.2] Pair (3,4) giảm 12 -> BEST = 779
2026-04-05 19:00:32,834 -       [S-re] Route 3: 145 → 144  (−1) | BEST = 778
2026-04-05 19:00:34,484 -   --- Pairwise Iter 7 (còn 356s) ---
2026-04-05 19:01:38,540 -     [P4.2] Pair (3,6) giảm 29 -> BEST = 749
2026-04-05 19:01:38,594 -   --- Pairwise Iter 8 (còn 291s) ---
2026-04-05 19:06:28,075 -     -> Đã đạt cực trị toàn cục cho mọi cặp dưới ngưỡng. KẾT THÚC CHẶNG 4.
2026-04-05 19:06:28,075 - Hoàn thành trong 1198.0s. Final Cost: 749
2026-04-05 19:06:28,075 - ======================================================================
2026-04-05 19:06:28,075 - BÁO CÁO TỔNG KẾT (SUMMARY)
2026-04-05 19:06:28,075 - ======================================================================
2026-04-05 19:06:28,075 -   1. Chi phí Clarke-Wright:     941
2026-04-05 19:06:28,075 -   2. Chi phí sau CPLEX MIP:     749
2026-04-05 19:06:28,075 -   => TỔNG CẢI THIỆN:            192
2026-04-05 19:06:28,075 -   => Số lần CPLEX Single cải thiện  : 10 lần
2026-04-05 19:06:28,075 -   => Số lần CPLEX Pairwise cải thiện: 7 lần
2026-04-05 19:06:28,075 -   => TỔNG THỜI GIAN CHẠY:       1198.044s
2026-04-05 19:06:28,076 - ======================================================================
2026-04-05 19:06:28,076 - CPLEX MIP SOLVER  |  FILE: B-n57-k7.vrp
2026-04-05 19:06:28,076 - ======================================================================
2026-04-05 19:06:28,081 - Thông tin dữ liệu: Dimension=57, K=7, Capacity=100
2026-04-05 19:06:28,082 - --- Step 1: Clarke-Wright Heuristic ---
2026-04-05 19:06:28,085 -   Kết quả CW: Cost = 1460, Time = 0.003s
2026-04-05 19:06:28,085 - --- Step 2: Advanced Optimization (CPLEX MIP) ---
2026-04-05 19:06:28,085 - =========================================
2026-04-05 19:06:28,085 - BẮT ĐẦU OPTIMIZE  (100% CPLEX MIP)
2026-04-05 19:06:28,085 -  -> Max Single Size  : 20
2026-04-05 19:06:28,085 -  -> Single Timeout   : 40.0s
2026-04-05 19:06:28,085 -  -> Max Pairwise Size: 24
2026-04-05 19:06:28,085 -  -> Pairwise Timeout : 65.14285714285714s
2026-04-05 19:06:28,085 -  -> Global Timeout   : 1200.0s
2026-04-05 19:06:28,085 -  -> Chi phí khởi điểm: 1460
2026-04-05 19:06:28,085 - =========================================
2026-04-05 19:06:28,085 - === BẮT ĐẦU CHẶNG 4: CPLEX MIP CHÍNH XÁC | Cost: 1460 ===
2026-04-05 19:06:28,085 -   [GĐ 4.1] Giải bài toán TSP trên từng tuyến đơn...
2026-04-05 19:06:29,175 -     -> Single CPLEX cải thiện: 35. Cost mới: 1425
2026-04-05 19:06:29,175 -   [GĐ 4.2] Xét từng cặp tuyến để phân bổ lại khách hàng...
2026-04-05 19:06:29,175 -   --- Pairwise Iter 1 (còn 1199s) ---
2026-04-05 19:07:34,369 -     [P4.2] Pair (0,2) giảm 31 -> BEST = 1394
2026-04-05 19:07:34,510 -   --- Pairwise Iter 2 (còn 1134s) ---
2026-04-05 19:08:39,696 -     [P4.2] Pair (1,5) giảm 62 -> BEST = 1332
2026-04-05 19:08:41,276 -   --- Pairwise Iter 3 (còn 1067s) ---
2026-04-05 19:13:02,055 -     [P4.2] Pair (0,6) giảm 1 -> BEST = 1331
2026-04-05 19:13:11,074 -   --- Pairwise Iter 4 (còn 797s) ---
2026-04-05 19:14:16,416 -     [P4.2] Pair (0,3) giảm 2 -> BEST = 1329
2026-04-05 19:14:17,227 -   --- Pairwise Iter 5 (còn 731s) ---
2026-04-05 19:18:37,998 -     [P4.2] Pair (2,4) giảm 8 -> BEST = 1321
2026-04-05 19:18:38,042 -   --- Pairwise Iter 6 (còn 470s) ---
2026-04-05 19:25:09,241 -     [P4.2] Pair (3,6) giảm 7 -> BEST = 1314
2026-04-05 19:25:09,278 -       [S-re] Route 3: 153 → 150  (−3) | BEST = 1311
2026-04-05 19:25:09,308 -   --- Pairwise Iter 7 (còn 79s) ---
2026-04-05 19:26:26,130 -     [P4.2] Pair (0,6) giảm 2 -> BEST = 1309
2026-04-05 19:26:26,131 -   --- Pairwise Iter 8 (còn 2s) ---
2026-04-05 19:26:26,131 -     -> Đã đạt cực trị toàn cục cho mọi cặp dưới ngưỡng. KẾT THÚC CHẶNG 4.
2026-04-05 19:26:26,131 - Hoàn thành trong 1198.0s. Final Cost: 1309
2026-04-05 19:26:26,131 - ======================================================================
2026-04-05 19:26:26,131 - BÁO CÁO TỔNG KẾT (SUMMARY)
2026-04-05 19:26:26,131 - ======================================================================
2026-04-05 19:26:26,131 -   1. Chi phí Clarke-Wright:     1460
2026-04-05 19:26:26,131 -   2. Chi phí sau CPLEX MIP:     1309
2026-04-05 19:26:26,131 -   => TỔNG CẢI THIỆN:            151
2026-04-05 19:26:26,131 -   => Số lần CPLEX Single cải thiện  : 8 lần
2026-04-05 19:26:26,131 -   => Số lần CPLEX Pairwise cải thiện: 7 lần
2026-04-05 19:26:26,132 -   => TỔNG THỜI GIAN CHẠY:       1198.049s
2026-04-05 19:26:26,132 - ======================================================================
2026-04-05 19:26:26,132 - CPLEX MIP SOLVER  |  FILE: B-n57-k9.vrp
2026-04-05 19:26:26,132 - ======================================================================
2026-04-05 19:26:26,137 - Thông tin dữ liệu: Dimension=57, K=9, Capacity=100
2026-04-05 19:26:26,137 - --- Step 1: Clarke-Wright Heuristic ---
2026-04-05 19:26:26,140 -   Kết quả CW: Cost = 1948, Time = 0.003s
2026-04-05 19:26:26,140 - --- Step 2: Advanced Optimization (CPLEX MIP) ---
2026-04-05 19:26:26,140 - =========================================
2026-04-05 19:26:26,140 - BẮT ĐẦU OPTIMIZE  (100% CPLEX MIP)
2026-04-05 19:26:26,140 -  -> Max Single Size  : 20
2026-04-05 19:26:26,140 -  -> Single Timeout   : 40.0s
2026-04-05 19:26:26,140 -  -> Max Pairwise Size: 19
2026-04-05 19:26:26,140 -  -> Pairwise Timeout : 50.666666666666664s
2026-04-05 19:26:26,140 -  -> Global Timeout   : 1200.0s
2026-04-05 19:26:26,140 -  -> Chi phí khởi điểm: 1948
2026-04-05 19:26:26,140 - =========================================
2026-04-05 19:26:26,141 - === BẮT ĐẦU CHẶNG 4: CPLEX MIP CHÍNH XÁC | Cost: 1948 ===
2026-04-05 19:26:26,141 -   [GĐ 4.1] Giải bài toán TSP trên từng tuyến đơn...
2026-04-05 19:26:26,550 -     -> Single CPLEX cải thiện: 53. Cost mới: 1895
2026-04-05 19:26:26,550 -   [GĐ 4.2] Xét từng cặp tuyến để phân bổ lại khách hàng...
2026-04-05 19:26:26,550 -   --- Pairwise Iter 1 (còn 1200s) ---
2026-04-05 19:26:32,254 -     [P4.2] Pair (1,6) giảm 3 -> BEST = 1892
2026-04-05 19:26:32,281 -   --- Pairwise Iter 2 (còn 1194s) ---
2026-04-05 19:27:27,715 -     [P4.2] Pair (3,5) giảm 31 -> BEST = 1861
2026-04-05 19:27:27,807 -   --- Pairwise Iter 3 (còn 1138s) ---
2026-04-05 19:29:13,911 -     [P4.2] Pair (1,2) giảm 22 -> BEST = 1839
2026-04-05 19:29:14,077 -   --- Pairwise Iter 4 (còn 1032s) ---
2026-04-05 19:30:04,782 -     [P4.2] Pair (1,6) giảm 11 -> BEST = 1828
2026-04-05 19:30:04,895 -   --- Pairwise Iter 5 (còn 981s) ---
2026-04-05 19:32:16,328 -     [P4.2] Pair (1,2) giảm 2 -> BEST = 1826
2026-04-05 19:32:16,381 -   --- Pairwise Iter 6 (còn 850s) ---
2026-04-05 19:34:48,510 -     [P4.2] Pair (1,7) giảm 16 -> BEST = 1810
2026-04-05 19:34:48,582 -   --- Pairwise Iter 7 (còn 698s) ---
2026-04-05 19:37:53,604 -     [P4.2] Pair (2,5) giảm 16 -> BEST = 1794
2026-04-05 19:37:53,672 -   --- Pairwise Iter 8 (còn 512s) ---
2026-04-05 19:39:38,298 -     [P4.2] Pair (7,8) giảm 6 -> BEST = 1788
2026-04-05 19:39:38,329 -   --- Pairwise Iter 9 (còn 408s) ---
2026-04-05 19:41:22,976 -     [P4.2] Pair (1,7) giảm 5 -> BEST = 1783
2026-04-05 19:41:23,004 -   --- Pairwise Iter 10 (còn 303s) ---
2026-04-05 19:42:06,390 -     [P4.2] Pair (0,4) giảm 27 -> BEST = 1756
2026-04-05 19:42:06,431 -   --- Pairwise Iter 11 (còn 260s) ---
2026-04-05 19:43:11,405 -     [P4.2] Pair (1,5) giảm 72 -> BEST = 1684
2026-04-05 19:43:11,552 -   --- Pairwise Iter 12 (còn 195s) ---
2026-04-05 19:45:10,401 -     [P4.2] Pair (2,4) giảm 14 -> BEST = 1670
2026-04-05 19:45:10,430 -   --- Pairwise Iter 13 (còn 76s) ---
2026-04-05 19:45:17,761 -     [P4.2] Pair (4,6) giảm 9 -> BEST = 1661
2026-04-05 19:45:17,799 -   --- Pairwise Iter 14 (còn 68s) ---
2026-04-05 19:45:51,300 -     [P4.2] Pair (0,6) giảm 12 -> BEST = 1649
2026-04-05 19:45:51,345 -   --- Pairwise Iter 15 (còn 35s) ---
2026-04-05 19:45:59,684 -     [P4.2] Pair (0,4) giảm 29 -> BEST = 1620
2026-04-05 19:45:59,764 -   --- Pairwise Iter 16 (còn 26s) ---
2026-04-05 19:46:24,171 -     -> Đã đạt cực trị toàn cục cho mọi cặp dưới ngưỡng. KẾT THÚC CHẶNG 4.
2026-04-05 19:46:24,171 - Hoàn thành trong 1198.0s. Final Cost: 1620
2026-04-05 19:46:24,171 - ======================================================================
2026-04-05 19:46:24,171 - BÁO CÁO TỔNG KẾT (SUMMARY)
2026-04-05 19:46:24,171 - ======================================================================
2026-04-05 19:46:24,171 -   1. Chi phí Clarke-Wright:     1948
2026-04-05 19:46:24,171 -   2. Chi phí sau CPLEX MIP:     1620
2026-04-05 19:46:24,171 -   => TỔNG CẢI THIỆN:            328
2026-04-05 19:46:24,171 -   => Số lần CPLEX Single cải thiện  : 6 lần
2026-04-05 19:46:24,171 -   => Số lần CPLEX Pairwise cải thiện: 15 lần
2026-04-05 19:46:24,171 -   => TỔNG THỜI GIAN CHẠY:       1198.033s
2026-04-05 19:46:24,172 - ======================================================================
2026-04-05 19:46:24,172 - CPLEX MIP SOLVER  |  FILE: B-n63-k10.vrp
2026-04-05 19:46:24,172 - ======================================================================
2026-04-05 19:46:24,178 - Thông tin dữ liệu: Dimension=63, K=10, Capacity=100
2026-04-05 19:46:24,178 - --- Step 1: Clarke-Wright Heuristic ---
2026-04-05 19:46:24,182 -   Kết quả CW: Cost = 1993, Time = 0.003s
2026-04-05 19:46:24,182 - --- Step 2: Advanced Optimization (CPLEX MIP) ---
2026-04-05 19:46:24,182 - =========================================
2026-04-05 19:46:24,182 - BẮT ĐẦU OPTIMIZE  (100% CPLEX MIP)
2026-04-05 19:46:24,182 -  -> Max Single Size  : 20
2026-04-05 19:46:24,182 -  -> Single Timeout   : 40.0s
2026-04-05 19:46:24,182 -  -> Max Pairwise Size: 18
2026-04-05 19:46:24,182 -  -> Pairwise Timeout : 50.4s
2026-04-05 19:46:24,182 -  -> Global Timeout   : 1200.0s
2026-04-05 19:46:24,182 -  -> Chi phí khởi điểm: 1993
2026-04-05 19:46:24,182 - =========================================
2026-04-05 19:46:24,182 - === BẮT ĐẦU CHẶNG 4: CPLEX MIP CHÍNH XÁC | Cost: 1993 ===
2026-04-05 19:46:24,183 -   [GĐ 4.1] Giải bài toán TSP trên từng tuyến đơn...
2026-04-05 19:46:24,496 -     -> Single CPLEX cải thiện: 61. Cost mới: 1932
2026-04-05 19:46:24,497 -   [GĐ 4.2] Xét từng cặp tuyến để phân bổ lại khách hàng...
2026-04-05 19:46:24,497 -   --- Pairwise Iter 1 (còn 1200s) ---
2026-04-05 19:46:25,654 -     [P4.2] Pair (0,1) giảm 109 -> BEST = 1823
2026-04-05 19:46:25,695 -   --- Pairwise Iter 2 (còn 1198s) ---
2026-04-05 19:47:31,828 -     [P4.2] Pair (1,6) giảm 82 -> BEST = 1741
2026-04-05 19:47:31,865 -   --- Pairwise Iter 3 (còn 1132s) ---
2026-04-05 19:48:22,459 -     [P4.2] Pair (2,3) giảm 24 -> BEST = 1717
2026-04-05 19:48:22,522 -   --- Pairwise Iter 4 (còn 1082s) ---
2026-04-05 19:49:33,683 -     [P4.2] Pair (1,2) giảm 11 -> BEST = 1706
2026-04-05 19:49:33,709 -   --- Pairwise Iter 5 (còn 1010s) ---
2026-04-05 19:49:33,902 -     [P4.2] Pair (0,2) giảm 4 -> BEST = 1702
2026-04-05 19:49:33,946 -   --- Pairwise Iter 6 (còn 1010s) ---
2026-04-05 19:50:46,887 -     [P4.2] Pair (1,6) giảm 1 -> BEST = 1701
2026-04-05 19:50:46,927 -   --- Pairwise Iter 7 (còn 937s) ---
2026-04-05 19:51:37,620 -     [P4.2] Pair (1,4) giảm 4 -> BEST = 1697
2026-04-05 19:51:37,983 -   --- Pairwise Iter 8 (còn 886s) ---
2026-04-05 19:54:23,558 -     [P4.2] Pair (5,9) giảm 27 -> BEST = 1670
2026-04-05 19:54:23,677 -   --- Pairwise Iter 9 (còn 721s) ---
2026-04-05 19:57:45,683 -     [P4.2] Pair (5,7) giảm 2 -> BEST = 1668
2026-04-05 19:57:45,817 -   --- Pairwise Iter 10 (còn 518s) ---
2026-04-05 20:02:38,526 -     [P4.2] Pair (4,7) giảm 14 -> BEST = 1654
2026-04-05 20:02:38,566 -   --- Pairwise Iter 11 (còn 226s) ---
2026-04-05 20:03:29,000 -     [P4.2] Pair (1,7) giảm 1 -> BEST = 1653
2026-04-05 20:03:29,123 -   --- Pairwise Iter 12 (còn 175s) ---
2026-04-05 20:06:00,713 -     [P4.2] Pair (4,5) giảm 46 -> BEST = 1607
2026-04-05 20:06:00,831 -   --- Pairwise Iter 13 (còn 23s) ---
2026-04-05 20:06:22,218 -     -> Đã đạt cực trị toàn cục cho mọi cặp dưới ngưỡng. KẾT THÚC CHẶNG 4.
2026-04-05 20:06:22,218 - Hoàn thành trong 1198.0s. Final Cost: 1607
2026-04-05 20:06:22,218 - ======================================================================
2026-04-05 20:06:22,218 - BÁO CÁO TỔNG KẾT (SUMMARY)
2026-04-05 20:06:22,218 - ======================================================================
2026-04-05 20:06:22,218 -   1. Chi phí Clarke-Wright:     1993
2026-04-05 20:06:22,218 -   2. Chi phí sau CPLEX MIP:     1607
2026-04-05 20:06:22,218 -   => TỔNG CẢI THIỆN:            386
2026-04-05 20:06:22,218 -   => Số lần CPLEX Single cải thiện  : 10 lần
2026-04-05 20:06:22,218 -   => Số lần CPLEX Pairwise cải thiện: 12 lần
2026-04-05 20:06:22,218 -   => TỔNG THỜI GIAN CHẠY:       1198.039s
2026-04-05 20:06:22,219 - ======================================================================
2026-04-05 20:06:22,219 - CPLEX MIP SOLVER  |  FILE: B-n64-k9.vrp
2026-04-05 20:06:22,219 - ======================================================================
2026-04-05 20:06:22,225 - Thông tin dữ liệu: Dimension=64, K=9, Capacity=100
2026-04-05 20:06:22,225 - --- Step 1: Clarke-Wright Heuristic ---
2026-04-05 20:06:22,229 -   Kết quả CW: Cost = 1388, Time = 0.003s
2026-04-05 20:06:22,229 - --- Step 2: Advanced Optimization (CPLEX MIP) ---
2026-04-05 20:06:22,229 - =========================================
2026-04-05 20:06:22,229 - BẮT ĐẦU OPTIMIZE  (100% CPLEX MIP)
2026-04-05 20:06:22,229 -  -> Max Single Size  : 20
2026-04-05 20:06:22,229 -  -> Single Timeout   : 40.0s
2026-04-05 20:06:22,229 -  -> Max Pairwise Size: 21
2026-04-05 20:06:22,229 -  -> Pairwise Timeout : 56.888888888888886s
2026-04-05 20:06:22,229 -  -> Global Timeout   : 1200.0s
2026-04-05 20:06:22,229 -  -> Chi phí khởi điểm: 1388
2026-04-05 20:06:22,229 - =========================================
2026-04-05 20:06:22,229 - === BẮT ĐẦU CHẶNG 4: CPLEX MIP CHÍNH XÁC | Cost: 1388 ===
2026-04-05 20:06:22,229 -   [GĐ 4.1] Giải bài toán TSP trên từng tuyến đơn...
2026-04-05 20:06:23,831 -     -> Single CPLEX cải thiện: 56. Cost mới: 1332
2026-04-05 20:06:23,831 -   [GĐ 4.2] Xét từng cặp tuyến để phân bổ lại khách hàng...
2026-04-05 20:06:23,832 -   --- Pairwise Iter 1 (còn 1198s) ---
2026-04-05 20:06:38,476 -     [P4.2] Pair (1,5) giảm 11 -> BEST = 1321
2026-04-05 20:06:38,505 -   --- Pairwise Iter 2 (còn 1184s) ---
2026-04-05 20:09:01,600 -     [P4.2] Pair (1,2) giảm 50 -> BEST = 1271
2026-04-05 20:09:06,263 -   --- Pairwise Iter 3 (còn 1036s) ---
2026-04-05 20:12:01,706 -     [P4.2] Pair (1,6) giảm 2 -> BEST = 1269
2026-04-05 20:12:02,125 -   --- Pairwise Iter 4 (còn 860s) ---
2026-04-05 20:15:24,183 -     [P4.2] Pair (1,8) giảm 49 -> BEST = 1220
2026-04-05 20:15:25,399 -   --- Pairwise Iter 5 (còn 657s) ---
2026-04-05 20:18:22,940 -     [P4.2] Pair (3,7) giảm 65 -> BEST = 1155
2026-04-05 20:18:22,987 -   --- Pairwise Iter 6 (còn 479s) ---
2026-04-05 20:21:46,371 -     [P4.2] Pair (4,5) giảm 42 -> BEST = 1113
2026-04-05 20:21:46,415 -   --- Pairwise Iter 7 (còn 276s) ---
2026-04-05 20:22:43,359 -     [P4.2] Pair (2,5) giảm 3 -> BEST = 1110
2026-04-05 20:22:43,393 -   --- Pairwise Iter 8 (còn 219s) ---
2026-04-05 20:26:20,269 -     [P4.2] Pair (5,6) giảm 39 -> BEST = 1071
2026-04-05 20:26:20,269 -   --- Pairwise Iter 9 (còn 2s) ---
2026-04-05 20:26:20,270 -     -> Đã đạt cực trị toàn cục cho mọi cặp dưới ngưỡng. KẾT THÚC CHẶNG 4.
2026-04-05 20:26:20,270 - Hoàn thành trong 1198.0s. Final Cost: 1071
2026-04-05 20:26:20,270 - ======================================================================
2026-04-05 20:26:20,270 - BÁO CÁO TỔNG KẾT (SUMMARY)
2026-04-05 20:26:20,270 - ======================================================================
2026-04-05 20:26:20,270 -   1. Chi phí Clarke-Wright:     1388
2026-04-05 20:26:20,270 -   2. Chi phí sau CPLEX MIP:     1071
2026-04-05 20:26:20,270 -   => TỔNG CẢI THIỆN:            317
2026-04-05 20:26:20,270 -   => Số lần CPLEX Single cải thiện  : 7 lần
2026-04-05 20:26:20,270 -   => Số lần CPLEX Pairwise cải thiện: 8 lần
2026-04-05 20:26:20,270 -   => TỔNG THỜI GIAN CHẠY:       1198.044s
2026-04-05 20:26:20,271 - ======================================================================
2026-04-05 20:26:20,271 - CPLEX MIP SOLVER  |  FILE: B-n66-k9.vrp
2026-04-05 20:26:20,271 - ======================================================================
2026-04-05 20:26:20,279 - Thông tin dữ liệu: Dimension=66, K=9, Capacity=100
2026-04-05 20:26:20,279 - --- Step 1: Clarke-Wright Heuristic ---
2026-04-05 20:26:20,314 -   Kết quả CW: Cost = 1540, Time = 0.036s
2026-04-05 20:26:20,314 - --- Step 2: Advanced Optimization (CPLEX MIP) ---
2026-04-05 20:26:20,314 - =========================================
2026-04-05 20:26:20,314 - BẮT ĐẦU OPTIMIZE  (100% CPLEX MIP)
2026-04-05 20:26:20,314 -  -> Max Single Size  : 20
2026-04-05 20:26:20,314 -  -> Single Timeout   : 40.0s
2026-04-05 20:26:20,315 -  -> Max Pairwise Size: 22
2026-04-05 20:26:20,315 -  -> Pairwise Timeout : 58.666666666666664s
2026-04-05 20:26:20,315 -  -> Global Timeout   : 1200.0s
2026-04-05 20:26:20,315 -  -> Chi phí khởi điểm: 1540
2026-04-05 20:26:20,315 - =========================================
2026-04-05 20:26:20,315 - === BẮT ĐẦU CHẶNG 4: CPLEX MIP CHÍNH XÁC | Cost: 1540 ===
2026-04-05 20:26:20,315 -   [GĐ 4.1] Giải bài toán TSP trên từng tuyến đơn...
2026-04-05 20:26:20,795 -     -> Single CPLEX cải thiện: 134. Cost mới: 1406
2026-04-05 20:26:20,795 -   [GĐ 4.2] Xét từng cặp tuyến để phân bổ lại khách hàng...
2026-04-05 20:26:20,795 -   --- Pairwise Iter 1 (còn 1200s) ---
2026-04-05 20:27:19,507 -     [P4.2] Pair (1,5) giảm 10 -> BEST = 1396
2026-04-05 20:27:19,705 -   --- Pairwise Iter 2 (còn 1141s) ---
2026-04-05 20:29:17,141 -     [P4.2] Pair (1,2) giảm 1 -> BEST = 1395
2026-04-05 20:29:18,054 -   --- Pairwise Iter 3 (còn 1022s) ---
2026-04-05 20:31:15,471 -     [P4.2] Pair (1,7) giảm 1 -> BEST = 1394
2026-04-05 20:31:15,574 -   --- Pairwise Iter 4 (còn 905s) ---
2026-04-05 20:32:14,283 -     [P4.2] Pair (1,2) giảm 2 -> BEST = 1392
2026-04-05 20:32:14,374 -   --- Pairwise Iter 5 (còn 846s) ---
2026-04-05 20:35:10,512 -     [P4.2] Pair (4,5) giảm 4 -> BEST = 1388
2026-04-05 20:35:10,557 -   --- Pairwise Iter 6 (còn 670s) ---
2026-04-05 20:39:16,778 -     [P4.2] Pair (5,8) giảm 2 -> BEST = 1386
2026-04-05 20:39:16,917 -   --- Pairwise Iter 7 (còn 423s) ---
2026-04-05 20:42:13,022 -     [P4.2] Pair (4,8) giảm 1 -> BEST = 1385
2026-04-05 20:42:13,073 -   --- Pairwise Iter 8 (còn 247s) ---
2026-04-05 20:46:18,356 -     -> Đã đạt cực trị toàn cục cho mọi cặp dưới ngưỡng. KẾT THÚC CHẶNG 4.
2026-04-05 20:46:18,356 - Hoàn thành trong 1198.0s. Final Cost: 1385
2026-04-05 20:46:18,356 - ======================================================================
2026-04-05 20:46:18,356 - BÁO CÁO TỔNG KẾT (SUMMARY)
2026-04-05 20:46:18,356 - ======================================================================
2026-04-05 20:46:18,356 -   1. Chi phí Clarke-Wright:     1540
2026-04-05 20:46:18,356 -   2. Chi phí sau CPLEX MIP:     1385
2026-04-05 20:46:18,356 -   => TỔNG CẢI THIỆN:            155
2026-04-05 20:46:18,356 -   => Số lần CPLEX Single cải thiện  : 9 lần
2026-04-05 20:46:18,356 -   => Số lần CPLEX Pairwise cải thiện: 7 lần
2026-04-05 20:46:18,356 -   => TỔNG THỜI GIAN CHẠY:       1198.077s
2026-04-05 20:46:18,357 - ======================================================================
2026-04-05 20:46:18,357 - CPLEX MIP SOLVER  |  FILE: B-n67-k10.vrp
2026-04-05 20:46:18,357 - ======================================================================
2026-04-05 20:46:18,364 - Thông tin dữ liệu: Dimension=67, K=10, Capacity=100
2026-04-05 20:46:18,365 - --- Step 1: Clarke-Wright Heuristic ---
2026-04-05 20:46:18,411 -   Kết quả CW: Cost = 1302, Time = 0.047s
2026-04-05 20:46:18,411 - --- Step 2: Advanced Optimization (CPLEX MIP) ---
2026-04-05 20:46:18,412 - =========================================
2026-04-05 20:46:18,412 - BẮT ĐẦU OPTIMIZE  (100% CPLEX MIP)
2026-04-05 20:46:18,412 -  -> Max Single Size  : 20
2026-04-05 20:46:18,412 -  -> Single Timeout   : 40.0s
2026-04-05 20:46:18,412 -  -> Max Pairwise Size: 20
2026-04-05 20:46:18,412 -  -> Pairwise Timeout : 53.6s
2026-04-05 20:46:18,412 -  -> Global Timeout   : 1200.0s
2026-04-05 20:46:18,412 -  -> Chi phí khởi điểm: 1302
2026-04-05 20:46:18,412 - =========================================
2026-04-05 20:46:18,412 - === BẮT ĐẦU CHẶNG 4: CPLEX MIP CHÍNH XÁC | Cost: 1302 ===
2026-04-05 20:46:18,412 -   [GĐ 4.1] Giải bài toán TSP trên từng tuyến đơn...
2026-04-05 20:46:18,944 -     -> Single CPLEX cải thiện: 94. Cost mới: 1208
2026-04-05 20:46:18,944 -   [GĐ 4.2] Xét từng cặp tuyến để phân bổ lại khách hàng...
2026-04-05 20:46:18,944 -   --- Pairwise Iter 1 (còn 1199s) ---
2026-04-05 20:47:12,586 -     [P4.2] Pair (0,5) giảm 39 -> BEST = 1169
2026-04-05 20:47:12,642 -   --- Pairwise Iter 2 (còn 1146s) ---
2026-04-05 20:47:51,195 -     [P4.2] Pair (1,6) giảm 3 -> BEST = 1166
2026-04-05 20:47:51,292 -   --- Pairwise Iter 3 (còn 1107s) ---
2026-04-05 20:48:46,532 -     [P4.2] Pair (0,6) giảm 59 -> BEST = 1107
2026-04-05 20:48:46,581 -   --- Pairwise Iter 4 (còn 1052s) ---
2026-04-05 20:50:33,881 -     [P4.2] Pair (5,6) giảm 2 -> BEST = 1105
2026-04-05 20:50:33,917 -   --- Pairwise Iter 5 (còn 944s) ---
2026-04-05 20:53:14,819 -     [P4.2] Pair (3,6) giảm 3 -> BEST = 1102
2026-04-05 20:53:14,866 -   --- Pairwise Iter 6 (còn 784s) ---
2026-04-05 20:55:09,177 -     [P4.2] Pair (0,7) giảm 1 -> BEST = 1101
2026-04-05 20:55:09,212 -   --- Pairwise Iter 7 (còn 669s) ---
2026-04-05 20:59:06,553 -     [P4.2] Pair (4,9) giảm 3 -> BEST = 1098
2026-04-05 20:59:06,585 -   --- Pairwise Iter 8 (còn 432s) ---
2026-04-05 21:04:13,008 -     [P4.2] Pair (1,7) giảm 1 -> BEST = 1097
2026-04-05 21:04:13,112 -   --- Pairwise Iter 9 (còn 125s) ---
2026-04-05 21:06:16,456 -     -> Đã đạt cực trị toàn cục cho mọi cặp dưới ngưỡng. KẾT THÚC CHẶNG 4.
2026-04-05 21:06:16,456 - Hoàn thành trong 1198.0s. Final Cost: 1097
2026-04-05 21:06:16,456 - ======================================================================
2026-04-05 21:06:16,456 - BÁO CÁO TỔNG KẾT (SUMMARY)
2026-04-05 21:06:16,456 - ======================================================================
2026-04-05 21:06:16,456 -   1. Chi phí Clarke-Wright:     1302
2026-04-05 21:06:16,457 -   2. Chi phí sau CPLEX MIP:     1097
2026-04-05 21:06:16,457 -   => TỔNG CẢI THIỆN:            205
2026-04-05 21:06:16,457 -   => Số lần CPLEX Single cải thiện  : 9 lần
2026-04-05 21:06:16,457 -   => Số lần CPLEX Pairwise cải thiện: 8 lần
2026-04-05 21:06:16,457 -   => TỔNG THỜI GIAN CHẠY:       1198.092s
2026-04-05 21:06:16,458 - ======================================================================
2026-04-05 21:06:16,458 - CPLEX MIP SOLVER  |  FILE: B-n68-k9.vrp
2026-04-05 21:06:16,458 - ======================================================================
2026-04-05 21:06:16,465 - Thông tin dữ liệu: Dimension=68, K=9, Capacity=100
2026-04-05 21:06:16,465 - --- Step 1: Clarke-Wright Heuristic ---
2026-04-05 21:06:16,469 -   Kết quả CW: Cost = 1580, Time = 0.004s
2026-04-05 21:06:16,469 - --- Step 2: Advanced Optimization (CPLEX MIP) ---
2026-04-05 21:06:16,469 - =========================================
2026-04-05 21:06:16,469 - BẮT ĐẦU OPTIMIZE  (100% CPLEX MIP)
2026-04-05 21:06:16,469 -  -> Max Single Size  : 20
2026-04-05 21:06:16,470 -  -> Single Timeout   : 40.0s
2026-04-05 21:06:16,470 -  -> Max Pairwise Size: 22
2026-04-05 21:06:16,470 -  -> Pairwise Timeout : 60.44444444444444s
2026-04-05 21:06:16,470 -  -> Global Timeout   : 1200.0s
2026-04-05 21:06:16,470 -  -> Chi phí khởi điểm: 1580
2026-04-05 21:06:16,470 - =========================================
2026-04-05 21:06:16,470 - === BẮT ĐẦU CHẶNG 4: CPLEX MIP CHÍNH XÁC | Cost: 1580 ===
2026-04-05 21:06:16,470 -   [GĐ 4.1] Giải bài toán TSP trên từng tuyến đơn...
2026-04-05 21:06:19,069 -     -> Single CPLEX cải thiện: 50. Cost mới: 1530
2026-04-05 21:06:19,069 -   [GĐ 4.2] Xét từng cặp tuyến để phân bổ lại khách hàng...
2026-04-05 21:06:19,070 -   --- Pairwise Iter 1 (còn 1197s) ---
2026-04-05 21:07:19,571 -     [P4.2] Pair (4,6) giảm 2 -> BEST = 1528
2026-04-05 21:07:21,271 -   --- Pairwise Iter 2 (còn 1135s) ---
2026-04-05 21:07:34,422 -     [P4.2] Pair (7,8) giảm 2 -> BEST = 1526
2026-04-05 21:07:34,459 -   --- Pairwise Iter 3 (còn 1122s) ---
2026-04-05 21:08:34,948 -     [P4.2] Pair (0,2) giảm 2 -> BEST = 1524
2026-04-05 21:08:35,253 -   --- Pairwise Iter 4 (còn 1061s) ---
2026-04-05 21:11:18,553 -     [P4.2] Pair (3,5) giảm 29 -> BEST = 1495
2026-04-05 21:11:18,618 -   --- Pairwise Iter 5 (còn 898s) ---
2026-04-05 21:15:58,374 -     [P4.2] Pair (1,6) giảm 5 -> BEST = 1490
2026-04-05 21:15:58,560 -   --- Pairwise Iter 6 (còn 618s) ---
2026-04-05 21:19:37,956 -     [P4.2] Pair (1,4) giảm 1 -> BEST = 1489
2026-04-05 21:19:39,807 -   --- Pairwise Iter 7 (còn 397s) ---
2026-04-05 21:22:18,596 -     [P4.2] Pair (4,6) giảm 3 -> BEST = 1486
2026-04-05 21:22:18,720 -   --- Pairwise Iter 8 (còn 238s) ---
2026-04-05 21:24:57,976 -     [P4.2] Pair (1,6) giảm 1 -> BEST = 1485
2026-04-05 21:24:58,213 -   --- Pairwise Iter 9 (còn 78s) ---
2026-04-05 21:26:14,502 -     -> Đã đạt cực trị toàn cục cho mọi cặp dưới ngưỡng. KẾT THÚC CHẶNG 4.
2026-04-05 21:26:14,502 - Hoàn thành trong 1198.0s. Final Cost: 1485
2026-04-05 21:26:14,502 - ======================================================================
2026-04-05 21:26:14,502 - BÁO CÁO TỔNG KẾT (SUMMARY)
2026-04-05 21:26:14,502 - ======================================================================
2026-04-05 21:26:14,502 -   1. Chi phí Clarke-Wright:     1580
2026-04-05 21:26:14,502 -   2. Chi phí sau CPLEX MIP:     1485
2026-04-05 21:26:14,502 -   => TỔNG CẢI THIỆN:            95
2026-04-05 21:26:14,502 -   => Số lần CPLEX Single cải thiện  : 7 lần
2026-04-05 21:26:14,502 -   => Số lần CPLEX Pairwise cải thiện: 8 lần
2026-04-05 21:26:14,502 -   => TỔNG THỜI GIAN CHẠY:       1198.037s
2026-04-05 21:26:14,503 - ======================================================================
2026-04-05 21:26:14,503 - CPLEX MIP SOLVER  |  FILE: B-n78-k10.vrp
2026-04-05 21:26:14,504 - ======================================================================
2026-04-05 21:26:14,513 - Thông tin dữ liệu: Dimension=78, K=10, Capacity=100
2026-04-05 21:26:14,513 - --- Step 1: Clarke-Wright Heuristic ---
2026-04-05 21:26:14,519 -   Kết quả CW: Cost = 1576, Time = 0.005s
2026-04-05 21:26:14,519 - --- Step 2: Advanced Optimization (CPLEX MIP) ---
2026-04-05 21:26:14,519 - =========================================
2026-04-05 21:26:14,519 - BẮT ĐẦU OPTIMIZE  (100% CPLEX MIP)
2026-04-05 21:26:14,519 -  -> Max Single Size  : 20
2026-04-05 21:26:14,519 -  -> Single Timeout   : 40.0s
2026-04-05 21:26:14,519 -  -> Max Pairwise Size: 23
2026-04-05 21:26:14,519 -  -> Pairwise Timeout : 62.4s
2026-04-05 21:26:14,519 -  -> Global Timeout   : 1200.0s
2026-04-05 21:26:14,519 -  -> Chi phí khởi điểm: 1576
2026-04-05 21:26:14,519 - =========================================
2026-04-05 21:26:14,520 - === BẮT ĐẦU CHẶNG 4: CPLEX MIP CHÍNH XÁC | Cost: 1576 ===
2026-04-05 21:26:14,520 -   [GĐ 4.1] Giải bài toán TSP trên từng tuyến đơn...
2026-04-05 21:26:15,618 -     -> Single CPLEX cải thiện: 96. Cost mới: 1480
2026-04-05 21:26:15,618 -   [GĐ 4.2] Xét từng cặp tuyến để phân bổ lại khách hàng...
2026-04-05 21:26:15,618 -   --- Pairwise Iter 1 (còn 1199s) ---
2026-04-05 21:27:18,074 -     [P4.2] Pair (0,5) giảm 8 -> BEST = 1472
2026-04-05 21:27:18,391 -   --- Pairwise Iter 2 (còn 1136s) ---
2026-04-05 21:28:20,825 -     [P4.2] Pair (1,6) giảm 19 -> BEST = 1453
2026-04-05 21:28:20,867 -   --- Pairwise Iter 3 (còn 1074s) ---
2026-04-05 21:30:25,790 -     [P4.2] Pair (3,5) giảm 7 -> BEST = 1446
2026-04-05 21:30:25,932 -   --- Pairwise Iter 4 (còn 949s) ---
2026-04-05 21:32:30,839 -     [P4.2] Pair (0,5) giảm 21 -> BEST = 1425
2026-04-05 21:32:31,049 -   --- Pairwise Iter 5 (còn 823s) ---
2026-04-05 21:33:33,501 -     [P4.2] Pair (0,3) giảm 1 -> BEST = 1424
2026-04-05 21:33:34,260 -   --- Pairwise Iter 6 (còn 760s) ---
2026-04-05 21:34:36,715 -     [P4.2] Pair (0,3) giảm 1 -> BEST = 1423
2026-04-05 21:34:37,166 -   --- Pairwise Iter 7 (còn 697s) ---
2026-04-05 21:36:42,061 -     [P4.2] Pair (5,7) giảm 6 -> BEST = 1417
2026-04-05 21:36:54,759 -   --- Pairwise Iter 8 (còn 560s) ---
2026-04-05 21:40:02,137 -     [P4.2] Pair (4,8) giảm 15 -> BEST = 1402
2026-04-05 21:40:02,754 -   --- Pairwise Iter 9 (còn 372s) ---
2026-04-05 21:43:24,611 -     [P4.2] Pair (4,9) giảm 5 -> BEST = 1397
2026-04-05 21:43:24,761 -   --- Pairwise Iter 10 (còn 170s) ---
2026-04-05 21:46:12,552 -     [P4.2] Pair (8,9) giảm 7 -> BEST = 1390
2026-04-05 21:46:12,553 -   --- Pairwise Iter 11 (còn 2s) ---
2026-04-05 21:46:12,553 -     -> Đã đạt cực trị toàn cục cho mọi cặp dưới ngưỡng. KẾT THÚC CHẶNG 4.
2026-04-05 21:46:12,554 - Hoàn thành trong 1198.0s. Final Cost: 1390
2026-04-05 21:46:12,554 - ======================================================================
2026-04-05 21:46:12,554 - BÁO CÁO TỔNG KẾT (SUMMARY)
2026-04-05 21:46:12,554 - ======================================================================
2026-04-05 21:46:12,554 -   1. Chi phí Clarke-Wright:     1576
2026-04-05 21:46:12,554 -   2. Chi phí sau CPLEX MIP:     1390
2026-04-05 21:46:12,554 -   => TỔNG CẢI THIỆN:            186
2026-04-05 21:46:12,554 -   => Số lần CPLEX Single cải thiện  : 10 lần
2026-04-05 21:46:12,554 -   => Số lần CPLEX Pairwise cải thiện: 10 lần
2026-04-05 21:46:12,554 -   => TỔNG THỜI GIAN CHẠY:       1198.040s
