2026-05-09 16:32:09,447 - ======================================================================
2026-05-09 16:32:09,447 - CPLEX MIP SOLVER  |  FILE: P-n16-k8.vrp
2026-05-09 16:32:09,447 - ======================================================================
2026-05-09 16:32:09,447 - Thông tin dữ liệu: Dimension=16, K=8, Capacity=35
2026-05-09 16:32:09,447 - --- Step 1: Clarke-Wright Heuristic ---
2026-05-09 16:32:09,448 -   Kết quả CW: Cost = 482, Time = 0.001s
2026-05-09 16:32:09,448 - --- Step 2: Advanced Optimization (CPLEX MIP) ---
2026-05-09 16:32:09,448 - =========================================
2026-05-09 16:32:09,448 - BẮT ĐẦU OPTIMIZE  (100% CPLEX MIP)
2026-05-09 16:32:09,448 -  -> Max Single Size  : 25
2026-05-09 16:32:09,448 -  -> Single Timeout   : 60.0s
2026-05-09 16:32:09,448 -  -> Max Pairwise Size: 25
2026-05-09 16:32:09,448 -  -> Pairwise Timeout : 120.0s
2026-05-09 16:32:09,448 -  -> Global Timeout   : 1800.0s
2026-05-09 16:32:09,448 -  -> Chi phí khởi điểm: 482
2026-05-09 16:32:09,448 - =========================================
2026-05-09 16:32:09,449 - === BẮT ĐẦU CHẶNG 4: CPLEX MIP CHÍNH XÁC | Cost: 482 ===
2026-05-09 16:32:09,449 -   [GĐ 4.1] Giải bài toán TSP trên từng tuyến đơn...
2026-05-09 16:32:09,595 -   [GĐ 4.2] Xét từng cặp tuyến để phân bổ lại khách hàng...
2026-05-09 16:32:09,595 -   --- Pairwise Iter 1 (còn 1800s) ---
2026-05-09 16:32:09,620 -     [P4.2] Pair (0,2) giảm 1 -> BEST = 481
2026-05-09 16:32:09,636 -   --- Pairwise Iter 2 (còn 1800s) ---
2026-05-09 16:32:09,701 -     [P4.2] Pair (4,7) giảm 6 -> BEST = 475
2026-05-09 16:32:09,718 -   --- Pairwise Iter 3 (còn 1800s) ---
2026-05-09 16:32:09,825 -     [P4.2] Pair (2,3) giảm 10 -> BEST = 465
2026-05-09 16:32:09,834 -   --- Pairwise Iter 4 (còn 1800s) ---
2026-05-09 16:32:09,870 -     [P4.2] Pair (2,6) giảm 15 -> BEST = 450
2026-05-09 16:32:09,877 -   --- Pairwise Iter 5 (còn 1800s) ---
2026-05-09 16:32:10,296 -     -> Đã đạt cực trị toàn cục cho mọi cặp dưới ngưỡng. KẾT THÚC CHẶNG 4.
2026-05-09 16:32:10,296 - Hoàn thành trong 0.8s. Final Cost: 450
2026-05-09 16:32:10,296 - ======================================================================
2026-05-09 16:32:10,296 - BÁO CÁO TỔNG KẾT (SUMMARY)
2026-05-09 16:32:10,296 - ======================================================================
2026-05-09 16:32:10,296 -   1. Chi phí Clarke-Wright:     482
2026-05-09 16:32:10,296 -   2. Chi phí sau CPLEX MIP:     450
2026-05-09 16:32:10,296 -   => TỔNG CẢI THIỆN:            32
2026-05-09 16:32:10,296 -   => Số lần CPLEX Single cải thiện  : 0 lần
2026-05-09 16:32:10,296 -   => Số lần CPLEX Pairwise cải thiện: 4 lần
2026-05-09 16:32:10,296 -   => TỔNG THỜI GIAN CHẠY:       0.849s
2026-05-09 16:32:10,297 - ======================================================================
2026-05-09 16:32:10,297 - CPLEX MIP SOLVER  |  FILE: P-n19-k2.vrp
2026-05-09 16:32:10,297 - ======================================================================
2026-05-09 16:32:10,298 - Thông tin dữ liệu: Dimension=19, K=2, Capacity=160
2026-05-09 16:32:10,298 - --- Step 1: Clarke-Wright Heuristic ---
2026-05-09 16:32:10,298 -   Kết quả CW: Cost = 248, Time = 0.000s
2026-05-09 16:32:10,299 - --- Step 2: Advanced Optimization (CPLEX MIP) ---
2026-05-09 16:32:10,299 - =========================================
2026-05-09 16:32:10,299 - BẮT ĐẦU OPTIMIZE  (100% CPLEX MIP)
2026-05-09 16:32:10,299 -  -> Max Single Size  : 33
2026-05-09 16:32:10,299 -  -> Single Timeout   : 60.0s
2026-05-09 16:32:10,299 -  -> Max Pairwise Size: 47
2026-05-09 16:32:10,299 -  -> Pairwise Timeout : 190.0s
2026-05-09 16:32:10,299 -  -> Global Timeout   : 1800.0s
2026-05-09 16:32:10,299 -  -> Chi phí khởi điểm: 248
2026-05-09 16:32:10,299 - =========================================
2026-05-09 16:32:10,299 - === BẮT ĐẦU CHẶNG 4: CPLEX MIP CHÍNH XÁC | Cost: 248 ===
2026-05-09 16:32:10,299 -   [GĐ 4.1] Giải bài toán TSP trên từng tuyến đơn...
2026-05-09 16:32:10,382 -     -> Single CPLEX cải thiện: 29. Cost mới: 219
2026-05-09 16:32:10,382 -   [GĐ 4.2] Xét từng cặp tuyến để phân bổ lại khách hàng...
2026-05-09 16:32:10,382 -   --- Pairwise Iter 1 (còn 1800s) ---
2026-05-09 16:32:51,055 -     [P4.2] Pair (0,1) giảm 7 -> BEST = 212
2026-05-09 16:32:51,134 -   --- Pairwise Iter 2 (còn 1759s) ---
2026-05-09 16:33:52,762 -     -> Đã đạt cực trị toàn cục cho mọi cặp dưới ngưỡng. KẾT THÚC CHẶNG 4.
2026-05-09 16:33:52,762 - Hoàn thành trong 102.5s. Final Cost: 212
2026-05-09 16:33:52,762 - ======================================================================
2026-05-09 16:33:52,762 - BÁO CÁO TỔNG KẾT (SUMMARY)
2026-05-09 16:33:52,762 - ======================================================================
2026-05-09 16:33:52,762 -   1. Chi phí Clarke-Wright:     248
2026-05-09 16:33:52,762 -   2. Chi phí sau CPLEX MIP:     212
2026-05-09 16:33:52,762 -   => TỔNG CẢI THIỆN:            36
2026-05-09 16:33:52,762 -   => Số lần CPLEX Single cải thiện  : 2 lần
2026-05-09 16:33:52,762 -   => Số lần CPLEX Pairwise cải thiện: 1 lần
2026-05-09 16:33:52,762 -   => TỔNG THỜI GIAN CHẠY:       102.464s
2026-05-09 16:33:52,763 - ======================================================================
2026-05-09 16:33:52,763 - CPLEX MIP SOLVER  |  FILE: P-n20-k2.vrp
2026-05-09 16:33:52,763 - ======================================================================
2026-05-09 16:33:52,764 - Thông tin dữ liệu: Dimension=20, K=2, Capacity=160
2026-05-09 16:33:52,764 - --- Step 1: Clarke-Wright Heuristic ---
2026-05-09 16:33:52,764 -   Kết quả CW: Cost = 266, Time = 0.000s
2026-05-09 16:33:52,764 - --- Step 2: Advanced Optimization (CPLEX MIP) ---
2026-05-09 16:33:52,764 - =========================================
2026-05-09 16:33:52,764 - BẮT ĐẦU OPTIMIZE  (100% CPLEX MIP)
2026-05-09 16:33:52,764 -  -> Max Single Size  : 35
2026-05-09 16:33:52,764 -  -> Single Timeout   : 60.0s
2026-05-09 16:33:52,764 -  -> Max Pairwise Size: 50
2026-05-09 16:33:52,764 -  -> Pairwise Timeout : 200.0s
2026-05-09 16:33:52,764 -  -> Global Timeout   : 1800.0s
2026-05-09 16:33:52,765 -  -> Chi phí khởi điểm: 266
2026-05-09 16:33:52,765 - =========================================
2026-05-09 16:33:52,765 - === BẮT ĐẦU CHẶNG 4: CPLEX MIP CHÍNH XÁC | Cost: 266 ===
2026-05-09 16:33:52,765 -   [GĐ 4.1] Giải bài toán TSP trên từng tuyến đơn...
2026-05-09 16:33:52,836 -     -> Single CPLEX cải thiện: 39. Cost mới: 227
2026-05-09 16:33:52,836 -   [GĐ 4.2] Xét từng cặp tuyến để phân bổ lại khách hàng...
2026-05-09 16:33:52,836 -   --- Pairwise Iter 1 (còn 1800s) ---
2026-05-09 16:34:33,233 -     [P4.2] Pair (0,1) giảm 11 -> BEST = 216
2026-05-09 16:34:33,300 -   --- Pairwise Iter 2 (còn 1759s) ---
2026-05-09 16:35:11,141 -     -> Đã đạt cực trị toàn cục cho mọi cặp dưới ngưỡng. KẾT THÚC CHẶNG 4.
2026-05-09 16:35:11,142 - Hoàn thành trong 78.4s. Final Cost: 216
2026-05-09 16:35:11,142 - ======================================================================
2026-05-09 16:35:11,142 - BÁO CÁO TỔNG KẾT (SUMMARY)
2026-05-09 16:35:11,142 - ======================================================================
2026-05-09 16:35:11,142 -   1. Chi phí Clarke-Wright:     266
2026-05-09 16:35:11,142 -   2. Chi phí sau CPLEX MIP:     216
2026-05-09 16:35:11,142 -   => TỔNG CẢI THIỆN:            50
2026-05-09 16:35:11,142 -   => Số lần CPLEX Single cải thiện  : 2 lần
2026-05-09 16:35:11,142 -   => Số lần CPLEX Pairwise cải thiện: 1 lần
2026-05-09 16:35:11,142 -   => TỔNG THỜI GIAN CHẠY:       78.378s
2026-05-09 16:35:11,143 - ======================================================================
2026-05-09 16:35:11,143 - CPLEX MIP SOLVER  |  FILE: P-n21-k2.vrp
2026-05-09 16:35:11,143 - ======================================================================
2026-05-09 16:35:11,144 - Thông tin dữ liệu: Dimension=21, K=2, Capacity=160
2026-05-09 16:35:11,144 - --- Step 1: Clarke-Wright Heuristic ---
2026-05-09 16:35:11,144 -   Kết quả CW: Cost = 270, Time = 0.000s
2026-05-09 16:35:11,144 - --- Step 2: Advanced Optimization (CPLEX MIP) ---
2026-05-09 16:35:11,144 - =========================================
2026-05-09 16:35:11,144 - BẮT ĐẦU OPTIMIZE  (100% CPLEX MIP)
2026-05-09 16:35:11,144 -  -> Max Single Size  : 36
2026-05-09 16:35:11,144 -  -> Single Timeout   : 60.0s
2026-05-09 16:35:11,144 -  -> Max Pairwise Size: 52
2026-05-09 16:35:11,144 -  -> Pairwise Timeout : 210.0s
2026-05-09 16:35:11,144 -  -> Global Timeout   : 1800.0s
2026-05-09 16:35:11,144 -  -> Chi phí khởi điểm: 270
2026-05-09 16:35:11,144 - =========================================
2026-05-09 16:35:11,145 - === BẮT ĐẦU CHẶNG 4: CPLEX MIP CHÍNH XÁC | Cost: 270 ===
2026-05-09 16:35:11,145 -   [GĐ 4.1] Giải bài toán TSP trên từng tuyến đơn...
2026-05-09 16:35:11,221 -     -> Single CPLEX cải thiện: 39. Cost mới: 231
2026-05-09 16:35:11,221 -   [GĐ 4.2] Xét từng cặp tuyến để phân bổ lại khách hàng...
2026-05-09 16:35:11,221 -   --- Pairwise Iter 1 (còn 1800s) ---
2026-05-09 16:35:35,892 -     [P4.2] Pair (0,1) giảm 20 -> BEST = 211
2026-05-09 16:35:36,037 -   --- Pairwise Iter 2 (còn 1775s) ---
2026-05-09 16:36:02,253 -     -> Đã đạt cực trị toàn cục cho mọi cặp dưới ngưỡng. KẾT THÚC CHẶNG 4.
2026-05-09 16:36:02,253 - Hoàn thành trong 51.1s. Final Cost: 211
2026-05-09 16:36:02,253 - ======================================================================
2026-05-09 16:36:02,253 - BÁO CÁO TỔNG KẾT (SUMMARY)
2026-05-09 16:36:02,253 - ======================================================================
2026-05-09 16:36:02,253 -   1. Chi phí Clarke-Wright:     270
2026-05-09 16:36:02,253 -   2. Chi phí sau CPLEX MIP:     211
2026-05-09 16:36:02,253 -   => TỔNG CẢI THIỆN:            59
2026-05-09 16:36:02,253 -   => Số lần CPLEX Single cải thiện  : 2 lần
2026-05-09 16:36:02,253 -   => Số lần CPLEX Pairwise cải thiện: 1 lần
2026-05-09 16:36:02,253 -   => TỔNG THỜI GIAN CHẠY:       51.109s
2026-05-09 16:36:02,254 - ======================================================================
2026-05-09 16:36:02,254 - CPLEX MIP SOLVER  |  FILE: P-n22-k8.vrp
2026-05-09 16:36:02,254 - ======================================================================
2026-05-09 16:36:02,255 - Thông tin dữ liệu: Dimension=22, K=8, Capacity=3000
2026-05-09 16:36:02,255 - --- Step 1: Clarke-Wright Heuristic ---
2026-05-09 16:36:02,256 -   Kết quả CW: Cost = 773, Time = 0.001s
2026-05-09 16:36:02,256 - --- Step 2: Advanced Optimization (CPLEX MIP) ---
2026-05-09 16:36:02,256 - =========================================
2026-05-09 16:36:02,256 - BẮT ĐẦU OPTIMIZE  (100% CPLEX MIP)
2026-05-09 16:36:02,256 -  -> Max Single Size  : 25
2026-05-09 16:36:02,256 -  -> Single Timeout   : 60.0s
2026-05-09 16:36:02,256 -  -> Max Pairwise Size: 25
2026-05-09 16:36:02,256 -  -> Pairwise Timeout : 120.0s
2026-05-09 16:36:02,256 -  -> Global Timeout   : 1800.0s
2026-05-09 16:36:02,256 -  -> Chi phí khởi điểm: 773
2026-05-09 16:36:02,256 - =========================================
2026-05-09 16:36:02,256 - === BẮT ĐẦU CHẶNG 4: CPLEX MIP CHÍNH XÁC | Cost: 773 ===
2026-05-09 16:36:02,256 -   [GĐ 4.1] Giải bài toán TSP trên từng tuyến đơn...
2026-05-09 16:36:02,321 -     -> Single CPLEX cải thiện: 35. Cost mới: 738
2026-05-09 16:36:02,321 -   [GĐ 4.2] Xét từng cặp tuyến để phân bổ lại khách hàng...
2026-05-09 16:36:02,321 -   --- Pairwise Iter 1 (còn 1800s) ---
2026-05-09 16:36:02,344 -     [P4.2] Pair (5,6) giảm 20 -> BEST = 718
2026-05-09 16:36:02,360 -   --- Pairwise Iter 2 (còn 1800s) ---
2026-05-09 16:36:02,481 -     [P4.2] Pair (1,4) giảm 1 -> BEST = 717
2026-05-09 16:36:02,504 -   --- Pairwise Iter 3 (còn 1800s) ---
2026-05-09 16:36:02,949 -     [P4.2] Pair (0,1) giảm 20 -> BEST = 697
2026-05-09 16:36:02,966 -   --- Pairwise Iter 4 (còn 1799s) ---
2026-05-09 16:36:03,128 -     [P4.2] Pair (1,4) giảm 20 -> BEST = 677
2026-05-09 16:36:03,147 -   --- Pairwise Iter 5 (còn 1799s) ---
2026-05-09 16:36:03,644 -     [P4.2] Pair (5,7) giảm 1 -> BEST = 676
2026-05-09 16:36:03,650 -   --- Pairwise Iter 6 (còn 1799s) ---
2026-05-09 16:36:04,488 -     -> Đã đạt cực trị toàn cục cho mọi cặp dưới ngưỡng. KẾT THÚC CHẶNG 4.
2026-05-09 16:36:04,488 - Hoàn thành trong 2.2s. Final Cost: 676
2026-05-09 16:36:04,488 - ======================================================================
2026-05-09 16:36:04,488 - BÁO CÁO TỔNG KẾT (SUMMARY)
2026-05-09 16:36:04,488 - ======================================================================
2026-05-09 16:36:04,488 -   1. Chi phí Clarke-Wright:     773
2026-05-09 16:36:04,488 -   2. Chi phí sau CPLEX MIP:     676
2026-05-09 16:36:04,488 -   => TỔNG CẢI THIỆN:            97
2026-05-09 16:36:04,488 -   => Số lần CPLEX Single cải thiện  : 2 lần
2026-05-09 16:36:04,488 -   => Số lần CPLEX Pairwise cải thiện: 5 lần
2026-05-09 16:36:04,488 -   => TỔNG THỜI GIAN CHẠY:       2.233s
2026-05-09 16:36:04,489 - ======================================================================
2026-05-09 16:36:04,489 - CPLEX MIP SOLVER  |  FILE: P-n22-k2.vrp
2026-05-09 16:36:04,489 - ======================================================================
2026-05-09 16:36:04,490 - Thông tin dữ liệu: Dimension=22, K=2, Capacity=160
2026-05-09 16:36:04,490 - --- Step 1: Clarke-Wright Heuristic ---
2026-05-09 16:36:04,491 -   Kết quả CW: Cost = 284, Time = 0.000s
2026-05-09 16:36:04,491 - --- Step 2: Advanced Optimization (CPLEX MIP) ---
2026-05-09 16:36:04,491 - =========================================
2026-05-09 16:36:04,491 - BẮT ĐẦU OPTIMIZE  (100% CPLEX MIP)
2026-05-09 16:36:04,491 -  -> Max Single Size  : 38
2026-05-09 16:36:04,491 -  -> Single Timeout   : 60.0s
2026-05-09 16:36:04,491 -  -> Max Pairwise Size: 55
2026-05-09 16:36:04,491 -  -> Pairwise Timeout : 220.0s
2026-05-09 16:36:04,491 -  -> Global Timeout   : 1800.0s
2026-05-09 16:36:04,491 -  -> Chi phí khởi điểm: 284
2026-05-09 16:36:04,491 - =========================================
2026-05-09 16:36:04,491 - === BẮT ĐẦU CHẶNG 4: CPLEX MIP CHÍNH XÁC | Cost: 284 ===
2026-05-09 16:36:04,491 -   [GĐ 4.1] Giải bài toán TSP trên từng tuyến đơn...
2026-05-09 16:36:04,613 -     -> Single CPLEX cải thiện: 37. Cost mới: 247
2026-05-09 16:36:04,614 -   [GĐ 4.2] Xét từng cặp tuyến để phân bổ lại khách hàng...
2026-05-09 16:36:04,614 -   --- Pairwise Iter 1 (còn 1800s) ---
2026-05-09 16:36:35,776 -     [P4.2] Pair (0,1) giảm 31 -> BEST = 216
2026-05-09 16:36:35,908 -   --- Pairwise Iter 2 (còn 1769s) ---
2026-05-09 16:37:06,142 -     -> Đã đạt cực trị toàn cục cho mọi cặp dưới ngưỡng. KẾT THÚC CHẶNG 4.
2026-05-09 16:37:06,142 - Hoàn thành trong 61.7s. Final Cost: 216
2026-05-09 16:37:06,142 - ======================================================================
2026-05-09 16:37:06,142 - BÁO CÁO TỔNG KẾT (SUMMARY)
2026-05-09 16:37:06,142 - ======================================================================
2026-05-09 16:37:06,142 -   1. Chi phí Clarke-Wright:     284
2026-05-09 16:37:06,142 -   2. Chi phí sau CPLEX MIP:     216
2026-05-09 16:37:06,143 -   => TỔNG CẢI THIỆN:            68
2026-05-09 16:37:06,143 -   => Số lần CPLEX Single cải thiện  : 2 lần
2026-05-09 16:37:06,143 -   => Số lần CPLEX Pairwise cải thiện: 1 lần
2026-05-09 16:37:06,143 -   => TỔNG THỜI GIAN CHẠY:       61.652s
2026-05-09 16:37:06,143 - ======================================================================
2026-05-09 16:37:06,144 - CPLEX MIP SOLVER  |  FILE: P-n23-k8.vrp
2026-05-09 16:37:06,144 - ======================================================================
2026-05-09 16:37:06,145 - Thông tin dữ liệu: Dimension=23, K=8, Capacity=40
2026-05-09 16:37:06,145 - --- Step 1: Clarke-Wright Heuristic ---
2026-05-09 16:37:06,145 -   Kết quả CW: Cost = 555, Time = 0.001s
2026-05-09 16:37:06,145 - --- Step 2: Advanced Optimization (CPLEX MIP) ---
2026-05-09 16:37:06,145 - =========================================
2026-05-09 16:37:06,146 - BẮT ĐẦU OPTIMIZE  (100% CPLEX MIP)
2026-05-09 16:37:06,146 -  -> Max Single Size  : 25
2026-05-09 16:37:06,146 -  -> Single Timeout   : 60.0s
2026-05-09 16:37:06,146 -  -> Max Pairwise Size: 25
2026-05-09 16:37:06,146 -  -> Pairwise Timeout : 120.0s
2026-05-09 16:37:06,146 -  -> Global Timeout   : 1800.0s
2026-05-09 16:37:06,146 -  -> Chi phí khởi điểm: 555
2026-05-09 16:37:06,146 - =========================================
2026-05-09 16:37:06,146 - === BẮT ĐẦU CHẶNG 4: CPLEX MIP CHÍNH XÁC | Cost: 555 ===
2026-05-09 16:37:06,146 -   [GĐ 4.1] Giải bài toán TSP trên từng tuyến đơn...
2026-05-09 16:37:06,225 -     -> Single CPLEX cải thiện: 3. Cost mới: 552
2026-05-09 16:37:06,225 -   [GĐ 4.2] Xét từng cặp tuyến để phân bổ lại khách hàng...
2026-05-09 16:37:06,225 -   --- Pairwise Iter 1 (còn 1800s) ---
2026-05-09 16:37:06,556 -     [P4.2] Pair (0,1) giảm 23 -> BEST = 529
2026-05-09 16:37:06,572 -   --- Pairwise Iter 2 (còn 1800s) ---
2026-05-09 16:37:07,461 -     -> Đã đạt cực trị toàn cục cho mọi cặp dưới ngưỡng. KẾT THÚC CHẶNG 4.
2026-05-09 16:37:07,462 - Hoàn thành trong 1.3s. Final Cost: 529
2026-05-09 16:37:07,462 - ======================================================================
2026-05-09 16:37:07,462 - BÁO CÁO TỔNG KẾT (SUMMARY)
2026-05-09 16:37:07,462 - ======================================================================
2026-05-09 16:37:07,462 -   1. Chi phí Clarke-Wright:     555
2026-05-09 16:37:07,462 -   2. Chi phí sau CPLEX MIP:     529
2026-05-09 16:37:07,462 -   => TỔNG CẢI THIỆN:            26
2026-05-09 16:37:07,462 -   => Số lần CPLEX Single cải thiện  : 1 lần
2026-05-09 16:37:07,462 -   => Số lần CPLEX Pairwise cải thiện: 1 lần
2026-05-09 16:37:07,462 -   => TỔNG THỜI GIAN CHẠY:       1.317s
2026-05-09 16:37:07,463 - ======================================================================
2026-05-09 16:37:07,463 - CPLEX MIP SOLVER  |  FILE: P-n40-k5.vrp
2026-05-09 16:37:07,463 - ======================================================================
2026-05-09 16:37:07,465 - Thông tin dữ liệu: Dimension=40, K=5, Capacity=140
2026-05-09 16:37:07,465 - --- Step 1: Clarke-Wright Heuristic ---
2026-05-09 16:37:07,467 -   Kết quả CW: Cost = 596, Time = 0.001s
2026-05-09 16:37:07,467 - --- Step 2: Advanced Optimization (CPLEX MIP) ---
2026-05-09 16:37:07,467 - =========================================
2026-05-09 16:37:07,467 - BẮT ĐẦU OPTIMIZE  (100% CPLEX MIP)
2026-05-09 16:37:07,467 -  -> Max Single Size  : 28
2026-05-09 16:37:07,467 -  -> Single Timeout   : 60.0s
2026-05-09 16:37:07,467 -  -> Max Pairwise Size: 40
2026-05-09 16:37:07,467 -  -> Pairwise Timeout : 160.0s
2026-05-09 16:37:07,467 -  -> Global Timeout   : 1800.0s
2026-05-09 16:37:07,467 -  -> Chi phí khởi điểm: 596
2026-05-09 16:37:07,467 - =========================================
2026-05-09 16:37:07,467 - === BẮT ĐẦU CHẶNG 4: CPLEX MIP CHÍNH XÁC | Cost: 596 ===
2026-05-09 16:37:07,467 -   [GĐ 4.1] Giải bài toán TSP trên từng tuyến đơn...
2026-05-09 16:37:07,580 -     -> Single CPLEX cải thiện: 64. Cost mới: 532
2026-05-09 16:37:07,580 -   [GĐ 4.2] Xét từng cặp tuyến để phân bổ lại khách hàng...
2026-05-09 16:37:07,580 -   --- Pairwise Iter 1 (còn 1800s) ---
2026-05-09 16:37:42,728 -     [P4.2] Pair (0,3) giảm 2 -> BEST = 530
2026-05-09 16:37:42,779 -   --- Pairwise Iter 2 (còn 1765s) ---
2026-05-09 16:38:25,297 -     [P4.2] Pair (0,1) giảm 29 -> BEST = 501
2026-05-09 16:38:25,374 -   --- Pairwise Iter 3 (còn 1722s) ---
2026-05-09 16:38:56,530 -     [P4.2] Pair (0,3) giảm 5 -> BEST = 496
2026-05-09 16:38:56,571 -   --- Pairwise Iter 4 (còn 1691s) ---
2026-05-09 16:39:36,638 -     [P4.2] Pair (0,4) giảm 8 -> BEST = 488
2026-05-09 16:39:36,677 -   --- Pairwise Iter 5 (còn 1651s) ---
2026-05-09 16:40:22,509 -     [P4.2] Pair (0,3) giảm 7 -> BEST = 481
2026-05-09 16:40:22,556 -   --- Pairwise Iter 6 (còn 1605s) ---
2026-05-09 16:41:19,473 -     [P4.2] Pair (2,4) giảm 3 -> BEST = 478
2026-05-09 16:41:19,514 -   --- Pairwise Iter 7 (còn 1548s) ---
2026-05-09 16:42:03,177 -     [P4.2] Pair (0,4) giảm 6 -> BEST = 472
2026-05-09 16:42:03,205 -   --- Pairwise Iter 8 (còn 1504s) ---
2026-05-09 16:42:03,296 -     [P4.2] Pair (2,4) giảm 4 -> BEST = 468
2026-05-09 16:42:03,326 -   --- Pairwise Iter 9 (còn 1504s) ---
2026-05-09 16:42:24,620 -     [P4.2] Pair (1,4) giảm 3 -> BEST = 465
2026-05-09 16:42:24,648 -   --- Pairwise Iter 10 (còn 1483s) ---
2026-05-09 16:42:58,363 -     -> Đã đạt cực trị toàn cục cho mọi cặp dưới ngưỡng. KẾT THÚC CHẶNG 4.
2026-05-09 16:42:58,364 - Hoàn thành trong 350.9s. Final Cost: 465
2026-05-09 16:42:58,364 - ======================================================================
2026-05-09 16:42:58,364 - BÁO CÁO TỔNG KẾT (SUMMARY)
2026-05-09 16:42:58,364 - ======================================================================
2026-05-09 16:42:58,364 -   1. Chi phí Clarke-Wright:     596
2026-05-09 16:42:58,364 -   2. Chi phí sau CPLEX MIP:     465
2026-05-09 16:42:58,364 -   => TỔNG CẢI THIỆN:            131
2026-05-09 16:42:58,364 -   => Số lần CPLEX Single cải thiện  : 5 lần
2026-05-09 16:42:58,364 -   => Số lần CPLEX Pairwise cải thiện: 9 lần
2026-05-09 16:42:58,364 -   => TỔNG THỜI GIAN CHẠY:       350.898s
2026-05-09 16:42:58,365 - ======================================================================
2026-05-09 16:42:58,365 - CPLEX MIP SOLVER  |  FILE: P-n45-k5.vrp
2026-05-09 16:42:58,365 - ======================================================================
2026-05-09 16:42:58,368 - Thông tin dữ liệu: Dimension=45, K=5, Capacity=150
2026-05-09 16:42:58,368 - --- Step 1: Clarke-Wright Heuristic ---
2026-05-09 16:42:58,370 -   Kết quả CW: Cost = 752, Time = 0.002s
2026-05-09 16:42:58,370 - --- Step 2: Advanced Optimization (CPLEX MIP) ---
2026-05-09 16:42:58,370 - =========================================
2026-05-09 16:42:58,370 - BẮT ĐẦU OPTIMIZE  (100% CPLEX MIP)
2026-05-09 16:42:58,370 -  -> Max Single Size  : 31
2026-05-09 16:42:58,370 -  -> Single Timeout   : 60.0s
2026-05-09 16:42:58,370 -  -> Max Pairwise Size: 45
2026-05-09 16:42:58,370 -  -> Pairwise Timeout : 180.0s
2026-05-09 16:42:58,370 -  -> Global Timeout   : 1800.0s
2026-05-09 16:42:58,370 -  -> Chi phí khởi điểm: 752
2026-05-09 16:42:58,370 - =========================================
2026-05-09 16:42:58,370 - === BẮT ĐẦU CHẶNG 4: CPLEX MIP CHÍNH XÁC | Cost: 752 ===
2026-05-09 16:42:58,370 -   [GĐ 4.1] Giải bài toán TSP trên từng tuyến đơn...
2026-05-09 16:42:58,563 -     -> Single CPLEX cải thiện: 66. Cost mới: 686
2026-05-09 16:42:58,563 -   [GĐ 4.2] Xét từng cặp tuyến để phân bổ lại khách hàng...
2026-05-09 16:42:58,563 -   --- Pairwise Iter 1 (còn 1800s) ---
2026-05-09 16:45:58,620 -     [P4.2] Pair (0,1) giảm 58 -> BEST = 628
2026-05-09 16:45:58,708 -   --- Pairwise Iter 2 (còn 1620s) ---
2026-05-09 16:46:35,946 -     [P4.2] Pair (2,4) giảm 49 -> BEST = 579
2026-05-09 16:46:35,983 -   --- Pairwise Iter 3 (còn 1582s) ---
2026-05-09 16:52:33,219 -     [P4.2] Pair (0,3) giảm 23 -> BEST = 556
2026-05-09 16:52:33,307 -   --- Pairwise Iter 4 (còn 1225s) ---
2026-05-09 16:53:21,953 -     [P4.2] Pair (0,1) giảm 9 -> BEST = 547
2026-05-09 16:53:22,020 -   --- Pairwise Iter 5 (còn 1176s) ---
2026-05-09 16:55:29,197 -     [P4.2] Pair (0,2) giảm 13 -> BEST = 534
2026-05-09 16:55:29,255 -   --- Pairwise Iter 6 (còn 1049s) ---
2026-05-09 16:58:29,315 -     [P4.2] Pair (1,2) giảm 10 -> BEST = 524
2026-05-09 16:58:29,393 -   --- Pairwise Iter 7 (còn 869s) ---
2026-05-09 17:02:10,225 -     [P4.2] Pair (3,4) giảm 2 -> BEST = 522
2026-05-09 17:02:10,290 -   --- Pairwise Iter 8 (còn 648s) ---
2026-05-09 17:05:42,994 -     -> Đã đạt cực trị toàn cục cho mọi cặp dưới ngưỡng. KẾT THÚC CHẶNG 4.
2026-05-09 17:05:42,994 - Hoàn thành trong 1364.6s. Final Cost: 522
2026-05-09 17:05:42,994 - ======================================================================
2026-05-09 17:05:42,994 - BÁO CÁO TỔNG KẾT (SUMMARY)
2026-05-09 17:05:42,994 - ======================================================================
2026-05-09 17:05:42,994 -   1. Chi phí Clarke-Wright:     752
2026-05-09 17:05:42,994 -   2. Chi phí sau CPLEX MIP:     522
2026-05-09 17:05:42,994 -   => TỔNG CẢI THIỆN:            230
2026-05-09 17:05:42,994 -   => Số lần CPLEX Single cải thiện  : 5 lần
2026-05-09 17:05:42,994 -   => Số lần CPLEX Pairwise cải thiện: 7 lần
2026-05-09 17:05:42,994 -   => TỔNG THỜI GIAN CHẠY:       1364.625s
2026-05-09 17:05:42,999 - ======================================================================
2026-05-09 17:05:42,999 - CPLEX MIP SOLVER  |  FILE: P-n50-k10.vrp
2026-05-09 17:05:42,999 - ======================================================================
2026-05-09 17:05:43,004 - Thông tin dữ liệu: Dimension=50, K=10, Capacity=100
2026-05-09 17:05:43,004 - --- Step 1: Clarke-Wright Heuristic ---
2026-05-09 17:05:43,006 -   Kết quả CW: Cost = 928, Time = 0.002s
2026-05-09 17:05:43,006 - --- Step 2: Advanced Optimization (CPLEX MIP) ---
2026-05-09 17:05:43,006 - =========================================
2026-05-09 17:05:43,006 - BẮT ĐẦU OPTIMIZE  (100% CPLEX MIP)
2026-05-09 17:05:43,006 -  -> Max Single Size  : 25
2026-05-09 17:05:43,006 -  -> Single Timeout   : 60.0s
2026-05-09 17:05:43,006 -  -> Max Pairwise Size: 25
2026-05-09 17:05:43,006 -  -> Pairwise Timeout : 120.0s
2026-05-09 17:05:43,006 -  -> Global Timeout   : 1800.0s
2026-05-09 17:05:43,007 -  -> Chi phí khởi điểm: 928
2026-05-09 17:05:43,007 - =========================================
2026-05-09 17:05:43,007 - === BẮT ĐẦU CHẶNG 4: CPLEX MIP CHÍNH XÁC | Cost: 928 ===
2026-05-09 17:05:43,007 -   [GĐ 4.1] Giải bài toán TSP trên từng tuyến đơn...
2026-05-09 17:05:43,160 -     -> Single CPLEX cải thiện: 24. Cost mới: 904
2026-05-09 17:05:43,160 -   [GĐ 4.2] Xét từng cặp tuyến để phân bổ lại khách hàng...
2026-05-09 17:05:43,161 -   --- Pairwise Iter 1 (còn 1800s) ---
2026-05-09 17:05:43,356 -     [P4.2] Pair (0,6) giảm 16 -> BEST = 888
2026-05-09 17:05:43,382 -   --- Pairwise Iter 2 (còn 1800s) ---
2026-05-09 17:05:44,086 -     [P4.2] Pair (4,8) giảm 28 -> BEST = 860
2026-05-09 17:05:44,122 -   --- Pairwise Iter 3 (còn 1799s) ---
2026-05-09 17:05:45,028 -     [P4.2] Pair (0,3) giảm 1 -> BEST = 859
2026-05-09 17:05:45,054 -   --- Pairwise Iter 4 (còn 1798s) ---
2026-05-09 17:05:46,749 -     [P4.2] Pair (0,4) giảm 13 -> BEST = 846
2026-05-09 17:05:46,780 -   --- Pairwise Iter 5 (còn 1796s) ---
2026-05-09 17:05:48,793 -     [P4.2] Pair (3,4) giảm 10 -> BEST = 836
2026-05-09 17:05:48,821 -   --- Pairwise Iter 6 (còn 1794s) ---
2026-05-09 17:05:51,077 -     [P4.2] Pair (0,4) giảm 1 -> BEST = 835
2026-05-09 17:05:51,114 -   --- Pairwise Iter 7 (còn 1792s) ---
2026-05-09 17:05:53,177 -     [P4.2] Pair (3,4) giảm 17 -> BEST = 818
2026-05-09 17:05:53,214 -   --- Pairwise Iter 8 (còn 1790s) ---
2026-05-09 17:05:55,585 -     [P4.2] Pair (1,6) giảm 20 -> BEST = 798
2026-05-09 17:05:55,608 -   --- Pairwise Iter 9 (còn 1787s) ---
2026-05-09 17:06:02,518 -     [P4.2] Pair (1,9) giảm 16 -> BEST = 782
2026-05-09 17:06:02,549 -   --- Pairwise Iter 10 (còn 1780s) ---
2026-05-09 17:06:05,056 -     [P4.2] Pair (2,3) giảm 4 -> BEST = 778
2026-05-09 17:06:05,081 -   --- Pairwise Iter 11 (còn 1778s) ---
2026-05-09 17:06:11,088 -     [P4.2] Pair (3,9) giảm 21 -> BEST = 757
2026-05-09 17:06:11,126 -   --- Pairwise Iter 12 (còn 1772s) ---
2026-05-09 17:06:18,281 -     [P4.2] Pair (2,6) giảm 5 -> BEST = 752
2026-05-09 17:06:18,310 -   --- Pairwise Iter 13 (còn 1765s) ---
2026-05-09 17:06:19,989 -     [P4.2] Pair (5,6) giảm 25 -> BEST = 727
2026-05-09 17:06:20,017 -   --- Pairwise Iter 14 (còn 1763s) ---
2026-05-09 17:06:40,049 -     -> Đã đạt cực trị toàn cục cho mọi cặp dưới ngưỡng. KẾT THÚC CHẶNG 4.
2026-05-09 17:06:40,049 - Hoàn thành trong 57.0s. Final Cost: 727
2026-05-09 17:06:40,049 - ======================================================================
2026-05-09 17:06:40,049 - BÁO CÁO TỔNG KẾT (SUMMARY)
2026-05-09 17:06:40,049 - ======================================================================
2026-05-09 17:06:40,049 -   1. Chi phí Clarke-Wright:     928
2026-05-09 17:06:40,049 -   2. Chi phí sau CPLEX MIP:     727
2026-05-09 17:06:40,049 -   => TỔNG CẢI THIỆN:            201
2026-05-09 17:06:40,049 -   => Số lần CPLEX Single cải thiện  : 5 lần
2026-05-09 17:06:40,049 -   => Số lần CPLEX Pairwise cải thiện: 13 lần
2026-05-09 17:06:40,049 -   => TỔNG THỜI GIAN CHẠY:       57.045s
2026-05-09 17:06:40,050 - ======================================================================
2026-05-09 17:06:40,050 - CPLEX MIP SOLVER  |  FILE: P-n50-k7.vrp
2026-05-09 17:06:40,050 - ======================================================================
2026-05-09 17:06:40,055 - Thông tin dữ liệu: Dimension=50, K=7, Capacity=150
2026-05-09 17:06:40,055 - --- Step 1: Clarke-Wright Heuristic ---
2026-05-09 17:06:40,058 -   Kết quả CW: Cost = 799, Time = 0.002s
2026-05-09 17:06:40,058 - --- Step 2: Advanced Optimization (CPLEX MIP) ---
2026-05-09 17:06:40,058 - =========================================
2026-05-09 17:06:40,058 - BẮT ĐẦU OPTIMIZE  (100% CPLEX MIP)
2026-05-09 17:06:40,058 -  -> Max Single Size  : 25
2026-05-09 17:06:40,058 -  -> Single Timeout   : 60.0s
2026-05-09 17:06:40,058 -  -> Max Pairwise Size: 35
2026-05-09 17:06:40,058 -  -> Pairwise Timeout : 143.0s
2026-05-09 17:06:40,058 -  -> Global Timeout   : 1800.0s
2026-05-09 17:06:40,058 -  -> Chi phí khởi điểm: 799
2026-05-09 17:06:40,058 - =========================================
2026-05-09 17:06:40,058 - === BẮT ĐẦU CHẶNG 4: CPLEX MIP CHÍNH XÁC | Cost: 799 ===
2026-05-09 17:06:40,058 -   [GĐ 4.1] Giải bài toán TSP trên từng tuyến đơn...
2026-05-09 17:06:40,211 -     -> Single CPLEX cải thiện: 65. Cost mới: 734
2026-05-09 17:06:40,211 -   [GĐ 4.2] Xét từng cặp tuyến để phân bổ lại khách hàng...
2026-05-09 17:06:40,211 -   --- Pairwise Iter 1 (còn 1800s) ---
2026-05-09 17:06:40,658 -     [P4.2] Pair (2,5) giảm 5 -> BEST = 729
2026-05-09 17:06:40,699 -   --- Pairwise Iter 2 (còn 1799s) ---
2026-05-09 17:06:42,434 -     [P4.2] Pair (2,6) giảm 55 -> BEST = 674
2026-05-09 17:06:42,483 -   --- Pairwise Iter 3 (còn 1798s) ---
2026-05-09 17:09:05,535 -     [P4.2] Pair (2,3) giảm 21 -> BEST = 653
2026-05-09 17:09:05,647 -   --- Pairwise Iter 4 (còn 1654s) ---
2026-05-09 17:11:31,506 -     [P4.2] Pair (2,4) giảm 10 -> BEST = 643
2026-05-09 17:11:31,551 -   --- Pairwise Iter 5 (còn 1509s) ---
2026-05-09 17:14:29,133 -     [P4.2] Pair (0,3) giảm 35 -> BEST = 608
2026-05-09 17:14:29,223 -   --- Pairwise Iter 6 (còn 1331s) ---
2026-05-09 17:15:32,366 -     [P4.2] Pair (0,5) giảm 3 -> BEST = 605
2026-05-09 17:15:32,431 -   --- Pairwise Iter 7 (còn 1268s) ---
2026-05-09 17:15:54,917 -     [P4.2] Pair (0,3) giảm 2 -> BEST = 603
2026-05-09 17:15:54,975 -   --- Pairwise Iter 8 (còn 1245s) ---
2026-05-09 17:16:49,880 -     [P4.2] Pair (3,5) giảm 6 -> BEST = 597
2026-05-09 17:16:49,944 -   --- Pairwise Iter 9 (còn 1190s) ---
2026-05-09 17:17:57,924 -     [P4.2] Pair (5,6) giảm 8 -> BEST = 589
2026-05-09 17:17:57,963 -   --- Pairwise Iter 10 (còn 1122s) ---
2026-05-09 17:19:25,833 -     [P4.2] Pair (1,3) giảm 5 -> BEST = 584
2026-05-09 17:19:25,879 -   --- Pairwise Iter 11 (còn 1034s) ---
2026-05-09 17:19:41,736 -     [P4.2] Pair (0,3) giảm 3 -> BEST = 581
2026-05-09 17:19:41,788 -   --- Pairwise Iter 12 (còn 1018s) ---
2026-05-09 17:19:54,627 -     [P4.2] Pair (1,5) giảm 16 -> BEST = 565
2026-05-09 17:19:54,667 -   --- Pairwise Iter 13 (còn 1005s) ---
2026-05-09 17:20:32,491 -     [P4.2] Pair (4,6) giảm 5 -> BEST = 560
2026-05-09 17:20:32,516 -   --- Pairwise Iter 14 (còn 968s) ---
2026-05-09 17:21:17,612 -     -> Đã đạt cực trị toàn cục cho mọi cặp dưới ngưỡng. KẾT THÚC CHẶNG 4.
2026-05-09 17:21:17,612 - Hoàn thành trong 877.6s. Final Cost: 560
2026-05-09 17:21:17,612 - ======================================================================
2026-05-09 17:21:17,612 - BÁO CÁO TỔNG KẾT (SUMMARY)
2026-05-09 17:21:17,612 - ======================================================================
2026-05-09 17:21:17,612 -   1. Chi phí Clarke-Wright:     799
2026-05-09 17:21:17,612 -   2. Chi phí sau CPLEX MIP:     560
2026-05-09 17:21:17,612 -   => TỔNG CẢI THIỆN:            239
2026-05-09 17:21:17,612 -   => Số lần CPLEX Single cải thiện  : 5 lần
2026-05-09 17:21:17,612 -   => Số lần CPLEX Pairwise cải thiện: 13 lần
2026-05-09 17:21:17,612 -   => TỔNG THỜI GIAN CHẠY:       877.556s
2026-05-09 17:21:17,613 - ======================================================================
2026-05-09 17:21:17,613 - CPLEX MIP SOLVER  |  FILE: P-n50-k8.vrp
2026-05-09 17:21:17,613 - ======================================================================
2026-05-09 17:21:17,617 - Thông tin dữ liệu: Dimension=50, K=8, Capacity=120
2026-05-09 17:21:17,617 - --- Step 1: Clarke-Wright Heuristic ---
2026-05-09 17:21:17,620 -   Kết quả CW: Cost = 936, Time = 0.003s
2026-05-09 17:21:17,620 - --- Step 2: Advanced Optimization (CPLEX MIP) ---
2026-05-09 17:21:17,620 - =========================================
2026-05-09 17:21:17,620 - BẮT ĐẦU OPTIMIZE  (100% CPLEX MIP)
2026-05-09 17:21:17,620 -  -> Max Single Size  : 25
2026-05-09 17:21:17,620 -  -> Single Timeout   : 60.0s
2026-05-09 17:21:17,620 -  -> Max Pairwise Size: 31
2026-05-09 17:21:17,620 -  -> Pairwise Timeout : 125.0s
2026-05-09 17:21:17,620 -  -> Global Timeout   : 1800.0s
2026-05-09 17:21:17,620 -  -> Chi phí khởi điểm: 936
2026-05-09 17:21:17,620 - =========================================
2026-05-09 17:21:17,620 - === BẮT ĐẦU CHẶNG 4: CPLEX MIP CHÍNH XÁC | Cost: 936 ===
2026-05-09 17:21:17,620 -   [GĐ 4.1] Giải bài toán TSP trên từng tuyến đơn...
2026-05-09 17:21:17,766 -     -> Single CPLEX cải thiện: 119. Cost mới: 817
2026-05-09 17:21:17,766 -   [GĐ 4.2] Xét từng cặp tuyến để phân bổ lại khách hàng...
2026-05-09 17:21:17,766 -   --- Pairwise Iter 1 (còn 1800s) ---
2026-05-09 17:21:18,228 -     [P4.2] Pair (0,5) giảm 8 -> BEST = 809
2026-05-09 17:21:18,257 -   --- Pairwise Iter 2 (còn 1799s) ---
2026-05-09 17:21:22,489 -     [P4.2] Pair (4,6) giảm 17 -> BEST = 792
2026-05-09 17:21:22,530 -   --- Pairwise Iter 3 (còn 1795s) ---
2026-05-09 17:21:33,380 -     [P4.2] Pair (4,7) giảm 20 -> BEST = 772
2026-05-09 17:21:33,411 -   --- Pairwise Iter 4 (còn 1784s) ---
2026-05-09 17:21:45,670 -     [P4.2] Pair (6,7) giảm 4 -> BEST = 768
2026-05-09 17:21:45,719 -   --- Pairwise Iter 5 (còn 1772s) ---
2026-05-09 17:21:51,570 -     [P4.2] Pair (4,7) giảm 3 -> BEST = 765
2026-05-09 17:21:51,600 -   --- Pairwise Iter 6 (còn 1766s) ---
2026-05-09 17:22:00,586 -     [P4.2] Pair (6,7) giảm 1 -> BEST = 764
2026-05-09 17:22:00,620 -   --- Pairwise Iter 7 (còn 1757s) ---
2026-05-09 17:22:12,676 -     [P4.2] Pair (0,4) giảm 37 -> BEST = 727
2026-05-09 17:22:12,706 -   --- Pairwise Iter 8 (còn 1745s) ---
2026-05-09 17:22:26,455 -     [P4.2] Pair (4,6) giảm 9 -> BEST = 718
2026-05-09 17:22:26,489 -   --- Pairwise Iter 9 (còn 1731s) ---
2026-05-09 17:22:30,070 -     [P4.2] Pair (4,7) giảm 2 -> BEST = 716
2026-05-09 17:22:30,098 -   --- Pairwise Iter 10 (còn 1728s) ---
2026-05-09 17:22:35,300 -     [P4.2] Pair (5,7) giảm 3 -> BEST = 713
2026-05-09 17:22:35,334 -   --- Pairwise Iter 11 (còn 1722s) ---
2026-05-09 17:22:39,909 -     [P4.2] Pair (3,7) giảm 7 -> BEST = 706
2026-05-09 17:22:39,930 -   --- Pairwise Iter 12 (còn 1718s) ---
2026-05-09 17:22:59,603 -     [P4.2] Pair (1,6) giảm 6 -> BEST = 700
2026-05-09 17:22:59,639 -   --- Pairwise Iter 13 (còn 1698s) ---
2026-05-09 17:23:20,284 -     [P4.2] Pair (1,4) giảm 2 -> BEST = 698
2026-05-09 17:23:20,325 -   --- Pairwise Iter 14 (còn 1677s) ---
2026-05-09 17:23:50,530 -     [P4.2] Pair (4,5) giảm 1 -> BEST = 697
2026-05-09 17:23:50,566 -   --- Pairwise Iter 15 (còn 1647s) ---
2026-05-09 17:24:24,408 -     -> Đã đạt cực trị toàn cục cho mọi cặp dưới ngưỡng. KẾT THÚC CHẶNG 4.
2026-05-09 17:24:24,408 - Hoàn thành trong 186.8s. Final Cost: 697
2026-05-09 17:24:24,408 - ======================================================================
2026-05-09 17:24:24,408 - BÁO CÁO TỔNG KẾT (SUMMARY)
2026-05-09 17:24:24,408 - ======================================================================
2026-05-09 17:24:24,408 -   1. Chi phí Clarke-Wright:     936
2026-05-09 17:24:24,408 -   2. Chi phí sau CPLEX MIP:     697
2026-05-09 17:24:24,408 -   => TỔNG CẢI THIỆN:            239
2026-05-09 17:24:24,408 -   => Số lần CPLEX Single cải thiện  : 6 lần
2026-05-09 17:24:24,408 -   => Số lần CPLEX Pairwise cải thiện: 14 lần
2026-05-09 17:24:24,408 -   => TỔNG THỜI GIAN CHẠY:       186.791s
2026-05-09 17:24:24,409 - ======================================================================
2026-05-09 17:24:24,409 - CPLEX MIP SOLVER  |  FILE: P-n51-k10.vrp
2026-05-09 17:24:24,409 - ======================================================================
2026-05-09 17:24:24,413 - Thông tin dữ liệu: Dimension=51, K=10, Capacity=80
2026-05-09 17:24:24,413 - --- Step 1: Clarke-Wright Heuristic ---
2026-05-09 17:24:24,415 -   Kết quả CW: Cost = 978, Time = 0.002s
2026-05-09 17:24:24,415 - --- Step 2: Advanced Optimization (CPLEX MIP) ---
2026-05-09 17:24:24,415 - =========================================
2026-05-09 17:24:24,415 - BẮT ĐẦU OPTIMIZE  (100% CPLEX MIP)
2026-05-09 17:24:24,415 -  -> Max Single Size  : 25
2026-05-09 17:24:24,415 -  -> Single Timeout   : 60.0s
2026-05-09 17:24:24,415 -  -> Max Pairwise Size: 25
2026-05-09 17:24:24,415 -  -> Pairwise Timeout : 120.0s
2026-05-09 17:24:24,415 -  -> Global Timeout   : 1800.0s
2026-05-09 17:24:24,415 -  -> Chi phí khởi điểm: 978
2026-05-09 17:24:24,415 - =========================================
2026-05-09 17:24:24,416 - === BẮT ĐẦU CHẶNG 4: CPLEX MIP CHÍNH XÁC | Cost: 978 ===
2026-05-09 17:24:24,416 -   [GĐ 4.1] Giải bài toán TSP trên từng tuyến đơn...
2026-05-09 17:24:24,546 -     -> Single CPLEX cải thiện: 43. Cost mới: 935
2026-05-09 17:24:24,546 -   [GĐ 4.2] Xét từng cặp tuyến để phân bổ lại khách hàng...
2026-05-09 17:24:24,546 -   --- Pairwise Iter 1 (còn 1800s) ---
2026-05-09 17:24:24,654 -     [P4.2] Pair (2,8) giảm 31 -> BEST = 904
2026-05-09 17:24:24,678 -   --- Pairwise Iter 2 (còn 1800s) ---
2026-05-09 17:24:24,926 -     [P4.2] Pair (0,3) giảm 11 -> BEST = 893
2026-05-09 17:24:24,949 -   --- Pairwise Iter 3 (còn 1799s) ---
2026-05-09 17:24:26,303 -     [P4.2] Pair (2,3) giảm 5 -> BEST = 888
2026-05-09 17:24:26,331 -   --- Pairwise Iter 4 (còn 1798s) ---
2026-05-09 17:24:27,127 -     [P4.2] Pair (0,3) giảm 21 -> BEST = 867
2026-05-09 17:24:27,149 -   --- Pairwise Iter 5 (còn 1797s) ---
2026-05-09 17:24:27,342 -     [P4.2] Pair (0,2) giảm 6 -> BEST = 861
2026-05-09 17:24:27,371 -   --- Pairwise Iter 6 (còn 1797s) ---
2026-05-09 17:24:29,145 -     [P4.2] Pair (4,5) giảm 24 -> BEST = 837
2026-05-09 17:24:29,183 -   --- Pairwise Iter 7 (còn 1795s) ---
2026-05-09 17:24:30,425 -     [P4.2] Pair (4,8) giảm 20 -> BEST = 817
2026-05-09 17:24:30,454 -   --- Pairwise Iter 8 (còn 1794s) ---
2026-05-09 17:24:34,146 -     [P4.2] Pair (5,6) giảm 2 -> BEST = 815
2026-05-09 17:24:34,169 -   --- Pairwise Iter 9 (còn 1790s) ---
2026-05-09 17:24:40,032 -     [P4.2] Pair (0,5) giảm 1 -> BEST = 814
2026-05-09 17:24:40,055 -   --- Pairwise Iter 10 (còn 1784s) ---
2026-05-09 17:24:42,659 -     [P4.2] Pair (4,9) giảm 9 -> BEST = 805
2026-05-09 17:24:42,679 -   --- Pairwise Iter 11 (còn 1782s) ---
2026-05-09 17:24:43,937 -     [P4.2] Pair (2,9) giảm 1 -> BEST = 804
2026-05-09 17:24:43,956 -   --- Pairwise Iter 12 (còn 1780s) ---
2026-05-09 17:24:47,588 -     [P4.2] Pair (0,1) giảm 4 -> BEST = 800
2026-05-09 17:24:47,618 -   --- Pairwise Iter 13 (còn 1777s) ---
2026-05-09 17:24:48,896 -     [P4.2] Pair (1,5) giảm 5 -> BEST = 795
2026-05-09 17:24:48,932 -   --- Pairwise Iter 14 (còn 1775s) ---
2026-05-09 17:24:50,125 -     [P4.2] Pair (5,7) giảm 2 -> BEST = 793
2026-05-09 17:24:50,146 -   --- Pairwise Iter 15 (còn 1774s) ---
2026-05-09 17:24:53,378 -     [P4.2] Pair (0,1) giảm 11 -> BEST = 782
2026-05-09 17:24:53,412 -   --- Pairwise Iter 16 (còn 1771s) ---
2026-05-09 17:25:05,009 -     -> Đã đạt cực trị toàn cục cho mọi cặp dưới ngưỡng. KẾT THÚC CHẶNG 4.
2026-05-09 17:25:05,009 - Hoàn thành trong 40.6s. Final Cost: 782
2026-05-09 17:25:05,009 - ======================================================================
2026-05-09 17:25:05,009 - BÁO CÁO TỔNG KẾT (SUMMARY)
2026-05-09 17:25:05,010 - ======================================================================
2026-05-09 17:25:05,010 -   1. Chi phí Clarke-Wright:     978
2026-05-09 17:25:05,010 -   2. Chi phí sau CPLEX MIP:     782
2026-05-09 17:25:05,010 -   => TỔNG CẢI THIỆN:            196
2026-05-09 17:25:05,010 -   => Số lần CPLEX Single cải thiện  : 6 lần
2026-05-09 17:25:05,010 -   => Số lần CPLEX Pairwise cải thiện: 15 lần
2026-05-09 17:25:05,010 -   => TỔNG THỜI GIAN CHẠY:       40.596s
2026-05-09 17:25:05,011 - ======================================================================
2026-05-09 17:25:05,011 - CPLEX MIP SOLVER  |  FILE: P-n55-k15.vrp
2026-05-09 17:25:05,011 - ======================================================================
2026-05-09 17:25:05,015 - Thông tin dữ liệu: Dimension=55, K=15, Capacity=70
2026-05-09 17:25:05,015 - --- Step 1: Clarke-Wright Heuristic ---
2026-05-09 17:25:05,023 -     [CW-Phase4] BFD thất bại với 1 khách hàng. Kích hoạt Backtracking (Giảm depth dần)...
2026-05-09 17:25:05,023 -       -> Thử hoán đổi với depth=3 (Limit: 10s)...
2026-05-09 17:25:05,024 -     [CW-Phase4] HOÀN HẢO! Backtracking thành công tại depth=3.
2026-05-09 17:25:05,025 -   Kết quả CW: Cost = 1966, Time = 0.009s
2026-05-09 17:25:05,025 - --- Step 2: Advanced Optimization (CPLEX MIP) ---
2026-05-09 17:25:05,025 - =========================================
2026-05-09 17:25:05,025 - BẮT ĐẦU OPTIMIZE  (100% CPLEX MIP)
2026-05-09 17:25:05,025 -  -> Max Single Size  : 25
2026-05-09 17:25:05,025 -  -> Single Timeout   : 60.0s
2026-05-09 17:25:05,025 -  -> Max Pairwise Size: 25
2026-05-09 17:25:05,025 -  -> Pairwise Timeout : 120.0s
2026-05-09 17:25:05,025 -  -> Global Timeout   : 1800.0s
2026-05-09 17:25:05,025 -  -> Chi phí khởi điểm: 1966
2026-05-09 17:25:05,025 - =========================================
2026-05-09 17:25:05,025 - === BẮT ĐẦU CHẶNG 4: CPLEX MIP CHÍNH XÁC | Cost: 1966 ===
2026-05-09 17:25:05,025 -   [GĐ 4.1] Giải bài toán TSP trên từng tuyến đơn...
2026-05-09 17:25:05,178 -     -> Single CPLEX cải thiện: 407. Cost mới: 1559
2026-05-09 17:25:05,178 -   [GĐ 4.2] Xét từng cặp tuyến để phân bổ lại khách hàng...
2026-05-09 17:25:05,178 -   --- Pairwise Iter 1 (còn 1800s) ---
2026-05-09 17:25:05,539 -     [P4.2] Pair (9,14) giảm 33 -> BEST = 1526
2026-05-09 17:25:05,563 -   --- Pairwise Iter 2 (còn 1799s) ---
2026-05-09 17:25:05,668 -     [P4.2] Pair (5,14) giảm 25 -> BEST = 1501
2026-05-09 17:25:05,693 -   --- Pairwise Iter 3 (còn 1799s) ---
2026-05-09 17:25:06,059 -     [P4.2] Pair (10,12) giảm 50 -> BEST = 1451
2026-05-09 17:25:06,080 -   --- Pairwise Iter 4 (còn 1799s) ---
2026-05-09 17:25:06,132 -     [P4.2] Pair (4,12) giảm 7 -> BEST = 1444
2026-05-09 17:25:06,150 -   --- Pairwise Iter 5 (còn 1799s) ---
2026-05-09 17:25:06,613 -     [P4.2] Pair (10,11) giảm 18 -> BEST = 1426
2026-05-09 17:25:06,635 -   --- Pairwise Iter 6 (còn 1798s) ---
2026-05-09 17:25:07,084 -     [P4.2] Pair (11,12) giảm 15 -> BEST = 1411
2026-05-09 17:25:07,104 -   --- Pairwise Iter 7 (còn 1798s) ---
2026-05-09 17:25:07,341 -     [P4.2] Pair (2,11) giảm 28 -> BEST = 1383
2026-05-09 17:25:07,359 -   --- Pairwise Iter 8 (còn 1798s) ---
2026-05-09 17:25:07,550 -     [P4.2] Pair (2,12) giảm 23 -> BEST = 1360
2026-05-09 17:25:07,570 -   --- Pairwise Iter 9 (còn 1797s) ---
2026-05-09 17:25:08,010 -     [P4.2] Pair (2,4) giảm 4 -> BEST = 1356
2026-05-09 17:25:08,028 -   --- Pairwise Iter 10 (còn 1797s) ---
2026-05-09 17:25:08,764 -     [P4.2] Pair (8,11) giảm 20 -> BEST = 1336
2026-05-09 17:25:08,785 -   --- Pairwise Iter 11 (còn 1796s) ---
2026-05-09 17:25:09,599 -     [P4.2] Pair (9,12) giảm 12 -> BEST = 1324
2026-05-09 17:25:09,618 -   --- Pairwise Iter 12 (còn 1795s) ---
2026-05-09 17:25:10,701 -     [P4.2] Pair (3,8) giảm 2 -> BEST = 1322
2026-05-09 17:25:10,719 -   --- Pairwise Iter 13 (còn 1794s) ---
2026-05-09 17:25:12,138 -     [P4.2] Pair (7,13) giảm 8 -> BEST = 1314
2026-05-09 17:25:12,164 -   --- Pairwise Iter 14 (còn 1793s) ---
2026-05-09 17:25:13,057 -     [P4.2] Pair (7,11) giảm 34 -> BEST = 1280
2026-05-09 17:25:13,078 -   --- Pairwise Iter 15 (còn 1792s) ---
2026-05-09 17:25:13,835 -     [P4.2] Pair (7,13) giảm 20 -> BEST = 1260
2026-05-09 17:25:13,855 -   --- Pairwise Iter 16 (còn 1791s) ---
2026-05-09 17:25:15,174 -     [P4.2] Pair (1,7) giảm 30 -> BEST = 1230
2026-05-09 17:25:15,193 -   --- Pairwise Iter 17 (còn 1790s) ---
2026-05-09 17:25:15,881 -     [P4.2] Pair (7,13) giảm 6 -> BEST = 1224
2026-05-09 17:25:15,901 -   --- Pairwise Iter 18 (còn 1789s) ---
2026-05-09 17:25:17,535 -     [P4.2] Pair (8,14) giảm 7 -> BEST = 1217
2026-05-09 17:25:17,555 -   --- Pairwise Iter 19 (còn 1787s) ---
2026-05-09 17:25:19,159 -     [P4.2] Pair (9,11) giảm 9 -> BEST = 1208
2026-05-09 17:25:19,179 -   --- Pairwise Iter 20 (còn 1786s) ---
2026-05-09 17:25:20,594 -     [P4.2] Pair (9,13) giảm 4 -> BEST = 1204
2026-05-09 17:25:20,615 -   --- Pairwise Iter 21 (còn 1784s) ---
2026-05-09 17:25:21,711 -     [P4.2] Pair (11,13) giảm 2 -> BEST = 1202
2026-05-09 17:25:21,732 -   --- Pairwise Iter 22 (còn 1783s) ---
2026-05-09 17:25:22,027 -     [P4.2] Pair (5,11) giảm 4 -> BEST = 1198
2026-05-09 17:25:22,056 -   --- Pairwise Iter 23 (còn 1783s) ---
2026-05-09 17:25:22,288 -     [P4.2] Pair (11,14) giảm 2 -> BEST = 1196
2026-05-09 17:25:22,308 -   --- Pairwise Iter 24 (còn 1783s) ---
2026-05-09 17:25:22,939 -     [P4.2] Pair (10,14) giảm 1 -> BEST = 1195
2026-05-09 17:25:22,962 -   --- Pairwise Iter 25 (còn 1782s) ---
2026-05-09 17:25:23,160 -     [P4.2] Pair (10,11) giảm 10 -> BEST = 1185
2026-05-09 17:25:23,184 -   --- Pairwise Iter 26 (còn 1782s) ---
2026-05-09 17:25:24,292 -     [P4.2] Pair (1,9) giảm 14 -> BEST = 1171
2026-05-09 17:25:24,312 -   --- Pairwise Iter 27 (còn 1781s) ---
2026-05-09 17:25:26,327 -     [P4.2] Pair (10,12) giảm 2 -> BEST = 1169
2026-05-09 17:25:26,353 -   --- Pairwise Iter 28 (còn 1779s) ---
2026-05-09 17:25:28,900 -     [P4.2] Pair (10,13) giảm 6 -> BEST = 1163
2026-05-09 17:25:28,918 -   --- Pairwise Iter 29 (còn 1776s) ---
2026-05-09 17:25:30,375 -     [P4.2] Pair (9,10) giảm 3 -> BEST = 1160
2026-05-09 17:25:30,398 -   --- Pairwise Iter 30 (còn 1775s) ---
2026-05-09 17:25:31,718 -     [P4.2] Pair (7,10) giảm 4 -> BEST = 1156
2026-05-09 17:25:31,738 -   --- Pairwise Iter 31 (còn 1773s) ---
2026-05-09 17:25:34,275 -     [P4.2] Pair (12,14) giảm 4 -> BEST = 1152
2026-05-09 17:25:34,294 -   --- Pairwise Iter 32 (còn 1771s) ---
2026-05-09 17:25:37,126 -     [P4.2] Pair (5,7) giảm 2 -> BEST = 1150
2026-05-09 17:25:37,148 -   --- Pairwise Iter 33 (còn 1768s) ---
2026-05-09 17:25:38,618 -     [P4.2] Pair (5,9) giảm 4 -> BEST = 1146
2026-05-09 17:25:38,638 -   --- Pairwise Iter 34 (còn 1766s) ---
2026-05-09 17:25:40,980 -     [P4.2] Pair (2,7) giảm 14 -> BEST = 1132
2026-05-09 17:25:40,998 -   --- Pairwise Iter 35 (còn 1764s) ---
2026-05-09 17:25:43,744 -     [P4.2] Pair (5,7) giảm 4 -> BEST = 1128
2026-05-09 17:25:43,764 -   --- Pairwise Iter 36 (còn 1761s) ---
2026-05-09 17:25:44,618 -     [P4.2] Pair (5,9) giảm 9 -> BEST = 1119
2026-05-09 17:25:44,646 -   --- Pairwise Iter 37 (còn 1760s) ---
2026-05-09 17:25:47,801 -     [P4.2] Pair (8,11) giảm 4 -> BEST = 1115
2026-05-09 17:25:47,824 -   --- Pairwise Iter 38 (còn 1757s) ---
2026-05-09 17:25:48,736 -     [P4.2] Pair (3,8) giảm 15 -> BEST = 1100
2026-05-09 17:25:48,755 -   --- Pairwise Iter 39 (còn 1756s) ---
2026-05-09 17:25:51,032 -     [P4.2] Pair (11,13) giảm 14 -> BEST = 1086
2026-05-09 17:25:51,051 -   --- Pairwise Iter 40 (còn 1754s) ---
2026-05-09 17:25:53,564 -     [P4.2] Pair (8,14) giảm 13 -> BEST = 1073
2026-05-09 17:25:53,587 -   --- Pairwise Iter 41 (còn 1751s) ---
2026-05-09 17:25:59,375 -     -> Đã đạt cực trị toàn cục cho mọi cặp dưới ngưỡng. KẾT THÚC CHẶNG 4.
2026-05-09 17:25:59,375 - Hoàn thành trong 54.3s. Final Cost: 1073
2026-05-09 17:25:59,375 - ======================================================================
2026-05-09 17:25:59,375 - BÁO CÁO TỔNG KẾT (SUMMARY)
2026-05-09 17:25:59,375 - ======================================================================
2026-05-09 17:25:59,375 -   1. Chi phí Clarke-Wright:     1966
2026-05-09 17:25:59,375 -   2. Chi phí sau CPLEX MIP:     1073
2026-05-09 17:25:59,375 -   => TỔNG CẢI THIỆN:            893
2026-05-09 17:25:59,375 -   => Số lần CPLEX Single cải thiện  : 13 lần
2026-05-09 17:25:59,375 -   => Số lần CPLEX Pairwise cải thiện: 40 lần
2026-05-09 17:25:59,375 -   => TỔNG THỜI GIAN CHẠY:       54.359s
2026-05-09 17:25:59,376 - ======================================================================
2026-05-09 17:25:59,376 - CPLEX MIP SOLVER  |  FILE: P-n55-k8.vrp
2026-05-09 17:25:59,376 - ======================================================================
2026-05-09 17:25:59,381 - Thông tin dữ liệu: Dimension=55, K=8, Capacity=160
2026-05-09 17:25:59,381 - --- Step 1: Clarke-Wright Heuristic ---
2026-05-09 17:25:59,383 -   Kết quả CW: Cost = 759, Time = 0.002s
2026-05-09 17:25:59,383 - --- Step 2: Advanced Optimization (CPLEX MIP) ---
2026-05-09 17:25:59,383 - =========================================
2026-05-09 17:25:59,383 - BẮT ĐẦU OPTIMIZE  (100% CPLEX MIP)
2026-05-09 17:25:59,383 -  -> Max Single Size  : 25
2026-05-09 17:25:59,383 -  -> Single Timeout   : 60.0s
2026-05-09 17:25:59,383 -  -> Max Pairwise Size: 34
2026-05-09 17:25:59,383 -  -> Pairwise Timeout : 138.0s
2026-05-09 17:25:59,384 -  -> Global Timeout   : 1800.0s
2026-05-09 17:25:59,384 -  -> Chi phí khởi điểm: 759
2026-05-09 17:25:59,384 - =========================================
2026-05-09 17:25:59,384 - === BẮT ĐẦU CHẶNG 4: CPLEX MIP CHÍNH XÁC | Cost: 759 ===
2026-05-09 17:25:59,384 -   [GĐ 4.1] Giải bài toán TSP trên từng tuyến đơn...
2026-05-09 17:25:59,586 -     -> Single CPLEX cải thiện: 57. Cost mới: 702
2026-05-09 17:25:59,586 -   [GĐ 4.2] Xét từng cặp tuyến để phân bổ lại khách hàng...
2026-05-09 17:25:59,586 -   --- Pairwise Iter 1 (còn 1800s) ---
2026-05-09 17:26:08,066 -     [P4.2] Pair (5,6) giảm 11 -> BEST = 691
2026-05-09 17:26:08,114 -   --- Pairwise Iter 2 (còn 1791s) ---
2026-05-09 17:26:25,083 -     [P4.2] Pair (3,7) giảm 35 -> BEST = 656
2026-05-09 17:26:25,118 -   --- Pairwise Iter 3 (còn 1774s) ---
2026-05-09 17:26:44,629 -     [P4.2] Pair (0,1) giảm 18 -> BEST = 638
2026-05-09 17:26:44,689 -   --- Pairwise Iter 4 (còn 1755s) ---
2026-05-09 17:27:06,886 -     [P4.2] Pair (0,3) giảm 1 -> BEST = 637
2026-05-09 17:27:06,956 -   --- Pairwise Iter 5 (còn 1732s) ---
2026-05-09 17:27:42,749 -     [P4.2] Pair (1,2) giảm 8 -> BEST = 629
2026-05-09 17:27:42,778 -   --- Pairwise Iter 6 (còn 1697s) ---
2026-05-09 17:28:43,484 -     [P4.2] Pair (1,4) giảm 6 -> BEST = 623
2026-05-09 17:28:43,534 -   --- Pairwise Iter 7 (còn 1636s) ---
2026-05-09 17:29:04,992 -     [P4.2] Pair (1,2) giảm 3 -> BEST = 620
2026-05-09 17:29:05,031 -   --- Pairwise Iter 8 (còn 1614s) ---
2026-05-09 17:29:34,829 -     [P4.2] Pair (1,4) giảm 9 -> BEST = 611
2026-05-09 17:29:34,866 -   --- Pairwise Iter 9 (còn 1585s) ---
2026-05-09 17:30:48,789 -     -> Đã đạt cực trị toàn cục cho mọi cặp dưới ngưỡng. KẾT THÚC CHẶNG 4.
2026-05-09 17:30:48,789 - Hoàn thành trong 289.4s. Final Cost: 611
2026-05-09 17:30:48,789 - ======================================================================
2026-05-09 17:30:48,789 - BÁO CÁO TỔNG KẾT (SUMMARY)
2026-05-09 17:30:48,789 - ======================================================================
2026-05-09 17:30:48,789 -   1. Chi phí Clarke-Wright:     759
2026-05-09 17:30:48,789 -   2. Chi phí sau CPLEX MIP:     611
2026-05-09 17:30:48,789 -   => TỔNG CẢI THIỆN:            148
2026-05-09 17:30:48,789 -   => Số lần CPLEX Single cải thiện  : 6 lần
2026-05-09 17:30:48,789 -   => Số lần CPLEX Pairwise cải thiện: 8 lần
2026-05-09 17:30:48,789 -   => TỔNG THỜI GIAN CHẠY:       289.408s
2026-05-09 17:30:48,790 - ======================================================================
2026-05-09 17:30:48,790 - CPLEX MIP SOLVER  |  FILE: P-n55-k10.vrp
2026-05-09 17:30:48,790 - ======================================================================
2026-05-09 17:30:48,795 - Thông tin dữ liệu: Dimension=55, K=10, Capacity=115
2026-05-09 17:30:48,795 - --- Step 1: Clarke-Wright Heuristic ---
2026-05-09 17:30:48,797 -   Kết quả CW: Cost = 919, Time = 0.003s
2026-05-09 17:30:48,798 - --- Step 2: Advanced Optimization (CPLEX MIP) ---
2026-05-09 17:30:48,798 - =========================================
2026-05-09 17:30:48,798 - BẮT ĐẦU OPTIMIZE  (100% CPLEX MIP)
2026-05-09 17:30:48,798 -  -> Max Single Size  : 25
2026-05-09 17:30:48,798 -  -> Single Timeout   : 60.0s
2026-05-09 17:30:48,798 -  -> Max Pairwise Size: 27
2026-05-09 17:30:48,798 -  -> Pairwise Timeout : 120.0s
2026-05-09 17:30:48,798 -  -> Global Timeout   : 1800.0s
2026-05-09 17:30:48,798 -  -> Chi phí khởi điểm: 919
2026-05-09 17:30:48,798 - =========================================
2026-05-09 17:30:48,798 - === BẮT ĐẦU CHẶNG 4: CPLEX MIP CHÍNH XÁC | Cost: 919 ===
2026-05-09 17:30:48,798 -   [GĐ 4.1] Giải bài toán TSP trên từng tuyến đơn...
2026-05-09 17:30:48,959 -     -> Single CPLEX cải thiện: 41. Cost mới: 878
2026-05-09 17:30:48,959 -   [GĐ 4.2] Xét từng cặp tuyến để phân bổ lại khách hàng...
2026-05-09 17:30:48,959 -   --- Pairwise Iter 1 (còn 1800s) ---
2026-05-09 17:30:49,518 -     [P4.2] Pair (4,6) giảm 17 -> BEST = 861
2026-05-09 17:30:49,549 -   --- Pairwise Iter 2 (còn 1799s) ---
2026-05-09 17:30:50,959 -     [P4.2] Pair (2,6) giảm 25 -> BEST = 836
2026-05-09 17:30:50,986 -   --- Pairwise Iter 3 (còn 1798s) ---
2026-05-09 17:31:00,091 -     [P4.2] Pair (5,8) giảm 5 -> BEST = 831
2026-05-09 17:31:00,126 -   --- Pairwise Iter 4 (còn 1789s) ---
2026-05-09 17:31:09,592 -     [P4.2] Pair (1,3) giảm 12 -> BEST = 819
2026-05-09 17:31:09,616 -   --- Pairwise Iter 5 (còn 1779s) ---
2026-05-09 17:32:05,418 -     [P4.2] Pair (1,4) giảm 18 -> BEST = 801
2026-05-09 17:32:05,467 -   --- Pairwise Iter 6 (còn 1723s) ---
2026-05-09 17:33:09,320 -     [P4.2] Pair (0,9) giảm 41 -> BEST = 760
2026-05-09 17:33:09,358 -   --- Pairwise Iter 7 (còn 1659s) ---
2026-05-09 17:34:12,992 -     [P4.2] Pair (3,4) giảm 8 -> BEST = 752
2026-05-09 17:34:13,012 -   --- Pairwise Iter 8 (còn 1596s) ---
2026-05-09 17:34:39,703 -     [P4.2] Pair (1,3) giảm 1 -> BEST = 751
2026-05-09 17:34:39,739 -   --- Pairwise Iter 9 (còn 1569s) ---
2026-05-09 17:35:09,493 -     [P4.2] Pair (5,7) giảm 9 -> BEST = 742
2026-05-09 17:35:09,514 -   --- Pairwise Iter 10 (còn 1539s) ---
2026-05-09 17:35:12,644 -     [P4.2] Pair (5,8) giảm 2 -> BEST = 740
2026-05-09 17:35:12,670 -   --- Pairwise Iter 11 (còn 1536s) ---
2026-05-09 17:36:03,284 -     [P4.2] Pair (2,9) giảm 5 -> BEST = 735
2026-05-09 17:36:03,316 -   --- Pairwise Iter 12 (còn 1485s) ---
2026-05-09 17:36:40,795 -     [P4.2] Pair (4,9) giảm 15 -> BEST = 720
2026-05-09 17:36:40,818 -   --- Pairwise Iter 13 (còn 1448s) ---
2026-05-09 17:36:41,115 -     [P4.2] Pair (3,9) giảm 6 -> BEST = 714
2026-05-09 17:36:41,146 -   --- Pairwise Iter 14 (còn 1448s) ---
2026-05-09 17:37:02,088 -     [P4.2] Pair (1,3) giảm 6 -> BEST = 708
2026-05-09 17:37:02,114 -   --- Pairwise Iter 15 (còn 1427s) ---
2026-05-09 17:37:19,904 -     [P4.2] Pair (3,9) giảm 2 -> BEST = 706
2026-05-09 17:37:19,927 -   --- Pairwise Iter 16 (còn 1409s) ---
2026-05-09 17:37:37,917 -     [P4.2] Pair (1,8) giảm 1 -> BEST = 705
2026-05-09 17:37:37,944 -   --- Pairwise Iter 17 (còn 1391s) ---
2026-05-09 17:37:43,968 -     [P4.2] Pair (5,8) giảm 1 -> BEST = 704
2026-05-09 17:37:43,998 -   --- Pairwise Iter 18 (còn 1385s) ---
2026-05-09 17:38:16,176 -     -> Đã đạt cực trị toàn cục cho mọi cặp dưới ngưỡng. KẾT THÚC CHẶNG 4.
2026-05-09 17:38:16,176 - Hoàn thành trong 447.4s. Final Cost: 704
2026-05-09 17:38:16,177 - ======================================================================
2026-05-09 17:38:16,177 - BÁO CÁO TỔNG KẾT (SUMMARY)
2026-05-09 17:38:16,177 - ======================================================================
2026-05-09 17:38:16,177 -   1. Chi phí Clarke-Wright:     919
2026-05-09 17:38:16,177 -   2. Chi phí sau CPLEX MIP:     704
2026-05-09 17:38:16,177 -   => TỔNG CẢI THIỆN:            215
2026-05-09 17:38:16,177 -   => Số lần CPLEX Single cải thiện  : 8 lần
2026-05-09 17:38:16,177 -   => Số lần CPLEX Pairwise cải thiện: 17 lần
2026-05-09 17:38:16,177 -   => TỔNG THỜI GIAN CHẠY:       447.382s
2026-05-09 17:38:16,178 - ======================================================================
2026-05-09 17:38:16,178 - CPLEX MIP SOLVER  |  FILE: P-n55-k7.vrp
2026-05-09 17:38:16,178 - ======================================================================
2026-05-09 17:38:16,183 - Thông tin dữ liệu: Dimension=55, K=7, Capacity=170
2026-05-09 17:38:16,183 - --- Step 1: Clarke-Wright Heuristic ---
2026-05-09 17:38:16,186 -   Kết quả CW: Cost = 720, Time = 0.002s
2026-05-09 17:38:16,186 - --- Step 2: Advanced Optimization (CPLEX MIP) ---
2026-05-09 17:38:16,186 - =========================================
2026-05-09 17:38:16,186 - BẮT ĐẦU OPTIMIZE  (100% CPLEX MIP)
2026-05-09 17:38:16,186 -  -> Max Single Size  : 27
2026-05-09 17:38:16,186 -  -> Single Timeout   : 60.0s
2026-05-09 17:38:16,186 -  -> Max Pairwise Size: 39
2026-05-09 17:38:16,186 -  -> Pairwise Timeout : 158.0s
2026-05-09 17:38:16,186 -  -> Global Timeout   : 1800.0s
2026-05-09 17:38:16,186 -  -> Chi phí khởi điểm: 720
2026-05-09 17:38:16,186 - =========================================
2026-05-09 17:38:16,186 - === BẮT ĐẦU CHẶNG 4: CPLEX MIP CHÍNH XÁC | Cost: 720 ===
2026-05-09 17:38:16,186 -   [GĐ 4.1] Giải bài toán TSP trên từng tuyến đơn...
2026-05-09 17:38:16,416 -     -> Single CPLEX cải thiện: 55. Cost mới: 665
2026-05-09 17:38:16,416 -   [GĐ 4.2] Xét từng cặp tuyến để phân bổ lại khách hàng...
2026-05-09 17:38:16,416 -   --- Pairwise Iter 1 (còn 1800s) ---
2026-05-09 17:38:27,993 -     [P4.2] Pair (5,6) giảm 11 -> BEST = 654
2026-05-09 17:38:28,042 -   --- Pairwise Iter 2 (còn 1788s) ---
2026-05-09 17:40:55,850 -     [P4.2] Pair (0,3) giảm 21 -> BEST = 633
2026-05-09 17:40:55,983 -   --- Pairwise Iter 3 (còn 1640s) ---
2026-05-09 17:43:44,469 -     [P4.2] Pair (0,1) giảm 27 -> BEST = 606
2026-05-09 17:43:44,496 -   --- Pairwise Iter 4 (còn 1472s) ---
2026-05-09 17:44:25,756 -     [P4.2] Pair (0,3) giảm 3 -> BEST = 603
2026-05-09 17:44:25,801 -   --- Pairwise Iter 5 (còn 1430s) ---
2026-05-09 17:45:46,000 -     [P4.2] Pair (1,2) giảm 7 -> BEST = 596
2026-05-09 17:45:46,043 -   --- Pairwise Iter 6 (còn 1350s) ---
2026-05-09 17:47:37,585 -     [P4.2] Pair (1,4) giảm 16 -> BEST = 580
2026-05-09 17:47:37,636 -   --- Pairwise Iter 7 (còn 1239s) ---
2026-05-09 17:50:47,418 -     -> Đã đạt cực trị toàn cục cho mọi cặp dưới ngưỡng. KẾT THÚC CHẶNG 4.
2026-05-09 17:50:47,418 - Hoàn thành trong 751.2s. Final Cost: 580
2026-05-09 17:50:47,418 - ======================================================================
2026-05-09 17:50:47,419 - BÁO CÁO TỔNG KẾT (SUMMARY)
2026-05-09 17:50:47,419 - ======================================================================
2026-05-09 17:50:47,419 -   1. Chi phí Clarke-Wright:     720
2026-05-09 17:50:47,419 -   2. Chi phí sau CPLEX MIP:     580
2026-05-09 17:50:47,419 -   => TỔNG CẢI THIỆN:            140
2026-05-09 17:50:47,419 -   => Số lần CPLEX Single cải thiện  : 7 lần
2026-05-09 17:50:47,419 -   => Số lần CPLEX Pairwise cải thiện: 6 lần
2026-05-09 17:50:47,419 -   => TỔNG THỜI GIAN CHẠY:       751.235s
2026-05-09 17:50:47,420 - ======================================================================
2026-05-09 17:50:47,420 - CPLEX MIP SOLVER  |  FILE: P-n60-k15.vrp
2026-05-09 17:50:47,420 - ======================================================================
2026-05-09 17:50:47,425 - Thông tin dữ liệu: Dimension=60, K=15, Capacity=80
2026-05-09 17:50:47,425 - --- Step 1: Clarke-Wright Heuristic ---
2026-05-09 17:50:47,428 -   Kết quả CW: Cost = 1205, Time = 0.003s
2026-05-09 17:50:47,428 - --- Step 2: Advanced Optimization (CPLEX MIP) ---
2026-05-09 17:50:47,428 - =========================================
2026-05-09 17:50:47,428 - BẮT ĐẦU OPTIMIZE  (100% CPLEX MIP)
2026-05-09 17:50:47,428 -  -> Max Single Size  : 25
2026-05-09 17:50:47,428 -  -> Single Timeout   : 60.0s
2026-05-09 17:50:47,428 -  -> Max Pairwise Size: 25
2026-05-09 17:50:47,428 -  -> Pairwise Timeout : 120.0s
2026-05-09 17:50:47,428 -  -> Global Timeout   : 1800.0s
2026-05-09 17:50:47,428 -  -> Chi phí khởi điểm: 1205
2026-05-09 17:50:47,428 - =========================================
2026-05-09 17:50:47,428 - === BẮT ĐẦU CHẶNG 4: CPLEX MIP CHÍNH XÁC | Cost: 1205 ===
2026-05-09 17:50:47,429 -   [GĐ 4.1] Giải bài toán TSP trên từng tuyến đơn...
2026-05-09 17:50:47,595 -     -> Single CPLEX cải thiện: 24. Cost mới: 1181
2026-05-09 17:50:47,595 -   [GĐ 4.2] Xét từng cặp tuyến để phân bổ lại khách hàng...
2026-05-09 17:50:47,596 -   --- Pairwise Iter 1 (còn 1800s) ---
2026-05-09 17:50:48,063 -     [P4.2] Pair (3,14) giảm 8 -> BEST = 1173
2026-05-09 17:50:48,081 -   --- Pairwise Iter 2 (còn 1799s) ---
2026-05-09 17:50:48,736 -     [P4.2] Pair (10,14) giảm 8 -> BEST = 1165
2026-05-09 17:50:48,758 -   --- Pairwise Iter 3 (còn 1799s) ---
2026-05-09 17:50:49,490 -     [P4.2] Pair (2,6) giảm 1 -> BEST = 1164
2026-05-09 17:50:49,510 -   --- Pairwise Iter 4 (còn 1798s) ---
2026-05-09 17:50:50,274 -     [P4.2] Pair (3,6) giảm 17 -> BEST = 1147
2026-05-09 17:50:50,293 -   --- Pairwise Iter 5 (còn 1797s) ---
2026-05-09 17:50:56,715 -     [P4.2] Pair (4,14) giảm 14 -> BEST = 1133
2026-05-09 17:50:56,747 -   --- Pairwise Iter 6 (còn 1791s) ---
2026-05-09 17:50:57,365 -     [P4.2] Pair (4,10) giảm 1 -> BEST = 1132
2026-05-09 17:50:57,384 -   --- Pairwise Iter 7 (còn 1790s) ---
2026-05-09 17:50:58,310 -     [P4.2] Pair (4,6) giảm 1 -> BEST = 1131
2026-05-09 17:50:58,329 -   --- Pairwise Iter 8 (còn 1789s) ---
2026-05-09 17:50:59,333 -     [P4.2] Pair (4,10) giảm 3 -> BEST = 1128
2026-05-09 17:50:59,353 -   --- Pairwise Iter 9 (còn 1788s) ---
2026-05-09 17:50:59,405 -     [P4.2] Pair (3,4) giảm 6 -> BEST = 1122
2026-05-09 17:50:59,425 -   --- Pairwise Iter 10 (còn 1788s) ---
2026-05-09 17:50:59,906 -     [P4.2] Pair (4,7) giảm 2 -> BEST = 1120
2026-05-09 17:50:59,962 -   --- Pairwise Iter 11 (còn 1787s) ---
2026-05-09 17:51:00,627 -     [P4.2] Pair (6,14) giảm 2 -> BEST = 1118
2026-05-09 17:51:00,649 -   --- Pairwise Iter 12 (còn 1787s) ---
2026-05-09 17:51:01,305 -     [P4.2] Pair (10,14) giảm 6 -> BEST = 1112
2026-05-09 17:51:01,340 -   --- Pairwise Iter 13 (còn 1786s) ---
2026-05-09 17:51:02,874 -     [P4.2] Pair (10,12) giảm 37 -> BEST = 1075
2026-05-09 17:51:02,901 -   --- Pairwise Iter 14 (còn 1785s) ---
2026-05-09 17:51:04,959 -     [P4.2] Pair (0,5) giảm 5 -> BEST = 1070
2026-05-09 17:51:04,983 -   --- Pairwise Iter 15 (còn 1782s) ---
2026-05-09 17:51:07,478 -     [P4.2] Pair (7,12) giảm 16 -> BEST = 1054
2026-05-09 17:51:07,501 -   --- Pairwise Iter 16 (còn 1780s) ---
2026-05-09 17:51:09,532 -     [P4.2] Pair (4,12) giảm 31 -> BEST = 1023
2026-05-09 17:51:09,550 -   --- Pairwise Iter 17 (còn 1778s) ---
2026-05-09 17:51:11,691 -     [P4.2] Pair (3,12) giảm 3 -> BEST = 1020
2026-05-09 17:51:11,708 -   --- Pairwise Iter 18 (còn 1776s) ---
2026-05-09 17:51:12,224 -     [P4.2] Pair (3,14) giảm 2 -> BEST = 1018
2026-05-09 17:51:12,250 -   --- Pairwise Iter 19 (còn 1775s) ---
2026-05-09 17:51:14,453 -     [P4.2] Pair (9,12) giảm 1 -> BEST = 1017
2026-05-09 17:51:14,471 -   --- Pairwise Iter 20 (còn 1773s) ---
2026-05-09 17:51:17,203 -     [P4.2] Pair (0,13) giảm 16 -> BEST = 1001
2026-05-09 17:51:17,236 -   --- Pairwise Iter 21 (còn 1770s) ---
2026-05-09 17:51:21,182 -     [P4.2] Pair (2,14) giảm 8 -> BEST = 993
2026-05-09 17:51:21,201 -   --- Pairwise Iter 22 (còn 1766s) ---
2026-05-09 17:51:21,301 -     [P4.2] Pair (12,14) giảm 16 -> BEST = 977
2026-05-09 17:51:21,324 -   --- Pairwise Iter 23 (còn 1766s) ---
2026-05-09 17:51:30,381 -     -> Đã đạt cực trị toàn cục cho mọi cặp dưới ngưỡng. KẾT THÚC CHẶNG 4.
2026-05-09 17:51:30,381 - Hoàn thành trong 43.0s. Final Cost: 977
2026-05-09 17:51:30,381 - ======================================================================
2026-05-09 17:51:30,381 - BÁO CÁO TỔNG KẾT (SUMMARY)
2026-05-09 17:51:30,381 - ======================================================================
2026-05-09 17:51:30,381 -   1. Chi phí Clarke-Wright:     1205
2026-05-09 17:51:30,381 -   2. Chi phí sau CPLEX MIP:     977
2026-05-09 17:51:30,381 -   => TỔNG CẢI THIỆN:            228
2026-05-09 17:51:30,381 -   => Số lần CPLEX Single cải thiện  : 6 lần
2026-05-09 17:51:30,381 -   => Số lần CPLEX Pairwise cải thiện: 22 lần
2026-05-09 17:51:30,381 -   => TỔNG THỜI GIAN CHẠY:       42.955s
2026-05-09 17:51:30,382 - ======================================================================
2026-05-09 17:51:30,382 - CPLEX MIP SOLVER  |  FILE: P-n60-k10.vrp
2026-05-09 17:51:30,382 - ======================================================================
2026-05-09 17:51:30,388 - Thông tin dữ liệu: Dimension=60, K=10, Capacity=120
2026-05-09 17:51:30,388 - --- Step 1: Clarke-Wright Heuristic ---
2026-05-09 17:51:30,390 -   Kết quả CW: Cost = 981, Time = 0.003s
2026-05-09 17:51:30,390 - --- Step 2: Advanced Optimization (CPLEX MIP) ---
2026-05-09 17:51:30,390 - =========================================
2026-05-09 17:51:30,391 - BẮT ĐẦU OPTIMIZE  (100% CPLEX MIP)
2026-05-09 17:51:30,391 -  -> Max Single Size  : 25
2026-05-09 17:51:30,391 -  -> Single Timeout   : 60.0s
2026-05-09 17:51:30,391 -  -> Max Pairwise Size: 30
2026-05-09 17:51:30,391 -  -> Pairwise Timeout : 120.0s
2026-05-09 17:51:30,391 -  -> Global Timeout   : 1800.0s
2026-05-09 17:51:30,391 -  -> Chi phí khởi điểm: 981
2026-05-09 17:51:30,391 - =========================================
2026-05-09 17:51:30,391 - === BẮT ĐẦU CHẶNG 4: CPLEX MIP CHÍNH XÁC | Cost: 981 ===
2026-05-09 17:51:30,391 -   [GĐ 4.1] Giải bài toán TSP trên từng tuyến đơn...
2026-05-09 17:51:30,560 -     -> Single CPLEX cải thiện: 55. Cost mới: 926
2026-05-09 17:51:30,560 -   [GĐ 4.2] Xét từng cặp tuyến để phân bổ lại khách hàng...
2026-05-09 17:51:30,560 -   --- Pairwise Iter 1 (còn 1800s) ---
2026-05-09 17:51:41,210 -     [P4.2] Pair (4,7) giảm 12 -> BEST = 914
2026-05-09 17:51:41,249 -   --- Pairwise Iter 2 (còn 1789s) ---
2026-05-09 17:51:48,702 -     [P4.2] Pair (3,6) giảm 19 -> BEST = 895
2026-05-09 17:51:48,726 -   --- Pairwise Iter 3 (còn 1782s) ---
2026-05-09 17:52:47,190 -     [P4.2] Pair (7,8) giảm 15 -> BEST = 880
2026-05-09 17:52:47,229 -   --- Pairwise Iter 4 (còn 1723s) ---
2026-05-09 17:52:57,304 -     [P4.2] Pair (4,7) giảm 2 -> BEST = 878
2026-05-09 17:52:57,346 -   --- Pairwise Iter 5 (còn 1713s) ---
2026-05-09 17:53:26,268 -     [P4.2] Pair (7,8) giảm 3 -> BEST = 875
2026-05-09 17:53:26,336 -   --- Pairwise Iter 6 (còn 1684s) ---
2026-05-09 17:53:59,594 -     [P4.2] Pair (3,8) giảm 17 -> BEST = 858
2026-05-09 17:53:59,634 -   --- Pairwise Iter 7 (còn 1651s) ---
2026-05-09 17:54:47,659 -     [P4.2] Pair (0,9) giảm 7 -> BEST = 851
2026-05-09 17:54:47,698 -   --- Pairwise Iter 8 (còn 1603s) ---
2026-05-09 17:55:46,711 -     [P4.2] Pair (4,6) giảm 2 -> BEST = 849
2026-05-09 17:55:46,741 -   --- Pairwise Iter 9 (còn 1544s) ---
2026-05-09 17:55:47,565 -     [P4.2] Pair (3,4) giảm 29 -> BEST = 820
2026-05-09 17:55:47,597 -   --- Pairwise Iter 10 (còn 1543s) ---
2026-05-09 17:56:05,262 -     [P4.2] Pair (4,7) giảm 2 -> BEST = 818
2026-05-09 17:56:05,345 -   --- Pairwise Iter 11 (còn 1525s) ---
2026-05-09 17:56:10,299 -     [P4.2] Pair (3,4) giảm 15 -> BEST = 803
2026-05-09 17:56:10,330 -   --- Pairwise Iter 12 (còn 1520s) ---
2026-05-09 17:56:48,579 -     [P4.2] Pair (1,3) giảm 5 -> BEST = 798
2026-05-09 17:56:48,613 -   --- Pairwise Iter 13 (còn 1482s) ---
2026-05-09 17:57:18,182 -     [P4.2] Pair (3,5) giảm 16 -> BEST = 782
2026-05-09 17:57:18,220 -   --- Pairwise Iter 14 (còn 1452s) ---
2026-05-09 17:57:58,977 -     [P4.2] Pair (5,6) giảm 10 -> BEST = 772
2026-05-09 17:57:59,005 -   --- Pairwise Iter 15 (còn 1411s) ---
2026-05-09 17:59:02,342 -     -> Đã đạt cực trị toàn cục cho mọi cặp dưới ngưỡng. KẾT THÚC CHẶNG 4.
2026-05-09 17:59:02,342 - Hoàn thành trong 452.0s. Final Cost: 772
2026-05-09 17:59:02,342 - ======================================================================
2026-05-09 17:59:02,342 - BÁO CÁO TỔNG KẾT (SUMMARY)
2026-05-09 17:59:02,342 - ======================================================================
2026-05-09 17:59:02,342 -   1. Chi phí Clarke-Wright:     981
2026-05-09 17:59:02,342 -   2. Chi phí sau CPLEX MIP:     772
2026-05-09 17:59:02,343 -   => TỔNG CẢI THIỆN:            209
2026-05-09 17:59:02,343 -   => Số lần CPLEX Single cải thiện  : 7 lần
2026-05-09 17:59:02,343 -   => Số lần CPLEX Pairwise cải thiện: 14 lần
2026-05-09 17:59:02,343 -   => TỔNG THỜI GIAN CHẠY:       451.954s
2026-05-09 17:59:02,344 - ======================================================================
2026-05-09 17:59:02,344 - CPLEX MIP SOLVER  |  FILE: P-n65-k10.vrp
2026-05-09 17:59:02,344 - ======================================================================
2026-05-09 17:59:02,350 - Thông tin dữ liệu: Dimension=65, K=10, Capacity=130
2026-05-09 17:59:02,350 - --- Step 1: Clarke-Wright Heuristic ---
2026-05-09 17:59:02,354 -   Kết quả CW: Cost = 1044, Time = 0.003s
2026-05-09 17:59:02,354 - --- Step 2: Advanced Optimization (CPLEX MIP) ---
2026-05-09 17:59:02,354 - =========================================
2026-05-09 17:59:02,354 - BẮT ĐẦU OPTIMIZE  (100% CPLEX MIP)
2026-05-09 17:59:02,354 -  -> Max Single Size  : 25
2026-05-09 17:59:02,354 -  -> Single Timeout   : 60.0s
2026-05-09 17:59:02,354 -  -> Max Pairwise Size: 32
2026-05-09 17:59:02,354 -  -> Pairwise Timeout : 130.0s
2026-05-09 17:59:02,354 -  -> Global Timeout   : 1800.0s
2026-05-09 17:59:02,354 -  -> Chi phí khởi điểm: 1044
2026-05-09 17:59:02,354 - =========================================
2026-05-09 17:59:02,354 - === BẮT ĐẦU CHẶNG 4: CPLEX MIP CHÍNH XÁC | Cost: 1044 ===
2026-05-09 17:59:02,354 -   [GĐ 4.1] Giải bài toán TSP trên từng tuyến đơn...
2026-05-09 17:59:02,597 -     -> Single CPLEX cải thiện: 84. Cost mới: 960
2026-05-09 17:59:02,597 -   [GĐ 4.2] Xét từng cặp tuyến để phân bổ lại khách hàng...
2026-05-09 17:59:02,597 -   --- Pairwise Iter 1 (còn 1800s) ---
2026-05-09 17:59:06,775 -     [P4.2] Pair (4,6) giảm 7 -> BEST = 953
2026-05-09 17:59:06,805 -   --- Pairwise Iter 2 (còn 1796s) ---
2026-05-09 17:59:24,903 -     [P4.2] Pair (0,9) giảm 4 -> BEST = 949
2026-05-09 17:59:24,951 -   --- Pairwise Iter 3 (còn 1777s) ---
2026-05-09 17:59:30,859 -     [P4.2] Pair (3,4) giảm 36 -> BEST = 913
2026-05-09 17:59:30,895 -   --- Pairwise Iter 4 (còn 1771s) ---
2026-05-09 17:59:47,104 -     [P4.2] Pair (3,8) giảm 27 -> BEST = 886
2026-05-09 17:59:47,147 -   --- Pairwise Iter 5 (còn 1755s) ---
2026-05-09 18:00:18,480 -     [P4.2] Pair (4,8) giảm 23 -> BEST = 863
2026-05-09 18:00:18,521 -   --- Pairwise Iter 6 (còn 1724s) ---
2026-05-09 18:00:19,152 -     [P4.2] Pair (3,8) giảm 13 -> BEST = 850
2026-05-09 18:00:19,180 -   --- Pairwise Iter 7 (còn 1723s) ---
2026-05-09 18:00:35,276 -     [P4.2] Pair (2,6) giảm 6 -> BEST = 844
2026-05-09 18:00:35,308 -   --- Pairwise Iter 8 (còn 1707s) ---
2026-05-09 18:00:51,464 -     [P4.2] Pair (2,3) giảm 2 -> BEST = 842
2026-05-09 18:00:51,499 -   --- Pairwise Iter 9 (còn 1691s) ---
2026-05-09 18:00:55,421 -     [P4.2] Pair (2,8) giảm 6 -> BEST = 836
2026-05-09 18:00:55,463 -   --- Pairwise Iter 10 (còn 1687s) ---
2026-05-09 18:02:26,607 -     [P4.2] Pair (2,4) giảm 1 -> BEST = 835
2026-05-09 18:02:26,644 -   --- Pairwise Iter 11 (còn 1596s) ---
2026-05-09 18:03:57,132 -     [P4.2] Pair (3,5) giảm 10 -> BEST = 825
2026-05-09 18:03:57,160 -   --- Pairwise Iter 12 (còn 1505s) ---
2026-05-09 18:05:50,134 -     [P4.2] Pair (1,7) giảm 9 -> BEST = 816
2026-05-09 18:05:50,177 -   --- Pairwise Iter 13 (còn 1392s) ---
2026-05-09 18:06:02,653 -     [P4.2] Pair (0,1) giảm 3 -> BEST = 813
2026-05-09 18:06:02,685 -   --- Pairwise Iter 14 (còn 1380s) ---
2026-05-09 18:08:19,058 -     [P4.2] Pair (0,6) giảm 2 -> BEST = 811
2026-05-09 18:08:19,097 -   --- Pairwise Iter 15 (còn 1243s) ---
2026-05-09 18:13:36,620 -     [P4.2] Pair (0,3) giảm 2 -> BEST = 809
2026-05-09 18:13:36,653 -   --- Pairwise Iter 16 (còn 926s) ---
2026-05-09 18:19:09,693 -     -> Đã đạt cực trị toàn cục cho mọi cặp dưới ngưỡng. KẾT THÚC CHẶNG 4.
2026-05-09 18:19:09,693 - Hoàn thành trong 1207.3s. Final Cost: 809
2026-05-09 18:19:09,693 - ======================================================================
2026-05-09 18:19:09,693 - BÁO CÁO TỔNG KẾT (SUMMARY)
2026-05-09 18:19:09,693 - ======================================================================
2026-05-09 18:19:09,694 -   1. Chi phí Clarke-Wright:     1044
2026-05-09 18:19:09,694 -   2. Chi phí sau CPLEX MIP:     809
2026-05-09 18:19:09,694 -   => TỔNG CẢI THIỆN:            235
2026-05-09 18:19:09,694 -   => Số lần CPLEX Single cải thiện  : 9 lần
2026-05-09 18:19:09,694 -   => Số lần CPLEX Pairwise cải thiện: 15 lần
2026-05-09 18:19:09,694 -   => TỔNG THỜI GIAN CHẠY:       1207.343s
2026-05-09 18:19:09,695 - ======================================================================
2026-05-09 18:19:09,695 - CPLEX MIP SOLVER  |  FILE: P-n70-k10.vrp
2026-05-09 18:19:09,695 - ======================================================================
2026-05-09 18:19:09,703 - Thông tin dữ liệu: Dimension=70, K=10, Capacity=135
2026-05-09 18:19:09,703 - --- Step 1: Clarke-Wright Heuristic ---
2026-05-09 18:19:09,707 -   Kết quả CW: Cost = 1163, Time = 0.004s
2026-05-09 18:19:09,707 - --- Step 2: Advanced Optimization (CPLEX MIP) ---
2026-05-09 18:19:09,707 - =========================================
2026-05-09 18:19:09,707 - BẮT ĐẦU OPTIMIZE  (100% CPLEX MIP)
2026-05-09 18:19:09,707 -  -> Max Single Size  : 25
2026-05-09 18:19:09,707 -  -> Single Timeout   : 60.0s
2026-05-09 18:19:09,707 -  -> Max Pairwise Size: 35
2026-05-09 18:19:09,707 -  -> Pairwise Timeout : 140.0s
2026-05-09 18:19:09,707 -  -> Global Timeout   : 1800.0s
2026-05-09 18:19:09,707 -  -> Chi phí khởi điểm: 1163
2026-05-09 18:19:09,707 - =========================================
2026-05-09 18:19:09,707 - === BẮT ĐẦU CHẶNG 4: CPLEX MIP CHÍNH XÁC | Cost: 1163 ===
2026-05-09 18:19:09,707 -   [GĐ 4.1] Giải bài toán TSP trên từng tuyến đơn...
2026-05-09 18:19:09,965 -     -> Single CPLEX cải thiện: 51. Cost mới: 1112
2026-05-09 18:19:09,965 -   [GĐ 4.2] Xét từng cặp tuyến để phân bổ lại khách hàng...
2026-05-09 18:19:09,965 -   --- Pairwise Iter 1 (còn 1800s) ---
2026-05-09 18:19:12,045 -     [P4.2] Pair (6,7) giảm 67 -> BEST = 1045
2026-05-09 18:19:12,083 -   --- Pairwise Iter 2 (còn 1798s) ---
2026-05-09 18:19:15,420 -     [P4.2] Pair (2,9) giảm 4 -> BEST = 1041
2026-05-09 18:19:15,461 -   --- Pairwise Iter 3 (còn 1794s) ---
2026-05-09 18:19:23,605 -     [P4.2] Pair (2,5) giảm 9 -> BEST = 1032
2026-05-09 18:19:23,638 -   --- Pairwise Iter 4 (còn 1786s) ---
2026-05-09 18:19:37,186 -     [P4.2] Pair (5,9) giảm 1 -> BEST = 1031
2026-05-09 18:19:37,232 -   --- Pairwise Iter 5 (còn 1772s) ---
2026-05-09 18:20:13,051 -     [P4.2] Pair (4,8) giảm 25 -> BEST = 1006
2026-05-09 18:20:13,147 -   --- Pairwise Iter 6 (còn 1737s) ---
2026-05-09 18:20:38,365 -     [P4.2] Pair (0,3) giảm 36 -> BEST = 970
2026-05-09 18:20:38,404 -   --- Pairwise Iter 7 (còn 1711s) ---
2026-05-09 18:21:25,293 -     [P4.2] Pair (0,6) giảm 12 -> BEST = 958
2026-05-09 18:21:25,345 -   --- Pairwise Iter 8 (còn 1664s) ---
2026-05-09 18:22:38,954 -     [P4.2] Pair (0,3) giảm 2 -> BEST = 956
2026-05-09 18:22:39,003 -   --- Pairwise Iter 9 (còn 1591s) ---
2026-05-09 18:23:30,739 -     [P4.2] Pair (3,6) giảm 3 -> BEST = 953
2026-05-09 18:23:30,775 -   --- Pairwise Iter 10 (còn 1539s) ---
2026-05-09 18:25:06,832 -     [P4.2] Pair (2,4) giảm 16 -> BEST = 937
2026-05-09 18:25:06,867 -   --- Pairwise Iter 11 (còn 1443s) ---
2026-05-09 18:26:28,145 -     [P4.2] Pair (2,5) giảm 3 -> BEST = 934
2026-05-09 18:26:28,189 -   --- Pairwise Iter 12 (còn 1362s) ---
2026-05-09 18:26:45,229 -     [P4.2] Pair (2,9) giảm 5 -> BEST = 929
2026-05-09 18:26:45,285 -   --- Pairwise Iter 13 (còn 1344s) ---
2026-05-09 18:28:07,863 -     [P4.2] Pair (2,6) giảm 11 -> BEST = 918
2026-05-09 18:28:07,904 -   --- Pairwise Iter 14 (còn 1262s) ---
2026-05-09 18:28:30,462 -     [P4.2] Pair (6,7) giảm 10 -> BEST = 908
2026-05-09 18:28:30,493 -   --- Pairwise Iter 15 (còn 1239s) ---
2026-05-09 18:29:29,997 -     [P4.2] Pair (2,3) giảm 5 -> BEST = 903
2026-05-09 18:29:30,049 -   --- Pairwise Iter 16 (còn 1180s) ---
2026-05-09 18:29:35,239 -     [P4.2] Pair (2,7) giảm 2 -> BEST = 901
2026-05-09 18:29:35,278 -   --- Pairwise Iter 17 (còn 1174s) ---
2026-05-09 18:30:18,686 -     [P4.2] Pair (3,7) giảm 1 -> BEST = 900
2026-05-09 18:30:18,749 -   --- Pairwise Iter 18 (còn 1131s) ---
2026-05-09 18:30:53,132 -     [P4.2] Pair (0,7) giảm 9 -> BEST = 891
2026-05-09 18:30:53,170 -   --- Pairwise Iter 19 (còn 1097s) ---
2026-05-09 18:32:55,117 -     [P4.2] Pair (1,8) giảm 9 -> BEST = 882
2026-05-09 18:32:55,172 -   --- Pairwise Iter 20 (còn 975s) ---
2026-05-09 18:34:05,452 -     [P4.2] Pair (1,5) giảm 1 -> BEST = 881
2026-05-09 18:34:05,515 -   --- Pairwise Iter 21 (còn 904s) ---
2026-05-09 18:39:38,953 -     -> Đã đạt cực trị toàn cục cho mọi cặp dưới ngưỡng. KẾT THÚC CHẶNG 4.
2026-05-09 18:39:38,953 - Hoàn thành trong 1229.2s. Final Cost: 881
2026-05-09 18:39:38,953 - ======================================================================
2026-05-09 18:39:38,954 - BÁO CÁO TỔNG KẾT (SUMMARY)
2026-05-09 18:39:38,954 - ======================================================================
2026-05-09 18:39:38,954 -   1. Chi phí Clarke-Wright:     1163
2026-05-09 18:39:38,954 -   2. Chi phí sau CPLEX MIP:     881
2026-05-09 18:39:38,954 -   => TỔNG CẢI THIỆN:            282
2026-05-09 18:39:38,954 -   => Số lần CPLEX Single cải thiện  : 7 lần
2026-05-09 18:39:38,954 -   => Số lần CPLEX Pairwise cải thiện: 20 lần
2026-05-09 18:39:38,954 -   => TỔNG THỜI GIAN CHẠY:       1229.251s
2026-05-09 18:39:38,955 - ======================================================================
2026-05-09 18:39:38,955 - CPLEX MIP SOLVER  |  FILE: P-n76-k5.vrp
2026-05-09 18:39:38,955 - ======================================================================
2026-05-09 18:39:38,964 - Thông tin dữ liệu: Dimension=76, K=5, Capacity=280
2026-05-09 18:39:38,964 - --- Step 1: Clarke-Wright Heuristic ---
2026-05-09 18:39:38,970 -   Kết quả CW: Cost = 992, Time = 0.006s
2026-05-09 18:39:38,970 - --- Step 2: Advanced Optimization (CPLEX MIP) ---
2026-05-09 18:39:38,970 - =========================================
2026-05-09 18:39:38,970 - BẮT ĐẦU OPTIMIZE  (100% CPLEX MIP)
2026-05-09 18:39:38,970 -  -> Max Single Size  : 50
2026-05-09 18:39:38,971 -  -> Single Timeout   : 60.0s
2026-05-09 18:39:38,971 -  -> Max Pairwise Size: 55
2026-05-09 18:39:38,971 -  -> Pairwise Timeout : 304.0s
2026-05-09 18:39:38,971 -  -> Global Timeout   : 1800.0s
2026-05-09 18:39:38,971 -  -> Chi phí khởi điểm: 992
2026-05-09 18:39:38,971 - =========================================
2026-05-09 18:39:38,971 - === BẮT ĐẦU CHẶNG 4: CPLEX MIP CHÍNH XÁC | Cost: 992 ===
2026-05-09 18:39:38,971 -   [GĐ 4.1] Giải bài toán TSP trên từng tuyến đơn...
2026-05-09 18:39:42,400 -     -> Single CPLEX cải thiện: 122. Cost mới: 870
2026-05-09 18:39:42,400 -   [GĐ 4.2] Xét từng cặp tuyến để phân bổ lại khách hàng...
2026-05-09 18:39:42,400 -   --- Pairwise Iter 1 (còn 1797s) ---
2026-05-09 18:44:46,538 -     [P4.2] Pair (3,4) giảm 52 -> BEST = 818
2026-05-09 18:44:48,351 -   --- Pairwise Iter 2 (còn 1491s) ---
2026-05-09 18:49:52,446 -     [P4.2] Pair (2,3) giảm 54 -> BEST = 764
2026-05-09 18:49:52,639 -   --- Pairwise Iter 3 (còn 1186s) ---
2026-05-09 18:57:13,994 -     [P4.2] Pair (2,4) giảm 14 -> BEST = 750
2026-05-09 18:57:15,423 -   --- Pairwise Iter 4 (còn 744s) ---
2026-05-09 19:02:19,527 -     [P4.2] Pair (3,4) giảm 9 -> BEST = 741
2026-05-09 19:02:19,745 -   --- Pairwise Iter 5 (còn 439s) ---
2026-05-09 19:09:37,113 -     -> Đã đạt cực trị toàn cục cho mọi cặp dưới ngưỡng. KẾT THÚC CHẶNG 4.
2026-05-09 19:09:37,113 - Hoàn thành trong 1798.1s. Final Cost: 741
2026-05-09 19:09:37,113 - ======================================================================
2026-05-09 19:09:37,113 - BÁO CÁO TỔNG KẾT (SUMMARY)
2026-05-09 19:09:37,113 - ======================================================================
2026-05-09 19:09:37,113 -   1. Chi phí Clarke-Wright:     992
2026-05-09 19:09:37,113 -   2. Chi phí sau CPLEX MIP:     741
2026-05-09 19:09:37,113 -   => TỔNG CẢI THIỆN:            251
2026-05-09 19:09:37,113 -   => Số lần CPLEX Single cải thiện  : 5 lần
2026-05-09 19:09:37,113 -   => Số lần CPLEX Pairwise cải thiện: 4 lần
2026-05-09 19:09:37,113 -   => TỔNG THỜI GIAN CHẠY:       1798.149s
2026-05-09 19:09:37,114 - ======================================================================
2026-05-09 19:09:37,114 - CPLEX MIP SOLVER  |  FILE: P-n76-k4.vrp
2026-05-09 19:09:37,114 - ======================================================================
2026-05-09 19:09:37,123 - Thông tin dữ liệu: Dimension=76, K=4, Capacity=350
2026-05-09 19:09:37,124 - --- Step 1: Clarke-Wright Heuristic ---
2026-05-09 19:09:37,130 -   Kết quả CW: Cost = 941, Time = 0.006s
2026-05-09 19:09:37,130 - --- Step 2: Advanced Optimization (CPLEX MIP) ---
2026-05-09 19:09:37,130 - =========================================
2026-05-09 19:09:37,130 - BẮT ĐẦU OPTIMIZE  (100% CPLEX MIP)
2026-05-09 19:09:37,130 -  -> Max Single Size  : 50
2026-05-09 19:09:37,130 -  -> Single Timeout   : 60.0s
2026-05-09 19:09:37,130 -  -> Max Pairwise Size: 55
2026-05-09 19:09:37,130 -  -> Pairwise Timeout : 380.0s
2026-05-09 19:09:37,130 -  -> Global Timeout   : 1800.0s
2026-05-09 19:09:37,130 -  -> Chi phí khởi điểm: 941
2026-05-09 19:09:37,130 - =========================================
2026-05-09 19:09:37,130 - === BẮT ĐẦU CHẶNG 4: CPLEX MIP CHÍNH XÁC | Cost: 941 ===
2026-05-09 19:09:37,130 -   [GĐ 4.1] Giải bài toán TSP trên từng tuyến đơn...
2026-05-09 19:09:52,208 -     -> Single CPLEX cải thiện: 192. Cost mới: 749
2026-05-09 19:09:52,208 -   [GĐ 4.2] Xét từng cặp tuyến để phân bổ lại khách hàng...
2026-05-09 19:09:52,208 -   --- Pairwise Iter 1 (còn 1785s) ---
2026-05-09 19:16:12,428 -     [P4.2] Pair (0,3) giảm 12 -> BEST = 737
2026-05-09 19:16:19,551 -       [S-re] Route 0: 244 → 234  (−10) | BEST = 727
2026-05-09 19:16:20,984 -       [S-re] Route 3: 203 → 195  (−8) | BEST = 719
2026-05-09 19:16:20,984 -   --- Pairwise Iter 2 (còn 1396s) ---
2026-05-09 19:22:41,181 -     [P4.2] Pair (0,2) giảm 18 -> BEST = 701
2026-05-09 19:22:41,567 -       [S-re] Route 2: 179 → 176  (−3) | BEST = 698
2026-05-09 19:22:41,567 -   --- Pairwise Iter 3 (còn 1016s) ---
2026-05-09 19:29:01,765 -     [P4.2] Pair (0,2) giảm 16 -> BEST = 682
2026-05-09 19:29:01,985 -   --- Pairwise Iter 4 (còn 635s) ---
2026-05-09 19:39:35,334 -     -> Đã đạt cực trị toàn cục cho mọi cặp dưới ngưỡng. KẾT THÚC CHẶNG 4.
2026-05-09 19:39:35,334 - Hoàn thành trong 1798.2s. Final Cost: 682
2026-05-09 19:39:35,334 - ======================================================================
2026-05-09 19:39:35,334 - BÁO CÁO TỔNG KẾT (SUMMARY)
2026-05-09 19:39:35,334 - ======================================================================
2026-05-09 19:39:35,334 -   1. Chi phí Clarke-Wright:     941
2026-05-09 19:39:35,334 -   2. Chi phí sau CPLEX MIP:     682
2026-05-09 19:39:35,334 -   => TỔNG CẢI THIỆN:            259
2026-05-09 19:39:35,334 -   => Số lần CPLEX Single cải thiện  : 7 lần
2026-05-09 19:39:35,334 -   => Số lần CPLEX Pairwise cải thiện: 3 lần
2026-05-09 19:39:35,334 -   => TỔNG THỜI GIAN CHẠY:       1798.211s
2026-05-09 19:39:35,339 - ======================================================================
2026-05-09 19:39:35,339 - CPLEX MIP SOLVER  |  FILE: P-n101-k4.vrp
2026-05-09 19:39:35,339 - ======================================================================
2026-05-09 19:39:35,367 - Thông tin dữ liệu: Dimension=101, K=4, Capacity=400
2026-05-09 19:39:35,368 - --- Step 1: Clarke-Wright Heuristic ---
2026-05-09 19:39:35,378 -   Kết quả CW: Cost = 971, Time = 0.011s
2026-05-09 19:39:35,378 - --- Step 2: Advanced Optimization (CPLEX MIP) ---
2026-05-09 19:39:35,378 - =========================================
2026-05-09 19:39:35,378 - BẮT ĐẦU OPTIMIZE  (100% CPLEX MIP)
2026-05-09 19:39:35,379 -  -> Max Single Size  : 50
2026-05-09 19:39:35,379 -  -> Single Timeout   : 60.0s
2026-05-09 19:39:35,379 -  -> Max Pairwise Size: 55
2026-05-09 19:39:35,379 -  -> Pairwise Timeout : 400.0s
2026-05-09 19:39:35,379 -  -> Global Timeout   : 1800.0s
2026-05-09 19:39:35,379 -  -> Chi phí khởi điểm: 971
2026-05-09 19:39:35,379 - =========================================
2026-05-09 19:39:35,379 - === BẮT ĐẦU CHẶNG 4: CPLEX MIP CHÍNH XÁC | Cost: 971 ===
2026-05-09 19:39:35,379 -   [GĐ 4.1] Giải bài toán TSP trên từng tuyến đơn...
2026-05-09 19:40:03,736 -     -> Single CPLEX cải thiện: 136. Cost mới: 835
2026-05-09 19:40:03,736 -   [GĐ 4.2] Xét từng cặp tuyến để phân bổ lại khách hàng...
2026-05-09 19:40:03,736 -   --- Pairwise Iter 1 (còn 1772s) ---
2026-05-09 19:46:44,138 -     [P4.2] Pair (0,3) giảm 20 -> BEST = 815
2026-05-09 19:46:44,459 -       [S-re] Route 0: 112 → 107  (−5) | BEST = 810
2026-05-09 19:46:45,431 -       [S-re] Route 3: 267 → 259  (−8) | BEST = 802
2026-05-09 19:46:45,432 -   --- Pairwise Iter 2 (còn 1370s) ---
2026-05-09 20:09:33,709 -     -> Đã đạt cực trị toàn cục cho mọi cặp dưới ngưỡng. KẾT THÚC CHẶNG 4.
2026-05-09 20:09:33,709 - Hoàn thành trong 1798.3s. Final Cost: 802
2026-05-09 20:09:33,709 - ======================================================================
2026-05-09 20:09:33,709 - BÁO CÁO TỔNG KẾT (SUMMARY)
2026-05-09 20:09:33,709 - ======================================================================
2026-05-09 20:09:33,709 -   1. Chi phí Clarke-Wright:     971
2026-05-09 20:09:33,709 -   2. Chi phí sau CPLEX MIP:     802
2026-05-09 20:09:33,709 -   => TỔNG CẢI THIỆN:            169
2026-05-09 20:09:33,709 -   => Số lần CPLEX Single cải thiện  : 6 lần
2026-05-09 20:09:33,709 -   => Số lần CPLEX Pairwise cải thiện: 1 lần
2026-05-09 20:09:33,709 -   => TỔNG THỜI GIAN CHẠY:       1798.341s
