2026-05-11 03:19:48,777 - ======================================================================
2026-05-11 03:19:48,777 - CPLEX MIP SOLVER  |  FILE: P-n16-k8.vrp
2026-05-11 03:19:48,777 - ======================================================================
2026-05-11 03:19:48,777 - Thông tin dữ liệu: Dimension=16, K=8, Capacity=35
2026-05-11 03:19:48,778 - --- Step 1: Clarke-Wright Heuristic ---
2026-05-11 03:19:48,778 -   Kết quả CW: Cost = 482, Time = 0.001s
2026-05-11 03:19:48,778 - --- Step 2: Advanced Optimization (CPLEX MIP) ---
2026-05-11 03:19:48,778 - =========================================
2026-05-11 03:19:48,778 - BẮT ĐẦU OPTIMIZE  (100% CPLEX MIP)
2026-05-11 03:19:48,778 -  -> Max Single Size  : 20
2026-05-11 03:19:48,778 -  -> Single Timeout   : 60.0s
2026-05-11 03:19:48,779 -  -> Max Pairwise Size: 20
2026-05-11 03:19:48,779 -  -> Pairwise Timeout : 30.0s
2026-05-11 03:19:48,779 -  -> Global Timeout   : 1200.0s
2026-05-11 03:19:48,779 -  -> Chi phí khởi điểm: 482
2026-05-11 03:19:48,779 - =========================================
2026-05-11 03:19:48,779 - === BẮT ĐẦU CHẶNG 4: CPLEX MIP CHÍNH XÁC | Cost: 482 ===
2026-05-11 03:19:48,779 -   [GĐ 4.1] Giải bài toán TSP trên từng tuyến đơn...
2026-05-11 03:19:48,928 -   [GĐ 4.2] Xét từng cặp tuyến để phân bổ lại khách hàng...
2026-05-11 03:19:48,928 -   --- Pairwise Iter 1 (còn 1200s) ---
2026-05-11 03:19:48,945 -     [P4.2] Pair (0,2) giảm 1 -> BEST = 481
2026-05-11 03:19:48,961 -   --- Pairwise Iter 2 (còn 1200s) ---
2026-05-11 03:19:49,038 -     [P4.2] Pair (4,7) giảm 6 -> BEST = 475
2026-05-11 03:19:49,060 -   --- Pairwise Iter 3 (còn 1200s) ---
2026-05-11 03:19:49,204 -     [P4.2] Pair (2,3) giảm 10 -> BEST = 465
2026-05-11 03:19:49,217 -   --- Pairwise Iter 4 (còn 1200s) ---
2026-05-11 03:19:49,265 -     [P4.2] Pair (2,6) giảm 15 -> BEST = 450
2026-05-11 03:19:49,272 -   --- Pairwise Iter 5 (còn 1200s) ---
2026-05-11 03:19:49,806 -     -> Đã đạt cực trị toàn cục cho mọi cặp dưới ngưỡng. KẾT THÚC CHẶNG 4.
2026-05-11 03:19:49,806 - Hoàn thành trong 1.0s. Final Cost: 450
2026-05-11 03:19:49,806 - ======================================================================
2026-05-11 03:19:49,806 - BÁO CÁO TỔNG KẾT (SUMMARY)
2026-05-11 03:19:49,807 - ======================================================================
2026-05-11 03:19:49,807 -   1. Chi phí Clarke-Wright:     482
2026-05-11 03:19:49,807 -   2. Chi phí sau CPLEX MIP:     450
2026-05-11 03:19:49,807 -   => TỔNG CẢI THIỆN:            32
2026-05-11 03:19:49,807 -   => Số lần CPLEX Single cải thiện  : 0 lần
2026-05-11 03:19:49,807 -   => Số lần CPLEX Pairwise cải thiện: 4 lần
2026-05-11 03:19:49,807 -   => TỔNG THỜI GIAN CHẠY:       1.028s
2026-05-11 03:19:49,807 - ======================================================================
2026-05-11 03:19:49,808 - CPLEX MIP SOLVER  |  FILE: P-n19-k2.vrp
2026-05-11 03:19:49,808 - ======================================================================
2026-05-11 03:19:49,808 - Thông tin dữ liệu: Dimension=19, K=2, Capacity=160
2026-05-11 03:19:49,808 - --- Step 1: Clarke-Wright Heuristic ---
2026-05-11 03:19:49,809 -   Kết quả CW: Cost = 248, Time = 0.001s
2026-05-11 03:19:49,809 - --- Step 2: Advanced Optimization (CPLEX MIP) ---
2026-05-11 03:19:49,809 - =========================================
2026-05-11 03:19:49,809 - BẮT ĐẦU OPTIMIZE  (100% CPLEX MIP)
2026-05-11 03:19:49,810 -  -> Max Single Size  : 33
2026-05-11 03:19:49,810 -  -> Single Timeout   : 60.0s
2026-05-11 03:19:49,810 -  -> Max Pairwise Size: 45
2026-05-11 03:19:49,810 -  -> Pairwise Timeout : 86.0s
2026-05-11 03:19:49,810 -  -> Global Timeout   : 1200.0s
2026-05-11 03:19:49,810 -  -> Chi phí khởi điểm: 248
2026-05-11 03:19:49,810 - =========================================
2026-05-11 03:19:49,810 - === BẮT ĐẦU CHẶNG 4: CPLEX MIP CHÍNH XÁC | Cost: 248 ===
2026-05-11 03:19:49,810 -   [GĐ 4.1] Giải bài toán TSP trên từng tuyến đơn...
2026-05-11 03:19:49,905 -     -> Single CPLEX cải thiện: 29. Cost mới: 219
2026-05-11 03:19:49,905 -   [GĐ 4.2] Xét từng cặp tuyến để phân bổ lại khách hàng...
2026-05-11 03:19:49,905 -   --- Pairwise Iter 1 (còn 1200s) ---
2026-05-11 03:20:39,750 -     [P4.2] Pair (0,1) giảm 7 -> BEST = 212
2026-05-11 03:20:39,852 -   --- Pairwise Iter 2 (còn 1150s) ---
2026-05-11 03:21:50,893 -     -> Đã đạt cực trị toàn cục cho mọi cặp dưới ngưỡng. KẾT THÚC CHẶNG 4.
2026-05-11 03:21:50,893 - Hoàn thành trong 121.1s. Final Cost: 212
2026-05-11 03:21:50,893 - ======================================================================
2026-05-11 03:21:50,893 - BÁO CÁO TỔNG KẾT (SUMMARY)
2026-05-11 03:21:50,893 - ======================================================================
2026-05-11 03:21:50,893 -   1. Chi phí Clarke-Wright:     248
2026-05-11 03:21:50,893 -   2. Chi phí sau CPLEX MIP:     212
2026-05-11 03:21:50,893 -   => TỔNG CẢI THIỆN:            36
2026-05-11 03:21:50,893 -   => Số lần CPLEX Single cải thiện  : 2 lần
2026-05-11 03:21:50,893 -   => Số lần CPLEX Pairwise cải thiện: 1 lần
2026-05-11 03:21:50,893 -   => TỔNG THỜI GIAN CHẠY:       121.084s
2026-05-11 03:21:50,894 - ======================================================================
2026-05-11 03:21:50,894 - CPLEX MIP SOLVER  |  FILE: P-n20-k2.vrp
2026-05-11 03:21:50,894 - ======================================================================
2026-05-11 03:21:50,894 - Thông tin dữ liệu: Dimension=20, K=2, Capacity=160
2026-05-11 03:21:50,895 - --- Step 1: Clarke-Wright Heuristic ---
2026-05-11 03:21:50,895 -   Kết quả CW: Cost = 266, Time = 0.000s
2026-05-11 03:21:50,895 - --- Step 2: Advanced Optimization (CPLEX MIP) ---
2026-05-11 03:21:50,895 - =========================================
2026-05-11 03:21:50,895 - BẮT ĐẦU OPTIMIZE  (100% CPLEX MIP)
2026-05-11 03:21:50,895 -  -> Max Single Size  : 35
2026-05-11 03:21:50,895 -  -> Single Timeout   : 60.0s
2026-05-11 03:21:50,895 -  -> Max Pairwise Size: 45
2026-05-11 03:21:50,895 -  -> Pairwise Timeout : 90.0s
2026-05-11 03:21:50,895 -  -> Global Timeout   : 1200.0s
2026-05-11 03:21:50,895 -  -> Chi phí khởi điểm: 266
2026-05-11 03:21:50,895 - =========================================
2026-05-11 03:21:50,895 - === BẮT ĐẦU CHẶNG 4: CPLEX MIP CHÍNH XÁC | Cost: 266 ===
2026-05-11 03:21:50,895 -   [GĐ 4.1] Giải bài toán TSP trên từng tuyến đơn...
2026-05-11 03:21:50,966 -     -> Single CPLEX cải thiện: 39. Cost mới: 227
2026-05-11 03:21:50,966 -   [GĐ 4.2] Xét từng cặp tuyến để phân bổ lại khách hàng...
2026-05-11 03:21:50,966 -   --- Pairwise Iter 1 (còn 1200s) ---
2026-05-11 03:22:35,381 -     [P4.2] Pair (0,1) giảm 11 -> BEST = 216
2026-05-11 03:22:35,455 -   --- Pairwise Iter 2 (còn 1155s) ---
2026-05-11 03:23:18,571 -     -> Đã đạt cực trị toàn cục cho mọi cặp dưới ngưỡng. KẾT THÚC CHẶNG 4.
2026-05-11 03:23:18,571 - Hoàn thành trong 87.7s. Final Cost: 216
2026-05-11 03:23:18,571 - ======================================================================
2026-05-11 03:23:18,571 - BÁO CÁO TỔNG KẾT (SUMMARY)
2026-05-11 03:23:18,571 - ======================================================================
2026-05-11 03:23:18,572 -   1. Chi phí Clarke-Wright:     266
2026-05-11 03:23:18,572 -   2. Chi phí sau CPLEX MIP:     216
2026-05-11 03:23:18,572 -   => TỔNG CẢI THIỆN:            50
2026-05-11 03:23:18,572 -   => Số lần CPLEX Single cải thiện  : 2 lần
2026-05-11 03:23:18,572 -   => Số lần CPLEX Pairwise cải thiện: 1 lần
2026-05-11 03:23:18,572 -   => TỔNG THỜI GIAN CHẠY:       87.677s
2026-05-11 03:23:18,573 - ======================================================================
2026-05-11 03:23:18,573 - CPLEX MIP SOLVER  |  FILE: P-n21-k2.vrp
2026-05-11 03:23:18,573 - ======================================================================
2026-05-11 03:23:18,574 - Thông tin dữ liệu: Dimension=21, K=2, Capacity=160
2026-05-11 03:23:18,574 - --- Step 1: Clarke-Wright Heuristic ---
2026-05-11 03:23:18,575 -   Kết quả CW: Cost = 270, Time = 0.000s
2026-05-11 03:23:18,575 - --- Step 2: Advanced Optimization (CPLEX MIP) ---
2026-05-11 03:23:18,575 - =========================================
2026-05-11 03:23:18,575 - BẮT ĐẦU OPTIMIZE  (100% CPLEX MIP)
2026-05-11 03:23:18,575 -  -> Max Single Size  : 36
2026-05-11 03:23:18,575 -  -> Single Timeout   : 60.0s
2026-05-11 03:23:18,575 -  -> Max Pairwise Size: 45
2026-05-11 03:23:18,575 -  -> Pairwise Timeout : 95.0s
2026-05-11 03:23:18,576 -  -> Global Timeout   : 1200.0s
2026-05-11 03:23:18,576 -  -> Chi phí khởi điểm: 270
2026-05-11 03:23:18,576 - =========================================
2026-05-11 03:23:18,576 - === BẮT ĐẦU CHẶNG 4: CPLEX MIP CHÍNH XÁC | Cost: 270 ===
2026-05-11 03:23:18,576 -   [GĐ 4.1] Giải bài toán TSP trên từng tuyến đơn...
2026-05-11 03:23:18,653 -     -> Single CPLEX cải thiện: 39. Cost mới: 231
2026-05-11 03:23:18,653 -   [GĐ 4.2] Xét từng cặp tuyến để phân bổ lại khách hàng...
2026-05-11 03:23:18,653 -   --- Pairwise Iter 1 (còn 1200s) ---
2026-05-11 03:23:46,947 -     [P4.2] Pair (0,1) giảm 20 -> BEST = 211
2026-05-11 03:23:47,113 -   --- Pairwise Iter 2 (còn 1171s) ---
2026-05-11 03:24:17,018 -     -> Đã đạt cực trị toàn cục cho mọi cặp dưới ngưỡng. KẾT THÚC CHẶNG 4.
2026-05-11 03:24:17,018 - Hoàn thành trong 58.4s. Final Cost: 211
2026-05-11 03:24:17,018 - ======================================================================
2026-05-11 03:24:17,018 - BÁO CÁO TỔNG KẾT (SUMMARY)
2026-05-11 03:24:17,018 - ======================================================================
2026-05-11 03:24:17,019 -   1. Chi phí Clarke-Wright:     270
2026-05-11 03:24:17,019 -   2. Chi phí sau CPLEX MIP:     211
2026-05-11 03:24:17,019 -   => TỔNG CẢI THIỆN:            59
2026-05-11 03:24:17,019 -   => Số lần CPLEX Single cải thiện  : 2 lần
2026-05-11 03:24:17,019 -   => Số lần CPLEX Pairwise cải thiện: 1 lần
2026-05-11 03:24:17,019 -   => TỔNG THỜI GIAN CHẠY:       58.444s
2026-05-11 03:24:17,019 - ======================================================================
2026-05-11 03:24:17,019 - CPLEX MIP SOLVER  |  FILE: P-n22-k8.vrp
2026-05-11 03:24:17,019 - ======================================================================
2026-05-11 03:24:17,020 - Thông tin dữ liệu: Dimension=22, K=8, Capacity=3000
2026-05-11 03:24:17,020 - --- Step 1: Clarke-Wright Heuristic ---
2026-05-11 03:24:17,021 -   Kết quả CW: Cost = 773, Time = 0.001s
2026-05-11 03:24:17,021 - --- Step 2: Advanced Optimization (CPLEX MIP) ---
2026-05-11 03:24:17,021 - =========================================
2026-05-11 03:24:17,021 - BẮT ĐẦU OPTIMIZE  (100% CPLEX MIP)
2026-05-11 03:24:17,021 -  -> Max Single Size  : 20
2026-05-11 03:24:17,021 -  -> Single Timeout   : 60.0s
2026-05-11 03:24:17,021 -  -> Max Pairwise Size: 20
2026-05-11 03:24:17,021 -  -> Pairwise Timeout : 30.0s
2026-05-11 03:24:17,021 -  -> Global Timeout   : 1200.0s
2026-05-11 03:24:17,021 -  -> Chi phí khởi điểm: 773
2026-05-11 03:24:17,022 - =========================================
2026-05-11 03:24:17,022 - === BẮT ĐẦU CHẶNG 4: CPLEX MIP CHÍNH XÁC | Cost: 773 ===
2026-05-11 03:24:17,022 -   [GĐ 4.1] Giải bài toán TSP trên từng tuyến đơn...
2026-05-11 03:24:17,097 -     -> Single CPLEX cải thiện: 35. Cost mới: 738
2026-05-11 03:24:17,097 -   [GĐ 4.2] Xét từng cặp tuyến để phân bổ lại khách hàng...
2026-05-11 03:24:17,097 -   --- Pairwise Iter 1 (còn 1200s) ---
2026-05-11 03:24:17,122 -     [P4.2] Pair (5,6) giảm 20 -> BEST = 718
2026-05-11 03:24:17,145 -   --- Pairwise Iter 2 (còn 1200s) ---
2026-05-11 03:24:17,279 -     [P4.2] Pair (1,4) giảm 1 -> BEST = 717
2026-05-11 03:24:17,305 -   --- Pairwise Iter 3 (còn 1200s) ---
2026-05-11 03:24:17,816 -     [P4.2] Pair (0,1) giảm 20 -> BEST = 697
2026-05-11 03:24:17,840 -   --- Pairwise Iter 4 (còn 1199s) ---
2026-05-11 03:24:18,027 -     [P4.2] Pair (1,4) giảm 20 -> BEST = 677
2026-05-11 03:24:18,052 -   --- Pairwise Iter 5 (còn 1199s) ---
2026-05-11 03:24:18,619 -     [P4.2] Pair (5,7) giảm 1 -> BEST = 676
2026-05-11 03:24:18,631 -   --- Pairwise Iter 6 (còn 1198s) ---
2026-05-11 03:24:19,651 -     -> Đã đạt cực trị toàn cục cho mọi cặp dưới ngưỡng. KẾT THÚC CHẶNG 4.
2026-05-11 03:24:19,651 - Hoàn thành trong 2.6s. Final Cost: 676
2026-05-11 03:24:19,651 - ======================================================================
2026-05-11 03:24:19,651 - BÁO CÁO TỔNG KẾT (SUMMARY)
2026-05-11 03:24:19,651 - ======================================================================
2026-05-11 03:24:19,651 -   1. Chi phí Clarke-Wright:     773
2026-05-11 03:24:19,651 -   2. Chi phí sau CPLEX MIP:     676
2026-05-11 03:24:19,651 -   => TỔNG CẢI THIỆN:            97
2026-05-11 03:24:19,652 -   => Số lần CPLEX Single cải thiện  : 2 lần
2026-05-11 03:24:19,652 -   => Số lần CPLEX Pairwise cải thiện: 5 lần
2026-05-11 03:24:19,652 -   => TỔNG THỜI GIAN CHẠY:       2.631s
2026-05-11 03:24:19,652 - ======================================================================
2026-05-11 03:24:19,652 - CPLEX MIP SOLVER  |  FILE: P-n22-k2.vrp
2026-05-11 03:24:19,652 - ======================================================================
2026-05-11 03:24:19,653 - Thông tin dữ liệu: Dimension=22, K=2, Capacity=160
2026-05-11 03:24:19,653 - --- Step 1: Clarke-Wright Heuristic ---
2026-05-11 03:24:19,654 -   Kết quả CW: Cost = 284, Time = 0.000s
2026-05-11 03:24:19,654 - --- Step 2: Advanced Optimization (CPLEX MIP) ---
2026-05-11 03:24:19,654 - =========================================
2026-05-11 03:24:19,654 - BẮT ĐẦU OPTIMIZE  (100% CPLEX MIP)
2026-05-11 03:24:19,654 -  -> Max Single Size  : 38
2026-05-11 03:24:19,654 -  -> Single Timeout   : 60.0s
2026-05-11 03:24:19,654 -  -> Max Pairwise Size: 45
2026-05-11 03:24:19,654 -  -> Pairwise Timeout : 99.0s
2026-05-11 03:24:19,654 -  -> Global Timeout   : 1200.0s
2026-05-11 03:24:19,654 -  -> Chi phí khởi điểm: 284
2026-05-11 03:24:19,654 - =========================================
2026-05-11 03:24:19,654 - === BẮT ĐẦU CHẶNG 4: CPLEX MIP CHÍNH XÁC | Cost: 284 ===
2026-05-11 03:24:19,654 -   [GĐ 4.1] Giải bài toán TSP trên từng tuyến đơn...
2026-05-11 03:24:19,792 -     -> Single CPLEX cải thiện: 37. Cost mới: 247
2026-05-11 03:24:19,792 -   [GĐ 4.2] Xét từng cặp tuyến để phân bổ lại khách hàng...
2026-05-11 03:24:19,792 -   --- Pairwise Iter 1 (còn 1200s) ---
2026-05-11 03:24:55,132 -     [P4.2] Pair (0,1) giảm 31 -> BEST = 216
2026-05-11 03:24:55,290 -   --- Pairwise Iter 2 (còn 1164s) ---
2026-05-11 03:25:29,016 -     -> Đã đạt cực trị toàn cục cho mọi cặp dưới ngưỡng. KẾT THÚC CHẶNG 4.
2026-05-11 03:25:29,016 - Hoàn thành trong 69.4s. Final Cost: 216
2026-05-11 03:25:29,017 - ======================================================================
2026-05-11 03:25:29,017 - BÁO CÁO TỔNG KẾT (SUMMARY)
2026-05-11 03:25:29,017 - ======================================================================
2026-05-11 03:25:29,017 -   1. Chi phí Clarke-Wright:     284
2026-05-11 03:25:29,017 -   2. Chi phí sau CPLEX MIP:     216
2026-05-11 03:25:29,017 -   => TỔNG CẢI THIỆN:            68
2026-05-11 03:25:29,017 -   => Số lần CPLEX Single cải thiện  : 2 lần
2026-05-11 03:25:29,017 -   => Số lần CPLEX Pairwise cải thiện: 1 lần
2026-05-11 03:25:29,017 -   => TỔNG THỜI GIAN CHẠY:       69.363s
2026-05-11 03:25:29,017 - ======================================================================
2026-05-11 03:25:29,017 - CPLEX MIP SOLVER  |  FILE: P-n23-k8.vrp
2026-05-11 03:25:29,017 - ======================================================================
2026-05-11 03:25:29,018 - Thông tin dữ liệu: Dimension=23, K=8, Capacity=40
2026-05-11 03:25:29,018 - --- Step 1: Clarke-Wright Heuristic ---
2026-05-11 03:25:29,019 -   Kết quả CW: Cost = 555, Time = 0.001s
2026-05-11 03:25:29,019 - --- Step 2: Advanced Optimization (CPLEX MIP) ---
2026-05-11 03:25:29,019 - =========================================
2026-05-11 03:25:29,019 - BẮT ĐẦU OPTIMIZE  (100% CPLEX MIP)
2026-05-11 03:25:29,019 -  -> Max Single Size  : 20
2026-05-11 03:25:29,019 -  -> Single Timeout   : 60.0s
2026-05-11 03:25:29,019 -  -> Max Pairwise Size: 20
2026-05-11 03:25:29,019 -  -> Pairwise Timeout : 30.0s
2026-05-11 03:25:29,019 -  -> Global Timeout   : 1200.0s
2026-05-11 03:25:29,019 -  -> Chi phí khởi điểm: 555
2026-05-11 03:25:29,019 - =========================================
2026-05-11 03:25:29,019 - === BẮT ĐẦU CHẶNG 4: CPLEX MIP CHÍNH XÁC | Cost: 555 ===
2026-05-11 03:25:29,020 -   [GĐ 4.1] Giải bài toán TSP trên từng tuyến đơn...
2026-05-11 03:25:29,108 -     -> Single CPLEX cải thiện: 3. Cost mới: 552
2026-05-11 03:25:29,108 -   [GĐ 4.2] Xét từng cặp tuyến để phân bổ lại khách hàng...
2026-05-11 03:25:29,108 -   --- Pairwise Iter 1 (còn 1200s) ---
2026-05-11 03:25:29,490 -     [P4.2] Pair (0,1) giảm 23 -> BEST = 529
2026-05-11 03:25:29,509 -   --- Pairwise Iter 2 (còn 1200s) ---
2026-05-11 03:25:30,512 -     -> Đã đạt cực trị toàn cục cho mọi cặp dưới ngưỡng. KẾT THÚC CHẶNG 4.
2026-05-11 03:25:30,512 - Hoàn thành trong 1.5s. Final Cost: 529
2026-05-11 03:25:30,512 - ======================================================================
2026-05-11 03:25:30,512 - BÁO CÁO TỔNG KẾT (SUMMARY)
2026-05-11 03:25:30,512 - ======================================================================
2026-05-11 03:25:30,512 -   1. Chi phí Clarke-Wright:     555
2026-05-11 03:25:30,512 -   2. Chi phí sau CPLEX MIP:     529
2026-05-11 03:25:30,512 -   => TỔNG CẢI THIỆN:            26
2026-05-11 03:25:30,512 -   => Số lần CPLEX Single cải thiện  : 1 lần
2026-05-11 03:25:30,512 -   => Số lần CPLEX Pairwise cải thiện: 1 lần
2026-05-11 03:25:30,512 -   => TỔNG THỜI GIAN CHẠY:       1.493s
2026-05-11 03:25:30,513 - ======================================================================
2026-05-11 03:25:30,513 - CPLEX MIP SOLVER  |  FILE: P-n40-k5.vrp
2026-05-11 03:25:30,513 - ======================================================================
2026-05-11 03:25:30,516 - Thông tin dữ liệu: Dimension=40, K=5, Capacity=140
2026-05-11 03:25:30,516 - --- Step 1: Clarke-Wright Heuristic ---
2026-05-11 03:25:30,517 -   Kết quả CW: Cost = 596, Time = 0.001s
2026-05-11 03:25:30,517 - --- Step 2: Advanced Optimization (CPLEX MIP) ---
2026-05-11 03:25:30,517 - =========================================
2026-05-11 03:25:30,517 - BẮT ĐẦU OPTIMIZE  (100% CPLEX MIP)
2026-05-11 03:25:30,517 -  -> Max Single Size  : 28
2026-05-11 03:25:30,517 -  -> Single Timeout   : 60.0s
2026-05-11 03:25:30,517 -  -> Max Pairwise Size: 40
2026-05-11 03:25:30,517 -  -> Pairwise Timeout : 72.0s
2026-05-11 03:25:30,517 -  -> Global Timeout   : 1200.0s
2026-05-11 03:25:30,517 -  -> Chi phí khởi điểm: 596
2026-05-11 03:25:30,517 - =========================================
2026-05-11 03:25:30,517 - === BẮT ĐẦU CHẶNG 4: CPLEX MIP CHÍNH XÁC | Cost: 596 ===
2026-05-11 03:25:30,517 -   [GĐ 4.1] Giải bài toán TSP trên từng tuyến đơn...
2026-05-11 03:25:30,642 -     -> Single CPLEX cải thiện: 64. Cost mới: 532
2026-05-11 03:25:30,642 -   [GĐ 4.2] Xét từng cặp tuyến để phân bổ lại khách hàng...
2026-05-11 03:25:30,642 -   --- Pairwise Iter 1 (còn 1200s) ---
2026-05-11 03:26:10,608 -     [P4.2] Pair (0,3) giảm 2 -> BEST = 530
2026-05-11 03:26:10,670 -   --- Pairwise Iter 2 (còn 1160s) ---
2026-05-11 03:26:59,166 -     [P4.2] Pair (0,1) giảm 29 -> BEST = 501
2026-05-11 03:26:59,249 -   --- Pairwise Iter 3 (còn 1111s) ---
2026-05-11 03:27:36,271 -     [P4.2] Pair (0,3) giảm 5 -> BEST = 496
2026-05-11 03:27:36,317 -   --- Pairwise Iter 4 (còn 1074s) ---
2026-05-11 03:28:21,795 -     [P4.2] Pair (0,4) giảm 8 -> BEST = 488
2026-05-11 03:28:21,846 -   --- Pairwise Iter 5 (còn 1029s) ---
2026-05-11 03:29:14,031 -     [P4.2] Pair (0,3) giảm 7 -> BEST = 481
2026-05-11 03:29:14,087 -   --- Pairwise Iter 6 (còn 976s) ---
2026-05-11 03:30:20,880 -     [P4.2] Pair (2,4) giảm 3 -> BEST = 478
2026-05-11 03:30:20,932 -   --- Pairwise Iter 7 (còn 910s) ---
2026-05-11 03:31:18,708 -     [P4.2] Pair (0,4) giảm 6 -> BEST = 472
2026-05-11 03:31:18,749 -   --- Pairwise Iter 8 (còn 852s) ---
2026-05-11 03:31:18,862 -     [P4.2] Pair (2,4) giảm 4 -> BEST = 468
2026-05-11 03:31:18,901 -   --- Pairwise Iter 9 (còn 852s) ---
2026-05-11 03:31:47,034 -     [P4.2] Pair (1,4) giảm 3 -> BEST = 465
2026-05-11 03:31:47,076 -   --- Pairwise Iter 10 (còn 823s) ---
2026-05-11 03:32:31,789 -     -> Đã đạt cực trị toàn cục cho mọi cặp dưới ngưỡng. KẾT THÚC CHẶNG 4.
2026-05-11 03:32:31,789 - Hoàn thành trong 421.3s. Final Cost: 465
2026-05-11 03:32:31,789 - ======================================================================
2026-05-11 03:32:31,789 - BÁO CÁO TỔNG KẾT (SUMMARY)
2026-05-11 03:32:31,789 - ======================================================================
2026-05-11 03:32:31,789 -   1. Chi phí Clarke-Wright:     596
2026-05-11 03:32:31,789 -   2. Chi phí sau CPLEX MIP:     465
2026-05-11 03:32:31,789 -   => TỔNG CẢI THIỆN:            131
2026-05-11 03:32:31,789 -   => Số lần CPLEX Single cải thiện  : 5 lần
2026-05-11 03:32:31,789 -   => Số lần CPLEX Pairwise cải thiện: 9 lần
2026-05-11 03:32:31,789 -   => TỔNG THỜI GIAN CHẠY:       421.273s
2026-05-11 03:32:31,790 - ======================================================================
2026-05-11 03:32:31,790 - CPLEX MIP SOLVER  |  FILE: P-n45-k5.vrp
2026-05-11 03:32:31,790 - ======================================================================
2026-05-11 03:32:31,794 - Thông tin dữ liệu: Dimension=45, K=5, Capacity=150
2026-05-11 03:32:31,794 - --- Step 1: Clarke-Wright Heuristic ---
2026-05-11 03:32:31,796 -   Kết quả CW: Cost = 752, Time = 0.002s
2026-05-11 03:32:31,796 - --- Step 2: Advanced Optimization (CPLEX MIP) ---
2026-05-11 03:32:31,796 - =========================================
2026-05-11 03:32:31,796 - BẮT ĐẦU OPTIMIZE  (100% CPLEX MIP)
2026-05-11 03:32:31,796 -  -> Max Single Size  : 31
2026-05-11 03:32:31,796 -  -> Single Timeout   : 60.0s
2026-05-11 03:32:31,796 -  -> Max Pairwise Size: 45
2026-05-11 03:32:31,796 -  -> Pairwise Timeout : 81.0s
2026-05-11 03:32:31,797 -  -> Global Timeout   : 1200.0s
2026-05-11 03:32:31,797 -  -> Chi phí khởi điểm: 752
2026-05-11 03:32:31,797 - =========================================
2026-05-11 03:32:31,797 - === BẮT ĐẦU CHẶNG 4: CPLEX MIP CHÍNH XÁC | Cost: 752 ===
2026-05-11 03:32:31,797 -   [GĐ 4.1] Giải bài toán TSP trên từng tuyến đơn...
2026-05-11 03:32:32,068 -     -> Single CPLEX cải thiện: 66. Cost mới: 686
2026-05-11 03:32:32,069 -   [GĐ 4.2] Xét từng cặp tuyến để phân bổ lại khách hàng...
2026-05-11 03:32:32,069 -   --- Pairwise Iter 1 (còn 1200s) ---
2026-05-11 03:33:53,147 -     [P4.2] Pair (0,1) giảm 58 -> BEST = 628
2026-05-11 03:33:53,258 -   --- Pairwise Iter 2 (còn 1119s) ---
2026-05-11 03:34:43,412 -     [P4.2] Pair (2,4) giảm 49 -> BEST = 579
2026-05-11 03:34:43,464 -   --- Pairwise Iter 3 (còn 1068s) ---
2026-05-11 03:37:37,903 -     [P4.2] Pair (0,3) giảm 23 -> BEST = 556
2026-05-11 03:37:38,042 -   --- Pairwise Iter 4 (còn 894s) ---
2026-05-11 03:38:28,796 -     [P4.2] Pair (1,3) giảm 9 -> BEST = 547
2026-05-11 03:38:28,918 -   --- Pairwise Iter 5 (còn 843s) ---
2026-05-11 03:41:40,881 -     [P4.2] Pair (2,3) giảm 18 -> BEST = 529
2026-05-11 03:41:40,929 -   --- Pairwise Iter 6 (còn 651s) ---
2026-05-11 03:43:02,004 -     [P4.2] Pair (1,3) giảm 1 -> BEST = 528
2026-05-11 03:43:02,089 -   --- Pairwise Iter 7 (còn 570s) ---
2026-05-11 03:43:37,297 -     [P4.2] Pair (2,3) giảm 2 -> BEST = 526
2026-05-11 03:43:37,475 -   --- Pairwise Iter 8 (còn 534s) ---
2026-05-11 03:46:13,340 -     [P4.2] Pair (1,2) giảm 2 -> BEST = 524
2026-05-11 03:46:13,437 -   --- Pairwise Iter 9 (còn 378s) ---
2026-05-11 03:48:58,247 -     [P4.2] Pair (0,4) giảm 2 -> BEST = 522
2026-05-11 03:48:58,325 -   --- Pairwise Iter 10 (còn 213s) ---
2026-05-11 03:52:11,714 -     -> Đã đạt cực trị toàn cục cho mọi cặp dưới ngưỡng. KẾT THÚC CHẶNG 4.
2026-05-11 03:52:11,714 - Hoàn thành trong 1179.9s. Final Cost: 522
2026-05-11 03:52:11,714 - ======================================================================
2026-05-11 03:52:11,715 - BÁO CÁO TỔNG KẾT (SUMMARY)
2026-05-11 03:52:11,715 - ======================================================================
2026-05-11 03:52:11,715 -   1. Chi phí Clarke-Wright:     752
2026-05-11 03:52:11,715 -   2. Chi phí sau CPLEX MIP:     522
2026-05-11 03:52:11,715 -   => TỔNG CẢI THIỆN:            230
2026-05-11 03:52:11,715 -   => Số lần CPLEX Single cải thiện  : 5 lần
2026-05-11 03:52:11,715 -   => Số lần CPLEX Pairwise cải thiện: 9 lần
2026-05-11 03:52:11,715 -   => TỔNG THỜI GIAN CHẠY:       1179.920s
2026-05-11 03:52:11,716 - ======================================================================
2026-05-11 03:52:11,716 - CPLEX MIP SOLVER  |  FILE: P-n50-k10.vrp
2026-05-11 03:52:11,716 - ======================================================================
2026-05-11 03:52:11,720 - Thông tin dữ liệu: Dimension=50, K=10, Capacity=100
2026-05-11 03:52:11,720 - --- Step 1: Clarke-Wright Heuristic ---
2026-05-11 03:52:11,723 -   Kết quả CW: Cost = 928, Time = 0.002s
2026-05-11 03:52:11,723 - --- Step 2: Advanced Optimization (CPLEX MIP) ---
2026-05-11 03:52:11,723 - =========================================
2026-05-11 03:52:11,723 - BẮT ĐẦU OPTIMIZE  (100% CPLEX MIP)
2026-05-11 03:52:11,723 -  -> Max Single Size  : 20
2026-05-11 03:52:11,723 -  -> Single Timeout   : 60.0s
2026-05-11 03:52:11,723 -  -> Max Pairwise Size: 25
2026-05-11 03:52:11,723 -  -> Pairwise Timeout : 45.0s
2026-05-11 03:52:11,723 -  -> Global Timeout   : 1200.0s
2026-05-11 03:52:11,723 -  -> Chi phí khởi điểm: 928
2026-05-11 03:52:11,723 - =========================================
2026-05-11 03:52:11,723 - === BẮT ĐẦU CHẶNG 4: CPLEX MIP CHÍNH XÁC | Cost: 928 ===
2026-05-11 03:52:11,723 -   [GĐ 4.1] Giải bài toán TSP trên từng tuyến đơn...
2026-05-11 03:52:11,905 -     -> Single CPLEX cải thiện: 24. Cost mới: 904
2026-05-11 03:52:11,905 -   [GĐ 4.2] Xét từng cặp tuyến để phân bổ lại khách hàng...
2026-05-11 03:52:11,905 -   --- Pairwise Iter 1 (còn 1200s) ---
2026-05-11 03:52:12,130 -     [P4.2] Pair (0,6) giảm 16 -> BEST = 888
2026-05-11 03:52:12,166 -   --- Pairwise Iter 2 (còn 1200s) ---
2026-05-11 03:52:13,044 -     [P4.2] Pair (4,8) giảm 28 -> BEST = 860
2026-05-11 03:52:13,088 -   --- Pairwise Iter 3 (còn 1199s) ---
2026-05-11 03:52:14,211 -     [P4.2] Pair (0,3) giảm 1 -> BEST = 859
2026-05-11 03:52:14,249 -   --- Pairwise Iter 4 (còn 1197s) ---
2026-05-11 03:52:16,373 -     [P4.2] Pair (0,4) giảm 13 -> BEST = 846
2026-05-11 03:52:16,402 -   --- Pairwise Iter 5 (còn 1195s) ---
2026-05-11 03:52:18,750 -     [P4.2] Pair (3,4) giảm 10 -> BEST = 836
2026-05-11 03:52:18,784 -   --- Pairwise Iter 6 (còn 1193s) ---
2026-05-11 03:52:21,433 -     [P4.2] Pair (0,4) giảm 1 -> BEST = 835
2026-05-11 03:52:21,482 -   --- Pairwise Iter 7 (còn 1190s) ---
2026-05-11 03:52:23,869 -     [P4.2] Pair (3,4) giảm 17 -> BEST = 818
2026-05-11 03:52:23,912 -   --- Pairwise Iter 8 (còn 1188s) ---
2026-05-11 03:52:26,717 -     [P4.2] Pair (1,6) giảm 20 -> BEST = 798
2026-05-11 03:52:26,749 -   --- Pairwise Iter 9 (còn 1185s) ---
2026-05-11 03:52:34,904 -     [P4.2] Pair (1,9) giảm 16 -> BEST = 782
2026-05-11 03:52:34,950 -   --- Pairwise Iter 10 (còn 1177s) ---
2026-05-11 03:52:37,908 -     [P4.2] Pair (2,3) giảm 4 -> BEST = 778
2026-05-11 03:52:37,949 -   --- Pairwise Iter 11 (còn 1174s) ---
2026-05-11 03:52:45,167 -     [P4.2] Pair (3,9) giảm 21 -> BEST = 757
2026-05-11 03:52:45,213 -   --- Pairwise Iter 12 (còn 1167s) ---
2026-05-11 03:52:53,841 -     [P4.2] Pair (2,6) giảm 5 -> BEST = 752
2026-05-11 03:52:53,880 -   --- Pairwise Iter 13 (còn 1158s) ---
2026-05-11 03:52:55,880 -     [P4.2] Pair (5,6) giảm 25 -> BEST = 727
2026-05-11 03:52:55,910 -   --- Pairwise Iter 14 (còn 1156s) ---
2026-05-11 03:53:19,518 -     -> Đã đạt cực trị toàn cục cho mọi cặp dưới ngưỡng. KẾT THÚC CHẶNG 4.
2026-05-11 03:53:19,518 - Hoàn thành trong 67.8s. Final Cost: 727
2026-05-11 03:53:19,519 - ======================================================================
2026-05-11 03:53:19,519 - BÁO CÁO TỔNG KẾT (SUMMARY)
2026-05-11 03:53:19,519 - ======================================================================
2026-05-11 03:53:19,519 -   1. Chi phí Clarke-Wright:     928
2026-05-11 03:53:19,519 -   2. Chi phí sau CPLEX MIP:     727
2026-05-11 03:53:19,519 -   => TỔNG CẢI THIỆN:            201
2026-05-11 03:53:19,519 -   => Số lần CPLEX Single cải thiện  : 5 lần
2026-05-11 03:53:19,519 -   => Số lần CPLEX Pairwise cải thiện: 13 lần
2026-05-11 03:53:19,519 -   => TỔNG THỜI GIAN CHẠY:       67.798s
2026-05-11 03:53:19,520 - ======================================================================
2026-05-11 03:53:19,520 - CPLEX MIP SOLVER  |  FILE: P-n50-k7.vrp
2026-05-11 03:53:19,520 - ======================================================================
2026-05-11 03:53:19,527 - Thông tin dữ liệu: Dimension=50, K=7, Capacity=150
2026-05-11 03:53:19,528 - --- Step 1: Clarke-Wright Heuristic ---
2026-05-11 03:53:19,530 -   Kết quả CW: Cost = 799, Time = 0.002s
2026-05-11 03:53:19,530 - --- Step 2: Advanced Optimization (CPLEX MIP) ---
2026-05-11 03:53:19,530 - =========================================
2026-05-11 03:53:19,530 - BẮT ĐẦU OPTIMIZE  (100% CPLEX MIP)
2026-05-11 03:53:19,530 -  -> Max Single Size  : 25
2026-05-11 03:53:19,530 -  -> Single Timeout   : 60.0s
2026-05-11 03:53:19,530 -  -> Max Pairwise Size: 35
2026-05-11 03:53:19,530 -  -> Pairwise Timeout : 65.0s
2026-05-11 03:53:19,530 -  -> Global Timeout   : 1200.0s
2026-05-11 03:53:19,530 -  -> Chi phí khởi điểm: 799
2026-05-11 03:53:19,530 - =========================================
2026-05-11 03:53:19,530 - === BẮT ĐẦU CHẶNG 4: CPLEX MIP CHÍNH XÁC | Cost: 799 ===
2026-05-11 03:53:19,530 -   [GĐ 4.1] Giải bài toán TSP trên từng tuyến đơn...
2026-05-11 03:53:19,708 -     -> Single CPLEX cải thiện: 65. Cost mới: 734
2026-05-11 03:53:19,708 -   [GĐ 4.2] Xét từng cặp tuyến để phân bổ lại khách hàng...
2026-05-11 03:53:19,708 -   --- Pairwise Iter 1 (còn 1200s) ---
2026-05-11 03:53:20,223 -     [P4.2] Pair (2,5) giảm 5 -> BEST = 729
2026-05-11 03:53:20,276 -   --- Pairwise Iter 2 (còn 1199s) ---
2026-05-11 03:53:22,180 -     [P4.2] Pair (2,6) giảm 55 -> BEST = 674
2026-05-11 03:53:22,231 -   --- Pairwise Iter 3 (còn 1197s) ---
2026-05-11 03:54:27,286 -     [P4.2] Pair (2,3) giảm 21 -> BEST = 653
2026-05-11 03:54:27,405 -   --- Pairwise Iter 4 (còn 1132s) ---
2026-05-11 03:55:35,640 -     [P4.2] Pair (2,4) giảm 10 -> BEST = 643
2026-05-11 03:55:35,692 -   --- Pairwise Iter 5 (còn 1064s) ---
2026-05-11 03:57:27,004 -     [P4.2] Pair (0,3) giảm 35 -> BEST = 608
2026-05-11 03:57:27,077 -   --- Pairwise Iter 6 (còn 952s) ---
2026-05-11 03:58:44,444 -     [P4.2] Pair (0,5) giảm 3 -> BEST = 605
2026-05-11 03:58:44,520 -   --- Pairwise Iter 7 (còn 875s) ---
2026-05-11 03:59:10,311 -     [P4.2] Pair (0,3) giảm 2 -> BEST = 603
2026-05-11 03:59:10,385 -   --- Pairwise Iter 8 (còn 849s) ---
2026-05-11 04:00:22,205 -     [P4.2] Pair (3,5) giảm 6 -> BEST = 597
2026-05-11 04:00:22,304 -   --- Pairwise Iter 9 (còn 777s) ---
2026-05-11 04:01:49,114 -     [P4.2] Pair (5,6) giảm 8 -> BEST = 589
2026-05-11 04:01:49,166 -   --- Pairwise Iter 10 (còn 690s) ---
2026-05-11 04:03:46,642 -     [P4.2] Pair (1,3) giảm 5 -> BEST = 584
2026-05-11 04:03:46,703 -   --- Pairwise Iter 11 (còn 573s) ---
2026-05-11 04:04:07,887 -     [P4.2] Pair (0,3) giảm 3 -> BEST = 581
2026-05-11 04:04:07,962 -   --- Pairwise Iter 12 (còn 552s) ---
2026-05-11 04:04:25,034 -     [P4.2] Pair (1,5) giảm 16 -> BEST = 565
2026-05-11 04:04:25,098 -   --- Pairwise Iter 13 (còn 534s) ---
2026-05-11 04:05:16,000 -     [P4.2] Pair (4,6) giảm 5 -> BEST = 560
2026-05-11 04:05:16,031 -   --- Pairwise Iter 14 (còn 483s) ---
2026-05-11 04:06:15,802 -     -> Đã đạt cực trị toàn cục cho mọi cặp dưới ngưỡng. KẾT THÚC CHẶNG 4.
2026-05-11 04:06:15,802 - Hoàn thành trong 776.3s. Final Cost: 560
2026-05-11 04:06:15,802 - ======================================================================
2026-05-11 04:06:15,802 - BÁO CÁO TỔNG KẾT (SUMMARY)
2026-05-11 04:06:15,802 - ======================================================================
2026-05-11 04:06:15,802 -   1. Chi phí Clarke-Wright:     799
2026-05-11 04:06:15,803 -   2. Chi phí sau CPLEX MIP:     560
2026-05-11 04:06:15,803 -   => TỔNG CẢI THIỆN:            239
2026-05-11 04:06:15,803 -   => Số lần CPLEX Single cải thiện  : 5 lần
2026-05-11 04:06:15,803 -   => Số lần CPLEX Pairwise cải thiện: 13 lần
2026-05-11 04:06:15,803 -   => TỔNG THỜI GIAN CHẠY:       776.275s
2026-05-11 04:06:15,803 - ======================================================================
2026-05-11 04:06:15,807 - CPLEX MIP SOLVER  |  FILE: P-n50-k8.vrp
2026-05-11 04:06:15,807 - ======================================================================
2026-05-11 04:06:15,812 - Thông tin dữ liệu: Dimension=50, K=8, Capacity=120
2026-05-11 04:06:15,812 - --- Step 1: Clarke-Wright Heuristic ---
2026-05-11 04:06:15,815 -   Kết quả CW: Cost = 936, Time = 0.003s
2026-05-11 04:06:15,815 - --- Step 2: Advanced Optimization (CPLEX MIP) ---
2026-05-11 04:06:15,815 - =========================================
2026-05-11 04:06:15,815 - BẮT ĐẦU OPTIMIZE  (100% CPLEX MIP)
2026-05-11 04:06:15,815 -  -> Max Single Size  : 21
2026-05-11 04:06:15,815 -  -> Single Timeout   : 60.0s
2026-05-11 04:06:15,815 -  -> Max Pairwise Size: 31
2026-05-11 04:06:15,815 -  -> Pairwise Timeout : 57.0s
2026-05-11 04:06:15,815 -  -> Global Timeout   : 1200.0s
2026-05-11 04:06:15,815 -  -> Chi phí khởi điểm: 936
2026-05-11 04:06:15,815 - =========================================
2026-05-11 04:06:15,816 - === BẮT ĐẦU CHẶNG 4: CPLEX MIP CHÍNH XÁC | Cost: 936 ===
2026-05-11 04:06:15,816 -   [GĐ 4.1] Giải bài toán TSP trên từng tuyến đơn...
2026-05-11 04:06:16,011 -     -> Single CPLEX cải thiện: 119. Cost mới: 817
2026-05-11 04:06:16,011 -   [GĐ 4.2] Xét từng cặp tuyến để phân bổ lại khách hàng...
2026-05-11 04:06:16,011 -   --- Pairwise Iter 1 (còn 1200s) ---
2026-05-11 04:06:16,618 -     [P4.2] Pair (0,5) giảm 8 -> BEST = 809
2026-05-11 04:06:16,656 -   --- Pairwise Iter 2 (còn 1199s) ---
2026-05-11 04:06:22,228 -     [P4.2] Pair (4,6) giảm 17 -> BEST = 792
2026-05-11 04:06:22,285 -   --- Pairwise Iter 3 (còn 1194s) ---
2026-05-11 04:06:36,906 -     [P4.2] Pair (4,7) giảm 20 -> BEST = 772
2026-05-11 04:06:36,963 -   --- Pairwise Iter 4 (còn 1179s) ---
2026-05-11 04:06:53,129 -     [P4.2] Pair (6,7) giảm 4 -> BEST = 768
2026-05-11 04:06:53,187 -   --- Pairwise Iter 5 (còn 1163s) ---
2026-05-11 04:07:00,901 -     [P4.2] Pair (4,7) giảm 3 -> BEST = 765
2026-05-11 04:07:00,955 -   --- Pairwise Iter 6 (còn 1155s) ---
2026-05-11 04:07:12,897 -     [P4.2] Pair (6,7) giảm 1 -> BEST = 764
2026-05-11 04:07:12,939 -   --- Pairwise Iter 7 (còn 1143s) ---
2026-05-11 04:07:28,939 -     [P4.2] Pair (0,4) giảm 37 -> BEST = 727
2026-05-11 04:07:28,996 -   --- Pairwise Iter 8 (còn 1127s) ---
2026-05-11 04:07:46,478 -     [P4.2] Pair (4,6) giảm 9 -> BEST = 718
2026-05-11 04:07:46,517 -   --- Pairwise Iter 9 (còn 1109s) ---
2026-05-11 04:07:50,596 -     [P4.2] Pair (4,7) giảm 2 -> BEST = 716
2026-05-11 04:07:50,629 -   --- Pairwise Iter 10 (còn 1105s) ---
2026-05-11 04:07:56,534 -     [P4.2] Pair (5,7) giảm 3 -> BEST = 713
2026-05-11 04:07:56,581 -   --- Pairwise Iter 11 (còn 1099s) ---
2026-05-11 04:08:01,818 -     [P4.2] Pair (3,7) giảm 7 -> BEST = 706
2026-05-11 04:08:01,850 -   --- Pairwise Iter 12 (còn 1094s) ---
2026-05-11 04:08:24,393 -     [P4.2] Pair (1,6) giảm 6 -> BEST = 700
2026-05-11 04:08:24,433 -   --- Pairwise Iter 13 (còn 1071s) ---
2026-05-11 04:08:47,985 -     [P4.2] Pair (1,4) giảm 2 -> BEST = 698
2026-05-11 04:08:48,035 -   --- Pairwise Iter 14 (còn 1048s) ---
2026-05-11 04:09:22,664 -     [P4.2] Pair (4,5) giảm 1 -> BEST = 697
2026-05-11 04:09:22,706 -   --- Pairwise Iter 15 (còn 1013s) ---
2026-05-11 04:10:01,426 -     -> Đã đạt cực trị toàn cục cho mọi cặp dưới ngưỡng. KẾT THÚC CHẶNG 4.
2026-05-11 04:10:01,426 - Hoàn thành trong 225.6s. Final Cost: 697
2026-05-11 04:10:01,426 - ======================================================================
2026-05-11 04:10:01,426 - BÁO CÁO TỔNG KẾT (SUMMARY)
2026-05-11 04:10:01,427 - ======================================================================
2026-05-11 04:10:01,427 -   1. Chi phí Clarke-Wright:     936
2026-05-11 04:10:01,427 -   2. Chi phí sau CPLEX MIP:     697
2026-05-11 04:10:01,427 -   => TỔNG CẢI THIỆN:            239
2026-05-11 04:10:01,427 -   => Số lần CPLEX Single cải thiện  : 6 lần
2026-05-11 04:10:01,427 -   => Số lần CPLEX Pairwise cải thiện: 14 lần
2026-05-11 04:10:01,427 -   => TỔNG THỜI GIAN CHẠY:       225.614s
2026-05-11 04:10:01,428 - ======================================================================
2026-05-11 04:10:01,428 - CPLEX MIP SOLVER  |  FILE: P-n51-k10.vrp
2026-05-11 04:10:01,428 - ======================================================================
2026-05-11 04:10:01,432 - Thông tin dữ liệu: Dimension=51, K=10, Capacity=80
2026-05-11 04:10:01,432 - --- Step 1: Clarke-Wright Heuristic ---
2026-05-11 04:10:01,435 -   Kết quả CW: Cost = 978, Time = 0.002s
2026-05-11 04:10:01,435 - --- Step 2: Advanced Optimization (CPLEX MIP) ---
2026-05-11 04:10:01,435 - =========================================
2026-05-11 04:10:01,435 - BẮT ĐẦU OPTIMIZE  (100% CPLEX MIP)
2026-05-11 04:10:01,435 -  -> Max Single Size  : 20
2026-05-11 04:10:01,435 -  -> Single Timeout   : 60.0s
2026-05-11 04:10:01,435 -  -> Max Pairwise Size: 25
2026-05-11 04:10:01,435 -  -> Pairwise Timeout : 46.0s
2026-05-11 04:10:01,435 -  -> Global Timeout   : 1200.0s
2026-05-11 04:10:01,435 -  -> Chi phí khởi điểm: 978
2026-05-11 04:10:01,435 - =========================================
2026-05-11 04:10:01,435 - === BẮT ĐẦU CHẶNG 4: CPLEX MIP CHÍNH XÁC | Cost: 978 ===
2026-05-11 04:10:01,436 -   [GĐ 4.1] Giải bài toán TSP trên từng tuyến đơn...
2026-05-11 04:10:01,591 -     -> Single CPLEX cải thiện: 43. Cost mới: 935
2026-05-11 04:10:01,591 -   [GĐ 4.2] Xét từng cặp tuyến để phân bổ lại khách hàng...
2026-05-11 04:10:01,591 -   --- Pairwise Iter 1 (còn 1200s) ---
2026-05-11 04:10:01,713 -     [P4.2] Pair (2,8) giảm 31 -> BEST = 904
2026-05-11 04:10:01,750 -   --- Pairwise Iter 2 (còn 1200s) ---
2026-05-11 04:10:02,023 -     [P4.2] Pair (0,3) giảm 11 -> BEST = 893
2026-05-11 04:10:02,054 -   --- Pairwise Iter 3 (còn 1199s) ---
2026-05-11 04:10:03,535 -     [P4.2] Pair (2,3) giảm 5 -> BEST = 888
2026-05-11 04:10:03,568 -   --- Pairwise Iter 4 (còn 1198s) ---
2026-05-11 04:10:04,450 -     [P4.2] Pair (0,3) giảm 21 -> BEST = 867
2026-05-11 04:10:04,475 -   --- Pairwise Iter 5 (còn 1197s) ---
2026-05-11 04:10:04,690 -     [P4.2] Pair (0,2) giảm 6 -> BEST = 861
2026-05-11 04:10:04,718 -   --- Pairwise Iter 6 (còn 1197s) ---
2026-05-11 04:10:06,746 -     [P4.2] Pair (4,5) giảm 24 -> BEST = 837
2026-05-11 04:10:06,792 -   --- Pairwise Iter 7 (còn 1195s) ---
2026-05-11 04:10:08,203 -     [P4.2] Pair (4,8) giảm 20 -> BEST = 817
2026-05-11 04:10:08,227 -   --- Pairwise Iter 8 (còn 1193s) ---
2026-05-11 04:10:12,328 -     [P4.2] Pair (5,6) giảm 2 -> BEST = 815
2026-05-11 04:10:12,358 -   --- Pairwise Iter 9 (còn 1189s) ---
2026-05-11 04:10:18,926 -     [P4.2] Pair (0,5) giảm 1 -> BEST = 814
2026-05-11 04:10:18,954 -   --- Pairwise Iter 10 (còn 1182s) ---
2026-05-11 04:10:21,928 -     [P4.2] Pair (4,9) giảm 9 -> BEST = 805
2026-05-11 04:10:21,953 -   --- Pairwise Iter 11 (còn 1179s) ---
2026-05-11 04:10:23,369 -     [P4.2] Pair (2,9) giảm 1 -> BEST = 804
2026-05-11 04:10:23,390 -   --- Pairwise Iter 12 (còn 1178s) ---
2026-05-11 04:10:27,455 -     [P4.2] Pair (0,1) giảm 4 -> BEST = 800
2026-05-11 04:10:27,490 -   --- Pairwise Iter 13 (còn 1174s) ---
2026-05-11 04:10:28,923 -     [P4.2] Pair (1,5) giảm 5 -> BEST = 795
2026-05-11 04:10:28,968 -   --- Pairwise Iter 14 (còn 1172s) ---
2026-05-11 04:10:30,300 -     [P4.2] Pair (5,7) giảm 2 -> BEST = 793
2026-05-11 04:10:30,323 -   --- Pairwise Iter 15 (còn 1171s) ---
2026-05-11 04:10:33,897 -     [P4.2] Pair (0,1) giảm 11 -> BEST = 782
2026-05-11 04:10:33,937 -   --- Pairwise Iter 16 (còn 1167s) ---
2026-05-11 04:10:47,028 -     -> Đã đạt cực trị toàn cục cho mọi cặp dưới ngưỡng. KẾT THÚC CHẶNG 4.
2026-05-11 04:10:47,028 - Hoàn thành trong 45.6s. Final Cost: 782
2026-05-11 04:10:47,029 - ======================================================================
2026-05-11 04:10:47,029 - BÁO CÁO TỔNG KẾT (SUMMARY)
2026-05-11 04:10:47,029 - ======================================================================
2026-05-11 04:10:47,029 -   1. Chi phí Clarke-Wright:     978
2026-05-11 04:10:47,029 -   2. Chi phí sau CPLEX MIP:     782
2026-05-11 04:10:47,029 -   => TỔNG CẢI THIỆN:            196
2026-05-11 04:10:47,029 -   => Số lần CPLEX Single cải thiện  : 6 lần
2026-05-11 04:10:47,029 -   => Số lần CPLEX Pairwise cải thiện: 15 lần
2026-05-11 04:10:47,029 -   => TỔNG THỜI GIAN CHẠY:       45.596s
2026-05-11 04:10:47,029 - ======================================================================
2026-05-11 04:10:47,029 - CPLEX MIP SOLVER  |  FILE: P-n55-k15.vrp
2026-05-11 04:10:47,029 - ======================================================================
2026-05-11 04:10:47,034 - Thông tin dữ liệu: Dimension=55, K=15, Capacity=70
2026-05-11 04:10:47,035 - --- Step 1: Clarke-Wright Heuristic ---
2026-05-11 04:10:47,042 -     [CW-Phase4] BFD thất bại với 1 khách hàng. Kích hoạt Backtracking (Giảm depth dần)...
2026-05-11 04:10:47,042 -       -> Thử hoán đổi với depth=3 (Limit: 10s)...
2026-05-11 04:10:47,043 -     [CW-Phase4] HOÀN HẢO! Backtracking thành công tại depth=3.
2026-05-11 04:10:47,044 -   Kết quả CW: Cost = 1966, Time = 0.009s
2026-05-11 04:10:47,044 - --- Step 2: Advanced Optimization (CPLEX MIP) ---
2026-05-11 04:10:47,044 - =========================================
2026-05-11 04:10:47,044 - BẮT ĐẦU OPTIMIZE  (100% CPLEX MIP)
2026-05-11 04:10:47,044 -  -> Max Single Size  : 20
2026-05-11 04:10:47,045 -  -> Single Timeout   : 60.0s
2026-05-11 04:10:47,045 -  -> Max Pairwise Size: 20
2026-05-11 04:10:47,045 -  -> Pairwise Timeout : 33.0s
2026-05-11 04:10:47,045 -  -> Global Timeout   : 1200.0s
2026-05-11 04:10:47,045 -  -> Chi phí khởi điểm: 1966
2026-05-11 04:10:47,045 - =========================================
2026-05-11 04:10:47,045 - === BẮT ĐẦU CHẶNG 4: CPLEX MIP CHÍNH XÁC | Cost: 1966 ===
2026-05-11 04:10:47,046 -   [GĐ 4.1] Giải bài toán TSP trên từng tuyến đơn...
2026-05-11 04:10:47,223 -     -> Single CPLEX cải thiện: 407. Cost mới: 1559
2026-05-11 04:10:47,223 -   [GĐ 4.2] Xét từng cặp tuyến để phân bổ lại khách hàng...
2026-05-11 04:10:47,223 -   --- Pairwise Iter 1 (còn 1200s) ---
2026-05-11 04:10:47,641 -     [P4.2] Pair (9,14) giảm 33 -> BEST = 1526
2026-05-11 04:10:47,668 -   --- Pairwise Iter 2 (còn 1199s) ---
2026-05-11 04:10:47,793 -     [P4.2] Pair (5,14) giảm 25 -> BEST = 1501
2026-05-11 04:10:47,815 -   --- Pairwise Iter 3 (còn 1199s) ---
2026-05-11 04:10:48,256 -     [P4.2] Pair (10,12) giảm 50 -> BEST = 1451
2026-05-11 04:10:48,280 -   --- Pairwise Iter 4 (còn 1199s) ---
2026-05-11 04:10:48,336 -     [P4.2] Pair (4,12) giảm 7 -> BEST = 1444
2026-05-11 04:10:48,359 -   --- Pairwise Iter 5 (còn 1199s) ---
2026-05-11 04:10:48,911 -     [P4.2] Pair (10,11) giảm 18 -> BEST = 1426
2026-05-11 04:10:48,937 -   --- Pairwise Iter 6 (còn 1198s) ---
2026-05-11 04:10:49,460 -     [P4.2] Pair (11,12) giảm 15 -> BEST = 1411
2026-05-11 04:10:49,493 -   --- Pairwise Iter 7 (còn 1198s) ---
2026-05-11 04:10:49,752 -     [P4.2] Pair (2,11) giảm 28 -> BEST = 1383
2026-05-11 04:10:49,772 -   --- Pairwise Iter 8 (còn 1197s) ---
2026-05-11 04:10:49,996 -     [P4.2] Pair (2,12) giảm 23 -> BEST = 1360
2026-05-11 04:10:50,020 -   --- Pairwise Iter 9 (còn 1197s) ---
2026-05-11 04:10:50,548 -     [P4.2] Pair (2,4) giảm 4 -> BEST = 1356
2026-05-11 04:10:50,568 -   --- Pairwise Iter 10 (còn 1196s) ---
2026-05-11 04:10:51,398 -     [P4.2] Pair (8,11) giảm 20 -> BEST = 1336
2026-05-11 04:10:51,421 -   --- Pairwise Iter 11 (còn 1196s) ---
2026-05-11 04:10:52,372 -     [P4.2] Pair (9,12) giảm 12 -> BEST = 1324
2026-05-11 04:10:52,394 -   --- Pairwise Iter 12 (còn 1195s) ---
2026-05-11 04:10:53,681 -     [P4.2] Pair (3,8) giảm 2 -> BEST = 1322
2026-05-11 04:10:53,701 -   --- Pairwise Iter 13 (còn 1193s) ---
2026-05-11 04:10:55,279 -     [P4.2] Pair (7,13) giảm 8 -> BEST = 1314
2026-05-11 04:10:55,303 -   --- Pairwise Iter 14 (còn 1192s) ---
2026-05-11 04:10:56,340 -     [P4.2] Pair (7,11) giảm 34 -> BEST = 1280
2026-05-11 04:10:56,365 -   --- Pairwise Iter 15 (còn 1191s) ---
2026-05-11 04:10:57,217 -     [P4.2] Pair (7,13) giảm 20 -> BEST = 1260
2026-05-11 04:10:57,245 -   --- Pairwise Iter 16 (còn 1190s) ---
2026-05-11 04:10:58,708 -     [P4.2] Pair (1,7) giảm 30 -> BEST = 1230
2026-05-11 04:10:58,741 -   --- Pairwise Iter 17 (còn 1188s) ---
2026-05-11 04:10:59,505 -     [P4.2] Pair (7,13) giảm 6 -> BEST = 1224
2026-05-11 04:10:59,543 -   --- Pairwise Iter 18 (còn 1188s) ---
2026-05-11 04:11:01,344 -     [P4.2] Pair (8,14) giảm 7 -> BEST = 1217
2026-05-11 04:11:01,377 -   --- Pairwise Iter 19 (còn 1186s) ---
2026-05-11 04:11:03,262 -     [P4.2] Pair (9,11) giảm 9 -> BEST = 1208
2026-05-11 04:11:03,293 -   --- Pairwise Iter 20 (còn 1184s) ---
2026-05-11 04:11:04,893 -     [P4.2] Pair (9,13) giảm 4 -> BEST = 1204
2026-05-11 04:11:04,917 -   --- Pairwise Iter 21 (còn 1182s) ---
2026-05-11 04:11:06,157 -     [P4.2] Pair (11,13) giảm 2 -> BEST = 1202
2026-05-11 04:11:06,180 -   --- Pairwise Iter 22 (còn 1181s) ---
2026-05-11 04:11:06,525 -     [P4.2] Pair (5,11) giảm 4 -> BEST = 1198
2026-05-11 04:11:06,555 -   --- Pairwise Iter 23 (còn 1180s) ---
2026-05-11 04:11:06,807 -     [P4.2] Pair (11,14) giảm 2 -> BEST = 1196
2026-05-11 04:11:06,830 -   --- Pairwise Iter 24 (còn 1180s) ---
2026-05-11 04:11:07,553 -     [P4.2] Pair (10,14) giảm 1 -> BEST = 1195
2026-05-11 04:11:07,587 -   --- Pairwise Iter 25 (còn 1179s) ---
2026-05-11 04:11:07,817 -     [P4.2] Pair (10,11) giảm 10 -> BEST = 1185
2026-05-11 04:11:07,852 -   --- Pairwise Iter 26 (còn 1179s) ---
2026-05-11 04:11:09,109 -     [P4.2] Pair (1,9) giảm 14 -> BEST = 1171
2026-05-11 04:11:09,134 -   --- Pairwise Iter 27 (còn 1178s) ---
2026-05-11 04:11:11,501 -     [P4.2] Pair (10,12) giảm 2 -> BEST = 1169
2026-05-11 04:11:11,526 -   --- Pairwise Iter 28 (còn 1176s) ---
2026-05-11 04:11:14,473 -     [P4.2] Pair (10,13) giảm 6 -> BEST = 1163
2026-05-11 04:11:14,494 -   --- Pairwise Iter 29 (còn 1173s) ---
2026-05-11 04:11:16,112 -     [P4.2] Pair (9,10) giảm 3 -> BEST = 1160
2026-05-11 04:11:16,140 -   --- Pairwise Iter 30 (còn 1171s) ---
2026-05-11 04:11:17,602 -     [P4.2] Pair (7,10) giảm 4 -> BEST = 1156
2026-05-11 04:11:17,622 -   --- Pairwise Iter 31 (còn 1169s) ---
2026-05-11 04:11:20,503 -     [P4.2] Pair (12,14) giảm 4 -> BEST = 1152
2026-05-11 04:11:20,526 -   --- Pairwise Iter 32 (còn 1167s) ---
2026-05-11 04:11:23,816 -     [P4.2] Pair (5,7) giảm 2 -> BEST = 1150
2026-05-11 04:11:23,845 -   --- Pairwise Iter 33 (còn 1163s) ---
2026-05-11 04:11:25,482 -     [P4.2] Pair (5,9) giảm 4 -> BEST = 1146
2026-05-11 04:11:25,514 -   --- Pairwise Iter 34 (còn 1162s) ---
2026-05-11 04:11:28,214 -     [P4.2] Pair (2,7) giảm 14 -> BEST = 1132
2026-05-11 04:11:28,240 -   --- Pairwise Iter 35 (còn 1159s) ---
2026-05-11 04:11:31,493 -     [P4.2] Pair (5,7) giảm 4 -> BEST = 1128
2026-05-11 04:11:31,516 -   --- Pairwise Iter 36 (còn 1156s) ---
2026-05-11 04:11:32,501 -     [P4.2] Pair (5,9) giảm 9 -> BEST = 1119
2026-05-11 04:11:32,532 -   --- Pairwise Iter 37 (còn 1155s) ---
2026-05-11 04:11:36,144 -     [P4.2] Pair (8,11) giảm 4 -> BEST = 1115
2026-05-11 04:11:36,169 -   --- Pairwise Iter 38 (còn 1151s) ---
2026-05-11 04:11:37,197 -     [P4.2] Pair (3,8) giảm 15 -> BEST = 1100
2026-05-11 04:11:37,222 -   --- Pairwise Iter 39 (còn 1150s) ---
2026-05-11 04:11:39,819 -     [P4.2] Pair (11,13) giảm 14 -> BEST = 1086
2026-05-11 04:11:39,847 -   --- Pairwise Iter 40 (còn 1147s) ---
2026-05-11 04:11:42,676 -     [P4.2] Pair (8,14) giảm 13 -> BEST = 1073
2026-05-11 04:11:42,703 -   --- Pairwise Iter 41 (còn 1144s) ---
2026-05-11 04:11:49,284 -     -> Đã đạt cực trị toàn cục cho mọi cặp dưới ngưỡng. KẾT THÚC CHẶNG 4.
2026-05-11 04:11:49,284 - Hoàn thành trong 62.2s. Final Cost: 1073
2026-05-11 04:11:49,285 - ======================================================================
2026-05-11 04:11:49,285 - BÁO CÁO TỔNG KẾT (SUMMARY)
2026-05-11 04:11:49,285 - ======================================================================
2026-05-11 04:11:49,285 -   1. Chi phí Clarke-Wright:     1966
2026-05-11 04:11:49,285 -   2. Chi phí sau CPLEX MIP:     1073
2026-05-11 04:11:49,285 -   => TỔNG CẢI THIỆN:            893
2026-05-11 04:11:49,285 -   => Số lần CPLEX Single cải thiện  : 13 lần
2026-05-11 04:11:49,285 -   => Số lần CPLEX Pairwise cải thiện: 40 lần
2026-05-11 04:11:49,285 -   => TỔNG THỜI GIAN CHẠY:       62.249s
2026-05-11 04:11:49,286 - ======================================================================
2026-05-11 04:11:49,286 - CPLEX MIP SOLVER  |  FILE: P-n55-k8.vrp
2026-05-11 04:11:49,286 - ======================================================================
2026-05-11 04:11:49,291 - Thông tin dữ liệu: Dimension=55, K=8, Capacity=160
2026-05-11 04:11:49,291 - --- Step 1: Clarke-Wright Heuristic ---
2026-05-11 04:11:49,294 -   Kết quả CW: Cost = 759, Time = 0.002s
2026-05-11 04:11:49,294 - --- Step 2: Advanced Optimization (CPLEX MIP) ---
2026-05-11 04:11:49,294 - =========================================
2026-05-11 04:11:49,294 - BẮT ĐẦU OPTIMIZE  (100% CPLEX MIP)
2026-05-11 04:11:49,295 -  -> Max Single Size  : 24
2026-05-11 04:11:49,295 -  -> Single Timeout   : 60.0s
2026-05-11 04:11:49,295 -  -> Max Pairwise Size: 34
2026-05-11 04:11:49,295 -  -> Pairwise Timeout : 62.0s
2026-05-11 04:11:49,295 -  -> Global Timeout   : 1200.0s
2026-05-11 04:11:49,295 -  -> Chi phí khởi điểm: 759
2026-05-11 04:11:49,296 - =========================================
2026-05-11 04:11:49,296 - === BẮT ĐẦU CHẶNG 4: CPLEX MIP CHÍNH XÁC | Cost: 759 ===
2026-05-11 04:11:49,296 -   [GĐ 4.1] Giải bài toán TSP trên từng tuyến đơn...
2026-05-11 04:11:49,520 -     -> Single CPLEX cải thiện: 57. Cost mới: 702
2026-05-11 04:11:49,520 -   [GĐ 4.2] Xét từng cặp tuyến để phân bổ lại khách hàng...
2026-05-11 04:11:49,520 -   --- Pairwise Iter 1 (còn 1200s) ---
2026-05-11 04:11:59,169 -     [P4.2] Pair (5,6) giảm 11 -> BEST = 691
2026-05-11 04:11:59,223 -   --- Pairwise Iter 2 (còn 1190s) ---
2026-05-11 04:12:18,360 -     [P4.2] Pair (3,7) giảm 35 -> BEST = 656
2026-05-11 04:12:18,399 -   --- Pairwise Iter 3 (còn 1171s) ---
2026-05-11 04:12:40,551 -     [P4.2] Pair (0,1) giảm 18 -> BEST = 638
2026-05-11 04:12:40,614 -   --- Pairwise Iter 4 (còn 1149s) ---
2026-05-11 04:13:06,097 -     [P4.2] Pair (0,3) giảm 1 -> BEST = 637
2026-05-11 04:13:06,169 -   --- Pairwise Iter 5 (còn 1123s) ---
2026-05-11 04:13:46,992 -     [P4.2] Pair (1,2) giảm 8 -> BEST = 629
2026-05-11 04:13:47,026 -   --- Pairwise Iter 6 (còn 1082s) ---
2026-05-11 04:14:56,159 -     [P4.2] Pair (1,4) giảm 6 -> BEST = 623
2026-05-11 04:14:56,215 -   --- Pairwise Iter 7 (còn 1013s) ---
2026-05-11 04:15:20,433 -     [P4.2] Pair (1,2) giảm 3 -> BEST = 620
2026-05-11 04:15:20,471 -   --- Pairwise Iter 8 (còn 989s) ---
2026-05-11 04:15:53,944 -     [P4.2] Pair (1,4) giảm 9 -> BEST = 611
2026-05-11 04:15:53,981 -   --- Pairwise Iter 9 (còn 955s) ---
2026-05-11 04:17:17,462 -     -> Đã đạt cực trị toàn cục cho mọi cặp dưới ngưỡng. KẾT THÚC CHẶNG 4.
2026-05-11 04:17:17,462 - Hoàn thành trong 328.2s. Final Cost: 611
2026-05-11 04:17:17,462 - ======================================================================
2026-05-11 04:17:17,462 - BÁO CÁO TỔNG KẾT (SUMMARY)
2026-05-11 04:17:17,462 - ======================================================================
2026-05-11 04:17:17,462 -   1. Chi phí Clarke-Wright:     759
2026-05-11 04:17:17,462 -   2. Chi phí sau CPLEX MIP:     611
2026-05-11 04:17:17,462 -   => TỔNG CẢI THIỆN:            148
2026-05-11 04:17:17,462 -   => Số lần CPLEX Single cải thiện  : 6 lần
2026-05-11 04:17:17,462 -   => Số lần CPLEX Pairwise cải thiện: 8 lần
2026-05-11 04:17:17,462 -   => TỔNG THỜI GIAN CHẠY:       328.170s
2026-05-11 04:17:17,463 - ======================================================================
2026-05-11 04:17:17,463 - CPLEX MIP SOLVER  |  FILE: P-n55-k10.vrp
2026-05-11 04:17:17,463 - ======================================================================
2026-05-11 04:17:17,468 - Thông tin dữ liệu: Dimension=55, K=10, Capacity=115
2026-05-11 04:17:17,468 - --- Step 1: Clarke-Wright Heuristic ---
2026-05-11 04:17:17,470 -   Kết quả CW: Cost = 919, Time = 0.002s
2026-05-11 04:17:17,470 - --- Step 2: Advanced Optimization (CPLEX MIP) ---
2026-05-11 04:17:17,470 - =========================================
2026-05-11 04:17:17,470 - BẮT ĐẦU OPTIMIZE  (100% CPLEX MIP)
2026-05-11 04:17:17,470 -  -> Max Single Size  : 20
2026-05-11 04:17:17,470 -  -> Single Timeout   : 60.0s
2026-05-11 04:17:17,470 -  -> Max Pairwise Size: 27
2026-05-11 04:17:17,470 -  -> Pairwise Timeout : 50.0s
2026-05-11 04:17:17,471 -  -> Global Timeout   : 1200.0s
2026-05-11 04:17:17,471 -  -> Chi phí khởi điểm: 919
2026-05-11 04:17:17,471 - =========================================
2026-05-11 04:17:17,471 - === BẮT ĐẦU CHẶNG 4: CPLEX MIP CHÍNH XÁC | Cost: 919 ===
2026-05-11 04:17:17,471 -   [GĐ 4.1] Giải bài toán TSP trên từng tuyến đơn...
2026-05-11 04:17:17,652 -     -> Single CPLEX cải thiện: 41. Cost mới: 878
2026-05-11 04:17:17,653 -   [GĐ 4.2] Xét từng cặp tuyến để phân bổ lại khách hàng...
2026-05-11 04:17:17,653 -   --- Pairwise Iter 1 (còn 1200s) ---
2026-05-11 04:17:18,277 -     [P4.2] Pair (4,6) giảm 17 -> BEST = 861
2026-05-11 04:17:18,311 -   --- Pairwise Iter 2 (còn 1199s) ---
2026-05-11 04:17:19,866 -     [P4.2] Pair (2,6) giảm 25 -> BEST = 836
2026-05-11 04:17:19,897 -   --- Pairwise Iter 3 (còn 1198s) ---
2026-05-11 04:17:30,299 -     [P4.2] Pair (5,8) giảm 5 -> BEST = 831
2026-05-11 04:17:30,343 -   --- Pairwise Iter 4 (còn 1187s) ---
2026-05-11 04:17:41,063 -     [P4.2] Pair (1,3) giảm 12 -> BEST = 819
2026-05-11 04:17:41,089 -   --- Pairwise Iter 5 (còn 1176s) ---
2026-05-11 04:18:41,980 -     [P4.2] Pair (1,4) giảm 18 -> BEST = 801
2026-05-11 04:18:42,023 -   --- Pairwise Iter 6 (còn 1115s) ---
2026-05-11 04:19:47,061 -     [P4.2] Pair (0,9) giảm 41 -> BEST = 760
2026-05-11 04:19:47,151 -   --- Pairwise Iter 7 (còn 1050s) ---
2026-05-11 04:20:52,606 -     [P4.2] Pair (3,4) giảm 8 -> BEST = 752
2026-05-11 04:20:52,630 -   --- Pairwise Iter 8 (còn 985s) ---
2026-05-11 04:21:25,513 -     [P4.2] Pair (1,3) giảm 1 -> BEST = 751
2026-05-11 04:21:25,560 -   --- Pairwise Iter 9 (còn 952s) ---
2026-05-11 04:22:02,543 -     [P4.2] Pair (5,7) giảm 9 -> BEST = 742
2026-05-11 04:22:02,570 -   --- Pairwise Iter 10 (còn 915s) ---
2026-05-11 04:22:06,522 -     [P4.2] Pair (5,8) giảm 2 -> BEST = 740
2026-05-11 04:22:06,559 -   --- Pairwise Iter 11 (còn 911s) ---
2026-05-11 04:23:08,125 -     [P4.2] Pair (2,9) giảm 5 -> BEST = 735
2026-05-11 04:23:08,169 -   --- Pairwise Iter 12 (còn 849s) ---
2026-05-11 04:23:58,334 -     [P4.2] Pair (4,9) giảm 15 -> BEST = 720
2026-05-11 04:23:58,368 -   --- Pairwise Iter 13 (còn 799s) ---
2026-05-11 04:23:58,785 -     [P4.2] Pair (3,9) giảm 6 -> BEST = 714
2026-05-11 04:23:58,828 -   --- Pairwise Iter 14 (còn 799s) ---
2026-05-11 04:24:27,144 -     [P4.2] Pair (1,3) giảm 6 -> BEST = 708
2026-05-11 04:24:27,178 -   --- Pairwise Iter 15 (còn 770s) ---
2026-05-11 04:24:51,028 -     [P4.2] Pair (3,9) giảm 2 -> BEST = 706
2026-05-11 04:24:51,064 -   --- Pairwise Iter 16 (còn 746s) ---
2026-05-11 04:25:15,773 -     [P4.2] Pair (1,8) giảm 1 -> BEST = 705
2026-05-11 04:25:15,807 -   --- Pairwise Iter 17 (còn 722s) ---
2026-05-11 04:25:23,825 -     [P4.2] Pair (5,8) giảm 1 -> BEST = 704
2026-05-11 04:25:23,868 -   --- Pairwise Iter 18 (còn 714s) ---
2026-05-11 04:26:05,827 -     -> Đã đạt cực trị toàn cục cho mọi cặp dưới ngưỡng. KẾT THÚC CHẶNG 4.
2026-05-11 04:26:05,827 - Hoàn thành trong 528.4s. Final Cost: 704
2026-05-11 04:26:05,827 - ======================================================================
2026-05-11 04:26:05,827 - BÁO CÁO TỔNG KẾT (SUMMARY)
2026-05-11 04:26:05,827 - ======================================================================
2026-05-11 04:26:05,827 -   1. Chi phí Clarke-Wright:     919
2026-05-11 04:26:05,827 -   2. Chi phí sau CPLEX MIP:     704
2026-05-11 04:26:05,827 -   => TỔNG CẢI THIỆN:            215
2026-05-11 04:26:05,827 -   => Số lần CPLEX Single cải thiện  : 8 lần
2026-05-11 04:26:05,827 -   => Số lần CPLEX Pairwise cải thiện: 17 lần
2026-05-11 04:26:05,827 -   => TỔNG THỜI GIAN CHẠY:       528.359s
2026-05-11 04:26:05,828 - ======================================================================
2026-05-11 04:26:05,828 - CPLEX MIP SOLVER  |  FILE: P-n55-k7.vrp
2026-05-11 04:26:05,828 - ======================================================================
2026-05-11 04:26:05,834 - Thông tin dữ liệu: Dimension=55, K=7, Capacity=170
2026-05-11 04:26:05,834 - --- Step 1: Clarke-Wright Heuristic ---
2026-05-11 04:26:05,837 -   Kết quả CW: Cost = 720, Time = 0.003s
2026-05-11 04:26:05,837 - --- Step 2: Advanced Optimization (CPLEX MIP) ---
2026-05-11 04:26:05,837 - =========================================
2026-05-11 04:26:05,837 - BẮT ĐẦU OPTIMIZE  (100% CPLEX MIP)
2026-05-11 04:26:05,837 -  -> Max Single Size  : 27
2026-05-11 04:26:05,837 -  -> Single Timeout   : 60.0s
2026-05-11 04:26:05,837 -  -> Max Pairwise Size: 39
2026-05-11 04:26:05,837 -  -> Pairwise Timeout : 71.0s
2026-05-11 04:26:05,837 -  -> Global Timeout   : 1200.0s
2026-05-11 04:26:05,838 -  -> Chi phí khởi điểm: 720
2026-05-11 04:26:05,838 - =========================================
2026-05-11 04:26:05,838 - === BẮT ĐẦU CHẶNG 4: CPLEX MIP CHÍNH XÁC | Cost: 720 ===
2026-05-11 04:26:05,838 -   [GĐ 4.1] Giải bài toán TSP trên từng tuyến đơn...
2026-05-11 04:26:06,119 -     -> Single CPLEX cải thiện: 55. Cost mới: 665
2026-05-11 04:26:06,119 -   [GĐ 4.2] Xét từng cặp tuyến để phân bổ lại khách hàng...
2026-05-11 04:26:06,119 -   --- Pairwise Iter 1 (còn 1200s) ---
2026-05-11 04:26:20,047 -     [P4.2] Pair (5,6) giảm 11 -> BEST = 654
2026-05-11 04:26:20,109 -   --- Pairwise Iter 2 (còn 1186s) ---
2026-05-11 04:27:44,770 -     [P4.2] Pair (0,3) giảm 21 -> BEST = 633
2026-05-11 04:27:44,958 -   --- Pairwise Iter 3 (còn 1101s) ---
2026-05-11 04:29:40,266 -     [P4.2] Pair (0,1) giảm 27 -> BEST = 606
2026-05-11 04:29:40,320 -   --- Pairwise Iter 4 (còn 986s) ---
2026-05-11 04:30:36,178 -     [P4.2] Pair (0,3) giảm 3 -> BEST = 603
2026-05-11 04:30:36,240 -   --- Pairwise Iter 5 (còn 930s) ---
2026-05-11 04:32:24,155 -     [P4.2] Pair (1,2) giảm 7 -> BEST = 596
2026-05-11 04:32:24,210 -   --- Pairwise Iter 6 (còn 822s) ---
2026-05-11 04:34:55,595 -     [P4.2] Pair (1,4) giảm 16 -> BEST = 580
2026-05-11 04:34:55,723 -   --- Pairwise Iter 7 (còn 670s) ---
2026-05-11 04:39:13,338 -     -> Đã đạt cực trị toàn cục cho mọi cặp dưới ngưỡng. KẾT THÚC CHẶNG 4.
2026-05-11 04:39:13,338 - Hoàn thành trong 787.5s. Final Cost: 580
2026-05-11 04:39:13,338 - ======================================================================
2026-05-11 04:39:13,338 - BÁO CÁO TỔNG KẾT (SUMMARY)
2026-05-11 04:39:13,339 - ======================================================================
2026-05-11 04:39:13,339 -   1. Chi phí Clarke-Wright:     720
2026-05-11 04:39:13,339 -   2. Chi phí sau CPLEX MIP:     580
2026-05-11 04:39:13,339 -   => TỔNG CẢI THIỆN:            140
2026-05-11 04:39:13,339 -   => Số lần CPLEX Single cải thiện  : 7 lần
2026-05-11 04:39:13,339 -   => Số lần CPLEX Pairwise cải thiện: 6 lần
2026-05-11 04:39:13,339 -   => TỔNG THỜI GIAN CHẠY:       787.504s
2026-05-11 04:39:13,340 - ======================================================================
2026-05-11 04:39:13,341 - CPLEX MIP SOLVER  |  FILE: P-n60-k15.vrp
2026-05-11 04:39:13,341 - ======================================================================
2026-05-11 04:39:13,348 - Thông tin dữ liệu: Dimension=60, K=15, Capacity=80
2026-05-11 04:39:13,348 - --- Step 1: Clarke-Wright Heuristic ---
2026-05-11 04:39:13,351 -   Kết quả CW: Cost = 1205, Time = 0.003s
2026-05-11 04:39:13,352 - --- Step 2: Advanced Optimization (CPLEX MIP) ---
2026-05-11 04:39:13,352 - =========================================
2026-05-11 04:39:13,352 - BẮT ĐẦU OPTIMIZE  (100% CPLEX MIP)
2026-05-11 04:39:13,352 -  -> Max Single Size  : 20
2026-05-11 04:39:13,352 -  -> Single Timeout   : 60.0s
2026-05-11 04:39:13,352 -  -> Max Pairwise Size: 20
2026-05-11 04:39:13,352 -  -> Pairwise Timeout : 36.0s
2026-05-11 04:39:13,353 -  -> Global Timeout   : 1200.0s
2026-05-11 04:39:13,353 -  -> Chi phí khởi điểm: 1205
2026-05-11 04:39:13,353 - =========================================
2026-05-11 04:39:13,353 - === BẮT ĐẦU CHẶNG 4: CPLEX MIP CHÍNH XÁC | Cost: 1205 ===
2026-05-11 04:39:13,353 -   [GĐ 4.1] Giải bài toán TSP trên từng tuyến đơn...
2026-05-11 04:39:13,579 -     -> Single CPLEX cải thiện: 24. Cost mới: 1181
2026-05-11 04:39:13,580 -   [GĐ 4.2] Xét từng cặp tuyến để phân bổ lại khách hàng...
2026-05-11 04:39:13,580 -   --- Pairwise Iter 1 (còn 1200s) ---
2026-05-11 04:39:14,207 -     [P4.2] Pair (3,14) giảm 8 -> BEST = 1173
2026-05-11 04:39:14,232 -   --- Pairwise Iter 2 (còn 1199s) ---
2026-05-11 04:39:15,159 -     [P4.2] Pair (10,14) giảm 8 -> BEST = 1165
2026-05-11 04:39:15,187 -   --- Pairwise Iter 3 (còn 1198s) ---
2026-05-11 04:39:16,151 -     [P4.2] Pair (2,6) giảm 1 -> BEST = 1164
2026-05-11 04:39:16,176 -   --- Pairwise Iter 4 (còn 1197s) ---
2026-05-11 04:39:17,208 -     [P4.2] Pair (3,6) giảm 17 -> BEST = 1147
2026-05-11 04:39:17,241 -   --- Pairwise Iter 5 (còn 1196s) ---
2026-05-11 04:39:25,815 -     [P4.2] Pair (4,14) giảm 14 -> BEST = 1133
2026-05-11 04:39:25,850 -   --- Pairwise Iter 6 (còn 1188s) ---
2026-05-11 04:39:26,604 -     [P4.2] Pair (4,10) giảm 1 -> BEST = 1132
2026-05-11 04:39:26,629 -   --- Pairwise Iter 7 (còn 1187s) ---
2026-05-11 04:39:27,837 -     [P4.2] Pair (4,6) giảm 1 -> BEST = 1131
2026-05-11 04:39:27,863 -   --- Pairwise Iter 8 (còn 1185s) ---
2026-05-11 04:39:29,174 -     [P4.2] Pair (4,10) giảm 3 -> BEST = 1128
2026-05-11 04:39:29,199 -   --- Pairwise Iter 9 (còn 1184s) ---
2026-05-11 04:39:29,267 -     [P4.2] Pair (3,4) giảm 6 -> BEST = 1122
2026-05-11 04:39:29,292 -   --- Pairwise Iter 10 (còn 1184s) ---
2026-05-11 04:39:29,943 -     [P4.2] Pair (4,7) giảm 2 -> BEST = 1120
2026-05-11 04:39:29,966 -   --- Pairwise Iter 11 (còn 1183s) ---
2026-05-11 04:39:30,818 -     [P4.2] Pair (6,14) giảm 2 -> BEST = 1118
2026-05-11 04:39:30,851 -   --- Pairwise Iter 12 (còn 1183s) ---
2026-05-11 04:39:31,771 -     [P4.2] Pair (10,14) giảm 6 -> BEST = 1112
2026-05-11 04:39:31,815 -   --- Pairwise Iter 13 (còn 1182s) ---
2026-05-11 04:39:33,911 -     [P4.2] Pair (10,12) giảm 37 -> BEST = 1075
2026-05-11 04:39:33,956 -   --- Pairwise Iter 14 (còn 1179s) ---
2026-05-11 04:39:36,596 -     [P4.2] Pair (0,5) giảm 5 -> BEST = 1070
2026-05-11 04:39:36,639 -   --- Pairwise Iter 15 (còn 1177s) ---
2026-05-11 04:39:39,807 -     [P4.2] Pair (7,12) giảm 16 -> BEST = 1054
2026-05-11 04:39:39,840 -   --- Pairwise Iter 16 (còn 1174s) ---
2026-05-11 04:39:42,684 -     [P4.2] Pair (4,12) giảm 31 -> BEST = 1023
2026-05-11 04:39:42,707 -   --- Pairwise Iter 17 (còn 1171s) ---
2026-05-11 04:39:45,538 -     [P4.2] Pair (3,12) giảm 3 -> BEST = 1020
2026-05-11 04:39:45,561 -   --- Pairwise Iter 18 (còn 1168s) ---
2026-05-11 04:39:46,301 -     [P4.2] Pair (3,14) giảm 2 -> BEST = 1018
2026-05-11 04:39:46,343 -   --- Pairwise Iter 19 (còn 1167s) ---
2026-05-11 04:39:49,308 -     [P4.2] Pair (9,12) giảm 1 -> BEST = 1017
2026-05-11 04:39:49,340 -   --- Pairwise Iter 20 (còn 1164s) ---
2026-05-11 04:39:53,109 -     [P4.2] Pair (0,13) giảm 16 -> BEST = 1001
2026-05-11 04:39:53,149 -   --- Pairwise Iter 21 (còn 1160s) ---
2026-05-11 04:39:58,555 -     [P4.2] Pair (2,14) giảm 8 -> BEST = 993
2026-05-11 04:39:58,592 -   --- Pairwise Iter 22 (còn 1155s) ---
2026-05-11 04:39:58,732 -     [P4.2] Pair (12,14) giảm 16 -> BEST = 977
2026-05-11 04:39:58,760 -   --- Pairwise Iter 23 (còn 1155s) ---
2026-05-11 04:40:11,258 -     -> Đã đạt cực trị toàn cục cho mọi cặp dưới ngưỡng. KẾT THÚC CHẶNG 4.
2026-05-11 04:40:11,258 - Hoàn thành trong 57.9s. Final Cost: 977
2026-05-11 04:40:11,258 - ======================================================================
2026-05-11 04:40:11,258 - BÁO CÁO TỔNG KẾT (SUMMARY)
2026-05-11 04:40:11,258 - ======================================================================
2026-05-11 04:40:11,258 -   1. Chi phí Clarke-Wright:     1205
2026-05-11 04:40:11,258 -   2. Chi phí sau CPLEX MIP:     977
2026-05-11 04:40:11,258 -   => TỔNG CẢI THIỆN:            228
2026-05-11 04:40:11,258 -   => Số lần CPLEX Single cải thiện  : 6 lần
2026-05-11 04:40:11,258 -   => Số lần CPLEX Pairwise cải thiện: 22 lần
2026-05-11 04:40:11,258 -   => TỔNG THỜI GIAN CHẠY:       57.909s
2026-05-11 04:40:11,259 - ======================================================================
2026-05-11 04:40:11,259 - CPLEX MIP SOLVER  |  FILE: P-n60-k10.vrp
2026-05-11 04:40:11,259 - ======================================================================
2026-05-11 04:40:11,266 - Thông tin dữ liệu: Dimension=60, K=10, Capacity=120
2026-05-11 04:40:11,266 - --- Step 1: Clarke-Wright Heuristic ---
2026-05-11 04:40:11,269 -   Kết quả CW: Cost = 981, Time = 0.003s
2026-05-11 04:40:11,270 - --- Step 2: Advanced Optimization (CPLEX MIP) ---
2026-05-11 04:40:11,270 - =========================================
2026-05-11 04:40:11,270 - BẮT ĐẦU OPTIMIZE  (100% CPLEX MIP)
2026-05-11 04:40:11,270 -  -> Max Single Size  : 21
2026-05-11 04:40:11,270 -  -> Single Timeout   : 60.0s
2026-05-11 04:40:11,270 -  -> Max Pairwise Size: 30
2026-05-11 04:40:11,270 -  -> Pairwise Timeout : 54.0s
2026-05-11 04:40:11,270 -  -> Global Timeout   : 1200.0s
2026-05-11 04:40:11,270 -  -> Chi phí khởi điểm: 981
2026-05-11 04:40:11,270 - =========================================
2026-05-11 04:40:11,270 - === BẮT ĐẦU CHẶNG 4: CPLEX MIP CHÍNH XÁC | Cost: 981 ===
2026-05-11 04:40:11,270 -   [GĐ 4.1] Giải bài toán TSP trên từng tuyến đơn...
2026-05-11 04:40:11,489 -     -> Single CPLEX cải thiện: 55. Cost mới: 926
2026-05-11 04:40:11,489 -   [GĐ 4.2] Xét từng cặp tuyến để phân bổ lại khách hàng...
2026-05-11 04:40:11,489 -   --- Pairwise Iter 1 (còn 1200s) ---
2026-05-11 04:40:25,290 -     [P4.2] Pair (4,7) giảm 12 -> BEST = 914
2026-05-11 04:40:25,341 -   --- Pairwise Iter 2 (còn 1186s) ---
2026-05-11 04:40:35,018 -     [P4.2] Pair (3,6) giảm 19 -> BEST = 895
2026-05-11 04:40:35,053 -   --- Pairwise Iter 3 (còn 1176s) ---
2026-05-11 04:41:53,466 -     [P4.2] Pair (7,8) giảm 15 -> BEST = 880
2026-05-11 04:41:53,514 -   --- Pairwise Iter 4 (còn 1098s) ---
2026-05-11 04:42:06,575 -     [P4.2] Pair (4,7) giảm 2 -> BEST = 878
2026-05-11 04:42:06,627 -   --- Pairwise Iter 5 (còn 1085s) ---
2026-05-11 04:42:45,516 -     [P4.2] Pair (7,8) giảm 3 -> BEST = 875
2026-05-11 04:42:45,602 -   --- Pairwise Iter 6 (còn 1046s) ---
2026-05-11 04:43:30,573 -     [P4.2] Pair (3,8) giảm 17 -> BEST = 858
2026-05-11 04:43:30,620 -   --- Pairwise Iter 7 (còn 1001s) ---
2026-05-11 04:44:35,275 -     [P4.2] Pair (0,9) giảm 7 -> BEST = 851
2026-05-11 04:44:35,323 -   --- Pairwise Iter 8 (còn 936s) ---
2026-05-11 04:45:53,727 -     [P4.2] Pair (4,6) giảm 2 -> BEST = 849
2026-05-11 04:45:53,769 -   --- Pairwise Iter 9 (còn 858s) ---
2026-05-11 04:45:54,820 -     [P4.2] Pair (3,4) giảm 29 -> BEST = 820
2026-05-11 04:45:54,864 -   --- Pairwise Iter 10 (còn 856s) ---
2026-05-11 04:46:18,651 -     [P4.2] Pair (4,7) giảm 2 -> BEST = 818
2026-05-11 04:46:18,749 -   --- Pairwise Iter 11 (còn 833s) ---
2026-05-11 04:46:25,321 -     [P4.2] Pair (3,4) giảm 15 -> BEST = 803
2026-05-11 04:46:25,362 -   --- Pairwise Iter 12 (còn 826s) ---
2026-05-11 04:47:16,502 -     [P4.2] Pair (1,3) giảm 5 -> BEST = 798
2026-05-11 04:47:16,546 -   --- Pairwise Iter 13 (còn 775s) ---
2026-05-11 04:47:55,741 -     [P4.2] Pair (3,5) giảm 16 -> BEST = 782
2026-05-11 04:47:55,793 -   --- Pairwise Iter 14 (còn 735s) ---
2026-05-11 04:48:50,637 -     [P4.2] Pair (5,6) giảm 10 -> BEST = 772
2026-05-11 04:48:50,666 -   --- Pairwise Iter 15 (còn 681s) ---
2026-05-11 04:50:15,745 -     -> Đã đạt cực trị toàn cục cho mọi cặp dưới ngưỡng. KẾT THÚC CHẶNG 4.
2026-05-11 04:50:15,745 - Hoàn thành trong 604.5s. Final Cost: 772
2026-05-11 04:50:15,745 - ======================================================================
2026-05-11 04:50:15,745 - BÁO CÁO TỔNG KẾT (SUMMARY)
2026-05-11 04:50:15,745 - ======================================================================
2026-05-11 04:50:15,745 -   1. Chi phí Clarke-Wright:     981
2026-05-11 04:50:15,745 -   2. Chi phí sau CPLEX MIP:     772
2026-05-11 04:50:15,745 -   => TỔNG CẢI THIỆN:            209
2026-05-11 04:50:15,745 -   => Số lần CPLEX Single cải thiện  : 7 lần
2026-05-11 04:50:15,745 -   => Số lần CPLEX Pairwise cải thiện: 14 lần
2026-05-11 04:50:15,745 -   => TỔNG THỜI GIAN CHẠY:       604.479s
2026-05-11 04:50:15,746 - ======================================================================
2026-05-11 04:50:15,746 - CPLEX MIP SOLVER  |  FILE: P-n65-k10.vrp
2026-05-11 04:50:15,746 - ======================================================================
2026-05-11 04:50:15,754 - Thông tin dữ liệu: Dimension=65, K=10, Capacity=130
2026-05-11 04:50:15,754 - --- Step 1: Clarke-Wright Heuristic ---
2026-05-11 04:50:15,758 -   Kết quả CW: Cost = 1044, Time = 0.004s
2026-05-11 04:50:15,758 - --- Step 2: Advanced Optimization (CPLEX MIP) ---
2026-05-11 04:50:15,758 - =========================================
2026-05-11 04:50:15,758 - BẮT ĐẦU OPTIMIZE  (100% CPLEX MIP)
2026-05-11 04:50:15,758 -  -> Max Single Size  : 22
2026-05-11 04:50:15,758 -  -> Single Timeout   : 60.0s
2026-05-11 04:50:15,758 -  -> Max Pairwise Size: 32
2026-05-11 04:50:15,759 -  -> Pairwise Timeout : 59.0s
2026-05-11 04:50:15,759 -  -> Global Timeout   : 1200.0s
2026-05-11 04:50:15,759 -  -> Chi phí khởi điểm: 1044
2026-05-11 04:50:15,759 - =========================================
2026-05-11 04:50:15,759 - === BẮT ĐẦU CHẶNG 4: CPLEX MIP CHÍNH XÁC | Cost: 1044 ===
2026-05-11 04:50:15,759 -   [GĐ 4.1] Giải bài toán TSP trên từng tuyến đơn...
2026-05-11 04:50:16,097 -     -> Single CPLEX cải thiện: 84. Cost mới: 960
2026-05-11 04:50:16,097 -   [GĐ 4.2] Xét từng cặp tuyến để phân bổ lại khách hàng...
2026-05-11 04:50:16,097 -   --- Pairwise Iter 1 (còn 1200s) ---
2026-05-11 04:50:21,728 -     [P4.2] Pair (4,6) giảm 7 -> BEST = 953
2026-05-11 04:50:21,774 -   --- Pairwise Iter 2 (còn 1194s) ---
2026-05-11 04:50:46,362 -     [P4.2] Pair (0,9) giảm 4 -> BEST = 949
2026-05-11 04:50:46,424 -   --- Pairwise Iter 3 (còn 1169s) ---
2026-05-11 04:50:54,508 -     [P4.2] Pair (3,4) giảm 36 -> BEST = 913
2026-05-11 04:50:54,559 -   --- Pairwise Iter 4 (còn 1161s) ---
2026-05-11 04:51:16,295 -     [P4.2] Pair (3,8) giảm 27 -> BEST = 886
2026-05-11 04:51:16,351 -   --- Pairwise Iter 5 (còn 1139s) ---
2026-05-11 04:51:58,941 -     [P4.2] Pair (4,8) giảm 23 -> BEST = 863
2026-05-11 04:51:58,998 -   --- Pairwise Iter 6 (còn 1097s) ---
2026-05-11 04:51:59,830 -     [P4.2] Pair (3,8) giảm 13 -> BEST = 850
2026-05-11 04:51:59,869 -   --- Pairwise Iter 7 (còn 1096s) ---
2026-05-11 04:52:21,428 -     [P4.2] Pair (2,6) giảm 6 -> BEST = 844
2026-05-11 04:52:21,474 -   --- Pairwise Iter 8 (còn 1074s) ---
2026-05-11 04:52:43,194 -     [P4.2] Pair (2,3) giảm 2 -> BEST = 842
2026-05-11 04:52:43,244 -   --- Pairwise Iter 9 (còn 1053s) ---
2026-05-11 04:52:48,514 -     [P4.2] Pair (2,8) giảm 6 -> BEST = 836
2026-05-11 04:52:48,568 -   --- Pairwise Iter 10 (còn 1047s) ---
2026-05-11 04:53:55,084 -     [P4.2] Pair (2,4) giảm 1 -> BEST = 835
2026-05-11 04:53:55,132 -   --- Pairwise Iter 11 (còn 981s) ---
2026-05-11 04:55:02,706 -     [P4.2] Pair (3,5) giảm 10 -> BEST = 825
2026-05-11 04:55:02,748 -   --- Pairwise Iter 12 (còn 913s) ---
2026-05-11 04:56:40,308 -     [P4.2] Pair (1,7) giảm 9 -> BEST = 816
2026-05-11 04:56:40,360 -   --- Pairwise Iter 13 (còn 815s) ---
2026-05-11 04:56:56,912 -     [P4.2] Pair (0,1) giảm 3 -> BEST = 813
2026-05-11 04:56:56,963 -   --- Pairwise Iter 14 (còn 799s) ---
2026-05-11 04:59:06,582 -     [P4.2] Pair (0,6) giảm 2 -> BEST = 811
2026-05-11 04:59:06,643 -   --- Pairwise Iter 15 (còn 669s) ---
2026-05-11 05:03:11,805 -     [P4.2] Pair (0,3) giảm 2 -> BEST = 809
2026-05-11 05:03:11,851 -   --- Pairwise Iter 16 (còn 424s) ---
2026-05-11 05:07:44,629 -     -> Đã đạt cực trị toàn cục cho mọi cặp dưới ngưỡng. KẾT THÚC CHẶNG 4.
2026-05-11 05:07:44,629 - Hoàn thành trong 1048.9s. Final Cost: 809
2026-05-11 05:07:44,629 - ======================================================================
2026-05-11 05:07:44,629 - BÁO CÁO TỔNG KẾT (SUMMARY)
2026-05-11 05:07:44,629 - ======================================================================
2026-05-11 05:07:44,629 -   1. Chi phí Clarke-Wright:     1044
2026-05-11 05:07:44,629 -   2. Chi phí sau CPLEX MIP:     809
2026-05-11 05:07:44,629 -   => TỔNG CẢI THIỆN:            235
2026-05-11 05:07:44,629 -   => Số lần CPLEX Single cải thiện  : 9 lần
2026-05-11 05:07:44,629 -   => Số lần CPLEX Pairwise cải thiện: 15 lần
2026-05-11 05:07:44,629 -   => TỔNG THỜI GIAN CHẠY:       1048.874s
2026-05-11 05:07:44,634 - ======================================================================
2026-05-11 05:07:44,634 - CPLEX MIP SOLVER  |  FILE: P-n70-k10.vrp
2026-05-11 05:07:44,634 - ======================================================================
2026-05-11 05:07:44,644 - Thông tin dữ liệu: Dimension=70, K=10, Capacity=135
2026-05-11 05:07:44,644 - --- Step 1: Clarke-Wright Heuristic ---
2026-05-11 05:07:44,658 -   Kết quả CW: Cost = 1163, Time = 0.014s
2026-05-11 05:07:44,658 - --- Step 2: Advanced Optimization (CPLEX MIP) ---
2026-05-11 05:07:44,658 - =========================================
2026-05-11 05:07:44,658 - BẮT ĐẦU OPTIMIZE  (100% CPLEX MIP)
2026-05-11 05:07:44,658 -  -> Max Single Size  : 24
2026-05-11 05:07:44,658 -  -> Single Timeout   : 60.0s
2026-05-11 05:07:44,659 -  -> Max Pairwise Size: 35
2026-05-11 05:07:44,659 -  -> Pairwise Timeout : 63.0s
2026-05-11 05:07:44,659 -  -> Global Timeout   : 1200.0s
2026-05-11 05:07:44,659 -  -> Chi phí khởi điểm: 1163
2026-05-11 05:07:44,659 - =========================================
2026-05-11 05:07:44,659 - === BẮT ĐẦU CHẶNG 4: CPLEX MIP CHÍNH XÁC | Cost: 1163 ===
2026-05-11 05:07:44,659 -   [GĐ 4.1] Giải bài toán TSP trên từng tuyến đơn...
2026-05-11 05:07:45,017 -     -> Single CPLEX cải thiện: 51. Cost mới: 1112
2026-05-11 05:07:45,017 -   [GĐ 4.2] Xét từng cặp tuyến để phân bổ lại khách hàng...
2026-05-11 05:07:45,017 -   --- Pairwise Iter 1 (còn 1200s) ---
2026-05-11 05:07:47,884 -     [P4.2] Pair (6,7) giảm 67 -> BEST = 1045
2026-05-11 05:07:47,933 -   --- Pairwise Iter 2 (còn 1197s) ---
2026-05-11 05:07:52,526 -     [P4.2] Pair (2,9) giảm 4 -> BEST = 1041
2026-05-11 05:07:52,580 -   --- Pairwise Iter 3 (còn 1192s) ---
2026-05-11 05:08:03,566 -     [P4.2] Pair (2,5) giảm 9 -> BEST = 1032
2026-05-11 05:08:03,611 -   --- Pairwise Iter 4 (còn 1181s) ---
2026-05-11 05:08:21,873 -     [P4.2] Pair (5,9) giảm 1 -> BEST = 1031
2026-05-11 05:08:21,942 -   --- Pairwise Iter 5 (còn 1163s) ---
2026-05-11 05:09:08,938 -     [P4.2] Pair (4,8) giảm 25 -> BEST = 1006
2026-05-11 05:09:09,059 -   --- Pairwise Iter 6 (còn 1116s) ---
2026-05-11 05:09:36,840 -     [P4.2] Pair (0,3) giảm 36 -> BEST = 970
2026-05-11 05:09:36,888 -   --- Pairwise Iter 7 (còn 1088s) ---
2026-05-11 05:10:28,057 -     [P4.2] Pair (0,6) giảm 12 -> BEST = 958
2026-05-11 05:10:28,112 -   --- Pairwise Iter 8 (còn 1037s) ---
2026-05-11 05:11:48,264 -     [P4.2] Pair (0,3) giảm 2 -> BEST = 956
2026-05-11 05:11:48,318 -   --- Pairwise Iter 9 (còn 956s) ---
2026-05-11 05:12:44,863 -     [P4.2] Pair (3,6) giảm 3 -> BEST = 953
2026-05-11 05:12:44,903 -   --- Pairwise Iter 10 (còn 900s) ---
2026-05-11 05:14:30,615 -     [P4.2] Pair (2,4) giảm 16 -> BEST = 937
2026-05-11 05:14:30,653 -   --- Pairwise Iter 11 (còn 794s) ---
2026-05-11 05:15:59,078 -     [P4.2] Pair (2,5) giảm 3 -> BEST = 934
2026-05-11 05:15:59,171 -   --- Pairwise Iter 12 (còn 705s) ---
2026-05-11 05:16:17,399 -     [P4.2] Pair (2,9) giảm 5 -> BEST = 929
2026-05-11 05:16:17,460 -   --- Pairwise Iter 13 (còn 687s) ---
2026-05-11 05:17:47,697 -     [P4.2] Pair (2,6) giảm 11 -> BEST = 918
2026-05-11 05:17:47,750 -   --- Pairwise Iter 14 (còn 597s) ---
2026-05-11 05:18:12,353 -     [P4.2] Pair (6,7) giảm 10 -> BEST = 908
2026-05-11 05:18:12,388 -   --- Pairwise Iter 15 (còn 572s) ---
2026-05-11 05:19:17,169 -     [P4.2] Pair (2,3) giảm 5 -> BEST = 903
2026-05-11 05:19:17,231 -   --- Pairwise Iter 16 (còn 507s) ---
2026-05-11 05:19:22,812 -     [P4.2] Pair (2,7) giảm 2 -> BEST = 901
2026-05-11 05:19:22,851 -   --- Pairwise Iter 17 (còn 502s) ---
2026-05-11 05:20:10,198 -     [P4.2] Pair (3,7) giảm 1 -> BEST = 900
2026-05-11 05:20:10,271 -   --- Pairwise Iter 18 (còn 454s) ---
2026-05-11 05:20:46,983 -     [P4.2] Pair (0,7) giảm 9 -> BEST = 891
2026-05-11 05:20:47,022 -   --- Pairwise Iter 19 (còn 418s) ---
2026-05-11 05:22:54,872 -     [P4.2] Pair (1,8) giảm 9 -> BEST = 882
2026-05-11 05:22:54,927 -   --- Pairwise Iter 20 (còn 290s) ---
2026-05-11 05:24:08,243 -     [P4.2] Pair (1,5) giảm 1 -> BEST = 881
2026-05-11 05:24:08,310 -   --- Pairwise Iter 21 (còn 216s) ---
2026-05-11 05:27:42,695 -     -> Đã đạt cực trị toàn cục cho mọi cặp dưới ngưỡng. KẾT THÚC CHẶNG 4.
2026-05-11 05:27:42,695 - Hoàn thành trong 1198.0s. Final Cost: 881
2026-05-11 05:27:42,695 - ======================================================================
2026-05-11 05:27:42,695 - BÁO CÁO TỔNG KẾT (SUMMARY)
2026-05-11 05:27:42,695 - ======================================================================
2026-05-11 05:27:42,695 -   1. Chi phí Clarke-Wright:     1163
2026-05-11 05:27:42,695 -   2. Chi phí sau CPLEX MIP:     881
2026-05-11 05:27:42,695 -   => TỔNG CẢI THIỆN:            282
2026-05-11 05:27:42,695 -   => Số lần CPLEX Single cải thiện  : 7 lần
2026-05-11 05:27:42,695 -   => Số lần CPLEX Pairwise cải thiện: 20 lần
2026-05-11 05:27:42,695 -   => TỔNG THỜI GIAN CHẠY:       1198.051s
2026-05-11 05:27:42,696 - ======================================================================
2026-05-11 05:27:42,696 - CPLEX MIP SOLVER  |  FILE: P-n76-k5.vrp
2026-05-11 05:27:42,696 - ======================================================================
2026-05-11 05:27:42,704 - Thông tin dữ liệu: Dimension=76, K=5, Capacity=280
2026-05-11 05:27:42,704 - --- Step 1: Clarke-Wright Heuristic ---
2026-05-11 05:27:42,709 -   Kết quả CW: Cost = 992, Time = 0.005s
2026-05-11 05:27:42,709 - --- Step 2: Advanced Optimization (CPLEX MIP) ---
2026-05-11 05:27:42,709 - =========================================
2026-05-11 05:27:42,709 - BẮT ĐẦU OPTIMIZE  (100% CPLEX MIP)
2026-05-11 05:27:42,710 -  -> Max Single Size  : 40
2026-05-11 05:27:42,710 -  -> Single Timeout   : 60.0s
2026-05-11 05:27:42,710 -  -> Max Pairwise Size: 45
2026-05-11 05:27:42,710 -  -> Pairwise Timeout : 120.0s
2026-05-11 05:27:42,710 -  -> Global Timeout   : 1200.0s
2026-05-11 05:27:42,710 -  -> Chi phí khởi điểm: 992
2026-05-11 05:27:42,710 - =========================================
2026-05-11 05:27:42,710 - === BẮT ĐẦU CHẶNG 4: CPLEX MIP CHÍNH XÁC | Cost: 992 ===
2026-05-11 05:27:42,710 -   [GĐ 4.1] Giải bài toán TSP trên từng tuyến đơn...
2026-05-11 05:27:46,185 -     -> Single CPLEX cải thiện: 122. Cost mới: 870
2026-05-11 05:27:46,186 -   [GĐ 4.2] Xét từng cặp tuyến để phân bổ lại khách hàng...
2026-05-11 05:27:46,186 -   --- Pairwise Iter 1 (còn 1197s) ---
2026-05-11 05:31:46,463 -     [P4.2] Pair (2,3) giảm 33 -> BEST = 837
2026-05-11 05:31:46,540 -   --- Pairwise Iter 2 (còn 956s) ---
2026-05-11 05:33:46,696 -     [P4.2] Pair (2,4) giảm 73 -> BEST = 764
2026-05-11 05:33:47,226 -   --- Pairwise Iter 3 (còn 835s) ---
2026-05-11 05:41:20,303 -     [P4.2] Pair (3,4) giảm 13 -> BEST = 751
2026-05-11 05:41:20,607 -   --- Pairwise Iter 4 (còn 382s) ---
2026-05-11 05:43:20,815 -     [P4.2] Pair (2,3) giảm 6 -> BEST = 745
2026-05-11 05:43:21,294 -   --- Pairwise Iter 5 (còn 261s) ---
2026-05-11 05:47:40,857 -     -> Đã đạt cực trị toàn cục cho mọi cặp dưới ngưỡng. KẾT THÚC CHẶNG 4.
2026-05-11 05:47:40,857 - Hoàn thành trong 1198.1s. Final Cost: 745
2026-05-11 05:47:40,857 - ======================================================================
2026-05-11 05:47:40,857 - BÁO CÁO TỔNG KẾT (SUMMARY)
2026-05-11 05:47:40,857 - ======================================================================
2026-05-11 05:47:40,857 -   1. Chi phí Clarke-Wright:     992
2026-05-11 05:47:40,857 -   2. Chi phí sau CPLEX MIP:     745
2026-05-11 05:47:40,857 -   => TỔNG CẢI THIỆN:            247
2026-05-11 05:47:40,857 -   => Số lần CPLEX Single cải thiện  : 5 lần
2026-05-11 05:47:40,857 -   => Số lần CPLEX Pairwise cải thiện: 4 lần
2026-05-11 05:47:40,857 -   => TỔNG THỜI GIAN CHẠY:       1198.152s
2026-05-11 05:47:40,858 - ======================================================================
2026-05-11 05:47:40,858 - CPLEX MIP SOLVER  |  FILE: P-n76-k4.vrp
2026-05-11 05:47:40,858 - ======================================================================
2026-05-11 05:47:40,867 - Thông tin dữ liệu: Dimension=76, K=4, Capacity=350
2026-05-11 05:47:40,867 - --- Step 1: Clarke-Wright Heuristic ---
2026-05-11 05:47:40,872 -   Kết quả CW: Cost = 941, Time = 0.005s
2026-05-11 05:47:40,872 - --- Step 2: Advanced Optimization (CPLEX MIP) ---
2026-05-11 05:47:40,872 - =========================================
2026-05-11 05:47:40,872 - BẮT ĐẦU OPTIMIZE  (100% CPLEX MIP)
2026-05-11 05:47:40,872 -  -> Max Single Size  : 40
2026-05-11 05:47:40,872 -  -> Single Timeout   : 60.0s
2026-05-11 05:47:40,872 -  -> Max Pairwise Size: 45
2026-05-11 05:47:40,872 -  -> Pairwise Timeout : 120.0s
2026-05-11 05:47:40,872 -  -> Global Timeout   : 1200.0s
2026-05-11 05:47:40,872 -  -> Chi phí khởi điểm: 941
2026-05-11 05:47:40,872 - =========================================
2026-05-11 05:47:40,872 - === BẮT ĐẦU CHẶNG 4: CPLEX MIP CHÍNH XÁC | Cost: 941 ===
2026-05-11 05:47:40,872 -   [GĐ 4.1] Giải bài toán TSP trên từng tuyến đơn...
2026-05-11 05:47:57,197 -     -> Single CPLEX cải thiện: 192. Cost mới: 749
2026-05-11 05:47:57,197 -   [GĐ 4.2] Xét từng cặp tuyến để phân bổ lại khách hàng...
2026-05-11 05:47:57,197 -   --- Pairwise Iter 1 (còn 1184s) ---
2026-05-11 05:51:57,620 -     [P4.2] Pair (1,2) giảm 18 -> BEST = 731
2026-05-11 05:51:57,875 -       [S-re] Route 1: 131 → 123  (−8) | BEST = 723
2026-05-11 05:51:57,944 -   --- Pairwise Iter 2 (còn 943s) ---
2026-05-11 06:03:59,327 -     -> Đã đạt cực trị toàn cục cho mọi cặp dưới ngưỡng. KẾT THÚC CHẶNG 4.
2026-05-11 06:03:59,327 - Hoàn thành trong 978.5s. Final Cost: 723
2026-05-11 06:03:59,327 - ======================================================================
2026-05-11 06:03:59,327 - BÁO CÁO TỔNG KẾT (SUMMARY)
2026-05-11 06:03:59,327 - ======================================================================
2026-05-11 06:03:59,327 -   1. Chi phí Clarke-Wright:     941
2026-05-11 06:03:59,327 -   2. Chi phí sau CPLEX MIP:     723
2026-05-11 06:03:59,327 -   => TỔNG CẢI THIỆN:            218
2026-05-11 06:03:59,327 -   => Số lần CPLEX Single cải thiện  : 5 lần
2026-05-11 06:03:59,327 -   => Số lần CPLEX Pairwise cải thiện: 1 lần
2026-05-11 06:03:59,327 -   => TỔNG THỜI GIAN CHẠY:       978.460s
2026-05-11 06:03:59,328 - ======================================================================
2026-05-11 06:03:59,328 - CPLEX MIP SOLVER  |  FILE: P-n101-k4.vrp
2026-05-11 06:03:59,328 - ======================================================================
2026-05-11 06:03:59,344 - Thông tin dữ liệu: Dimension=101, K=4, Capacity=400
2026-05-11 06:03:59,345 - --- Step 1: Clarke-Wright Heuristic ---
2026-05-11 06:03:59,355 -   Kết quả CW: Cost = 971, Time = 0.010s
2026-05-11 06:03:59,355 - --- Step 2: Advanced Optimization (CPLEX MIP) ---
2026-05-11 06:03:59,355 - =========================================
2026-05-11 06:03:59,355 - BẮT ĐẦU OPTIMIZE  (100% CPLEX MIP)
2026-05-11 06:03:59,355 -  -> Max Single Size  : 40
2026-05-11 06:03:59,355 -  -> Single Timeout   : 60.0s
2026-05-11 06:03:59,355 -  -> Max Pairwise Size: 45
2026-05-11 06:03:59,355 -  -> Pairwise Timeout : 120.0s
2026-05-11 06:03:59,355 -  -> Global Timeout   : 1200.0s
2026-05-11 06:03:59,355 -  -> Chi phí khởi điểm: 971
2026-05-11 06:03:59,355 - =========================================
2026-05-11 06:03:59,355 - === BẮT ĐẦU CHẶNG 4: CPLEX MIP CHÍNH XÁC | Cost: 971 ===
2026-05-11 06:03:59,355 -   [GĐ 4.1] Giải bài toán TSP trên từng tuyến đơn...
2026-05-11 06:04:26,314 -     -> Single CPLEX cải thiện: 136. Cost mới: 835
2026-05-11 06:04:26,314 -   [GĐ 4.2] Xét từng cặp tuyến để phân bổ lại khách hàng...
2026-05-11 06:04:26,314 -   --- Pairwise Iter 1 (còn 1173s) ---
2026-05-11 06:04:26,315 -     -> Đã đạt cực trị toàn cục cho mọi cặp dưới ngưỡng. KẾT THÚC CHẶNG 4.
2026-05-11 06:04:26,315 - Hoàn thành trong 27.0s. Final Cost: 835
2026-05-11 06:04:26,315 - ======================================================================
2026-05-11 06:04:26,315 - BÁO CÁO TỔNG KẾT (SUMMARY)
2026-05-11 06:04:26,315 - ======================================================================
2026-05-11 06:04:26,315 -   1. Chi phí Clarke-Wright:     971
2026-05-11 06:04:26,315 -   2. Chi phí sau CPLEX MIP:     835
2026-05-11 06:04:26,315 -   => TỔNG CẢI THIỆN:            136
2026-05-11 06:04:26,315 -   => Số lần CPLEX Single cải thiện  : 4 lần
2026-05-11 06:04:26,315 -   => Số lần CPLEX Pairwise cải thiện: 0 lần
2026-05-11 06:04:26,315 -   => TỔNG THỜI GIAN CHẠY:       26.970s
