2026-04-13 05:55:19,476 - ======================================================================
2026-04-13 05:55:19,477 - CPLEX MIP SOLVER  |  FILE: E-n13-k4.vrp
2026-04-13 05:55:19,477 - ======================================================================
2026-04-13 05:55:19,477 - Thông tin dữ liệu: Dimension=13, K=4, Capacity=6000
2026-04-13 05:55:19,477 - --- Step 1: Clarke-Wright Heuristic ---
2026-04-13 05:55:19,478 -   Kết quả CW: Cost = 368, Time = 0.001s
2026-04-13 05:55:19,478 - --- Step 2: Advanced Optimization (CPLEX MIP) ---
2026-04-13 05:55:19,478 - =========================================
2026-04-13 05:55:19,478 - BẮT ĐẦU OPTIMIZE  (100% CPLEX MIP)
2026-04-13 05:55:19,478 -  -> Max Single Size  : 20
2026-04-13 05:55:19,478 -  -> Single Timeout   : 40.0s
2026-04-13 05:55:19,478 -  -> Max Pairwise Size: 16
2026-04-13 05:55:19,478 -  -> Pairwise Timeout : 30.0s
2026-04-13 05:55:19,478 -  -> Global Timeout   : 1600.0s
2026-04-13 05:55:19,478 -  -> Chi phí khởi điểm: 368
2026-04-13 05:55:19,478 - =========================================
2026-04-13 05:55:19,478 - === BẮT ĐẦU CHẶNG 4: CPLEX MIP CHÍNH XÁC | Cost: 368 ===
2026-04-13 05:55:19,478 -   [GĐ 4.1] Giải bài toán TSP trên từng tuyến đơn...
2026-04-13 05:55:19,595 -     -> Single CPLEX cải thiện: 22. Cost mới: 346
2026-04-13 05:55:19,595 -   [GĐ 4.2] Xét từng cặp tuyến để phân bổ lại khách hàng...
2026-04-13 05:55:19,595 -   --- Pairwise Iter 1 (còn 1600s) ---
2026-04-13 05:55:19,627 -     [P4.2] Pair (0,2) giảm 5 -> BEST = 341
2026-04-13 05:55:19,637 -   --- Pairwise Iter 2 (còn 1600s) ---
2026-04-13 05:55:19,702 -     [P4.2] Pair (2,3) giảm 5 -> BEST = 336
2026-04-13 05:55:19,711 -   --- Pairwise Iter 3 (còn 1600s) ---
2026-04-13 05:55:19,789 -     [P4.2] Pair (0,2) giảm 17 -> BEST = 319
2026-04-13 05:55:19,808 -   --- Pairwise Iter 4 (còn 1600s) ---
2026-04-13 05:55:19,945 -     [P4.2] Pair (0,1) giảm 43 -> BEST = 276
2026-04-13 05:55:19,964 -   --- Pairwise Iter 5 (còn 1600s) ---
2026-04-13 05:55:20,022 -     [P4.2] Pair (0,2) giảm 1 -> BEST = 275
2026-04-13 05:55:20,040 -   --- Pairwise Iter 6 (còn 1599s) ---
2026-04-13 05:55:20,261 -     [P4.2] Pair (1,3) giảm 19 -> BEST = 256
2026-04-13 05:55:20,270 -   --- Pairwise Iter 7 (còn 1599s) ---
2026-04-13 05:55:20,436 -     [P4.2] Pair (2,3) giảm 6 -> BEST = 250
2026-04-13 05:55:20,457 -   --- Pairwise Iter 8 (còn 1599s) ---
2026-04-13 05:55:20,592 -     [P4.2] Pair (0,3) giảm 3 -> BEST = 247
2026-04-13 05:55:20,609 -   --- Pairwise Iter 9 (còn 1599s) ---
2026-04-13 05:55:20,822 -     -> Đã đạt cực trị toàn cục cho mọi cặp dưới ngưỡng. KẾT THÚC CHẶNG 4.
2026-04-13 05:55:20,822 - Hoàn thành trong 1.3s. Final Cost: 247
2026-04-13 05:55:20,822 - ======================================================================
2026-04-13 05:55:20,822 - BÁO CÁO TỔNG KẾT (SUMMARY)
2026-04-13 05:55:20,822 - ======================================================================
2026-04-13 05:55:20,822 -   1. Chi phí Clarke-Wright:     368
2026-04-13 05:55:20,822 -   2. Chi phí sau CPLEX MIP:     247
2026-04-13 05:55:20,822 -   => TỔNG CẢI THIỆN:            121
2026-04-13 05:55:20,822 -   => Số lần CPLEX Single cải thiện  : 1 lần
2026-04-13 05:55:20,823 -   => Số lần CPLEX Pairwise cải thiện: 8 lần
2026-04-13 05:55:20,823 -   => TỔNG THỜI GIAN CHẠY:       1.345s
2026-04-13 05:55:20,823 - ======================================================================
2026-04-13 05:55:20,823 - CPLEX MIP SOLVER  |  FILE: E-n22-k4.vrp
2026-04-13 05:55:20,823 - ======================================================================
2026-04-13 05:55:20,824 - Thông tin dữ liệu: Dimension=22, K=4, Capacity=6000
2026-04-13 05:55:20,824 - --- Step 1: Clarke-Wright Heuristic ---
2026-04-13 05:55:20,825 -   Kết quả CW: Cost = 544, Time = 0.001s
2026-04-13 05:55:20,825 - --- Step 2: Advanced Optimization (CPLEX MIP) ---
2026-04-13 05:55:20,825 - =========================================
2026-04-13 05:55:20,825 - BẮT ĐẦU OPTIMIZE  (100% CPLEX MIP)
2026-04-13 05:55:20,825 -  -> Max Single Size  : 20
2026-04-13 05:55:20,825 -  -> Single Timeout   : 40.0s
2026-04-13 05:55:20,825 -  -> Max Pairwise Size: 16
2026-04-13 05:55:20,825 -  -> Pairwise Timeout : 50.0s
2026-04-13 05:55:20,825 -  -> Global Timeout   : 1600.0s
2026-04-13 05:55:20,825 -  -> Chi phí khởi điểm: 544
2026-04-13 05:55:20,825 - =========================================
2026-04-13 05:55:20,825 - === BẮT ĐẦU CHẶNG 4: CPLEX MIP CHÍNH XÁC | Cost: 544 ===
2026-04-13 05:55:20,825 -   [GĐ 4.1] Giải bài toán TSP trên từng tuyến đơn...
2026-04-13 05:55:20,896 -     -> Single CPLEX cải thiện: 59. Cost mới: 485
2026-04-13 05:55:20,896 -   [GĐ 4.2] Xét từng cặp tuyến để phân bổ lại khách hàng...
2026-04-13 05:55:20,896 -   --- Pairwise Iter 1 (còn 1600s) ---
2026-04-13 05:55:25,731 -     [P4.2] Pair (0,2) giảm 46 -> BEST = 439
2026-04-13 05:55:25,763 -   --- Pairwise Iter 2 (còn 1595s) ---
2026-04-13 05:55:27,835 -     [P4.2] Pair (0,3) giảm 1 -> BEST = 438
2026-04-13 05:55:27,856 -   --- Pairwise Iter 3 (còn 1593s) ---
2026-04-13 05:55:28,738 -     [P4.2] Pair (1,3) giảm 12 -> BEST = 426
2026-04-13 05:55:28,760 -   --- Pairwise Iter 4 (còn 1592s) ---
2026-04-13 05:55:30,132 -     [P4.2] Pair (2,3) giảm 43 -> BEST = 383
2026-04-13 05:55:30,159 -   --- Pairwise Iter 5 (còn 1591s) ---
2026-04-13 05:55:31,439 -     [P4.2] Pair (0,1) giảm 8 -> BEST = 375
2026-04-13 05:55:31,459 -   --- Pairwise Iter 6 (còn 1589s) ---
2026-04-13 05:55:33,291 -     -> Đã đạt cực trị toàn cục cho mọi cặp dưới ngưỡng. KẾT THÚC CHẶNG 4.
2026-04-13 05:55:33,292 - Hoàn thành trong 12.5s. Final Cost: 375
2026-04-13 05:55:33,292 - ======================================================================
2026-04-13 05:55:33,292 - BÁO CÁO TỔNG KẾT (SUMMARY)
2026-04-13 05:55:33,292 - ======================================================================
2026-04-13 05:55:33,292 -   1. Chi phí Clarke-Wright:     544
2026-04-13 05:55:33,292 -   2. Chi phí sau CPLEX MIP:     375
2026-04-13 05:55:33,292 -   => TỔNG CẢI THIỆN:            169
2026-04-13 05:55:33,292 -   => Số lần CPLEX Single cải thiện  : 3 lần
2026-04-13 05:55:33,292 -   => Số lần CPLEX Pairwise cải thiện: 5 lần
2026-04-13 05:55:33,292 -   => TỔNG THỜI GIAN CHẠY:       12.467s
2026-04-13 05:55:33,293 - ======================================================================
2026-04-13 05:55:33,293 - CPLEX MIP SOLVER  |  FILE: E-n23-k3.vrp
2026-04-13 05:55:33,293 - ======================================================================
2026-04-13 05:55:33,294 - Thông tin dữ liệu: Dimension=23, K=3, Capacity=4500
2026-04-13 05:55:33,294 - --- Step 1: Clarke-Wright Heuristic ---
2026-04-13 05:55:33,294 -   Kết quả CW: Cost = 741, Time = 0.001s
2026-04-13 05:55:33,294 - --- Step 2: Advanced Optimization (CPLEX MIP) ---
2026-04-13 05:55:33,294 - =========================================
2026-04-13 05:55:33,294 - BẮT ĐẦU OPTIMIZE  (100% CPLEX MIP)
2026-04-13 05:55:33,295 -  -> Max Single Size  : 20
2026-04-13 05:55:33,295 -  -> Single Timeout   : 40.0s
2026-04-13 05:55:33,295 -  -> Max Pairwise Size: 23
2026-04-13 05:55:33,295 -  -> Pairwise Timeout : 69.0s
2026-04-13 05:55:33,295 -  -> Global Timeout   : 1600.0s
2026-04-13 05:55:33,295 -  -> Chi phí khởi điểm: 741
2026-04-13 05:55:33,295 - =========================================
2026-04-13 05:55:33,295 - === BẮT ĐẦU CHẶNG 4: CPLEX MIP CHÍNH XÁC | Cost: 741 ===
2026-04-13 05:55:33,295 -   [GĐ 4.1] Giải bài toán TSP trên từng tuyến đơn...
2026-04-13 05:55:33,355 -     -> Single CPLEX cải thiện: 172. Cost mới: 569
2026-04-13 05:55:33,355 -   [GĐ 4.2] Xét từng cặp tuyến để phân bổ lại khách hàng...
2026-04-13 05:55:33,355 -   --- Pairwise Iter 1 (còn 1600s) ---
2026-04-13 05:55:38,850 -     -> Đã đạt cực trị toàn cục cho mọi cặp dưới ngưỡng. KẾT THÚC CHẶNG 4.
2026-04-13 05:55:38,851 - Hoàn thành trong 5.6s. Final Cost: 569
2026-04-13 05:55:38,851 - ======================================================================
2026-04-13 05:55:38,851 - BÁO CÁO TỔNG KẾT (SUMMARY)
2026-04-13 05:55:38,851 - ======================================================================
2026-04-13 05:55:38,851 -   1. Chi phí Clarke-Wright:     741
2026-04-13 05:55:38,851 -   2. Chi phí sau CPLEX MIP:     569
2026-04-13 05:55:38,851 -   => TỔNG CẢI THIỆN:            172
2026-04-13 05:55:38,851 -   => Số lần CPLEX Single cải thiện  : 2 lần
2026-04-13 05:55:38,851 -   => Số lần CPLEX Pairwise cải thiện: 0 lần
2026-04-13 05:55:38,851 -   => TỔNG THỜI GIAN CHẠY:       5.557s
2026-04-13 05:55:38,852 - ======================================================================
2026-04-13 05:55:38,852 - CPLEX MIP SOLVER  |  FILE: E-n30-k3.vrp
2026-04-13 05:55:38,852 - ======================================================================
2026-04-13 05:55:38,853 - Thông tin dữ liệu: Dimension=30, K=3, Capacity=4500
2026-04-13 05:55:38,853 - --- Step 1: Clarke-Wright Heuristic ---
2026-04-13 05:55:38,854 -   Kết quả CW: Cost = 642, Time = 0.001s
2026-04-13 05:55:38,854 - --- Step 2: Advanced Optimization (CPLEX MIP) ---
2026-04-13 05:55:38,854 - =========================================
2026-04-13 05:55:38,854 - BẮT ĐẦU OPTIMIZE  (100% CPLEX MIP)
2026-04-13 05:55:38,854 -  -> Max Single Size  : 20
2026-04-13 05:55:38,854 -  -> Single Timeout   : 40.0s
2026-04-13 05:55:38,854 -  -> Max Pairwise Size: 28
2026-04-13 05:55:38,854 -  -> Pairwise Timeout : 90.0s
2026-04-13 05:55:38,854 -  -> Global Timeout   : 1600.0s
2026-04-13 05:55:38,854 -  -> Chi phí khởi điểm: 642
2026-04-13 05:55:38,854 - =========================================
2026-04-13 05:55:38,854 - === BẮT ĐẦU CHẶNG 4: CPLEX MIP CHÍNH XÁC | Cost: 642 ===
2026-04-13 05:55:38,854 -   [GĐ 4.1] Giải bài toán TSP trên từng tuyến đơn...
2026-04-13 05:55:42,458 -     -> Single CPLEX cải thiện: 72. Cost mới: 570
2026-04-13 05:55:42,458 -   [GĐ 4.2] Xét từng cặp tuyến để phân bổ lại khách hàng...
2026-04-13 05:55:42,458 -   --- Pairwise Iter 1 (còn 1596s) ---
2026-04-13 05:58:42,567 -     [P4.2] Pair (0,1) giảm 25 -> BEST = 545
2026-04-13 05:58:43,727 -   --- Pairwise Iter 2 (còn 1415s) ---
2026-04-13 06:00:13,798 -     [P4.2] Pair (0,2) giảm 1 -> BEST = 544
2026-04-13 06:00:16,371 -       [S-re] Route 0: 254 → 253  (−1) | BEST = 543
2026-04-13 06:00:16,704 -       [S-re] Route 2: 153 → 148  (−5) | BEST = 538
2026-04-13 06:00:16,704 -   --- Pairwise Iter 3 (còn 1322s) ---
2026-04-13 06:04:17,365 -     -> Đã đạt cực trị toàn cục cho mọi cặp dưới ngưỡng. KẾT THÚC CHẶNG 4.
2026-04-13 06:04:17,365 - Hoàn thành trong 518.5s. Final Cost: 538
2026-04-13 06:04:17,365 - ======================================================================
2026-04-13 06:04:17,365 - BÁO CÁO TỔNG KẾT (SUMMARY)
2026-04-13 06:04:17,365 - ======================================================================
2026-04-13 06:04:17,365 -   1. Chi phí Clarke-Wright:     642
2026-04-13 06:04:17,365 -   2. Chi phí sau CPLEX MIP:     538
2026-04-13 06:04:17,365 -   => TỔNG CẢI THIỆN:            104
2026-04-13 06:04:17,365 -   => Số lần CPLEX Single cải thiện  : 5 lần
2026-04-13 06:04:17,365 -   => Số lần CPLEX Pairwise cải thiện: 2 lần
2026-04-13 06:04:17,365 -   => TỔNG THỜI GIAN CHẠY:       518.511s
2026-04-13 06:04:17,366 - ======================================================================
2026-04-13 06:04:17,366 - CPLEX MIP SOLVER  |  FILE: E-n31-k7.vrp
2026-04-13 06:04:17,366 - ======================================================================
2026-04-13 06:04:17,366 - Thông tin dữ liệu: Dimension=31, K=7, Capacity=140
2026-04-13 06:04:17,366 - --- Step 1: Clarke-Wright Heuristic ---
2026-04-13 06:04:17,367 -   Kết quả CW: Cost = 843, Time = 0.001s
2026-04-13 06:04:17,367 - --- Step 2: Advanced Optimization (CPLEX MIP) ---
2026-04-13 06:04:17,367 - =========================================
2026-04-13 06:04:17,367 - BẮT ĐẦU OPTIMIZE  (100% CPLEX MIP)
2026-04-13 06:04:17,367 -  -> Max Single Size  : 20
2026-04-13 06:04:17,367 -  -> Single Timeout   : 40.0s
2026-04-13 06:04:17,367 -  -> Max Pairwise Size: 16
2026-04-13 06:04:17,368 -  -> Pairwise Timeout : 40.0s
2026-04-13 06:04:17,368 -  -> Global Timeout   : 1600.0s
2026-04-13 06:04:17,368 -  -> Chi phí khởi điểm: 843
2026-04-13 06:04:17,368 - =========================================
2026-04-13 06:04:17,368 - === BẮT ĐẦU CHẶNG 4: CPLEX MIP CHÍNH XÁC | Cost: 843 ===
2026-04-13 06:04:17,368 -   [GĐ 4.1] Giải bài toán TSP trên từng tuyến đơn...
2026-04-13 06:04:17,460 -     -> Single CPLEX cải thiện: 203. Cost mới: 640
2026-04-13 06:04:17,461 -   [GĐ 4.2] Xét từng cặp tuyến để phân bổ lại khách hàng...
2026-04-13 06:04:17,461 -   --- Pairwise Iter 1 (còn 1600s) ---
2026-04-13 06:04:17,478 -     [P4.2] Pair (1,6) giảm 6 -> BEST = 634
2026-04-13 06:04:17,488 -   --- Pairwise Iter 2 (còn 1600s) ---
2026-04-13 06:04:17,534 -     [P4.2] Pair (2,5) giảm 80 -> BEST = 554
2026-04-13 06:04:17,556 -   --- Pairwise Iter 3 (còn 1600s) ---
2026-04-13 06:04:17,650 -     [P4.2] Pair (0,1) giảm 46 -> BEST = 508
2026-04-13 06:04:17,670 -   --- Pairwise Iter 4 (còn 1600s) ---
2026-04-13 06:04:17,910 -     [P4.2] Pair (0,5) giảm 13 -> BEST = 495
2026-04-13 06:04:17,935 -   --- Pairwise Iter 5 (còn 1599s) ---
2026-04-13 06:04:18,032 -     [P4.2] Pair (0,1) giảm 19 -> BEST = 476
2026-04-13 06:04:18,055 -   --- Pairwise Iter 6 (còn 1599s) ---
2026-04-13 06:04:18,451 -     [P4.2] Pair (0,3) giảm 27 -> BEST = 449
2026-04-13 06:04:18,477 -   --- Pairwise Iter 7 (còn 1599s) ---
2026-04-13 06:04:18,609 -     [P4.2] Pair (0,1) giảm 11 -> BEST = 438
2026-04-13 06:04:18,638 -   --- Pairwise Iter 8 (còn 1599s) ---
2026-04-13 06:04:19,301 -     [P4.2] Pair (0,4) giảm 3 -> BEST = 435
2026-04-13 06:04:19,325 -   --- Pairwise Iter 9 (còn 1598s) ---
2026-04-13 06:04:19,546 -     [P4.2] Pair (1,4) giảm 2 -> BEST = 433
2026-04-13 06:04:19,570 -   --- Pairwise Iter 10 (còn 1598s) ---
2026-04-13 06:04:19,885 -     [P4.2] Pair (0,4) giảm 12 -> BEST = 421
2026-04-13 06:04:19,910 -   --- Pairwise Iter 11 (còn 1597s) ---
2026-04-13 06:04:20,413 -     [P4.2] Pair (1,4) giảm 3 -> BEST = 418
2026-04-13 06:04:20,446 -   --- Pairwise Iter 12 (còn 1597s) ---
2026-04-13 06:04:21,620 -     [P4.2] Pair (1,3) giảm 12 -> BEST = 406
2026-04-13 06:04:21,645 -   --- Pairwise Iter 13 (còn 1596s) ---
2026-04-13 06:04:22,115 -     [P4.2] Pair (3,4) giảm 6 -> BEST = 400
2026-04-13 06:04:22,138 -   --- Pairwise Iter 14 (còn 1595s) ---
2026-04-13 06:04:23,307 -     [P4.2] Pair (3,5) giảm 1 -> BEST = 399
2026-04-13 06:04:23,327 -   --- Pairwise Iter 15 (còn 1594s) ---
2026-04-13 06:04:23,839 -     [P4.2] Pair (4,5) giảm 8 -> BEST = 391
2026-04-13 06:04:23,868 -   --- Pairwise Iter 16 (còn 1593s) ---
2026-04-13 06:04:25,473 -     -> Đã đạt cực trị toàn cục cho mọi cặp dưới ngưỡng. KẾT THÚC CHẶNG 4.
2026-04-13 06:04:25,473 - Hoàn thành trong 8.1s. Final Cost: 391
2026-04-13 06:04:25,473 - ======================================================================
2026-04-13 06:04:25,473 - BÁO CÁO TỔNG KẾT (SUMMARY)
2026-04-13 06:04:25,473 - ======================================================================
2026-04-13 06:04:25,473 -   1. Chi phí Clarke-Wright:     843
2026-04-13 06:04:25,473 -   2. Chi phí sau CPLEX MIP:     391
2026-04-13 06:04:25,473 -   => TỔNG CẢI THIỆN:            452
2026-04-13 06:04:25,473 -   => Số lần CPLEX Single cải thiện  : 4 lần
2026-04-13 06:04:25,473 -   => Số lần CPLEX Pairwise cải thiện: 15 lần
2026-04-13 06:04:25,473 -   => TỔNG THỜI GIAN CHẠY:       8.106s
2026-04-13 06:04:25,474 - ======================================================================
2026-04-13 06:04:25,474 - CPLEX MIP SOLVER  |  FILE: E-n33-k4.vrp
2026-04-13 06:04:25,474 - ======================================================================
2026-04-13 06:04:25,476 - Thông tin dữ liệu: Dimension=33, K=4, Capacity=8000
2026-04-13 06:04:25,476 - --- Step 1: Clarke-Wright Heuristic ---
2026-04-13 06:04:25,477 -   Kết quả CW: Cost = 942, Time = 0.001s
2026-04-13 06:04:25,477 - --- Step 2: Advanced Optimization (CPLEX MIP) ---
2026-04-13 06:04:25,477 - =========================================
2026-04-13 06:04:25,477 - BẮT ĐẦU OPTIMIZE  (100% CPLEX MIP)
2026-04-13 06:04:25,477 -  -> Max Single Size  : 20
2026-04-13 06:04:25,477 -  -> Single Timeout   : 40.0s
2026-04-13 06:04:25,477 -  -> Max Pairwise Size: 24
2026-04-13 06:04:25,477 -  -> Pairwise Timeout : 75.0s
2026-04-13 06:04:25,477 -  -> Global Timeout   : 1600.0s
2026-04-13 06:04:25,477 -  -> Chi phí khởi điểm: 942
2026-04-13 06:04:25,477 - =========================================
2026-04-13 06:04:25,477 - === BẮT ĐẦU CHẶNG 4: CPLEX MIP CHÍNH XÁC | Cost: 942 ===
2026-04-13 06:04:25,477 -   [GĐ 4.1] Giải bài toán TSP trên từng tuyến đơn...
2026-04-13 06:05:16,280 -     -> Single CPLEX cải thiện: 47. Cost mới: 895
2026-04-13 06:05:16,280 -   [GĐ 4.2] Xét từng cặp tuyến để phân bổ lại khách hàng...
2026-04-13 06:05:16,280 -   --- Pairwise Iter 1 (còn 1549s) ---
2026-04-13 06:05:17,177 -     [P4.2] Pair (0,3) giảm 29 -> BEST = 866
2026-04-13 06:05:17,203 -   --- Pairwise Iter 2 (còn 1548s) ---
2026-04-13 06:06:32,946 -     [P4.2] Pair (0,2) giảm 24 -> BEST = 842
2026-04-13 06:06:54,682 -   --- Pairwise Iter 3 (còn 1451s) ---
2026-04-13 06:10:40,511 -     [P4.2] Pair (0,1) giảm 4 -> BEST = 838
2026-04-13 06:10:40,877 -   --- Pairwise Iter 4 (còn 1225s) ---
2026-04-13 06:15:44,067 -     -> Đã đạt cực trị toàn cục cho mọi cặp dưới ngưỡng. KẾT THÚC CHẶNG 4.
2026-04-13 06:15:44,067 - Hoàn thành trong 678.6s. Final Cost: 838
2026-04-13 06:15:44,067 - ======================================================================
2026-04-13 06:15:44,067 - BÁO CÁO TỔNG KẾT (SUMMARY)
2026-04-13 06:15:44,067 - ======================================================================
2026-04-13 06:15:44,067 -   1. Chi phí Clarke-Wright:     942
2026-04-13 06:15:44,067 -   2. Chi phí sau CPLEX MIP:     838
2026-04-13 06:15:44,067 -   => TỔNG CẢI THIỆN:            104
2026-04-13 06:15:44,067 -   => Số lần CPLEX Single cải thiện  : 4 lần
2026-04-13 06:15:44,067 -   => Số lần CPLEX Pairwise cải thiện: 3 lần
2026-04-13 06:15:44,067 -   => TỔNG THỜI GIAN CHẠY:       678.591s
2026-04-13 06:15:44,068 - ======================================================================
2026-04-13 06:15:44,068 - CPLEX MIP SOLVER  |  FILE: E-n51-k5.vrp
2026-04-13 06:15:44,068 - ======================================================================
2026-04-13 06:15:44,072 - Thông tin dữ liệu: Dimension=51, K=5, Capacity=160
2026-04-13 06:15:44,072 - --- Step 1: Clarke-Wright Heuristic ---
2026-04-13 06:15:44,075 -   Kết quả CW: Cost = 768, Time = 0.003s
2026-04-13 06:15:44,075 - --- Step 2: Advanced Optimization (CPLEX MIP) ---
2026-04-13 06:15:44,075 - =========================================
2026-04-13 06:15:44,075 - BẮT ĐẦU OPTIMIZE  (100% CPLEX MIP)
2026-04-13 06:15:44,075 -  -> Max Single Size  : 20
2026-04-13 06:15:44,075 -  -> Single Timeout   : 40.0s
2026-04-13 06:15:44,075 -  -> Max Pairwise Size: 28
2026-04-13 06:15:44,075 -  -> Pairwise Timeout : 92.0s
2026-04-13 06:15:44,075 -  -> Global Timeout   : 1600.0s
2026-04-13 06:15:44,075 -  -> Chi phí khởi điểm: 768
2026-04-13 06:15:44,075 - =========================================
2026-04-13 06:15:44,075 - === BẮT ĐẦU CHẶNG 4: CPLEX MIP CHÍNH XÁC | Cost: 768 ===
2026-04-13 06:15:44,075 -   [GĐ 4.1] Giải bài toán TSP trên từng tuyến đơn...
2026-04-13 06:15:44,293 -     -> Single CPLEX cải thiện: 131. Cost mới: 637
2026-04-13 06:15:44,293 -   [GĐ 4.2] Xét từng cặp tuyến để phân bổ lại khách hàng...
2026-04-13 06:15:44,293 -   --- Pairwise Iter 1 (còn 1600s) ---
2026-04-13 06:16:11,101 -     [P4.2] Pair (1,3) giảm 22 -> BEST = 615
2026-04-13 06:16:11,156 -   --- Pairwise Iter 2 (còn 1573s) ---
2026-04-13 06:18:08,412 -     [P4.2] Pair (0,4) giảm 6 -> BEST = 609
2026-04-13 06:18:08,887 -   --- Pairwise Iter 3 (còn 1455s) ---
2026-04-13 06:19:40,961 -     [P4.2] Pair (0,4) giảm 4 -> BEST = 605
2026-04-13 06:19:41,031 -   --- Pairwise Iter 4 (còn 1363s) ---
2026-04-13 06:24:40,327 -     [P4.2] Pair (1,4) giảm 42 -> BEST = 563
2026-04-13 06:24:40,399 -   --- Pairwise Iter 5 (còn 1064s) ---
2026-04-13 06:25:26,690 -     [P4.2] Pair (0,4) giảm 15 -> BEST = 548
2026-04-13 06:25:26,791 -   --- Pairwise Iter 6 (còn 1017s) ---
2026-04-13 06:28:57,259 -     [P4.2] Pair (1,2) giảm 15 -> BEST = 533
2026-04-13 06:28:57,321 -   --- Pairwise Iter 7 (còn 807s) ---
2026-04-13 06:33:22,210 -     -> Đã đạt cực trị toàn cục cho mọi cặp dưới ngưỡng. KẾT THÚC CHẶNG 4.
2026-04-13 06:33:22,210 - Hoàn thành trong 1058.1s. Final Cost: 533
2026-04-13 06:33:22,210 - ======================================================================
2026-04-13 06:33:22,210 - BÁO CÁO TỔNG KẾT (SUMMARY)
2026-04-13 06:33:22,210 - ======================================================================
2026-04-13 06:33:22,210 -   1. Chi phí Clarke-Wright:     768
2026-04-13 06:33:22,210 -   2. Chi phí sau CPLEX MIP:     533
2026-04-13 06:33:22,210 -   => TỔNG CẢI THIỆN:            235
2026-04-13 06:33:22,210 -   => Số lần CPLEX Single cải thiện  : 5 lần
2026-04-13 06:33:22,210 -   => Số lần CPLEX Pairwise cải thiện: 6 lần
2026-04-13 06:33:22,210 -   => TỔNG THỜI GIAN CHẠY:       1058.138s
2026-04-13 06:33:22,211 - ======================================================================
2026-04-13 06:33:22,211 - CPLEX MIP SOLVER  |  FILE: E-n76-k14.vrp
2026-04-13 06:33:22,211 - ======================================================================
2026-04-13 06:33:22,221 - Thông tin dữ liệu: Dimension=76, K=14, Capacity=100
2026-04-13 06:33:22,221 - --- Step 1: Clarke-Wright Heuristic ---
2026-04-13 06:33:22,226 -   Kết quả CW: Cost = 1470, Time = 0.005s
2026-04-13 06:33:22,226 - --- Step 2: Advanced Optimization (CPLEX MIP) ---
2026-04-13 06:33:22,226 - =========================================
2026-04-13 06:33:22,226 - BẮT ĐẦU OPTIMIZE  (100% CPLEX MIP)
2026-04-13 06:33:22,226 -  -> Max Single Size  : 20
2026-04-13 06:33:22,226 -  -> Single Timeout   : 40.0s
2026-04-13 06:33:22,227 -  -> Max Pairwise Size: 16
2026-04-13 06:33:22,227 -  -> Pairwise Timeout : 49.0s
2026-04-13 06:33:22,227 -  -> Global Timeout   : 1600.0s
2026-04-13 06:33:22,227 -  -> Chi phí khởi điểm: 1470
2026-04-13 06:33:22,227 - =========================================
2026-04-13 06:33:22,227 - === BẮT ĐẦU CHẶNG 4: CPLEX MIP CHÍNH XÁC | Cost: 1470 ===
2026-04-13 06:33:22,227 -   [GĐ 4.1] Giải bài toán TSP trên từng tuyến đơn...
2026-04-13 06:33:22,431 -     -> Single CPLEX cải thiện: 81. Cost mới: 1389
2026-04-13 06:33:22,431 -   [GĐ 4.2] Xét từng cặp tuyến để phân bổ lại khách hàng...
2026-04-13 06:33:22,431 -   --- Pairwise Iter 1 (còn 1600s) ---
2026-04-13 06:33:22,796 -     [P4.2] Pair (6,9) giảm 5 -> BEST = 1384
2026-04-13 06:33:22,823 -   --- Pairwise Iter 2 (còn 1599s) ---
2026-04-13 06:33:26,163 -     [P4.2] Pair (0,1) giảm 20 -> BEST = 1364
2026-04-13 06:33:26,200 -   --- Pairwise Iter 3 (còn 1596s) ---
2026-04-13 06:33:30,234 -     [P4.2] Pair (0,9) giảm 25 -> BEST = 1339
2026-04-13 06:33:30,262 -   --- Pairwise Iter 4 (còn 1592s) ---
2026-04-13 06:33:30,490 -     [P4.2] Pair (0,6) giảm 17 -> BEST = 1322
2026-04-13 06:33:30,515 -   --- Pairwise Iter 5 (còn 1592s) ---
2026-04-13 06:33:31,534 -     [P4.2] Pair (0,2) giảm 27 -> BEST = 1295
2026-04-13 06:33:31,561 -   --- Pairwise Iter 6 (còn 1591s) ---
2026-04-13 06:33:32,738 -     [P4.2] Pair (0,4) giảm 47 -> BEST = 1248
2026-04-13 06:33:32,766 -   --- Pairwise Iter 7 (còn 1589s) ---
2026-04-13 06:33:34,321 -     [P4.2] Pair (1,9) giảm 7 -> BEST = 1241
2026-04-13 06:33:34,346 -   --- Pairwise Iter 8 (còn 1588s) ---
2026-04-13 06:33:37,345 -     [P4.2] Pair (4,6) giảm 16 -> BEST = 1225
2026-04-13 06:33:37,369 -   --- Pairwise Iter 9 (còn 1585s) ---
2026-04-13 06:33:41,486 -     [P4.2] Pair (1,4) giảm 12 -> BEST = 1213
2026-04-13 06:33:41,518 -   --- Pairwise Iter 10 (còn 1581s) ---
2026-04-13 06:33:50,243 -     [P4.2] Pair (1,7) giảm 3 -> BEST = 1210
2026-04-13 06:33:50,273 -   --- Pairwise Iter 11 (còn 1572s) ---
2026-04-13 06:33:57,039 -     [P4.2] Pair (3,10) giảm 8 -> BEST = 1202
2026-04-13 06:33:57,062 -   --- Pairwise Iter 12 (còn 1565s) ---
2026-04-13 06:34:21,324 -     [P4.2] Pair (0,4) giảm 3 -> BEST = 1199
2026-04-13 06:34:21,360 -   --- Pairwise Iter 13 (còn 1541s) ---
2026-04-13 06:34:26,227 -     [P4.2] Pair (4,7) giảm 22 -> BEST = 1177
2026-04-13 06:34:26,274 -   --- Pairwise Iter 14 (còn 1536s) ---
2026-04-13 06:34:33,184 -     [P4.2] Pair (6,7) giảm 9 -> BEST = 1168
2026-04-13 06:34:33,216 -   --- Pairwise Iter 15 (còn 1529s) ---
2026-04-13 06:34:37,987 -     [P4.2] Pair (4,7) giảm 1 -> BEST = 1167
2026-04-13 06:34:38,018 -   --- Pairwise Iter 16 (còn 1524s) ---
2026-04-13 06:34:50,912 -     [P4.2] Pair (4,11) giảm 4 -> BEST = 1163
2026-04-13 06:34:50,939 -   --- Pairwise Iter 17 (còn 1511s) ---
2026-04-13 06:35:11,974 -     [P4.2] Pair (0,3) giảm 1 -> BEST = 1162
2026-04-13 06:35:12,022 -   --- Pairwise Iter 18 (còn 1490s) ---
2026-04-13 06:35:15,782 -     [P4.2] Pair (0,2) giảm 3 -> BEST = 1159
2026-04-13 06:35:15,805 -   --- Pairwise Iter 19 (còn 1486s) ---
2026-04-13 06:35:23,651 -     [P4.2] Pair (3,10) giảm 6 -> BEST = 1153
2026-04-13 06:35:23,672 -   --- Pairwise Iter 20 (còn 1479s) ---
2026-04-13 06:35:37,211 -     [P4.2] Pair (3,12) giảm 4 -> BEST = 1149
2026-04-13 06:35:37,244 -   --- Pairwise Iter 21 (còn 1465s) ---
2026-04-13 06:35:44,530 -     [P4.2] Pair (3,9) giảm 2 -> BEST = 1147
2026-04-13 06:35:44,559 -   --- Pairwise Iter 22 (còn 1458s) ---
2026-04-13 06:35:52,333 -     [P4.2] Pair (6,9) giảm 7 -> BEST = 1140
2026-04-13 06:35:52,365 -   --- Pairwise Iter 23 (còn 1450s) ---
2026-04-13 06:36:02,668 -     [P4.2] Pair (3,6) giảm 3 -> BEST = 1137
2026-04-13 06:36:02,704 -   --- Pairwise Iter 24 (còn 1440s) ---
2026-04-13 06:36:38,708 -     [P4.2] Pair (4,5) giảm 26 -> BEST = 1111
2026-04-13 06:36:38,756 -   --- Pairwise Iter 25 (còn 1403s) ---
2026-04-13 06:37:03,836 -     [P4.2] Pair (5,8) giảm 2 -> BEST = 1109
2026-04-13 06:37:03,888 -   --- Pairwise Iter 26 (còn 1378s) ---
2026-04-13 06:37:31,519 -     [P4.2] Pair (4,5) giảm 7 -> BEST = 1102
2026-04-13 06:37:31,557 -   --- Pairwise Iter 27 (còn 1351s) ---
2026-04-13 06:37:59,817 -     [P4.2] Pair (4,13) giảm 20 -> BEST = 1082
2026-04-13 06:37:59,856 -   --- Pairwise Iter 28 (còn 1322s) ---
2026-04-13 06:38:38,529 -     [P4.2] Pair (7,13) giảm 1 -> BEST = 1081
2026-04-13 06:38:38,559 -   --- Pairwise Iter 29 (còn 1284s) ---
2026-04-13 06:38:43,321 -     [P4.2] Pair (1,13) giảm 18 -> BEST = 1063
2026-04-13 06:38:43,353 -   --- Pairwise Iter 30 (còn 1279s) ---
2026-04-13 06:39:10,352 -     [P4.2] Pair (1,9) giảm 2 -> BEST = 1061
2026-04-13 06:39:10,382 -   --- Pairwise Iter 31 (còn 1252s) ---
2026-04-13 06:39:27,727 -     [P4.2] Pair (1,4) giảm 4 -> BEST = 1057
2026-04-13 06:39:27,771 -   --- Pairwise Iter 32 (còn 1234s) ---
2026-04-13 06:40:39,303 -     -> Đã đạt cực trị toàn cục cho mọi cặp dưới ngưỡng. KẾT THÚC CHẶNG 4.
2026-04-13 06:40:39,303 - Hoàn thành trong 437.1s. Final Cost: 1057
2026-04-13 06:40:39,303 - ======================================================================
2026-04-13 06:40:39,303 - BÁO CÁO TỔNG KẾT (SUMMARY)
2026-04-13 06:40:39,303 - ======================================================================
2026-04-13 06:40:39,303 -   1. Chi phí Clarke-Wright:     1470
2026-04-13 06:40:39,303 -   2. Chi phí sau CPLEX MIP:     1057
2026-04-13 06:40:39,303 -   => TỔNG CẢI THIỆN:            413
2026-04-13 06:40:39,303 -   => Số lần CPLEX Single cải thiện  : 10 lần
2026-04-13 06:40:39,303 -   => Số lần CPLEX Pairwise cải thiện: 31 lần
2026-04-13 06:40:39,303 -   => TỔNG THỜI GIAN CHẠY:       437.082s
2026-04-13 06:40:39,304 - ======================================================================
2026-04-13 06:40:39,304 - CPLEX MIP SOLVER  |  FILE: E-n76-k7.vrp
2026-04-13 06:40:39,304 - ======================================================================
2026-04-13 06:40:39,314 - Thông tin dữ liệu: Dimension=76, K=7, Capacity=220
2026-04-13 06:40:39,314 - --- Step 1: Clarke-Wright Heuristic ---
2026-04-13 06:40:39,320 -   Kết quả CW: Cost = 978, Time = 0.006s
2026-04-13 06:40:39,321 - --- Step 2: Advanced Optimization (CPLEX MIP) ---
2026-04-13 06:40:39,321 - =========================================
2026-04-13 06:40:39,321 - BẮT ĐẦU OPTIMIZE  (100% CPLEX MIP)
2026-04-13 06:40:39,321 -  -> Max Single Size  : 21
2026-04-13 06:40:39,321 -  -> Single Timeout   : 40.0s
2026-04-13 06:40:39,321 -  -> Max Pairwise Size: 28
2026-04-13 06:40:39,321 -  -> Pairwise Timeout : 98.0s
2026-04-13 06:40:39,321 -  -> Global Timeout   : 1600.0s
2026-04-13 06:40:39,321 -  -> Chi phí khởi điểm: 978
2026-04-13 06:40:39,321 - =========================================
2026-04-13 06:40:39,321 - === BẮT ĐẦU CHẶNG 4: CPLEX MIP CHÍNH XÁC | Cost: 978 ===
2026-04-13 06:40:39,321 -   [GĐ 4.1] Giải bài toán TSP trên từng tuyến đơn...
2026-04-13 06:40:41,589 -     -> Single CPLEX cải thiện: 161. Cost mới: 817
2026-04-13 06:40:41,589 -   [GĐ 4.2] Xét từng cặp tuyến để phân bổ lại khách hàng...
2026-04-13 06:40:41,589 -   --- Pairwise Iter 1 (còn 1598s) ---
2026-04-13 06:43:57,739 -     [P4.2] Pair (1,3) giảm 11 -> BEST = 806
2026-04-13 06:43:57,975 -       [S-re] Route 3: 114 → 111  (−3) | BEST = 803
2026-04-13 06:43:57,976 -   --- Pairwise Iter 2 (còn 1401s) ---
2026-04-13 06:47:14,117 -     [P4.2] Pair (3,5) giảm 16 -> BEST = 787
2026-04-13 06:47:14,247 -   --- Pairwise Iter 3 (còn 1205s) ---
2026-04-13 06:48:52,328 -     [P4.2] Pair (1,3) giảm 2 -> BEST = 785
2026-04-13 06:48:52,749 -   --- Pairwise Iter 4 (còn 1107s) ---
2026-04-13 06:52:08,900 -     [P4.2] Pair (1,2) giảm 13 -> BEST = 772
2026-04-13 06:52:09,072 -   --- Pairwise Iter 5 (còn 910s) ---
2026-04-13 06:53:53,005 -     [P4.2] Pair (1,3) giảm 2 -> BEST = 770
2026-04-13 06:53:53,166 -   --- Pairwise Iter 6 (còn 806s) ---
2026-04-13 07:00:10,227 -     [P4.2] Pair (0,1) giảm 8 -> BEST = 762
2026-04-13 07:00:10,301 -   --- Pairwise Iter 7 (còn 429s) ---
2026-04-13 07:04:36,489 -     [P4.2] Pair (0,6) giảm 5 -> BEST = 757
2026-04-13 07:04:36,819 -   --- Pairwise Iter 8 (còn 163s) ---
2026-04-13 07:07:17,374 -     [P4.2] Pair (0,5) giảm 1 -> BEST = 756
2026-04-13 07:07:17,374 -   --- Pairwise Iter 9 (còn 2s) ---
2026-04-13 07:07:17,375 -     -> Đã đạt cực trị toàn cục cho mọi cặp dưới ngưỡng. KẾT THÚC CHẶNG 4.
2026-04-13 07:07:17,375 - Hoàn thành trong 1598.1s. Final Cost: 756
2026-04-13 07:07:17,375 - ======================================================================
2026-04-13 07:07:17,375 - BÁO CÁO TỔNG KẾT (SUMMARY)
2026-04-13 07:07:17,375 - ======================================================================
2026-04-13 07:07:17,375 -   1. Chi phí Clarke-Wright:     978
2026-04-13 07:07:17,375 -   2. Chi phí sau CPLEX MIP:     756
2026-04-13 07:07:17,375 -   => TỔNG CẢI THIỆN:            222
2026-04-13 07:07:17,375 -   => Số lần CPLEX Single cải thiện  : 8 lần
2026-04-13 07:07:17,375 -   => Số lần CPLEX Pairwise cải thiện: 8 lần
2026-04-13 07:07:17,375 -   => TỔNG THỜI GIAN CHẠY:       1598.061s
2026-04-13 07:07:17,376 - ======================================================================
2026-04-13 07:07:17,376 - CPLEX MIP SOLVER  |  FILE: E-n76-k8.vrp
2026-04-13 07:07:17,376 - ======================================================================
2026-04-13 07:07:17,385 - Thông tin dữ liệu: Dimension=76, K=8, Capacity=180
2026-04-13 07:07:17,385 - --- Step 1: Clarke-Wright Heuristic ---
2026-04-13 07:07:17,391 -   Kết quả CW: Cost = 1083, Time = 0.006s
2026-04-13 07:07:17,391 - --- Step 2: Advanced Optimization (CPLEX MIP) ---
2026-04-13 07:07:17,391 - =========================================
2026-04-13 07:07:17,391 - BẮT ĐẦU OPTIMIZE  (100% CPLEX MIP)
2026-04-13 07:07:17,391 -  -> Max Single Size  : 20
2026-04-13 07:07:17,391 -  -> Single Timeout   : 40.0s
2026-04-13 07:07:17,391 -  -> Max Pairwise Size: 28
2026-04-13 07:07:17,391 -  -> Pairwise Timeout : 86.0s
2026-04-13 07:07:17,391 -  -> Global Timeout   : 1600.0s
2026-04-13 07:07:17,392 -  -> Chi phí khởi điểm: 1083
2026-04-13 07:07:17,392 - =========================================
2026-04-13 07:07:17,392 - === BẮT ĐẦU CHẶNG 4: CPLEX MIP CHÍNH XÁC | Cost: 1083 ===
2026-04-13 07:07:17,392 -   [GĐ 4.1] Giải bài toán TSP trên từng tuyến đơn...
2026-04-13 07:07:19,745 -     -> Single CPLEX cải thiện: 152. Cost mới: 931
2026-04-13 07:07:19,745 -   [GĐ 4.2] Xét từng cặp tuyến để phân bổ lại khách hàng...
2026-04-13 07:07:19,745 -   --- Pairwise Iter 1 (còn 1598s) ---
2026-04-13 07:07:34,558 -     [P4.2] Pair (1,3) giảm 33 -> BEST = 898
2026-04-13 07:07:34,667 -   --- Pairwise Iter 2 (còn 1583s) ---
2026-04-13 07:08:39,694 -     [P4.2] Pair (1,6) giảm 12 -> BEST = 886
2026-04-13 07:08:39,841 -   --- Pairwise Iter 3 (còn 1518s) ---
2026-04-13 07:10:52,151 -     [P4.2] Pair (2,4) giảm 14 -> BEST = 872
2026-04-13 07:10:52,341 -   --- Pairwise Iter 4 (còn 1385s) ---
2026-04-13 07:13:21,899 -     [P4.2] Pair (0,3) giảm 19 -> BEST = 853
2026-04-13 07:13:21,966 -   --- Pairwise Iter 5 (còn 1235s) ---
2026-04-13 07:17:19,095 -     [P4.2] Pair (2,3) giảm 14 -> BEST = 839
2026-04-13 07:17:19,222 -   --- Pairwise Iter 6 (còn 998s) ---
2026-04-13 07:21:48,783 -     [P4.2] Pair (3,4) giảm 2 -> BEST = 837
2026-04-13 07:21:48,832 -   --- Pairwise Iter 7 (còn 729s) ---
2026-04-13 07:24:40,942 -     [P4.2] Pair (2,3) giảm 6 -> BEST = 831
2026-04-13 07:24:41,028 -   --- Pairwise Iter 8 (còn 556s) ---
2026-04-13 07:29:30,470 -     [P4.2] Pair (0,4) giảm 11 -> BEST = 820
2026-04-13 07:29:30,526 -   --- Pairwise Iter 9 (còn 267s) ---
2026-04-13 07:32:23,954 -     [P4.2] Pair (0,3) giảm 3 -> BEST = 817
2026-04-13 07:32:24,010 -   --- Pairwise Iter 10 (còn 93s) ---
2026-04-13 07:33:55,444 -     -> Đã đạt cực trị toàn cục cho mọi cặp dưới ngưỡng. KẾT THÚC CHẶNG 4.
2026-04-13 07:33:55,444 - Hoàn thành trong 1598.1s. Final Cost: 817
2026-04-13 07:33:55,445 - ======================================================================
2026-04-13 07:33:55,445 - BÁO CÁO TỔNG KẾT (SUMMARY)
2026-04-13 07:33:55,445 - ======================================================================
2026-04-13 07:33:55,445 -   1. Chi phí Clarke-Wright:     1083
2026-04-13 07:33:55,445 -   2. Chi phí sau CPLEX MIP:     817
2026-04-13 07:33:55,445 -   => TỔNG CẢI THIỆN:            266
2026-04-13 07:33:55,445 -   => Số lần CPLEX Single cải thiện  : 8 lần
2026-04-13 07:33:55,445 -   => Số lần CPLEX Pairwise cải thiện: 9 lần
2026-04-13 07:33:55,445 -   => TỔNG THỜI GIAN CHẠY:       1598.059s
2026-04-13 07:33:55,446 - ======================================================================
2026-04-13 07:33:55,446 - CPLEX MIP SOLVER  |  FILE: E-n76-k10.vrp
2026-04-13 07:33:55,446 - ======================================================================
2026-04-13 07:33:55,455 - Thông tin dữ liệu: Dimension=76, K=10, Capacity=140
2026-04-13 07:33:55,455 - --- Step 1: Clarke-Wright Heuristic ---
2026-04-13 07:33:55,461 -   Kết quả CW: Cost = 1053, Time = 0.005s
2026-04-13 07:33:55,461 - --- Step 2: Advanced Optimization (CPLEX MIP) ---
2026-04-13 07:33:55,461 - =========================================
2026-04-13 07:33:55,461 - BẮT ĐẦU OPTIMIZE  (100% CPLEX MIP)
2026-04-13 07:33:55,461 -  -> Max Single Size  : 20
2026-04-13 07:33:55,461 -  -> Single Timeout   : 40.0s
2026-04-13 07:33:55,461 -  -> Max Pairwise Size: 22
2026-04-13 07:33:55,461 -  -> Pairwise Timeout : 69.0s
2026-04-13 07:33:55,461 -  -> Global Timeout   : 1600.0s
2026-04-13 07:33:55,461 -  -> Chi phí khởi điểm: 1053
2026-04-13 07:33:55,461 - =========================================
2026-04-13 07:33:55,461 - === BẮT ĐẦU CHẶNG 4: CPLEX MIP CHÍNH XÁC | Cost: 1053 ===
2026-04-13 07:33:55,462 -   [GĐ 4.1] Giải bài toán TSP trên từng tuyến đơn...
2026-04-13 07:33:55,713 -     -> Single CPLEX cải thiện: 122. Cost mới: 931
2026-04-13 07:33:55,713 -   [GĐ 4.2] Xét từng cặp tuyến để phân bổ lại khách hàng...
2026-04-13 07:33:55,713 -   --- Pairwise Iter 1 (còn 1600s) ---
2026-04-13 07:34:10,753 -     [P4.2] Pair (1,5) giảm 3 -> BEST = 928
2026-04-13 07:34:10,811 -   --- Pairwise Iter 2 (còn 1585s) ---
2026-04-13 07:34:18,019 -     [P4.2] Pair (3,7) giảm 17 -> BEST = 911
2026-04-13 07:34:18,073 -   --- Pairwise Iter 3 (còn 1577s) ---
2026-04-13 07:35:34,246 -     [P4.2] Pair (0,8) giảm 13 -> BEST = 898
2026-04-13 07:35:34,317 -   --- Pairwise Iter 4 (còn 1501s) ---
2026-04-13 07:36:32,918 -     [P4.2] Pair (2,3) giảm 8 -> BEST = 890
2026-04-13 07:36:32,946 -   --- Pairwise Iter 5 (còn 1443s) ---
2026-04-13 07:38:04,801 -     [P4.2] Pair (2,8) giảm 1 -> BEST = 889
2026-04-13 07:38:04,886 -   --- Pairwise Iter 6 (còn 1351s) ---
2026-04-13 07:39:17,867 -     [P4.2] Pair (2,3) giảm 1 -> BEST = 888
2026-04-13 07:39:17,999 -   --- Pairwise Iter 7 (còn 1277s) ---
2026-04-13 07:39:39,859 -     [P4.2] Pair (3,7) giảm 5 -> BEST = 883
2026-04-13 07:39:39,887 -   --- Pairwise Iter 8 (còn 1256s) ---
2026-04-13 07:43:21,161 -     [P4.2] Pair (3,6) giảm 9 -> BEST = 874
2026-04-13 07:43:21,206 -   --- Pairwise Iter 9 (còn 1034s) ---
2026-04-13 07:48:10,528 -     [P4.2] Pair (4,5) giảm 10 -> BEST = 864
2026-04-13 07:48:10,583 -   --- Pairwise Iter 10 (còn 745s) ---
2026-04-13 07:50:11,015 -     [P4.2] Pair (0,5) giảm 5 -> BEST = 859
2026-04-13 07:50:11,098 -   --- Pairwise Iter 11 (còn 624s) ---
2026-04-13 07:52:36,623 -     [P4.2] Pair (0,8) giảm 1 -> BEST = 858
2026-04-13 07:52:36,761 -   --- Pairwise Iter 12 (còn 479s) ---
2026-04-13 07:57:25,767 -     [P4.2] Pair (1,4) giảm 1 -> BEST = 857
2026-04-13 07:57:25,822 -   --- Pairwise Iter 13 (còn 190s) ---
2026-04-13 07:59:57,112 -     [P4.2] Pair (1,5) giảm 3 -> BEST = 854
2026-04-13 07:59:57,154 -   --- Pairwise Iter 14 (còn 38s) ---
2026-04-13 08:00:33,502 -     -> Đã đạt cực trị toàn cục cho mọi cặp dưới ngưỡng. KẾT THÚC CHẶNG 4.
2026-04-13 08:00:33,502 - Hoàn thành trong 1598.0s. Final Cost: 854
2026-04-13 08:00:33,503 - ======================================================================
2026-04-13 08:00:33,503 - BÁO CÁO TỔNG KẾT (SUMMARY)
2026-04-13 08:00:33,503 - ======================================================================
2026-04-13 08:00:33,503 -   1. Chi phí Clarke-Wright:     1053
2026-04-13 08:00:33,503 -   2. Chi phí sau CPLEX MIP:     854
2026-04-13 08:00:33,503 -   => TỔNG CẢI THIỆN:            199
2026-04-13 08:00:33,503 -   => Số lần CPLEX Single cải thiện  : 9 lần
2026-04-13 08:00:33,503 -   => Số lần CPLEX Pairwise cải thiện: 13 lần
2026-04-13 08:00:33,503 -   => TỔNG THỜI GIAN CHẠY:       1598.047s
2026-04-13 08:00:33,504 - ======================================================================
2026-04-13 08:00:33,504 - CPLEX MIP SOLVER  |  FILE: E-n101-k8.vrp
2026-04-13 08:00:33,504 - ======================================================================
2026-04-13 08:00:33,520 - Thông tin dữ liệu: Dimension=101, K=8, Capacity=200
2026-04-13 08:00:33,520 - --- Step 1: Clarke-Wright Heuristic ---
2026-04-13 08:00:33,529 -   Kết quả CW: Cost = 1123, Time = 0.009s
2026-04-13 08:00:33,529 - --- Step 2: Advanced Optimization (CPLEX MIP) ---
2026-04-13 08:00:33,529 - =========================================
2026-04-13 08:00:33,529 - BẮT ĐẦU OPTIMIZE  (100% CPLEX MIP)
2026-04-13 08:00:33,529 -  -> Max Single Size  : 25
2026-04-13 08:00:33,529 -  -> Single Timeout   : 40.0s
2026-04-13 08:00:33,529 -  -> Max Pairwise Size: 28
2026-04-13 08:00:33,529 -  -> Pairwise Timeout : 114.0s
2026-04-13 08:00:33,529 -  -> Global Timeout   : 1600.0s
2026-04-13 08:00:33,529 -  -> Chi phí khởi điểm: 1123
2026-04-13 08:00:33,529 - =========================================
2026-04-13 08:00:33,529 - === BẮT ĐẦU CHẶNG 4: CPLEX MIP CHÍNH XÁC | Cost: 1123 ===
2026-04-13 08:00:33,529 -   [GĐ 4.1] Giải bài toán TSP trên từng tuyến đơn...
2026-04-13 08:00:37,236 -     -> Single CPLEX cải thiện: 119. Cost mới: 1004
2026-04-13 08:00:37,236 -   [GĐ 4.2] Xét từng cặp tuyến để phân bổ lại khách hàng...
2026-04-13 08:00:37,236 -   --- Pairwise Iter 1 (còn 1596s) ---
2026-04-13 08:02:31,326 -     [P4.2] Pair (0,5) giảm 25 -> BEST = 979
2026-04-13 08:02:31,525 -   --- Pairwise Iter 2 (còn 1482s) ---
2026-04-13 08:04:25,684 -     [P4.2] Pair (3,7) giảm 24 -> BEST = 955
2026-04-13 08:04:26,705 -   --- Pairwise Iter 3 (còn 1367s) ---
2026-04-13 08:15:51,253 -     [P4.2] Pair (4,6) giảm 24 -> BEST = 931
2026-04-13 08:15:51,555 -   --- Pairwise Iter 4 (còn 682s) ---
2026-04-13 08:19:39,746 -     [P4.2] Pair (0,5) giảm 1 -> BEST = 930
2026-04-13 08:19:39,902 -   --- Pairwise Iter 5 (còn 454s) ---
2026-04-13 08:27:11,622 -     [P4.2] Pair (0,5) giảm 1 -> BEST = 929
2026-04-13 08:27:11,623 -   --- Pairwise Iter 6 (còn 2s) ---
2026-04-13 08:27:11,624 -     -> Đã đạt cực trị toàn cục cho mọi cặp dưới ngưỡng. KẾT THÚC CHẶNG 4.
2026-04-13 08:27:11,624 - Hoàn thành trong 1598.1s. Final Cost: 929
2026-04-13 08:27:11,624 - ======================================================================
2026-04-13 08:27:11,624 - BÁO CÁO TỔNG KẾT (SUMMARY)
2026-04-13 08:27:11,624 - ======================================================================
2026-04-13 08:27:11,624 -   1. Chi phí Clarke-Wright:     1123
2026-04-13 08:27:11,624 -   2. Chi phí sau CPLEX MIP:     929
2026-04-13 08:27:11,624 -   => TỔNG CẢI THIỆN:            194
2026-04-13 08:27:11,624 -   => Số lần CPLEX Single cải thiện  : 8 lần
2026-04-13 08:27:11,624 -   => Số lần CPLEX Pairwise cải thiện: 5 lần
2026-04-13 08:27:11,624 -   => TỔNG THỜI GIAN CHẠY:       1598.104s
2026-04-13 08:27:11,625 - ======================================================================
2026-04-13 08:27:11,625 - CPLEX MIP SOLVER  |  FILE: E-n101-k14.vrp
2026-04-13 08:27:11,625 - ======================================================================
2026-04-13 08:27:11,642 - Thông tin dữ liệu: Dimension=101, K=14, Capacity=112
2026-04-13 08:27:11,642 - --- Step 1: Clarke-Wright Heuristic ---
2026-04-13 08:27:11,650 -   Kết quả CW: Cost = 1413, Time = 0.008s
2026-04-13 08:27:11,650 - --- Step 2: Advanced Optimization (CPLEX MIP) ---
2026-04-13 08:27:11,650 - =========================================
2026-04-13 08:27:11,650 - BẮT ĐẦU OPTIMIZE  (100% CPLEX MIP)
2026-04-13 08:27:11,651 -  -> Max Single Size  : 20
2026-04-13 08:27:11,651 -  -> Single Timeout   : 40.0s
2026-04-13 08:27:11,651 -  -> Max Pairwise Size: 21
2026-04-13 08:27:11,651 -  -> Pairwise Timeout : 65.0s
2026-04-13 08:27:11,651 -  -> Global Timeout   : 1600.0s
2026-04-13 08:27:11,651 -  -> Chi phí khởi điểm: 1413
2026-04-13 08:27:11,651 - =========================================
2026-04-13 08:27:11,651 - === BẮT ĐẦU CHẶNG 4: CPLEX MIP CHÍNH XÁC | Cost: 1413 ===
2026-04-13 08:27:11,651 -   [GĐ 4.1] Giải bài toán TSP trên từng tuyến đơn...
2026-04-13 08:27:12,003 -     -> Single CPLEX cải thiện: 117. Cost mới: 1296
2026-04-13 08:27:12,003 -   [GĐ 4.2] Xét từng cặp tuyến để phân bổ lại khách hàng...
2026-04-13 08:27:12,003 -   --- Pairwise Iter 1 (còn 1600s) ---
2026-04-13 08:27:17,552 -     [P4.2] Pair (3,4) giảm 4 -> BEST = 1292
2026-04-13 08:27:17,595 -   --- Pairwise Iter 2 (còn 1594s) ---
2026-04-13 08:28:22,640 -     [P4.2] Pair (0,6) giảm 2 -> BEST = 1290
2026-04-13 08:28:22,686 -   --- Pairwise Iter 3 (còn 1529s) ---
2026-04-13 08:29:31,170 -     [P4.2] Pair (1,3) giảm 14 -> BEST = 1276
2026-04-13 08:29:31,208 -   --- Pairwise Iter 4 (còn 1460s) ---
2026-04-13 08:30:45,462 -     [P4.2] Pair (3,4) giảm 14 -> BEST = 1262
2026-04-13 08:30:45,504 -   --- Pairwise Iter 5 (còn 1386s) ---
2026-04-13 08:32:27,589 -     [P4.2] Pair (4,10) giảm 2 -> BEST = 1260
2026-04-13 08:32:27,641 -   --- Pairwise Iter 6 (còn 1284s) ---
2026-04-13 08:35:53,844 -     [P4.2] Pair (1,11) giảm 10 -> BEST = 1250
2026-04-13 08:35:53,893 -   --- Pairwise Iter 7 (còn 1078s) ---
2026-04-13 08:36:40,795 -     [P4.2] Pair (4,11) giảm 1 -> BEST = 1249
2026-04-13 08:36:40,857 -   --- Pairwise Iter 8 (còn 1031s) ---
2026-04-13 08:40:25,110 -     [P4.2] Pair (2,3) giảm 15 -> BEST = 1234
2026-04-13 08:40:25,158 -   --- Pairwise Iter 9 (còn 806s) ---
2026-04-13 08:45:45,343 -     [P4.2] Pair (3,12) giảm 12 -> BEST = 1222
2026-04-13 08:45:45,421 -   --- Pairwise Iter 10 (còn 486s) ---
2026-04-13 08:49:57,366 -     [P4.2] Pair (2,12) giảm 11 -> BEST = 1211
2026-04-13 08:49:57,857 -   --- Pairwise Iter 11 (còn 234s) ---
2026-04-13 08:53:49,703 -     -> Đã đạt cực trị toàn cục cho mọi cặp dưới ngưỡng. KẾT THÚC CHẶNG 4.
2026-04-13 08:53:49,703 - Hoàn thành trong 1598.1s. Final Cost: 1211
2026-04-13 08:53:49,703 - ======================================================================
2026-04-13 08:53:49,703 - BÁO CÁO TỔNG KẾT (SUMMARY)
2026-04-13 08:53:49,703 - ======================================================================
2026-04-13 08:53:49,703 -   1. Chi phí Clarke-Wright:     1413
2026-04-13 08:53:49,703 -   2. Chi phí sau CPLEX MIP:     1211
2026-04-13 08:53:49,703 -   => TỔNG CẢI THIỆN:            202
2026-04-13 08:53:49,703 -   => Số lần CPLEX Single cải thiện  : 12 lần
2026-04-13 08:53:49,703 -   => Số lần CPLEX Pairwise cải thiện: 10 lần
2026-04-13 08:53:49,703 -   => TỔNG THỜI GIAN CHẠY:       1598.061s
