2026-05-16 08:40:57,256 - ======================================================================
2026-05-16 08:40:57,256 - CPLEX MIP SOLVER  |  FILE: F-n45-k4.vrp
2026-05-16 08:40:57,256 - ======================================================================
2026-05-16 08:40:57,257 - Thông tin dữ liệu: Dimension=45, K=4, Capacity=2010
2026-05-16 08:40:57,257 - --- Step 1: Clarke-Wright Heuristic ---
2026-05-16 08:40:57,259 -   Kết quả CW: Cost = 956, Time = 0.002s
2026-05-16 08:40:57,259 - --- Step 2: Advanced Optimization (CPLEX MIP) ---
2026-05-16 08:40:57,260 - =========================================
2026-05-16 08:40:57,260 - BẮT ĐẦU OPTIMIZE  (100% CPLEX MIP)
2026-05-16 08:40:57,260 -  -> Max Single Size  : 22
2026-05-16 08:40:57,260 -  -> Single Timeout   : 40.0s
2026-05-16 08:40:57,260 -  -> Max Pairwise Size: 28
2026-05-16 08:40:57,260 -  -> Pairwise Timeout : 102.0s
2026-05-16 08:40:57,260 -  -> Global Timeout   : 1200.0s
2026-05-16 08:40:57,260 -  -> Chi phí khởi điểm: 956
2026-05-16 08:40:57,260 - =========================================
2026-05-16 08:40:57,260 - === BẮT ĐẦU CHẶNG 4: CPLEX MIP CHÍNH XÁC | Cost: 956 ===
2026-05-16 08:40:57,260 -   [GĐ 4.1] Giải bài toán TSP trên từng tuyến đơn...
2026-05-16 08:40:57,990 -     -> Single CPLEX cải thiện: 82. Cost mới: 874
2026-05-16 08:40:57,990 -   [GĐ 4.2] Xét từng cặp tuyến để phân bổ lại khách hàng...
2026-05-16 08:40:57,990 -   --- Pairwise Iter 1 (còn 1199s) ---
2026-05-16 08:42:40,077 -     [P4.2] Pair (1,2) giảm 45 -> BEST = 829
2026-05-16 08:42:40,532 -   --- Pairwise Iter 2 (còn 1097s) ---
2026-05-16 08:47:46,774 -     [P4.2] Pair (0,2) giảm 37 -> BEST = 792
2026-05-16 08:47:47,016 -   --- Pairwise Iter 3 (còn 790s) ---
2026-05-16 08:52:53,240 -     [P4.2] Pair (0,3) giảm 64 -> BEST = 728
2026-05-16 08:52:53,360 -   --- Pairwise Iter 4 (còn 484s) ---
2026-05-16 09:00:55,384 -     -> Đã đạt cực trị toàn cục cho mọi cặp dưới ngưỡng. KẾT THÚC CHẶNG 4.
2026-05-16 09:00:55,384 - Hoàn thành trong 1198.1s. Final Cost: 728
2026-05-16 09:00:55,384 - ======================================================================
2026-05-16 09:00:55,384 - BÁO CÁO TỔNG KẾT (SUMMARY)
2026-05-16 09:00:55,384 - ======================================================================
2026-05-16 09:00:55,384 -   1. Chi phí Clarke-Wright:     956
2026-05-16 09:00:55,384 -   2. Chi phí sau CPLEX MIP:     728
2026-05-16 09:00:55,384 -   => TỔNG CẢI THIỆN:            228
2026-05-16 09:00:55,384 -   => Số lần CPLEX Single cải thiện  : 4 lần
2026-05-16 09:00:55,384 -   => Số lần CPLEX Pairwise cải thiện: 3 lần
2026-05-16 09:00:55,385 -   => TỔNG THỜI GIAN CHẠY:       1198.127s
2026-05-16 09:00:55,385 - ======================================================================
2026-05-16 09:00:55,385 - CPLEX MIP SOLVER  |  FILE: F-n72-k4.vrp
2026-05-16 09:00:55,385 - ======================================================================
2026-05-16 09:00:55,387 - Thông tin dữ liệu: Dimension=72, K=4, Capacity=30000
2026-05-16 09:00:55,387 - --- Step 1: Clarke-Wright Heuristic ---
2026-05-16 09:00:55,392 -   Kết quả CW: Cost = 353, Time = 0.004s
2026-05-16 09:00:55,392 - --- Step 2: Advanced Optimization (CPLEX MIP) ---
2026-05-16 09:00:55,392 - =========================================
2026-05-16 09:00:55,392 - BẮT ĐẦU OPTIMIZE  (100% CPLEX MIP)
2026-05-16 09:00:55,392 -  -> Max Single Size  : 35
2026-05-16 09:00:55,392 -  -> Single Timeout   : 40.0s
2026-05-16 09:00:55,392 -  -> Max Pairwise Size: 28
2026-05-16 09:00:55,392 -  -> Pairwise Timeout : 120.0s
2026-05-16 09:00:55,392 -  -> Global Timeout   : 1200.0s
2026-05-16 09:00:55,392 -  -> Chi phí khởi điểm: 353
2026-05-16 09:00:55,392 - =========================================
2026-05-16 09:00:55,392 - === BẮT ĐẦU CHẶNG 4: CPLEX MIP CHÍNH XÁC | Cost: 353 ===
2026-05-16 09:00:55,392 -   [GĐ 4.1] Giải bài toán TSP trên từng tuyến đơn...
2026-05-16 09:02:19,065 -     -> Single CPLEX cải thiện: 70. Cost mới: 283
2026-05-16 09:02:19,066 -   [GĐ 4.2] Xét từng cặp tuyến để phân bổ lại khách hàng...
2026-05-16 09:02:19,066 -   --- Pairwise Iter 1 (còn 1116s) ---
2026-05-16 09:04:19,132 -     -> Đã đạt cực trị toàn cục cho mọi cặp dưới ngưỡng. KẾT THÚC CHẶNG 4.
2026-05-16 09:04:19,133 - Hoàn thành trong 203.7s. Final Cost: 283
2026-05-16 09:04:19,133 - ======================================================================
2026-05-16 09:04:19,133 - BÁO CÁO TỔNG KẾT (SUMMARY)
2026-05-16 09:04:19,133 - ======================================================================
2026-05-16 09:04:19,133 -   1. Chi phí Clarke-Wright:     353
2026-05-16 09:04:19,133 -   2. Chi phí sau CPLEX MIP:     283
2026-05-16 09:04:19,133 -   => TỔNG CẢI THIỆN:            70
2026-05-16 09:04:19,133 -   => Số lần CPLEX Single cải thiện  : 3 lần
2026-05-16 09:04:19,133 -   => Số lần CPLEX Pairwise cải thiện: 0 lần
2026-05-16 09:04:19,133 -   => TỔNG THỜI GIAN CHẠY:       203.745s
2026-05-16 09:04:19,134 - ======================================================================
2026-05-16 09:04:19,134 - CPLEX MIP SOLVER  |  FILE: F-n135-k7.vrp
2026-05-16 09:04:19,134 - ======================================================================
2026-05-16 09:04:19,140 - Thông tin dữ liệu: Dimension=135, K=7, Capacity=2210
2026-05-16 09:04:19,140 - --- Step 1: Clarke-Wright Heuristic ---
2026-05-16 09:04:19,160 -   Kết quả CW: Cost = 1558, Time = 0.020s
2026-05-16 09:04:19,160 - --- Step 2: Advanced Optimization (CPLEX MIP) ---
2026-05-16 09:04:19,160 - =========================================
2026-05-16 09:04:19,160 - BẮT ĐẦU OPTIMIZE  (100% CPLEX MIP)
2026-05-16 09:04:19,160 -  -> Max Single Size  : 35
2026-05-16 09:04:19,160 -  -> Single Timeout   : 40.0s
2026-05-16 09:04:19,160 -  -> Max Pairwise Size: 28
2026-05-16 09:04:19,160 -  -> Pairwise Timeout : 120.0s
2026-05-16 09:04:19,160 -  -> Global Timeout   : 1200.0s
2026-05-16 09:04:19,160 -  -> Chi phí khởi điểm: 1558
2026-05-16 09:04:19,160 - =========================================
2026-05-16 09:04:19,161 - === BẮT ĐẦU CHẶNG 4: CPLEX MIP CHÍNH XÁC | Cost: 1558 ===
2026-05-16 09:04:19,161 -   [GĐ 4.1] Giải bài toán TSP trên từng tuyến đơn...
2026-05-16 09:07:25,884 -     -> Single CPLEX cải thiện: 289. Cost mới: 1269
2026-05-16 09:07:25,884 -   [GĐ 4.2] Xét từng cặp tuyến để phân bổ lại khách hàng...
2026-05-16 09:07:25,884 -   --- Pairwise Iter 1 (còn 1013s) ---
2026-05-16 09:16:43,125 -     -> Đã đạt cực trị toàn cục cho mọi cặp dưới ngưỡng. KẾT THÚC CHẶNG 4.
2026-05-16 09:16:43,126 - Hoàn thành trong 744.0s. Final Cost: 1269
2026-05-16 09:16:43,126 - ======================================================================
2026-05-16 09:16:43,126 - BÁO CÁO TỔNG KẾT (SUMMARY)
2026-05-16 09:16:43,126 - ======================================================================
2026-05-16 09:16:43,126 -   1. Chi phí Clarke-Wright:     1558
2026-05-16 09:16:43,126 -   2. Chi phí sau CPLEX MIP:     1269
2026-05-16 09:16:43,126 -   => TỔNG CẢI THIỆN:            289
2026-05-16 09:16:43,126 -   => Số lần CPLEX Single cải thiện  : 7 lần
2026-05-16 09:16:43,126 -   => Số lần CPLEX Pairwise cải thiện: 0 lần
2026-05-16 09:16:43,126 -   => TỔNG THỜI GIAN CHẠY:       743.985s
