2026-04-04 17:01:42,677 - ======================================================================
2026-04-04 17:01:42,677 - CPLEX MIP SOLVER  |  FILE: B-n31-k5.vrp
2026-04-04 17:01:42,677 - ======================================================================
2026-04-04 17:01:42,679 - Thông tin dữ liệu: Dimension=31, K=5, Capacity=100
2026-04-04 17:01:42,679 - --- Step 1: Clarke-Wright Heuristic ---
2026-04-04 17:01:42,680 -   Kết quả CW: Cost = 748, Time = 0.001s
2026-04-04 17:01:42,681 - --- Step 2: Advanced Optimization (CPLEX MIP) ---
2026-04-04 17:01:42,681 - =========================================
2026-04-04 17:01:42,681 - BẮT ĐẦU OPTIMIZE  (100% CPLEX MIP)
2026-04-04 17:01:42,681 -  -> Max Single Size  : 20
2026-04-04 17:01:42,681 -  -> Single Timeout   : 40.0s
2026-04-04 17:01:42,681 -  -> Max Pairwise Size: 18
2026-04-04 17:01:42,681 -  -> Pairwise Timeout : 56s
2026-04-04 17:01:42,681 -  -> Global Timeout   : 1200.0s
2026-04-04 17:01:42,681 -  -> Chi phí khởi điểm: 748
2026-04-04 17:01:42,681 - =========================================
2026-04-04 17:01:42,681 - === BẮT ĐẦU CHẶNG 4: CPLEX MIP CHÍNH XÁC | Cost: 748 ===
2026-04-04 17:01:42,681 -   [GĐ 4.1] Giải bài toán TSP trên từng tuyến đơn...
2026-04-04 17:01:42,790 -     -> Single CPLEX cải thiện: 18. Cost mới: 730
2026-04-04 17:01:42,790 -   [GĐ 4.2] Xét từng cặp tuyến để phân bổ lại khách hàng...
2026-04-04 17:01:42,790 -   --- Pairwise Iter 1 (còn 1200s) ---
2026-04-04 17:02:38,833 -     [P4.2] Pair (1,2) giảm 19 -> BEST = 711
2026-04-04 17:02:38,943 -   --- Pairwise Iter 2 (còn 1144s) ---
2026-04-04 17:03:34,977 -     [P4.2] Pair (1,3) giảm 10 -> BEST = 701
2026-04-04 17:03:35,049 -   --- Pairwise Iter 3 (còn 1088s) ---
2026-04-04 17:04:33,076 -     [P4.2] Pair (1,4) giảm 3 -> BEST = 698
2026-04-04 17:04:33,125 -   --- Pairwise Iter 4 (còn 1030s) ---
2026-04-04 17:04:45,146 -     [P4.2] Pair (1,3) giảm 7 -> BEST = 691
2026-04-04 17:04:45,182 -   --- Pairwise Iter 5 (còn 1017s) ---
2026-04-04 17:07:25,520 -     [P4.2] Pair (1,2) giảm 6 -> BEST = 685
2026-04-04 17:07:25,565 -   --- Pairwise Iter 6 (còn 857s) ---
2026-04-04 17:08:07,184 -     [P4.2] Pair (1,3) giảm 4 -> BEST = 681
2026-04-04 17:08:07,247 -   --- Pairwise Iter 7 (còn 815s) ---
2026-04-04 17:11:00,878 -     [P4.2] Pair (0,4) giảm 4 -> BEST = 677
2026-04-04 17:11:00,936 -   --- Pairwise Iter 8 (còn 642s) ---
2026-04-04 17:15:11,907 -     -> Đã đạt cực trị toàn cục cho mọi cặp dưới ngưỡng. KẾT THÚC CHẶNG 4.
2026-04-04 17:15:11,907 - Hoàn thành trong 809.2s. Final Cost: 677
2026-04-04 17:15:11,907 - ======================================================================
2026-04-04 17:15:11,907 - BÁO CÁO TỔNG KẾT (SUMMARY)
2026-04-04 17:15:11,908 - ======================================================================
2026-04-04 17:15:11,908 -   1. Chi phí Clarke-Wright:     748
2026-04-04 17:15:11,908 -   2. Chi phí sau CPLEX MIP:     677
2026-04-04 17:15:11,908 -   => TỔNG CẢI THIỆN:            71
2026-04-04 17:15:11,908 -   => Số lần CPLEX Single cải thiện  : 4 lần
2026-04-04 17:15:11,908 -   => Số lần CPLEX Pairwise cải thiện: 7 lần
2026-04-04 17:15:11,908 -   => TỔNG THỜI GIAN CHẠY:       809.228s
2026-04-04 17:15:11,909 - ======================================================================
2026-04-04 17:15:11,909 - CPLEX MIP SOLVER  |  FILE: B-n34-k5.vrp
2026-04-04 17:15:11,909 - ======================================================================
2026-04-04 17:15:11,911 - Thông tin dữ liệu: Dimension=34, K=5, Capacity=100
2026-04-04 17:15:11,911 - --- Step 1: Clarke-Wright Heuristic ---
2026-04-04 17:15:11,912 -   Kết quả CW: Cost = 936, Time = 0.001s
2026-04-04 17:15:11,913 - --- Step 2: Advanced Optimization (CPLEX MIP) ---
2026-04-04 17:15:11,913 - =========================================
2026-04-04 17:15:11,913 - BẮT ĐẦU OPTIMIZE  (100% CPLEX MIP)
2026-04-04 17:15:11,913 -  -> Max Single Size  : 20
2026-04-04 17:15:11,913 -  -> Single Timeout   : 40.0s
2026-04-04 17:15:11,913 -  -> Max Pairwise Size: 20
2026-04-04 17:15:11,913 -  -> Pairwise Timeout : 61s
2026-04-04 17:15:11,914 -  -> Global Timeout   : 1200.0s
2026-04-04 17:15:11,914 -  -> Chi phí khởi điểm: 936
2026-04-04 17:15:11,914 - =========================================
2026-04-04 17:15:11,914 - === BẮT ĐẦU CHẶNG 4: CPLEX MIP CHÍNH XÁC | Cost: 936 ===
2026-04-04 17:15:11,914 -   [GĐ 4.1] Giải bài toán TSP trên từng tuyến đơn...
2026-04-04 17:15:12,103 -     -> Single CPLEX cải thiện: 61. Cost mới: 875
2026-04-04 17:15:12,103 -   [GĐ 4.2] Xét từng cặp tuyến để phân bổ lại khách hàng...
2026-04-04 17:15:12,103 -   --- Pairwise Iter 1 (còn 1200s) ---
2026-04-04 17:16:13,147 -     [P4.2] Pair (0,1) giảm 20 -> BEST = 855
2026-04-04 17:16:13,222 -   --- Pairwise Iter 2 (còn 1139s) ---
2026-04-04 17:17:14,285 -     [P4.2] Pair (0,1) giảm 1 -> BEST = 854
2026-04-04 17:17:14,358 -   --- Pairwise Iter 3 (còn 1078s) ---
2026-04-04 17:18:23,065 -     [P4.2] Pair (0,4) giảm 2 -> BEST = 852
2026-04-04 17:18:23,106 -   --- Pairwise Iter 4 (còn 1009s) ---
2026-04-04 17:19:24,154 -     [P4.2] Pair (1,4) giảm 27 -> BEST = 825
2026-04-04 17:19:24,260 -   --- Pairwise Iter 5 (còn 948s) ---
2026-04-04 17:20:25,294 -     [P4.2] Pair (2,3) giảm 21 -> BEST = 804
2026-04-04 17:20:25,357 -   --- Pairwise Iter 6 (còn 887s) ---
2026-04-04 17:21:26,390 -     [P4.2] Pair (3,4) giảm 13 -> BEST = 791
2026-04-04 17:21:26,551 -   --- Pairwise Iter 7 (còn 825s) ---
2026-04-04 17:24:31,491 -     [P4.2] Pair (0,4) giảm 1 -> BEST = 790
2026-04-04 17:24:31,594 -   --- Pairwise Iter 8 (còn 640s) ---
2026-04-04 17:25:32,625 -     [P4.2] Pair (3,4) giảm 2 -> BEST = 788
2026-04-04 17:25:33,293 -   --- Pairwise Iter 9 (còn 579s) ---
2026-04-04 17:29:54,616 -     -> Đã đạt cực trị toàn cục cho mọi cặp dưới ngưỡng. KẾT THÚC CHẶNG 4.
2026-04-04 17:29:54,616 - Hoàn thành trong 882.7s. Final Cost: 788
2026-04-04 17:29:54,616 - ======================================================================
2026-04-04 17:29:54,616 - BÁO CÁO TỔNG KẾT (SUMMARY)
2026-04-04 17:29:54,616 - ======================================================================
2026-04-04 17:29:54,616 -   1. Chi phí Clarke-Wright:     936
2026-04-04 17:29:54,616 -   2. Chi phí sau CPLEX MIP:     788
2026-04-04 17:29:54,616 -   => TỔNG CẢI THIỆN:            148
2026-04-04 17:29:54,616 -   => Số lần CPLEX Single cải thiện  : 4 lần
2026-04-04 17:29:54,616 -   => Số lần CPLEX Pairwise cải thiện: 8 lần
2026-04-04 17:29:54,616 -   => TỔNG THỜI GIAN CHẠY:       882.704s
2026-04-04 17:29:54,617 - ======================================================================
2026-04-04 17:29:54,617 - CPLEX MIP SOLVER  |  FILE: B-n35-k5.vrp
2026-04-04 17:29:54,617 - ======================================================================
2026-04-04 17:29:54,619 - Thông tin dữ liệu: Dimension=35, K=5, Capacity=100
2026-04-04 17:29:54,619 - --- Step 1: Clarke-Wright Heuristic ---
2026-04-04 17:29:54,621 -   Kết quả CW: Cost = 1016, Time = 0.001s
2026-04-04 17:29:54,621 - --- Step 2: Advanced Optimization (CPLEX MIP) ---
2026-04-04 17:29:54,621 - =========================================
2026-04-04 17:29:54,621 - BẮT ĐẦU OPTIMIZE  (100% CPLEX MIP)
2026-04-04 17:29:54,621 -  -> Max Single Size  : 20
2026-04-04 17:29:54,621 -  -> Single Timeout   : 40.0s
2026-04-04 17:29:54,621 -  -> Max Pairwise Size: 21
2026-04-04 17:29:54,621 -  -> Pairwise Timeout : 63s
2026-04-04 17:29:54,621 -  -> Global Timeout   : 1200.0s
2026-04-04 17:29:54,621 -  -> Chi phí khởi điểm: 1016
2026-04-04 17:29:54,621 - =========================================
2026-04-04 17:29:54,621 - === BẮT ĐẦU CHẶNG 4: CPLEX MIP CHÍNH XÁC | Cost: 1016 ===
2026-04-04 17:29:54,621 -   [GĐ 4.1] Giải bài toán TSP trên từng tuyến đơn...
2026-04-04 17:29:54,956 -     -> Single CPLEX cải thiện: 44. Cost mới: 972
2026-04-04 17:29:54,956 -   [GĐ 4.2] Xét từng cặp tuyến để phân bổ lại khách hàng...
2026-04-04 17:29:54,956 -   --- Pairwise Iter 1 (còn 1200s) ---
2026-04-04 17:30:57,984 -     [P4.2] Pair (2,4) giảm 6 -> BEST = 966
2026-04-04 17:30:58,041 -   --- Pairwise Iter 2 (còn 1137s) ---
2026-04-04 17:33:04,128 -     [P4.2] Pair (0,4) giảm 3 -> BEST = 963
2026-04-04 17:33:05,191 -   --- Pairwise Iter 3 (còn 1009s) ---
2026-04-04 17:36:14,343 -     [P4.2] Pair (1,3) giảm 8 -> BEST = 955
2026-04-04 17:36:14,432 -   --- Pairwise Iter 4 (còn 820s) ---
2026-04-04 17:42:35,436 -     -> Đã đạt cực trị toàn cục cho mọi cặp dưới ngưỡng. KẾT THÚC CHẶNG 4.
2026-04-04 17:42:35,436 - Hoàn thành trong 760.8s. Final Cost: 955
2026-04-04 17:42:35,436 - ======================================================================
2026-04-04 17:42:35,436 - BÁO CÁO TỔNG KẾT (SUMMARY)
2026-04-04 17:42:35,436 - ======================================================================
2026-04-04 17:42:35,436 -   1. Chi phí Clarke-Wright:     1016
2026-04-04 17:42:35,436 -   2. Chi phí sau CPLEX MIP:     955
2026-04-04 17:42:35,436 -   => TỔNG CẢI THIỆN:            61
2026-04-04 17:42:35,436 -   => Số lần CPLEX Single cải thiện  : 5 lần
2026-04-04 17:42:35,436 -   => Số lần CPLEX Pairwise cải thiện: 3 lần
2026-04-04 17:42:35,436 -   => TỔNG THỜI GIAN CHẠY:       760.817s
2026-04-04 17:42:35,437 - ======================================================================
2026-04-04 17:42:35,437 - CPLEX MIP SOLVER  |  FILE: B-n38-k6.vrp
2026-04-04 17:42:35,437 - ======================================================================
2026-04-04 17:42:35,440 - Thông tin dữ liệu: Dimension=38, K=6, Capacity=100
2026-04-04 17:42:35,440 - --- Step 1: Clarke-Wright Heuristic ---
2026-04-04 17:42:35,441 -   Kết quả CW: Cost = 961, Time = 0.001s
2026-04-04 17:42:35,441 - --- Step 2: Advanced Optimization (CPLEX MIP) ---
2026-04-04 17:42:35,441 - =========================================
2026-04-04 17:42:35,441 - BẮT ĐẦU OPTIMIZE  (100% CPLEX MIP)
2026-04-04 17:42:35,441 -  -> Max Single Size  : 20
2026-04-04 17:42:35,441 -  -> Single Timeout   : 40.0s
2026-04-04 17:42:35,441 -  -> Max Pairwise Size: 19
2026-04-04 17:42:35,442 -  -> Pairwise Timeout : 57s
2026-04-04 17:42:35,442 -  -> Global Timeout   : 1200.0s
2026-04-04 17:42:35,442 -  -> Chi phí khởi điểm: 961
2026-04-04 17:42:35,442 - =========================================
2026-04-04 17:42:35,442 - === BẮT ĐẦU CHẶNG 4: CPLEX MIP CHÍNH XÁC | Cost: 961 ===
2026-04-04 17:42:35,442 -   [GĐ 4.1] Giải bài toán TSP trên từng tuyến đơn...
2026-04-04 17:42:35,630 -     -> Single CPLEX cải thiện: 49. Cost mới: 912
2026-04-04 17:42:35,630 -   [GĐ 4.2] Xét từng cặp tuyến để phân bổ lại khách hàng...
2026-04-04 17:42:35,630 -   --- Pairwise Iter 1 (còn 1200s) ---
2026-04-04 17:43:32,667 -     [P4.2] Pair (2,3) giảm 55 -> BEST = 857
2026-04-04 17:43:32,992 -   --- Pairwise Iter 2 (còn 1142s) ---
2026-04-04 17:44:41,645 -     [P4.2] Pair (1,5) giảm 5 -> BEST = 852
2026-04-04 17:44:41,677 -   --- Pairwise Iter 3 (còn 1074s) ---
2026-04-04 17:45:38,925 -     [P4.2] Pair (4,5) giảm 4 -> BEST = 848
2026-04-04 17:45:38,960 -   --- Pairwise Iter 4 (còn 1016s) ---
2026-04-04 17:46:36,003 -     [P4.2] Pair (3,5) giảm 1 -> BEST = 847
2026-04-04 17:46:36,222 -   --- Pairwise Iter 5 (còn 959s) ---
2026-04-04 17:47:56,579 -     [P4.2] Pair (0,1) giảm 30 -> BEST = 817
2026-04-04 17:47:56,621 -   --- Pairwise Iter 6 (còn 879s) ---
2026-04-04 17:54:52,625 -     -> Đã đạt cực trị toàn cục cho mọi cặp dưới ngưỡng. KẾT THÚC CHẶNG 4.
2026-04-04 17:54:52,625 - Hoàn thành trong 737.2s. Final Cost: 817
2026-04-04 17:54:52,626 - ======================================================================
2026-04-04 17:54:52,626 - BÁO CÁO TỔNG KẾT (SUMMARY)
2026-04-04 17:54:52,626 - ======================================================================
2026-04-04 17:54:52,626 -   1. Chi phí Clarke-Wright:     961
2026-04-04 17:54:52,626 -   2. Chi phí sau CPLEX MIP:     817
2026-04-04 17:54:52,626 -   => TỔNG CẢI THIỆN:            144
2026-04-04 17:54:52,626 -   => Số lần CPLEX Single cải thiện  : 4 lần
2026-04-04 17:54:52,626 -   => Số lần CPLEX Pairwise cải thiện: 5 lần
2026-04-04 17:54:52,627 -   => TỔNG THỜI GIAN CHẠY:       737.185s
2026-04-04 17:54:52,627 - ======================================================================
2026-04-04 17:54:52,627 - CPLEX MIP SOLVER  |  FILE: B-n39-k5.vrp
2026-04-04 17:54:52,627 - ======================================================================
2026-04-04 17:54:52,630 - Thông tin dữ liệu: Dimension=39, K=5, Capacity=100
2026-04-04 17:54:52,630 - --- Step 1: Clarke-Wright Heuristic ---
2026-04-04 17:54:52,632 -   Kết quả CW: Cost = 695, Time = 0.001s
2026-04-04 17:54:52,632 - --- Step 2: Advanced Optimization (CPLEX MIP) ---
2026-04-04 17:54:52,632 - =========================================
2026-04-04 17:54:52,632 - BẮT ĐẦU OPTIMIZE  (100% CPLEX MIP)
2026-04-04 17:54:52,632 -  -> Max Single Size  : 20
2026-04-04 17:54:52,632 -  -> Single Timeout   : 40.0s
2026-04-04 17:54:52,632 -  -> Max Pairwise Size: 23
2026-04-04 17:54:52,632 -  -> Pairwise Timeout : 70s
2026-04-04 17:54:52,632 -  -> Global Timeout   : 1200.0s
2026-04-04 17:54:52,632 -  -> Chi phí khởi điểm: 695
2026-04-04 17:54:52,633 - =========================================
2026-04-04 17:54:52,633 - === BẮT ĐẦU CHẶNG 4: CPLEX MIP CHÍNH XÁC | Cost: 695 ===
2026-04-04 17:54:52,633 -   [GĐ 4.1] Giải bài toán TSP trên từng tuyến đơn...
2026-04-04 17:54:58,074 -     -> Single CPLEX cải thiện: 39. Cost mới: 656
2026-04-04 17:54:58,074 -   [GĐ 4.2] Xét từng cặp tuyến để phân bổ lại khách hàng...
2026-04-04 17:54:58,074 -   --- Pairwise Iter 1 (còn 1195s) ---
2026-04-04 17:55:30,566 -     [P4.2] Pair (2,3) giảm 86 -> BEST = 570
2026-04-04 17:55:30,688 -   --- Pairwise Iter 2 (còn 1162s) ---
2026-04-04 17:56:40,743 -     [P4.2] Pair (0,1) giảm 4 -> BEST = 566
2026-04-04 17:57:20,786 -       [S-re] Route 1: 199 → 198  (−1) | BEST = 565
2026-04-04 17:57:20,786 -   --- Pairwise Iter 3 (còn 1052s) ---
2026-04-04 17:58:30,875 -     [P4.2] Pair (1,2) giảm 1 -> BEST = 564
2026-04-04 17:59:10,954 -   --- Pairwise Iter 4 (còn 942s) ---
2026-04-04 18:02:41,137 -     [P4.2] Pair (3,4) giảm 6 -> BEST = 558
2026-04-04 18:02:41,211 -   --- Pairwise Iter 5 (còn 731s) ---
2026-04-04 18:10:26,855 -     -> Đã đạt cực trị toàn cục cho mọi cặp dưới ngưỡng. KẾT THÚC CHẶNG 4.
2026-04-04 18:10:26,855 - Hoàn thành trong 934.2s. Final Cost: 558
2026-04-04 18:10:26,855 - ======================================================================
2026-04-04 18:10:26,855 - BÁO CÁO TỔNG KẾT (SUMMARY)
2026-04-04 18:10:26,855 - ======================================================================
2026-04-04 18:10:26,855 -   1. Chi phí Clarke-Wright:     695
2026-04-04 18:10:26,855 -   2. Chi phí sau CPLEX MIP:     558
2026-04-04 18:10:26,855 -   => TỔNG CẢI THIỆN:            137
2026-04-04 18:10:26,855 -   => Số lần CPLEX Single cải thiện  : 6 lần
2026-04-04 18:10:26,855 -   => Số lần CPLEX Pairwise cải thiện: 4 lần
2026-04-04 18:10:26,855 -   => TỔNG THỜI GIAN CHẠY:       934.224s
2026-04-04 18:10:26,856 - ======================================================================
2026-04-04 18:10:26,856 - CPLEX MIP SOLVER  |  FILE: B-n41-k6.vrp
2026-04-04 18:10:26,856 - ======================================================================
2026-04-04 18:10:26,859 - Thông tin dữ liệu: Dimension=41, K=6, Capacity=100
2026-04-04 18:10:26,859 - --- Step 1: Clarke-Wright Heuristic ---
2026-04-04 18:10:26,861 -   Kết quả CW: Cost = 981, Time = 0.001s
2026-04-04 18:10:26,861 - --- Step 2: Advanced Optimization (CPLEX MIP) ---
2026-04-04 18:10:26,861 - =========================================
2026-04-04 18:10:26,861 - BẮT ĐẦU OPTIMIZE  (100% CPLEX MIP)
2026-04-04 18:10:26,862 -  -> Max Single Size  : 20
2026-04-04 18:10:26,862 -  -> Single Timeout   : 40.0s
2026-04-04 18:10:26,862 -  -> Max Pairwise Size: 20
2026-04-04 18:10:26,862 -  -> Pairwise Timeout : 62s
2026-04-04 18:10:26,862 -  -> Global Timeout   : 1200.0s
2026-04-04 18:10:26,862 -  -> Chi phí khởi điểm: 981
2026-04-04 18:10:26,862 - =========================================
2026-04-04 18:10:26,862 - === BẮT ĐẦU CHẶNG 4: CPLEX MIP CHÍNH XÁC | Cost: 981 ===
2026-04-04 18:10:26,862 -   [GĐ 4.1] Giải bài toán TSP trên từng tuyến đơn...
2026-04-04 18:10:27,362 -     -> Single CPLEX cải thiện: 28. Cost mới: 953
2026-04-04 18:10:27,363 -   [GĐ 4.2] Xét từng cặp tuyến để phân bổ lại khách hàng...
2026-04-04 18:10:27,363 -   --- Pairwise Iter 1 (còn 1199s) ---
2026-04-04 18:10:32,298 -     [P4.2] Pair (4,5) giảm 5 -> BEST = 948
2026-04-04 18:10:32,336 -   --- Pairwise Iter 2 (còn 1195s) ---
2026-04-04 18:11:34,369 -     [P4.2] Pair (0,4) giảm 10 -> BEST = 938
2026-04-04 18:11:34,420 -   --- Pairwise Iter 3 (còn 1132s) ---
2026-04-04 18:12:41,710 -     [P4.2] Pair (0,5) giảm 3 -> BEST = 935
2026-04-04 18:12:41,750 -   --- Pairwise Iter 4 (còn 1065s) ---
2026-04-04 18:15:53,327 -     [P4.2] Pair (1,4) giảm 5 -> BEST = 930
2026-04-04 18:15:53,604 -   --- Pairwise Iter 5 (còn 873s) ---
2026-04-04 18:16:55,644 -     [P4.2] Pair (1,4) giảm 2 -> BEST = 928
2026-04-04 18:16:55,930 -   --- Pairwise Iter 6 (còn 811s) ---
2026-04-04 18:21:25,123 -     [P4.2] Pair (1,2) giảm 27 -> BEST = 901
2026-04-04 18:21:25,273 -   --- Pairwise Iter 7 (còn 542s) ---
2026-04-04 18:22:32,865 -     [P4.2] Pair (2,4) giảm 10 -> BEST = 891
2026-04-04 18:22:32,926 -   --- Pairwise Iter 8 (còn 474s) ---
2026-04-04 18:27:29,221 -     [P4.2] Pair (1,3) giảm 5 -> BEST = 886
2026-04-04 18:27:29,283 -   --- Pairwise Iter 9 (còn 178s) ---
2026-04-04 18:30:24,897 -     -> Đã đạt cực trị toàn cục cho mọi cặp dưới ngưỡng. KẾT THÚC CHẶNG 4.
2026-04-04 18:30:24,898 - Hoàn thành trong 1198.0s. Final Cost: 886
2026-04-04 18:30:24,898 - ======================================================================
2026-04-04 18:30:24,898 - BÁO CÁO TỔNG KẾT (SUMMARY)
2026-04-04 18:30:24,898 - ======================================================================
2026-04-04 18:30:24,898 -   1. Chi phí Clarke-Wright:     981
2026-04-04 18:30:24,898 -   2. Chi phí sau CPLEX MIP:     886
2026-04-04 18:30:24,898 -   => TỔNG CẢI THIỆN:            95
2026-04-04 18:30:24,898 -   => Số lần CPLEX Single cải thiện  : 4 lần
2026-04-04 18:30:24,898 -   => Số lần CPLEX Pairwise cải thiện: 8 lần
2026-04-04 18:30:24,898 -   => TỔNG THỜI GIAN CHẠY:       1198.038s
2026-04-04 18:30:24,899 - ======================================================================
2026-04-04 18:30:24,899 - CPLEX MIP SOLVER  |  FILE: B-n43-k6.vrp
2026-04-04 18:30:24,899 - ======================================================================
2026-04-04 18:30:24,902 - Thông tin dữ liệu: Dimension=43, K=6, Capacity=100
2026-04-04 18:30:24,902 - --- Step 1: Clarke-Wright Heuristic ---
2026-04-04 18:30:24,903 -   Kết quả CW: Cost = 861, Time = 0.001s
2026-04-04 18:30:24,903 - --- Step 2: Advanced Optimization (CPLEX MIP) ---
2026-04-04 18:30:24,904 - =========================================
2026-04-04 18:30:24,904 - BẮT ĐẦU OPTIMIZE  (100% CPLEX MIP)
2026-04-04 18:30:24,904 -  -> Max Single Size  : 20
2026-04-04 18:30:24,904 -  -> Single Timeout   : 40.0s
2026-04-04 18:30:24,904 -  -> Max Pairwise Size: 21
2026-04-04 18:30:24,904 -  -> Pairwise Timeout : 64s
2026-04-04 18:30:24,904 -  -> Global Timeout   : 1200.0s
2026-04-04 18:30:24,904 -  -> Chi phí khởi điểm: 861
2026-04-04 18:30:24,904 - =========================================
2026-04-04 18:30:24,904 - === BẮT ĐẦU CHẶNG 4: CPLEX MIP CHÍNH XÁC | Cost: 861 ===
2026-04-04 18:30:24,904 -   [GĐ 4.1] Giải bài toán TSP trên từng tuyến đơn...
2026-04-04 18:30:26,471 -     -> Single CPLEX cải thiện: 69. Cost mới: 792
2026-04-04 18:30:26,471 -   [GĐ 4.2] Xét từng cặp tuyến để phân bổ lại khách hàng...
2026-04-04 18:30:26,471 -   --- Pairwise Iter 1 (còn 1198s) ---
2026-04-04 18:31:21,207 -     [P4.2] Pair (1,5) giảm 6 -> BEST = 786
2026-04-04 18:31:21,264 -   --- Pairwise Iter 2 (còn 1144s) ---
2026-04-04 18:34:30,128 -     [P4.2] Pair (4,5) giảm 4 -> BEST = 782
2026-04-04 18:34:30,364 -   --- Pairwise Iter 3 (còn 955s) ---
2026-04-04 18:35:44,122 -     [P4.2] Pair (1,4) giảm 1 -> BEST = 781
2026-04-04 18:35:44,163 -   --- Pairwise Iter 4 (còn 881s) ---
2026-04-04 18:41:24,904 -     [P4.2] Pair (2,3) giảm 1 -> BEST = 780
2026-04-04 18:41:24,983 -   --- Pairwise Iter 5 (còn 540s) ---
2026-04-04 18:48:09,685 -     [P4.2] Pair (1,3) giảm 10 -> BEST = 770
2026-04-04 18:48:09,818 -   --- Pairwise Iter 6 (còn 135s) ---
2026-04-04 18:50:22,970 -     -> Đã đạt cực trị toàn cục cho mọi cặp dưới ngưỡng. KẾT THÚC CHẶNG 4.
2026-04-04 18:50:22,970 - Hoàn thành trong 1198.1s. Final Cost: 770
2026-04-04 18:50:22,970 - ======================================================================
2026-04-04 18:50:22,970 - BÁO CÁO TỔNG KẾT (SUMMARY)
2026-04-04 18:50:22,970 - ======================================================================
2026-04-04 18:50:22,970 -   1. Chi phí Clarke-Wright:     861
2026-04-04 18:50:22,970 -   2. Chi phí sau CPLEX MIP:     770
2026-04-04 18:50:22,970 -   => TỔNG CẢI THIỆN:            91
2026-04-04 18:50:22,970 -   => Số lần CPLEX Single cải thiện  : 6 lần
2026-04-04 18:50:22,970 -   => Số lần CPLEX Pairwise cải thiện: 5 lần
2026-04-04 18:50:22,970 -   => TỔNG THỜI GIAN CHẠY:       1198.068s
2026-04-04 18:50:22,971 - ======================================================================
2026-04-04 18:50:22,971 - CPLEX MIP SOLVER  |  FILE: B-n44-k7.vrp
2026-04-04 18:50:22,971 - ======================================================================
2026-04-04 18:50:22,974 - Thông tin dữ liệu: Dimension=44, K=7, Capacity=100
2026-04-04 18:50:22,975 - --- Step 1: Clarke-Wright Heuristic ---
2026-04-04 18:50:22,976 -   Kết quả CW: Cost = 1103, Time = 0.001s
2026-04-04 18:50:22,976 - --- Step 2: Advanced Optimization (CPLEX MIP) ---
2026-04-04 18:50:22,976 - =========================================
2026-04-04 18:50:22,976 - BẮT ĐẦU OPTIMIZE  (100% CPLEX MIP)
2026-04-04 18:50:22,976 -  -> Max Single Size  : 20
2026-04-04 18:50:22,976 -  -> Single Timeout   : 40.0s
2026-04-04 18:50:22,976 -  -> Max Pairwise Size: 18
2026-04-04 18:50:22,976 -  -> Pairwise Timeout : 57s
2026-04-04 18:50:22,977 -  -> Global Timeout   : 1200.0s
2026-04-04 18:50:22,977 -  -> Chi phí khởi điểm: 1103
2026-04-04 18:50:22,977 - =========================================
2026-04-04 18:50:22,977 - === BẮT ĐẦU CHẶNG 4: CPLEX MIP CHÍNH XÁC | Cost: 1103 ===
2026-04-04 18:50:22,977 -   [GĐ 4.1] Giải bài toán TSP trên từng tuyến đơn...
2026-04-04 18:50:23,240 -     -> Single CPLEX cải thiện: 62. Cost mới: 1041
2026-04-04 18:50:23,240 -   [GĐ 4.2] Xét từng cặp tuyến để phân bổ lại khách hàng...
2026-04-04 18:50:23,240 -   --- Pairwise Iter 1 (còn 1200s) ---
2026-04-04 18:51:20,288 -     [P4.2] Pair (0,2) giảm 3 -> BEST = 1038
2026-04-04 18:51:20,345 -   --- Pairwise Iter 2 (còn 1143s) ---
2026-04-04 18:52:20,327 -     [P4.2] Pair (2,4) giảm 93 -> BEST = 945
2026-04-04 18:52:20,413 -   --- Pairwise Iter 3 (còn 1083s) ---
2026-04-04 18:53:17,663 -     [P4.2] Pair (5,6) giảm 9 -> BEST = 936
2026-04-04 18:53:17,697 -   --- Pairwise Iter 4 (còn 1025s) ---
2026-04-04 18:56:24,275 -     [P4.2] Pair (2,3) giảm 6 -> BEST = 930
2026-04-04 18:56:24,354 -   --- Pairwise Iter 5 (còn 839s) ---
2026-04-04 19:05:13,630 -     [P4.2] Pair (3,6) giảm 1 -> BEST = 929
2026-04-04 19:05:13,682 -   --- Pairwise Iter 6 (còn 309s) ---
2026-04-04 19:10:21,010 -     -> Đã đạt cực trị toàn cục cho mọi cặp dưới ngưỡng. KẾT THÚC CHẶNG 4.
2026-04-04 19:10:21,010 - Hoàn thành trong 1198.0s. Final Cost: 929
2026-04-04 19:10:21,011 - ======================================================================
2026-04-04 19:10:21,011 - BÁO CÁO TỔNG KẾT (SUMMARY)
2026-04-04 19:10:21,011 - ======================================================================
2026-04-04 19:10:21,011 -   1. Chi phí Clarke-Wright:     1103
2026-04-04 19:10:21,011 -   2. Chi phí sau CPLEX MIP:     929
2026-04-04 19:10:21,011 -   => TỔNG CẢI THIỆN:            174
2026-04-04 19:10:21,011 -   => Số lần CPLEX Single cải thiện  : 6 lần
2026-04-04 19:10:21,011 -   => Số lần CPLEX Pairwise cải thiện: 5 lần
2026-04-04 19:10:21,011 -   => TỔNG THỜI GIAN CHẠY:       1198.036s
2026-04-04 19:10:21,011 - ======================================================================
2026-04-04 19:10:21,011 - CPLEX MIP SOLVER  |  FILE: B-n45-k5.vrp
2026-04-04 19:10:21,011 - ======================================================================
2026-04-04 19:10:21,015 - Thông tin dữ liệu: Dimension=45, K=5, Capacity=100
2026-04-04 19:10:21,015 - --- Step 1: Clarke-Wright Heuristic ---
2026-04-04 19:10:21,017 -   Kết quả CW: Cost = 1030, Time = 0.002s
2026-04-04 19:10:21,017 - --- Step 2: Advanced Optimization (CPLEX MIP) ---
2026-04-04 19:10:21,017 - =========================================
2026-04-04 19:10:21,017 - BẮT ĐẦU OPTIMIZE  (100% CPLEX MIP)
2026-04-04 19:10:21,017 -  -> Max Single Size  : 20
2026-04-04 19:10:21,017 -  -> Single Timeout   : 40.0s
2026-04-04 19:10:21,018 -  -> Max Pairwise Size: 27
2026-04-04 19:10:21,018 -  -> Pairwise Timeout : 81s
2026-04-04 19:10:21,018 -  -> Global Timeout   : 1200.0s
2026-04-04 19:10:21,018 -  -> Chi phí khởi điểm: 1030
2026-04-04 19:10:21,018 - =========================================
2026-04-04 19:10:21,018 - === BẮT ĐẦU CHẶNG 4: CPLEX MIP CHÍNH XÁC | Cost: 1030 ===
2026-04-04 19:10:21,018 -   [GĐ 4.1] Giải bài toán TSP trên từng tuyến đơn...
2026-04-04 19:10:21,555 -     -> Single CPLEX cải thiện: 87. Cost mới: 943
2026-04-04 19:10:21,555 -   [GĐ 4.2] Xét từng cặp tuyến để phân bổ lại khách hàng...
2026-04-04 19:10:21,555 -   --- Pairwise Iter 1 (còn 1199s) ---
2026-04-04 19:13:03,694 -     [P4.2] Pair (2,3) giảm 30 -> BEST = 913
2026-04-04 19:13:05,075 -       [S-re] Route 2: 274 → 267  (−7) | BEST = 906
2026-04-04 19:13:06,649 -   --- Pairwise Iter 2 (còn 1034s) ---
2026-04-04 19:14:27,708 -     [P4.2] Pair (1,2) giảm 51 -> BEST = 855
2026-04-04 19:14:28,177 -   --- Pairwise Iter 3 (còn 953s) ---
2026-04-04 19:17:10,309 -     [P4.2] Pair (1,4) giảm 65 -> BEST = 790
2026-04-04 19:17:10,833 -   --- Pairwise Iter 4 (còn 790s) ---
2026-04-04 19:21:14,000 -     [P4.2] Pair (0,2) giảm 27 -> BEST = 763
2026-04-04 19:21:15,497 -   --- Pairwise Iter 5 (còn 546s) ---
2026-04-04 19:22:24,452 -     [P4.2] Pair (1,2) giảm 3 -> BEST = 760
2026-04-04 19:22:24,499 -   --- Pairwise Iter 6 (còn 477s) ---
2026-04-04 19:27:09,706 -     [P4.2] Pair (2,4) giảm 9 -> BEST = 751
2026-04-04 19:27:10,204 -   --- Pairwise Iter 7 (còn 191s) ---
2026-04-04 19:30:19,076 -     -> Đã đạt cực trị toàn cục cho mọi cặp dưới ngưỡng. KẾT THÚC CHẶNG 4.
2026-04-04 19:30:19,076 - Hoàn thành trong 1198.1s. Final Cost: 751
2026-04-04 19:30:19,076 - ======================================================================
2026-04-04 19:30:19,076 - BÁO CÁO TỔNG KẾT (SUMMARY)
2026-04-04 19:30:19,076 - ======================================================================
2026-04-04 19:30:19,076 -   1. Chi phí Clarke-Wright:     1030
2026-04-04 19:30:19,076 -   2. Chi phí sau CPLEX MIP:     751
2026-04-04 19:30:19,076 -   => TỔNG CẢI THIỆN:            279
2026-04-04 19:30:19,076 -   => Số lần CPLEX Single cải thiện  : 5 lần
2026-04-04 19:30:19,077 -   => Số lần CPLEX Pairwise cải thiện: 6 lần
2026-04-04 19:30:19,077 -   => TỔNG THỜI GIAN CHẠY:       1198.061s
2026-04-04 19:30:19,077 - ======================================================================
2026-04-04 19:30:19,077 - CPLEX MIP SOLVER  |  FILE: B-n45-k6.vrp
2026-04-04 19:30:19,077 - ======================================================================
2026-04-04 19:30:19,080 - Thông tin dữ liệu: Dimension=45, K=6, Capacity=100
2026-04-04 19:30:19,080 - --- Step 1: Clarke-Wright Heuristic ---
2026-04-04 19:30:19,082 -   Kết quả CW: Cost = 888, Time = 0.002s
2026-04-04 19:30:19,082 - --- Step 2: Advanced Optimization (CPLEX MIP) ---
2026-04-04 19:30:19,082 - =========================================
2026-04-04 19:30:19,082 - BẮT ĐẦU OPTIMIZE  (100% CPLEX MIP)
2026-04-04 19:30:19,083 -  -> Max Single Size  : 20
2026-04-04 19:30:19,083 -  -> Single Timeout   : 40.0s
2026-04-04 19:30:19,083 -  -> Max Pairwise Size: 22
2026-04-04 19:30:19,083 -  -> Pairwise Timeout : 68s
2026-04-04 19:30:19,083 -  -> Global Timeout   : 1200.0s
2026-04-04 19:30:19,083 -  -> Chi phí khởi điểm: 888
2026-04-04 19:30:19,083 - =========================================
2026-04-04 19:30:19,083 - === BẮT ĐẦU CHẶNG 4: CPLEX MIP CHÍNH XÁC | Cost: 888 ===
2026-04-04 19:30:19,083 -   [GĐ 4.1] Giải bài toán TSP trên từng tuyến đơn...
2026-04-04 19:30:19,311 -     -> Single CPLEX cải thiện: 42. Cost mới: 846
2026-04-04 19:30:19,311 -   [GĐ 4.2] Xét từng cặp tuyến để phân bổ lại khách hàng...
2026-04-04 19:30:19,311 -   --- Pairwise Iter 1 (còn 1200s) ---
2026-04-04 19:31:27,379 -     [P4.2] Pair (1,2) giảm 43 -> BEST = 803
2026-04-04 19:31:27,490 -   --- Pairwise Iter 2 (còn 1132s) ---
2026-04-04 19:32:44,081 -     [P4.2] Pair (0,5) giảm 25 -> BEST = 778
2026-04-04 19:32:44,134 -   --- Pairwise Iter 3 (còn 1055s) ---
2026-04-04 19:35:00,363 -     [P4.2] Pair (0,2) giảm 35 -> BEST = 743
2026-04-04 19:35:00,730 -   --- Pairwise Iter 4 (còn 918s) ---
2026-04-04 19:37:16,819 -     [P4.2] Pair (0,3) giảm 20 -> BEST = 723
2026-04-04 19:37:16,913 -   --- Pairwise Iter 5 (còn 782s) ---
2026-04-04 19:40:11,832 -     [P4.2] Pair (1,5) giảm 5 -> BEST = 718
2026-04-04 19:40:11,878 -   --- Pairwise Iter 6 (còn 607s) ---
2026-04-04 19:41:22,980 -     [P4.2] Pair (2,5) giảm 2 -> BEST = 716
2026-04-04 19:41:23,035 -   --- Pairwise Iter 7 (còn 536s) ---
2026-04-04 19:43:41,683 -     [P4.2] Pair (1,2) giảm 16 -> BEST = 700
2026-04-04 19:43:41,751 -   --- Pairwise Iter 8 (còn 397s) ---
2026-04-04 19:45:48,984 -     [P4.2] Pair (1,5) giảm 1 -> BEST = 699
2026-04-04 19:45:49,017 -   --- Pairwise Iter 9 (còn 270s) ---
2026-04-04 19:48:42,893 -     [P4.2] Pair (2,3) giảm 8 -> BEST = 691
2026-04-04 19:48:43,032 -   --- Pairwise Iter 10 (còn 96s) ---
2026-04-04 19:50:17,112 -     -> Đã đạt cực trị toàn cục cho mọi cặp dưới ngưỡng. KẾT THÚC CHẶNG 4.
2026-04-04 19:50:17,112 - Hoàn thành trong 1198.0s. Final Cost: 691
2026-04-04 19:50:17,112 - ======================================================================
2026-04-04 19:50:17,112 - BÁO CÁO TỔNG KẾT (SUMMARY)
2026-04-04 19:50:17,112 - ======================================================================
2026-04-04 19:50:17,112 -   1. Chi phí Clarke-Wright:     888
2026-04-04 19:50:17,112 -   2. Chi phí sau CPLEX MIP:     691
2026-04-04 19:50:17,112 -   => TỔNG CẢI THIỆN:            197
2026-04-04 19:50:17,112 -   => Số lần CPLEX Single cải thiện  : 4 lần
2026-04-04 19:50:17,112 -   => Số lần CPLEX Pairwise cải thiện: 9 lần
2026-04-04 19:50:17,112 -   => TỔNG THỜI GIAN CHẠY:       1198.031s
2026-04-04 19:50:17,113 - ======================================================================
2026-04-04 19:50:17,113 - CPLEX MIP SOLVER  |  FILE: B-n50-k8.vrp
2026-04-04 19:50:17,113 - ======================================================================
2026-04-04 19:50:17,117 - Thông tin dữ liệu: Dimension=50, K=8, Capacity=100
2026-04-04 19:50:17,118 - --- Step 1: Clarke-Wright Heuristic ---
2026-04-04 19:50:17,120 -   Kết quả CW: Cost = 1554, Time = 0.002s
2026-04-04 19:50:17,120 - --- Step 2: Advanced Optimization (CPLEX MIP) ---
2026-04-04 19:50:17,120 - =========================================
2026-04-04 19:50:17,120 - BẮT ĐẦU OPTIMIZE  (100% CPLEX MIP)
2026-04-04 19:50:17,121 -  -> Max Single Size  : 20
2026-04-04 19:50:17,121 -  -> Single Timeout   : 40.0s
2026-04-04 19:50:17,121 -  -> Max Pairwise Size: 18
2026-04-04 19:50:17,121 -  -> Pairwise Timeout : 56s
2026-04-04 19:50:17,121 -  -> Global Timeout   : 1200.0s
2026-04-04 19:50:17,121 -  -> Chi phí khởi điểm: 1554
2026-04-04 19:50:17,121 - =========================================
2026-04-04 19:50:17,121 - === BẮT ĐẦU CHẶNG 4: CPLEX MIP CHÍNH XÁC | Cost: 1554 ===
2026-04-04 19:50:17,122 -   [GĐ 4.1] Giải bài toán TSP trên từng tuyến đơn...
2026-04-04 19:50:17,338 -     -> Single CPLEX cải thiện: 56. Cost mới: 1498
2026-04-04 19:50:17,338 -   [GĐ 4.2] Xét từng cặp tuyến để phân bổ lại khách hàng...
2026-04-04 19:50:17,338 -   --- Pairwise Iter 1 (còn 1200s) ---
2026-04-04 19:50:22,988 -     [P4.2] Pair (0,6) giảm 1 -> BEST = 1497
2026-04-04 19:50:23,041 -   --- Pairwise Iter 2 (còn 1194s) ---
2026-04-04 19:50:30,941 -     [P4.2] Pair (6,7) giảm 40 -> BEST = 1457
2026-04-04 19:50:30,979 -   --- Pairwise Iter 3 (còn 1186s) ---
2026-04-04 19:51:35,441 -     [P4.2] Pair (0,4) giảm 1 -> BEST = 1456
2026-04-04 19:51:36,873 -   --- Pairwise Iter 4 (còn 1120s) ---
2026-04-04 19:54:39,555 -     [P4.2] Pair (5,6) giảm 74 -> BEST = 1382
2026-04-04 19:54:39,619 -   --- Pairwise Iter 5 (còn 938s) ---
2026-04-04 19:58:27,683 -     [P4.2] Pair (0,1) giảm 2 -> BEST = 1380
2026-04-04 19:58:27,865 -   --- Pairwise Iter 6 (còn 709s) ---
2026-04-04 19:59:23,906 -     [P4.2] Pair (1,4) giảm 2 -> BEST = 1378
2026-04-04 19:59:25,402 -   --- Pairwise Iter 7 (còn 652s) ---
2026-04-04 20:02:20,424 -     [P4.2] Pair (1,2) giảm 26 -> BEST = 1352
2026-04-04 20:02:20,474 -   --- Pairwise Iter 8 (còn 477s) ---
2026-04-04 20:03:16,520 -     [P4.2] Pair (2,4) giảm 3 -> BEST = 1349
2026-04-04 20:03:17,803 -   --- Pairwise Iter 9 (còn 419s) ---
2026-04-04 20:04:17,676 -     [P4.2] Pair (0,2) giảm 4 -> BEST = 1345
2026-04-04 20:04:26,690 -   --- Pairwise Iter 10 (còn 350s) ---
2026-04-04 20:05:26,502 -     [P4.2] Pair (0,4) giảm 2 -> BEST = 1343
2026-04-04 20:05:34,717 -   --- Pairwise Iter 11 (còn 282s) ---
2026-04-04 20:08:26,686 -     [P4.2] Pair (1,7) giảm 10 -> BEST = 1333
2026-04-04 20:08:26,750 -   --- Pairwise Iter 12 (còn 110s) ---
2026-04-04 20:10:15,162 -     -> Đã đạt cực trị toàn cục cho mọi cặp dưới ngưỡng. KẾT THÚC CHẶNG 4.
2026-04-04 20:10:15,162 - Hoàn thành trong 1198.0s. Final Cost: 1333
2026-04-04 20:10:15,162 - ======================================================================
2026-04-04 20:10:15,162 - BÁO CÁO TỔNG KẾT (SUMMARY)
2026-04-04 20:10:15,162 - ======================================================================
2026-04-04 20:10:15,162 -   1. Chi phí Clarke-Wright:     1554
2026-04-04 20:10:15,163 -   2. Chi phí sau CPLEX MIP:     1333
2026-04-04 20:10:15,163 -   => TỔNG CẢI THIỆN:            221
2026-04-04 20:10:15,163 -   => Số lần CPLEX Single cải thiện  : 6 lần
2026-04-04 20:10:15,163 -   => Số lần CPLEX Pairwise cải thiện: 11 lần
2026-04-04 20:10:15,163 -   => TỔNG THỜI GIAN CHẠY:       1198.044s
2026-04-04 20:10:15,164 - ======================================================================
2026-04-04 20:10:15,164 - CPLEX MIP SOLVER  |  FILE: B-n50-k7.vrp
2026-04-04 20:10:15,164 - ======================================================================
2026-04-04 20:10:15,168 - Thông tin dữ liệu: Dimension=50, K=7, Capacity=100
2026-04-04 20:10:15,168 - --- Step 1: Clarke-Wright Heuristic ---
2026-04-04 20:10:15,170 -   Kết quả CW: Cost = 995, Time = 0.002s
2026-04-04 20:10:15,170 - --- Step 2: Advanced Optimization (CPLEX MIP) ---
2026-04-04 20:10:15,171 - =========================================
2026-04-04 20:10:15,171 - BẮT ĐẦU OPTIMIZE  (100% CPLEX MIP)
2026-04-04 20:10:15,171 -  -> Max Single Size  : 20
2026-04-04 20:10:15,171 -  -> Single Timeout   : 40.0s
2026-04-04 20:10:15,171 -  -> Max Pairwise Size: 21
2026-04-04 20:10:15,171 -  -> Pairwise Timeout : 64s
2026-04-04 20:10:15,171 -  -> Global Timeout   : 1200.0s
2026-04-04 20:10:15,171 -  -> Chi phí khởi điểm: 995
2026-04-04 20:10:15,171 - =========================================
2026-04-04 20:10:15,171 - === BẮT ĐẦU CHẶNG 4: CPLEX MIP CHÍNH XÁC | Cost: 995 ===
2026-04-04 20:10:15,171 -   [GĐ 4.1] Giải bài toán TSP trên từng tuyến đơn...
2026-04-04 20:10:15,765 -     -> Single CPLEX cải thiện: 47. Cost mới: 948
2026-04-04 20:10:15,766 -   [GĐ 4.2] Xét từng cặp tuyến để phân bổ lại khách hàng...
2026-04-04 20:10:15,766 -   --- Pairwise Iter 1 (còn 1199s) ---
2026-04-04 20:11:19,832 -     [P4.2] Pair (2,6) giảm 74 -> BEST = 874
2026-04-04 20:11:19,978 -   --- Pairwise Iter 2 (còn 1135s) ---
2026-04-04 20:12:24,036 -     [P4.2] Pair (2,6) giảm 3 -> BEST = 871
2026-04-04 20:12:24,473 -   --- Pairwise Iter 3 (còn 1071s) ---
2026-04-04 20:13:12,342 -     [P4.2] Pair (1,6) giảm 11 -> BEST = 860
2026-04-04 20:13:12,393 -   --- Pairwise Iter 4 (còn 1023s) ---
2026-04-04 20:14:34,228 -     [P4.2] Pair (1,4) giảm 87 -> BEST = 773
2026-04-04 20:14:34,303 -   --- Pairwise Iter 5 (còn 941s) ---
2026-04-04 20:15:38,342 -     [P4.2] Pair (4,6) giảm 6 -> BEST = 767
2026-04-04 20:15:39,651 -   --- Pairwise Iter 6 (còn 876s) ---
2026-04-04 20:17:07,925 -     [P4.2] Pair (3,5) giảm 8 -> BEST = 759
2026-04-04 20:17:08,020 -   --- Pairwise Iter 7 (còn 787s) ---
2026-04-04 20:19:45,433 -     [P4.2] Pair (0,5) giảm 5 -> BEST = 754
2026-04-04 20:19:45,474 -   --- Pairwise Iter 8 (còn 630s) ---
2026-04-04 20:20:50,244 -     [P4.2] Pair (0,3) giảm 4 -> BEST = 750
2026-04-04 20:20:50,324 -   --- Pairwise Iter 9 (còn 565s) ---
2026-04-04 20:25:18,621 -     [P4.2] Pair (3,6) giảm 3 -> BEST = 747
2026-04-04 20:25:18,687 -   --- Pairwise Iter 10 (còn 296s) ---
2026-04-04 20:25:42,964 -     [P4.2] Pair (4,6) giảm 3 -> BEST = 744
2026-04-04 20:25:43,036 -   --- Pairwise Iter 11 (còn 272s) ---
2026-04-04 20:29:24,187 -     [P4.2] Pair (2,3) giảm 3 -> BEST = 741
2026-04-04 20:29:24,268 -   --- Pairwise Iter 12 (còn 51s) ---
2026-04-04 20:30:13,212 -     -> Đã đạt cực trị toàn cục cho mọi cặp dưới ngưỡng. KẾT THÚC CHẶNG 4.
2026-04-04 20:30:13,212 - Hoàn thành trong 1198.0s. Final Cost: 741
2026-04-04 20:30:13,212 - ======================================================================
2026-04-04 20:30:13,212 - BÁO CÁO TỔNG KẾT (SUMMARY)
2026-04-04 20:30:13,212 - ======================================================================
2026-04-04 20:30:13,212 -   1. Chi phí Clarke-Wright:     995
2026-04-04 20:30:13,212 -   2. Chi phí sau CPLEX MIP:     741
2026-04-04 20:30:13,212 -   => TỔNG CẢI THIỆN:            254
2026-04-04 20:30:13,212 -   => Số lần CPLEX Single cải thiện  : 7 lần
2026-04-04 20:30:13,212 -   => Số lần CPLEX Pairwise cải thiện: 11 lần
2026-04-04 20:30:13,212 -   => TỔNG THỜI GIAN CHẠY:       1198.043s
2026-04-04 20:30:13,213 - ======================================================================
2026-04-04 20:30:13,213 - CPLEX MIP SOLVER  |  FILE: B-n51-k7.vrp
2026-04-04 20:30:13,213 - ======================================================================
2026-04-04 20:30:13,217 - Thông tin dữ liệu: Dimension=51, K=7, Capacity=100
2026-04-04 20:30:13,217 - --- Step 1: Clarke-Wright Heuristic ---
2026-04-04 20:30:13,219 -   Kết quả CW: Cost = 1528, Time = 0.002s
2026-04-04 20:30:13,220 - --- Step 2: Advanced Optimization (CPLEX MIP) ---
2026-04-04 20:30:13,220 - =========================================
2026-04-04 20:30:13,220 - BẮT ĐẦU OPTIMIZE  (100% CPLEX MIP)
2026-04-04 20:30:13,220 -  -> Max Single Size  : 20
2026-04-04 20:30:13,220 -  -> Single Timeout   : 40.0s
2026-04-04 20:30:13,220 -  -> Max Pairwise Size: 21
2026-04-04 20:30:13,220 -  -> Pairwise Timeout : 66s
2026-04-04 20:30:13,221 -  -> Global Timeout   : 1200.0s
2026-04-04 20:30:13,221 -  -> Chi phí khởi điểm: 1528
2026-04-04 20:30:13,221 - =========================================
2026-04-04 20:30:13,221 - === BẮT ĐẦU CHẶNG 4: CPLEX MIP CHÍNH XÁC | Cost: 1528 ===
2026-04-04 20:30:13,221 -   [GĐ 4.1] Giải bài toán TSP trên từng tuyến đơn...
2026-04-04 20:30:13,706 -     -> Single CPLEX cải thiện: 101. Cost mới: 1427
2026-04-04 20:30:13,706 -   [GĐ 4.2] Xét từng cặp tuyến để phân bổ lại khách hàng...
2026-04-04 20:30:13,706 -   --- Pairwise Iter 1 (còn 1200s) ---
2026-04-04 20:30:24,058 -     [P4.2] Pair (0,5) giảm 11 -> BEST = 1416
2026-04-04 20:30:24,107 -   --- Pairwise Iter 2 (còn 1189s) ---
2026-04-04 20:31:30,158 -     [P4.2] Pair (1,6) giảm 12 -> BEST = 1404
2026-04-04 20:31:30,468 -   --- Pairwise Iter 3 (còn 1123s) ---
2026-04-04 20:33:42,571 -     [P4.2] Pair (1,2) giảm 6 -> BEST = 1398
2026-04-04 20:33:42,708 -   --- Pairwise Iter 4 (còn 991s) ---
2026-04-04 20:35:55,230 -     [P4.2] Pair (0,3) giảm 17 -> BEST = 1381
2026-04-04 20:35:55,259 -   --- Pairwise Iter 5 (còn 858s) ---
2026-04-04 20:38:12,721 -     [P4.2] Pair (0,5) giảm 6 -> BEST = 1375
2026-04-04 20:38:12,759 -   --- Pairwise Iter 6 (còn 720s) ---
2026-04-04 20:41:30,846 -     [P4.2] Pair (1,5) giảm 67 -> BEST = 1308
2026-04-04 20:41:30,890 -   --- Pairwise Iter 7 (còn 522s) ---
2026-04-04 20:43:42,988 -     [P4.2] Pair (2,5) giảm 10 -> BEST = 1298
2026-04-04 20:43:43,031 -   --- Pairwise Iter 8 (còn 390s) ---
2026-04-04 20:48:07,199 -     [P4.2] Pair (3,4) giảm 42 -> BEST = 1256
2026-04-04 20:48:07,292 -   --- Pairwise Iter 9 (còn 126s) ---
2026-04-04 20:50:11,292 -     -> Đã đạt cực trị toàn cục cho mọi cặp dưới ngưỡng. KẾT THÚC CHẶNG 4.
2026-04-04 20:50:11,292 - Hoàn thành trong 1198.1s. Final Cost: 1256
2026-04-04 20:50:11,292 - ======================================================================
2026-04-04 20:50:11,293 - BÁO CÁO TỔNG KẾT (SUMMARY)
2026-04-04 20:50:11,293 - ======================================================================
2026-04-04 20:50:11,293 -   1. Chi phí Clarke-Wright:     1528
2026-04-04 20:50:11,293 -   2. Chi phí sau CPLEX MIP:     1256
2026-04-04 20:50:11,293 -   => TỔNG CẢI THIỆN:            272
2026-04-04 20:50:11,293 -   => Số lần CPLEX Single cải thiện  : 7 lần
2026-04-04 20:50:11,293 -   => Số lần CPLEX Pairwise cải thiện: 8 lần
2026-04-04 20:50:11,293 -   => TỔNG THỜI GIAN CHẠY:       1198.075s
2026-04-04 20:50:11,295 - ======================================================================
2026-04-04 20:50:11,295 - CPLEX MIP SOLVER  |  FILE: B-n52-k7.vrp
2026-04-04 20:50:11,295 - ======================================================================
2026-04-04 20:50:11,300 - Thông tin dữ liệu: Dimension=52, K=7, Capacity=100
2026-04-04 20:50:11,300 - --- Step 1: Clarke-Wright Heuristic ---
2026-04-04 20:50:11,302 -   Kết quả CW: Cost = 927, Time = 0.002s
2026-04-04 20:50:11,303 - --- Step 2: Advanced Optimization (CPLEX MIP) ---
2026-04-04 20:50:11,303 - =========================================
2026-04-04 20:50:11,303 - BẮT ĐẦU OPTIMIZE  (100% CPLEX MIP)
2026-04-04 20:50:11,303 -  -> Max Single Size  : 20
2026-04-04 20:50:11,303 -  -> Single Timeout   : 40.0s
2026-04-04 20:50:11,303 -  -> Max Pairwise Size: 22
2026-04-04 20:50:11,304 -  -> Pairwise Timeout : 67s
2026-04-04 20:50:11,304 -  -> Global Timeout   : 1200.0s
2026-04-04 20:50:11,304 -  -> Chi phí khởi điểm: 927
2026-04-04 20:50:11,304 - =========================================
2026-04-04 20:50:11,304 - === BẮT ĐẦU CHẶNG 4: CPLEX MIP CHÍNH XÁC | Cost: 927 ===
2026-04-04 20:50:11,304 -   [GĐ 4.1] Giải bài toán TSP trên từng tuyến đơn...
2026-04-04 20:50:11,560 -     -> Single CPLEX cải thiện: 44. Cost mới: 883
2026-04-04 20:50:11,560 -   [GĐ 4.2] Xét từng cặp tuyến để phân bổ lại khách hàng...
2026-04-04 20:50:11,560 -   --- Pairwise Iter 1 (còn 1200s) ---
2026-04-04 20:51:16,171 -     [P4.2] Pair (0,6) giảm 89 -> BEST = 794
2026-04-04 20:51:16,210 -   --- Pairwise Iter 2 (còn 1135s) ---
2026-04-04 20:54:37,346 -     [P4.2] Pair (1,5) giảm 3 -> BEST = 791
2026-04-04 20:54:37,453 -   --- Pairwise Iter 3 (còn 934s) ---
2026-04-04 20:59:05,671 -     [P4.2] Pair (4,5) giảm 24 -> BEST = 767
2026-04-04 20:59:05,736 -   --- Pairwise Iter 4 (còn 666s) ---
2026-04-04 21:00:12,791 -     [P4.2] Pair (1,4) giảm 4 -> BEST = 763
2026-04-04 21:00:13,026 -   --- Pairwise Iter 5 (còn 598s) ---
