2026-04-11 04:43:57,617 - ======================================================================
2026-04-11 04:43:57,618 - CPLEX MIP SOLVER  |  FILE: A-n32-k5.vrp
2026-04-11 04:43:57,618 - ======================================================================
2026-04-11 04:43:57,619 - Thông tin dữ liệu: Dimension=32, K=5, Capacity=100
2026-04-11 04:43:57,619 - --- Step 1: Clarke-Wright Heuristic ---
2026-04-11 04:43:57,620 -   Kết quả CW: Cost = 1016, Time = 0.001s
2026-04-11 04:43:57,620 - --- Step 2: Advanced Optimization (CPLEX MIP) ---
2026-04-11 04:43:57,621 - =========================================
2026-04-11 04:43:57,621 - BẮT ĐẦU OPTIMIZE  (100% CPLEX MIP)
2026-04-11 04:43:57,621 -  -> Max Single Size  : 20
2026-04-11 04:43:57,621 -  -> Single Timeout   : 40.0s
2026-04-11 04:43:57,621 -  -> Max Pairwise Size: 19
2026-04-11 04:43:57,621 -  -> Pairwise Timeout : 58.0s
2026-04-11 04:43:57,621 -  -> Global Timeout   : 1200.0s
2026-04-11 04:43:57,621 -  -> Chi phí khởi điểm: 1016
2026-04-11 04:43:57,621 - =========================================
2026-04-11 04:43:57,621 - === BẮT ĐẦU CHẶNG 4: CPLEX MIP CHÍNH XÁC | Cost: 1016 ===
2026-04-11 04:43:57,621 -   [GĐ 4.1] Giải bài toán TSP trên từng tuyến đơn...
2026-04-11 04:43:57,814 -     -> Single CPLEX cải thiện: 117. Cost mới: 899
2026-04-11 04:43:57,814 -   [GĐ 4.2] Xét từng cặp tuyến để phân bổ lại khách hàng...
2026-04-11 04:43:57,814 -   --- Pairwise Iter 1 (còn 1200s) ---
2026-04-11 04:44:23,760 -     [P4.2] Pair (1,4) giảm 54 -> BEST = 845
2026-04-11 04:44:23,813 -   --- Pairwise Iter 2 (còn 1174s) ---
2026-04-11 04:44:26,217 -     [P4.2] Pair (0,1) giảm 7 -> BEST = 838
2026-04-11 04:44:26,274 -   --- Pairwise Iter 3 (còn 1171s) ---
2026-04-11 04:46:12,526 -     [P4.2] Pair (2,4) giảm 8 -> BEST = 830
2026-04-11 04:46:12,822 -   --- Pairwise Iter 4 (còn 1065s) ---
2026-04-11 04:49:57,769 -     -> Đã đạt cực trị toàn cục cho mọi cặp dưới ngưỡng. KẾT THÚC CHẶNG 4.
2026-04-11 04:49:57,769 - Hoàn thành trong 360.1s. Final Cost: 830
2026-04-11 04:49:57,769 - ======================================================================
2026-04-11 04:49:57,769 - BÁO CÁO TỔNG KẾT (SUMMARY)
2026-04-11 04:49:57,769 - ======================================================================
2026-04-11 04:49:57,769 -   1. Chi phí Clarke-Wright:     1016
2026-04-11 04:49:57,769 -   2. Chi phí sau CPLEX MIP:     830
2026-04-11 04:49:57,769 -   => TỔNG CẢI THIỆN:            186
2026-04-11 04:49:57,769 -   => Số lần CPLEX Single cải thiện  : 4 lần
2026-04-11 04:49:57,769 -   => Số lần CPLEX Pairwise cải thiện: 3 lần
2026-04-11 04:49:57,769 -   => TỔNG THỜI GIAN CHẠY:       360.150s
2026-04-11 04:49:57,770 - ======================================================================
2026-04-11 04:49:57,770 - CPLEX MIP SOLVER  |  FILE: A-n33-k6.vrp
2026-04-11 04:49:57,770 - ======================================================================
2026-04-11 04:49:57,772 - Thông tin dữ liệu: Dimension=33, K=6, Capacity=100
2026-04-11 04:49:57,772 - --- Step 1: Clarke-Wright Heuristic ---
2026-04-11 04:49:57,773 -   Kết quả CW: Cost = 932, Time = 0.001s
2026-04-11 04:49:57,773 - --- Step 2: Advanced Optimization (CPLEX MIP) ---
2026-04-11 04:49:57,773 - =========================================
2026-04-11 04:49:57,773 - BẮT ĐẦU OPTIMIZE  (100% CPLEX MIP)
2026-04-11 04:49:57,773 -  -> Max Single Size  : 20
2026-04-11 04:49:57,773 -  -> Single Timeout   : 40.0s
2026-04-11 04:49:57,773 -  -> Max Pairwise Size: 16
2026-04-11 04:49:57,773 -  -> Pairwise Timeout : 50.0s
2026-04-11 04:49:57,773 -  -> Global Timeout   : 1200.0s
2026-04-11 04:49:57,773 -  -> Chi phí khởi điểm: 932
2026-04-11 04:49:57,773 - =========================================
2026-04-11 04:49:57,773 - === BẮT ĐẦU CHẶNG 4: CPLEX MIP CHÍNH XÁC | Cost: 932 ===
2026-04-11 04:49:57,773 -   [GĐ 4.1] Giải bài toán TSP trên từng tuyến đơn...
2026-04-11 04:49:57,893 -     -> Single CPLEX cải thiện: 106. Cost mới: 826
2026-04-11 04:49:57,893 -   [GĐ 4.2] Xét từng cặp tuyến để phân bổ lại khách hàng...
2026-04-11 04:49:57,893 -   --- Pairwise Iter 1 (còn 1200s) ---
2026-04-11 04:49:58,589 -     [P4.2] Pair (0,3) giảm 11 -> BEST = 815
2026-04-11 04:49:58,638 -   --- Pairwise Iter 2 (còn 1199s) ---
2026-04-11 04:50:11,688 -     [P4.2] Pair (1,2) giảm 33 -> BEST = 782
2026-04-11 04:50:11,728 -   --- Pairwise Iter 3 (còn 1186s) ---
2026-04-11 04:50:38,270 -     [P4.2] Pair (2,3) giảm 3 -> BEST = 779
2026-04-11 04:50:38,313 -   --- Pairwise Iter 4 (còn 1159s) ---
2026-04-11 04:51:01,346 -     [P4.2] Pair (1,3) giảm 5 -> BEST = 774
2026-04-11 04:51:01,420 -   --- Pairwise Iter 5 (còn 1136s) ---
2026-04-11 04:51:13,746 -     [P4.2] Pair (0,4) giảm 1 -> BEST = 773
2026-04-11 04:51:13,765 -   --- Pairwise Iter 6 (còn 1124s) ---
2026-04-11 04:51:21,150 -     [P4.2] Pair (0,5) giảm 7 -> BEST = 766
2026-04-11 04:51:21,189 -   --- Pairwise Iter 7 (còn 1117s) ---
2026-04-11 04:52:20,491 -     -> Đã đạt cực trị toàn cục cho mọi cặp dưới ngưỡng. KẾT THÚC CHẶNG 4.
2026-04-11 04:52:20,491 - Hoàn thành trong 142.7s. Final Cost: 766
2026-04-11 04:52:20,491 - ======================================================================
2026-04-11 04:52:20,491 - BÁO CÁO TỔNG KẾT (SUMMARY)
2026-04-11 04:52:20,491 - ======================================================================
2026-04-11 04:52:20,491 -   1. Chi phí Clarke-Wright:     932
2026-04-11 04:52:20,491 -   2. Chi phí sau CPLEX MIP:     766
2026-04-11 04:52:20,491 -   => TỔNG CẢI THIỆN:            166
2026-04-11 04:52:20,492 -   => Số lần CPLEX Single cải thiện  : 5 lần
2026-04-11 04:52:20,492 -   => Số lần CPLEX Pairwise cải thiện: 6 lần
2026-04-11 04:52:20,492 -   => TỔNG THỜI GIAN CHẠY:       142.719s
2026-04-11 04:52:20,492 - ======================================================================
2026-04-11 04:52:20,492 - CPLEX MIP SOLVER  |  FILE: A-n33-k5.vrp
2026-04-11 04:52:20,492 - ======================================================================
2026-04-11 04:52:20,494 - Thông tin dữ liệu: Dimension=33, K=5, Capacity=100
2026-04-11 04:52:20,494 - --- Step 1: Clarke-Wright Heuristic ---
2026-04-11 04:52:20,495 -   Kết quả CW: Cost = 814, Time = 0.001s
2026-04-11 04:52:20,495 - --- Step 2: Advanced Optimization (CPLEX MIP) ---
2026-04-11 04:52:20,495 - =========================================
2026-04-11 04:52:20,495 - BẮT ĐẦU OPTIMIZE  (100% CPLEX MIP)
2026-04-11 04:52:20,495 -  -> Max Single Size  : 20
2026-04-11 04:52:20,495 -  -> Single Timeout   : 40.0s
2026-04-11 04:52:20,496 -  -> Max Pairwise Size: 19
2026-04-11 04:52:20,496 -  -> Pairwise Timeout : 60.0s
2026-04-11 04:52:20,496 -  -> Global Timeout   : 1200.0s
2026-04-11 04:52:20,496 -  -> Chi phí khởi điểm: 814
2026-04-11 04:52:20,496 - =========================================
2026-04-11 04:52:20,496 - === BẮT ĐẦU CHẶNG 4: CPLEX MIP CHÍNH XÁC | Cost: 814 ===
2026-04-11 04:52:20,496 -   [GĐ 4.1] Giải bài toán TSP trên từng tuyến đơn...
2026-04-11 04:52:20,610 -     -> Single CPLEX cải thiện: 41. Cost mới: 773
2026-04-11 04:52:20,610 -   [GĐ 4.2] Xét từng cặp tuyến để phân bổ lại khách hàng...
2026-04-11 04:52:20,610 -   --- Pairwise Iter 1 (còn 1200s) ---
2026-04-11 04:52:28,510 -     [P4.2] Pair (1,2) giảm 9 -> BEST = 764
2026-04-11 04:52:28,550 -   --- Pairwise Iter 2 (còn 1192s) ---
2026-04-11 04:52:29,663 -     [P4.2] Pair (0,4) giảm 40 -> BEST = 724
2026-04-11 04:52:29,690 -   --- Pairwise Iter 3 (còn 1191s) ---
2026-04-11 04:53:29,721 -     [P4.2] Pair (1,3) giảm 39 -> BEST = 685
2026-04-11 04:53:29,780 -   --- Pairwise Iter 4 (còn 1131s) ---
2026-04-11 04:53:33,104 -     [P4.2] Pair (2,3) giảm 7 -> BEST = 678
2026-04-11 04:53:33,135 -   --- Pairwise Iter 5 (còn 1127s) ---
2026-04-11 04:54:38,644 -     [P4.2] Pair (0,2) giảm 5 -> BEST = 673
2026-04-11 04:54:38,668 -   --- Pairwise Iter 6 (còn 1062s) ---
2026-04-11 04:55:59,428 -     -> Đã đạt cực trị toàn cục cho mọi cặp dưới ngưỡng. KẾT THÚC CHẶNG 4.
2026-04-11 04:55:59,429 - Hoàn thành trong 218.9s. Final Cost: 673
2026-04-11 04:55:59,429 - ======================================================================
2026-04-11 04:55:59,429 - BÁO CÁO TỔNG KẾT (SUMMARY)
2026-04-11 04:55:59,429 - ======================================================================
2026-04-11 04:55:59,429 -   1. Chi phí Clarke-Wright:     814
2026-04-11 04:55:59,429 -   2. Chi phí sau CPLEX MIP:     673
2026-04-11 04:55:59,429 -   => TỔNG CẢI THIỆN:            141
2026-04-11 04:55:59,429 -   => Số lần CPLEX Single cải thiện  : 3 lần
2026-04-11 04:55:59,429 -   => Số lần CPLEX Pairwise cải thiện: 5 lần
2026-04-11 04:55:59,429 -   => TỔNG THỜI GIAN CHẠY:       218.934s
2026-04-11 04:55:59,429 - ======================================================================
2026-04-11 04:55:59,430 - CPLEX MIP SOLVER  |  FILE: A-n34-k5.vrp
2026-04-11 04:55:59,430 - ======================================================================
2026-04-11 04:55:59,431 - Thông tin dữ liệu: Dimension=34, K=5, Capacity=100
2026-04-11 04:55:59,432 - --- Step 1: Clarke-Wright Heuristic ---
2026-04-11 04:55:59,432 -   Kết quả CW: Cost = 1043, Time = 0.001s
2026-04-11 04:55:59,433 - --- Step 2: Advanced Optimization (CPLEX MIP) ---
2026-04-11 04:55:59,433 - =========================================
2026-04-11 04:55:59,433 - BẮT ĐẦU OPTIMIZE  (100% CPLEX MIP)
2026-04-11 04:55:59,433 -  -> Max Single Size  : 20
2026-04-11 04:55:59,433 -  -> Single Timeout   : 40.0s
2026-04-11 04:55:59,433 -  -> Max Pairwise Size: 20
2026-04-11 04:55:59,433 -  -> Pairwise Timeout : 62.0s
2026-04-11 04:55:59,433 -  -> Global Timeout   : 1200.0s
2026-04-11 04:55:59,433 -  -> Chi phí khởi điểm: 1043
2026-04-11 04:55:59,433 - =========================================
2026-04-11 04:55:59,433 - === BẮT ĐẦU CHẶNG 4: CPLEX MIP CHÍNH XÁC | Cost: 1043 ===
2026-04-11 04:55:59,433 -   [GĐ 4.1] Giải bài toán TSP trên từng tuyến đơn...
2026-04-11 04:55:59,595 -     -> Single CPLEX cải thiện: 67. Cost mới: 976
2026-04-11 04:55:59,595 -   [GĐ 4.2] Xét từng cặp tuyến để phân bổ lại khách hàng...
2026-04-11 04:55:59,595 -   --- Pairwise Iter 1 (còn 1200s) ---
2026-04-11 04:56:02,653 -     [P4.2] Pair (0,1) giảm 28 -> BEST = 948
2026-04-11 04:56:02,696 -   --- Pairwise Iter 2 (còn 1197s) ---
2026-04-11 04:56:06,401 -     [P4.2] Pair (0,2) giảm 124 -> BEST = 824
2026-04-11 04:56:06,448 -   --- Pairwise Iter 3 (còn 1193s) ---
2026-04-11 04:56:07,497 -     [P4.2] Pair (1,2) giảm 2 -> BEST = 822
2026-04-11 04:56:07,528 -   --- Pairwise Iter 4 (còn 1192s) ---
2026-04-11 04:57:10,805 -     [P4.2] Pair (2,4) giảm 9 -> BEST = 813
2026-04-11 04:57:10,867 -   --- Pairwise Iter 5 (còn 1129s) ---
2026-04-11 04:57:35,121 -     [P4.2] Pair (1,4) giảm 20 -> BEST = 793
2026-04-11 04:57:35,163 -   --- Pairwise Iter 6 (còn 1104s) ---
2026-04-11 04:58:37,199 -     [P4.2] Pair (1,2) giảm 6 -> BEST = 787
2026-04-11 04:58:37,260 -   --- Pairwise Iter 7 (còn 1042s) ---
2026-04-11 05:03:08,509 -     -> Đã đạt cực trị toàn cục cho mọi cặp dưới ngưỡng. KẾT THÚC CHẶNG 4.
2026-04-11 05:03:08,509 - Hoàn thành trong 429.1s. Final Cost: 787
2026-04-11 05:03:08,509 - ======================================================================
2026-04-11 05:03:08,509 - BÁO CÁO TỔNG KẾT (SUMMARY)
2026-04-11 05:03:08,509 - ======================================================================
2026-04-11 05:03:08,509 -   1. Chi phí Clarke-Wright:     1043
2026-04-11 05:03:08,509 -   2. Chi phí sau CPLEX MIP:     787
2026-04-11 05:03:08,509 -   => TỔNG CẢI THIỆN:            256
2026-04-11 05:03:08,510 -   => Số lần CPLEX Single cải thiện  : 4 lần
2026-04-11 05:03:08,510 -   => Số lần CPLEX Pairwise cải thiện: 6 lần
2026-04-11 05:03:08,510 -   => TỔNG THỜI GIAN CHẠY:       429.078s
2026-04-11 05:03:08,510 - ======================================================================
2026-04-11 05:03:08,510 - CPLEX MIP SOLVER  |  FILE: A-n36-k5.vrp
2026-04-11 05:03:08,510 - ======================================================================
2026-04-11 05:03:08,512 - Thông tin dữ liệu: Dimension=36, K=5, Capacity=100
2026-04-11 05:03:08,512 - --- Step 1: Clarke-Wright Heuristic ---
2026-04-11 05:03:08,514 -   Kết quả CW: Cost = 960, Time = 0.001s
2026-04-11 05:03:08,514 - --- Step 2: Advanced Optimization (CPLEX MIP) ---
2026-04-11 05:03:08,514 - =========================================
2026-04-11 05:03:08,514 - BẮT ĐẦU OPTIMIZE  (100% CPLEX MIP)
2026-04-11 05:03:08,514 -  -> Max Single Size  : 20
2026-04-11 05:03:08,514 -  -> Single Timeout   : 40.0s
2026-04-11 05:03:08,514 -  -> Max Pairwise Size: 21
2026-04-11 05:03:08,514 -  -> Pairwise Timeout : 65.0s
2026-04-11 05:03:08,514 -  -> Global Timeout   : 1200.0s
2026-04-11 05:03:08,514 -  -> Chi phí khởi điểm: 960
2026-04-11 05:03:08,514 - =========================================
2026-04-11 05:03:08,514 - === BẮT ĐẦU CHẶNG 4: CPLEX MIP CHÍNH XÁC | Cost: 960 ===
2026-04-11 05:03:08,514 -   [GĐ 4.1] Giải bài toán TSP trên từng tuyến đơn...
2026-04-11 05:03:08,765 -     -> Single CPLEX cải thiện: 113. Cost mới: 847
2026-04-11 05:03:08,765 -   [GĐ 4.2] Xét từng cặp tuyến để phân bổ lại khách hàng...
2026-04-11 05:03:08,765 -   --- Pairwise Iter 1 (còn 1200s) ---
2026-04-11 05:04:13,799 -     [P4.2] Pair (1,2) giảm 14 -> BEST = 833
2026-04-11 05:04:13,841 -   --- Pairwise Iter 2 (còn 1135s) ---
2026-04-11 05:06:23,924 -     [P4.2] Pair (0,4) giảm 17 -> BEST = 816
2026-04-11 05:06:26,457 -   --- Pairwise Iter 3 (còn 1002s) ---
2026-04-11 05:11:27,994 -     -> Đã đạt cực trị toàn cục cho mọi cặp dưới ngưỡng. KẾT THÚC CHẶNG 4.
2026-04-11 05:11:27,995 - Hoàn thành trong 499.5s. Final Cost: 816
2026-04-11 05:11:27,995 - ======================================================================
2026-04-11 05:11:27,995 - BÁO CÁO TỔNG KẾT (SUMMARY)
2026-04-11 05:11:27,995 - ======================================================================
2026-04-11 05:11:27,995 -   1. Chi phí Clarke-Wright:     960
2026-04-11 05:11:27,995 -   2. Chi phí sau CPLEX MIP:     816
2026-04-11 05:11:27,995 -   => TỔNG CẢI THIỆN:            144
2026-04-11 05:11:27,995 -   => Số lần CPLEX Single cải thiện  : 4 lần
2026-04-11 05:11:27,995 -   => Số lần CPLEX Pairwise cải thiện: 2 lần
2026-04-11 05:11:27,995 -   => TỔNG THỜI GIAN CHẠY:       499.482s
2026-04-11 05:11:27,996 - ======================================================================
2026-04-11 05:11:27,996 - CPLEX MIP SOLVER  |  FILE: A-n37-k6.vrp
2026-04-11 05:11:27,996 - ======================================================================
2026-04-11 05:11:27,998 - Thông tin dữ liệu: Dimension=37, K=6, Capacity=100
2026-04-11 05:11:27,998 - --- Step 1: Clarke-Wright Heuristic ---
2026-04-11 05:11:27,999 -   Kết quả CW: Cost = 1199, Time = 0.001s
2026-04-11 05:11:27,999 - --- Step 2: Advanced Optimization (CPLEX MIP) ---
2026-04-11 05:11:27,999 - =========================================
2026-04-11 05:11:27,999 - BẮT ĐẦU OPTIMIZE  (100% CPLEX MIP)
2026-04-11 05:11:27,999 -  -> Max Single Size  : 20
2026-04-11 05:11:27,999 -  -> Single Timeout   : 40.0s
2026-04-11 05:11:27,999 -  -> Max Pairwise Size: 18
2026-04-11 05:11:27,999 -  -> Pairwise Timeout : 56.0s
2026-04-11 05:11:27,999 -  -> Global Timeout   : 1200.0s
2026-04-11 05:11:27,999 -  -> Chi phí khởi điểm: 1199
2026-04-11 05:11:27,999 - =========================================
2026-04-11 05:11:27,999 - === BẮT ĐẦU CHẶNG 4: CPLEX MIP CHÍNH XÁC | Cost: 1199 ===
2026-04-11 05:11:27,999 -   [GĐ 4.1] Giải bài toán TSP trên từng tuyến đơn...
2026-04-11 05:11:28,149 -     -> Single CPLEX cải thiện: 133. Cost mới: 1066
2026-04-11 05:11:28,149 -   [GĐ 4.2] Xét từng cặp tuyến để phân bổ lại khách hàng...
2026-04-11 05:11:28,149 -   --- Pairwise Iter 1 (còn 1200s) ---
2026-04-11 05:12:31,346 -     [P4.2] Pair (1,2) giảm 5 -> BEST = 1061
2026-04-11 05:12:31,381 -   --- Pairwise Iter 2 (còn 1137s) ---
2026-04-11 05:13:30,791 -     [P4.2] Pair (2,4) giảm 32 -> BEST = 1029
2026-04-11 05:13:30,858 -   --- Pairwise Iter 3 (còn 1077s) ---
2026-04-11 05:14:30,452 -     [P4.2] Pair (1,5) giảm 15 -> BEST = 1014
2026-04-11 05:14:30,475 -   --- Pairwise Iter 4 (còn 1018s) ---
2026-04-11 05:16:30,146 -     [P4.2] Pair (0,3) giảm 48 -> BEST = 966
2026-04-11 05:16:30,206 -   --- Pairwise Iter 5 (còn 898s) ---
2026-04-11 05:19:43,149 -     [P4.2] Pair (0,4) giảm 8 -> BEST = 958
2026-04-11 05:19:43,199 -   --- Pairwise Iter 6 (còn 705s) ---
2026-04-11 05:20:28,082 -     [P4.2] Pair (0,2) giảm 3 -> BEST = 955
2026-04-11 05:20:28,145 -   --- Pairwise Iter 7 (còn 660s) ---
2026-04-11 05:22:38,650 -     -> Đã đạt cực trị toàn cục cho mọi cặp dưới ngưỡng. KẾT THÚC CHẶNG 4.
2026-04-11 05:22:38,650 - Hoàn thành trong 670.7s. Final Cost: 955
2026-04-11 05:22:38,650 - ======================================================================
2026-04-11 05:22:38,650 - BÁO CÁO TỔNG KẾT (SUMMARY)
2026-04-11 05:22:38,650 - ======================================================================
2026-04-11 05:22:38,650 -   1. Chi phí Clarke-Wright:     1199
2026-04-11 05:22:38,650 -   2. Chi phí sau CPLEX MIP:     955
2026-04-11 05:22:38,650 -   => TỔNG CẢI THIỆN:            244
2026-04-11 05:22:38,650 -   => Số lần CPLEX Single cải thiện  : 6 lần
2026-04-11 05:22:38,650 -   => Số lần CPLEX Pairwise cải thiện: 6 lần
2026-04-11 05:22:38,650 -   => TỔNG THỜI GIAN CHẠY:       670.652s
2026-04-11 05:22:38,651 - ======================================================================
2026-04-11 05:22:38,651 - CPLEX MIP SOLVER  |  FILE: A-n37-k5.vrp
2026-04-11 05:22:38,651 - ======================================================================
2026-04-11 05:22:38,653 - Thông tin dữ liệu: Dimension=37, K=5, Capacity=100
2026-04-11 05:22:38,654 - --- Step 1: Clarke-Wright Heuristic ---
2026-04-11 05:22:38,655 -   Kết quả CW: Cost = 864, Time = 0.001s
2026-04-11 05:22:38,655 - --- Step 2: Advanced Optimization (CPLEX MIP) ---
2026-04-11 05:22:38,655 - =========================================
2026-04-11 05:22:38,655 - BẮT ĐẦU OPTIMIZE  (100% CPLEX MIP)
2026-04-11 05:22:38,655 -  -> Max Single Size  : 20
2026-04-11 05:22:38,655 -  -> Single Timeout   : 40.0s
2026-04-11 05:22:38,655 -  -> Max Pairwise Size: 22
2026-04-11 05:22:38,655 -  -> Pairwise Timeout : 67.0s
2026-04-11 05:22:38,655 -  -> Global Timeout   : 1200.0s
2026-04-11 05:22:38,655 -  -> Chi phí khởi điểm: 864
2026-04-11 05:22:38,655 - =========================================
2026-04-11 05:22:38,655 - === BẮT ĐẦU CHẶNG 4: CPLEX MIP CHÍNH XÁC | Cost: 864 ===
2026-04-11 05:22:38,655 -   [GĐ 4.1] Giải bài toán TSP trên từng tuyến đơn...
2026-04-11 05:22:38,806 -     -> Single CPLEX cải thiện: 103. Cost mới: 761
2026-04-11 05:22:38,806 -   [GĐ 4.2] Xét từng cặp tuyến để phân bổ lại khách hàng...
2026-04-11 05:22:38,806 -   --- Pairwise Iter 1 (còn 1200s) ---
2026-04-11 05:22:48,824 -     [P4.2] Pair (0,2) giảm 8 -> BEST = 753
2026-04-11 05:22:48,880 -   --- Pairwise Iter 2 (còn 1190s) ---
2026-04-11 05:23:43,899 -     [P4.2] Pair (0,4) giảm 14 -> BEST = 739
2026-04-11 05:23:43,993 -   --- Pairwise Iter 3 (còn 1135s) ---
2026-04-11 05:23:44,317 -     [P4.2] Pair (2,4) giảm 5 -> BEST = 734
2026-04-11 05:23:44,346 -   --- Pairwise Iter 4 (còn 1134s) ---
2026-04-11 05:24:40,620 -     [P4.2] Pair (1,4) giảm 1 -> BEST = 733
2026-04-11 05:24:40,675 -   --- Pairwise Iter 5 (còn 1078s) ---
2026-04-11 05:24:43,278 -     [P4.2] Pair (2,4) giảm 19 -> BEST = 714
2026-04-11 05:24:43,310 -   --- Pairwise Iter 6 (còn 1075s) ---
2026-04-11 05:26:24,109 -     [P4.2] Pair (0,1) giảm 5 -> BEST = 709
2026-04-11 05:26:24,170 -   --- Pairwise Iter 7 (còn 974s) ---
2026-04-11 05:27:31,205 -     [P4.2] Pair (1,4) giảm 1 -> BEST = 708
2026-04-11 05:27:31,568 -   --- Pairwise Iter 8 (còn 907s) ---
2026-04-11 05:29:46,293 -     [P4.2] Pair (0,3) giảm 7 -> BEST = 701
2026-04-11 05:29:46,344 -   --- Pairwise Iter 9 (còn 772s) ---
2026-04-11 05:33:17,850 -     [P4.2] Pair (0,4) giảm 10 -> BEST = 691
2026-04-11 05:33:17,899 -   --- Pairwise Iter 10 (còn 561s) ---
2026-04-11 05:34:28,392 -     [P4.2] Pair (0,1) giảm 22 -> BEST = 669
2026-04-11 05:34:28,529 -   --- Pairwise Iter 11 (còn 490s) ---
2026-04-11 05:37:18,335 -     -> Đã đạt cực trị toàn cục cho mọi cặp dưới ngưỡng. KẾT THÚC CHẶNG 4.
2026-04-11 05:37:18,335 - Hoàn thành trong 879.7s. Final Cost: 669
2026-04-11 05:37:18,335 - ======================================================================
2026-04-11 05:37:18,335 - BÁO CÁO TỔNG KẾT (SUMMARY)
2026-04-11 05:37:18,335 - ======================================================================
2026-04-11 05:37:18,335 -   1. Chi phí Clarke-Wright:     864
2026-04-11 05:37:18,335 -   2. Chi phí sau CPLEX MIP:     669
2026-04-11 05:37:18,335 -   => TỔNG CẢI THIỆN:            195
2026-04-11 05:37:18,335 -   => Số lần CPLEX Single cải thiện  : 5 lần
2026-04-11 05:37:18,335 -   => Số lần CPLEX Pairwise cải thiện: 10 lần
2026-04-11 05:37:18,335 -   => TỔNG THỜI GIAN CHẠY:       879.681s
2026-04-11 05:37:18,336 - ======================================================================
2026-04-11 05:37:18,336 - CPLEX MIP SOLVER  |  FILE: A-n38-k5.vrp
2026-04-11 05:37:18,336 - ======================================================================
2026-04-11 05:37:18,338 - Thông tin dữ liệu: Dimension=38, K=5, Capacity=100
2026-04-11 05:37:18,338 - --- Step 1: Clarke-Wright Heuristic ---
2026-04-11 05:37:18,340 -   Kết quả CW: Cost = 890, Time = 0.001s
2026-04-11 05:37:18,340 - --- Step 2: Advanced Optimization (CPLEX MIP) ---
2026-04-11 05:37:18,340 - =========================================
2026-04-11 05:37:18,340 - BẮT ĐẦU OPTIMIZE  (100% CPLEX MIP)
2026-04-11 05:37:18,340 -  -> Max Single Size  : 20
2026-04-11 05:37:18,340 -  -> Single Timeout   : 40.0s
2026-04-11 05:37:18,340 -  -> Max Pairwise Size: 22
2026-04-11 05:37:18,340 -  -> Pairwise Timeout : 69.0s
2026-04-11 05:37:18,340 -  -> Global Timeout   : 1200.0s
2026-04-11 05:37:18,340 -  -> Chi phí khởi điểm: 890
2026-04-11 05:37:18,340 - =========================================
2026-04-11 05:37:18,340 - === BẮT ĐẦU CHẶNG 4: CPLEX MIP CHÍNH XÁC | Cost: 890 ===
2026-04-11 05:37:18,340 -   [GĐ 4.1] Giải bài toán TSP trên từng tuyến đơn...
2026-04-11 05:37:18,501 -     -> Single CPLEX cải thiện: 83. Cost mới: 807
2026-04-11 05:37:18,501 -   [GĐ 4.2] Xét từng cặp tuyến để phân bổ lại khách hàng...
2026-04-11 05:37:18,501 -   --- Pairwise Iter 1 (còn 1200s) ---
2026-04-11 05:37:24,144 -     [P4.2] Pair (0,3) giảm 38 -> BEST = 769
2026-04-11 05:37:24,182 -   --- Pairwise Iter 2 (còn 1194s) ---
2026-04-11 05:38:40,601 -     [P4.2] Pair (1,2) giảm 25 -> BEST = 744
2026-04-11 05:38:40,644 -   --- Pairwise Iter 3 (còn 1118s) ---
2026-04-11 05:40:07,262 -     [P4.2] Pair (2,4) giảm 13 -> BEST = 731
2026-04-11 05:40:07,311 -   --- Pairwise Iter 4 (còn 1031s) ---
2026-04-11 05:43:25,351 -     -> Đã đạt cực trị toàn cục cho mọi cặp dưới ngưỡng. KẾT THÚC CHẶNG 4.
2026-04-11 05:43:25,351 - Hoàn thành trong 367.0s. Final Cost: 731
2026-04-11 05:43:25,352 - ======================================================================
2026-04-11 05:43:25,352 - BÁO CÁO TỔNG KẾT (SUMMARY)
2026-04-11 05:43:25,352 - ======================================================================
2026-04-11 05:43:25,352 -   1. Chi phí Clarke-Wright:     890
2026-04-11 05:43:25,352 -   2. Chi phí sau CPLEX MIP:     731
2026-04-11 05:43:25,352 -   => TỔNG CẢI THIỆN:            159
2026-04-11 05:43:25,352 -   => Số lần CPLEX Single cải thiện  : 4 lần
2026-04-11 05:43:25,352 -   => Số lần CPLEX Pairwise cải thiện: 3 lần
2026-04-11 05:43:25,352 -   => TỔNG THỜI GIAN CHẠY:       367.013s
2026-04-11 05:43:25,353 - ======================================================================
2026-04-11 05:43:25,353 - CPLEX MIP SOLVER  |  FILE: A-n39-k5.vrp
2026-04-11 05:43:25,353 - ======================================================================
2026-04-11 05:43:25,355 - Thông tin dữ liệu: Dimension=39, K=5, Capacity=100
2026-04-11 05:43:25,355 - --- Step 1: Clarke-Wright Heuristic ---
2026-04-11 05:43:25,356 -   Kết quả CW: Cost = 1130, Time = 0.001s
2026-04-11 05:43:25,356 - --- Step 2: Advanced Optimization (CPLEX MIP) ---
2026-04-11 05:43:25,356 - =========================================
2026-04-11 05:43:25,356 - BẮT ĐẦU OPTIMIZE  (100% CPLEX MIP)
2026-04-11 05:43:25,356 -  -> Max Single Size  : 20
2026-04-11 05:43:25,356 -  -> Single Timeout   : 40.0s
2026-04-11 05:43:25,356 -  -> Max Pairwise Size: 23
2026-04-11 05:43:25,356 -  -> Pairwise Timeout : 71.0s
2026-04-11 05:43:25,356 -  -> Global Timeout   : 1200.0s
2026-04-11 05:43:25,356 -  -> Chi phí khởi điểm: 1130
2026-04-11 05:43:25,356 - =========================================
2026-04-11 05:43:25,356 - === BẮT ĐẦU CHẶNG 4: CPLEX MIP CHÍNH XÁC | Cost: 1130 ===
2026-04-11 05:43:25,356 -   [GĐ 4.1] Giải bài toán TSP trên từng tuyến đơn...
2026-04-11 05:43:25,493 -     -> Single CPLEX cải thiện: 170. Cost mới: 960
2026-04-11 05:43:25,493 -   [GĐ 4.2] Xét từng cặp tuyến để phân bổ lại khách hàng...
2026-04-11 05:43:25,493 -   --- Pairwise Iter 1 (còn 1200s) ---
2026-04-11 05:44:36,536 -     [P4.2] Pair (0,3) giảm 48 -> BEST = 912
2026-04-11 05:44:36,581 -   --- Pairwise Iter 2 (còn 1129s) ---
2026-04-11 05:48:10,574 -     [P4.2] Pair (3,4) giảm 55 -> BEST = 857
2026-04-11 05:48:10,650 -   --- Pairwise Iter 3 (còn 915s) ---
2026-04-11 05:50:32,746 -     [P4.2] Pair (0,4) giảm 4 -> BEST = 853
2026-04-11 05:50:32,838 -   --- Pairwise Iter 4 (còn 773s) ---
2026-04-11 05:55:07,476 -     -> Đã đạt cực trị toàn cục cho mọi cặp dưới ngưỡng. KẾT THÚC CHẶNG 4.
2026-04-11 05:55:07,476 - Hoàn thành trong 702.1s. Final Cost: 853
2026-04-11 05:55:07,476 - ======================================================================
2026-04-11 05:55:07,477 - BÁO CÁO TỔNG KẾT (SUMMARY)
2026-04-11 05:55:07,477 - ======================================================================
2026-04-11 05:55:07,477 -   1. Chi phí Clarke-Wright:     1130
2026-04-11 05:55:07,477 -   2. Chi phí sau CPLEX MIP:     853
2026-04-11 05:55:07,477 -   => TỔNG CẢI THIỆN:            277
2026-04-11 05:55:07,477 -   => Số lần CPLEX Single cải thiện  : 5 lần
2026-04-11 05:55:07,477 -   => Số lần CPLEX Pairwise cải thiện: 3 lần
2026-04-11 05:55:07,477 -   => TỔNG THỜI GIAN CHẠY:       702.121s
2026-04-11 05:55:07,477 - ======================================================================
2026-04-11 05:55:07,478 - CPLEX MIP SOLVER  |  FILE: A-n39-k6.vrp
2026-04-11 05:55:07,478 - ======================================================================
2026-04-11 05:55:07,480 - Thông tin dữ liệu: Dimension=39, K=6, Capacity=100
2026-04-11 05:55:07,480 - --- Step 1: Clarke-Wright Heuristic ---
2026-04-11 05:55:07,481 -   Kết quả CW: Cost = 1073, Time = 0.001s
2026-04-11 05:55:07,481 - --- Step 2: Advanced Optimization (CPLEX MIP) ---
2026-04-11 05:55:07,481 - =========================================
2026-04-11 05:55:07,481 - BẮT ĐẦU OPTIMIZE  (100% CPLEX MIP)
2026-04-11 05:55:07,481 -  -> Max Single Size  : 20
2026-04-11 05:55:07,481 -  -> Single Timeout   : 40.0s
2026-04-11 05:55:07,481 -  -> Max Pairwise Size: 19
2026-04-11 05:55:07,481 -  -> Pairwise Timeout : 59.0s
2026-04-11 05:55:07,481 -  -> Global Timeout   : 1200.0s
2026-04-11 05:55:07,482 -  -> Chi phí khởi điểm: 1073
2026-04-11 05:55:07,482 - =========================================
2026-04-11 05:55:07,482 - === BẮT ĐẦU CHẶNG 4: CPLEX MIP CHÍNH XÁC | Cost: 1073 ===
2026-04-11 05:55:07,482 -   [GĐ 4.1] Giải bài toán TSP trên từng tuyến đơn...
2026-04-11 05:55:07,744 -     -> Single CPLEX cải thiện: 79. Cost mới: 994
2026-04-11 05:55:07,745 -   [GĐ 4.2] Xét từng cặp tuyến để phân bổ lại khách hàng...
2026-04-11 05:55:07,745 -   --- Pairwise Iter 1 (còn 1200s) ---
2026-04-11 05:55:07,832 -     [P4.2] Pair (1,5) giảm 3 -> BEST = 991
2026-04-11 05:55:07,853 -   --- Pairwise Iter 2 (còn 1200s) ---
2026-04-11 05:55:57,995 -     [P4.2] Pair (0,3) giảm 52 -> BEST = 939
2026-04-11 05:55:58,048 -   --- Pairwise Iter 3 (còn 1149s) ---
2026-04-11 05:56:51,817 -     [P4.2] Pair (0,2) giảm 39 -> BEST = 900
2026-04-11 05:56:51,844 -   --- Pairwise Iter 4 (còn 1096s) ---
2026-04-11 05:57:24,678 -     [P4.2] Pair (2,4) giảm 15 -> BEST = 885
2026-04-11 05:57:24,714 -   --- Pairwise Iter 5 (còn 1063s) ---
2026-04-11 05:58:31,994 -     [P4.2] Pair (3,5) giảm 13 -> BEST = 872
2026-04-11 05:58:32,049 -   --- Pairwise Iter 6 (còn 995s) ---
2026-04-11 05:58:32,114 -     [P4.2] Pair (1,5) giảm 7 -> BEST = 865
2026-04-11 05:58:32,140 -   --- Pairwise Iter 7 (còn 995s) ---
2026-04-11 05:59:41,129 -     [P4.2] Pair (2,5) giảm 34 -> BEST = 831
2026-04-11 05:59:41,157 -   --- Pairwise Iter 8 (còn 926s) ---
2026-04-11 06:01:44,496 -     -> Đã đạt cực trị toàn cục cho mọi cặp dưới ngưỡng. KẾT THÚC CHẶNG 4.
2026-04-11 06:01:44,496 - Hoàn thành trong 397.0s. Final Cost: 831
2026-04-11 06:01:44,496 - ======================================================================
2026-04-11 06:01:44,496 - BÁO CÁO TỔNG KẾT (SUMMARY)
2026-04-11 06:01:44,496 - ======================================================================
2026-04-11 06:01:44,496 -   1. Chi phí Clarke-Wright:     1073
2026-04-11 06:01:44,496 -   2. Chi phí sau CPLEX MIP:     831
2026-04-11 06:01:44,496 -   => TỔNG CẢI THIỆN:            242
2026-04-11 06:01:44,496 -   => Số lần CPLEX Single cải thiện  : 4 lần
2026-04-11 06:01:44,496 -   => Số lần CPLEX Pairwise cải thiện: 7 lần
2026-04-11 06:01:44,496 -   => TỔNG THỜI GIAN CHẠY:       397.016s
2026-04-11 06:01:44,497 - ======================================================================
2026-04-11 06:01:44,497 - CPLEX MIP SOLVER  |  FILE: A-n44-k6.vrp
2026-04-11 06:01:44,497 - ======================================================================
2026-04-11 06:01:44,500 - Thông tin dữ liệu: Dimension=44, K=6, Capacity=100
2026-04-11 06:01:44,501 - --- Step 1: Clarke-Wright Heuristic ---
2026-04-11 06:01:44,503 -   Kết quả CW: Cost = 1218, Time = 0.002s
2026-04-11 06:01:44,503 - --- Step 2: Advanced Optimization (CPLEX MIP) ---
2026-04-11 06:01:44,503 - =========================================
2026-04-11 06:01:44,503 - BẮT ĐẦU OPTIMIZE  (100% CPLEX MIP)
2026-04-11 06:01:44,503 -  -> Max Single Size  : 20
2026-04-11 06:01:44,503 -  -> Single Timeout   : 40.0s
2026-04-11 06:01:44,503 -  -> Max Pairwise Size: 22
2026-04-11 06:01:44,503 -  -> Pairwise Timeout : 66.0s
2026-04-11 06:01:44,503 -  -> Global Timeout   : 1200.0s
2026-04-11 06:01:44,503 -  -> Chi phí khởi điểm: 1218
2026-04-11 06:01:44,503 - =========================================
2026-04-11 06:01:44,503 - === BẮT ĐẦU CHẶNG 4: CPLEX MIP CHÍNH XÁC | Cost: 1218 ===
2026-04-11 06:01:44,503 -   [GĐ 4.1] Giải bài toán TSP trên từng tuyến đơn...
2026-04-11 06:01:44,738 -     -> Single CPLEX cải thiện: 68. Cost mới: 1150
2026-04-11 06:01:44,738 -   [GĐ 4.2] Xét từng cặp tuyến để phân bổ lại khách hàng...
2026-04-11 06:01:44,738 -   --- Pairwise Iter 1 (còn 1200s) ---
2026-04-11 06:02:07,251 -     [P4.2] Pair (1,2) giảm 11 -> BEST = 1139
2026-04-11 06:02:07,294 -   --- Pairwise Iter 2 (còn 1177s) ---
2026-04-11 06:02:32,837 -     [P4.2] Pair (1,4) giảm 39 -> BEST = 1100
2026-04-11 06:02:32,880 -   --- Pairwise Iter 3 (còn 1152s) ---
2026-04-11 06:02:59,435 -     [P4.2] Pair (4,5) giảm 50 -> BEST = 1050
2026-04-11 06:02:59,489 -   --- Pairwise Iter 4 (còn 1125s) ---
2026-04-11 06:03:08,210 -     [P4.2] Pair (1,4) giảm 2 -> BEST = 1048
2026-04-11 06:03:08,243 -   --- Pairwise Iter 5 (còn 1116s) ---
2026-04-11 06:03:43,961 -     [P4.2] Pair (3,5) giảm 90 -> BEST = 958
2026-04-11 06:03:44,050 -   --- Pairwise Iter 6 (còn 1080s) ---
2026-04-11 06:06:14,794 -     -> Đã đạt cực trị toàn cục cho mọi cặp dưới ngưỡng. KẾT THÚC CHẶNG 4.
2026-04-11 06:06:14,794 - Hoàn thành trong 270.3s. Final Cost: 958
2026-04-11 06:06:14,794 - ======================================================================
2026-04-11 06:06:14,794 - BÁO CÁO TỔNG KẾT (SUMMARY)
2026-04-11 06:06:14,794 - ======================================================================
2026-04-11 06:06:14,794 -   1. Chi phí Clarke-Wright:     1218
2026-04-11 06:06:14,794 -   2. Chi phí sau CPLEX MIP:     958
2026-04-11 06:06:14,794 -   => TỔNG CẢI THIỆN:            260
2026-04-11 06:06:14,794 -   => Số lần CPLEX Single cải thiện  : 3 lần
2026-04-11 06:06:14,794 -   => Số lần CPLEX Pairwise cải thiện: 5 lần
2026-04-11 06:06:14,795 -   => TỔNG THỜI GIAN CHẠY:       270.293s
2026-04-11 06:06:14,795 - ======================================================================
2026-04-11 06:06:14,795 - CPLEX MIP SOLVER  |  FILE: A-n45-k7.vrp
2026-04-11 06:06:14,795 - ======================================================================
2026-04-11 06:06:14,799 - Thông tin dữ liệu: Dimension=45, K=7, Capacity=100
2026-04-11 06:06:14,799 - --- Step 1: Clarke-Wright Heuristic ---
2026-04-11 06:06:14,801 -   Kết quả CW: Cost = 1428, Time = 0.002s
2026-04-11 06:06:14,801 - --- Step 2: Advanced Optimization (CPLEX MIP) ---
2026-04-11 06:06:14,801 - =========================================
2026-04-11 06:06:14,801 - BẮT ĐẦU OPTIMIZE  (100% CPLEX MIP)
2026-04-11 06:06:14,801 -  -> Max Single Size  : 20
2026-04-11 06:06:14,801 -  -> Single Timeout   : 40.0s
2026-04-11 06:06:14,801 -  -> Max Pairwise Size: 19
2026-04-11 06:06:14,801 -  -> Pairwise Timeout : 58.0s
2026-04-11 06:06:14,801 -  -> Global Timeout   : 1200.0s
2026-04-11 06:06:14,801 -  -> Chi phí khởi điểm: 1428
2026-04-11 06:06:14,801 - =========================================
2026-04-11 06:06:14,802 - === BẮT ĐẦU CHẶNG 4: CPLEX MIP CHÍNH XÁC | Cost: 1428 ===
2026-04-11 06:06:14,802 -   [GĐ 4.1] Giải bài toán TSP trên từng tuyến đơn...
2026-04-11 06:06:14,950 -     -> Single CPLEX cải thiện: 91. Cost mới: 1337
2026-04-11 06:06:14,950 -   [GĐ 4.2] Xét từng cặp tuyến để phân bổ lại khách hàng...
2026-04-11 06:06:14,950 -   --- Pairwise Iter 1 (còn 1200s) ---
2026-04-11 06:06:15,328 -     [P4.2] Pair (0,3) giảm 14 -> BEST = 1323
2026-04-11 06:06:15,358 -   --- Pairwise Iter 2 (còn 1199s) ---
2026-04-11 06:06:43,081 -     [P4.2] Pair (4,6) giảm 15 -> BEST = 1308
2026-04-11 06:06:43,121 -   --- Pairwise Iter 3 (còn 1172s) ---
2026-04-11 06:06:46,962 -     [P4.2] Pair (4,5) giảm 6 -> BEST = 1302
2026-04-11 06:06:47,006 -   --- Pairwise Iter 4 (còn 1168s) ---
2026-04-11 06:07:05,123 -     [P4.2] Pair (4,6) giảm 5 -> BEST = 1297
2026-04-11 06:07:05,165 -   --- Pairwise Iter 5 (còn 1150s) ---
2026-04-11 06:07:45,151 -     [P4.2] Pair (4,5) giảm 15 -> BEST = 1282
2026-04-11 06:07:45,200 -   --- Pairwise Iter 6 (còn 1110s) ---
2026-04-11 06:08:43,224 -     [P4.2] Pair (0,4) giảm 6 -> BEST = 1276
2026-04-11 06:08:43,258 -   --- Pairwise Iter 7 (còn 1052s) ---
2026-04-11 06:09:43,970 -     [P4.2] Pair (0,1) giảm 28 -> BEST = 1248
2026-04-11 06:09:44,027 -   --- Pairwise Iter 8 (còn 991s) ---
2026-04-11 06:10:59,597 -     [P4.2] Pair (2,4) giảm 14 -> BEST = 1234
2026-04-11 06:10:59,631 -   --- Pairwise Iter 9 (còn 915s) ---
2026-04-11 06:13:09,936 -     [P4.2] Pair (3,5) giảm 32 -> BEST = 1202
2026-04-11 06:13:09,983 -   --- Pairwise Iter 10 (còn 785s) ---
2026-04-11 06:16:22,414 -     [P4.2] Pair (1,4) giảm 2 -> BEST = 1200
2026-04-11 06:16:22,502 -   --- Pairwise Iter 11 (còn 592s) ---
2026-04-11 06:19:33,641 -     [P4.2] Pair (1,2) giảm 2 -> BEST = 1198
2026-04-11 06:19:33,688 -   --- Pairwise Iter 12 (còn 401s) ---
2026-04-11 06:25:12,396 -     [P4.2] Pair (3,4) giảm 20 -> BEST = 1178
2026-04-11 06:25:12,450 -   --- Pairwise Iter 13 (còn 62s) ---
2026-04-11 06:26:12,831 -     -> Đã đạt cực trị toàn cục cho mọi cặp dưới ngưỡng. KẾT THÚC CHẶNG 4.
2026-04-11 06:26:12,831 - Hoàn thành trong 1198.0s. Final Cost: 1178
2026-04-11 06:26:12,831 - ======================================================================
2026-04-11 06:26:12,831 - BÁO CÁO TỔNG KẾT (SUMMARY)
2026-04-11 06:26:12,831 - ======================================================================
2026-04-11 06:26:12,831 -   1. Chi phí Clarke-Wright:     1428
2026-04-11 06:26:12,831 -   2. Chi phí sau CPLEX MIP:     1178
2026-04-11 06:26:12,831 -   => TỔNG CẢI THIỆN:            250
2026-04-11 06:26:12,831 -   => Số lần CPLEX Single cải thiện  : 5 lần
2026-04-11 06:26:12,831 -   => Số lần CPLEX Pairwise cải thiện: 12 lần
2026-04-11 06:26:12,831 -   => TỔNG THỜI GIAN CHẠY:       1198.032s
2026-04-11 06:26:12,832 - ======================================================================
2026-04-11 06:26:12,832 - CPLEX MIP SOLVER  |  FILE: A-n45-k6.vrp
2026-04-11 06:26:12,832 - ======================================================================
2026-04-11 06:26:12,835 - Thông tin dữ liệu: Dimension=45, K=6, Capacity=100
2026-04-11 06:26:12,835 - --- Step 1: Clarke-Wright Heuristic ---
2026-04-11 06:26:12,837 -   Kết quả CW: Cost = 1379, Time = 0.002s
2026-04-11 06:26:12,837 - --- Step 2: Advanced Optimization (CPLEX MIP) ---
2026-04-11 06:26:12,837 - =========================================
2026-04-11 06:26:12,837 - BẮT ĐẦU OPTIMIZE  (100% CPLEX MIP)
2026-04-11 06:26:12,837 -  -> Max Single Size  : 20
2026-04-11 06:26:12,837 -  -> Single Timeout   : 40.0s
2026-04-11 06:26:12,837 -  -> Max Pairwise Size: 22
2026-04-11 06:26:12,837 -  -> Pairwise Timeout : 68.0s
2026-04-11 06:26:12,837 -  -> Global Timeout   : 1200.0s
2026-04-11 06:26:12,837 -  -> Chi phí khởi điểm: 1379
2026-04-11 06:26:12,837 - =========================================
2026-04-11 06:26:12,837 - === BẮT ĐẦU CHẶNG 4: CPLEX MIP CHÍNH XÁC | Cost: 1379 ===
2026-04-11 06:26:12,837 -   [GĐ 4.1] Giải bài toán TSP trên từng tuyến đơn...
2026-04-11 06:26:13,030 -     -> Single CPLEX cải thiện: 134. Cost mới: 1245
2026-04-11 06:26:13,030 -   [GĐ 4.2] Xét từng cặp tuyến để phân bổ lại khách hàng...
2026-04-11 06:26:13,030 -   --- Pairwise Iter 1 (còn 1200s) ---
2026-04-11 06:26:53,947 -     [P4.2] Pair (2,5) giảm 51 -> BEST = 1194
2026-04-11 06:26:54,061 -   --- Pairwise Iter 2 (còn 1159s) ---
2026-04-11 06:28:02,102 -     [P4.2] Pair (2,4) giảm 14 -> BEST = 1180
2026-04-11 06:28:02,295 -   --- Pairwise Iter 3 (còn 1091s) ---
2026-04-11 06:29:22,930 -     [P4.2] Pair (2,5) giảm 31 -> BEST = 1149
2026-04-11 06:29:23,002 -   --- Pairwise Iter 4 (còn 1010s) ---
2026-04-11 06:31:40,571 -     [P4.2] Pair (1,3) giảm 73 -> BEST = 1076
2026-04-11 06:31:40,624 -   --- Pairwise Iter 5 (còn 872s) ---
2026-04-11 06:35:07,712 -     [P4.2] Pair (2,3) giảm 49 -> BEST = 1027
2026-04-11 06:35:07,829 -   --- Pairwise Iter 6 (còn 665s) ---
2026-04-11 06:38:25,754 -     [P4.2] Pair (1,3) giảm 8 -> BEST = 1019
2026-04-11 06:38:25,809 -   --- Pairwise Iter 7 (còn 467s) ---
2026-04-11 06:42:17,944 -     [P4.2] Pair (2,4) giảm 14 -> BEST = 1005
2026-04-11 06:42:18,040 -   --- Pairwise Iter 8 (còn 235s) ---
2026-04-11 06:43:57,950 -     [P4.2] Pair (4,5) giảm 10 -> BEST = 995
2026-04-11 06:43:58,048 -   --- Pairwise Iter 9 (còn 135s) ---
2026-04-11 06:45:06,089 -     [P4.2] Pair (1,4) giảm 7 -> BEST = 988
2026-04-11 06:45:06,318 -   --- Pairwise Iter 10 (còn 67s) ---
2026-04-11 06:46:10,900 -     [P4.2] Pair (4,5) giảm 9 -> BEST = 979
2026-04-11 06:46:10,901 -   --- Pairwise Iter 11 (còn 2s) ---
2026-04-11 06:46:10,902 -     -> Đã đạt cực trị toàn cục cho mọi cặp dưới ngưỡng. KẾT THÚC CHẶNG 4.
2026-04-11 06:46:10,902 - Hoàn thành trong 1198.1s. Final Cost: 979
2026-04-11 06:46:10,902 - ======================================================================
2026-04-11 06:46:10,902 - BÁO CÁO TỔNG KẾT (SUMMARY)
2026-04-11 06:46:10,902 - ======================================================================
2026-04-11 06:46:10,902 -   1. Chi phí Clarke-Wright:     1379
2026-04-11 06:46:10,902 -   2. Chi phí sau CPLEX MIP:     979
2026-04-11 06:46:10,902 -   => TỔNG CẢI THIỆN:            400
2026-04-11 06:46:10,902 -   => Số lần CPLEX Single cải thiện  : 6 lần
2026-04-11 06:46:10,902 -   => Số lần CPLEX Pairwise cải thiện: 10 lần
2026-04-11 06:46:10,902 -   => TỔNG THỜI GIAN CHẠY:       1198.066s
2026-04-11 06:46:10,903 - ======================================================================
2026-04-11 06:46:10,903 - CPLEX MIP SOLVER  |  FILE: A-n46-k7.vrp
2026-04-11 06:46:10,903 - ======================================================================
2026-04-11 06:46:10,906 - Thông tin dữ liệu: Dimension=46, K=7, Capacity=100
2026-04-11 06:46:10,907 - --- Step 1: Clarke-Wright Heuristic ---
2026-04-11 06:46:10,909 -   Kết quả CW: Cost = 1143, Time = 0.002s
2026-04-11 06:46:10,909 - --- Step 2: Advanced Optimization (CPLEX MIP) ---
2026-04-11 06:46:10,909 - =========================================
2026-04-11 06:46:10,909 - BẮT ĐẦU OPTIMIZE  (100% CPLEX MIP)
2026-04-11 06:46:10,909 -  -> Max Single Size  : 20
2026-04-11 06:46:10,909 -  -> Single Timeout   : 40.0s
2026-04-11 06:46:10,909 -  -> Max Pairwise Size: 19
2026-04-11 06:46:10,909 -  -> Pairwise Timeout : 60.0s
2026-04-11 06:46:10,909 -  -> Global Timeout   : 1200.0s
2026-04-11 06:46:10,909 -  -> Chi phí khởi điểm: 1143
2026-04-11 06:46:10,909 - =========================================
2026-04-11 06:46:10,909 - === BẮT ĐẦU CHẶNG 4: CPLEX MIP CHÍNH XÁC | Cost: 1143 ===
2026-04-11 06:46:10,909 -   [GĐ 4.1] Giải bài toán TSP trên từng tuyến đơn...
2026-04-11 06:46:11,109 -     -> Single CPLEX cải thiện: 93. Cost mới: 1050
2026-04-11 06:46:11,109 -   [GĐ 4.2] Xét từng cặp tuyến để phân bổ lại khách hàng...
2026-04-11 06:46:11,109 -   --- Pairwise Iter 1 (còn 1200s) ---
2026-04-11 06:46:39,076 -     [P4.2] Pair (2,4) giảm 38 -> BEST = 1012
2026-04-11 06:46:39,135 -   --- Pairwise Iter 2 (còn 1172s) ---
2026-04-11 06:46:39,318 -     [P4.2] Pair (1,3) giảm 16 -> BEST = 996
2026-04-11 06:46:39,353 -   --- Pairwise Iter 3 (còn 1172s) ---
2026-04-11 06:48:06,067 -     [P4.2] Pair (0,5) giảm 31 -> BEST = 965
2026-04-11 06:48:06,325 -   --- Pairwise Iter 4 (còn 1085s) ---
2026-04-11 06:49:31,145 -     [P4.2] Pair (1,6) giảm 15 -> BEST = 950
2026-04-11 06:49:31,195 -   --- Pairwise Iter 5 (còn 1000s) ---
2026-04-11 06:55:48,600 -     -> Đã đạt cực trị toàn cục cho mọi cặp dưới ngưỡng. KẾT THÚC CHẶNG 4.
2026-04-11 06:55:48,600 - Hoàn thành trong 577.7s. Final Cost: 950
2026-04-11 06:55:48,600 - ======================================================================
2026-04-11 06:55:48,600 - BÁO CÁO TỔNG KẾT (SUMMARY)
2026-04-11 06:55:48,600 - ======================================================================
2026-04-11 06:55:48,600 -   1. Chi phí Clarke-Wright:     1143
2026-04-11 06:55:48,600 -   2. Chi phí sau CPLEX MIP:     950
2026-04-11 06:55:48,600 -   => TỔNG CẢI THIỆN:            193
2026-04-11 06:55:48,600 -   => Số lần CPLEX Single cải thiện  : 6 lần
2026-04-11 06:55:48,600 -   => Số lần CPLEX Pairwise cải thiện: 4 lần
2026-04-11 06:55:48,600 -   => TỔNG THỜI GIAN CHẠY:       577.693s
2026-04-11 06:55:48,606 - ======================================================================
2026-04-11 06:55:48,606 - CPLEX MIP SOLVER  |  FILE: A-n48-k7.vrp
2026-04-11 06:55:48,606 - ======================================================================
2026-04-11 06:55:48,610 - Thông tin dữ liệu: Dimension=48, K=7, Capacity=100
2026-04-11 06:55:48,611 - --- Step 1: Clarke-Wright Heuristic ---
2026-04-11 06:55:48,613 -   Kết quả CW: Cost = 1397, Time = 0.002s
2026-04-11 06:55:48,613 - --- Step 2: Advanced Optimization (CPLEX MIP) ---
2026-04-11 06:55:48,613 - =========================================
2026-04-11 06:55:48,613 - BẮT ĐẦU OPTIMIZE  (100% CPLEX MIP)
2026-04-11 06:55:48,613 -  -> Max Single Size  : 20
2026-04-11 06:55:48,613 -  -> Single Timeout   : 40.0s
2026-04-11 06:55:48,613 -  -> Max Pairwise Size: 20
2026-04-11 06:55:48,613 -  -> Pairwise Timeout : 62.0s
2026-04-11 06:55:48,613 -  -> Global Timeout   : 1200.0s
2026-04-11 06:55:48,613 -  -> Chi phí khởi điểm: 1397
2026-04-11 06:55:48,613 - =========================================
2026-04-11 06:55:48,613 - === BẮT ĐẦU CHẶNG 4: CPLEX MIP CHÍNH XÁC | Cost: 1397 ===
2026-04-11 06:55:48,613 -   [GĐ 4.1] Giải bài toán TSP trên từng tuyến đơn...
2026-04-11 06:55:48,908 -     -> Single CPLEX cải thiện: 106. Cost mới: 1291
2026-04-11 06:55:48,908 -   [GĐ 4.2] Xét từng cặp tuyến để phân bổ lại khách hàng...
2026-04-11 06:55:48,908 -   --- Pairwise Iter 1 (còn 1200s) ---
2026-04-11 06:56:43,494 -     [P4.2] Pair (2,4) giảm 38 -> BEST = 1253
2026-04-11 06:56:43,539 -   --- Pairwise Iter 2 (còn 1145s) ---
2026-04-11 06:56:43,804 -     [P4.2] Pair (0,2) giảm 64 -> BEST = 1189
2026-04-11 06:56:43,835 -   --- Pairwise Iter 3 (còn 1145s) ---
2026-04-11 06:57:11,281 -     [P4.2] Pair (2,6) giảm 9 -> BEST = 1180
2026-04-11 06:57:11,318 -   --- Pairwise Iter 4 (còn 1117s) ---
2026-04-11 06:58:16,177 -     [P4.2] Pair (0,4) giảm 3 -> BEST = 1177
2026-04-11 06:58:16,230 -   --- Pairwise Iter 5 (còn 1052s) ---
2026-04-11 07:00:38,366 -     [P4.2] Pair (4,6) giảm 5 -> BEST = 1172
2026-04-11 07:00:38,501 -   --- Pairwise Iter 6 (còn 910s) ---
2026-04-11 07:01:31,330 -     [P4.2] Pair (2,6) giảm 2 -> BEST = 1170
2026-04-11 07:01:31,361 -   --- Pairwise Iter 7 (còn 857s) ---
2026-04-11 07:05:07,030 -     [P4.2] Pair (0,1) giảm 23 -> BEST = 1147
2026-04-11 07:05:07,059 -   --- Pairwise Iter 8 (còn 642s) ---
2026-04-11 07:10:15,340 -     [P4.2] Pair (1,2) giảm 7 -> BEST = 1140
2026-04-11 07:10:15,389 -   --- Pairwise Iter 9 (còn 333s) ---
2026-04-11 07:11:27,532 -     [P4.2] Pair (1,4) giảm 2 -> BEST = 1138
2026-04-11 07:11:27,901 -   --- Pairwise Iter 10 (còn 261s) ---
2026-04-11 07:12:24,210 -     [P4.2] Pair (2,4) giảm 10 -> BEST = 1128
2026-04-11 07:12:24,304 -   --- Pairwise Iter 11 (còn 204s) ---
2026-04-11 07:15:46,660 -     -> Đã đạt cực trị toàn cục cho mọi cặp dưới ngưỡng. KẾT THÚC CHẶNG 4.
2026-04-11 07:15:46,660 - Hoàn thành trong 1198.0s. Final Cost: 1128
2026-04-11 07:15:46,660 - ======================================================================
2026-04-11 07:15:46,660 - BÁO CÁO TỔNG KẾT (SUMMARY)
2026-04-11 07:15:46,660 - ======================================================================
2026-04-11 07:15:46,660 -   1. Chi phí Clarke-Wright:     1397
2026-04-11 07:15:46,660 -   2. Chi phí sau CPLEX MIP:     1128
2026-04-11 07:15:46,660 -   => TỔNG CẢI THIỆN:            269
2026-04-11 07:15:46,660 -   => Số lần CPLEX Single cải thiện  : 7 lần
2026-04-11 07:15:46,660 -   => Số lần CPLEX Pairwise cải thiện: 10 lần
2026-04-11 07:15:46,660 -   => TỔNG THỜI GIAN CHẠY:       1198.049s
2026-04-11 07:15:46,661 - ======================================================================
2026-04-11 07:15:46,661 - CPLEX MIP SOLVER  |  FILE: A-n53-k7.vrp
2026-04-11 07:15:46,661 - ======================================================================
2026-04-11 07:15:46,665 - Thông tin dữ liệu: Dimension=53, K=7, Capacity=100
2026-04-11 07:15:46,665 - --- Step 1: Clarke-Wright Heuristic ---
2026-04-11 07:15:46,668 -   Kết quả CW: Cost = 1225, Time = 0.003s
2026-04-11 07:15:46,668 - --- Step 2: Advanced Optimization (CPLEX MIP) ---
2026-04-11 07:15:46,668 - =========================================
2026-04-11 07:15:46,668 - BẮT ĐẦU OPTIMIZE  (100% CPLEX MIP)
2026-04-11 07:15:46,668 -  -> Max Single Size  : 20
2026-04-11 07:15:46,669 -  -> Single Timeout   : 40.0s
2026-04-11 07:15:46,669 -  -> Max Pairwise Size: 22
2026-04-11 07:15:46,669 -  -> Pairwise Timeout : 69.0s
2026-04-11 07:15:46,669 -  -> Global Timeout   : 1200.0s
2026-04-11 07:15:46,669 -  -> Chi phí khởi điểm: 1225
2026-04-11 07:15:46,669 - =========================================
2026-04-11 07:15:46,669 - === BẮT ĐẦU CHẶNG 4: CPLEX MIP CHÍNH XÁC | Cost: 1225 ===
2026-04-11 07:15:46,669 -   [GĐ 4.1] Giải bài toán TSP trên từng tuyến đơn...
2026-04-11 07:15:47,005 -     -> Single CPLEX cải thiện: 91. Cost mới: 1134
2026-04-11 07:15:47,005 -   [GĐ 4.2] Xét từng cặp tuyến để phân bổ lại khách hàng...
2026-04-11 07:15:47,005 -   --- Pairwise Iter 1 (còn 1200s) ---
2026-04-11 07:16:05,196 -     [P4.2] Pair (0,4) giảm 21 -> BEST = 1113
2026-04-11 07:16:05,228 -   --- Pairwise Iter 2 (còn 1181s) ---
2026-04-11 07:16:17,509 -     [P4.2] Pair (0,5) giảm 11 -> BEST = 1102
2026-04-11 07:16:17,590 -   --- Pairwise Iter 3 (còn 1169s) ---
2026-04-11 07:16:49,244 -     [P4.2] Pair (2,3) giảm 9 -> BEST = 1093
2026-04-11 07:16:49,323 -   --- Pairwise Iter 4 (còn 1137s) ---
2026-04-11 07:19:09,203 -     [P4.2] Pair (1,2) giảm 2 -> BEST = 1091
2026-04-11 07:19:09,252 -   --- Pairwise Iter 5 (còn 997s) ---
2026-04-11 07:21:24,337 -     [P4.2] Pair (3,6) giảm 8 -> BEST = 1083
2026-04-11 07:21:24,386 -   --- Pairwise Iter 6 (còn 862s) ---
2026-04-11 07:25:15,733 -     [P4.2] Pair (1,5) giảm 21 -> BEST = 1062
2026-04-11 07:25:15,887 -   --- Pairwise Iter 7 (còn 631s) ---
2026-04-11 07:31:07,912 -     [P4.2] Pair (1,4) giảm 1 -> BEST = 1061
2026-04-11 07:31:07,944 -   --- Pairwise Iter 8 (còn 279s) ---
2026-04-11 07:35:44,714 -     -> Đã đạt cực trị toàn cục cho mọi cặp dưới ngưỡng. KẾT THÚC CHẶNG 4.
2026-04-11 07:35:44,715 - Hoàn thành trong 1198.0s. Final Cost: 1061
2026-04-11 07:35:44,715 - ======================================================================
2026-04-11 07:35:44,715 - BÁO CÁO TỔNG KẾT (SUMMARY)
2026-04-11 07:35:44,715 - ======================================================================
2026-04-11 07:35:44,715 -   1. Chi phí Clarke-Wright:     1225
2026-04-11 07:35:44,715 -   2. Chi phí sau CPLEX MIP:     1061
2026-04-11 07:35:44,715 -   => TỔNG CẢI THIỆN:            164
2026-04-11 07:35:44,715 -   => Số lần CPLEX Single cải thiện  : 5 lần
2026-04-11 07:35:44,715 -   => Số lần CPLEX Pairwise cải thiện: 7 lần
2026-04-11 07:35:44,715 -   => TỔNG THỜI GIAN CHẠY:       1198.049s
2026-04-11 07:35:44,716 - ======================================================================
2026-04-11 07:35:44,716 - CPLEX MIP SOLVER  |  FILE: A-n54-k7.vrp
2026-04-11 07:35:44,716 - ======================================================================
2026-04-11 07:35:44,720 - Thông tin dữ liệu: Dimension=54, K=7, Capacity=100
2026-04-11 07:35:44,720 - --- Step 1: Clarke-Wright Heuristic ---
2026-04-11 07:35:44,723 -   Kết quả CW: Cost = 1652, Time = 0.003s
2026-04-11 07:35:44,723 - --- Step 2: Advanced Optimization (CPLEX MIP) ---
2026-04-11 07:35:44,724 - =========================================
2026-04-11 07:35:44,724 - BẮT ĐẦU OPTIMIZE  (100% CPLEX MIP)
2026-04-11 07:35:44,724 -  -> Max Single Size  : 20
2026-04-11 07:35:44,724 -  -> Single Timeout   : 40.0s
2026-04-11 07:35:44,724 -  -> Max Pairwise Size: 23
2026-04-11 07:35:44,724 -  -> Pairwise Timeout : 70.0s
2026-04-11 07:35:44,724 -  -> Global Timeout   : 1200.0s
2026-04-11 07:35:44,724 -  -> Chi phí khởi điểm: 1652
2026-04-11 07:35:44,724 - =========================================
2026-04-11 07:35:44,724 - === BẮT ĐẦU CHẶNG 4: CPLEX MIP CHÍNH XÁC | Cost: 1652 ===
2026-04-11 07:35:44,724 -   [GĐ 4.1] Giải bài toán TSP trên từng tuyến đơn...
2026-04-11 07:35:45,079 -     -> Single CPLEX cải thiện: 79. Cost mới: 1573
2026-04-11 07:35:45,079 -   [GĐ 4.2] Xét từng cặp tuyến để phân bổ lại khách hàng...
2026-04-11 07:35:45,079 -   --- Pairwise Iter 1 (còn 1200s) ---
2026-04-11 07:36:15,361 -     [P4.2] Pair (3,4) giảm 160 -> BEST = 1413
2026-04-11 07:36:15,516 -   --- Pairwise Iter 2 (còn 1169s) ---
2026-04-11 07:37:25,557 -     [P4.2] Pair (1,5) giảm 32 -> BEST = 1381
2026-04-11 07:37:25,664 -   --- Pairwise Iter 3 (còn 1099s) ---
2026-04-11 07:38:35,717 -     [P4.2] Pair (1,3) giảm 20 -> BEST = 1361
2026-04-11 07:38:36,982 -   --- Pairwise Iter 4 (còn 1028s) ---
2026-04-11 07:39:50,920 -     [P4.2] Pair (0,2) giảm 9 -> BEST = 1352
2026-04-11 07:39:50,958 -   --- Pairwise Iter 5 (còn 954s) ---
2026-04-11 07:41:31,718 -     [P4.2] Pair (1,2) giảm 14 -> BEST = 1338
2026-04-11 07:41:31,752 -   --- Pairwise Iter 6 (còn 853s) ---
2026-04-11 07:42:41,789 -     [P4.2] Pair (2,5) giảm 14 -> BEST = 1324
2026-04-11 07:42:41,906 -   --- Pairwise Iter 7 (còn 783s) ---
2026-04-11 07:43:51,939 -     [P4.2] Pair (0,2) giảm 24 -> BEST = 1300
2026-04-11 07:43:52,014 -   --- Pairwise Iter 8 (còn 713s) ---
2026-04-11 07:46:40,228 -     [P4.2] Pair (2,3) giảm 4 -> BEST = 1296
2026-04-11 07:46:40,341 -   --- Pairwise Iter 9 (còn 544s) ---
2026-04-11 07:47:50,382 -     [P4.2] Pair (0,2) giảm 5 -> BEST = 1291
2026-04-11 07:47:50,461 -   --- Pairwise Iter 10 (còn 474s) ---
2026-04-11 07:51:48,637 -     [P4.2] Pair (4,6) giảm 92 -> BEST = 1199
2026-04-11 07:51:48,927 -   --- Pairwise Iter 11 (còn 236s) ---
2026-04-11 07:55:42,773 -     -> Đã đạt cực trị toàn cục cho mọi cặp dưới ngưỡng. KẾT THÚC CHẶNG 4.
2026-04-11 07:55:42,773 - Hoàn thành trong 1198.0s. Final Cost: 1199
2026-04-11 07:55:42,773 - ======================================================================
2026-04-11 07:55:42,773 - BÁO CÁO TỔNG KẾT (SUMMARY)
2026-04-11 07:55:42,773 - ======================================================================
2026-04-11 07:55:42,773 -   1. Chi phí Clarke-Wright:     1652
2026-04-11 07:55:42,773 -   2. Chi phí sau CPLEX MIP:     1199
2026-04-11 07:55:42,773 -   => TỔNG CẢI THIỆN:            453
2026-04-11 07:55:42,773 -   => Số lần CPLEX Single cải thiện  : 6 lần
2026-04-11 07:55:42,773 -   => Số lần CPLEX Pairwise cải thiện: 10 lần
2026-04-11 07:55:42,773 -   => TỔNG THỜI GIAN CHẠY:       1198.052s
2026-04-11 07:55:42,774 - ======================================================================
2026-04-11 07:55:42,774 - CPLEX MIP SOLVER  |  FILE: A-n55-k9.vrp
2026-04-11 07:55:42,774 - ======================================================================
2026-04-11 07:55:42,779 - Thông tin dữ liệu: Dimension=55, K=9, Capacity=100
2026-04-11 07:55:42,779 - --- Step 1: Clarke-Wright Heuristic ---
2026-04-11 07:55:42,782 -   Kết quả CW: Cost = 1377, Time = 0.003s
2026-04-11 07:55:42,782 - --- Step 2: Advanced Optimization (CPLEX MIP) ---
2026-04-11 07:55:42,782 - =========================================
2026-04-11 07:55:42,782 - BẮT ĐẦU OPTIMIZE  (100% CPLEX MIP)
2026-04-11 07:55:42,782 -  -> Max Single Size  : 20
2026-04-11 07:55:42,782 -  -> Single Timeout   : 40.0s
2026-04-11 07:55:42,782 -  -> Max Pairwise Size: 18
2026-04-11 07:55:42,782 -  -> Pairwise Timeout : 55.0s
2026-04-11 07:55:42,782 -  -> Global Timeout   : 1200.0s
2026-04-11 07:55:42,782 -  -> Chi phí khởi điểm: 1377
2026-04-11 07:55:42,782 - =========================================
2026-04-11 07:55:42,782 - === BẮT ĐẦU CHẶNG 4: CPLEX MIP CHÍNH XÁC | Cost: 1377 ===
2026-04-11 07:55:42,782 -   [GĐ 4.1] Giải bài toán TSP trên từng tuyến đơn...
2026-04-11 07:55:43,007 -     -> Single CPLEX cải thiện: 97. Cost mới: 1280
2026-04-11 07:55:43,008 -   [GĐ 4.2] Xét từng cặp tuyến để phân bổ lại khách hàng...
2026-04-11 07:55:43,008 -   --- Pairwise Iter 1 (còn 1200s) ---
2026-04-11 07:55:43,598 -     [P4.2] Pair (0,6) giảm 24 -> BEST = 1256
2026-04-11 07:55:43,628 -   --- Pairwise Iter 2 (còn 1199s) ---
2026-04-11 07:55:55,171 -     [P4.2] Pair (2,3) giảm 9 -> BEST = 1247
2026-04-11 07:55:55,215 -   --- Pairwise Iter 3 (còn 1188s) ---
2026-04-11 07:56:18,259 -     [P4.2] Pair (4,6) giảm 2 -> BEST = 1245
2026-04-11 07:56:18,288 -   --- Pairwise Iter 4 (còn 1164s) ---
2026-04-11 07:56:28,989 -     [P4.2] Pair (0,4) giảm 2 -> BEST = 1243
2026-04-11 07:56:29,018 -   --- Pairwise Iter 5 (còn 1154s) ---
2026-04-11 07:57:34,797 -     [P4.2] Pair (4,6) giảm 42 -> BEST = 1201
2026-04-11 07:57:34,870 -   --- Pairwise Iter 6 (còn 1088s) ---
2026-04-11 07:58:43,896 -     [P4.2] Pair (0,5) giảm 9 -> BEST = 1192
2026-04-11 07:58:43,926 -   --- Pairwise Iter 7 (còn 1019s) ---
2026-04-11 07:59:24,614 -     [P4.2] Pair (0,6) giảm 47 -> BEST = 1145
2026-04-11 07:59:24,654 -   --- Pairwise Iter 8 (còn 978s) ---
2026-04-11 08:00:18,499 -     [P4.2] Pair (0,4) giảm 3 -> BEST = 1142
2026-04-11 08:00:18,581 -   --- Pairwise Iter 9 (còn 924s) ---
2026-04-11 08:02:37,238 -     [P4.2] Pair (7,8) giảm 3 -> BEST = 1139
2026-04-11 08:02:37,278 -   --- Pairwise Iter 10 (còn 786s) ---
2026-04-11 08:06:16,301 -     [P4.2] Pair (3,4) giảm 1 -> BEST = 1138
2026-04-11 08:06:16,386 -   --- Pairwise Iter 11 (còn 566s) ---
2026-04-11 08:07:17,654 -     [P4.2] Pair (4,5) giảm 1 -> BEST = 1137
2026-04-11 08:07:17,721 -   --- Pairwise Iter 12 (còn 505s) ---
2026-04-11 08:10:53,267 -     [P4.2] Pair (1,3) giảm 3 -> BEST = 1134
2026-04-11 08:10:53,307 -   --- Pairwise Iter 13 (còn 289s) ---
2026-04-11 08:15:20,391 -     -> Đã đạt cực trị toàn cục cho mọi cặp dưới ngưỡng. KẾT THÚC CHẶNG 4.
2026-04-11 08:15:20,391 - Hoàn thành trong 1177.6s. Final Cost: 1134
2026-04-11 08:15:20,391 - ======================================================================
2026-04-11 08:15:20,391 - BÁO CÁO TỔNG KẾT (SUMMARY)
2026-04-11 08:15:20,391 - ======================================================================
2026-04-11 08:15:20,391 -   1. Chi phí Clarke-Wright:     1377
2026-04-11 08:15:20,391 -   2. Chi phí sau CPLEX MIP:     1134
2026-04-11 08:15:20,391 -   => TỔNG CẢI THIỆN:            243
2026-04-11 08:15:20,391 -   => Số lần CPLEX Single cải thiện  : 8 lần
2026-04-11 08:15:20,391 -   => Số lần CPLEX Pairwise cải thiện: 12 lần
2026-04-11 08:15:20,391 -   => TỔNG THỜI GIAN CHẠY:       1177.612s
2026-04-11 08:15:20,392 - ======================================================================
2026-04-11 08:15:20,392 - CPLEX MIP SOLVER  |  FILE: A-n60-k9.vrp
2026-04-11 08:15:20,392 - ======================================================================
2026-04-11 08:15:20,398 - Thông tin dữ liệu: Dimension=60, K=9, Capacity=100
2026-04-11 08:15:20,398 - --- Step 1: Clarke-Wright Heuristic ---
2026-04-11 08:15:20,402 -   Kết quả CW: Cost = 1731, Time = 0.003s
2026-04-11 08:15:20,402 - --- Step 2: Advanced Optimization (CPLEX MIP) ---
2026-04-11 08:15:20,402 - =========================================
2026-04-11 08:15:20,402 - BẮT ĐẦU OPTIMIZE  (100% CPLEX MIP)
2026-04-11 08:15:20,402 -  -> Max Single Size  : 20
2026-04-11 08:15:20,402 -  -> Single Timeout   : 40.0s
2026-04-11 08:15:20,402 -  -> Max Pairwise Size: 20
2026-04-11 08:15:20,402 -  -> Pairwise Timeout : 60.0s
2026-04-11 08:15:20,402 -  -> Global Timeout   : 1200.0s
2026-04-11 08:15:20,402 -  -> Chi phí khởi điểm: 1731
2026-04-11 08:15:20,402 - =========================================
2026-04-11 08:15:20,402 - === BẮT ĐẦU CHẶNG 4: CPLEX MIP CHÍNH XÁC | Cost: 1731 ===
2026-04-11 08:15:20,402 -   [GĐ 4.1] Giải bài toán TSP trên từng tuyến đơn...
2026-04-11 08:15:20,626 -     -> Single CPLEX cải thiện: 116. Cost mới: 1615
2026-04-11 08:15:20,626 -   [GĐ 4.2] Xét từng cặp tuyến để phân bổ lại khách hàng...
2026-04-11 08:15:20,626 -   --- Pairwise Iter 1 (còn 1200s) ---
2026-04-11 08:15:29,957 -     [P4.2] Pair (0,3) giảm 60 -> BEST = 1555
2026-04-11 08:15:30,009 -   --- Pairwise Iter 2 (còn 1190s) ---
2026-04-11 08:16:15,843 -     [P4.2] Pair (0,8) giảm 6 -> BEST = 1549
2026-04-11 08:16:15,875 -   --- Pairwise Iter 3 (còn 1145s) ---
2026-04-11 08:17:03,961 -     [P4.2] Pair (2,6) giảm 12 -> BEST = 1537
2026-04-11 08:17:04,003 -   --- Pairwise Iter 4 (còn 1096s) ---
2026-04-11 08:17:55,515 -     [P4.2] Pair (3,4) giảm 36 -> BEST = 1501
2026-04-11 08:17:55,553 -   --- Pairwise Iter 5 (còn 1045s) ---
2026-04-11 08:20:53,359 -     [P4.2] Pair (4,7) giảm 17 -> BEST = 1484
2026-04-11 08:20:53,429 -   --- Pairwise Iter 6 (còn 867s) ---
2026-04-11 08:22:36,619 -     [P4.2] Pair (3,4) giảm 3 -> BEST = 1481
2026-04-11 08:22:36,803 -   --- Pairwise Iter 7 (còn 764s) ---
2026-04-11 08:25:26,277 -     [P4.2] Pair (3,7) giảm 1 -> BEST = 1480
2026-04-11 08:25:26,325 -   --- Pairwise Iter 8 (còn 594s) ---
2026-04-11 08:28:22,625 -     [P4.2] Pair (7,8) giảm 33 -> BEST = 1447
2026-04-11 08:28:22,706 -   --- Pairwise Iter 9 (còn 418s) ---
2026-04-11 08:30:32,839 -     [P4.2] Pair (1,8) giảm 2 -> BEST = 1445
2026-04-11 08:30:32,873 -   --- Pairwise Iter 10 (còn 288s) ---
2026-04-11 08:33:07,651 -     [P4.2] Pair (6,7) giảm 35 -> BEST = 1410
2026-04-11 08:33:07,688 -   --- Pairwise Iter 11 (còn 133s) ---
2026-04-11 08:35:18,443 -     -> Đã đạt cực trị toàn cục cho mọi cặp dưới ngưỡng. KẾT THÚC CHẶNG 4.
2026-04-11 08:35:18,443 - Hoàn thành trong 1198.0s. Final Cost: 1410
2026-04-11 08:35:18,443 - ======================================================================
2026-04-11 08:35:18,443 - BÁO CÁO TỔNG KẾT (SUMMARY)
2026-04-11 08:35:18,443 - ======================================================================
2026-04-11 08:35:18,443 -   1. Chi phí Clarke-Wright:     1731
2026-04-11 08:35:18,443 -   2. Chi phí sau CPLEX MIP:     1410
2026-04-11 08:35:18,443 -   => TỔNG CẢI THIỆN:            321
2026-04-11 08:35:18,443 -   => Số lần CPLEX Single cải thiện  : 8 lần
2026-04-11 08:35:18,443 -   => Số lần CPLEX Pairwise cải thiện: 10 lần
2026-04-11 08:35:18,443 -   => TỔNG THỜI GIAN CHẠY:       1198.044s
2026-04-11 08:35:18,444 - ======================================================================
2026-04-11 08:35:18,444 - CPLEX MIP SOLVER  |  FILE: A-n61-k9.vrp
2026-04-11 08:35:18,444 - ======================================================================
2026-04-11 08:35:18,450 - Thông tin dữ liệu: Dimension=61, K=9, Capacity=100
2026-04-11 08:35:18,450 - --- Step 1: Clarke-Wright Heuristic ---
2026-04-11 08:35:18,454 -   Kết quả CW: Cost = 1471, Time = 0.003s
2026-04-11 08:35:18,454 - --- Step 2: Advanced Optimization (CPLEX MIP) ---
2026-04-11 08:35:18,454 - =========================================
2026-04-11 08:35:18,454 - BẮT ĐẦU OPTIMIZE  (100% CPLEX MIP)
2026-04-11 08:35:18,454 -  -> Max Single Size  : 20
2026-04-11 08:35:18,454 -  -> Single Timeout   : 40.0s
2026-04-11 08:35:18,454 -  -> Max Pairwise Size: 20
2026-04-11 08:35:18,454 -  -> Pairwise Timeout : 61.0s
2026-04-11 08:35:18,454 -  -> Global Timeout   : 1200.0s
2026-04-11 08:35:18,454 -  -> Chi phí khởi điểm: 1471
2026-04-11 08:35:18,454 - =========================================
2026-04-11 08:35:18,454 - === BẮT ĐẦU CHẶNG 4: CPLEX MIP CHÍNH XÁC | Cost: 1471 ===
2026-04-11 08:35:18,454 -   [GĐ 4.1] Giải bài toán TSP trên từng tuyến đơn...
2026-04-11 08:35:18,809 -     -> Single CPLEX cải thiện: 62. Cost mới: 1409
2026-04-11 08:35:18,809 -   [GĐ 4.2] Xét từng cặp tuyến để phân bổ lại khách hàng...
2026-04-11 08:35:18,809 -   --- Pairwise Iter 1 (còn 1200s) ---
2026-04-11 08:36:19,854 -     [P4.2] Pair (5,8) giảm 16 -> BEST = 1393
2026-04-11 08:36:19,908 -   --- Pairwise Iter 2 (còn 1139s) ---
2026-04-11 08:37:20,939 -     [P4.2] Pair (1,5) giảm 2 -> BEST = 1391
2026-04-11 08:37:21,016 -   --- Pairwise Iter 3 (còn 1077s) ---
2026-04-11 08:39:09,203 -     [P4.2] Pair (2,6) giảm 12 -> BEST = 1379
2026-04-11 08:39:09,264 -   --- Pairwise Iter 4 (còn 969s) ---
2026-04-11 08:41:30,571 -     [P4.2] Pair (7,8) giảm 85 -> BEST = 1294
2026-04-11 08:41:30,624 -   --- Pairwise Iter 5 (còn 828s) ---
2026-04-11 08:43:33,891 -     [P4.2] Pair (0,3) giảm 23 -> BEST = 1271
2026-04-11 08:43:33,960 -   --- Pairwise Iter 6 (còn 704s) ---
2026-04-11 08:45:36,051 -     [P4.2] Pair (3,8) giảm 36 -> BEST = 1235
2026-04-11 08:45:36,249 -   --- Pairwise Iter 7 (còn 582s) ---
2026-04-11 08:46:43,000 -     [P4.2] Pair (0,4) giảm 30 -> BEST = 1205
2026-04-11 08:46:43,047 -   --- Pairwise Iter 8 (còn 515s) ---
2026-04-11 08:48:47,672 -     [P4.2] Pair (3,4) giảm 52 -> BEST = 1153
2026-04-11 08:48:47,727 -   --- Pairwise Iter 9 (còn 391s) ---
2026-04-11 08:51:54,543 -     [P4.2] Pair (7,8) giảm 5 -> BEST = 1148
2026-04-11 08:51:54,593 -   --- Pairwise Iter 10 (còn 204s) ---
2026-04-11 08:54:52,997 -     [P4.2] Pair (3,7) giảm 6 -> BEST = 1142
2026-04-11 08:54:53,063 -   --- Pairwise Iter 11 (còn 25s) ---
2026-04-11 08:55:16,486 -     -> Đã đạt cực trị toàn cục cho mọi cặp dưới ngưỡng. KẾT THÚC CHẶNG 4.
2026-04-11 08:55:16,486 - Hoàn thành trong 1198.0s. Final Cost: 1142
2026-04-11 08:55:16,486 - ======================================================================
2026-04-11 08:55:16,486 - BÁO CÁO TỔNG KẾT (SUMMARY)
2026-04-11 08:55:16,486 - ======================================================================
2026-04-11 08:55:16,486 -   1. Chi phí Clarke-Wright:     1471
2026-04-11 08:55:16,486 -   2. Chi phí sau CPLEX MIP:     1142
2026-04-11 08:55:16,486 -   => TỔNG CẢI THIỆN:            329
2026-04-11 08:55:16,486 -   => Số lần CPLEX Single cải thiện  : 7 lần
2026-04-11 08:55:16,486 -   => Số lần CPLEX Pairwise cải thiện: 10 lần
2026-04-11 08:55:16,486 -   => TỔNG THỜI GIAN CHẠY:       1198.035s
2026-04-11 08:55:16,487 - ======================================================================
2026-04-11 08:55:16,487 - CPLEX MIP SOLVER  |  FILE: A-n62-k8.vrp
2026-04-11 08:55:16,487 - ======================================================================
2026-04-11 08:55:16,493 - Thông tin dữ liệu: Dimension=62, K=8, Capacity=100
2026-04-11 08:55:16,494 - --- Step 1: Clarke-Wright Heuristic ---
2026-04-11 08:55:16,496 -   Kết quả CW: Cost = 1769, Time = 0.003s
2026-04-11 08:55:16,496 - --- Step 2: Advanced Optimization (CPLEX MIP) ---
2026-04-11 08:55:16,497 - =========================================
2026-04-11 08:55:16,497 - BẮT ĐẦU OPTIMIZE  (100% CPLEX MIP)
2026-04-11 08:55:16,497 -  -> Max Single Size  : 20
2026-04-11 08:55:16,497 -  -> Single Timeout   : 40.0s
2026-04-11 08:55:16,497 -  -> Max Pairwise Size: 23
2026-04-11 08:55:16,497 -  -> Pairwise Timeout : 70.0s
2026-04-11 08:55:16,497 -  -> Global Timeout   : 1200.0s
2026-04-11 08:55:16,497 -  -> Chi phí khởi điểm: 1769
2026-04-11 08:55:16,497 - =========================================
2026-04-11 08:55:16,497 - === BẮT ĐẦU CHẶNG 4: CPLEX MIP CHÍNH XÁC | Cost: 1769 ===
2026-04-11 08:55:16,497 -   [GĐ 4.1] Giải bài toán TSP trên từng tuyến đơn...
2026-04-11 08:55:16,823 -     -> Single CPLEX cải thiện: 125. Cost mới: 1644
2026-04-11 08:55:16,823 -   [GĐ 4.2] Xét từng cặp tuyến để phân bổ lại khách hàng...
2026-04-11 08:55:16,823 -   --- Pairwise Iter 1 (còn 1200s) ---
2026-04-11 08:56:26,862 -     [P4.2] Pair (3,4) giảm 1 -> BEST = 1643
2026-04-11 08:56:26,955 -   --- Pairwise Iter 2 (còn 1130s) ---
2026-04-11 08:56:58,390 -     [P4.2] Pair (0,1) giảm 27 -> BEST = 1616
2026-04-11 08:56:58,484 -   --- Pairwise Iter 3 (còn 1098s) ---
2026-04-11 08:57:28,457 -     [P4.2] Pair (1,5) giảm 20 -> BEST = 1596
2026-04-11 08:57:28,517 -   --- Pairwise Iter 4 (còn 1068s) ---
2026-04-11 08:58:38,553 -     [P4.2] Pair (2,4) giảm 63 -> BEST = 1533
2026-04-11 08:58:38,596 -   --- Pairwise Iter 5 (còn 998s) ---
2026-04-11 08:59:51,739 -     [P4.2] Pair (2,7) giảm 28 -> BEST = 1505
2026-04-11 08:59:51,782 -   --- Pairwise Iter 6 (còn 925s) ---
2026-04-11 08:59:55,818 -     [P4.2] Pair (4,7) giảm 16 -> BEST = 1489
2026-04-11 08:59:55,854 -   --- Pairwise Iter 7 (còn 921s) ---
2026-04-11 09:01:05,927 -     [P4.2] Pair (0,2) giảm 21 -> BEST = 1468
2026-04-11 09:01:05,999 -   --- Pairwise Iter 8 (còn 850s) ---
2026-04-11 09:02:16,079 -     [P4.2] Pair (0,2) giảm 6 -> BEST = 1462
2026-04-11 09:02:17,717 -   --- Pairwise Iter 9 (còn 779s) ---
2026-04-11 09:03:39,564 -     [P4.2] Pair (3,6) giảm 79 -> BEST = 1383
2026-04-11 09:03:39,603 -   --- Pairwise Iter 10 (còn 697s) ---
2026-04-11 09:06:48,702 -     [P4.2] Pair (0,1) giảm 3 -> BEST = 1380
2026-04-11 09:06:48,791 -   --- Pairwise Iter 11 (còn 508s) ---
2026-04-11 09:11:11,308 -     [P4.2] Pair (2,6) giảm 3 -> BEST = 1377
2026-04-11 09:11:13,224 -   --- Pairwise Iter 12 (còn 243s) ---
2026-04-11 09:15:14,555 -     -> Đã đạt cực trị toàn cục cho mọi cặp dưới ngưỡng. KẾT THÚC CHẶNG 4.
2026-04-11 09:15:14,555 - Hoàn thành trong 1198.1s. Final Cost: 1377
2026-04-11 09:15:14,555 - ======================================================================
2026-04-11 09:15:14,555 - BÁO CÁO TỔNG KẾT (SUMMARY)
2026-04-11 09:15:14,555 - ======================================================================
2026-04-11 09:15:14,555 -   1. Chi phí Clarke-Wright:     1769
2026-04-11 09:15:14,555 -   2. Chi phí sau CPLEX MIP:     1377
2026-04-11 09:15:14,555 -   => TỔNG CẢI THIỆN:            392
2026-04-11 09:15:14,555 -   => Số lần CPLEX Single cải thiện  : 5 lần
2026-04-11 09:15:14,555 -   => Số lần CPLEX Pairwise cải thiện: 11 lần
2026-04-11 09:15:14,555 -   => TỔNG THỜI GIAN CHẠY:       1198.061s
2026-04-11 09:15:14,556 - ======================================================================
2026-04-11 09:15:14,556 - CPLEX MIP SOLVER  |  FILE: A-n63-k9.vrp
2026-04-11 09:15:14,556 - ======================================================================
2026-04-11 09:15:14,563 - Thông tin dữ liệu: Dimension=63, K=9, Capacity=100
2026-04-11 09:15:14,563 - --- Step 1: Clarke-Wright Heuristic ---
2026-04-11 09:15:14,567 -   Kết quả CW: Cost = 2051, Time = 0.004s
2026-04-11 09:15:14,567 - --- Step 2: Advanced Optimization (CPLEX MIP) ---
2026-04-11 09:15:14,567 - =========================================
2026-04-11 09:15:14,567 - BẮT ĐẦU OPTIMIZE  (100% CPLEX MIP)
2026-04-11 09:15:14,567 -  -> Max Single Size  : 20
2026-04-11 09:15:14,567 -  -> Single Timeout   : 40.0s
2026-04-11 09:15:14,567 -  -> Max Pairwise Size: 21
2026-04-11 09:15:14,567 -  -> Pairwise Timeout : 63.0s
2026-04-11 09:15:14,567 -  -> Global Timeout   : 1200.0s
2026-04-11 09:15:14,567 -  -> Chi phí khởi điểm: 2051
2026-04-11 09:15:14,567 - =========================================
2026-04-11 09:15:14,567 - === BẮT ĐẦU CHẶNG 4: CPLEX MIP CHÍNH XÁC | Cost: 2051 ===
2026-04-11 09:15:14,567 -   [GĐ 4.1] Giải bài toán TSP trên từng tuyến đơn...
2026-04-11 09:15:15,163 -     -> Single CPLEX cải thiện: 109. Cost mới: 1942
2026-04-11 09:15:15,164 -   [GĐ 4.2] Xét từng cặp tuyến để phân bổ lại khách hàng...
2026-04-11 09:15:15,164 -   --- Pairwise Iter 1 (còn 1199s) ---
2026-04-11 09:16:18,204 -     [P4.2] Pair (0,4) giảm 30 -> BEST = 1912
2026-04-11 09:16:19,109 -   --- Pairwise Iter 2 (còn 1135s) ---
2026-04-11 09:18:25,191 -     [P4.2] Pair (1,5) giảm 28 -> BEST = 1884
2026-04-11 09:18:25,261 -   --- Pairwise Iter 3 (còn 1009s) ---
2026-04-11 09:21:32,849 -     [P4.2] Pair (2,3) giảm 32 -> BEST = 1852
2026-04-11 09:21:32,950 -   --- Pairwise Iter 4 (còn 822s) ---
2026-04-11 09:24:40,438 -     [P4.2] Pair (2,8) giảm 7 -> BEST = 1845
2026-04-11 09:24:40,487 -   --- Pairwise Iter 5 (còn 634s) ---
2026-04-11 09:28:50,915 -     [P4.2] Pair (0,3) giảm 20 -> BEST = 1825
2026-04-11 09:28:51,000 -   --- Pairwise Iter 6 (còn 384s) ---
2026-04-11 09:34:52,891 -     [P4.2] Pair (6,8) giảm 36 -> BEST = 1789
2026-04-11 09:34:52,929 -   --- Pairwise Iter 7 (còn 22s) ---
2026-04-11 09:35:12,612 -     -> Đã đạt cực trị toàn cục cho mọi cặp dưới ngưỡng. KẾT THÚC CHẶNG 4.
2026-04-11 09:35:12,612 - Hoàn thành trong 1198.0s. Final Cost: 1789
2026-04-11 09:35:12,613 - ======================================================================
2026-04-11 09:35:12,613 - BÁO CÁO TỔNG KẾT (SUMMARY)
2026-04-11 09:35:12,613 - ======================================================================
2026-04-11 09:35:12,613 -   1. Chi phí Clarke-Wright:     2051
2026-04-11 09:35:12,613 -   2. Chi phí sau CPLEX MIP:     1789
2026-04-11 09:35:12,613 -   => TỔNG CẢI THIỆN:            262
2026-04-11 09:35:12,613 -   => Số lần CPLEX Single cải thiện  : 8 lần
2026-04-11 09:35:12,613 -   => Số lần CPLEX Pairwise cải thiện: 6 lần
2026-04-11 09:35:12,613 -   => TỔNG THỜI GIAN CHẠY:       1198.050s
2026-04-11 09:35:12,614 - ======================================================================
2026-04-11 09:35:12,614 - CPLEX MIP SOLVER  |  FILE: A-n63-k10.vrp
2026-04-11 09:35:12,614 - ======================================================================
2026-04-11 09:35:12,620 - Thông tin dữ liệu: Dimension=63, K=10, Capacity=100
2026-04-11 09:35:12,620 - --- Step 1: Clarke-Wright Heuristic ---
2026-04-11 09:35:12,623 -   Kết quả CW: Cost = 1674, Time = 0.004s
2026-04-11 09:35:12,623 - --- Step 2: Advanced Optimization (CPLEX MIP) ---
2026-04-11 09:35:12,623 - =========================================
2026-04-11 09:35:12,624 - BẮT ĐẦU OPTIMIZE  (100% CPLEX MIP)
2026-04-11 09:35:12,624 -  -> Max Single Size  : 20
2026-04-11 09:35:12,624 -  -> Single Timeout   : 40.0s
2026-04-11 09:35:12,624 -  -> Max Pairwise Size: 18
2026-04-11 09:35:12,624 -  -> Pairwise Timeout : 57.0s
2026-04-11 09:35:12,624 -  -> Global Timeout   : 1200.0s
2026-04-11 09:35:12,624 -  -> Chi phí khởi điểm: 1674
2026-04-11 09:35:12,624 - =========================================
2026-04-11 09:35:12,624 - === BẮT ĐẦU CHẶNG 4: CPLEX MIP CHÍNH XÁC | Cost: 1674 ===
2026-04-11 09:35:12,624 -   [GĐ 4.1] Giải bài toán TSP trên từng tuyến đơn...
2026-04-11 09:35:12,866 -     -> Single CPLEX cải thiện: 78. Cost mới: 1596
2026-04-11 09:35:12,866 -   [GĐ 4.2] Xét từng cặp tuyến để phân bổ lại khách hàng...
2026-04-11 09:35:12,866 -   --- Pairwise Iter 1 (còn 1200s) ---
2026-04-11 09:36:05,829 -     [P4.2] Pair (1,3) giảm 103 -> BEST = 1493
2026-04-11 09:36:05,866 -   --- Pairwise Iter 2 (còn 1147s) ---
2026-04-11 09:37:02,898 -     [P4.2] Pair (4,9) giảm 10 -> BEST = 1483
2026-04-11 09:37:02,932 -   --- Pairwise Iter 3 (còn 1090s) ---
2026-04-11 09:37:05,581 -     [P4.2] Pair (1,5) giảm 12 -> BEST = 1471
2026-04-11 09:37:05,608 -   --- Pairwise Iter 4 (còn 1087s) ---
2026-04-11 09:38:46,878 -     [P4.2] Pair (5,9) giảm 3 -> BEST = 1468
2026-04-11 09:38:46,907 -   --- Pairwise Iter 5 (còn 986s) ---
2026-04-11 09:40:26,564 -     [P4.2] Pair (1,6) giảm 13 -> BEST = 1455
2026-04-11 09:40:26,594 -   --- Pairwise Iter 6 (còn 886s) ---
2026-04-11 09:43:03,532 -     [P4.2] Pair (1,3) giảm 10 -> BEST = 1445
2026-04-11 09:43:03,578 -   --- Pairwise Iter 7 (còn 729s) ---
2026-04-11 09:45:08,922 -     [P4.2] Pair (1,3) giảm 1 -> BEST = 1444
2026-04-11 09:45:09,037 -   --- Pairwise Iter 8 (còn 604s) ---
2026-04-11 09:46:38,983 -     [P4.2] Pair (1,6) giảm 11 -> BEST = 1433
2026-04-11 09:46:39,014 -   --- Pairwise Iter 9 (còn 514s) ---
2026-04-11 09:48:22,398 -     [P4.2] Pair (2,6) giảm 16 -> BEST = 1417
2026-04-11 09:48:22,435 -   --- Pairwise Iter 10 (còn 410s) ---
2026-04-11 09:48:26,520 -     [P4.2] Pair (2,7) giảm 6 -> BEST = 1411
2026-04-11 09:48:26,579 -   --- Pairwise Iter 11 (còn 406s) ---
2026-04-11 09:50:08,245 -     [P4.2] Pair (2,4) giảm 2 -> BEST = 1409
2026-04-11 09:50:08,348 -   --- Pairwise Iter 12 (còn 304s) ---
2026-04-11 09:50:12,668 -     [P4.2] Pair (4,5) giảm 1 -> BEST = 1408
2026-04-11 09:50:12,702 -   --- Pairwise Iter 13 (còn 300s) ---
2026-04-11 09:51:45,768 -     [P4.2] Pair (2,8) giảm 19 -> BEST = 1389
2026-04-11 09:51:47,001 -   --- Pairwise Iter 14 (còn 206s) ---
2026-04-11 09:55:10,667 -     -> Đã đạt cực trị toàn cục cho mọi cặp dưới ngưỡng. KẾT THÚC CHẶNG 4.
2026-04-11 09:55:10,667 - Hoàn thành trong 1198.0s. Final Cost: 1389
2026-04-11 09:55:10,667 - ======================================================================
2026-04-11 09:55:10,667 - BÁO CÁO TỔNG KẾT (SUMMARY)
2026-04-11 09:55:10,667 - ======================================================================
2026-04-11 09:55:10,667 -   1. Chi phí Clarke-Wright:     1674
2026-04-11 09:55:10,667 -   2. Chi phí sau CPLEX MIP:     1389
2026-04-11 09:55:10,667 -   => TỔNG CẢI THIỆN:            285
2026-04-11 09:55:10,667 -   => Số lần CPLEX Single cải thiện  : 9 lần
2026-04-11 09:55:10,667 -   => Số lần CPLEX Pairwise cải thiện: 13 lần
2026-04-11 09:55:10,668 -   => TỔNG THỜI GIAN CHẠY:       1198.047s
2026-04-11 09:55:10,668 - ======================================================================
2026-04-11 09:55:10,669 - CPLEX MIP SOLVER  |  FILE: A-n64-k9.vrp
2026-04-11 09:55:10,669 - ======================================================================
2026-04-11 09:55:10,675 - Thông tin dữ liệu: Dimension=64, K=9, Capacity=100
2026-04-11 09:55:10,675 - --- Step 1: Clarke-Wright Heuristic ---
2026-04-11 09:55:10,680 -   Kết quả CW: Cost = 1680, Time = 0.004s
2026-04-11 09:55:10,680 - --- Step 2: Advanced Optimization (CPLEX MIP) ---
2026-04-11 09:55:10,680 - =========================================
2026-04-11 09:55:10,680 - BẮT ĐẦU OPTIMIZE  (100% CPLEX MIP)
2026-04-11 09:55:10,680 -  -> Max Single Size  : 20
2026-04-11 09:55:10,680 -  -> Single Timeout   : 40.0s
2026-04-11 09:55:10,680 -  -> Max Pairwise Size: 21
2026-04-11 09:55:10,680 -  -> Pairwise Timeout : 64.0s
2026-04-11 09:55:10,680 -  -> Global Timeout   : 1200.0s
2026-04-11 09:55:10,680 -  -> Chi phí khởi điểm: 1680
2026-04-11 09:55:10,680 - =========================================
2026-04-11 09:55:10,680 - === BẮT ĐẦU CHẶNG 4: CPLEX MIP CHÍNH XÁC | Cost: 1680 ===
2026-04-11 09:55:10,680 -   [GĐ 4.1] Giải bài toán TSP trên từng tuyến đơn...
2026-04-11 09:55:11,337 -     -> Single CPLEX cải thiện: 84. Cost mới: 1596
2026-04-11 09:55:11,338 -   [GĐ 4.2] Xét từng cặp tuyến để phân bổ lại khách hàng...
2026-04-11 09:55:11,338 -   --- Pairwise Iter 1 (còn 1199s) ---
2026-04-11 09:56:15,373 -     [P4.2] Pair (0,8) giảm 22 -> BEST = 1574
2026-04-11 09:56:15,698 -   --- Pairwise Iter 2 (còn 1135s) ---
2026-04-11 09:56:26,175 -     [P4.2] Pair (3,5) giảm 19 -> BEST = 1555
2026-04-11 09:56:26,212 -   --- Pairwise Iter 3 (còn 1124s) ---
2026-04-11 09:56:28,218 -     [P4.2] Pair (0,5) giảm 3 -> BEST = 1552
2026-04-11 09:56:28,244 -   --- Pairwise Iter 4 (còn 1122s) ---
2026-04-11 09:57:24,832 -     [P4.2] Pair (2,6) giảm 6 -> BEST = 1546
2026-04-11 09:57:24,968 -   --- Pairwise Iter 5 (còn 1066s) ---
2026-04-11 09:58:43,560 -     [P4.2] Pair (6,7) giảm 1 -> BEST = 1545
2026-04-11 09:58:43,757 -   --- Pairwise Iter 6 (còn 987s) ---
2026-04-11 10:00:24,457 -     [P4.2] Pair (5,6) giảm 7 -> BEST = 1538
2026-04-11 10:00:24,496 -   --- Pairwise Iter 7 (còn 886s) ---
2026-04-11 10:00:37,709 -     [P4.2] Pair (0,6) giảm 16 -> BEST = 1522
2026-04-11 10:00:37,735 -   --- Pairwise Iter 8 (còn 873s) ---
2026-04-11 10:01:47,579 -     [P4.2] Pair (0,7) giảm 3 -> BEST = 1519
2026-04-11 10:01:47,723 -   --- Pairwise Iter 9 (còn 803s) ---
2026-04-11 10:06:03,407 -     [P4.2] Pair (0,8) giảm 34 -> BEST = 1485
2026-04-11 10:06:03,455 -       [S-re] Route 0: 212 → 210  (−2) | BEST = 1483
2026-04-11 10:06:03,924 -   --- Pairwise Iter 10 (còn 547s) ---
2026-04-11 10:08:05,576 -     [P4.2] Pair (7,8) giảm 4 -> BEST = 1479
2026-04-11 10:08:05,909 -   --- Pairwise Iter 11 (còn 425s) ---
2026-04-11 10:08:27,026 -     [P4.2] Pair (0,8) giảm 17 -> BEST = 1462
2026-04-11 10:08:27,094 -   --- Pairwise Iter 12 (còn 404s) ---
2026-04-11 10:15:08,722 -     -> Đã đạt cực trị toàn cục cho mọi cặp dưới ngưỡng. KẾT THÚC CHẶNG 4.
2026-04-11 10:15:08,722 - Hoàn thành trong 1198.0s. Final Cost: 1462
2026-04-11 10:15:08,722 - ======================================================================
2026-04-11 10:15:08,722 - BÁO CÁO TỔNG KẾT (SUMMARY)
2026-04-11 10:15:08,722 - ======================================================================
2026-04-11 10:15:08,722 -   1. Chi phí Clarke-Wright:     1680
2026-04-11 10:15:08,722 -   2. Chi phí sau CPLEX MIP:     1462
2026-04-11 10:15:08,722 -   => TỔNG CẢI THIỆN:            218
2026-04-11 10:15:08,722 -   => Số lần CPLEX Single cải thiện  : 7 lần
2026-04-11 10:15:08,722 -   => Số lần CPLEX Pairwise cải thiện: 11 lần
2026-04-11 10:15:08,722 -   => TỔNG THỜI GIAN CHẠY:       1198.046s
2026-04-11 10:15:08,723 - ======================================================================
2026-04-11 10:15:08,723 - CPLEX MIP SOLVER  |  FILE: A-n65-k9.vrp
2026-04-11 10:15:08,723 - ======================================================================
2026-04-11 10:15:08,730 - Thông tin dữ liệu: Dimension=65, K=9, Capacity=100
2026-04-11 10:15:08,730 - --- Step 1: Clarke-Wright Heuristic ---
2026-04-11 10:15:08,735 -   Kết quả CW: Cost = 1769, Time = 0.004s
2026-04-11 10:15:08,735 - --- Step 2: Advanced Optimization (CPLEX MIP) ---
2026-04-11 10:15:08,735 - =========================================
2026-04-11 10:15:08,735 - BẮT ĐẦU OPTIMIZE  (100% CPLEX MIP)
2026-04-11 10:15:08,735 -  -> Max Single Size  : 20
2026-04-11 10:15:08,735 -  -> Single Timeout   : 40.0s
2026-04-11 10:15:08,735 -  -> Max Pairwise Size: 21
2026-04-11 10:15:08,735 -  -> Pairwise Timeout : 65.0s
2026-04-11 10:15:08,735 -  -> Global Timeout   : 1200.0s
2026-04-11 10:15:08,735 -  -> Chi phí khởi điểm: 1769
2026-04-11 10:15:08,735 - =========================================
2026-04-11 10:15:08,735 - === BẮT ĐẦU CHẶNG 4: CPLEX MIP CHÍNH XÁC | Cost: 1769 ===
2026-04-11 10:15:08,735 -   [GĐ 4.1] Giải bài toán TSP trên từng tuyến đơn...
2026-04-11 10:15:09,112 -     -> Single CPLEX cải thiện: 145. Cost mới: 1624
2026-04-11 10:15:09,112 -   [GĐ 4.2] Xét từng cặp tuyến để phân bổ lại khách hàng...
2026-04-11 10:15:09,112 -   --- Pairwise Iter 1 (còn 1200s) ---
2026-04-11 10:16:14,151 -     [P4.2] Pair (0,2) giảm 60 -> BEST = 1564
2026-04-11 10:16:14,209 -   --- Pairwise Iter 2 (còn 1135s) ---
2026-04-11 10:17:19,250 -     [P4.2] Pair (4,6) giảm 19 -> BEST = 1545
2026-04-11 10:17:19,285 -   --- Pairwise Iter 3 (còn 1069s) ---
2026-04-11 10:18:20,682 -     [P4.2] Pair (0,6) giảm 25 -> BEST = 1520
2026-04-11 10:18:20,750 -   --- Pairwise Iter 4 (còn 1008s) ---
2026-04-11 10:19:15,369 -     [P4.2] Pair (0,5) giảm 7 -> BEST = 1513
2026-04-11 10:19:15,411 -   --- Pairwise Iter 5 (còn 953s) ---
2026-04-11 10:20:45,088 -     [P4.2] Pair (2,6) giảm 84 -> BEST = 1429
2026-04-11 10:20:45,165 -   --- Pairwise Iter 6 (còn 864s) ---
2026-04-11 10:22:41,833 -     [P4.2] Pair (1,7) giảm 82 -> BEST = 1347
2026-04-11 10:22:41,890 -   --- Pairwise Iter 7 (còn 747s) ---
2026-04-11 10:25:35,560 -     [P4.2] Pair (1,2) giảm 18 -> BEST = 1329
2026-04-11 10:25:35,596 -   --- Pairwise Iter 8 (còn 573s) ---
2026-04-11 10:28:50,712 -     [P4.2] Pair (1,7) giảm 5 -> BEST = 1324
2026-04-11 10:28:50,836 -   --- Pairwise Iter 9 (còn 378s) ---
2026-04-11 10:33:15,398 -     [P4.2] Pair (6,8) giảm 1 -> BEST = 1323
2026-04-11 10:33:15,454 -   --- Pairwise Iter 10 (còn 113s) ---
2026-04-11 10:35:06,780 -     -> Đã đạt cực trị toàn cục cho mọi cặp dưới ngưỡng. KẾT THÚC CHẶNG 4.
2026-04-11 10:35:06,780 - Hoàn thành trong 1198.0s. Final Cost: 1323
2026-04-11 10:35:06,780 - ======================================================================
2026-04-11 10:35:06,780 - BÁO CÁO TỔNG KẾT (SUMMARY)
2026-04-11 10:35:06,780 - ======================================================================
2026-04-11 10:35:06,780 -   1. Chi phí Clarke-Wright:     1769
2026-04-11 10:35:06,780 -   2. Chi phí sau CPLEX MIP:     1323
2026-04-11 10:35:06,780 -   => TỔNG CẢI THIỆN:            446
2026-04-11 10:35:06,780 -   => Số lần CPLEX Single cải thiện  : 8 lần
2026-04-11 10:35:06,780 -   => Số lần CPLEX Pairwise cải thiện: 9 lần
2026-04-11 10:35:06,780 -   => TỔNG THỜI GIAN CHẠY:       1198.049s
2026-04-11 10:35:06,781 - ======================================================================
2026-04-11 10:35:06,781 - CPLEX MIP SOLVER  |  FILE: A-n69-k9.vrp
2026-04-11 10:35:06,781 - ======================================================================
2026-04-11 10:35:06,788 - Thông tin dữ liệu: Dimension=69, K=9, Capacity=100
2026-04-11 10:35:06,789 - --- Step 1: Clarke-Wright Heuristic ---
2026-04-11 10:35:06,794 -   Kết quả CW: Cost = 1506, Time = 0.005s
2026-04-11 10:35:06,794 - --- Step 2: Advanced Optimization (CPLEX MIP) ---
2026-04-11 10:35:06,794 - =========================================
2026-04-11 10:35:06,794 - BẮT ĐẦU OPTIMIZE  (100% CPLEX MIP)
2026-04-11 10:35:06,794 -  -> Max Single Size  : 20
2026-04-11 10:35:06,794 -  -> Single Timeout   : 40.0s
2026-04-11 10:35:06,794 -  -> Max Pairwise Size: 23
2026-04-11 10:35:06,794 -  -> Pairwise Timeout : 69.0s
2026-04-11 10:35:06,794 -  -> Global Timeout   : 1200.0s
2026-04-11 10:35:06,794 -  -> Chi phí khởi điểm: 1506
2026-04-11 10:35:06,794 - =========================================
2026-04-11 10:35:06,794 - === BẮT ĐẦU CHẶNG 4: CPLEX MIP CHÍNH XÁC | Cost: 1506 ===
2026-04-11 10:35:06,794 -   [GĐ 4.1] Giải bài toán TSP trên từng tuyến đơn...
2026-04-11 10:35:07,021 -     -> Single CPLEX cải thiện: 137. Cost mới: 1369
2026-04-11 10:35:07,021 -   [GĐ 4.2] Xét từng cặp tuyến để phân bổ lại khách hàng...
2026-04-11 10:35:07,021 -   --- Pairwise Iter 1 (còn 1200s) ---
2026-04-11 10:35:11,200 -     [P4.2] Pair (2,5) giảm 39 -> BEST = 1330
2026-04-11 10:35:11,255 -   --- Pairwise Iter 2 (còn 1196s) ---
2026-04-11 10:35:19,716 -     [P4.2] Pair (1,8) giảm 30 -> BEST = 1300
2026-04-11 10:35:19,760 -   --- Pairwise Iter 3 (còn 1187s) ---
2026-04-11 10:36:28,800 -     [P4.2] Pair (2,6) giảm 34 -> BEST = 1266
2026-04-11 10:36:28,858 -   --- Pairwise Iter 4 (còn 1118s) ---
2026-04-11 10:37:37,899 -     [P4.2] Pair (2,3) giảm 1 -> BEST = 1265
2026-04-11 10:37:37,958 -   --- Pairwise Iter 5 (còn 1049s) ---
2026-04-11 10:40:17,621 -     [P4.2] Pair (2,7) giảm 40 -> BEST = 1225
2026-04-11 10:40:17,674 -   --- Pairwise Iter 6 (còn 889s) ---
2026-04-11 10:42:45,647 -     [P4.2] Pair (1,2) giảm 25 -> BEST = 1200
2026-04-11 10:42:45,723 -   --- Pairwise Iter 7 (còn 741s) ---
2026-04-11 10:48:03,690 -     [P4.2] Pair (1,4) giảm 1 -> BEST = 1199
2026-04-11 10:48:03,754 -   --- Pairwise Iter 8 (còn 423s) ---
2026-04-11 10:50:25,701 -     [P4.2] Pair (1,2) giảm 4 -> BEST = 1195
2026-04-11 10:50:25,752 -   --- Pairwise Iter 9 (còn 281s) ---
2026-04-11 10:55:04,827 -     -> Đã đạt cực trị toàn cục cho mọi cặp dưới ngưỡng. KẾT THÚC CHẶNG 4.
2026-04-11 10:55:04,827 - Hoàn thành trong 1198.0s. Final Cost: 1195
2026-04-11 10:55:04,827 - ======================================================================
2026-04-11 10:55:04,827 - BÁO CÁO TỔNG KẾT (SUMMARY)
2026-04-11 10:55:04,827 - ======================================================================
2026-04-11 10:55:04,827 -   1. Chi phí Clarke-Wright:     1506
2026-04-11 10:55:04,827 -   2. Chi phí sau CPLEX MIP:     1195
2026-04-11 10:55:04,828 -   => TỔNG CẢI THIỆN:            311
2026-04-11 10:55:04,828 -   => Số lần CPLEX Single cải thiện  : 8 lần
2026-04-11 10:55:04,828 -   => Số lần CPLEX Pairwise cải thiện: 8 lần
2026-04-11 10:55:04,828 -   => TỔNG THỜI GIAN CHẠY:       1198.039s
2026-04-11 10:55:04,829 - ======================================================================
2026-04-11 10:55:04,829 - CPLEX MIP SOLVER  |  FILE: A-n80-k10.vrp
2026-04-11 10:55:04,829 - ======================================================================
2026-04-11 10:55:04,838 - Thông tin dữ liệu: Dimension=80, K=10, Capacity=100
2026-04-11 10:55:04,838 - --- Step 1: Clarke-Wright Heuristic ---
2026-04-11 10:55:04,873 -   Kết quả CW: Cost = 2263, Time = 0.035s
2026-04-11 10:55:04,873 - --- Step 2: Advanced Optimization (CPLEX MIP) ---
2026-04-11 10:55:04,873 - =========================================
2026-04-11 10:55:04,873 - BẮT ĐẦU OPTIMIZE  (100% CPLEX MIP)
2026-04-11 10:55:04,873 -  -> Max Single Size  : 20
2026-04-11 10:55:04,873 -  -> Single Timeout   : 40.0s
2026-04-11 10:55:04,873 -  -> Max Pairwise Size: 24
2026-04-11 10:55:04,873 -  -> Pairwise Timeout : 72.0s
2026-04-11 10:55:04,874 -  -> Global Timeout   : 1200.0s
2026-04-11 10:55:04,874 -  -> Chi phí khởi điểm: 2263
2026-04-11 10:55:04,874 - =========================================
2026-04-11 10:55:04,874 - === BẮT ĐẦU CHẶNG 4: CPLEX MIP CHÍNH XÁC | Cost: 2263 ===
2026-04-11 10:55:04,874 -   [GĐ 4.1] Giải bài toán TSP trên từng tuyến đơn...
2026-04-11 10:55:07,265 -     -> Single CPLEX cải thiện: 196. Cost mới: 2067
2026-04-11 10:55:07,265 -   [GĐ 4.2] Xét từng cặp tuyến để phân bổ lại khách hàng...
2026-04-11 10:55:07,265 -   --- Pairwise Iter 1 (còn 1198s) ---
2026-04-11 10:55:33,933 -     [P4.2] Pair (4,6) giảm 9 -> BEST = 2058
2026-04-11 10:55:33,974 -   --- Pairwise Iter 2 (còn 1171s) ---
2026-04-11 10:56:46,027 -     [P4.2] Pair (0,2) giảm 35 -> BEST = 2023
2026-04-11 10:56:46,478 -   --- Pairwise Iter 3 (còn 1098s) ---
2026-04-11 10:59:10,560 -     [P4.2] Pair (0,4) giảm 9 -> BEST = 2014
2026-04-11 10:59:10,632 -   --- Pairwise Iter 4 (còn 954s) ---
2026-04-11 11:00:22,697 -     [P4.2] Pair (0,4) giảm 1 -> BEST = 2013
2026-04-11 11:00:22,759 -   --- Pairwise Iter 5 (còn 882s) ---
2026-04-11 11:03:58,885 -     [P4.2] Pair (3,5) giảm 17 -> BEST = 1996
2026-04-11 11:03:58,996 -   --- Pairwise Iter 6 (còn 666s) ---
2026-04-11 11:08:01,502 -     [P4.2] Pair (4,6) giảm 7 -> BEST = 1989
2026-04-11 11:08:01,596 -   --- Pairwise Iter 7 (còn 423s) ---
2026-04-11 11:13:40,283 -     [P4.2] Pair (1,4) giảm 15 -> BEST = 1974
2026-04-11 11:13:40,342 -   --- Pairwise Iter 8 (còn 85s) ---
2026-04-11 11:14:52,387 -     [P4.2] Pair (0,2) giảm 1 -> BEST = 1973
2026-04-11 11:14:52,562 -   --- Pairwise Iter 9 (còn 12s) ---
2026-04-11 11:15:02,942 -     -> Đã đạt cực trị toàn cục cho mọi cặp dưới ngưỡng. KẾT THÚC CHẶNG 4.
2026-04-11 11:15:02,942 - Hoàn thành trong 1198.1s. Final Cost: 1973
2026-04-11 11:15:02,942 - ======================================================================
2026-04-11 11:15:02,942 - BÁO CÁO TỔNG KẾT (SUMMARY)
2026-04-11 11:15:02,942 - ======================================================================
2026-04-11 11:15:02,942 -   1. Chi phí Clarke-Wright:     2263
2026-04-11 11:15:02,942 -   2. Chi phí sau CPLEX MIP:     1973
2026-04-11 11:15:02,942 -   => TỔNG CẢI THIỆN:            290
2026-04-11 11:15:02,942 -   => Số lần CPLEX Single cải thiện  : 10 lần
2026-04-11 11:15:02,942 -   => Số lần CPLEX Pairwise cải thiện: 8 lần
2026-04-11 11:15:02,942 -   => TỔNG THỜI GIAN CHẠY:       1198.103s
