2026-05-09 12:23:14,617 - ======================================================================
2026-05-09 12:23:14,617 - GUROBI MIP SOLVER  |  FILE: P-n16-k8.vrp
2026-05-09 12:23:14,618 - ======================================================================
2026-05-09 12:23:14,618 - Thông tin dữ liệu: Dimension=16, K=8, Capacity=35
2026-05-09 12:23:14,618 - --- Step 1: Clarke-Wright Heuristic ---
2026-05-09 12:23:14,619 -   Kết quả CW: Cost = 482, Time = 0.000s
2026-05-09 12:23:14,619 - --- Step 2: Advanced Optimization (Gurobi MIP) ---
2026-05-09 12:23:14,619 - =========================================
2026-05-09 12:23:14,619 - BẮT ĐẦU OPTIMIZE  (100% Gurobi MIP)
2026-05-09 12:23:14,619 -  -> Max Single Size  : 25
2026-05-09 12:23:14,619 -  -> Single Timeout   : 60.0s
2026-05-09 12:23:14,619 -  -> Max Pairwise Size: 25
2026-05-09 12:23:14,619 -  -> Pairwise Timeout : 120.0s
2026-05-09 12:23:14,619 -  -> Global Timeout   : 1800.0s
2026-05-09 12:23:14,619 -  -> Chi phí khởi điểm: 482
2026-05-09 12:23:14,619 - =========================================
2026-05-09 12:23:14,619 - === BẮT ĐẦU CHẶNG 4: GUROBI MIP CHÍNH XÁC | Cost: 482 ===
2026-05-09 12:23:14,619 -   [GĐ 4.1] Giải bài toán TSP trên từng tuyến đơn...
2026-05-09 12:23:14,705 -   [GĐ 4.2] Xét từng cặp tuyến để phân bổ lại khách hàng...
2026-05-09 12:23:14,705 -   --- Pairwise Iter 1 (còn 1800s) ---
2026-05-09 12:23:14,717 -     [P4.2] Pair (0,2) giảm 1 -> BEST = 481
2026-05-09 12:23:14,741 -   --- Pairwise Iter 2 (còn 1800s) ---
2026-05-09 12:23:14,790 -     [P4.2] Pair (4,7) giảm 6 -> BEST = 475
2026-05-09 12:23:14,814 -   --- Pairwise Iter 3 (còn 1800s) ---
2026-05-09 12:23:14,886 -     [P4.2] Pair (0,3) giảm 10 -> BEST = 465
2026-05-09 12:23:14,898 -   --- Pairwise Iter 4 (còn 1800s) ---
2026-05-09 12:23:14,932 -     [P4.2] Pair (3,6) giảm 15 -> BEST = 450
2026-05-09 12:23:14,945 -   --- Pairwise Iter 5 (còn 1800s) ---
2026-05-09 12:23:15,309 -     -> Đã đạt cực trị toàn cục cho mọi cặp dưới ngưỡng. KẾT THÚC CHẶNG 4.
2026-05-09 12:23:15,309 - Hoàn thành trong 0.7s. Final Cost: 450
2026-05-09 12:23:15,309 - ======================================================================
2026-05-09 12:23:15,309 - BÁO CÁO TỔNG KẾT (SUMMARY)
2026-05-09 12:23:15,310 - ======================================================================
2026-05-09 12:23:15,310 -   1. Chi phí Clarke-Wright:     482
2026-05-09 12:23:15,310 -   2. Chi phí sau Gurobi MIP:    450
2026-05-09 12:23:15,310 -   => TỔNG CẢI THIỆN:            32
2026-05-09 12:23:15,310 -   => Số lần Gurobi Single cải thiện  : 0 lần
2026-05-09 12:23:15,310 -   => Số lần Gurobi Pairwise cải thiện: 4 lần
2026-05-09 12:23:15,310 -   => TỔNG THỜI GIAN CHẠY:       0.691s
2026-05-09 12:23:15,311 - ======================================================================
2026-05-09 12:23:15,311 - GUROBI MIP SOLVER  |  FILE: P-n19-k2.vrp
2026-05-09 12:23:15,311 - ======================================================================
2026-05-09 12:23:15,312 - Thông tin dữ liệu: Dimension=19, K=2, Capacity=160
2026-05-09 12:23:15,312 - --- Step 1: Clarke-Wright Heuristic ---
2026-05-09 12:23:15,312 -   Kết quả CW: Cost = 248, Time = 0.000s
2026-05-09 12:23:15,312 - --- Step 2: Advanced Optimization (Gurobi MIP) ---
2026-05-09 12:23:15,312 - =========================================
2026-05-09 12:23:15,312 - BẮT ĐẦU OPTIMIZE  (100% Gurobi MIP)
2026-05-09 12:23:15,312 -  -> Max Single Size  : 33
2026-05-09 12:23:15,312 -  -> Single Timeout   : 60.0s
2026-05-09 12:23:15,312 -  -> Max Pairwise Size: 47
2026-05-09 12:23:15,312 -  -> Pairwise Timeout : 190.0s
2026-05-09 12:23:15,312 -  -> Global Timeout   : 1800.0s
2026-05-09 12:23:15,312 -  -> Chi phí khởi điểm: 248
2026-05-09 12:23:15,312 - =========================================
2026-05-09 12:23:15,312 - === BẮT ĐẦU CHẶNG 4: GUROBI MIP CHÍNH XÁC | Cost: 248 ===
2026-05-09 12:23:15,312 -   [GĐ 4.1] Giải bài toán TSP trên từng tuyến đơn...
2026-05-09 12:23:15,502 -     -> Single Gurobi cải thiện: 29. Cost mới: 219
2026-05-09 12:23:15,502 -   [GĐ 4.2] Xét từng cặp tuyến để phân bổ lại khách hàng...
2026-05-09 12:23:15,502 -   --- Pairwise Iter 1 (còn 1800s) ---
2026-05-09 12:23:35,614 -     [P4.2] Pair (0,1) giảm 7 -> BEST = 212
2026-05-09 12:23:35,749 -   --- Pairwise Iter 2 (còn 1780s) ---
2026-05-09 12:23:49,881 -     -> Đã đạt cực trị toàn cục cho mọi cặp dưới ngưỡng. KẾT THÚC CHẶNG 4.
2026-05-09 12:23:49,881 - Hoàn thành trong 34.6s. Final Cost: 212
2026-05-09 12:23:49,881 - ======================================================================
2026-05-09 12:23:49,881 - BÁO CÁO TỔNG KẾT (SUMMARY)
2026-05-09 12:23:49,881 - ======================================================================
2026-05-09 12:23:49,881 -   1. Chi phí Clarke-Wright:     248
2026-05-09 12:23:49,881 -   2. Chi phí sau Gurobi MIP:    212
2026-05-09 12:23:49,881 -   => TỔNG CẢI THIỆN:            36
2026-05-09 12:23:49,881 -   => Số lần Gurobi Single cải thiện  : 2 lần
2026-05-09 12:23:49,881 -   => Số lần Gurobi Pairwise cải thiện: 1 lần
2026-05-09 12:23:49,882 -   => TỔNG THỜI GIAN CHẠY:       34.570s
2026-05-09 12:23:49,882 - ======================================================================
2026-05-09 12:23:49,882 - GUROBI MIP SOLVER  |  FILE: P-n20-k2.vrp
2026-05-09 12:23:49,882 - ======================================================================
2026-05-09 12:23:49,883 - Thông tin dữ liệu: Dimension=20, K=2, Capacity=160
2026-05-09 12:23:49,883 - --- Step 1: Clarke-Wright Heuristic ---
2026-05-09 12:23:49,884 -   Kết quả CW: Cost = 266, Time = 0.000s
2026-05-09 12:23:49,884 - --- Step 2: Advanced Optimization (Gurobi MIP) ---
2026-05-09 12:23:49,884 - =========================================
2026-05-09 12:23:49,884 - BẮT ĐẦU OPTIMIZE  (100% Gurobi MIP)
2026-05-09 12:23:49,884 -  -> Max Single Size  : 35
2026-05-09 12:23:49,884 -  -> Single Timeout   : 60.0s
2026-05-09 12:23:49,884 -  -> Max Pairwise Size: 50
2026-05-09 12:23:49,884 -  -> Pairwise Timeout : 200.0s
2026-05-09 12:23:49,884 -  -> Global Timeout   : 1800.0s
2026-05-09 12:23:49,884 -  -> Chi phí khởi điểm: 266
2026-05-09 12:23:49,884 - =========================================
2026-05-09 12:23:49,884 - === BẮT ĐẦU CHẶNG 4: GUROBI MIP CHÍNH XÁC | Cost: 266 ===
2026-05-09 12:23:49,884 -   [GĐ 4.1] Giải bài toán TSP trên từng tuyến đơn...
2026-05-09 12:23:49,979 -     -> Single Gurobi cải thiện: 39. Cost mới: 227
2026-05-09 12:23:49,979 -   [GĐ 4.2] Xét từng cặp tuyến để phân bổ lại khách hàng...
2026-05-09 12:23:49,979 -   --- Pairwise Iter 1 (còn 1800s) ---
2026-05-09 12:23:59,294 -     [P4.2] Pair (0,1) giảm 11 -> BEST = 216
2026-05-09 12:23:59,349 -   --- Pairwise Iter 2 (còn 1791s) ---
2026-05-09 12:24:13,586 -     -> Đã đạt cực trị toàn cục cho mọi cặp dưới ngưỡng. KẾT THÚC CHẶNG 4.
2026-05-09 12:24:13,587 - Hoàn thành trong 23.7s. Final Cost: 216
2026-05-09 12:24:13,587 - ======================================================================
2026-05-09 12:24:13,587 - BÁO CÁO TỔNG KẾT (SUMMARY)
2026-05-09 12:24:13,587 - ======================================================================
2026-05-09 12:24:13,587 -   1. Chi phí Clarke-Wright:     266
2026-05-09 12:24:13,587 -   2. Chi phí sau Gurobi MIP:    216
2026-05-09 12:24:13,587 -   => TỔNG CẢI THIỆN:            50
2026-05-09 12:24:13,587 -   => Số lần Gurobi Single cải thiện  : 2 lần
2026-05-09 12:24:13,587 -   => Số lần Gurobi Pairwise cải thiện: 1 lần
2026-05-09 12:24:13,587 -   => TỔNG THỜI GIAN CHẠY:       23.703s
2026-05-09 12:24:13,588 - ======================================================================
2026-05-09 12:24:13,588 - GUROBI MIP SOLVER  |  FILE: P-n21-k2.vrp
2026-05-09 12:24:13,588 - ======================================================================
2026-05-09 12:24:13,589 - Thông tin dữ liệu: Dimension=21, K=2, Capacity=160
2026-05-09 12:24:13,589 - --- Step 1: Clarke-Wright Heuristic ---
2026-05-09 12:24:13,590 -   Kết quả CW: Cost = 270, Time = 0.000s
2026-05-09 12:24:13,590 - --- Step 2: Advanced Optimization (Gurobi MIP) ---
2026-05-09 12:24:13,590 - =========================================
2026-05-09 12:24:13,590 - BẮT ĐẦU OPTIMIZE  (100% Gurobi MIP)
2026-05-09 12:24:13,590 -  -> Max Single Size  : 36
2026-05-09 12:24:13,590 -  -> Single Timeout   : 60.0s
2026-05-09 12:24:13,590 -  -> Max Pairwise Size: 52
2026-05-09 12:24:13,590 -  -> Pairwise Timeout : 210.0s
2026-05-09 12:24:13,590 -  -> Global Timeout   : 1800.0s
2026-05-09 12:24:13,590 -  -> Chi phí khởi điểm: 270
2026-05-09 12:24:13,590 - =========================================
2026-05-09 12:24:13,590 - === BẮT ĐẦU CHẶNG 4: GUROBI MIP CHÍNH XÁC | Cost: 270 ===
2026-05-09 12:24:13,590 -   [GĐ 4.1] Giải bài toán TSP trên từng tuyến đơn...
2026-05-09 12:24:13,695 -     -> Single Gurobi cải thiện: 39. Cost mới: 231
2026-05-09 12:24:13,696 -   [GĐ 4.2] Xét từng cặp tuyến để phân bổ lại khách hàng...
2026-05-09 12:24:13,696 -   --- Pairwise Iter 1 (còn 1800s) ---
2026-05-09 12:24:25,796 -     [P4.2] Pair (0,1) giảm 20 -> BEST = 211
2026-05-09 12:24:25,962 -   --- Pairwise Iter 2 (còn 1788s) ---
2026-05-09 12:24:39,569 -     -> Đã đạt cực trị toàn cục cho mọi cặp dưới ngưỡng. KẾT THÚC CHẶNG 4.
2026-05-09 12:24:39,575 - Hoàn thành trong 26.0s. Final Cost: 211
2026-05-09 12:24:39,575 - ======================================================================
2026-05-09 12:24:39,575 - BÁO CÁO TỔNG KẾT (SUMMARY)
2026-05-09 12:24:39,575 - ======================================================================
2026-05-09 12:24:39,575 -   1. Chi phí Clarke-Wright:     270
2026-05-09 12:24:39,575 -   2. Chi phí sau Gurobi MIP:    211
2026-05-09 12:24:39,575 -   => TỔNG CẢI THIỆN:            59
2026-05-09 12:24:39,575 -   => Số lần Gurobi Single cải thiện  : 2 lần
2026-05-09 12:24:39,575 -   => Số lần Gurobi Pairwise cải thiện: 1 lần
2026-05-09 12:24:39,575 -   => TỔNG THỜI GIAN CHẠY:       25.985s
2026-05-09 12:24:39,577 - ======================================================================
2026-05-09 12:24:39,577 - GUROBI MIP SOLVER  |  FILE: P-n22-k8.vrp
2026-05-09 12:24:39,577 - ======================================================================
2026-05-09 12:24:39,578 - Thông tin dữ liệu: Dimension=22, K=8, Capacity=3000
2026-05-09 12:24:39,578 - --- Step 1: Clarke-Wright Heuristic ---
2026-05-09 12:24:39,579 -   Kết quả CW: Cost = 773, Time = 0.001s
2026-05-09 12:24:39,579 - --- Step 2: Advanced Optimization (Gurobi MIP) ---
2026-05-09 12:24:39,579 - =========================================
2026-05-09 12:24:39,579 - BẮT ĐẦU OPTIMIZE  (100% Gurobi MIP)
2026-05-09 12:24:39,579 -  -> Max Single Size  : 25
2026-05-09 12:24:39,579 -  -> Single Timeout   : 60.0s
2026-05-09 12:24:39,579 -  -> Max Pairwise Size: 25
2026-05-09 12:24:39,579 -  -> Pairwise Timeout : 120.0s
2026-05-09 12:24:39,579 -  -> Global Timeout   : 1800.0s
2026-05-09 12:24:39,579 -  -> Chi phí khởi điểm: 773
2026-05-09 12:24:39,579 - =========================================
2026-05-09 12:24:39,579 - === BẮT ĐẦU CHẶNG 4: GUROBI MIP CHÍNH XÁC | Cost: 773 ===
2026-05-09 12:24:39,579 -   [GĐ 4.1] Giải bài toán TSP trên từng tuyến đơn...
2026-05-09 12:24:39,664 -     -> Single Gurobi cải thiện: 35. Cost mới: 738
2026-05-09 12:24:39,664 -   [GĐ 4.2] Xét từng cặp tuyến để phân bổ lại khách hàng...
2026-05-09 12:24:39,664 -   --- Pairwise Iter 1 (còn 1800s) ---
2026-05-09 12:24:39,677 -     [P4.2] Pair (5,6) giảm 20 -> BEST = 718
2026-05-09 12:24:39,701 -   --- Pairwise Iter 2 (còn 1800s) ---
2026-05-09 12:24:39,836 -     [P4.2] Pair (1,4) giảm 1 -> BEST = 717
2026-05-09 12:24:39,860 -   --- Pairwise Iter 3 (còn 1800s) ---
2026-05-09 12:24:40,300 -     [P4.2] Pair (0,1) giảm 20 -> BEST = 697
2026-05-09 12:24:40,334 -   --- Pairwise Iter 4 (còn 1799s) ---
2026-05-09 12:24:40,582 -     [P4.2] Pair (0,4) giảm 20 -> BEST = 677
2026-05-09 12:24:40,607 -   --- Pairwise Iter 5 (còn 1799s) ---
2026-05-09 12:24:41,100 -     [P4.2] Pair (5,7) giảm 1 -> BEST = 676
2026-05-09 12:24:41,112 -   --- Pairwise Iter 6 (còn 1798s) ---
2026-05-09 12:24:41,912 -     -> Đã đạt cực trị toàn cục cho mọi cặp dưới ngưỡng. KẾT THÚC CHẶNG 4.
2026-05-09 12:24:41,912 - Hoàn thành trong 2.3s. Final Cost: 676
2026-05-09 12:24:41,912 - ======================================================================
2026-05-09 12:24:41,913 - BÁO CÁO TỔNG KẾT (SUMMARY)
2026-05-09 12:24:41,913 - ======================================================================
2026-05-09 12:24:41,913 -   1. Chi phí Clarke-Wright:     773
2026-05-09 12:24:41,913 -   2. Chi phí sau Gurobi MIP:    676
2026-05-09 12:24:41,913 -   => TỔNG CẢI THIỆN:            97
2026-05-09 12:24:41,913 -   => Số lần Gurobi Single cải thiện  : 2 lần
2026-05-09 12:24:41,913 -   => Số lần Gurobi Pairwise cải thiện: 5 lần
2026-05-09 12:24:41,913 -   => TỔNG THỜI GIAN CHẠY:       2.334s
2026-05-09 12:24:41,914 - ======================================================================
2026-05-09 12:24:41,914 - GUROBI MIP SOLVER  |  FILE: P-n22-k2.vrp
2026-05-09 12:24:41,914 - ======================================================================
2026-05-09 12:24:41,915 - Thông tin dữ liệu: Dimension=22, K=2, Capacity=160
2026-05-09 12:24:41,915 - --- Step 1: Clarke-Wright Heuristic ---
2026-05-09 12:24:41,915 -   Kết quả CW: Cost = 284, Time = 0.000s
2026-05-09 12:24:41,915 - --- Step 2: Advanced Optimization (Gurobi MIP) ---
2026-05-09 12:24:41,915 - =========================================
2026-05-09 12:24:41,915 - BẮT ĐẦU OPTIMIZE  (100% Gurobi MIP)
2026-05-09 12:24:41,915 -  -> Max Single Size  : 38
2026-05-09 12:24:41,916 -  -> Single Timeout   : 60.0s
2026-05-09 12:24:41,916 -  -> Max Pairwise Size: 55
2026-05-09 12:24:41,916 -  -> Pairwise Timeout : 220.0s
2026-05-09 12:24:41,916 -  -> Global Timeout   : 1800.0s
2026-05-09 12:24:41,916 -  -> Chi phí khởi điểm: 284
2026-05-09 12:24:41,916 - =========================================
2026-05-09 12:24:41,916 - === BẮT ĐẦU CHẶNG 4: GUROBI MIP CHÍNH XÁC | Cost: 284 ===
2026-05-09 12:24:41,916 -   [GĐ 4.1] Giải bài toán TSP trên từng tuyến đơn...
2026-05-09 12:24:42,091 -     -> Single Gurobi cải thiện: 37. Cost mới: 247
2026-05-09 12:24:42,092 -   [GĐ 4.2] Xét từng cặp tuyến để phân bổ lại khách hàng...
2026-05-09 12:24:42,092 -   --- Pairwise Iter 1 (còn 1800s) ---
2026-05-09 12:24:56,663 -     [P4.2] Pair (0,1) giảm 31 -> BEST = 216
2026-05-09 12:24:56,849 -   --- Pairwise Iter 2 (còn 1785s) ---
2026-05-09 12:25:09,711 -     -> Đã đạt cực trị toàn cục cho mọi cặp dưới ngưỡng. KẾT THÚC CHẶNG 4.
2026-05-09 12:25:09,712 - Hoàn thành trong 27.8s. Final Cost: 216
2026-05-09 12:25:09,712 - ======================================================================
2026-05-09 12:25:09,712 - BÁO CÁO TỔNG KẾT (SUMMARY)
2026-05-09 12:25:09,712 - ======================================================================
2026-05-09 12:25:09,712 -   1. Chi phí Clarke-Wright:     284
2026-05-09 12:25:09,712 -   2. Chi phí sau Gurobi MIP:    216
2026-05-09 12:25:09,712 -   => TỔNG CẢI THIỆN:            68
2026-05-09 12:25:09,712 -   => Số lần Gurobi Single cải thiện  : 2 lần
2026-05-09 12:25:09,712 -   => Số lần Gurobi Pairwise cải thiện: 1 lần
2026-05-09 12:25:09,712 -   => TỔNG THỜI GIAN CHẠY:       27.797s
2026-05-09 12:25:09,713 - ======================================================================
2026-05-09 12:25:09,713 - GUROBI MIP SOLVER  |  FILE: P-n23-k8.vrp
2026-05-09 12:25:09,713 - ======================================================================
2026-05-09 12:25:09,714 - Thông tin dữ liệu: Dimension=23, K=8, Capacity=40
2026-05-09 12:25:09,714 - --- Step 1: Clarke-Wright Heuristic ---
2026-05-09 12:25:09,715 -   Kết quả CW: Cost = 555, Time = 0.001s
2026-05-09 12:25:09,715 - --- Step 2: Advanced Optimization (Gurobi MIP) ---
2026-05-09 12:25:09,715 - =========================================
2026-05-09 12:25:09,715 - BẮT ĐẦU OPTIMIZE  (100% Gurobi MIP)
2026-05-09 12:25:09,715 -  -> Max Single Size  : 25
2026-05-09 12:25:09,715 -  -> Single Timeout   : 60.0s
2026-05-09 12:25:09,715 -  -> Max Pairwise Size: 25
2026-05-09 12:25:09,715 -  -> Pairwise Timeout : 120.0s
2026-05-09 12:25:09,715 -  -> Global Timeout   : 1800.0s
2026-05-09 12:25:09,715 -  -> Chi phí khởi điểm: 555
2026-05-09 12:25:09,715 - =========================================
2026-05-09 12:25:09,715 - === BẮT ĐẦU CHẶNG 4: GUROBI MIP CHÍNH XÁC | Cost: 555 ===
2026-05-09 12:25:09,715 -   [GĐ 4.1] Giải bài toán TSP trên từng tuyến đơn...
2026-05-09 12:25:09,812 -     -> Single Gurobi cải thiện: 3. Cost mới: 552
2026-05-09 12:25:09,812 -   [GĐ 4.2] Xét từng cặp tuyến để phân bổ lại khách hàng...
2026-05-09 12:25:09,813 -   --- Pairwise Iter 1 (còn 1800s) ---
2026-05-09 12:25:10,130 -     [P4.2] Pair (0,1) giảm 23 -> BEST = 529
2026-05-09 12:25:10,154 -   --- Pairwise Iter 2 (còn 1800s) ---
2026-05-09 12:25:11,096 -     -> Đã đạt cực trị toàn cục cho mọi cặp dưới ngưỡng. KẾT THÚC CHẶNG 4.
2026-05-09 12:25:11,096 - Hoàn thành trong 1.4s. Final Cost: 529
2026-05-09 12:25:11,096 - ======================================================================
2026-05-09 12:25:11,096 - BÁO CÁO TỔNG KẾT (SUMMARY)
2026-05-09 12:25:11,096 - ======================================================================
2026-05-09 12:25:11,096 -   1. Chi phí Clarke-Wright:     555
2026-05-09 12:25:11,096 -   2. Chi phí sau Gurobi MIP:    529
2026-05-09 12:25:11,096 -   => TỔNG CẢI THIỆN:            26
2026-05-09 12:25:11,096 -   => Số lần Gurobi Single cải thiện  : 1 lần
2026-05-09 12:25:11,096 -   => Số lần Gurobi Pairwise cải thiện: 1 lần
2026-05-09 12:25:11,096 -   => TỔNG THỜI GIAN CHẠY:       1.382s
2026-05-09 12:25:11,097 - ======================================================================
2026-05-09 12:25:11,097 - GUROBI MIP SOLVER  |  FILE: P-n40-k5.vrp
2026-05-09 12:25:11,097 - ======================================================================
2026-05-09 12:25:11,100 - Thông tin dữ liệu: Dimension=40, K=5, Capacity=140
2026-05-09 12:25:11,100 - --- Step 1: Clarke-Wright Heuristic ---
2026-05-09 12:25:11,101 -   Kết quả CW: Cost = 596, Time = 0.001s
2026-05-09 12:25:11,101 - --- Step 2: Advanced Optimization (Gurobi MIP) ---
2026-05-09 12:25:11,101 - =========================================
2026-05-09 12:25:11,101 - BẮT ĐẦU OPTIMIZE  (100% Gurobi MIP)
2026-05-09 12:25:11,101 -  -> Max Single Size  : 28
2026-05-09 12:25:11,101 -  -> Single Timeout   : 60.0s
2026-05-09 12:25:11,101 -  -> Max Pairwise Size: 40
2026-05-09 12:25:11,101 -  -> Pairwise Timeout : 160.0s
2026-05-09 12:25:11,101 -  -> Global Timeout   : 1800.0s
2026-05-09 12:25:11,101 -  -> Chi phí khởi điểm: 596
2026-05-09 12:25:11,101 - =========================================
2026-05-09 12:25:11,101 - === BẮT ĐẦU CHẶNG 4: GUROBI MIP CHÍNH XÁC | Cost: 596 ===
2026-05-09 12:25:11,101 -   [GĐ 4.1] Giải bài toán TSP trên từng tuyến đơn...
2026-05-09 12:25:11,212 -     -> Single Gurobi cải thiện: 64. Cost mới: 532
2026-05-09 12:25:11,212 -   [GĐ 4.2] Xét từng cặp tuyến để phân bổ lại khách hàng...
2026-05-09 12:25:11,212 -   --- Pairwise Iter 1 (còn 1800s) ---
2026-05-09 12:25:20,990 -     [P4.2] Pair (0,3) giảm 2 -> BEST = 530
2026-05-09 12:25:21,075 -   --- Pairwise Iter 2 (còn 1790s) ---
2026-05-09 12:25:47,772 -     [P4.2] Pair (1,3) giảm 29 -> BEST = 501
2026-05-09 12:25:47,928 -   --- Pairwise Iter 3 (còn 1763s) ---
2026-05-09 12:25:54,045 -     [P4.2] Pair (0,1) giảm 5 -> BEST = 496
2026-05-09 12:25:54,079 -   --- Pairwise Iter 4 (còn 1757s) ---
2026-05-09 12:26:06,951 -     [P4.2] Pair (0,4) giảm 8 -> BEST = 488
2026-05-09 12:26:07,016 -   --- Pairwise Iter 5 (còn 1744s) ---
2026-05-09 12:26:22,855 -     [P4.2] Pair (0,1) giảm 7 -> BEST = 481
2026-05-09 12:26:22,890 -   --- Pairwise Iter 6 (còn 1728s) ---
2026-05-09 12:27:06,687 -     [P4.2] Pair (2,4) giảm 3 -> BEST = 478
2026-05-09 12:27:06,731 -   --- Pairwise Iter 7 (còn 1684s) ---
2026-05-09 12:27:44,584 -     [P4.2] Pair (1,2) giảm 6 -> BEST = 472
2026-05-09 12:27:44,608 -   --- Pairwise Iter 8 (còn 1646s) ---
2026-05-09 12:27:44,701 -     [P4.2] Pair (2,4) giảm 4 -> BEST = 468
2026-05-09 12:27:44,735 -   --- Pairwise Iter 9 (còn 1646s) ---
2026-05-09 12:27:53,783 -     [P4.2] Pair (2,3) giảm 3 -> BEST = 465
2026-05-09 12:27:53,807 -   --- Pairwise Iter 10 (còn 1637s) ---
2026-05-09 12:28:10,725 -     -> Đã đạt cực trị toàn cục cho mọi cặp dưới ngưỡng. KẾT THÚC CHẶNG 4.
2026-05-09 12:28:10,725 - Hoàn thành trong 179.6s. Final Cost: 465
2026-05-09 12:28:10,725 - ======================================================================
2026-05-09 12:28:10,725 - BÁO CÁO TỔNG KẾT (SUMMARY)
2026-05-09 12:28:10,725 - ======================================================================
2026-05-09 12:28:10,725 -   1. Chi phí Clarke-Wright:     596
2026-05-09 12:28:10,725 -   2. Chi phí sau Gurobi MIP:    465
2026-05-09 12:28:10,725 -   => TỔNG CẢI THIỆN:            131
2026-05-09 12:28:10,725 -   => Số lần Gurobi Single cải thiện  : 5 lần
2026-05-09 12:28:10,725 -   => Số lần Gurobi Pairwise cải thiện: 9 lần
2026-05-09 12:28:10,725 -   => TỔNG THỜI GIAN CHẠY:       179.625s
2026-05-09 12:28:10,726 - ======================================================================
2026-05-09 12:28:10,726 - GUROBI MIP SOLVER  |  FILE: P-n45-k5.vrp
2026-05-09 12:28:10,727 - ======================================================================
2026-05-09 12:28:10,730 - Thông tin dữ liệu: Dimension=45, K=5, Capacity=150
2026-05-09 12:28:10,730 - --- Step 1: Clarke-Wright Heuristic ---
2026-05-09 12:28:10,731 -   Kết quả CW: Cost = 752, Time = 0.001s
2026-05-09 12:28:10,732 - --- Step 2: Advanced Optimization (Gurobi MIP) ---
2026-05-09 12:28:10,732 - =========================================
2026-05-09 12:28:10,732 - BẮT ĐẦU OPTIMIZE  (100% Gurobi MIP)
2026-05-09 12:28:10,732 -  -> Max Single Size  : 31
2026-05-09 12:28:10,732 -  -> Single Timeout   : 60.0s
2026-05-09 12:28:10,732 -  -> Max Pairwise Size: 45
2026-05-09 12:28:10,732 -  -> Pairwise Timeout : 180.0s
2026-05-09 12:28:10,732 -  -> Global Timeout   : 1800.0s
2026-05-09 12:28:10,732 -  -> Chi phí khởi điểm: 752
2026-05-09 12:28:10,732 - =========================================
2026-05-09 12:28:10,732 - === BẮT ĐẦU CHẶNG 4: GUROBI MIP CHÍNH XÁC | Cost: 752 ===
2026-05-09 12:28:10,732 -   [GĐ 4.1] Giải bài toán TSP trên từng tuyến đơn...
2026-05-09 12:28:11,024 -     -> Single Gurobi cải thiện: 66. Cost mới: 686
2026-05-09 12:28:11,024 -   [GĐ 4.2] Xét từng cặp tuyến để phân bổ lại khách hàng...
2026-05-09 12:28:11,024 -   --- Pairwise Iter 1 (còn 1800s) ---
2026-05-09 12:29:58,167 -     [P4.2] Pair (0,1) giảm 58 -> BEST = 628
2026-05-09 12:29:58,292 -   --- Pairwise Iter 2 (còn 1692s) ---
2026-05-09 12:30:14,570 -     [P4.2] Pair (2,4) giảm 49 -> BEST = 579
2026-05-09 12:30:14,604 -   --- Pairwise Iter 3 (còn 1676s) ---
2026-05-09 12:32:08,113 -     [P4.2] Pair (0,4) giảm 16 -> BEST = 563
2026-05-09 12:32:08,188 -   --- Pairwise Iter 4 (còn 1563s) ---
2026-05-09 12:32:18,051 -     [P4.2] Pair (3,4) giảm 1 -> BEST = 562
2026-05-09 12:32:18,186 -   --- Pairwise Iter 5 (còn 1553s) ---
2026-05-09 12:33:01,810 -     [P4.2] Pair (1,3) giảm 20 -> BEST = 542
2026-05-09 12:33:02,006 -   --- Pairwise Iter 6 (còn 1509s) ---
2026-05-09 12:34:40,316 -     [P4.2] Pair (1,4) giảm 16 -> BEST = 526
2026-05-09 12:34:40,451 -   --- Pairwise Iter 7 (còn 1410s) ---
2026-05-09 12:35:30,984 -     [P4.2] Pair (1,3) giảm 2 -> BEST = 524
2026-05-09 12:35:31,089 -   --- Pairwise Iter 8 (còn 1360s) ---
2026-05-09 12:37:23,477 -     [P4.2] Pair (2,4) giảm 2 -> BEST = 522
2026-05-09 12:37:23,572 -   --- Pairwise Iter 9 (còn 1247s) ---
2026-05-09 12:39:07,126 -     -> Đã đạt cực trị toàn cục cho mọi cặp dưới ngưỡng. KẾT THÚC CHẶNG 4.
2026-05-09 12:39:07,127 - Hoàn thành trong 656.4s. Final Cost: 522
2026-05-09 12:39:07,127 - ======================================================================
2026-05-09 12:39:07,127 - BÁO CÁO TỔNG KẾT (SUMMARY)
2026-05-09 12:39:07,127 - ======================================================================
2026-05-09 12:39:07,127 -   1. Chi phí Clarke-Wright:     752
2026-05-09 12:39:07,127 -   2. Chi phí sau Gurobi MIP:    522
2026-05-09 12:39:07,127 -   => TỔNG CẢI THIỆN:            230
2026-05-09 12:39:07,127 -   => Số lần Gurobi Single cải thiện  : 5 lần
2026-05-09 12:39:07,127 -   => Số lần Gurobi Pairwise cải thiện: 8 lần
2026-05-09 12:39:07,127 -   => TỔNG THỜI GIAN CHẠY:       656.397s
2026-05-09 12:39:07,128 - ======================================================================
2026-05-09 12:39:07,128 - GUROBI MIP SOLVER  |  FILE: P-n50-k10.vrp
2026-05-09 12:39:07,128 - ======================================================================
2026-05-09 12:39:07,132 - Thông tin dữ liệu: Dimension=50, K=10, Capacity=100
2026-05-09 12:39:07,132 - --- Step 1: Clarke-Wright Heuristic ---
2026-05-09 12:39:07,134 -   Kết quả CW: Cost = 928, Time = 0.002s
2026-05-09 12:39:07,134 - --- Step 2: Advanced Optimization (Gurobi MIP) ---
2026-05-09 12:39:07,134 - =========================================
2026-05-09 12:39:07,134 - BẮT ĐẦU OPTIMIZE  (100% Gurobi MIP)
2026-05-09 12:39:07,135 -  -> Max Single Size  : 25
2026-05-09 12:39:07,135 -  -> Single Timeout   : 60.0s
2026-05-09 12:39:07,135 -  -> Max Pairwise Size: 25
2026-05-09 12:39:07,135 -  -> Pairwise Timeout : 120.0s
2026-05-09 12:39:07,135 -  -> Global Timeout   : 1800.0s
2026-05-09 12:39:07,135 -  -> Chi phí khởi điểm: 928
2026-05-09 12:39:07,135 - =========================================
2026-05-09 12:39:07,135 - === BẮT ĐẦU CHẶNG 4: GUROBI MIP CHÍNH XÁC | Cost: 928 ===
2026-05-09 12:39:07,135 -   [GĐ 4.1] Giải bài toán TSP trên từng tuyến đơn...
2026-05-09 12:39:07,357 -     -> Single Gurobi cải thiện: 24. Cost mới: 904
2026-05-09 12:39:07,357 -   [GĐ 4.2] Xét từng cặp tuyến để phân bổ lại khách hàng...
2026-05-09 12:39:07,357 -   --- Pairwise Iter 1 (còn 1800s) ---
2026-05-09 12:39:07,571 -     [P4.2] Pair (0,6) giảm 16 -> BEST = 888
2026-05-09 12:39:07,595 -   --- Pairwise Iter 2 (còn 1800s) ---
2026-05-09 12:39:08,224 -     [P4.2] Pair (4,8) giảm 28 -> BEST = 860
2026-05-09 12:39:08,249 -   --- Pairwise Iter 3 (còn 1799s) ---
2026-05-09 12:39:09,052 -     [P4.2] Pair (0,3) giảm 1 -> BEST = 859
2026-05-09 12:39:09,077 -   --- Pairwise Iter 4 (còn 1798s) ---
2026-05-09 12:39:10,547 -     [P4.2] Pair (0,4) giảm 13 -> BEST = 846
2026-05-09 12:39:10,572 -   --- Pairwise Iter 5 (còn 1797s) ---
2026-05-09 12:39:12,469 -     [P4.2] Pair (0,3) giảm 10 -> BEST = 836
2026-05-09 12:39:12,493 -   --- Pairwise Iter 6 (còn 1795s) ---
2026-05-09 12:39:13,980 -     [P4.2] Pair (0,4) giảm 1 -> BEST = 835
2026-05-09 12:39:14,005 -   --- Pairwise Iter 7 (còn 1793s) ---
2026-05-09 12:39:15,818 -     [P4.2] Pair (0,3) giảm 17 -> BEST = 818
2026-05-09 12:39:15,883 -   --- Pairwise Iter 8 (còn 1791s) ---
2026-05-09 12:39:17,606 -     [P4.2] Pair (0,2) giảm 4 -> BEST = 814
2026-05-09 12:39:17,630 -   --- Pairwise Iter 9 (còn 1790s) ---
2026-05-09 12:39:20,820 -     [P4.2] Pair (1,6) giảm 20 -> BEST = 794
2026-05-09 12:39:20,844 -   --- Pairwise Iter 10 (còn 1786s) ---
2026-05-09 12:39:25,916 -     [P4.2] Pair (6,9) giảm 16 -> BEST = 778
2026-05-09 12:39:25,951 -   --- Pairwise Iter 11 (còn 1781s) ---
2026-05-09 12:39:28,672 -     [P4.2] Pair (0,6) giảm 20 -> BEST = 758
2026-05-09 12:39:28,727 -   --- Pairwise Iter 12 (còn 1778s) ---
2026-05-09 12:39:32,465 -     [P4.2] Pair (0,9) giảm 1 -> BEST = 757
2026-05-09 12:39:32,520 -   --- Pairwise Iter 13 (còn 1775s) ---
2026-05-09 12:39:36,656 -     [P4.2] Pair (1,2) giảm 5 -> BEST = 752
2026-05-09 12:39:36,680 -   --- Pairwise Iter 14 (còn 1770s) ---
2026-05-09 12:39:38,433 -     [P4.2] Pair (2,5) giảm 25 -> BEST = 727
2026-05-09 12:39:38,457 -   --- Pairwise Iter 15 (còn 1769s) ---
2026-05-09 12:39:52,872 -     -> Đã đạt cực trị toàn cục cho mọi cặp dưới ngưỡng. KẾT THÚC CHẶNG 4.
2026-05-09 12:39:52,872 - Hoàn thành trong 45.7s. Final Cost: 727
2026-05-09 12:39:52,872 - ======================================================================
2026-05-09 12:39:52,872 - BÁO CÁO TỔNG KẾT (SUMMARY)
2026-05-09 12:39:52,872 - ======================================================================
2026-05-09 12:39:52,872 -   1. Chi phí Clarke-Wright:     928
2026-05-09 12:39:52,872 -   2. Chi phí sau Gurobi MIP:    727
2026-05-09 12:39:52,872 -   => TỔNG CẢI THIỆN:            201
2026-05-09 12:39:52,872 -   => Số lần Gurobi Single cải thiện  : 5 lần
2026-05-09 12:39:52,872 -   => Số lần Gurobi Pairwise cải thiện: 14 lần
2026-05-09 12:39:52,872 -   => TỔNG THỜI GIAN CHẠY:       45.740s
2026-05-09 12:39:52,873 - ======================================================================
2026-05-09 12:39:52,873 - GUROBI MIP SOLVER  |  FILE: P-n50-k7.vrp
2026-05-09 12:39:52,874 - ======================================================================
2026-05-09 12:39:52,877 - Thông tin dữ liệu: Dimension=50, K=7, Capacity=150
2026-05-09 12:39:52,877 - --- Step 1: Clarke-Wright Heuristic ---
2026-05-09 12:39:52,880 -   Kết quả CW: Cost = 799, Time = 0.002s
2026-05-09 12:39:52,880 - --- Step 2: Advanced Optimization (Gurobi MIP) ---
2026-05-09 12:39:52,880 - =========================================
2026-05-09 12:39:52,880 - BẮT ĐẦU OPTIMIZE  (100% Gurobi MIP)
2026-05-09 12:39:52,880 -  -> Max Single Size  : 25
2026-05-09 12:39:52,880 -  -> Single Timeout   : 60.0s
2026-05-09 12:39:52,880 -  -> Max Pairwise Size: 35
2026-05-09 12:39:52,880 -  -> Pairwise Timeout : 143.0s
2026-05-09 12:39:52,880 -  -> Global Timeout   : 1800.0s
2026-05-09 12:39:52,880 -  -> Chi phí khởi điểm: 799
2026-05-09 12:39:52,880 - =========================================
2026-05-09 12:39:52,880 - === BẮT ĐẦU CHẶNG 4: GUROBI MIP CHÍNH XÁC | Cost: 799 ===
2026-05-09 12:39:52,880 -   [GĐ 4.1] Giải bài toán TSP trên từng tuyến đơn...
2026-05-09 12:39:53,046 -     -> Single Gurobi cải thiện: 65. Cost mới: 734
2026-05-09 12:39:53,046 -   [GĐ 4.2] Xét từng cặp tuyến để phân bổ lại khách hàng...
2026-05-09 12:39:53,046 -   --- Pairwise Iter 1 (còn 1800s) ---
2026-05-09 12:39:53,664 -     [P4.2] Pair (2,5) giảm 5 -> BEST = 729
2026-05-09 12:39:53,718 -   --- Pairwise Iter 2 (còn 1799s) ---
2026-05-09 12:39:54,477 -     [P4.2] Pair (2,6) giảm 66 -> BEST = 663
2026-05-09 12:39:54,532 -   --- Pairwise Iter 3 (còn 1798s) ---
2026-05-09 12:39:57,631 -     [P4.2] Pair (3,4) giảm 1 -> BEST = 662
2026-05-09 12:39:57,666 -   --- Pairwise Iter 4 (còn 1795s) ---
2026-05-09 12:40:34,476 -     [P4.2] Pair (4,6) giảm 23 -> BEST = 639
2026-05-09 12:40:34,591 -   --- Pairwise Iter 5 (còn 1758s) ---
2026-05-09 12:41:12,667 -     [P4.2] Pair (0,6) giảm 31 -> BEST = 608
2026-05-09 12:41:12,751 -   --- Pairwise Iter 6 (còn 1720s) ---
2026-05-09 12:41:29,877 -     [P4.2] Pair (3,4) giảm 7 -> BEST = 601
2026-05-09 12:41:29,941 -   --- Pairwise Iter 7 (còn 1703s) ---
2026-05-09 12:41:48,773 -     [P4.2] Pair (5,6) giảm 1 -> BEST = 600
2026-05-09 12:41:48,908 -   --- Pairwise Iter 8 (còn 1684s) ---
2026-05-09 12:42:34,740 -     [P4.2] Pair (0,5) giảm 2 -> BEST = 598
2026-05-09 12:42:34,916 -   --- Pairwise Iter 9 (còn 1638s) ---
2026-05-09 12:44:16,441 -     [P4.2] Pair (3,5) giảm 4 -> BEST = 594
2026-05-09 12:44:16,667 -   --- Pairwise Iter 10 (còn 1536s) ---
2026-05-09 12:46:13,681 -     [P4.2] Pair (3,4) giảm 6 -> BEST = 588
2026-05-09 12:46:13,716 -   --- Pairwise Iter 11 (còn 1419s) ---
2026-05-09 12:46:25,638 -     [P4.2] Pair (2,3) giảm 6 -> BEST = 582
2026-05-09 12:46:25,723 -   --- Pairwise Iter 12 (còn 1407s) ---
2026-05-09 12:46:37,023 -     [P4.2] Pair (2,6) giảm 2 -> BEST = 580
2026-05-09 12:46:37,078 -   --- Pairwise Iter 13 (còn 1396s) ---
2026-05-09 12:46:54,661 -     [P4.2] Pair (1,2) giảm 5 -> BEST = 575
2026-05-09 12:46:54,716 -   --- Pairwise Iter 14 (còn 1378s) ---
2026-05-09 12:47:01,222 -     [P4.2] Pair (2,3) giảm 9 -> BEST = 566
2026-05-09 12:47:01,247 -   --- Pairwise Iter 15 (còn 1372s) ---
2026-05-09 12:47:23,685 -     -> Đã đạt cực trị toàn cục cho mọi cặp dưới ngưỡng. KẾT THÚC CHẶNG 4.
2026-05-09 12:47:23,686 - Hoàn thành trong 450.8s. Final Cost: 566
2026-05-09 12:47:23,686 - ======================================================================
2026-05-09 12:47:23,686 - BÁO CÁO TỔNG KẾT (SUMMARY)
2026-05-09 12:47:23,686 - ======================================================================
2026-05-09 12:47:23,686 -   1. Chi phí Clarke-Wright:     799
2026-05-09 12:47:23,686 -   2. Chi phí sau Gurobi MIP:    566
2026-05-09 12:47:23,686 -   => TỔNG CẢI THIỆN:            233
2026-05-09 12:47:23,686 -   => Số lần Gurobi Single cải thiện  : 5 lần
2026-05-09 12:47:23,686 -   => Số lần Gurobi Pairwise cải thiện: 14 lần
2026-05-09 12:47:23,686 -   => TỔNG THỜI GIAN CHẠY:       450.808s
2026-05-09 12:47:23,687 - ======================================================================
2026-05-09 12:47:23,687 - GUROBI MIP SOLVER  |  FILE: P-n50-k8.vrp
2026-05-09 12:47:23,687 - ======================================================================
2026-05-09 12:47:23,691 - Thông tin dữ liệu: Dimension=50, K=8, Capacity=120
2026-05-09 12:47:23,691 - --- Step 1: Clarke-Wright Heuristic ---
2026-05-09 12:47:23,693 -   Kết quả CW: Cost = 936, Time = 0.002s
2026-05-09 12:47:23,693 - --- Step 2: Advanced Optimization (Gurobi MIP) ---
2026-05-09 12:47:23,693 - =========================================
2026-05-09 12:47:23,693 - BẮT ĐẦU OPTIMIZE  (100% Gurobi MIP)
2026-05-09 12:47:23,693 -  -> Max Single Size  : 25
2026-05-09 12:47:23,693 -  -> Single Timeout   : 60.0s
2026-05-09 12:47:23,693 -  -> Max Pairwise Size: 31
2026-05-09 12:47:23,693 -  -> Pairwise Timeout : 125.0s
2026-05-09 12:47:23,693 -  -> Global Timeout   : 1800.0s
2026-05-09 12:47:23,693 -  -> Chi phí khởi điểm: 936
2026-05-09 12:47:23,693 - =========================================
2026-05-09 12:47:23,693 - === BẮT ĐẦU CHẶNG 4: GUROBI MIP CHÍNH XÁC | Cost: 936 ===
2026-05-09 12:47:23,693 -   [GĐ 4.1] Giải bài toán TSP trên từng tuyến đơn...
2026-05-09 12:47:23,921 -     -> Single Gurobi cải thiện: 119. Cost mới: 817
2026-05-09 12:47:23,921 -   [GĐ 4.2] Xét từng cặp tuyến để phân bổ lại khách hàng...
2026-05-09 12:47:23,922 -   --- Pairwise Iter 1 (còn 1800s) ---
2026-05-09 12:47:24,509 -     [P4.2] Pair (0,5) giảm 8 -> BEST = 809
2026-05-09 12:47:24,533 -   --- Pairwise Iter 2 (còn 1799s) ---
2026-05-09 12:47:25,740 -     [P4.2] Pair (0,6) giảm 10 -> BEST = 799
2026-05-09 12:47:25,764 -   --- Pairwise Iter 3 (còn 1798s) ---
2026-05-09 12:47:26,302 -     [P4.2] Pair (0,5) giảm 2 -> BEST = 797
2026-05-09 12:47:26,336 -   --- Pairwise Iter 4 (còn 1797s) ---
2026-05-09 12:47:26,611 -     [P4.2] Pair (3,6) giảm 8 -> BEST = 789
2026-05-09 12:47:26,635 -   --- Pairwise Iter 5 (còn 1797s) ---
2026-05-09 12:47:27,265 -     [P4.2] Pair (4,5) giảm 9 -> BEST = 780
2026-05-09 12:47:27,289 -   --- Pairwise Iter 6 (còn 1796s) ---
2026-05-09 12:47:28,131 -     [P4.2] Pair (4,7) giảm 22 -> BEST = 758
2026-05-09 12:47:28,646 -   --- Pairwise Iter 7 (còn 1795s) ---
2026-05-09 12:47:30,107 -     [P4.2] Pair (0,3) giảm 37 -> BEST = 721
2026-05-09 12:47:30,131 -   --- Pairwise Iter 8 (còn 1794s) ---
2026-05-09 12:47:32,200 -     [P4.2] Pair (1,7) giảm 12 -> BEST = 709
2026-05-09 12:47:32,234 -   --- Pairwise Iter 9 (còn 1791s) ---
2026-05-09 12:47:33,175 -     [P4.2] Pair (1,4) giảm 7 -> BEST = 702
2026-05-09 12:47:33,200 -   --- Pairwise Iter 10 (còn 1790s) ---
2026-05-09 12:47:36,077 -     [P4.2] Pair (5,6) giảm 10 -> BEST = 692
2026-05-09 12:47:36,122 -   --- Pairwise Iter 11 (còn 1788s) ---
2026-05-09 12:47:36,974 -     [P4.2] Pair (3,5) giảm 7 -> BEST = 685
2026-05-09 12:47:36,998 -   --- Pairwise Iter 12 (còn 1787s) ---
2026-05-09 12:47:40,097 -     [P4.2] Pair (0,6) giảm 6 -> BEST = 679
2026-05-09 12:47:40,152 -   --- Pairwise Iter 13 (còn 1784s) ---
2026-05-09 12:47:43,477 -     [P4.2] Pair (5,6) giảm 5 -> BEST = 674
2026-05-09 12:47:43,512 -   --- Pairwise Iter 14 (còn 1780s) ---
2026-05-09 12:47:43,908 -     [P4.2] Pair (0,5) giảm 1 -> BEST = 673
2026-05-09 12:47:43,932 -   --- Pairwise Iter 15 (còn 1780s) ---
2026-05-09 12:47:53,236 -     [P4.2] Pair (3,7) giảm 11 -> BEST = 662
2026-05-09 12:47:53,290 -   --- Pairwise Iter 16 (còn 1770s) ---
2026-05-09 12:48:05,534 -     -> Đã đạt cực trị toàn cục cho mọi cặp dưới ngưỡng. KẾT THÚC CHẶNG 4.
2026-05-09 12:48:05,535 - Hoàn thành trong 41.8s. Final Cost: 662
2026-05-09 12:48:05,535 - ======================================================================
2026-05-09 12:48:05,535 - BÁO CÁO TỔNG KẾT (SUMMARY)
2026-05-09 12:48:05,535 - ======================================================================
2026-05-09 12:48:05,535 -   1. Chi phí Clarke-Wright:     936
2026-05-09 12:48:05,535 -   2. Chi phí sau Gurobi MIP:    662
2026-05-09 12:48:05,535 -   => TỔNG CẢI THIỆN:            274
2026-05-09 12:48:05,535 -   => Số lần Gurobi Single cải thiện  : 6 lần
2026-05-09 12:48:05,535 -   => Số lần Gurobi Pairwise cải thiện: 15 lần
2026-05-09 12:48:05,535 -   => TỔNG THỜI GIAN CHẠY:       41.844s
2026-05-09 12:48:05,536 - ======================================================================
2026-05-09 12:48:05,536 - GUROBI MIP SOLVER  |  FILE: P-n51-k10.vrp
2026-05-09 12:48:05,536 - ======================================================================
2026-05-09 12:48:05,540 - Thông tin dữ liệu: Dimension=51, K=10, Capacity=80
2026-05-09 12:48:05,540 - --- Step 1: Clarke-Wright Heuristic ---
2026-05-09 12:48:05,542 -   Kết quả CW: Cost = 978, Time = 0.002s
2026-05-09 12:48:05,542 - --- Step 2: Advanced Optimization (Gurobi MIP) ---
2026-05-09 12:48:05,542 - =========================================
2026-05-09 12:48:05,542 - BẮT ĐẦU OPTIMIZE  (100% Gurobi MIP)
2026-05-09 12:48:05,542 -  -> Max Single Size  : 25
2026-05-09 12:48:05,542 -  -> Single Timeout   : 60.0s
2026-05-09 12:48:05,542 -  -> Max Pairwise Size: 25
2026-05-09 12:48:05,542 -  -> Pairwise Timeout : 120.0s
2026-05-09 12:48:05,542 -  -> Global Timeout   : 1800.0s
2026-05-09 12:48:05,542 -  -> Chi phí khởi điểm: 978
2026-05-09 12:48:05,542 - =========================================
2026-05-09 12:48:05,542 - === BẮT ĐẦU CHẶNG 4: GUROBI MIP CHÍNH XÁC | Cost: 978 ===
2026-05-09 12:48:05,542 -   [GĐ 4.1] Giải bài toán TSP trên từng tuyến đơn...
2026-05-09 12:48:05,733 -     -> Single Gurobi cải thiện: 43. Cost mới: 935
2026-05-09 12:48:05,733 -   [GĐ 4.2] Xét từng cặp tuyến để phân bổ lại khách hàng...
2026-05-09 12:48:05,733 -   --- Pairwise Iter 1 (còn 1800s) ---
2026-05-09 12:48:05,908 -     [P4.2] Pair (2,8) giảm 31 -> BEST = 904
2026-05-09 12:48:05,932 -   --- Pairwise Iter 2 (còn 1800s) ---
2026-05-09 12:48:06,208 -     [P4.2] Pair (0,3) giảm 11 -> BEST = 893
2026-05-09 12:48:06,233 -   --- Pairwise Iter 3 (còn 1799s) ---
2026-05-09 12:48:07,258 -     [P4.2] Pair (0,2) giảm 5 -> BEST = 888
2026-05-09 12:48:07,293 -   --- Pairwise Iter 4 (còn 1798s) ---
2026-05-09 12:48:09,338 -     [P4.2] Pair (2,3) giảm 21 -> BEST = 867
2026-05-09 12:48:09,363 -   --- Pairwise Iter 5 (còn 1796s) ---
2026-05-09 12:48:09,641 -     [P4.2] Pair (0,2) giảm 6 -> BEST = 861
2026-05-09 12:48:09,686 -   --- Pairwise Iter 6 (còn 1796s) ---
2026-05-09 12:48:11,665 -     [P4.2] Pair (4,5) giảm 24 -> BEST = 837
2026-05-09 12:48:11,730 -   --- Pairwise Iter 7 (còn 1794s) ---
2026-05-09 12:48:13,296 -     [P4.2] Pair (5,8) giảm 20 -> BEST = 817
2026-05-09 12:48:13,320 -   --- Pairwise Iter 8 (còn 1792s) ---
2026-05-09 12:48:17,143 -     [P4.2] Pair (4,6) giảm 2 -> BEST = 815
2026-05-09 12:48:17,177 -   --- Pairwise Iter 9 (còn 1788s) ---
2026-05-09 12:48:21,580 -     [P4.2] Pair (0,6) giảm 1 -> BEST = 814
2026-05-09 12:48:21,604 -   --- Pairwise Iter 10 (còn 1784s) ---
2026-05-09 12:48:24,818 -     [P4.2] Pair (8,9) giảm 9 -> BEST = 805
2026-05-09 12:48:24,842 -   --- Pairwise Iter 11 (còn 1781s) ---
2026-05-09 12:48:26,439 -     [P4.2] Pair (2,9) giảm 1 -> BEST = 804
2026-05-09 12:48:26,463 -   --- Pairwise Iter 12 (còn 1779s) ---
2026-05-09 12:48:30,663 -     [P4.2] Pair (0,1) giảm 4 -> BEST = 800
2026-05-09 12:48:30,707 -   --- Pairwise Iter 13 (còn 1775s) ---
2026-05-09 12:48:31,915 -     [P4.2] Pair (1,6) giảm 5 -> BEST = 795
2026-05-09 12:48:31,959 -   --- Pairwise Iter 14 (còn 1774s) ---
2026-05-09 12:48:32,796 -     [P4.2] Pair (1,7) giảm 2 -> BEST = 793
2026-05-09 12:48:32,820 -   --- Pairwise Iter 15 (còn 1773s) ---
2026-05-09 12:48:36,196 -     [P4.2] Pair (0,6) giảm 11 -> BEST = 782
2026-05-09 12:48:36,281 -   --- Pairwise Iter 16 (còn 1769s) ---
2026-05-09 12:48:49,776 -     -> Đã đạt cực trị toàn cục cho mọi cặp dưới ngưỡng. KẾT THÚC CHẶNG 4.
2026-05-09 12:48:49,776 - Hoàn thành trong 44.2s. Final Cost: 782
2026-05-09 12:48:49,776 - ======================================================================
2026-05-09 12:48:49,776 - BÁO CÁO TỔNG KẾT (SUMMARY)
2026-05-09 12:48:49,776 - ======================================================================
2026-05-09 12:48:49,776 -   1. Chi phí Clarke-Wright:     978
2026-05-09 12:48:49,776 -   2. Chi phí sau Gurobi MIP:    782
2026-05-09 12:48:49,776 -   => TỔNG CẢI THIỆN:            196
2026-05-09 12:48:49,776 -   => Số lần Gurobi Single cải thiện  : 6 lần
2026-05-09 12:48:49,776 -   => Số lần Gurobi Pairwise cải thiện: 15 lần
2026-05-09 12:48:49,776 -   => TỔNG THỜI GIAN CHẠY:       44.236s
2026-05-09 12:48:49,777 - ======================================================================
2026-05-09 12:48:49,777 - GUROBI MIP SOLVER  |  FILE: P-n55-k15.vrp
2026-05-09 12:48:49,777 - ======================================================================
2026-05-09 12:48:49,782 - Thông tin dữ liệu: Dimension=55, K=15, Capacity=70
2026-05-09 12:48:49,782 - --- Step 1: Clarke-Wright Heuristic ---
2026-05-09 12:48:49,791 -     [CW-Phase4] BFD thất bại với 1 khách hàng. Kích hoạt Backtracking (Giảm depth dần)...
2026-05-09 12:48:49,791 -       -> Thử hoán đổi với depth=3 (Limit: 10s)...
2026-05-09 12:48:49,792 -     [CW-Phase4] HOÀN HẢO! Backtracking thành công tại depth=3.
2026-05-09 12:48:49,792 -   Kết quả CW: Cost = 1966, Time = 0.010s
2026-05-09 12:48:49,792 - --- Step 2: Advanced Optimization (Gurobi MIP) ---
2026-05-09 12:48:49,792 - =========================================
2026-05-09 12:48:49,792 - BẮT ĐẦU OPTIMIZE  (100% Gurobi MIP)
2026-05-09 12:48:49,792 -  -> Max Single Size  : 25
2026-05-09 12:48:49,792 -  -> Single Timeout   : 60.0s
2026-05-09 12:48:49,792 -  -> Max Pairwise Size: 25
2026-05-09 12:48:49,792 -  -> Pairwise Timeout : 120.0s
2026-05-09 12:48:49,792 -  -> Global Timeout   : 1800.0s
2026-05-09 12:48:49,792 -  -> Chi phí khởi điểm: 1966
2026-05-09 12:48:49,792 - =========================================
2026-05-09 12:48:49,793 - === BẮT ĐẦU CHẶNG 4: GUROBI MIP CHÍNH XÁC | Cost: 1966 ===
2026-05-09 12:48:49,793 -   [GĐ 4.1] Giải bài toán TSP trên từng tuyến đơn...
2026-05-09 12:48:49,973 -     -> Single Gurobi cải thiện: 407. Cost mới: 1559
2026-05-09 12:48:49,973 -   [GĐ 4.2] Xét từng cặp tuyến để phân bổ lại khách hàng...
2026-05-09 12:48:49,973 -   --- Pairwise Iter 1 (còn 1800s) ---
2026-05-09 12:48:50,560 -     [P4.2] Pair (9,14) giảm 33 -> BEST = 1526
2026-05-09 12:48:50,604 -   --- Pairwise Iter 2 (còn 1799s) ---
2026-05-09 12:48:50,861 -     [P4.2] Pair (5,14) giảm 25 -> BEST = 1501
2026-05-09 12:48:50,885 -   --- Pairwise Iter 3 (còn 1799s) ---
2026-05-09 12:48:51,553 -     [P4.2] Pair (10,12) giảm 50 -> BEST = 1451
2026-05-09 12:48:51,577 -   --- Pairwise Iter 4 (còn 1798s) ---
2026-05-09 12:48:51,650 -     [P4.2] Pair (4,10) giảm 7 -> BEST = 1444
2026-05-09 12:48:51,675 -   --- Pairwise Iter 5 (còn 1798s) ---
2026-05-09 12:48:52,547 -     [P4.2] Pair (11,12) giảm 18 -> BEST = 1426
2026-05-09 12:48:52,571 -   --- Pairwise Iter 6 (còn 1797s) ---
2026-05-09 12:48:53,156 -     [P4.2] Pair (4,12) giảm 15 -> BEST = 1411
2026-05-09 12:48:53,181 -   --- Pairwise Iter 7 (còn 1797s) ---
2026-05-09 12:48:53,532 -     [P4.2] Pair (2,12) giảm 28 -> BEST = 1383
2026-05-09 12:48:53,556 -   --- Pairwise Iter 8 (còn 1796s) ---
2026-05-09 12:48:53,754 -     [P4.2] Pair (2,4) giảm 23 -> BEST = 1360
2026-05-09 12:48:53,779 -   --- Pairwise Iter 9 (còn 1796s) ---
2026-05-09 12:48:54,481 -     [P4.2] Pair (4,10) giảm 4 -> BEST = 1356
2026-05-09 12:48:54,516 -   --- Pairwise Iter 10 (còn 1795s) ---
2026-05-09 12:48:55,364 -     [P4.2] Pair (2,9) giảm 12 -> BEST = 1344
2026-05-09 12:48:55,388 -   --- Pairwise Iter 11 (còn 1794s) ---
2026-05-09 12:48:56,573 -     [P4.2] Pair (8,12) giảm 20 -> BEST = 1324
2026-05-09 12:48:56,597 -   --- Pairwise Iter 12 (còn 1793s) ---
2026-05-09 12:48:58,314 -     [P4.2] Pair (3,12) giảm 2 -> BEST = 1322
2026-05-09 12:48:58,338 -   --- Pairwise Iter 13 (còn 1791s) ---
2026-05-09 12:49:00,637 -     [P4.2] Pair (5,12) giảm 7 -> BEST = 1315
2026-05-09 12:49:00,661 -   --- Pairwise Iter 14 (còn 1789s) ---
2026-05-09 12:49:02,910 -     [P4.2] Pair (7,13) giảm 8 -> BEST = 1307
2026-05-09 12:49:02,935 -   --- Pairwise Iter 15 (còn 1787s) ---
2026-05-09 12:49:04,783 -     [P4.2] Pair (8,13) giảm 34 -> BEST = 1273
2026-05-09 12:49:04,807 -   --- Pairwise Iter 16 (còn 1785s) ---
2026-05-09 12:49:05,840 -     [P4.2] Pair (7,13) giảm 20 -> BEST = 1253
2026-05-09 12:49:05,864 -   --- Pairwise Iter 17 (còn 1784s) ---
2026-05-09 12:49:07,790 -     [P4.2] Pair (1,7) giảm 30 -> BEST = 1223
2026-05-09 12:49:07,815 -   --- Pairwise Iter 18 (còn 1782s) ---
2026-05-09 12:49:08,650 -     [P4.2] Pair (1,13) giảm 6 -> BEST = 1217
2026-05-09 12:49:08,674 -   --- Pairwise Iter 19 (còn 1781s) ---
2026-05-09 12:49:10,989 -     [P4.2] Pair (8,9) giảm 9 -> BEST = 1208
2026-05-09 12:49:11,013 -   --- Pairwise Iter 20 (còn 1779s) ---
2026-05-09 12:49:12,366 -     [P4.2] Pair (1,8) giảm 4 -> BEST = 1204
2026-05-09 12:49:12,391 -   --- Pairwise Iter 21 (còn 1777s) ---
2026-05-09 12:49:14,114 -     [P4.2] Pair (8,9) giảm 2 -> BEST = 1202
2026-05-09 12:49:14,139 -   --- Pairwise Iter 22 (còn 1776s) ---
2026-05-09 12:49:14,696 -     [P4.2] Pair (9,14) giảm 4 -> BEST = 1198
2026-05-09 12:49:14,720 -   --- Pairwise Iter 23 (còn 1775s) ---
2026-05-09 12:49:14,957 -     [P4.2] Pair (9,12) giảm 2 -> BEST = 1196
2026-05-09 12:49:14,981 -   --- Pairwise Iter 24 (còn 1775s) ---
2026-05-09 12:49:15,414 -     [P4.2] Pair (9,11) giảm 11 -> BEST = 1185
2026-05-09 12:49:15,448 -   --- Pairwise Iter 25 (còn 1774s) ---
2026-05-09 12:49:17,014 -     [P4.2] Pair (1,7) giảm 14 -> BEST = 1171
2026-05-09 12:49:17,038 -   --- Pairwise Iter 26 (còn 1773s) ---
2026-05-09 12:49:19,751 -     [P4.2] Pair (2,12) giảm 2 -> BEST = 1169
2026-05-09 12:49:19,775 -   --- Pairwise Iter 27 (còn 1770s) ---
2026-05-09 12:49:23,134 -     [P4.2] Pair (2,8) giảm 6 -> BEST = 1163
2026-05-09 12:49:23,158 -   --- Pairwise Iter 28 (còn 1767s) ---
2026-05-09 12:49:24,937 -     [P4.2] Pair (1,8) giảm 3 -> BEST = 1160
2026-05-09 12:49:24,961 -   --- Pairwise Iter 29 (còn 1765s) ---
2026-05-09 12:49:27,223 -     [P4.2] Pair (8,13) giảm 4 -> BEST = 1156
2026-05-09 12:49:27,248 -   --- Pairwise Iter 30 (còn 1763s) ---
2026-05-09 12:49:31,101 -     [P4.2] Pair (11,12) giảm 4 -> BEST = 1152
2026-05-09 12:49:31,126 -   --- Pairwise Iter 31 (còn 1759s) ---
2026-05-09 12:49:35,452 -     [P4.2] Pair (5,9) giảm 4 -> BEST = 1148
2026-05-09 12:49:35,477 -   --- Pairwise Iter 32 (còn 1754s) ---
2026-05-09 12:49:36,731 -     [P4.2] Pair (3,9) giảm 15 -> BEST = 1133
2026-05-09 12:49:36,756 -   --- Pairwise Iter 33 (còn 1753s) ---
2026-05-09 12:49:39,923 -     [P4.2] Pair (2,5) giảm 14 -> BEST = 1119
2026-05-09 12:49:39,947 -   --- Pairwise Iter 34 (còn 1750s) ---
2026-05-09 12:49:43,873 -     [P4.2] Pair (9,11) giảm 13 -> BEST = 1106
2026-05-09 12:49:43,907 -   --- Pairwise Iter 35 (còn 1746s) ---
2026-05-09 12:49:48,263 -     [P4.2] Pair (13,14) giảm 2 -> BEST = 1104
2026-05-09 12:49:48,287 -   --- Pairwise Iter 36 (còn 1742s) ---
2026-05-09 12:49:49,808 -     [P4.2] Pair (1,13) giảm 4 -> BEST = 1100
2026-05-09 12:49:49,833 -   --- Pairwise Iter 37 (còn 1740s) ---
2026-05-09 12:49:53,263 -     [P4.2] Pair (10,14) giảm 14 -> BEST = 1086
2026-05-09 12:49:53,287 -   --- Pairwise Iter 38 (còn 1737s) ---
2026-05-09 12:49:57,200 -     [P4.2] Pair (10,13) giảm 4 -> BEST = 1082
2026-05-09 12:49:57,225 -   --- Pairwise Iter 39 (còn 1733s) ---
2026-05-09 12:49:58,477 -     [P4.2] Pair (1,13) giảm 9 -> BEST = 1073
2026-05-09 12:49:58,511 -   --- Pairwise Iter 40 (còn 1731s) ---
2026-05-09 12:50:08,263 -     -> Đã đạt cực trị toàn cục cho mọi cặp dưới ngưỡng. KẾT THÚC CHẶNG 4.
2026-05-09 12:50:08,263 - Hoàn thành trong 78.5s. Final Cost: 1073
2026-05-09 12:50:08,263 - ======================================================================
2026-05-09 12:50:08,263 - BÁO CÁO TỔNG KẾT (SUMMARY)
2026-05-09 12:50:08,264 - ======================================================================
2026-05-09 12:50:08,264 -   1. Chi phí Clarke-Wright:     1966
2026-05-09 12:50:08,264 -   2. Chi phí sau Gurobi MIP:    1073
2026-05-09 12:50:08,264 -   => TỔNG CẢI THIỆN:            893
2026-05-09 12:50:08,264 -   => Số lần Gurobi Single cải thiện  : 13 lần
2026-05-09 12:50:08,264 -   => Số lần Gurobi Pairwise cải thiện: 39 lần
2026-05-09 12:50:08,264 -   => TỔNG THỜI GIAN CHẠY:       78.481s
2026-05-09 12:50:08,265 - ======================================================================
2026-05-09 12:50:08,265 - GUROBI MIP SOLVER  |  FILE: P-n55-k8.vrp
2026-05-09 12:50:08,265 - ======================================================================
2026-05-09 12:50:08,269 - Thông tin dữ liệu: Dimension=55, K=8, Capacity=160
2026-05-09 12:50:08,269 - --- Step 1: Clarke-Wright Heuristic ---
2026-05-09 12:50:08,272 -   Kết quả CW: Cost = 759, Time = 0.003s
2026-05-09 12:50:08,272 - --- Step 2: Advanced Optimization (Gurobi MIP) ---
2026-05-09 12:50:08,272 - =========================================
2026-05-09 12:50:08,272 - BẮT ĐẦU OPTIMIZE  (100% Gurobi MIP)
2026-05-09 12:50:08,272 -  -> Max Single Size  : 25
2026-05-09 12:50:08,272 -  -> Single Timeout   : 60.0s
2026-05-09 12:50:08,272 -  -> Max Pairwise Size: 34
2026-05-09 12:50:08,272 -  -> Pairwise Timeout : 138.0s
2026-05-09 12:50:08,272 -  -> Global Timeout   : 1800.0s
2026-05-09 12:50:08,272 -  -> Chi phí khởi điểm: 759
2026-05-09 12:50:08,272 - =========================================
2026-05-09 12:50:08,272 - === BẮT ĐẦU CHẶNG 4: GUROBI MIP CHÍNH XÁC | Cost: 759 ===
2026-05-09 12:50:08,272 -   [GĐ 4.1] Giải bài toán TSP trên từng tuyến đơn...
2026-05-09 12:50:08,550 -     -> Single Gurobi cải thiện: 57. Cost mới: 702
2026-05-09 12:50:08,551 -   [GĐ 4.2] Xét từng cặp tuyến để phân bổ lại khách hàng...
2026-05-09 12:50:08,551 -   --- Pairwise Iter 1 (còn 1800s) ---
2026-05-09 12:50:14,524 -     [P4.2] Pair (5,6) giảm 11 -> BEST = 691
2026-05-09 12:50:14,619 -   --- Pairwise Iter 2 (còn 1794s) ---
2026-05-09 12:50:27,790 -     [P4.2] Pair (3,7) giảm 35 -> BEST = 656
2026-05-09 12:50:27,835 -   --- Pairwise Iter 3 (còn 1780s) ---
2026-05-09 12:50:40,483 -     [P4.2] Pair (0,1) giảm 18 -> BEST = 638
2026-05-09 12:50:40,588 -   --- Pairwise Iter 4 (còn 1768s) ---
2026-05-09 12:51:00,110 -     [P4.2] Pair (0,7) giảm 1 -> BEST = 637
2026-05-09 12:51:00,235 -   --- Pairwise Iter 5 (còn 1748s) ---
2026-05-09 12:51:27,039 -     [P4.2] Pair (1,2) giảm 8 -> BEST = 629
2026-05-09 12:51:27,073 -   --- Pairwise Iter 6 (còn 1721s) ---
2026-05-09 12:52:00,989 -     [P4.2] Pair (1,4) giảm 6 -> BEST = 623
2026-05-09 12:52:01,053 -   --- Pairwise Iter 7 (còn 1687s) ---
2026-05-09 12:52:28,193 -     [P4.2] Pair (2,4) giảm 3 -> BEST = 620
2026-05-09 12:52:28,237 -   --- Pairwise Iter 8 (còn 1660s) ---
2026-05-09 12:52:51,878 -     [P4.2] Pair (1,2) giảm 9 -> BEST = 611
2026-05-09 12:52:51,923 -   --- Pairwise Iter 9 (còn 1636s) ---
2026-05-09 12:53:41,916 -     -> Đã đạt cực trị toàn cục cho mọi cặp dưới ngưỡng. KẾT THÚC CHẶNG 4.
2026-05-09 12:53:41,916 - Hoàn thành trong 213.6s. Final Cost: 611
2026-05-09 12:53:41,916 - ======================================================================
2026-05-09 12:53:41,916 - BÁO CÁO TỔNG KẾT (SUMMARY)
2026-05-09 12:53:41,916 - ======================================================================
2026-05-09 12:53:41,917 -   1. Chi phí Clarke-Wright:     759
2026-05-09 12:53:41,917 -   2. Chi phí sau Gurobi MIP:    611
2026-05-09 12:53:41,917 -   => TỔNG CẢI THIỆN:            148
2026-05-09 12:53:41,917 -   => Số lần Gurobi Single cải thiện  : 6 lần
2026-05-09 12:53:41,917 -   => Số lần Gurobi Pairwise cải thiện: 8 lần
2026-05-09 12:53:41,917 -   => TỔNG THỜI GIAN CHẠY:       213.647s
2026-05-09 12:53:41,917 - ======================================================================
2026-05-09 12:53:41,918 - GUROBI MIP SOLVER  |  FILE: P-n55-k10.vrp
2026-05-09 12:53:41,918 - ======================================================================
2026-05-09 12:53:41,922 - Thông tin dữ liệu: Dimension=55, K=10, Capacity=115
2026-05-09 12:53:41,922 - --- Step 1: Clarke-Wright Heuristic ---
2026-05-09 12:53:41,925 -   Kết quả CW: Cost = 919, Time = 0.003s
2026-05-09 12:53:41,925 - --- Step 2: Advanced Optimization (Gurobi MIP) ---
2026-05-09 12:53:41,925 - =========================================
2026-05-09 12:53:41,925 - BẮT ĐẦU OPTIMIZE  (100% Gurobi MIP)
2026-05-09 12:53:41,925 -  -> Max Single Size  : 25
2026-05-09 12:53:41,925 -  -> Single Timeout   : 60.0s
2026-05-09 12:53:41,925 -  -> Max Pairwise Size: 27
2026-05-09 12:53:41,925 -  -> Pairwise Timeout : 120.0s
2026-05-09 12:53:41,925 -  -> Global Timeout   : 1800.0s
2026-05-09 12:53:41,925 -  -> Chi phí khởi điểm: 919
2026-05-09 12:53:41,925 - =========================================
2026-05-09 12:53:41,925 - === BẮT ĐẦU CHẶNG 4: GUROBI MIP CHÍNH XÁC | Cost: 919 ===
2026-05-09 12:53:41,925 -   [GĐ 4.1] Giải bài toán TSP trên từng tuyến đơn...
2026-05-09 12:53:42,136 -     -> Single Gurobi cải thiện: 41. Cost mới: 878
2026-05-09 12:53:42,136 -   [GĐ 4.2] Xét từng cặp tuyến để phân bổ lại khách hàng...
2026-05-09 12:53:42,136 -   --- Pairwise Iter 1 (còn 1800s) ---
2026-05-09 12:53:42,774 -     [P4.2] Pair (4,6) giảm 17 -> BEST = 861
2026-05-09 12:53:42,829 -   --- Pairwise Iter 2 (còn 1799s) ---
2026-05-09 12:53:43,802 -     [P4.2] Pair (2,6) giảm 25 -> BEST = 836
2026-05-09 12:53:43,837 -   --- Pairwise Iter 3 (còn 1798s) ---
2026-05-09 12:53:48,208 -     [P4.2] Pair (5,8) giảm 5 -> BEST = 831
2026-05-09 12:53:48,282 -   --- Pairwise Iter 4 (còn 1794s) ---
2026-05-09 12:53:53,391 -     [P4.2] Pair (1,3) giảm 12 -> BEST = 819
2026-05-09 12:53:53,416 -   --- Pairwise Iter 5 (còn 1789s) ---
2026-05-09 12:54:23,009 -     [P4.2] Pair (3,4) giảm 18 -> BEST = 801
2026-05-09 12:54:23,074 -   --- Pairwise Iter 6 (còn 1759s) ---
2026-05-09 12:54:51,651 -     [P4.2] Pair (0,9) giảm 41 -> BEST = 760
2026-05-09 12:54:51,676 -   --- Pairwise Iter 7 (còn 1730s) ---
2026-05-09 12:55:20,327 -     [P4.2] Pair (1,3) giảm 8 -> BEST = 752
2026-05-09 12:55:20,352 -   --- Pairwise Iter 8 (còn 1702s) ---
2026-05-09 12:55:33,015 -     [P4.2] Pair (3,4) giảm 1 -> BEST = 751
2026-05-09 12:55:33,070 -   --- Pairwise Iter 9 (còn 1689s) ---
2026-05-09 12:55:48,938 -     [P4.2] Pair (7,8) giảm 9 -> BEST = 742
2026-05-09 12:55:48,993 -   --- Pairwise Iter 10 (còn 1673s) ---
2026-05-09 12:55:49,963 -     [P4.2] Pair (5,8) giảm 2 -> BEST = 740
2026-05-09 12:55:49,988 -   --- Pairwise Iter 11 (còn 1672s) ---
2026-05-09 12:56:17,610 -     [P4.2] Pair (6,9) giảm 5 -> BEST = 735
2026-05-09 12:56:17,645 -   --- Pairwise Iter 12 (còn 1644s) ---
2026-05-09 12:56:31,948 -     [P4.2] Pair (1,6) giảm 15 -> BEST = 720
2026-05-09 12:56:31,972 -   --- Pairwise Iter 13 (còn 1630s) ---
2026-05-09 12:56:32,419 -     [P4.2] Pair (3,6) giảm 6 -> BEST = 714
2026-05-09 12:56:32,463 -   --- Pairwise Iter 14 (còn 1629s) ---
2026-05-09 12:56:42,777 -     [P4.2] Pair (3,4) giảm 6 -> BEST = 708
2026-05-09 12:56:42,822 -   --- Pairwise Iter 15 (còn 1619s) ---
2026-05-09 12:56:51,517 -     [P4.2] Pair (4,6) giảm 2 -> BEST = 706
2026-05-09 12:56:51,542 -   --- Pairwise Iter 16 (còn 1610s) ---
2026-05-09 12:57:00,943 -     [P4.2] Pair (3,5) giảm 1 -> BEST = 705
2026-05-09 12:57:00,978 -   --- Pairwise Iter 17 (còn 1601s) ---
2026-05-09 12:57:03,905 -     [P4.2] Pair (5,8) giảm 1 -> BEST = 704
2026-05-09 12:57:03,949 -   --- Pairwise Iter 18 (còn 1598s) ---
2026-05-09 12:57:25,134 -     -> Đã đạt cực trị toàn cục cho mọi cặp dưới ngưỡng. KẾT THÚC CHẶNG 4.
2026-05-09 12:57:25,134 - Hoàn thành trong 223.2s. Final Cost: 704
2026-05-09 12:57:25,134 - ======================================================================
2026-05-09 12:57:25,134 - BÁO CÁO TỔNG KẾT (SUMMARY)
2026-05-09 12:57:25,134 - ======================================================================
2026-05-09 12:57:25,134 -   1. Chi phí Clarke-Wright:     919
2026-05-09 12:57:25,134 -   2. Chi phí sau Gurobi MIP:    704
2026-05-09 12:57:25,134 -   => TỔNG CẢI THIỆN:            215
2026-05-09 12:57:25,134 -   => Số lần Gurobi Single cải thiện  : 8 lần
2026-05-09 12:57:25,134 -   => Số lần Gurobi Pairwise cải thiện: 17 lần
2026-05-09 12:57:25,134 -   => TỔNG THỜI GIAN CHẠY:       223.212s
2026-05-09 12:57:25,139 - ======================================================================
2026-05-09 12:57:25,139 - GUROBI MIP SOLVER  |  FILE: P-n55-k7.vrp
2026-05-09 12:57:25,139 - ======================================================================
2026-05-09 12:57:25,152 - Thông tin dữ liệu: Dimension=55, K=7, Capacity=170
2026-05-09 12:57:25,152 - --- Step 1: Clarke-Wright Heuristic ---
2026-05-09 12:57:25,155 -   Kết quả CW: Cost = 720, Time = 0.003s
2026-05-09 12:57:25,155 - --- Step 2: Advanced Optimization (Gurobi MIP) ---
2026-05-09 12:57:25,155 - =========================================
2026-05-09 12:57:25,155 - BẮT ĐẦU OPTIMIZE  (100% Gurobi MIP)
2026-05-09 12:57:25,155 -  -> Max Single Size  : 27
2026-05-09 12:57:25,156 -  -> Single Timeout   : 60.0s
2026-05-09 12:57:25,156 -  -> Max Pairwise Size: 39
2026-05-09 12:57:25,156 -  -> Pairwise Timeout : 158.0s
2026-05-09 12:57:25,156 -  -> Global Timeout   : 1800.0s
2026-05-09 12:57:25,156 -  -> Chi phí khởi điểm: 720
2026-05-09 12:57:25,156 - =========================================
2026-05-09 12:57:25,156 - === BẮT ĐẦU CHẶNG 4: GUROBI MIP CHÍNH XÁC | Cost: 720 ===
2026-05-09 12:57:25,156 -   [GĐ 4.1] Giải bài toán TSP trên từng tuyến đơn...
2026-05-09 12:57:25,462 -     -> Single Gurobi cải thiện: 55. Cost mới: 665
2026-05-09 12:57:25,462 -   [GĐ 4.2] Xét từng cặp tuyến để phân bổ lại khách hàng...
2026-05-09 12:57:25,463 -   --- Pairwise Iter 1 (còn 1800s) ---
2026-05-09 12:57:32,222 -     [P4.2] Pair (5,6) giảm 11 -> BEST = 654
2026-05-09 12:57:32,297 -   --- Pairwise Iter 2 (còn 1793s) ---
2026-05-09 12:58:50,667 -     [P4.2] Pair (0,3) giảm 21 -> BEST = 633
2026-05-09 12:58:50,852 -   --- Pairwise Iter 3 (còn 1714s) ---
2026-05-09 13:00:09,996 -     [P4.2] Pair (3,6) giảm 3 -> BEST = 630
2026-05-09 13:00:10,041 -   --- Pairwise Iter 4 (còn 1635s) ---
2026-05-09 13:00:43,283 -     [P4.2] Pair (0,1) giảm 27 -> BEST = 603
2026-05-09 13:00:43,318 -   --- Pairwise Iter 5 (còn 1602s) ---
2026-05-09 13:01:09,816 -     [P4.2] Pair (1,6) giảm 1 -> BEST = 602
2026-05-09 13:01:09,850 -   --- Pairwise Iter 6 (còn 1575s) ---
2026-05-09 13:01:34,247 -     [P4.2] Pair (0,2) giảm 7 -> BEST = 595
2026-05-09 13:01:34,302 -   --- Pairwise Iter 7 (còn 1551s) ---
2026-05-09 13:02:09,251 -     [P4.2] Pair (0,4) giảm 16 -> BEST = 579
2026-05-09 13:02:09,356 -   --- Pairwise Iter 8 (còn 1516s) ---
2026-05-09 13:03:17,907 -     -> Đã đạt cực trị toàn cục cho mọi cặp dưới ngưỡng. KẾT THÚC CHẶNG 4.
2026-05-09 13:03:17,908 - Hoàn thành trong 352.8s. Final Cost: 579
2026-05-09 13:03:17,908 - ======================================================================
2026-05-09 13:03:17,908 - BÁO CÁO TỔNG KẾT (SUMMARY)
2026-05-09 13:03:17,908 - ======================================================================
2026-05-09 13:03:17,908 -   1. Chi phí Clarke-Wright:     720
2026-05-09 13:03:17,908 -   2. Chi phí sau Gurobi MIP:    579
2026-05-09 13:03:17,908 -   => TỔNG CẢI THIỆN:            141
2026-05-09 13:03:17,908 -   => Số lần Gurobi Single cải thiện  : 7 lần
2026-05-09 13:03:17,908 -   => Số lần Gurobi Pairwise cải thiện: 7 lần
2026-05-09 13:03:17,908 -   => TỔNG THỜI GIAN CHẠY:       352.755s
2026-05-09 13:03:17,913 - ======================================================================
2026-05-09 13:03:17,913 - GUROBI MIP SOLVER  |  FILE: P-n60-k15.vrp
2026-05-09 13:03:17,913 - ======================================================================
2026-05-09 13:03:17,927 - Thông tin dữ liệu: Dimension=60, K=15, Capacity=80
2026-05-09 13:03:17,927 - --- Step 1: Clarke-Wright Heuristic ---
2026-05-09 13:03:17,930 -   Kết quả CW: Cost = 1205, Time = 0.003s
2026-05-09 13:03:17,930 - --- Step 2: Advanced Optimization (Gurobi MIP) ---
2026-05-09 13:03:17,930 - =========================================
2026-05-09 13:03:17,930 - BẮT ĐẦU OPTIMIZE  (100% Gurobi MIP)
2026-05-09 13:03:17,931 -  -> Max Single Size  : 25
2026-05-09 13:03:17,931 -  -> Single Timeout   : 60.0s
2026-05-09 13:03:17,931 -  -> Max Pairwise Size: 25
2026-05-09 13:03:17,931 -  -> Pairwise Timeout : 120.0s
2026-05-09 13:03:17,931 -  -> Global Timeout   : 1800.0s
2026-05-09 13:03:17,931 -  -> Chi phí khởi điểm: 1205
2026-05-09 13:03:17,931 - =========================================
2026-05-09 13:03:17,931 - === BẮT ĐẦU CHẶNG 4: GUROBI MIP CHÍNH XÁC | Cost: 1205 ===
2026-05-09 13:03:17,931 -   [GĐ 4.1] Giải bài toán TSP trên từng tuyến đơn...
2026-05-09 13:03:18,162 -     -> Single Gurobi cải thiện: 24. Cost mới: 1181
2026-05-09 13:03:18,162 -   [GĐ 4.2] Xét từng cặp tuyến để phân bổ lại khách hàng...
2026-05-09 13:03:18,162 -   --- Pairwise Iter 1 (còn 1800s) ---
2026-05-09 13:03:18,621 -     [P4.2] Pair (3,14) giảm 8 -> BEST = 1173
2026-05-09 13:03:18,645 -   --- Pairwise Iter 2 (còn 1799s) ---
2026-05-09 13:03:19,379 -     [P4.2] Pair (3,10) giảm 8 -> BEST = 1165
2026-05-09 13:03:19,403 -   --- Pairwise Iter 3 (còn 1799s) ---
2026-05-09 13:03:20,178 -     [P4.2] Pair (2,6) giảm 1 -> BEST = 1164
2026-05-09 13:03:20,203 -   --- Pairwise Iter 4 (còn 1798s) ---
2026-05-09 13:03:21,010 -     [P4.2] Pair (2,14) giảm 17 -> BEST = 1147
2026-05-09 13:03:21,035 -   --- Pairwise Iter 5 (còn 1797s) ---
2026-05-09 13:03:22,176 -     [P4.2] Pair (2,3) giảm 13 -> BEST = 1134
2026-05-09 13:03:22,200 -   --- Pairwise Iter 6 (còn 1796s) ---
2026-05-09 13:03:22,883 -     [P4.2] Pair (2,10) giảm 5 -> BEST = 1129
2026-05-09 13:03:22,907 -   --- Pairwise Iter 7 (còn 1795s) ---
2026-05-09 13:03:24,281 -     [P4.2] Pair (2,4) giảm 7 -> BEST = 1122
2026-05-09 13:03:24,305 -   --- Pairwise Iter 8 (còn 1794s) ---
2026-05-09 13:03:26,097 -     [P4.2] Pair (3,12) giảm 13 -> BEST = 1109
2026-05-09 13:03:26,131 -   --- Pairwise Iter 9 (còn 1792s) ---
2026-05-09 13:03:27,921 -     [P4.2] Pair (3,4) giảm 17 -> BEST = 1092
2026-05-09 13:03:27,956 -   --- Pairwise Iter 10 (còn 1790s) ---
2026-05-09 13:03:30,030 -     [P4.2] Pair (4,12) giảm 1 -> BEST = 1091
2026-05-09 13:03:30,064 -   --- Pairwise Iter 11 (còn 1788s) ---
2026-05-09 13:03:32,556 -     [P4.2] Pair (0,5) giảm 5 -> BEST = 1086
2026-05-09 13:03:32,590 -   --- Pairwise Iter 12 (còn 1785s) ---
2026-05-09 13:03:35,289 -     [P4.2] Pair (3,10) giảm 3 -> BEST = 1083
2026-05-09 13:03:35,323 -   --- Pairwise Iter 13 (còn 1783s) ---
2026-05-09 13:03:35,477 -     [P4.2] Pair (3,14) giảm 16 -> BEST = 1067
2026-05-09 13:03:35,511 -   --- Pairwise Iter 14 (còn 1782s) ---
2026-05-09 13:03:38,391 -     [P4.2] Pair (3,6) giảm 1 -> BEST = 1066
2026-05-09 13:03:38,425 -   --- Pairwise Iter 15 (còn 1780s) ---
2026-05-09 13:03:39,213 -     [P4.2] Pair (6,14) giảm 7 -> BEST = 1059
2026-05-09 13:03:39,248 -   --- Pairwise Iter 16 (còn 1779s) ---
2026-05-09 13:03:40,168 -     [P4.2] Pair (10,14) giảm 1 -> BEST = 1058
2026-05-09 13:03:40,193 -   --- Pairwise Iter 17 (còn 1778s) ---
2026-05-09 13:03:42,989 -     [P4.2] Pair (6,9) giảm 4 -> BEST = 1054
2026-05-09 13:03:43,023 -   --- Pairwise Iter 18 (còn 1775s) ---
2026-05-09 13:03:47,165 -     [P4.2] Pair (0,4) giảm 8 -> BEST = 1046
2026-05-09 13:03:47,199 -   --- Pairwise Iter 19 (còn 1771s) ---
2026-05-09 13:03:50,287 -     [P4.2] Pair (4,5) giảm 8 -> BEST = 1038
2026-05-09 13:03:50,312 -   --- Pairwise Iter 20 (còn 1768s) ---
2026-05-09 13:03:50,841 -     [P4.2] Pair (4,13) giảm 10 -> BEST = 1028
2026-05-09 13:03:50,865 -   --- Pairwise Iter 21 (còn 1767s) ---
2026-05-09 13:03:53,987 -     [P4.2] Pair (3,4) giảm 3 -> BEST = 1025
2026-05-09 13:03:54,042 -   --- Pairwise Iter 22 (còn 1764s) ---
2026-05-09 13:03:59,316 -     [P4.2] Pair (1,13) giảm 14 -> BEST = 1011
2026-05-09 13:03:59,341 -   --- Pairwise Iter 23 (còn 1759s) ---
2026-05-09 13:04:05,602 -     [P4.2] Pair (4,13) giảm 3 -> BEST = 1008
2026-05-09 13:04:05,647 -   --- Pairwise Iter 24 (còn 1752s) ---
2026-05-09 13:04:18,157 -     -> Đã đạt cực trị toàn cục cho mọi cặp dưới ngưỡng. KẾT THÚC CHẶNG 4.
2026-05-09 13:04:18,157 - Hoàn thành trong 60.2s. Final Cost: 1008
2026-05-09 13:04:18,157 - ======================================================================
2026-05-09 13:04:18,157 - BÁO CÁO TỔNG KẾT (SUMMARY)
2026-05-09 13:04:18,157 - ======================================================================
2026-05-09 13:04:18,157 -   1. Chi phí Clarke-Wright:     1205
2026-05-09 13:04:18,157 -   2. Chi phí sau Gurobi MIP:    1008
2026-05-09 13:04:18,157 -   => TỔNG CẢI THIỆN:            197
2026-05-09 13:04:18,157 -   => Số lần Gurobi Single cải thiện  : 6 lần
2026-05-09 13:04:18,157 -   => Số lần Gurobi Pairwise cải thiện: 23 lần
2026-05-09 13:04:18,157 -   => TỔNG THỜI GIAN CHẠY:       60.230s
2026-05-09 13:04:18,162 - ======================================================================
2026-05-09 13:04:18,162 - GUROBI MIP SOLVER  |  FILE: P-n60-k10.vrp
2026-05-09 13:04:18,162 - ======================================================================
2026-05-09 13:04:18,172 - Thông tin dữ liệu: Dimension=60, K=10, Capacity=120
2026-05-09 13:04:18,172 - --- Step 1: Clarke-Wright Heuristic ---
2026-05-09 13:04:18,176 -   Kết quả CW: Cost = 981, Time = 0.003s
2026-05-09 13:04:18,176 - --- Step 2: Advanced Optimization (Gurobi MIP) ---
2026-05-09 13:04:18,176 - =========================================
2026-05-09 13:04:18,176 - BẮT ĐẦU OPTIMIZE  (100% Gurobi MIP)
2026-05-09 13:04:18,176 -  -> Max Single Size  : 25
2026-05-09 13:04:18,176 -  -> Single Timeout   : 60.0s
2026-05-09 13:04:18,176 -  -> Max Pairwise Size: 30
2026-05-09 13:04:18,176 -  -> Pairwise Timeout : 120.0s
2026-05-09 13:04:18,176 -  -> Global Timeout   : 1800.0s
2026-05-09 13:04:18,176 -  -> Chi phí khởi điểm: 981
2026-05-09 13:04:18,176 - =========================================
2026-05-09 13:04:18,176 - === BẮT ĐẦU CHẶNG 4: GUROBI MIP CHÍNH XÁC | Cost: 981 ===
2026-05-09 13:04:18,176 -   [GĐ 4.1] Giải bài toán TSP trên từng tuyến đơn...
2026-05-09 13:04:18,408 -     -> Single Gurobi cải thiện: 55. Cost mới: 926
2026-05-09 13:04:18,409 -   [GĐ 4.2] Xét từng cặp tuyến để phân bổ lại khách hàng...
2026-05-09 13:04:18,409 -   --- Pairwise Iter 1 (còn 1800s) ---
2026-05-09 13:04:22,750 -     [P4.2] Pair (4,7) giảm 12 -> BEST = 914
2026-05-09 13:04:22,804 -   --- Pairwise Iter 2 (còn 1795s) ---
2026-05-09 13:04:27,851 -     [P4.2] Pair (3,6) giảm 19 -> BEST = 895
2026-05-09 13:04:27,876 -   --- Pairwise Iter 3 (còn 1790s) ---
2026-05-09 13:04:37,860 -     [P4.2] Pair (4,8) giảm 15 -> BEST = 880
2026-05-09 13:04:37,905 -   --- Pairwise Iter 4 (còn 1780s) ---
2026-05-09 13:04:41,469 -     [P4.2] Pair (4,7) giảm 2 -> BEST = 878
2026-05-09 13:04:41,524 -   --- Pairwise Iter 5 (còn 1777s) ---
2026-05-09 13:04:52,103 -     [P4.2] Pair (7,8) giảm 3 -> BEST = 875
2026-05-09 13:04:52,198 -   --- Pairwise Iter 6 (còn 1766s) ---
2026-05-09 13:05:10,662 -     [P4.2] Pair (6,8) giảm 17 -> BEST = 858
2026-05-09 13:05:10,737 -   --- Pairwise Iter 7 (còn 1747s) ---
2026-05-09 13:05:35,061 -     [P4.2] Pair (0,9) giảm 7 -> BEST = 851
2026-05-09 13:05:35,105 -   --- Pairwise Iter 8 (còn 1723s) ---
2026-05-09 13:06:01,334 -     [P4.2] Pair (3,4) giảm 2 -> BEST = 849
2026-05-09 13:06:01,378 -   --- Pairwise Iter 9 (còn 1697s) ---
2026-05-09 13:06:02,127 -     [P4.2] Pair (4,8) giảm 29 -> BEST = 820
2026-05-09 13:06:02,182 -   --- Pairwise Iter 10 (còn 1696s) ---
2026-05-09 13:06:15,812 -     [P4.2] Pair (7,8) giảm 2 -> BEST = 818
2026-05-09 13:06:15,957 -   --- Pairwise Iter 11 (còn 1682s) ---
2026-05-09 13:06:18,421 -     [P4.2] Pair (4,7) giảm 15 -> BEST = 803
2026-05-09 13:06:18,465 -   --- Pairwise Iter 12 (còn 1680s) ---
2026-05-09 13:06:31,405 -     [P4.2] Pair (1,7) giảm 5 -> BEST = 798
2026-05-09 13:06:31,460 -   --- Pairwise Iter 13 (còn 1667s) ---
2026-05-09 13:06:42,753 -     [P4.2] Pair (5,7) giảm 16 -> BEST = 782
2026-05-09 13:06:42,818 -   --- Pairwise Iter 14 (còn 1655s) ---
2026-05-09 13:06:57,609 -     [P4.2] Pair (3,5) giảm 10 -> BEST = 772
2026-05-09 13:06:57,634 -   --- Pairwise Iter 15 (còn 1641s) ---
2026-05-09 13:07:27,498 -     -> Đã đạt cực trị toàn cục cho mọi cặp dưới ngưỡng. KẾT THÚC CHẶNG 4.
2026-05-09 13:07:27,498 - Hoàn thành trong 189.3s. Final Cost: 772
2026-05-09 13:07:27,498 - ======================================================================
2026-05-09 13:07:27,498 - BÁO CÁO TỔNG KẾT (SUMMARY)
2026-05-09 13:07:27,498 - ======================================================================
2026-05-09 13:07:27,498 -   1. Chi phí Clarke-Wright:     981
2026-05-09 13:07:27,498 -   2. Chi phí sau Gurobi MIP:    772
2026-05-09 13:07:27,499 -   => TỔNG CẢI THIỆN:            209
2026-05-09 13:07:27,499 -   => Số lần Gurobi Single cải thiện  : 7 lần
2026-05-09 13:07:27,499 -   => Số lần Gurobi Pairwise cải thiện: 14 lần
2026-05-09 13:07:27,499 -   => TỔNG THỜI GIAN CHẠY:       189.326s
2026-05-09 13:07:27,503 - ======================================================================
2026-05-09 13:07:27,503 - GUROBI MIP SOLVER  |  FILE: P-n65-k10.vrp
2026-05-09 13:07:27,503 - ======================================================================
2026-05-09 13:07:27,514 - Thông tin dữ liệu: Dimension=65, K=10, Capacity=130
2026-05-09 13:07:27,514 - --- Step 1: Clarke-Wright Heuristic ---
2026-05-09 13:07:27,518 -   Kết quả CW: Cost = 1044, Time = 0.004s
2026-05-09 13:07:27,518 - --- Step 2: Advanced Optimization (Gurobi MIP) ---
2026-05-09 13:07:27,518 - =========================================
2026-05-09 13:07:27,518 - BẮT ĐẦU OPTIMIZE  (100% Gurobi MIP)
2026-05-09 13:07:27,518 -  -> Max Single Size  : 25
2026-05-09 13:07:27,519 -  -> Single Timeout   : 60.0s
2026-05-09 13:07:27,519 -  -> Max Pairwise Size: 32
2026-05-09 13:07:27,519 -  -> Pairwise Timeout : 130.0s
2026-05-09 13:07:27,519 -  -> Global Timeout   : 1800.0s
2026-05-09 13:07:27,519 -  -> Chi phí khởi điểm: 1044
2026-05-09 13:07:27,519 - =========================================
2026-05-09 13:07:27,519 - === BẮT ĐẦU CHẶNG 4: GUROBI MIP CHÍNH XÁC | Cost: 1044 ===
2026-05-09 13:07:27,519 -   [GĐ 4.1] Giải bài toán TSP trên từng tuyến đơn...
2026-05-09 13:07:27,963 -     -> Single Gurobi cải thiện: 84. Cost mới: 960
2026-05-09 13:07:27,963 -   [GĐ 4.2] Xét từng cặp tuyến để phân bổ lại khách hàng...
2026-05-09 13:07:27,963 -   --- Pairwise Iter 1 (còn 1800s) ---
2026-05-09 13:07:30,195 -     [P4.2] Pair (4,6) giảm 7 -> BEST = 953
2026-05-09 13:07:30,219 -   --- Pairwise Iter 2 (còn 1797s) ---
2026-05-09 13:07:38,814 -     [P4.2] Pair (0,9) giảm 4 -> BEST = 949
2026-05-09 13:07:38,919 -   --- Pairwise Iter 3 (còn 1789s) ---
2026-05-09 13:07:43,378 -     [P4.2] Pair (3,4) giảm 32 -> BEST = 917
2026-05-09 13:07:43,442 -   --- Pairwise Iter 4 (còn 1784s) ---
2026-05-09 13:07:44,302 -     [P4.2] Pair (4,6) giảm 3 -> BEST = 914
2026-05-09 13:07:44,347 -   --- Pairwise Iter 5 (còn 1783s) ---
2026-05-09 13:07:48,013 -     [P4.2] Pair (3,6) giảm 7 -> BEST = 907
2026-05-09 13:07:48,047 -   --- Pairwise Iter 6 (còn 1779s) ---
2026-05-09 13:10:02,275 -     [P4.2] Pair (4,8) giảm 19 -> BEST = 888
2026-05-09 13:10:02,390 -   --- Pairwise Iter 7 (còn 1645s) ---
2026-05-09 13:10:05,580 -     [P4.2] Pair (6,8) giảm 9 -> BEST = 879
2026-05-09 13:10:05,604 -   --- Pairwise Iter 8 (còn 1642s) ---
2026-05-09 13:10:11,811 -     [P4.2] Pair (3,6) giảm 32 -> BEST = 847
2026-05-09 13:10:11,876 -   --- Pairwise Iter 9 (còn 1636s) ---
2026-05-09 13:10:12,424 -     [P4.2] Pair (3,8) giảm 3 -> BEST = 844
2026-05-09 13:10:12,448 -   --- Pairwise Iter 10 (còn 1635s) ---
2026-05-09 13:10:24,260 -     [P4.2] Pair (0,4) giảm 1 -> BEST = 843
2026-05-09 13:10:24,378 -   --- Pairwise Iter 11 (còn 1623s) ---
2026-05-09 13:10:35,529 -     [P4.2] Pair (5,6) giảm 10 -> BEST = 833
2026-05-09 13:10:35,584 -   --- Pairwise Iter 12 (còn 1612s) ---
2026-05-09 13:10:50,410 -     [P4.2] Pair (1,7) giảm 9 -> BEST = 824
2026-05-09 13:10:50,435 -   --- Pairwise Iter 13 (còn 1597s) ---
2026-05-09 13:11:02,167 -     [P4.2] Pair (1,9) giảm 3 -> BEST = 821
2026-05-09 13:11:02,202 -   --- Pairwise Iter 14 (còn 1585s) ---
2026-05-09 13:11:19,861 -     [P4.2] Pair (2,5) giảm 3 -> BEST = 818
2026-05-09 13:11:19,916 -   --- Pairwise Iter 15 (còn 1568s) ---
2026-05-09 13:11:54,006 -     [P4.2] Pair (2,7) giảm 1 -> BEST = 817
2026-05-09 13:11:54,090 -   --- Pairwise Iter 16 (còn 1533s) ---
2026-05-09 13:12:53,181 -     -> Đã đạt cực trị toàn cục cho mọi cặp dưới ngưỡng. KẾT THÚC CHẶNG 4.
2026-05-09 13:12:53,182 - Hoàn thành trong 325.7s. Final Cost: 817
2026-05-09 13:12:53,182 - ======================================================================
2026-05-09 13:12:53,182 - BÁO CÁO TỔNG KẾT (SUMMARY)
2026-05-09 13:12:53,182 - ======================================================================
2026-05-09 13:12:53,182 -   1. Chi phí Clarke-Wright:     1044
2026-05-09 13:12:53,182 -   2. Chi phí sau Gurobi MIP:    817
2026-05-09 13:12:53,182 -   => TỔNG CẢI THIỆN:            227
2026-05-09 13:12:53,182 -   => Số lần Gurobi Single cải thiện  : 9 lần
2026-05-09 13:12:53,182 -   => Số lần Gurobi Pairwise cải thiện: 15 lần
2026-05-09 13:12:53,182 -   => TỔNG THỜI GIAN CHẠY:       325.667s
2026-05-09 13:12:53,187 - ======================================================================
2026-05-09 13:12:53,187 - GUROBI MIP SOLVER  |  FILE: P-n70-k10.vrp
2026-05-09 13:12:53,187 - ======================================================================
2026-05-09 13:12:53,201 - Thông tin dữ liệu: Dimension=70, K=10, Capacity=135
2026-05-09 13:12:53,201 - --- Step 1: Clarke-Wright Heuristic ---
2026-05-09 13:12:53,205 -   Kết quả CW: Cost = 1163, Time = 0.004s
2026-05-09 13:12:53,205 - --- Step 2: Advanced Optimization (Gurobi MIP) ---
2026-05-09 13:12:53,206 - =========================================
2026-05-09 13:12:53,206 - BẮT ĐẦU OPTIMIZE  (100% Gurobi MIP)
2026-05-09 13:12:53,206 -  -> Max Single Size  : 25
2026-05-09 13:12:53,206 -  -> Single Timeout   : 60.0s
2026-05-09 13:12:53,206 -  -> Max Pairwise Size: 35
2026-05-09 13:12:53,206 -  -> Pairwise Timeout : 140.0s
2026-05-09 13:12:53,206 -  -> Global Timeout   : 1800.0s
2026-05-09 13:12:53,206 -  -> Chi phí khởi điểm: 1163
2026-05-09 13:12:53,206 - =========================================
2026-05-09 13:12:53,206 - === BẮT ĐẦU CHẶNG 4: GUROBI MIP CHÍNH XÁC | Cost: 1163 ===
2026-05-09 13:12:53,206 -   [GĐ 4.1] Giải bài toán TSP trên từng tuyến đơn...
2026-05-09 13:12:53,589 -     -> Single Gurobi cải thiện: 51. Cost mới: 1112
2026-05-09 13:12:53,589 -   [GĐ 4.2] Xét từng cặp tuyến để phân bổ lại khách hàng...
2026-05-09 13:12:53,589 -   --- Pairwise Iter 1 (còn 1800s) ---
2026-05-09 13:12:54,278 -     [P4.2] Pair (6,7) giảm 67 -> BEST = 1045
2026-05-09 13:12:54,362 -   --- Pairwise Iter 2 (còn 1799s) ---
2026-05-09 13:12:55,718 -     [P4.2] Pair (2,9) giảm 4 -> BEST = 1041
2026-05-09 13:12:55,773 -   --- Pairwise Iter 3 (còn 1797s) ---
2026-05-09 13:13:00,337 -     [P4.2] Pair (2,5) giảm 9 -> BEST = 1032
2026-05-09 13:13:00,412 -   --- Pairwise Iter 4 (còn 1793s) ---
2026-05-09 13:13:05,570 -     [P4.2] Pair (5,9) giảm 1 -> BEST = 1031
2026-05-09 13:13:05,634 -   --- Pairwise Iter 5 (còn 1788s) ---
2026-05-09 13:13:21,755 -     [P4.2] Pair (4,8) giảm 25 -> BEST = 1006
2026-05-09 13:13:22,001 -   --- Pairwise Iter 6 (còn 1771s) ---
2026-05-09 13:13:31,406 -     [P4.2] Pair (0,3) giảm 36 -> BEST = 970
2026-05-09 13:13:31,440 -   --- Pairwise Iter 7 (còn 1762s) ---
2026-05-09 13:13:47,155 -     [P4.2] Pair (0,6) giảm 12 -> BEST = 958
2026-05-09 13:13:47,210 -   --- Pairwise Iter 8 (còn 1746s) ---
2026-05-09 13:14:23,235 -     [P4.2] Pair (0,3) giảm 2 -> BEST = 956
2026-05-09 13:14:23,320 -   --- Pairwise Iter 9 (còn 1710s) ---
2026-05-09 13:14:40,384 -     [P4.2] Pair (3,6) giảm 3 -> BEST = 953
2026-05-09 13:14:40,408 -   --- Pairwise Iter 10 (còn 1693s) ---
2026-05-09 13:15:20,970 -     [P4.2] Pair (2,8) giảm 16 -> BEST = 937
2026-05-09 13:15:21,014 -   --- Pairwise Iter 11 (còn 1652s) ---
2026-05-09 13:16:00,294 -     [P4.2] Pair (2,9) giảm 3 -> BEST = 934
2026-05-09 13:16:00,359 -   --- Pairwise Iter 12 (còn 1613s) ---
2026-05-09 13:16:07,436 -     [P4.2] Pair (5,9) giảm 5 -> BEST = 929
2026-05-09 13:16:07,541 -   --- Pairwise Iter 13 (còn 1606s) ---
2026-05-09 13:16:53,752 -     [P4.2] Pair (6,9) giảm 11 -> BEST = 918
2026-05-09 13:16:53,807 -   --- Pairwise Iter 14 (còn 1559s) ---
2026-05-09 13:16:56,182 -     [P4.2] Pair (6,7) giảm 10 -> BEST = 908
2026-05-09 13:16:56,216 -   --- Pairwise Iter 15 (còn 1557s) ---
2026-05-09 13:17:26,047 -     [P4.2] Pair (3,9) giảm 5 -> BEST = 903
2026-05-09 13:17:26,102 -   --- Pairwise Iter 16 (còn 1527s) ---
2026-05-09 13:17:27,912 -     [P4.2] Pair (3,6) giảm 2 -> BEST = 901
2026-05-09 13:17:27,957 -   --- Pairwise Iter 17 (còn 1525s) ---
2026-05-09 13:17:52,074 -     [P4.2] Pair (3,9) giảm 1 -> BEST = 900
2026-05-09 13:17:52,139 -   --- Pairwise Iter 18 (còn 1501s) ---
2026-05-09 13:18:05,499 -     [P4.2] Pair (0,9) giảm 9 -> BEST = 891
2026-05-09 13:18:05,544 -   --- Pairwise Iter 19 (còn 1488s) ---
2026-05-09 13:18:54,053 -     [P4.2] Pair (1,4) giảm 9 -> BEST = 882
2026-05-09 13:18:54,188 -   --- Pairwise Iter 20 (còn 1439s) ---
2026-05-09 13:19:20,964 -     [P4.2] Pair (0,1) giảm 3 -> BEST = 879
2026-05-09 13:19:21,069 -   --- Pairwise Iter 21 (còn 1412s) ---
2026-05-09 13:19:52,092 -     [P4.2] Pair (1,9) giảm 7 -> BEST = 872
2026-05-09 13:19:52,167 -   --- Pairwise Iter 22 (còn 1381s) ---
2026-05-09 13:20:45,873 -     [P4.2] Pair (2,9) giảm 1 -> BEST = 871
2026-05-09 13:20:45,939 -   --- Pairwise Iter 23 (còn 1327s) ---
2026-05-09 13:23:04,096 -     -> Đã đạt cực trị toàn cục cho mọi cặp dưới ngưỡng. KẾT THÚC CHẶNG 4.
2026-05-09 13:23:04,096 - Hoàn thành trong 610.9s. Final Cost: 871
2026-05-09 13:23:04,096 - ======================================================================
2026-05-09 13:23:04,096 - BÁO CÁO TỔNG KẾT (SUMMARY)
2026-05-09 13:23:04,096 - ======================================================================
2026-05-09 13:23:04,096 -   1. Chi phí Clarke-Wright:     1163
2026-05-09 13:23:04,096 -   2. Chi phí sau Gurobi MIP:    871
2026-05-09 13:23:04,096 -   => TỔNG CẢI THIỆN:            292
2026-05-09 13:23:04,096 -   => Số lần Gurobi Single cải thiện  : 7 lần
2026-05-09 13:23:04,096 -   => Số lần Gurobi Pairwise cải thiện: 22 lần
2026-05-09 13:23:04,096 -   => TỔNG THỜI GIAN CHẠY:       610.894s
2026-05-09 13:23:04,101 - ======================================================================
2026-05-09 13:23:04,101 - GUROBI MIP SOLVER  |  FILE: P-n76-k5.vrp
2026-05-09 13:23:04,101 - ======================================================================
2026-05-09 13:23:04,114 - Thông tin dữ liệu: Dimension=76, K=5, Capacity=280
2026-05-09 13:23:04,114 - --- Step 1: Clarke-Wright Heuristic ---
2026-05-09 13:23:04,121 -   Kết quả CW: Cost = 992, Time = 0.006s
2026-05-09 13:23:04,121 - --- Step 2: Advanced Optimization (Gurobi MIP) ---
2026-05-09 13:23:04,121 - =========================================
2026-05-09 13:23:04,121 - BẮT ĐẦU OPTIMIZE  (100% Gurobi MIP)
2026-05-09 13:23:04,121 -  -> Max Single Size  : 50
2026-05-09 13:23:04,121 -  -> Single Timeout   : 60.0s
2026-05-09 13:23:04,121 -  -> Max Pairwise Size: 55
2026-05-09 13:23:04,121 -  -> Pairwise Timeout : 304.0s
2026-05-09 13:23:04,121 -  -> Global Timeout   : 1800.0s
2026-05-09 13:23:04,121 -  -> Chi phí khởi điểm: 992
2026-05-09 13:23:04,121 - =========================================
2026-05-09 13:23:04,121 - === BẮT ĐẦU CHẶNG 4: GUROBI MIP CHÍNH XÁC | Cost: 992 ===
2026-05-09 13:23:04,121 -   [GĐ 4.1] Giải bài toán TSP trên từng tuyến đơn...
2026-05-09 13:23:06,179 -     -> Single Gurobi cải thiện: 122. Cost mới: 870
2026-05-09 13:23:06,179 -   [GĐ 4.2] Xét từng cặp tuyến để phân bổ lại khách hàng...
2026-05-09 13:23:06,179 -   --- Pairwise Iter 1 (còn 1798s) ---
2026-05-09 13:28:10,281 -     [P4.2] Pair (3,4) giảm 42 -> BEST = 828
2026-05-09 13:28:11,306 -   --- Pairwise Iter 2 (còn 1493s) ---
2026-05-09 13:33:15,408 -     [P4.2] Pair (3,4) giảm 8 -> BEST = 820
2026-05-09 13:33:17,074 -       [S-re] Route 3: 138 → 135  (−3) | BEST = 817
2026-05-09 13:33:17,944 -   --- Pairwise Iter 3 (còn 1186s) ---
2026-05-09 13:43:26,098 -     [P4.2] Pair (2,3) giảm 59 -> BEST = 758
2026-05-09 13:43:26,587 -   --- Pairwise Iter 4 (còn 578s) ---
2026-05-09 13:48:30,656 -     [P4.2] Pair (3,4) giảm 8 -> BEST = 750
2026-05-09 13:48:31,880 -   --- Pairwise Iter 5 (còn 272s) ---
2026-05-09 13:51:10,963 -     [P4.2] Pair (2,3) giảm 1 -> BEST = 749
2026-05-09 13:51:12,449 -   --- Pairwise Iter 6 (còn 112s) ---
2026-05-09 13:53:02,178 -     -> Đã đạt cực trị toàn cục cho mọi cặp dưới ngưỡng. KẾT THÚC CHẶNG 4.
2026-05-09 13:53:02,178 - Hoàn thành trong 1798.1s. Final Cost: 749
2026-05-09 13:53:02,178 - ======================================================================
2026-05-09 13:53:02,178 - BÁO CÁO TỔNG KẾT (SUMMARY)
2026-05-09 13:53:02,178 - ======================================================================
2026-05-09 13:53:02,178 -   1. Chi phí Clarke-Wright:     992
2026-05-09 13:53:02,178 -   2. Chi phí sau Gurobi MIP:    749
2026-05-09 13:53:02,178 -   => TỔNG CẢI THIỆN:            243
2026-05-09 13:53:02,178 -   => Số lần Gurobi Single cải thiện  : 6 lần
2026-05-09 13:53:02,179 -   => Số lần Gurobi Pairwise cải thiện: 5 lần
2026-05-09 13:53:02,179 -   => TỔNG THỜI GIAN CHẠY:       1798.064s
2026-05-09 13:53:02,184 - ======================================================================
2026-05-09 13:53:02,184 - GUROBI MIP SOLVER  |  FILE: P-n76-k4.vrp
2026-05-09 13:53:02,184 - ======================================================================
2026-05-09 13:53:02,201 - Thông tin dữ liệu: Dimension=76, K=4, Capacity=350
2026-05-09 13:53:02,201 - --- Step 1: Clarke-Wright Heuristic ---
2026-05-09 13:53:02,207 -   Kết quả CW: Cost = 941, Time = 0.005s
2026-05-09 13:53:02,207 - --- Step 2: Advanced Optimization (Gurobi MIP) ---
2026-05-09 13:53:02,207 - =========================================
2026-05-09 13:53:02,207 - BẮT ĐẦU OPTIMIZE  (100% Gurobi MIP)
2026-05-09 13:53:02,207 -  -> Max Single Size  : 50
2026-05-09 13:53:02,207 -  -> Single Timeout   : 60.0s
2026-05-09 13:53:02,207 -  -> Max Pairwise Size: 55
2026-05-09 13:53:02,207 -  -> Pairwise Timeout : 380.0s
2026-05-09 13:53:02,207 -  -> Global Timeout   : 1800.0s
2026-05-09 13:53:02,207 -  -> Chi phí khởi điểm: 941
2026-05-09 13:53:02,207 - =========================================
2026-05-09 13:53:02,208 - === BẮT ĐẦU CHẶNG 4: GUROBI MIP CHÍNH XÁC | Cost: 941 ===
2026-05-09 13:53:02,208 -   [GĐ 4.1] Giải bài toán TSP trên từng tuyến đơn...
2026-05-09 13:53:08,250 -     -> Single Gurobi cải thiện: 192. Cost mới: 749
2026-05-09 13:53:08,250 -   [GĐ 4.2] Xét từng cặp tuyến để phân bổ lại khách hàng...
2026-05-09 13:53:08,250 -   --- Pairwise Iter 1 (còn 1794s) ---
2026-05-09 13:59:28,369 -     [P4.2] Pair (0,3) giảm 33 -> BEST = 716
2026-05-09 13:59:36,109 -   --- Pairwise Iter 2 (còn 1406s) ---
2026-05-09 14:05:56,213 -     [P4.2] Pair (0,3) giảm 10 -> BEST = 706
2026-05-09 14:05:58,941 -   --- Pairwise Iter 3 (còn 1023s) ---
2026-05-09 14:12:19,056 -     [P4.2] Pair (0,2) giảm 31 -> BEST = 675
2026-05-09 14:12:19,605 -   --- Pairwise Iter 4 (còn 643s) ---
2026-05-09 14:17:51,968 -     [P4.2] Pair (0,1) giảm 38 -> BEST = 637
2026-05-09 14:17:52,567 -   --- Pairwise Iter 5 (còn 310s) ---
2026-05-09 14:23:00,295 -     -> Đã đạt cực trị toàn cục cho mọi cặp dưới ngưỡng. KẾT THÚC CHẶNG 4.
2026-05-09 14:23:00,296 - Hoàn thành trong 1798.1s. Final Cost: 637
2026-05-09 14:23:00,296 - ======================================================================
2026-05-09 14:23:00,296 - BÁO CÁO TỔNG KẾT (SUMMARY)
2026-05-09 14:23:00,296 - ======================================================================
2026-05-09 14:23:00,296 -   1. Chi phí Clarke-Wright:     941
2026-05-09 14:23:00,296 -   2. Chi phí sau Gurobi MIP:    637
2026-05-09 14:23:00,296 -   => TỔNG CẢI THIỆN:            304
2026-05-09 14:23:00,296 -   => Số lần Gurobi Single cải thiện  : 4 lần
2026-05-09 14:23:00,296 -   => Số lần Gurobi Pairwise cải thiện: 4 lần
2026-05-09 14:23:00,296 -   => TỔNG THỜI GIAN CHẠY:       1798.094s
2026-05-09 14:23:00,300 - ======================================================================
2026-05-09 14:23:00,301 - GUROBI MIP SOLVER  |  FILE: P-n101-k4.vrp
2026-05-09 14:23:00,301 - ======================================================================
2026-05-09 14:23:00,320 - Thông tin dữ liệu: Dimension=101, K=4, Capacity=400
2026-05-09 14:23:00,321 - --- Step 1: Clarke-Wright Heuristic ---
2026-05-09 14:23:00,330 -   Kết quả CW: Cost = 971, Time = 0.009s
2026-05-09 14:23:00,330 - --- Step 2: Advanced Optimization (Gurobi MIP) ---
2026-05-09 14:23:00,330 - =========================================
2026-05-09 14:23:00,330 - BẮT ĐẦU OPTIMIZE  (100% Gurobi MIP)
2026-05-09 14:23:00,330 -  -> Max Single Size  : 50
2026-05-09 14:23:00,330 -  -> Single Timeout   : 60.0s
2026-05-09 14:23:00,330 -  -> Max Pairwise Size: 55
2026-05-09 14:23:00,330 -  -> Pairwise Timeout : 400.0s
2026-05-09 14:23:00,330 -  -> Global Timeout   : 1800.0s
2026-05-09 14:23:00,330 -  -> Chi phí khởi điểm: 971
2026-05-09 14:23:00,330 - =========================================
2026-05-09 14:23:00,331 - === BẮT ĐẦU CHẶNG 4: GUROBI MIP CHÍNH XÁC | Cost: 971 ===
2026-05-09 14:23:00,331 -   [GĐ 4.1] Giải bài toán TSP trên từng tuyến đơn...
2026-05-09 14:23:10,306 -     -> Single Gurobi cải thiện: 136. Cost mới: 835
2026-05-09 14:23:10,306 -   [GĐ 4.2] Xét từng cặp tuyến để phân bổ lại khách hàng...
2026-05-09 14:23:10,307 -   --- Pairwise Iter 1 (còn 1790s) ---
2026-05-09 14:24:59,169 -     [P4.2] Pair (0,3) giảm 33 -> BEST = 802
2026-05-09 14:25:00,113 -   --- Pairwise Iter 2 (còn 1680s) ---
2026-05-09 14:38:20,442 -     [P4.2] Pair (1,3) giảm 51 -> BEST = 751
2026-05-09 14:38:23,750 -   --- Pairwise Iter 3 (còn 877s) ---
2026-05-09 14:45:03,923 -     [P4.2] Pair (0,1) giảm 1 -> BEST = 750
2026-05-09 14:45:08,901 -   --- Pairwise Iter 4 (còn 471s) ---
2026-05-09 14:52:58,484 -     [P4.2] Pair (0,2) giảm 4 -> BEST = 746
2026-05-09 14:52:58,484 -   --- Pairwise Iter 5 (còn 2s) ---
2026-05-09 14:52:58,485 -     -> Đã đạt cực trị toàn cục cho mọi cặp dưới ngưỡng. KẾT THÚC CHẶNG 4.
2026-05-09 14:52:58,485 - Hoàn thành trong 1798.2s. Final Cost: 746
2026-05-09 14:52:58,485 - ======================================================================
2026-05-09 14:52:58,485 - BÁO CÁO TỔNG KẾT (SUMMARY)
2026-05-09 14:52:58,486 - ======================================================================
2026-05-09 14:52:58,486 -   1. Chi phí Clarke-Wright:     971
2026-05-09 14:52:58,486 -   2. Chi phí sau Gurobi MIP:    746
2026-05-09 14:52:58,486 -   => TỔNG CẢI THIỆN:            225
2026-05-09 14:52:58,486 -   => Số lần Gurobi Single cải thiện  : 4 lần
2026-05-09 14:52:58,486 -   => Số lần Gurobi Pairwise cải thiện: 4 lần
2026-05-09 14:52:58,486 -   => TỔNG THỜI GIAN CHẠY:       1798.165s
