2026-05-16 17:28:10,989 - ======================================================================
2026-05-16 17:28:10,989 - GUROBI MIP SOLVER  |  FILE: F-n45-k4.vrp
2026-05-16 17:28:10,989 - ======================================================================
2026-05-16 17:28:10,990 - Thông tin dữ liệu: Dimension=45, K=4, Capacity=2010
2026-05-16 17:28:10,990 - --- Step 1: Clarke-Wright Heuristic ---
2026-05-16 17:28:10,992 -   Kết quả CW: Cost = 956, Time = 0.002s
2026-05-16 17:28:10,992 - --- Step 2: Advanced Optimization (Gurobi MIP) ---
2026-05-16 17:28:10,992 - =========================================
2026-05-16 17:28:10,992 - BẮT ĐẦU OPTIMIZE  (100% Gurobi MIP)
2026-05-16 17:28:10,992 -  -> Max Single Size  : 22
2026-05-16 17:28:10,992 -  -> Single Timeout   : 40.0s
2026-05-16 17:28:10,992 -  -> Max Pairwise Size: 28
2026-05-16 17:28:10,992 -  -> Pairwise Timeout : 102.0s
2026-05-16 17:28:10,992 -  -> Global Timeout   : 1200.0s
2026-05-16 17:28:10,992 -  -> Chi phí khởi điểm: 956
2026-05-16 17:28:10,992 - =========================================
2026-05-16 17:28:10,992 - === BẮT ĐẦU CHẶNG 4: GUROBI MIP CHÍNH XÁC | Cost: 956 ===
2026-05-16 17:28:10,992 -   [GĐ 4.1] Giải bài toán TSP trên từng tuyến đơn...
2026-05-16 17:28:12,430 -     -> Single Gurobi cải thiện: 82. Cost mới: 874
2026-05-16 17:28:12,430 -   [GĐ 4.2] Xét từng cặp tuyến để phân bổ lại khách hàng...
2026-05-16 17:28:12,430 -   --- Pairwise Iter 1 (còn 1199s) ---
2026-05-16 17:29:54,496 -     [P4.2] Pair (1,2) giảm 36 -> BEST = 838
2026-05-16 17:29:55,086 -   --- Pairwise Iter 2 (còn 1096s) ---
2026-05-16 17:31:37,143 -     [P4.2] Pair (1,2) giảm 9 -> BEST = 829
2026-05-16 17:31:37,722 -   --- Pairwise Iter 3 (còn 993s) ---
2026-05-16 17:34:36,087 -     [P4.2] Pair (0,1) giảm 37 -> BEST = 792
2026-05-16 17:34:36,424 -   --- Pairwise Iter 4 (còn 815s) ---
2026-05-16 17:38:55,924 -     [P4.2] Pair (0,3) giảm 64 -> BEST = 728
2026-05-16 17:38:56,352 -   --- Pairwise Iter 5 (còn 555s) ---
2026-05-16 17:48:09,034 -     -> Đã đạt cực trị toàn cục cho mọi cặp dưới ngưỡng. KẾT THÚC CHẶNG 4.
2026-05-16 17:48:09,035 - Hoàn thành trong 1198.0s. Final Cost: 728
2026-05-16 17:48:09,035 - ======================================================================
2026-05-16 17:48:09,035 - BÁO CÁO TỔNG KẾT (SUMMARY)
2026-05-16 17:48:09,035 - ======================================================================
2026-05-16 17:48:09,035 -   1. Chi phí Clarke-Wright:     956
2026-05-16 17:48:09,035 -   2. Chi phí sau Gurobi MIP:    728
2026-05-16 17:48:09,035 -   => TỔNG CẢI THIỆN:            228
2026-05-16 17:48:09,035 -   => Số lần Gurobi Single cải thiện  : 4 lần
2026-05-16 17:48:09,035 -   => Số lần Gurobi Pairwise cải thiện: 4 lần
2026-05-16 17:48:09,035 -   => TỔNG THỜI GIAN CHẠY:       1198.045s
2026-05-16 17:48:09,036 - ======================================================================
2026-05-16 17:48:09,036 - GUROBI MIP SOLVER  |  FILE: F-n72-k4.vrp
2026-05-16 17:48:09,036 - ======================================================================
2026-05-16 17:48:09,038 - Thông tin dữ liệu: Dimension=72, K=4, Capacity=30000
2026-05-16 17:48:09,038 - --- Step 1: Clarke-Wright Heuristic ---
2026-05-16 17:48:09,042 -   Kết quả CW: Cost = 353, Time = 0.004s
2026-05-16 17:48:09,042 - --- Step 2: Advanced Optimization (Gurobi MIP) ---
2026-05-16 17:48:09,042 - =========================================
2026-05-16 17:48:09,042 - BẮT ĐẦU OPTIMIZE  (100% Gurobi MIP)
2026-05-16 17:48:09,042 -  -> Max Single Size  : 35
2026-05-16 17:48:09,042 -  -> Single Timeout   : 40.0s
2026-05-16 17:48:09,042 -  -> Max Pairwise Size: 28
2026-05-16 17:48:09,042 -  -> Pairwise Timeout : 120.0s
2026-05-16 17:48:09,042 -  -> Global Timeout   : 1200.0s
2026-05-16 17:48:09,042 -  -> Chi phí khởi điểm: 353
2026-05-16 17:48:09,042 - =========================================
2026-05-16 17:48:09,042 - === BẮT ĐẦU CHẶNG 4: GUROBI MIP CHÍNH XÁC | Cost: 353 ===
2026-05-16 17:48:09,042 -   [GĐ 4.1] Giải bài toán TSP trên từng tuyến đơn...
2026-05-16 17:49:32,482 -     -> Single Gurobi cải thiện: 70. Cost mới: 283
2026-05-16 17:49:32,482 -   [GĐ 4.2] Xét từng cặp tuyến để phân bổ lại khách hàng...
2026-05-16 17:49:32,482 -   --- Pairwise Iter 1 (còn 1117s) ---
2026-05-16 17:51:32,562 -     [P4.2] Pair (0,1) giảm 4 -> BEST = 279
2026-05-16 17:52:12,628 -   --- Pairwise Iter 2 (còn 956s) ---
2026-05-16 17:56:21,162 -     -> Đã đạt cực trị toàn cục cho mọi cặp dưới ngưỡng. KẾT THÚC CHẶNG 4.
2026-05-16 17:56:21,162 - Hoàn thành trong 492.1s. Final Cost: 279
2026-05-16 17:56:21,162 - ======================================================================
2026-05-16 17:56:21,162 - BÁO CÁO TỔNG KẾT (SUMMARY)
2026-05-16 17:56:21,162 - ======================================================================
2026-05-16 17:56:21,162 -   1. Chi phí Clarke-Wright:     353
2026-05-16 17:56:21,162 -   2. Chi phí sau Gurobi MIP:    279
2026-05-16 17:56:21,162 -   => TỔNG CẢI THIỆN:            74
2026-05-16 17:56:21,162 -   => Số lần Gurobi Single cải thiện  : 3 lần
2026-05-16 17:56:21,162 -   => Số lần Gurobi Pairwise cải thiện: 1 lần
2026-05-16 17:56:21,162 -   => TỔNG THỜI GIAN CHẠY:       492.124s
2026-05-16 17:56:21,163 - ======================================================================
2026-05-16 17:56:21,163 - GUROBI MIP SOLVER  |  FILE: F-n135-k7.vrp
2026-05-16 17:56:21,163 - ======================================================================
2026-05-16 17:56:21,170 - Thông tin dữ liệu: Dimension=135, K=7, Capacity=2210
2026-05-16 17:56:21,170 - --- Step 1: Clarke-Wright Heuristic ---
2026-05-16 17:56:21,189 -   Kết quả CW: Cost = 1558, Time = 0.019s
2026-05-16 17:56:21,189 - --- Step 2: Advanced Optimization (Gurobi MIP) ---
2026-05-16 17:56:21,189 - =========================================
2026-05-16 17:56:21,189 - BẮT ĐẦU OPTIMIZE  (100% Gurobi MIP)
2026-05-16 17:56:21,189 -  -> Max Single Size  : 35
2026-05-16 17:56:21,189 -  -> Single Timeout   : 40.0s
2026-05-16 17:56:21,189 -  -> Max Pairwise Size: 28
2026-05-16 17:56:21,189 -  -> Pairwise Timeout : 120.0s
2026-05-16 17:56:21,189 -  -> Global Timeout   : 1200.0s
2026-05-16 17:56:21,189 -  -> Chi phí khởi điểm: 1558
2026-05-16 17:56:21,189 - =========================================
2026-05-16 17:56:21,189 - === BẮT ĐẦU CHẶNG 4: GUROBI MIP CHÍNH XÁC | Cost: 1558 ===
2026-05-16 17:56:21,189 -   [GĐ 4.1] Giải bài toán TSP trên từng tuyến đơn...
2026-05-16 17:59:05,535 -     -> Single Gurobi cải thiện: 289. Cost mới: 1269
2026-05-16 17:59:05,535 -   [GĐ 4.2] Xét từng cặp tuyến để phân bổ lại khách hàng...
2026-05-16 17:59:05,535 -   --- Pairwise Iter 1 (còn 1036s) ---
2026-05-16 18:07:28,045 -     -> Đã đạt cực trị toàn cục cho mọi cặp dưới ngưỡng. KẾT THÚC CHẶNG 4.
2026-05-16 18:07:28,045 - Hoàn thành trong 666.9s. Final Cost: 1269
2026-05-16 18:07:28,045 - ======================================================================
2026-05-16 18:07:28,045 - BÁO CÁO TỔNG KẾT (SUMMARY)
2026-05-16 18:07:28,045 - ======================================================================
2026-05-16 18:07:28,045 -   1. Chi phí Clarke-Wright:     1558
2026-05-16 18:07:28,045 -   2. Chi phí sau Gurobi MIP:    1269
2026-05-16 18:07:28,045 -   => TỔNG CẢI THIỆN:            289
2026-05-16 18:07:28,045 -   => Số lần Gurobi Single cải thiện  : 7 lần
2026-05-16 18:07:28,045 -   => Số lần Gurobi Pairwise cải thiện: 0 lần
2026-05-16 18:07:28,045 -   => TỔNG THỜI GIAN CHẠY:       666.875s
