2026-04-04 15:42:03,580 - ======================================================================
2026-04-04 15:42:03,580 - GUROBI MIP SOLVER  |  FILE: B-n31-k5.vrp
2026-04-04 15:42:03,580 - ======================================================================
2026-04-04 15:42:03,582 - Thông tin dữ liệu: Dimension=31, K=5, Capacity=100
2026-04-04 15:42:03,582 - --- Step 1: Clarke-Wright Heuristic ---
2026-04-04 15:42:03,583 -   Kết quả CW: Cost = 748, Time = 0.001s
2026-04-04 15:42:03,583 - --- Step 2: Advanced Optimization (Gurobi MIP) ---
2026-04-04 15:42:03,583 - =========================================
2026-04-04 15:42:03,583 - BẮT ĐẦU OPTIMIZE  (100% Gurobi MIP)
2026-04-04 15:42:03,583 -  -> Max Single Size  : 20
2026-04-04 15:42:03,583 -  -> Single Timeout   : 40.0s
2026-04-04 15:42:03,583 -  -> Max Pairwise Size: 18
2026-04-04 15:42:03,583 -  -> Pairwise Timeout : 50s
2026-04-04 15:42:03,583 -  -> Global Timeout   : 1200.0s
2026-04-04 15:42:03,583 -  -> Chi phí khởi điểm: 748
2026-04-04 15:42:03,583 - =========================================
2026-04-04 15:42:03,583 - === BẮT ĐẦU CHẶNG 4: GUROBI MIP CHÍNH XÁC | Cost: 748 ===
2026-04-04 15:42:03,583 -   [GĐ 4.1] Giải bài toán TSP trên từng tuyến đơn...
2026-04-04 15:42:03,750 -     -> Single Gurobi cải thiện: 18. Cost mới: 730
2026-04-04 15:42:03,750 -   [GĐ 4.2] Xét từng cặp tuyến để phân bổ lại khách hàng...
2026-04-04 15:42:03,750 -   --- Pairwise Iter 1 (còn 1200s) ---
2026-04-04 15:42:53,774 -     [P4.2] Pair (1,2) giảm 19 -> BEST = 711
2026-04-04 15:42:53,775 -   --- Pairwise Iter 2 (còn 1150s) ---
2026-04-04 15:43:42,451 -     [P4.2] Pair (1,3) giảm 10 -> BEST = 701
2026-04-04 15:43:42,451 -   --- Pairwise Iter 3 (còn 1101s) ---
2026-04-04 15:44:40,281 -     [P4.2] Pair (1,4) giảm 7 -> BEST = 694
2026-04-04 15:44:40,281 -   --- Pairwise Iter 4 (còn 1043s) ---
2026-04-04 15:44:43,751 -     [P4.2] Pair (3,4) giảm 3 -> BEST = 691
2026-04-04 15:44:43,751 -   --- Pairwise Iter 5 (còn 1040s) ---
2026-04-04 15:46:26,884 -     [P4.2] Pair (1,2) giảm 6 -> BEST = 685
2026-04-04 15:46:26,884 -   --- Pairwise Iter 6 (còn 937s) ---
2026-04-04 15:46:43,212 -     [P4.2] Pair (2,4) giảm 4 -> BEST = 681
2026-04-04 15:46:43,212 -   --- Pairwise Iter 7 (còn 920s) ---
2026-04-04 15:48:36,937 -     [P4.2] Pair (0,3) giảm 4 -> BEST = 677
2026-04-04 15:48:36,938 -   --- Pairwise Iter 8 (còn 807s) ---
2026-04-04 15:51:15,176 -     -> Đã đạt cực trị toàn cục cho mọi cặp dưới ngưỡng. KẾT THÚC CHẶNG 4.
2026-04-04 15:51:15,176 - Hoàn thành trong 551.6s. Final Cost: 677
2026-04-04 15:51:15,176 - ======================================================================
2026-04-04 15:51:15,176 - BÁO CÁO TỔNG KẾT (SUMMARY)
2026-04-04 15:51:15,176 - ======================================================================
2026-04-04 15:51:15,176 -   1. Chi phí Clarke-Wright:     748
2026-04-04 15:51:15,176 -   2. Chi phí sau Gurobi MIP:    677
2026-04-04 15:51:15,176 -   => TỔNG CẢI THIỆN:            71
2026-04-04 15:51:15,176 -   => Số lần Gurobi Single cải thiện  : 4 lần
2026-04-04 15:51:15,176 -   => Số lần Gurobi Pairwise cải thiện: 7 lần
2026-04-04 15:51:15,176 -   => TỔNG THỜI GIAN CHẠY:       551.594s
2026-04-04 15:51:15,177 - ======================================================================
2026-04-04 15:51:15,177 - GUROBI MIP SOLVER  |  FILE: B-n34-k5.vrp
2026-04-04 15:51:15,177 - ======================================================================
2026-04-04 15:51:15,179 - Thông tin dữ liệu: Dimension=34, K=5, Capacity=100
2026-04-04 15:51:15,180 - --- Step 1: Clarke-Wright Heuristic ---
2026-04-04 15:51:15,181 -   Kết quả CW: Cost = 936, Time = 0.001s
2026-04-04 15:51:15,181 - --- Step 2: Advanced Optimization (Gurobi MIP) ---
2026-04-04 15:51:15,181 - =========================================
2026-04-04 15:51:15,181 - BẮT ĐẦU OPTIMIZE  (100% Gurobi MIP)
2026-04-04 15:51:15,181 -  -> Max Single Size  : 20
2026-04-04 15:51:15,182 -  -> Single Timeout   : 40.0s
2026-04-04 15:51:15,182 -  -> Max Pairwise Size: 20
2026-04-04 15:51:15,182 -  -> Pairwise Timeout : 54s
2026-04-04 15:51:15,182 -  -> Global Timeout   : 1200.0s
2026-04-04 15:51:15,182 -  -> Chi phí khởi điểm: 936
2026-04-04 15:51:15,182 - =========================================
2026-04-04 15:51:15,182 - === BẮT ĐẦU CHẶNG 4: GUROBI MIP CHÍNH XÁC | Cost: 936 ===
2026-04-04 15:51:15,182 -   [GĐ 4.1] Giải bài toán TSP trên từng tuyến đơn...
2026-04-04 15:51:15,420 -     -> Single Gurobi cải thiện: 61. Cost mới: 875
2026-04-04 15:51:15,420 -   [GĐ 4.2] Xét từng cặp tuyến để phân bổ lại khách hàng...
2026-04-04 15:51:15,420 -   --- Pairwise Iter 1 (còn 1200s) ---
2026-04-04 15:52:09,474 -     [P4.2] Pair (0,1) giảm 21 -> BEST = 854
2026-04-04 15:52:09,475 -   --- Pairwise Iter 2 (còn 1146s) ---
2026-04-04 15:53:07,442 -     [P4.2] Pair (1,4) giảm 2 -> BEST = 852
2026-04-04 15:53:07,442 -   --- Pairwise Iter 3 (còn 1088s) ---
2026-04-04 15:54:01,482 -     [P4.2] Pair (0,4) giảm 27 -> BEST = 825
2026-04-04 15:54:01,482 -   --- Pairwise Iter 4 (còn 1034s) ---
2026-04-04 15:54:53,106 -     [P4.2] Pair (2,3) giảm 21 -> BEST = 804
2026-04-04 15:54:53,107 -   --- Pairwise Iter 5 (còn 982s) ---
2026-04-04 15:55:47,139 -     [P4.2] Pair (0,3) giảm 13 -> BEST = 791
2026-04-04 15:55:47,139 -   --- Pairwise Iter 6 (còn 928s) ---
2026-04-04 15:58:30,098 -     [P4.2] Pair (1,3) giảm 1 -> BEST = 790
2026-04-04 15:58:30,099 -   --- Pairwise Iter 7 (còn 765s) ---
2026-04-04 15:59:24,128 -     [P4.2] Pair (0,1) giảm 2 -> BEST = 788
2026-04-04 15:59:24,128 -   --- Pairwise Iter 8 (còn 711s) ---
2026-04-04 16:03:14,346 -     -> Đã đạt cực trị toàn cục cho mọi cặp dưới ngưỡng. KẾT THÚC CHẶNG 4.
2026-04-04 16:03:14,346 - Hoàn thành trong 719.2s. Final Cost: 788
2026-04-04 16:03:14,346 - ======================================================================
2026-04-04 16:03:14,346 - BÁO CÁO TỔNG KẾT (SUMMARY)
2026-04-04 16:03:14,346 - ======================================================================
2026-04-04 16:03:14,346 -   1. Chi phí Clarke-Wright:     936
2026-04-04 16:03:14,346 -   2. Chi phí sau Gurobi MIP:    788
2026-04-04 16:03:14,346 -   => TỔNG CẢI THIỆN:            148
2026-04-04 16:03:14,346 -   => Số lần Gurobi Single cải thiện  : 4 lần
2026-04-04 16:03:14,346 -   => Số lần Gurobi Pairwise cải thiện: 7 lần
2026-04-04 16:03:14,346 -   => TỔNG THỜI GIAN CHẠY:       719.166s
2026-04-04 16:03:14,347 - ======================================================================
2026-04-04 16:03:14,347 - GUROBI MIP SOLVER  |  FILE: B-n35-k5.vrp
2026-04-04 16:03:14,347 - ======================================================================
2026-04-04 16:03:14,349 - Thông tin dữ liệu: Dimension=35, K=5, Capacity=100
2026-04-04 16:03:14,349 - --- Step 1: Clarke-Wright Heuristic ---
2026-04-04 16:03:14,350 -   Kết quả CW: Cost = 1016, Time = 0.001s
2026-04-04 16:03:14,350 - --- Step 2: Advanced Optimization (Gurobi MIP) ---
2026-04-04 16:03:14,351 - =========================================
2026-04-04 16:03:14,351 - BẮT ĐẦU OPTIMIZE  (100% Gurobi MIP)
2026-04-04 16:03:14,351 -  -> Max Single Size  : 20
2026-04-04 16:03:14,351 -  -> Single Timeout   : 40.0s
2026-04-04 16:03:14,351 -  -> Max Pairwise Size: 21
2026-04-04 16:03:14,351 -  -> Pairwise Timeout : 56s
2026-04-04 16:03:14,351 -  -> Global Timeout   : 1200.0s
2026-04-04 16:03:14,351 -  -> Chi phí khởi điểm: 1016
2026-04-04 16:03:14,351 - =========================================
2026-04-04 16:03:14,351 - === BẮT ĐẦU CHẶNG 4: GUROBI MIP CHÍNH XÁC | Cost: 1016 ===
2026-04-04 16:03:14,351 -   [GĐ 4.1] Giải bài toán TSP trên từng tuyến đơn...
2026-04-04 16:03:14,680 -     -> Single Gurobi cải thiện: 44. Cost mới: 972
2026-04-04 16:03:14,680 -   [GĐ 4.2] Xét từng cặp tuyến để phân bổ lại khách hàng...
2026-04-04 16:03:14,680 -   --- Pairwise Iter 1 (còn 1200s) ---
2026-04-04 16:04:10,735 -     [P4.2] Pair (2,4) giảm 6 -> BEST = 966
2026-04-04 16:04:10,735 -   --- Pairwise Iter 2 (còn 1144s) ---
2026-04-04 16:06:02,821 -     [P4.2] Pair (0,4) giảm 3 -> BEST = 963
2026-04-04 16:06:02,821 -   --- Pairwise Iter 3 (còn 1032s) ---
2026-04-04 16:08:50,923 -     [P4.2] Pair (1,3) giảm 8 -> BEST = 955
2026-04-04 16:08:50,923 -   --- Pairwise Iter 4 (còn 863s) ---
2026-04-04 16:13:53,940 -     -> Đã đạt cực trị toàn cục cho mọi cặp dưới ngưỡng. KẾT THÚC CHẶNG 4.
2026-04-04 16:13:53,940 - Hoàn thành trong 639.6s. Final Cost: 955
2026-04-04 16:13:53,940 - ======================================================================
2026-04-04 16:13:53,940 - BÁO CÁO TỔNG KẾT (SUMMARY)
2026-04-04 16:13:53,940 - ======================================================================
2026-04-04 16:13:53,940 -   1. Chi phí Clarke-Wright:     1016
2026-04-04 16:13:53,940 -   2. Chi phí sau Gurobi MIP:    955
2026-04-04 16:13:53,940 -   => TỔNG CẢI THIỆN:            61
2026-04-04 16:13:53,940 -   => Số lần Gurobi Single cải thiện  : 5 lần
2026-04-04 16:13:53,940 -   => Số lần Gurobi Pairwise cải thiện: 3 lần
2026-04-04 16:13:53,940 -   => TỔNG THỜI GIAN CHẠY:       639.591s
2026-04-04 16:13:53,941 - ======================================================================
2026-04-04 16:13:53,941 - GUROBI MIP SOLVER  |  FILE: B-n38-k6.vrp
2026-04-04 16:13:53,941 - ======================================================================
2026-04-04 16:13:53,944 - Thông tin dữ liệu: Dimension=38, K=6, Capacity=100
2026-04-04 16:13:53,944 - --- Step 1: Clarke-Wright Heuristic ---
2026-04-04 16:13:53,945 -   Kết quả CW: Cost = 961, Time = 0.001s
2026-04-04 16:13:53,946 - --- Step 2: Advanced Optimization (Gurobi MIP) ---
2026-04-04 16:13:53,946 - =========================================
2026-04-04 16:13:53,946 - BẮT ĐẦU OPTIMIZE  (100% Gurobi MIP)
2026-04-04 16:13:53,946 -  -> Max Single Size  : 20
2026-04-04 16:13:53,946 -  -> Single Timeout   : 40.0s
2026-04-04 16:13:53,946 -  -> Max Pairwise Size: 19
2026-04-04 16:13:53,946 -  -> Pairwise Timeout : 51s
2026-04-04 16:13:53,946 -  -> Global Timeout   : 1200.0s
2026-04-04 16:13:53,946 -  -> Chi phí khởi điểm: 961
2026-04-04 16:13:53,946 - =========================================
2026-04-04 16:13:53,946 - === BẮT ĐẦU CHẶNG 4: GUROBI MIP CHÍNH XÁC | Cost: 961 ===
2026-04-04 16:13:53,946 -   [GĐ 4.1] Giải bài toán TSP trên từng tuyến đơn...
2026-04-04 16:13:54,220 -     -> Single Gurobi cải thiện: 49. Cost mới: 912
2026-04-04 16:13:54,221 -   [GĐ 4.2] Xét từng cặp tuyến để phân bổ lại khách hàng...
2026-04-04 16:13:54,221 -   --- Pairwise Iter 1 (còn 1200s) ---
2026-04-04 16:14:45,251 -     [P4.2] Pair (2,3) giảm 55 -> BEST = 857
2026-04-04 16:14:45,251 -   --- Pairwise Iter 2 (còn 1149s) ---
2026-04-04 16:15:39,726 -     [P4.2] Pair (1,5) giảm 5 -> BEST = 852
2026-04-04 16:15:39,726 -   --- Pairwise Iter 3 (còn 1094s) ---
2026-04-04 16:16:30,978 -     [P4.2] Pair (4,5) giảm 4 -> BEST = 848
2026-04-04 16:16:30,979 -   --- Pairwise Iter 4 (còn 1043s) ---
2026-04-04 16:17:22,038 -     [P4.2] Pair (2,5) giảm 1 -> BEST = 847
2026-04-04 16:17:22,038 -   --- Pairwise Iter 5 (còn 992s) ---
2026-04-04 16:18:25,137 -     [P4.2] Pair (0,1) giảm 30 -> BEST = 817
2026-04-04 16:18:25,137 -   --- Pairwise Iter 6 (còn 929s) ---
