2026-05-04 01:19:23,711 - ======================================================================
2026-05-04 01:19:23,712 - GUROBI MIP SOLVER  |  FILE: X-n613-k62.vrp
2026-05-04 01:19:23,712 - ======================================================================
2026-05-04 01:19:24,327 - Thông tin dữ liệu: Dimension=613, K=62, Capacity=523
2026-05-04 01:19:24,327 - --- Step 1: Clarke-Wright Heuristic ---
2026-05-04 01:19:27,895 -   Kết quả CW: Cost = 333651, Time = 3.568s
2026-05-04 01:19:27,895 - --- Step 2: Advanced Optimization (Gurobi MIP) ---
2026-05-04 01:19:27,896 - =========================================
2026-05-04 01:19:27,896 - BẮT ĐẦU OPTIMIZE  (100% Gurobi MIP)
2026-05-04 01:19:27,896 -  -> Max Single Size  : 24
2026-05-04 01:19:27,896 -  -> Single Timeout   : 40.0s
2026-05-04 01:19:27,896 -  -> Max Pairwise Size: 28
2026-05-04 01:19:27,896 -  -> Pairwise Timeout : 99.0s
2026-05-04 01:19:27,896 -  -> Global Timeout   : 1200.0s
2026-05-04 01:19:27,896 -  -> Chi phí khởi điểm: 333651
2026-05-04 01:19:27,896 - =========================================
2026-05-04 01:19:27,896 - === BẮT ĐẦU CHẶNG 4: GUROBI MIP CHÍNH XÁC | Cost: 333651 ===
2026-05-04 01:19:27,896 -   [GĐ 4.1] Giải bài toán TSP trên từng tuyến đơn...
2026-05-04 01:19:31,846 -     -> Single Gurobi cải thiện: 122021. Cost mới: 211630
2026-05-04 01:19:31,846 -   [GĐ 4.2] Xét từng cặp tuyến để phân bổ lại khách hàng...
2026-05-04 01:19:31,846 -   --- Pairwise Iter 1 (còn 1196s) ---
2026-05-04 01:19:43,962 -     [P4.2] Pair (2,51) giảm 937 -> BEST = 210693
2026-05-04 01:19:44,138 -   --- Pairwise Iter 2 (còn 1184s) ---
2026-05-04 01:19:55,877 -     [P4.2] Pair (2,49) giảm 1076 -> BEST = 209617
2026-05-04 01:19:56,164 -   --- Pairwise Iter 3 (còn 1172s) ---
2026-05-04 01:20:10,775 -     [P4.2] Pair (9,57) giảm 1301 -> BEST = 208316
2026-05-04 01:20:10,911 -   --- Pairwise Iter 4 (còn 1157s) ---
2026-05-04 01:21:49,979 -     [P4.2] Pair (9,16) giảm 745 -> BEST = 207571
2026-05-04 01:21:50,377 -   --- Pairwise Iter 5 (còn 1058s) ---
2026-05-04 01:22:08,528 -     [P4.2] Pair (4,38) giảm 624 -> BEST = 206947
2026-05-04 01:22:08,643 -   --- Pairwise Iter 6 (còn 1039s) ---
2026-05-04 01:22:21,029 -     [P4.2] Pair (18,30) giảm 373 -> BEST = 206574
2026-05-04 01:22:21,083 -   --- Pairwise Iter 7 (còn 1027s) ---
2026-05-04 01:23:14,727 -     [P4.2] Pair (30,58) giảm 1343 -> BEST = 205231
2026-05-04 01:23:14,843 -   --- Pairwise Iter 8 (còn 973s) ---
2026-05-04 01:23:31,020 -     [P4.2] Pair (28,51) giảm 971 -> BEST = 204260
2026-05-04 01:23:31,216 -   --- Pairwise Iter 9 (còn 957s) ---
2026-05-04 01:25:17,216 -     [P4.2] Pair (54,58) giảm 144 -> BEST = 204116
2026-05-04 01:25:18,098 -   --- Pairwise Iter 10 (còn 850s) ---
2026-05-04 01:25:39,460 -     [P4.2] Pair (1,44) giảm 798 -> BEST = 203318
2026-05-04 01:25:39,535 -   --- Pairwise Iter 11 (còn 828s) ---
2026-05-04 01:27:17,525 -     [P4.2] Pair (22,58) giảm 1310 -> BEST = 202008
2026-05-04 01:27:18,065 -   --- Pairwise Iter 12 (còn 730s) ---
2026-05-04 01:27:54,867 -     [P4.2] Pair (52,53) giảm 1236 -> BEST = 200772
2026-05-04 01:27:55,063 -   --- Pairwise Iter 13 (còn 693s) ---
2026-05-04 01:28:05,422 -     [P4.2] Pair (4,21) giảm 970 -> BEST = 199802
2026-05-04 01:28:05,598 -   --- Pairwise Iter 14 (còn 682s) ---
2026-05-04 01:29:51,190 -     [P4.2] Pair (50,54) giảm 433 -> BEST = 199369
2026-05-04 01:29:51,466 -   --- Pairwise Iter 15 (còn 576s) ---
2026-05-04 01:30:29,881 -     [P4.2] Pair (47,50) giảm 1300 -> BEST = 198069
2026-05-04 01:30:30,339 -   --- Pairwise Iter 16 (còn 538s) ---
2026-05-04 01:30:43,011 -     [P4.2] Pair (3,22) giảm 410 -> BEST = 197659
2026-05-04 01:30:43,096 -   --- Pairwise Iter 17 (còn 525s) ---
2026-05-04 01:30:48,876 -     [P4.2] Pair (3,44) giảm 594 -> BEST = 197065
2026-05-04 01:30:48,920 -   --- Pairwise Iter 18 (còn 519s) ---
2026-05-04 01:31:02,660 -     [P4.2] Pair (5,50) giảm 270 -> BEST = 196795
2026-05-04 01:31:02,837 -   --- Pairwise Iter 19 (còn 505s) ---
2026-05-04 01:31:19,669 -     [P4.2] Pair (11,22) giảm 72 -> BEST = 196723
2026-05-04 01:31:19,703 -   --- Pairwise Iter 20 (còn 488s) ---
2026-05-04 01:31:33,576 -     [P4.2] Pair (13,15) giảm 14 -> BEST = 196709
2026-05-04 01:31:33,611 -   --- Pairwise Iter 21 (còn 474s) ---
2026-05-04 01:33:27,125 -     [P4.2] Pair (18,47) giảm 177 -> BEST = 196532
2026-05-04 01:33:27,664 -   --- Pairwise Iter 22 (còn 360s) ---
2026-05-04 01:35:21,611 -     [P4.2] Pair (24,25) giảm 533 -> BEST = 195999
2026-05-04 01:35:21,655 -   --- Pairwise Iter 23 (còn 246s) ---
2026-05-04 01:38:11,239 -     [P4.2] Pair (38,46) giảm 499 -> BEST = 195500
2026-05-04 01:38:11,294 -   --- Pairwise Iter 24 (còn 77s) ---
2026-05-04 01:38:27,796 -     [P4.2] Pair (43,46) giảm 576 -> BEST = 194924
2026-05-04 01:38:27,901 -   --- Pairwise Iter 25 (còn 60s) ---
2026-05-04 01:39:25,938 -     -> Đã đạt cực trị toàn cục cho mọi cặp dưới ngưỡng. KẾT THÚC CHẶNG 4.
2026-05-04 01:39:25,938 - Hoàn thành trong 1198.0s. Final Cost: 194924
2026-05-04 01:39:25,938 - ======================================================================
2026-05-04 01:39:25,938 - BÁO CÁO TỔNG KẾT (SUMMARY)
2026-05-04 01:39:25,938 - ======================================================================
2026-05-04 01:39:25,938 -   1. Chi phí Clarke-Wright:     333651
2026-05-04 01:39:25,938 -   2. Chi phí sau Gurobi MIP:    194924
2026-05-04 01:39:25,938 -   => TỔNG CẢI THIỆN:            138727
2026-05-04 01:39:25,938 -   => Số lần Gurobi Single cải thiện  : 59 lần
2026-05-04 01:39:25,938 -   => Số lần Gurobi Pairwise cải thiện: 24 lần
2026-05-04 01:39:25,938 -   => TỔNG THỜI GIAN CHẠY:       1201.610s
2026-05-04 01:39:25,943 - ======================================================================
2026-05-04 01:39:25,944 - GUROBI MIP SOLVER  |  FILE: X-n627-k43.vrp
2026-05-04 01:39:25,944 - ======================================================================
2026-05-04 01:39:26,463 - Thông tin dữ liệu: Dimension=627, K=43, Capacity=110
2026-05-04 01:39:26,463 - --- Step 1: Clarke-Wright Heuristic ---
2026-05-04 01:39:27,914 -     [CW-Phase4] BFD thất bại với 1 khách hàng. Kích hoạt Backtracking (Giảm depth dần)...
2026-05-04 01:39:27,917 -       -> Thử hoán đổi với depth=3 (Limit: 10s)...
2026-05-04 01:39:37,919 -       -> Thử hoán đổi với depth=2 (Limit: 10s)...
2026-05-04 01:39:38,637 -       -> Thử hoán đổi với depth=1 (Limit: 10s)...
2026-05-04 01:39:38,639 -     [CW-Phase4] TẤT CẢ depth đều thất bại hoặc timeout. Chuyển sang Fallback (Sweep).
2026-05-04 01:39:39,312 -     [CW-Phase4] BFD thất bại với 1 khách hàng. Kích hoạt Backtracking (Giảm depth dần)...
2026-05-04 01:39:39,314 -       -> Thử hoán đổi với depth=3 (Limit: 10s)...
2026-05-04 01:39:49,317 -       -> Thử hoán đổi với depth=2 (Limit: 10s)...
2026-05-04 01:39:50,038 -       -> Thử hoán đổi với depth=1 (Limit: 10s)...
2026-05-04 01:39:50,041 -     [CW-Phase4] TẤT CẢ depth đều thất bại hoặc timeout. Chuyển sang Fallback (Sweep).
2026-05-04 01:39:50,041 - ❌ CW THẤT BẠI (UNSAT): Không thể đóng gói vào đúng K=43 xe.
2026-05-04 01:39:50,041 - Chi tiết: Cannot reduce the number of routes
2026-05-04 01:39:50,077 - ======================================================================
2026-05-04 01:39:50,077 - GUROBI MIP SOLVER  |  FILE: X-n641-k35.vrp
2026-05-04 01:39:50,077 - ======================================================================
2026-05-04 01:39:50,616 - Thông tin dữ liệu: Dimension=641, K=35, Capacity=1381
2026-05-04 01:39:50,616 - --- Step 1: Clarke-Wright Heuristic ---
2026-05-04 01:39:51,550 -   Kết quả CW: Cost = 78106, Time = 0.934s
2026-05-04 01:39:51,550 - --- Step 2: Advanced Optimization (Gurobi MIP) ---
2026-05-04 01:39:51,550 - =========================================
2026-05-04 01:39:51,550 - BẮT ĐẦU OPTIMIZE  (100% Gurobi MIP)
2026-05-04 01:39:51,550 -  -> Max Single Size  : 35
2026-05-04 01:39:51,550 -  -> Single Timeout   : 40.0s
2026-05-04 01:39:51,550 -  -> Max Pairwise Size: 28
2026-05-04 01:39:51,550 -  -> Pairwise Timeout : 150.0s
2026-05-04 01:39:51,550 -  -> Global Timeout   : 1200.0s
2026-05-04 01:39:51,551 -  -> Chi phí khởi điểm: 78106
2026-05-04 01:39:51,551 - =========================================
2026-05-04 01:39:51,551 - === BẮT ĐẦU CHẶNG 4: GUROBI MIP CHÍNH XÁC | Cost: 78106 ===
2026-05-04 01:39:51,551 -   [GĐ 4.1] Giải bài toán TSP trên từng tuyến đơn...
2026-05-04 01:57:07,531 -     -> Single Gurobi cải thiện: 4289. Cost mới: 73817
2026-05-04 01:57:07,531 -   [GĐ 4.2] Xét từng cặp tuyến để phân bổ lại khách hàng...
2026-05-04 01:57:07,531 -   --- Pairwise Iter 1 (còn 164s) ---
2026-05-04 01:57:07,571 -     -> Đã đạt cực trị toàn cục cho mọi cặp dưới ngưỡng. KẾT THÚC CHẶNG 4.
2026-05-04 01:57:07,571 - Hoàn thành trong 1036.0s. Final Cost: 73817
2026-05-04 01:57:07,571 - ======================================================================
2026-05-04 01:57:07,571 - BÁO CÁO TỔNG KẾT (SUMMARY)
2026-05-04 01:57:07,571 - ======================================================================
2026-05-04 01:57:07,571 -   1. Chi phí Clarke-Wright:     78106
2026-05-04 01:57:07,571 -   2. Chi phí sau Gurobi MIP:    73817
2026-05-04 01:57:07,571 -   => TỔNG CẢI THIỆN:            4289
2026-05-04 01:57:07,571 -   => Số lần Gurobi Single cải thiện  : 34 lần
2026-05-04 01:57:07,571 -   => Số lần Gurobi Pairwise cải thiện: 0 lần
2026-05-04 01:57:07,571 -   => TỔNG THỜI GIAN CHẠY:       1036.955s
2026-05-04 01:57:07,577 - ======================================================================
2026-05-04 01:57:07,577 - GUROBI MIP SOLVER  |  FILE: X-n655-k131.vrp
2026-05-04 01:57:07,577 - ======================================================================
2026-05-04 01:57:08,146 - Thông tin dữ liệu: Dimension=655, K=131, Capacity=5
2026-05-04 01:57:08,146 - --- Step 1: Clarke-Wright Heuristic ---
2026-05-04 01:57:08,922 -   Kết quả CW: Cost = 125020, Time = 0.776s
2026-05-04 01:57:08,922 - --- Step 2: Advanced Optimization (Gurobi MIP) ---
2026-05-04 01:57:08,922 - =========================================
2026-05-04 01:57:08,923 - BẮT ĐẦU OPTIMIZE  (100% Gurobi MIP)
2026-05-04 01:57:08,923 -  -> Max Single Size  : 20
2026-05-04 01:57:08,923 -  -> Single Timeout   : 40.0s
2026-05-04 01:57:08,923 -  -> Max Pairwise Size: 17
2026-05-04 01:57:08,923 -  -> Pairwise Timeout : 50.0s
2026-05-04 01:57:08,923 -  -> Global Timeout   : 1200.0s
2026-05-04 01:57:08,923 -  -> Chi phí khởi điểm: 125020
2026-05-04 01:57:08,923 - =========================================
2026-05-04 01:57:08,923 - === BẮT ĐẦU CHẶNG 4: GUROBI MIP CHÍNH XÁC | Cost: 125020 ===
2026-05-04 01:57:08,923 -   [GĐ 4.1] Giải bài toán TSP trên từng tuyến đơn...
2026-05-04 01:57:11,416 -     -> Single Gurobi cải thiện: 869. Cost mới: 124151
2026-05-04 01:57:11,416 -   [GĐ 4.2] Xét từng cặp tuyến để phân bổ lại khách hàng...
2026-05-04 01:57:11,416 -   --- Pairwise Iter 1 (còn 1198s) ---
2026-05-04 01:57:15,844 -     [P4.2] Pair (2,57) giảm 3 -> BEST = 124148
2026-05-04 01:57:15,888 -   --- Pairwise Iter 2 (còn 1193s) ---
2026-05-04 01:57:32,733 -     [P4.2] Pair (8,42) giảm 5 -> BEST = 124143
2026-05-04 01:57:32,788 -   --- Pairwise Iter 3 (còn 1176s) ---
2026-05-04 01:57:42,884 -     [P4.2] Pair (26,68) giảm 12 -> BEST = 124131
2026-05-04 01:57:42,918 -   --- Pairwise Iter 4 (còn 1166s) ---
2026-05-04 01:57:43,847 -     [P4.2] Pair (4,35) giảm 24 -> BEST = 124107
2026-05-04 01:57:43,891 -   --- Pairwise Iter 5 (còn 1165s) ---
2026-05-04 01:57:45,699 -     [P4.2] Pair (7,28) giảm 2 -> BEST = 124105
2026-05-04 01:57:45,744 -   --- Pairwise Iter 6 (còn 1163s) ---
2026-05-04 01:57:50,970 -     [P4.2] Pair (58,78) giảm 12 -> BEST = 124093
2026-05-04 01:57:51,004 -   --- Pairwise Iter 7 (còn 1158s) ---
2026-05-04 01:57:55,433 -     [P4.2] Pair (0,52) giảm 4 -> BEST = 124089
2026-05-04 01:57:55,457 -   --- Pairwise Iter 8 (còn 1153s) ---
2026-05-04 01:57:59,817 -     [P4.2] Pair (7,63) giảm 6 -> BEST = 124083
2026-05-04 01:57:59,841 -   --- Pairwise Iter 9 (còn 1149s) ---
2026-05-04 01:58:02,337 -     [P4.2] Pair (28,63) giảm 3 -> BEST = 124080
2026-05-04 01:58:02,382 -   --- Pairwise Iter 10 (còn 1147s) ---
2026-05-04 01:58:02,956 -     [P4.2] Pair (7,63) giảm 20 -> BEST = 124060
2026-05-04 01:58:03,001 -   --- Pairwise Iter 11 (còn 1146s) ---
2026-05-04 01:58:09,114 -     [P4.2] Pair (119,128) giảm 1 -> BEST = 124059
2026-05-04 01:58:09,138 -   --- Pairwise Iter 12 (còn 1140s) ---
2026-05-04 01:58:15,041 -     [P4.2] Pair (2,15) giảm 4 -> BEST = 124055
2026-05-04 01:58:15,075 -   --- Pairwise Iter 13 (còn 1134s) ---
2026-05-04 01:58:23,266 -     [P4.2] Pair (12,17) giảm 2 -> BEST = 124053
2026-05-04 01:58:23,311 -   --- Pairwise Iter 14 (còn 1126s) ---
2026-05-04 01:58:50,584 -     [P4.2] Pair (25,126) giảm 9 -> BEST = 124044
2026-05-04 01:58:50,648 -   --- Pairwise Iter 15 (còn 1098s) ---
2026-05-04 01:59:16,756 -     [P4.2] Pair (29,52) giảm 83 -> BEST = 123961
2026-05-04 01:59:16,791 -   --- Pairwise Iter 16 (còn 1072s) ---
2026-05-04 01:59:42,864 -     [P4.2] Pair (31,80) giảm 15 -> BEST = 123946
2026-05-04 01:59:42,898 -   --- Pairwise Iter 17 (còn 1046s) ---
2026-05-04 02:00:10,234 -     [P4.2] Pair (34,82) giảm 6 -> BEST = 123940
2026-05-04 02:00:10,278 -   --- Pairwise Iter 18 (còn 1019s) ---
2026-05-04 02:00:53,375 -     [P4.2] Pair (43,106) giảm 12 -> BEST = 123928
2026-05-04 02:00:53,419 -   --- Pairwise Iter 19 (còn 976s) ---
2026-05-04 02:01:46,317 -     [P4.2] Pair (43,130) giảm 1 -> BEST = 123927
2026-05-04 02:01:46,351 -   --- Pairwise Iter 20 (còn 923s) ---
2026-05-04 02:02:14,442 -     [P4.2] Pair (47,123) giảm 18 -> BEST = 123909
2026-05-04 02:02:14,486 -   --- Pairwise Iter 21 (còn 894s) ---
2026-05-04 02:02:45,003 -     [P4.2] Pair (58,65) giảm 127 -> BEST = 123782
2026-05-04 02:02:45,028 -   --- Pairwise Iter 22 (còn 864s) ---
2026-05-04 02:03:24,219 -     [P4.2] Pair (87,90) giảm 5 -> BEST = 123777
2026-05-04 02:03:24,274 -   --- Pairwise Iter 23 (còn 825s) ---
2026-05-04 02:04:10,520 -     [P4.2] Pair (97,119) giảm 17 -> BEST = 123760
2026-05-04 02:04:10,565 -   --- Pairwise Iter 24 (còn 778s) ---
2026-05-04 02:05:07,200 -     [P4.2] Pair (115,129) giảm 8 -> BEST = 123752
2026-05-04 02:05:07,234 -   --- Pairwise Iter 25 (còn 722s) ---
2026-05-04 02:05:53,906 -     [P4.2] Pair (5,84) giảm 4 -> BEST = 123748
2026-05-04 02:05:53,971 -   --- Pairwise Iter 26 (còn 675s) ---
2026-05-04 02:06:41,773 -     [P4.2] Pair (5,80) giảm 2 -> BEST = 123746
2026-05-04 02:06:41,818 -   --- Pairwise Iter 27 (còn 627s) ---
2026-05-04 02:07:27,334 -     [P4.2] Pair (14,43) giảm 12 -> BEST = 123734
2026-05-04 02:07:27,359 -   --- Pairwise Iter 28 (còn 582s) ---
2026-05-04 02:08:35,444 -     [P4.2] Pair (32,34) giảm 34 -> BEST = 123700
2026-05-04 02:08:35,479 -   --- Pairwise Iter 29 (còn 513s) ---
2026-05-04 02:10:05,475 -     [P4.2] Pair (35,51) giảm 18 -> BEST = 123682
2026-05-04 02:10:05,520 -   --- Pairwise Iter 30 (còn 423s) ---
2026-05-04 02:11:30,497 -     [P4.2] Pair (48,66) giảm 6 -> BEST = 123676
2026-05-04 02:11:30,552 -   --- Pairwise Iter 31 (còn 338s) ---
2026-05-04 02:12:56,932 -     [P4.2] Pair (54,61) giảm 30 -> BEST = 123646
2026-05-04 02:12:56,976 -   --- Pairwise Iter 32 (còn 252s) ---
2026-05-04 02:14:20,536 -     [P4.2] Pair (57,92) giảm 326 -> BEST = 123320
2026-05-04 02:14:20,581 -   --- Pairwise Iter 33 (còn 168s) ---
2026-05-04 02:15:46,570 -     [P4.2] Pair (58,72) giảm 11 -> BEST = 123309
2026-05-04 02:15:46,604 -   --- Pairwise Iter 34 (còn 82s) ---
2026-05-04 02:17:06,964 -     -> Đã đạt cực trị toàn cục cho mọi cặp dưới ngưỡng. KẾT THÚC CHẶNG 4.
2026-05-04 02:17:06,964 - Hoàn thành trong 1198.0s. Final Cost: 123309
2026-05-04 02:17:06,968 - ======================================================================
2026-05-04 02:17:06,968 - BÁO CÁO TỔNG KẾT (SUMMARY)
2026-05-04 02:17:06,968 - ======================================================================
2026-05-04 02:17:06,968 -   1. Chi phí Clarke-Wright:     125020
2026-05-04 02:17:06,968 -   2. Chi phí sau Gurobi MIP:    123309
2026-05-04 02:17:06,968 -   => TỔNG CẢI THIỆN:            1711
2026-05-04 02:17:06,969 -   => Số lần Gurobi Single cải thiện  : 78 lần
2026-05-04 02:17:06,969 -   => Số lần Gurobi Pairwise cải thiện: 33 lần
2026-05-04 02:17:06,969 -   => TỔNG THỜI GIAN CHẠY:       1198.821s
2026-05-04 02:17:06,972 - ======================================================================
2026-05-04 02:17:06,972 - GUROBI MIP SOLVER  |  FILE: X-n670-k130.vrp
2026-05-04 02:17:06,973 - ======================================================================
2026-05-04 02:17:07,563 - Thông tin dữ liệu: Dimension=670, K=130, Capacity=129
2026-05-04 02:17:07,564 - --- Step 1: Clarke-Wright Heuristic ---
2026-05-04 02:18:06,241 -   Kết quả CW: Cost = 371520, Time = 58.677s
2026-05-04 02:18:06,241 - --- Step 2: Advanced Optimization (Gurobi MIP) ---
2026-05-04 02:18:06,242 - =========================================
2026-05-04 02:18:06,242 - BẮT ĐẦU OPTIMIZE  (100% Gurobi MIP)
2026-05-04 02:18:06,242 -  -> Max Single Size  : 20
2026-05-04 02:18:06,242 -  -> Single Timeout   : 40.0s
2026-05-04 02:18:06,242 -  -> Max Pairwise Size: 18
2026-05-04 02:18:06,242 -  -> Pairwise Timeout : 52.0s
2026-05-04 02:18:06,242 -  -> Global Timeout   : 1200.0s
2026-05-04 02:18:06,242 -  -> Chi phí khởi điểm: 371520
2026-05-04 02:18:06,242 - =========================================
2026-05-04 02:18:06,243 - === BẮT ĐẦU CHẶNG 4: GUROBI MIP CHÍNH XÁC | Cost: 371520 ===
2026-05-04 02:18:06,243 -   [GĐ 4.1] Giải bài toán TSP trên từng tuyến đơn...
2026-05-04 02:18:11,227 -     -> Single Gurobi cải thiện: 77371. Cost mới: 294149
2026-05-04 02:18:11,227 -   [GĐ 4.2] Xét từng cặp tuyến để phân bổ lại khách hàng...
2026-05-04 02:18:11,227 -   --- Pairwise Iter 1 (còn 1195s) ---
2026-05-04 02:18:18,715 -     [P4.2] Pair (13,48) giảm 808 -> BEST = 293341
2026-05-04 02:18:18,830 -   --- Pairwise Iter 2 (còn 1187s) ---
2026-05-04 02:18:42,663 -     [P4.2] Pair (31,46) giảm 629 -> BEST = 292712
2026-05-04 02:18:42,759 -   --- Pairwise Iter 3 (còn 1163s) ---
2026-05-04 02:18:49,211 -     [P4.2] Pair (17,52) giảm 554 -> BEST = 292158
2026-05-04 02:18:49,357 -   --- Pairwise Iter 4 (còn 1157s) ---
2026-05-04 02:19:41,614 -     [P4.2] Pair (40,46) giảm 741 -> BEST = 291417
2026-05-04 02:19:41,710 -   --- Pairwise Iter 5 (còn 1105s) ---
2026-05-04 02:19:42,076 -     [P4.2] Pair (4,25) giảm 840 -> BEST = 290577
2026-05-04 02:19:42,101 -   --- Pairwise Iter 6 (còn 1104s) ---
2026-05-04 02:20:21,635 -     [P4.2] Pair (11,50) giảm 724 -> BEST = 289853
2026-05-04 02:20:21,811 -   --- Pairwise Iter 7 (còn 1064s) ---
2026-05-04 02:20:23,987 -     [P4.2] Pair (20,29) giảm 592 -> BEST = 289261
2026-05-04 02:20:24,031 -   --- Pairwise Iter 8 (còn 1062s) ---
2026-05-04 02:20:33,874 -     [P4.2] Pair (22,31) giảm 229 -> BEST = 289032
2026-05-04 02:20:33,899 -   --- Pairwise Iter 9 (còn 1052s) ---
2026-05-04 02:20:50,587 -     [P4.2] Pair (22,45) giảm 299 -> BEST = 288733
2026-05-04 02:20:50,642 -   --- Pairwise Iter 10 (còn 1036s) ---
2026-05-04 02:21:42,756 -     [P4.2] Pair (31,45) giảm 64 -> BEST = 288669
2026-05-04 02:21:42,851 -   --- Pairwise Iter 11 (còn 983s) ---
2026-05-04 02:21:44,516 -     [P4.2] Pair (24,35) giảm 231 -> BEST = 288438
2026-05-04 02:21:44,571 -   --- Pairwise Iter 12 (còn 982s) ---
2026-05-04 02:21:45,259 -     [P4.2] Pair (0,65) giảm 804 -> BEST = 287634
2026-05-04 02:21:45,271 -   --- Pairwise Iter 13 (còn 981s) ---
2026-05-04 02:21:46,239 -     [P4.2] Pair (5,25) giảm 1090 -> BEST = 286544
2026-05-04 02:21:46,284 -   --- Pairwise Iter 14 (còn 980s) ---
2026-05-04 02:21:47,252 -     [P4.2] Pair (19,122) giảm 80 -> BEST = 286464
2026-05-04 02:21:47,287 -   --- Pairwise Iter 15 (còn 979s) ---
2026-05-04 02:21:48,620 -     [P4.2] Pair (40,123) giảm 572 -> BEST = 285892
2026-05-04 02:21:48,705 -   --- Pairwise Iter 16 (còn 978s) ---
2026-05-04 02:21:50,169 -     [P4.2] Pair (54,98) giảm 305 -> BEST = 285587
2026-05-04 02:21:50,375 -   --- Pairwise Iter 17 (còn 976s) ---
2026-05-04 02:22:43,779 -     [P4.2] Pair (5,53) giảm 59 -> BEST = 285528
2026-05-04 02:22:44,015 -   --- Pairwise Iter 18 (còn 922s) ---
2026-05-04 02:23:36,129 -     [P4.2] Pair (39,53) giảm 693 -> BEST = 284835
2026-05-04 02:23:37,939 -   --- Pairwise Iter 19 (còn 868s) ---
2026-05-04 02:23:39,492 -     [P4.2] Pair (19,128) giảm 919 -> BEST = 283916
2026-05-04 02:23:39,517 -   --- Pairwise Iter 20 (còn 867s) ---
2026-05-04 02:23:41,274 -     [P4.2] Pair (90,122) giảm 117 -> BEST = 283799
2026-05-04 02:23:41,298 -   --- Pairwise Iter 21 (còn 865s) ---
2026-05-04 02:23:43,701 -     [P4.2] Pair (98,102) giảm 6 -> BEST = 283793
2026-05-04 02:23:43,927 -   --- Pairwise Iter 22 (còn 862s) ---
2026-05-04 02:24:06,408 -     [P4.2] Pair (9,50) giảm 331 -> BEST = 283462
2026-05-04 02:24:06,806 -   --- Pairwise Iter 23 (còn 839s) ---
2026-05-04 02:24:11,894 -     [P4.2] Pair (34,42) giảm 886 -> BEST = 282576
2026-05-04 02:24:11,968 -   --- Pairwise Iter 24 (còn 834s) ---
2026-05-04 02:24:22,781 -     [P4.2] Pair (4,49) giảm 425 -> BEST = 282151
2026-05-04 02:24:22,886 -   --- Pairwise Iter 25 (còn 823s) ---
2026-05-04 02:24:29,176 -     [P4.2] Pair (25,49) giảm 437 -> BEST = 281714
2026-05-04 02:24:29,261 -   --- Pairwise Iter 26 (còn 817s) ---
2026-05-04 02:25:27,185 -     [P4.2] Pair (48,52) giảm 221 -> BEST = 281493
2026-05-04 02:25:27,391 -   --- Pairwise Iter 27 (còn 759s) ---
2026-05-04 02:27:20,847 -     [P4.2] Pair (11,128) giảm 590 -> BEST = 280903
2026-05-04 02:27:20,962 -   --- Pairwise Iter 28 (còn 645s) ---
2026-05-04 02:29:13,160 -     [P4.2] Pair (21,44) giảm 505 -> BEST = 280398
2026-05-04 02:29:13,225 -   --- Pairwise Iter 29 (còn 533s) ---
2026-05-04 02:31:11,386 -     [P4.2] Pair (22,28) giảm 501 -> BEST = 279897
2026-05-04 02:31:11,481 -   --- Pairwise Iter 30 (còn 415s) ---
2026-05-04 02:33:03,317 -     [P4.2] Pair (23,25) giảm 485 -> BEST = 279412
2026-05-04 02:33:03,382 -   --- Pairwise Iter 31 (còn 303s) ---
2026-05-04 02:35:09,888 -     [P4.2] Pair (23,46) giảm 629 -> BEST = 278783
2026-05-04 02:35:10,043 -   --- Pairwise Iter 32 (còn 176s) ---
2026-05-04 02:37:14,150 -     [P4.2] Pair (18,29) giảm 275 -> BEST = 278508
2026-05-04 02:37:14,174 -   --- Pairwise Iter 33 (còn 52s) ---
2026-05-04 02:38:04,294 -     -> Đã đạt cực trị toàn cục cho mọi cặp dưới ngưỡng. KẾT THÚC CHẶNG 4.
2026-05-04 02:38:04,294 - Hoàn thành trong 1198.1s. Final Cost: 278508
2026-05-04 02:38:04,294 - ======================================================================
2026-05-04 02:38:04,294 - BÁO CÁO TỔNG KẾT (SUMMARY)
2026-05-04 02:38:04,294 - ======================================================================
2026-05-04 02:38:04,294 -   1. Chi phí Clarke-Wright:     371520
2026-05-04 02:38:04,295 -   2. Chi phí sau Gurobi MIP:    278508
2026-05-04 02:38:04,295 -   => TỔNG CẢI THIỆN:            93012
2026-05-04 02:38:04,295 -   => Số lần Gurobi Single cải thiện  : 70 lần
2026-05-04 02:38:04,295 -   => Số lần Gurobi Pairwise cải thiện: 32 lần
2026-05-04 02:38:04,295 -   => TỔNG THỜI GIAN CHẠY:       1256.730s
2026-05-04 02:38:04,300 - ======================================================================
2026-05-04 02:38:04,300 - GUROBI MIP SOLVER  |  FILE: X-n685-k75.vrp
2026-05-04 02:38:04,300 - ======================================================================
2026-05-04 02:38:04,926 - Thông tin dữ liệu: Dimension=685, K=75, Capacity=408
2026-05-04 02:38:04,926 - --- Step 1: Clarke-Wright Heuristic ---
2026-05-04 02:38:05,865 -   Kết quả CW: Cost = 96728, Time = 0.939s
2026-05-04 02:38:05,865 - --- Step 2: Advanced Optimization (Gurobi MIP) ---
2026-05-04 02:38:05,865 - =========================================
2026-05-04 02:38:05,865 - BẮT ĐẦU OPTIMIZE  (100% Gurobi MIP)
2026-05-04 02:38:05,865 -  -> Max Single Size  : 22
2026-05-04 02:38:05,865 -  -> Single Timeout   : 40.0s
2026-05-04 02:38:05,865 -  -> Max Pairwise Size: 28
2026-05-04 02:38:05,865 -  -> Pairwise Timeout : 92.0s
2026-05-04 02:38:05,865 -  -> Global Timeout   : 1200.0s
2026-05-04 02:38:05,866 -  -> Chi phí khởi điểm: 96728
2026-05-04 02:38:05,866 - =========================================
2026-05-04 02:38:05,866 - === BẮT ĐẦU CHẶNG 4: GUROBI MIP CHÍNH XÁC | Cost: 96728 ===
2026-05-04 02:38:05,866 -   [GĐ 4.1] Giải bài toán TSP trên từng tuyến đơn...
2026-05-04 02:47:18,873 -     -> Single Gurobi cải thiện: 5221. Cost mới: 91507
2026-05-04 02:47:18,873 -   [GĐ 4.2] Xét từng cặp tuyến để phân bổ lại khách hàng...
2026-05-04 02:47:18,873 -   --- Pairwise Iter 1 (còn 647s) ---
2026-05-04 02:48:50,970 -     [P4.2] Pair (56,59) giảm 140 -> BEST = 91367
2026-05-04 02:48:55,332 -   --- Pairwise Iter 2 (còn 551s) ---
2026-05-04 02:50:27,434 -     [P4.2] Pair (34,58) giảm 20 -> BEST = 91347
2026-05-04 02:50:28,286 -   --- Pairwise Iter 3 (còn 458s) ---
2026-05-04 02:52:03,859 -     [P4.2] Pair (17,52) giảm 190 -> BEST = 91157
2026-05-04 02:52:03,934 -   --- Pairwise Iter 4 (còn 362s) ---
2026-05-04 02:55:08,078 -     [P4.2] Pair (36,56) giảm 340 -> BEST = 90817
2026-05-04 02:55:09,020 -   --- Pairwise Iter 5 (còn 177s) ---
2026-05-04 02:58:03,947 -     -> Đã đạt cực trị toàn cục cho mọi cặp dưới ngưỡng. KẾT THÚC CHẶNG 4.
2026-05-04 02:58:03,947 - Hoàn thành trong 1198.1s. Final Cost: 90817
2026-05-04 02:58:03,947 - ======================================================================
2026-05-04 02:58:03,947 - BÁO CÁO TỔNG KẾT (SUMMARY)
2026-05-04 02:58:03,947 - ======================================================================
2026-05-04 02:58:03,947 -   1. Chi phí Clarke-Wright:     96728
2026-05-04 02:58:03,947 -   2. Chi phí sau Gurobi MIP:    90817
2026-05-04 02:58:03,947 -   => TỔNG CẢI THIỆN:            5911
2026-05-04 02:58:03,947 -   => Số lần Gurobi Single cải thiện  : 67 lần
2026-05-04 02:58:03,948 -   => Số lần Gurobi Pairwise cải thiện: 4 lần
2026-05-04 02:58:03,948 -   => TỔNG THỜI GIAN CHẠY:       1199.021s
2026-05-04 02:58:03,953 - ======================================================================
2026-05-04 02:58:03,953 - GUROBI MIP SOLVER  |  FILE: X-n701-k44.vrp
2026-05-04 02:58:03,953 - ======================================================================
2026-05-04 02:58:04,595 - Thông tin dữ liệu: Dimension=701, K=44, Capacity=87
2026-05-04 02:58:04,595 - --- Step 1: Clarke-Wright Heuristic ---
2026-05-04 02:58:05,761 -   Kết quả CW: Cost = 101338, Time = 1.166s
2026-05-04 02:58:05,762 - --- Step 2: Advanced Optimization (Gurobi MIP) ---
2026-05-04 02:58:05,762 - =========================================
2026-05-04 02:58:05,762 - BẮT ĐẦU OPTIMIZE  (100% Gurobi MIP)
2026-05-04 02:58:05,762 -  -> Max Single Size  : 35
2026-05-04 02:58:05,762 -  -> Single Timeout   : 40.0s
2026-05-04 02:58:05,762 -  -> Max Pairwise Size: 28
2026-05-04 02:58:05,762 -  -> Pairwise Timeout : 150.0s
2026-05-04 02:58:05,762 -  -> Global Timeout   : 1200.0s
2026-05-04 02:58:05,762 -  -> Chi phí khởi điểm: 101338
2026-05-04 02:58:05,762 - =========================================
2026-05-04 02:58:05,763 - === BẮT ĐẦU CHẶNG 4: GUROBI MIP CHÍNH XÁC | Cost: 101338 ===
2026-05-04 02:58:05,763 -   [GĐ 4.1] Giải bài toán TSP trên từng tuyến đơn...
2026-05-04 03:18:03,784 -     -> Single Gurobi cải thiện: 5753. Cost mới: 95585
2026-05-04 03:18:03,784 -   [GĐ 4.2] Xét từng cặp tuyến để phân bổ lại khách hàng...
2026-05-04 03:18:03,784 -   --- Pairwise Iter 1 (còn 2s) ---
2026-05-04 03:18:03,832 -     -> Đã đạt cực trị toàn cục cho mọi cặp dưới ngưỡng. KẾT THÚC CHẶNG 4.
2026-05-04 03:18:03,832 - Hoàn thành trong 1198.1s. Final Cost: 95585
2026-05-04 03:18:03,832 - ======================================================================
2026-05-04 03:18:03,832 - BÁO CÁO TỔNG KẾT (SUMMARY)
2026-05-04 03:18:03,832 - ======================================================================
2026-05-04 03:18:03,832 -   1. Chi phí Clarke-Wright:     101338
2026-05-04 03:18:03,832 -   2. Chi phí sau Gurobi MIP:    95585
2026-05-04 03:18:03,832 -   => TỔNG CẢI THIỆN:            5753
2026-05-04 03:18:03,832 -   => Số lần Gurobi Single cải thiện  : 42 lần
2026-05-04 03:18:03,832 -   => Số lần Gurobi Pairwise cải thiện: 0 lần
2026-05-04 03:18:03,832 -   => TỔNG THỜI GIAN CHẠY:       1199.236s
2026-05-04 03:18:03,838 - ======================================================================
2026-05-04 03:18:03,838 - GUROBI MIP SOLVER  |  FILE: X-n716-k35.vrp
2026-05-04 03:18:03,838 - ======================================================================
2026-05-04 03:18:04,503 - Thông tin dữ liệu: Dimension=716, K=35, Capacity=1007
2026-05-04 03:18:04,503 - --- Step 1: Clarke-Wright Heuristic ---
2026-05-04 03:18:05,913 -   Kết quả CW: Cost = 55910, Time = 1.409s
2026-05-04 03:18:05,913 - --- Step 2: Advanced Optimization (Gurobi MIP) ---
2026-05-04 03:18:05,913 - =========================================
2026-05-04 03:18:05,913 - BẮT ĐẦU OPTIMIZE  (100% Gurobi MIP)
2026-05-04 03:18:05,913 -  -> Max Single Size  : 35
2026-05-04 03:18:05,913 -  -> Single Timeout   : 40.0s
2026-05-04 03:18:05,913 -  -> Max Pairwise Size: 28
2026-05-04 03:18:05,913 -  -> Pairwise Timeout : 150.0s
2026-05-04 03:18:05,913 -  -> Global Timeout   : 1200.0s
2026-05-04 03:18:05,914 -  -> Chi phí khởi điểm: 55910
2026-05-04 03:18:05,914 - =========================================
2026-05-04 03:18:05,914 - === BẮT ĐẦU CHẶNG 4: GUROBI MIP CHÍNH XÁC | Cost: 55910 ===
2026-05-04 03:18:05,914 -   [GĐ 4.1] Giải bài toán TSP trên từng tuyến đơn...
2026-05-04 03:34:34,562 -     -> Single Gurobi cải thiện: 3239. Cost mới: 52671
2026-05-04 03:34:34,562 -   [GĐ 4.2] Xét từng cặp tuyến để phân bổ lại khách hàng...
2026-05-04 03:34:34,562 -   --- Pairwise Iter 1 (còn 211s) ---
2026-05-04 03:34:34,610 -     -> Đã đạt cực trị toàn cục cho mọi cặp dưới ngưỡng. KẾT THÚC CHẶNG 4.
2026-05-04 03:34:34,610 - Hoàn thành trong 988.7s. Final Cost: 52671
2026-05-04 03:34:34,610 - ======================================================================
2026-05-04 03:34:34,610 - BÁO CÁO TỔNG KẾT (SUMMARY)
2026-05-04 03:34:34,610 - ======================================================================
2026-05-04 03:34:34,610 -   1. Chi phí Clarke-Wright:     55910
2026-05-04 03:34:34,610 -   2. Chi phí sau Gurobi MIP:    52671
2026-05-04 03:34:34,610 -   => TỔNG CẢI THIỆN:            3239
2026-05-04 03:34:34,610 -   => Số lần Gurobi Single cải thiện  : 35 lần
2026-05-04 03:34:34,610 -   => Số lần Gurobi Pairwise cải thiện: 0 lần
2026-05-04 03:34:34,610 -   => TỔNG THỜI GIAN CHẠY:       990.106s
2026-05-04 03:34:34,616 - ======================================================================
2026-05-04 03:34:34,616 - GUROBI MIP SOLVER  |  FILE: X-n733-k159.vrp
2026-05-04 03:34:34,616 - ======================================================================
2026-05-04 03:34:35,328 - Thông tin dữ liệu: Dimension=733, K=159, Capacity=25
2026-05-04 03:34:35,328 - --- Step 1: Clarke-Wright Heuristic ---
2026-05-04 03:34:43,165 -   Kết quả CW: Cost = 412027, Time = 7.837s
2026-05-04 03:34:43,166 - --- Step 2: Advanced Optimization (Gurobi MIP) ---
2026-05-04 03:34:43,166 - =========================================
2026-05-04 03:34:43,166 - BẮT ĐẦU OPTIMIZE  (100% Gurobi MIP)
2026-05-04 03:34:43,166 -  -> Max Single Size  : 20
2026-05-04 03:34:43,166 -  -> Single Timeout   : 40.0s
2026-05-04 03:34:43,166 -  -> Max Pairwise Size: 16
2026-05-04 03:34:43,166 -  -> Pairwise Timeout : 47.0s
2026-05-04 03:34:43,166 -  -> Global Timeout   : 1200.0s
2026-05-04 03:34:43,167 -  -> Chi phí khởi điểm: 412027
2026-05-04 03:34:43,167 - =========================================
2026-05-04 03:34:43,167 - === BẮT ĐẦU CHẶNG 4: GUROBI MIP CHÍNH XÁC | Cost: 412027 ===
2026-05-04 03:34:43,167 -   [GĐ 4.1] Giải bài toán TSP trên từng tuyến đơn...
2026-05-04 03:34:54,759 -     -> Single Gurobi cải thiện: 97385. Cost mới: 314642
2026-05-04 03:34:54,759 -   [GĐ 4.2] Xét từng cặp tuyến để phân bổ lại khách hàng...
2026-05-04 03:34:54,759 -   --- Pairwise Iter 1 (còn 1188s) ---
2026-05-04 03:34:54,925 -     [P4.2] Pair (60,95) giảm 614 -> BEST = 314028
2026-05-04 03:34:54,949 -   --- Pairwise Iter 2 (còn 1188s) ---
2026-05-04 03:34:55,178 -     [P4.2] Pair (80,83) giảm 1245 -> BEST = 312783
2026-05-04 03:34:55,202 -   --- Pairwise Iter 3 (còn 1188s) ---
2026-05-04 03:34:56,218 -     [P4.2] Pair (34,147) giảm 1087 -> BEST = 311696
2026-05-04 03:34:56,263 -   --- Pairwise Iter 4 (còn 1187s) ---
2026-05-04 03:34:59,221 -     [P4.2] Pair (23,148) giảm 1089 -> BEST = 310607
2026-05-04 03:34:59,296 -   --- Pairwise Iter 5 (còn 1184s) ---
2026-05-04 03:35:00,268 -     [P4.2] Pair (62,96) giảm 621 -> BEST = 309986
2026-05-04 03:35:00,293 -   --- Pairwise Iter 6 (còn 1183s) ---
2026-05-04 03:35:01,601 -     [P4.2] Pair (93,115) giảm 73 -> BEST = 309913
2026-05-04 03:35:01,625 -   --- Pairwise Iter 7 (còn 1182s) ---
2026-05-04 03:35:06,289 -     [P4.2] Pair (25,149) giảm 611 -> BEST = 309302
2026-05-04 03:35:06,344 -   --- Pairwise Iter 8 (còn 1177s) ---
2026-05-04 03:35:08,802 -     [P4.2] Pair (34,125) giảm 514 -> BEST = 308788
2026-05-04 03:35:08,826 -   --- Pairwise Iter 9 (còn 1174s) ---
2026-05-04 03:35:11,141 -     [P4.2] Pair (35,138) giảm 53 -> BEST = 308735
2026-05-04 03:35:11,176 -   --- Pairwise Iter 10 (còn 1172s) ---
2026-05-04 03:35:13,669 -     [P4.2] Pair (38,120) giảm 4 -> BEST = 308731
2026-05-04 03:35:13,693 -   --- Pairwise Iter 11 (còn 1169s) ---
2026-05-04 03:35:16,213 -     [P4.2] Pair (46,75) giảm 246 -> BEST = 308485
2026-05-04 03:35:16,237 -   --- Pairwise Iter 12 (còn 1167s) ---
2026-05-04 03:35:26,475 -     [P4.2] Pair (69,156) giảm 832 -> BEST = 307653
2026-05-04 03:35:26,530 -   --- Pairwise Iter 13 (còn 1157s) ---
2026-05-04 03:35:28,182 -     [P4.2] Pair (69,130) giảm 994 -> BEST = 306659
2026-05-04 03:35:28,246 -   --- Pairwise Iter 14 (còn 1155s) ---
2026-05-04 03:35:31,575 -     [P4.2] Pair (89,140) giảm 1382 -> BEST = 305277
2026-05-04 03:35:31,640 -   --- Pairwise Iter 15 (còn 1152s) ---
2026-05-04 03:35:36,745 -     [P4.2] Pair (107,156) giảm 17 -> BEST = 305260
2026-05-04 03:35:36,800 -   --- Pairwise Iter 16 (còn 1146s) ---
2026-05-04 03:35:42,040 -     [P4.2] Pair (12,33) giảm 249 -> BEST = 305011
2026-05-04 03:35:42,065 -   --- Pairwise Iter 17 (còn 1141s) ---
2026-05-04 03:35:47,569 -     [P4.2] Pair (25,121) giảm 762 -> BEST = 304249
2026-05-04 03:35:47,593 -   --- Pairwise Iter 18 (còn 1136s) ---
2026-05-04 03:35:53,121 -     [P4.2] Pair (52,83) giảm 11 -> BEST = 304238
2026-05-04 03:35:53,156 -   --- Pairwise Iter 19 (còn 1130s) ---
2026-05-04 03:36:03,294 -     [P4.2] Pair (56,152) giảm 931 -> BEST = 303307
2026-05-04 03:36:03,379 -   --- Pairwise Iter 20 (còn 1120s) ---
2026-05-04 03:36:09,346 -     [P4.2] Pair (94,124) giảm 923 -> BEST = 302384
2026-05-04 03:36:09,371 -   --- Pairwise Iter 21 (còn 1114s) ---
2026-05-04 03:36:15,438 -     [P4.2] Pair (138,141) giảm 1523 -> BEST = 300861
2026-05-04 03:36:15,462 -   --- Pairwise Iter 22 (còn 1108s) ---
2026-05-04 03:36:21,299 -     [P4.2] Pair (9,15) giảm 1003 -> BEST = 299858
2026-05-04 03:36:21,323 -   --- Pairwise Iter 23 (còn 1102s) ---
2026-05-04 03:36:27,206 -     [P4.2] Pair (50,79) giảm 953 -> BEST = 298905
2026-05-04 03:36:27,231 -   --- Pairwise Iter 24 (còn 1096s) ---
2026-05-04 03:36:33,304 -     [P4.2] Pair (65,148) giảm 96 -> BEST = 298809
2026-05-04 03:36:33,329 -   --- Pairwise Iter 25 (còn 1090s) ---
2026-05-04 03:36:39,687 -     [P4.2] Pair (69,107) giảm 83 -> BEST = 298726
2026-05-04 03:36:39,711 -   --- Pairwise Iter 26 (còn 1083s) ---
2026-05-04 03:36:40,835 -     [P4.2] Pair (89,107) giảm 322 -> BEST = 298404
2026-05-04 03:36:40,909 -   --- Pairwise Iter 27 (còn 1082s) ---
2026-05-04 03:36:46,225 -     [P4.2] Pair (89,156) giảm 493 -> BEST = 297911
2026-05-04 03:36:46,290 -   --- Pairwise Iter 28 (còn 1077s) ---
2026-05-04 03:36:50,819 -     [P4.2] Pair (72,138) giảm 737 -> BEST = 297174
2026-05-04 03:36:50,843 -   --- Pairwise Iter 29 (còn 1072s) ---
2026-05-04 03:36:55,563 -     [P4.2] Pair (87,144) giảm 798 -> BEST = 296376
2026-05-04 03:36:55,628 -   --- Pairwise Iter 30 (còn 1068s) ---
2026-05-04 03:37:00,321 -     [P4.2] Pair (90,141) giảm 365 -> BEST = 296011
2026-05-04 03:37:00,375 -   --- Pairwise Iter 31 (còn 1063s) ---
2026-05-04 03:37:04,243 -     [P4.2] Pair (26,90) giảm 620 -> BEST = 295391
2026-05-04 03:37:04,267 -   --- Pairwise Iter 32 (còn 1059s) ---
2026-05-04 03:37:08,906 -     [P4.2] Pair (92,119) giảm 81 -> BEST = 295310
2026-05-04 03:37:08,931 -   --- Pairwise Iter 33 (còn 1054s) ---
2026-05-04 03:37:13,653 -     [P4.2] Pair (105,139) giảm 452 -> BEST = 294858
2026-05-04 03:37:13,677 -   --- Pairwise Iter 34 (còn 1049s) ---
2026-05-04 03:37:19,796 -     [P4.2] Pair (112,143) giảm 1311 -> BEST = 293547
2026-05-04 03:37:19,891 -   --- Pairwise Iter 35 (còn 1043s) ---
2026-05-04 03:37:24,804 -     [P4.2] Pair (119,122) giảm 306 -> BEST = 293241
2026-05-04 03:37:24,848 -   --- Pairwise Iter 36 (còn 1038s) ---
2026-05-04 03:37:36,335 -     [P4.2] Pair (125,136) giảm 916 -> BEST = 292325
2026-05-04 03:37:36,450 -   --- Pairwise Iter 37 (còn 1027s) ---
2026-05-04 03:37:41,819 -     [P4.2] Pair (138,149) giảm 528 -> BEST = 291797
2026-05-04 03:37:41,873 -   --- Pairwise Iter 38 (còn 1021s) ---
2026-05-04 03:37:43,663 -     [P4.2] Pair (35,149) giảm 377 -> BEST = 291420
2026-05-04 03:37:43,687 -   --- Pairwise Iter 39 (còn 1019s) ---
2026-05-04 03:37:48,300 -     [P4.2] Pair (28,32) giảm 1174 -> BEST = 290246
2026-05-04 03:37:48,324 -   --- Pairwise Iter 40 (còn 1015s) ---
2026-05-04 03:37:53,292 -     [P4.2] Pair (38,103) giảm 317 -> BEST = 289929
2026-05-04 03:37:53,326 -   --- Pairwise Iter 41 (còn 1010s) ---
2026-05-04 03:37:56,713 -     [P4.2] Pair (103,120) giảm 90 -> BEST = 289839
2026-05-04 03:37:56,738 -   --- Pairwise Iter 42 (còn 1006s) ---
2026-05-04 03:38:01,696 -     [P4.2] Pair (64,134) giảm 763 -> BEST = 289076
2026-05-04 03:38:01,721 -   --- Pairwise Iter 43 (còn 1001s) ---
2026-05-04 03:38:06,793 -     [P4.2] Pair (91,147) giảm 673 -> BEST = 288403
2026-05-04 03:38:06,837 -   --- Pairwise Iter 44 (còn 996s) ---
2026-05-04 03:38:10,768 -     [P4.2] Pair (88,147) giảm 111 -> BEST = 288292
2026-05-04 03:38:10,793 -   --- Pairwise Iter 45 (còn 992s) ---
2026-05-04 03:38:15,654 -     [P4.2] Pair (103,110) giảm 239 -> BEST = 288053
2026-05-04 03:38:15,678 -   --- Pairwise Iter 46 (còn 987s) ---
2026-05-04 03:38:20,429 -     [P4.2] Pair (20,21) giảm 296 -> BEST = 287757
2026-05-04 03:38:20,454 -   --- Pairwise Iter 47 (còn 983s) ---
2026-05-04 03:38:25,693 -     [P4.2] Pair (33,142) giảm 69 -> BEST = 287688
2026-05-04 03:38:25,748 -   --- Pairwise Iter 48 (còn 977s) ---
2026-05-04 03:38:30,664 -     [P4.2] Pair (46,77) giảm 194 -> BEST = 287494
2026-05-04 03:38:30,698 -   --- Pairwise Iter 49 (còn 972s) ---
2026-05-04 03:38:30,855 -     [P4.2] Pair (46,73) giảm 17 -> BEST = 287477
2026-05-04 03:38:30,879 -   --- Pairwise Iter 50 (còn 972s) ---
2026-05-04 03:38:32,841 -     [P4.2] Pair (73,77) giảm 435 -> BEST = 287042
2026-05-04 03:38:32,865 -   --- Pairwise Iter 51 (còn 970s) ---
2026-05-04 03:38:32,991 -     [P4.2] Pair (46,73) giảm 2 -> BEST = 287040
2026-05-04 03:38:33,015 -   --- Pairwise Iter 52 (còn 970s) ---
2026-05-04 03:38:37,902 -     [P4.2] Pair (53,54) giảm 410 -> BEST = 286630
2026-05-04 03:38:37,926 -   --- Pairwise Iter 53 (còn 965s) ---
2026-05-04 03:38:43,046 -     [P4.2] Pair (66,135) giảm 844 -> BEST = 285786
2026-05-04 03:38:43,080 -   --- Pairwise Iter 54 (còn 960s) ---
2026-05-04 03:38:48,018 -     [P4.2] Pair (67,99) giảm 680 -> BEST = 285106
2026-05-04 03:38:48,043 -   --- Pairwise Iter 55 (còn 955s) ---
2026-05-04 03:38:53,021 -     [P4.2] Pair (71,140) giảm 353 -> BEST = 284753
2026-05-04 03:38:53,046 -   --- Pairwise Iter 56 (còn 950s) ---
2026-05-04 03:39:06,121 -     [P4.2] Pair (124,151) giảm 1256 -> BEST = 283497
2026-05-04 03:39:06,156 -   --- Pairwise Iter 57 (còn 937s) ---
2026-05-04 03:39:19,308 -     [P4.2] Pair (3,11) giảm 931 -> BEST = 282566
2026-05-04 03:39:19,333 -   --- Pairwise Iter 58 (còn 924s) ---
2026-05-04 03:39:32,597 -     [P4.2] Pair (8,9) giảm 180 -> BEST = 282386
2026-05-04 03:39:32,621 -   --- Pairwise Iter 59 (còn 911s) ---
2026-05-04 03:39:46,051 -     [P4.2] Pair (31,130) giảm 257 -> BEST = 282129
2026-05-04 03:39:46,075 -   --- Pairwise Iter 60 (còn 897s) ---
2026-05-04 03:39:59,645 -     [P4.2] Pair (39,103) giảm 148 -> BEST = 281981
2026-05-04 03:39:59,670 -   --- Pairwise Iter 61 (còn 883s) ---
2026-05-04 03:40:13,293 -     [P4.2] Pair (40,108) giảm 335 -> BEST = 281646
2026-05-04 03:40:13,317 -   --- Pairwise Iter 62 (còn 870s) ---
2026-05-04 03:40:26,858 -     [P4.2] Pair (45,94) giảm 5 -> BEST = 281641
2026-05-04 03:40:26,883 -   --- Pairwise Iter 63 (còn 856s) ---
2026-05-04 03:40:40,700 -     [P4.2] Pair (69,149) giảm 289 -> BEST = 281352
2026-05-04 03:40:40,745 -   --- Pairwise Iter 64 (còn 842s) ---
2026-05-04 03:40:58,613 -     [P4.2] Pair (81,112) giảm 264 -> BEST = 281088
2026-05-04 03:40:58,688 -   --- Pairwise Iter 65 (còn 824s) ---
2026-05-04 03:41:12,887 -     [P4.2] Pair (81,144) giảm 520 -> BEST = 280568
2026-05-04 03:41:12,911 -   --- Pairwise Iter 66 (còn 810s) ---
2026-05-04 03:41:19,738 -     [P4.2] Pair (56,144) giảm 1279 -> BEST = 279289
2026-05-04 03:41:19,803 -   --- Pairwise Iter 67 (còn 803s) ---
2026-05-04 03:41:20,132 -     [P4.2] Pair (9,56) giảm 405 -> BEST = 278884
2026-05-04 03:41:20,166 -   --- Pairwise Iter 68 (còn 803s) ---
2026-05-04 03:41:33,917 -     [P4.2] Pair (56,150) giảm 316 -> BEST = 278568
2026-05-04 03:41:33,982 -   --- Pairwise Iter 69 (còn 789s) ---
2026-05-04 03:41:48,004 -     [P4.2] Pair (90,135) giảm 460 -> BEST = 278108
2026-05-04 03:41:48,028 -   --- Pairwise Iter 70 (còn 775s) ---
2026-05-04 03:42:06,250 -     [P4.2] Pair (122,136) giảm 381 -> BEST = 277727
2026-05-04 03:42:06,315 -   --- Pairwise Iter 71 (còn 757s) ---
2026-05-04 03:42:20,343 -     [P4.2] Pair (130,131) giảm 1813 -> BEST = 275914
2026-05-04 03:42:20,368 -   --- Pairwise Iter 72 (còn 743s) ---
2026-05-04 03:42:34,274 -     [P4.2] Pair (2,35) giảm 189 -> BEST = 275725
2026-05-04 03:42:34,299 -   --- Pairwise Iter 73 (còn 729s) ---
2026-05-04 03:42:48,156 -     [P4.2] Pair (8,19) giảm 88 -> BEST = 275637
2026-05-04 03:42:48,180 -   --- Pairwise Iter 74 (còn 715s) ---
2026-05-04 03:43:02,429 -     [P4.2] Pair (23,114) giảm 518 -> BEST = 275119
2026-05-04 03:43:02,484 -   --- Pairwise Iter 75 (còn 701s) ---
2026-05-04 03:43:16,894 -     [P4.2] Pair (23,87) giảm 321 -> BEST = 274798
2026-05-04 03:43:16,958 -   --- Pairwise Iter 76 (còn 686s) ---
2026-05-04 03:43:31,748 -     [P4.2] Pair (25,65) giảm 635 -> BEST = 274163
2026-05-04 03:43:31,803 -   --- Pairwise Iter 77 (còn 671s) ---
2026-05-04 03:43:46,750 -     [P4.2] Pair (27,146) giảm 1274 -> BEST = 272889
2026-05-04 03:43:46,815 -   --- Pairwise Iter 78 (còn 656s) ---
2026-05-04 03:44:05,244 -     [P4.2] Pair (33,56) giảm 1037 -> BEST = 271852
2026-05-04 03:44:05,379 -   --- Pairwise Iter 79 (còn 638s) ---
2026-05-04 03:44:24,119 -     [P4.2] Pair (11,56) giảm 240 -> BEST = 271612
2026-05-04 03:44:24,174 -   --- Pairwise Iter 80 (còn 619s) ---
2026-05-04 03:44:39,148 -     [P4.2] Pair (47,95) giảm 155 -> BEST = 271457
2026-05-04 03:44:39,172 -   --- Pairwise Iter 81 (còn 604s) ---
2026-05-04 03:44:54,200 -     [P4.2] Pair (52,72) giảm 75 -> BEST = 271382
2026-05-04 03:44:54,225 -   --- Pairwise Iter 82 (còn 589s) ---
2026-05-04 03:44:58,144 -     [P4.2] Pair (72,83) giảm 9 -> BEST = 271373
2026-05-04 03:44:58,169 -   --- Pairwise Iter 83 (còn 585s) ---
2026-05-04 03:45:13,471 -     [P4.2] Pair (55,121) giảm 217 -> BEST = 271156
2026-05-04 03:45:13,496 -   --- Pairwise Iter 84 (còn 570s) ---
2026-05-04 03:45:50,693 -     [P4.2] Pair (65,133) giảm 387 -> BEST = 270769
2026-05-04 03:45:50,748 -   --- Pairwise Iter 85 (còn 532s) ---
2026-05-04 03:46:30,408 -     [P4.2] Pair (93,97) giảm 810 -> BEST = 269959
2026-05-04 03:46:30,443 -   --- Pairwise Iter 86 (còn 493s) ---
2026-05-04 03:47:12,801 -     [P4.2] Pair (128,137) giảm 236 -> BEST = 269723
2026-05-04 03:47:12,866 -   --- Pairwise Iter 87 (còn 450s) ---
2026-05-04 03:47:14,096 -     [P4.2] Pair (126,137) giảm 294 -> BEST = 269429
2026-05-04 03:47:14,130 -   --- Pairwise Iter 88 (còn 449s) ---
2026-05-04 03:47:27,489 -     [P4.2] Pair (123,137) giảm 281 -> BEST = 269148
2026-05-04 03:47:27,534 -   --- Pairwise Iter 89 (còn 436s) ---
2026-05-04 03:47:28,580 -     [P4.2] Pair (123,126) giảm 175 -> BEST = 268973
2026-05-04 03:47:28,605 -   --- Pairwise Iter 90 (còn 435s) ---
2026-05-04 03:47:42,414 -     [P4.2] Pair (53,137) giảm 98 -> BEST = 268875
2026-05-04 03:47:42,449 -   --- Pairwise Iter 91 (còn 421s) ---
2026-05-04 03:47:56,316 -     [P4.2] Pair (53,131) giảm 136 -> BEST = 268739
2026-05-04 03:47:56,341 -   --- Pairwise Iter 92 (còn 407s) ---
2026-05-04 03:48:35,222 -     [P4.2] Pair (43,76) giảm 762 -> BEST = 267977
2026-05-04 03:48:35,256 -   --- Pairwise Iter 93 (còn 368s) ---
2026-05-04 03:49:17,044 -     [P4.2] Pair (63,105) giảm 482 -> BEST = 267495
2026-05-04 03:49:17,078 -   --- Pairwise Iter 94 (còn 326s) ---
2026-05-04 03:49:27,596 -     [P4.2] Pair (63,139) giảm 38 -> BEST = 267457
2026-05-04 03:49:27,620 -   --- Pairwise Iter 95 (còn 316s) ---
2026-05-04 03:49:43,491 -     [P4.2] Pair (84,139) giảm 666 -> BEST = 266791
2026-05-04 03:49:43,516 -   --- Pairwise Iter 96 (còn 300s) ---
2026-05-04 03:49:58,649 -     [P4.2] Pair (21,84) giảm 146 -> BEST = 266645
2026-05-04 03:49:58,673 -   --- Pairwise Iter 97 (còn 284s) ---
2026-05-04 03:50:40,205 -     [P4.2] Pair (69,90) giảm 314 -> BEST = 266331
2026-05-04 03:50:40,250 -   --- Pairwise Iter 98 (còn 243s) ---
2026-05-04 03:51:21,600 -     [P4.2] Pair (77,103) giảm 470 -> BEST = 265861
2026-05-04 03:51:21,624 -   --- Pairwise Iter 99 (còn 202s) ---
2026-05-04 03:51:36,568 -     [P4.2] Pair (16,77) giảm 411 -> BEST = 265450
2026-05-04 03:51:36,592 -   --- Pairwise Iter 100 (còn 187s) ---
2026-05-04 03:52:21,534 -     [P4.2] Pair (89,124) giảm 822 -> BEST = 264628
2026-05-04 03:52:21,589 -   --- Pairwise Iter 101 (còn 142s) ---
2026-05-04 03:52:28,336 -     [P4.2] Pair (124,151) giảm 238 -> BEST = 264390
2026-05-04 03:52:28,410 -   --- Pairwise Iter 102 (còn 135s) ---
2026-05-04 03:53:07,273 -     [P4.2] Pair (99,112) giảm 102 -> BEST = 264288
2026-05-04 03:53:07,308 -   --- Pairwise Iter 103 (còn 96s) ---
2026-05-04 03:53:44,320 -     [P4.2] Pair (100,118) giảm 880 -> BEST = 263408
2026-05-04 03:53:44,344 -   --- Pairwise Iter 104 (còn 59s) ---
2026-05-04 03:54:24,495 -     [P4.2] Pair (132,149) giảm 172 -> BEST = 263236
2026-05-04 03:54:24,520 -   --- Pairwise Iter 105 (còn 19s) ---
2026-05-04 03:54:41,228 -     -> Đã đạt cực trị toàn cục cho mọi cặp dưới ngưỡng. KẾT THÚC CHẶNG 4.
2026-05-04 03:54:41,229 - Hoàn thành trong 1198.1s. Final Cost: 263236
2026-05-04 03:54:41,229 - ======================================================================
2026-05-04 03:54:41,229 - BÁO CÁO TỔNG KẾT (SUMMARY)
2026-05-04 03:54:41,229 - ======================================================================
2026-05-04 03:54:41,229 -   1. Chi phí Clarke-Wright:     412027
2026-05-04 03:54:41,229 -   2. Chi phí sau Gurobi MIP:    263236
2026-05-04 03:54:41,229 -   => TỔNG CẢI THIỆN:            148791
2026-05-04 03:54:41,229 -   => Số lần Gurobi Single cải thiện  : 126 lần
2026-05-04 03:54:41,229 -   => Số lần Gurobi Pairwise cải thiện: 104 lần
2026-05-04 03:54:41,229 -   => TỔNG THỜI GIAN CHẠY:       1205.901s
2026-05-04 03:54:41,235 - ======================================================================
2026-05-04 03:54:41,235 - GUROBI MIP SOLVER  |  FILE: X-n749-k98.vrp
2026-05-04 03:54:41,235 - ======================================================================
2026-05-04 03:54:41,967 - Thông tin dữ liệu: Dimension=749, K=98, Capacity=396
2026-05-04 03:54:41,967 - --- Step 1: Clarke-Wright Heuristic ---
2026-05-04 03:54:48,404 -   Kết quả CW: Cost = 313839, Time = 6.437s
2026-05-04 03:54:48,404 - --- Step 2: Advanced Optimization (Gurobi MIP) ---
2026-05-04 03:54:48,404 - =========================================
2026-05-04 03:54:48,404 - BẮT ĐẦU OPTIMIZE  (100% Gurobi MIP)
2026-05-04 03:54:48,404 -  -> Max Single Size  : 20
2026-05-04 03:54:48,404 -  -> Single Timeout   : 40.0s
2026-05-04 03:54:48,404 -  -> Max Pairwise Size: 26
2026-05-04 03:54:48,404 -  -> Pairwise Timeout : 77.0s
2026-05-04 03:54:48,404 -  -> Global Timeout   : 1200.0s
2026-05-04 03:54:48,405 -  -> Chi phí khởi điểm: 313839
2026-05-04 03:54:48,405 - =========================================
2026-05-04 03:54:48,405 - === BẮT ĐẦU CHẶNG 4: GUROBI MIP CHÍNH XÁC | Cost: 313839 ===
2026-05-04 03:54:48,405 -   [GĐ 4.1] Giải bài toán TSP trên từng tuyến đơn...
2026-05-04 03:54:52,480 -     -> Single Gurobi cải thiện: 97763. Cost mới: 216076
2026-05-04 03:54:52,481 -   [GĐ 4.2] Xét từng cặp tuyến để phân bổ lại khách hàng...
2026-05-04 03:54:52,481 -   --- Pairwise Iter 1 (còn 1196s) ---
2026-05-04 03:56:09,579 -     [P4.2] Pair (6,94) giảm 7825 -> BEST = 208251
2026-05-04 03:56:10,622 -   --- Pairwise Iter 2 (còn 1118s) ---
2026-05-04 03:57:27,714 -     [P4.2] Pair (6,82) giảm 176 -> BEST = 208075
2026-05-04 03:57:27,890 -   --- Pairwise Iter 3 (còn 1041s) ---
2026-05-04 03:58:44,975 -     [P4.2] Pair (8,91) giảm 947 -> BEST = 207128
2026-05-04 03:58:45,141 -   --- Pairwise Iter 4 (còn 963s) ---
2026-05-04 04:00:02,763 -     [P4.2] Pair (17,94) giảm 195 -> BEST = 206933
2026-05-04 04:00:05,561 -   --- Pairwise Iter 5 (còn 883s) ---
2026-05-04 04:01:46,197 -     [P4.2] Pair (79,89) giảm 290 -> BEST = 206643
2026-05-04 04:01:46,595 -   --- Pairwise Iter 6 (còn 782s) ---
2026-05-04 04:03:07,073 -     [P4.2] Pair (6,55) giảm 780 -> BEST = 205863
2026-05-04 04:03:07,138 -   --- Pairwise Iter 7 (còn 701s) ---
2026-05-04 04:04:25,411 -     [P4.2] Pair (52,55) giảm 75 -> BEST = 205788
2026-05-04 04:04:25,456 -   --- Pairwise Iter 8 (còn 623s) ---
2026-05-04 04:05:45,643 -     [P4.2] Pair (6,55) giảm 362 -> BEST = 205426
2026-05-04 04:05:45,698 -   --- Pairwise Iter 9 (còn 543s) ---
2026-05-04 04:07:06,845 -     [P4.2] Pair (52,55) giảm 792 -> BEST = 204634
2026-05-04 04:07:06,920 -   --- Pairwise Iter 10 (còn 461s) ---
2026-05-04 04:08:25,878 -     [P4.2] Pair (11,13) giảm 539 -> BEST = 204095
2026-05-04 04:08:25,902 -   --- Pairwise Iter 11 (còn 383s) ---
2026-05-04 04:10:42,120 -     [P4.2] Pair (41,90) giảm 348 -> BEST = 203747
2026-05-04 04:10:42,266 -   --- Pairwise Iter 12 (còn 246s) ---
2026-05-04 04:12:16,739 -     [P4.2] Pair (52,67) giảm 161 -> BEST = 203586
2026-05-04 04:12:16,885 -   --- Pairwise Iter 13 (còn 152s) ---
2026-05-04 04:14:46,448 -     [P4.2] Pair (52,92) giảm 492 -> BEST = 203094
2026-05-04 04:14:46,448 -   --- Pairwise Iter 14 (còn 2s) ---
2026-05-04 04:14:46,524 -     -> Đã đạt cực trị toàn cục cho mọi cặp dưới ngưỡng. KẾT THÚC CHẶNG 4.
2026-05-04 04:14:46,524 - Hoàn thành trong 1198.1s. Final Cost: 203094
2026-05-04 04:14:46,524 - ======================================================================
2026-05-04 04:14:46,524 - BÁO CÁO TỔNG KẾT (SUMMARY)
2026-05-04 04:14:46,524 - ======================================================================
2026-05-04 04:14:46,525 -   1. Chi phí Clarke-Wright:     313839
2026-05-04 04:14:46,525 -   2. Chi phí sau Gurobi MIP:    203094
2026-05-04 04:14:46,525 -   => TỔNG CẢI THIỆN:            110745
2026-05-04 04:14:46,525 -   => Số lần Gurobi Single cải thiện  : 93 lần
2026-05-04 04:14:46,525 -   => Số lần Gurobi Pairwise cải thiện: 13 lần
2026-05-04 04:14:46,525 -   => TỔNG THỜI GIAN CHẠY:       1204.557s
2026-05-04 04:14:46,530 - ======================================================================
2026-05-04 04:14:46,530 - GUROBI MIP SOLVER  |  FILE: X-n766-k71.vrp
2026-05-04 04:14:46,530 - ======================================================================
2026-05-04 04:14:47,295 - Thông tin dữ liệu: Dimension=766, K=71, Capacity=166
2026-05-04 04:14:47,295 - --- Step 1: Clarke-Wright Heuristic ---
2026-05-04 04:14:49,489 -   Kết quả CW: Cost = 154574, Time = 2.193s
2026-05-04 04:14:49,489 - --- Step 2: Advanced Optimization (Gurobi MIP) ---
2026-05-04 04:14:49,489 - =========================================
2026-05-04 04:14:49,489 - BẮT ĐẦU OPTIMIZE  (100% Gurobi MIP)
2026-05-04 04:14:49,489 -  -> Max Single Size  : 26
2026-05-04 04:14:49,489 -  -> Single Timeout   : 40.0s
2026-05-04 04:14:49,489 -  -> Max Pairwise Size: 28
2026-05-04 04:14:49,489 -  -> Pairwise Timeout : 108.0s
2026-05-04 04:14:49,489 -  -> Global Timeout   : 1200.0s
2026-05-04 04:14:49,489 -  -> Chi phí khởi điểm: 154574
2026-05-04 04:14:49,489 - =========================================
2026-05-04 04:14:49,490 - === BẮT ĐẦU CHẶNG 4: GUROBI MIP CHÍNH XÁC | Cost: 154574 ===
2026-05-04 04:14:49,490 -   [GĐ 4.1] Giải bài toán TSP trên từng tuyến đơn...
2026-05-04 04:26:32,732 -     -> Single Gurobi cải thiện: 19358. Cost mới: 135216
2026-05-04 04:26:32,732 -   [GĐ 4.2] Xét từng cặp tuyến để phân bổ lại khách hàng...
2026-05-04 04:26:32,732 -   --- Pairwise Iter 1 (còn 497s) ---
2026-05-04 04:30:08,922 -     [P4.2] Pair (34,47) giảm 24 -> BEST = 135192
2026-05-04 04:30:48,978 -       [S-re] Route 34: 2161 → 2149  (−12) | BEST = 135180
2026-05-04 04:30:49,203 -       [S-re] Route 47: 2206 → 2195  (−11) | BEST = 135169
2026-05-04 04:30:49,203 -   --- Pairwise Iter 2 (còn 240s) ---
2026-05-04 04:34:47,540 -     [P4.2] Pair (0,1) giảm 91 -> BEST = 135078
2026-05-04 04:34:47,540 -   --- Pairwise Iter 3 (còn 2s) ---
2026-05-04 04:34:47,606 -     -> Đã đạt cực trị toàn cục cho mọi cặp dưới ngưỡng. KẾT THÚC CHẶNG 4.
2026-05-04 04:34:47,606 - Hoàn thành trong 1198.1s. Final Cost: 135078
2026-05-04 04:34:47,606 - ======================================================================
2026-05-04 04:34:47,606 - BÁO CÁO TỔNG KẾT (SUMMARY)
2026-05-04 04:34:47,606 - ======================================================================
2026-05-04 04:34:47,606 -   1. Chi phí Clarke-Wright:     154574
2026-05-04 04:34:47,606 -   2. Chi phí sau Gurobi MIP:    135078
2026-05-04 04:34:47,606 -   => TỔNG CẢI THIỆN:            19496
2026-05-04 04:34:47,606 -   => Số lần Gurobi Single cải thiện  : 63 lần
2026-05-04 04:34:47,606 -   => Số lần Gurobi Pairwise cải thiện: 2 lần
2026-05-04 04:34:47,606 -   => TỔNG THỜI GIAN CHẠY:       1200.310s
2026-05-04 04:34:47,612 - ======================================================================
2026-05-04 04:34:47,612 - GUROBI MIP SOLVER  |  FILE: X-n783-k48.vrp
2026-05-04 04:34:47,612 - ======================================================================
2026-05-04 04:34:48,417 - Thông tin dữ liệu: Dimension=783, K=48, Capacity=832
2026-05-04 04:34:48,418 - --- Step 1: Clarke-Wright Heuristic ---
2026-05-04 04:34:50,053 -   Kết quả CW: Cost = 101735, Time = 1.635s
2026-05-04 04:34:50,053 - --- Step 2: Advanced Optimization (Gurobi MIP) ---
2026-05-04 04:34:50,054 - =========================================
2026-05-04 04:34:50,054 - BẮT ĐẦU OPTIMIZE  (100% Gurobi MIP)
2026-05-04 04:34:50,054 -  -> Max Single Size  : 35
2026-05-04 04:34:50,054 -  -> Single Timeout   : 40.0s
2026-05-04 04:34:50,054 -  -> Max Pairwise Size: 28
2026-05-04 04:34:50,054 -  -> Pairwise Timeout : 150.0s
2026-05-04 04:34:50,054 -  -> Global Timeout   : 1200.0s
2026-05-04 04:34:50,054 -  -> Chi phí khởi điểm: 101735
2026-05-04 04:34:50,054 - =========================================
2026-05-04 04:34:50,055 - === BẮT ĐẦU CHẶNG 4: GUROBI MIP CHÍNH XÁC | Cost: 101735 ===
2026-05-04 04:34:50,055 -   [GĐ 4.1] Giải bài toán TSP trên từng tuyến đơn...
2026-05-04 04:52:03,122 -     -> Single Gurobi cải thiện: 5388. Cost mới: 96347
2026-05-04 04:52:03,122 -   [GĐ 4.2] Xét từng cặp tuyến để phân bổ lại khách hàng...
2026-05-04 04:52:03,123 -   --- Pairwise Iter 1 (còn 167s) ---
2026-05-04 04:54:48,101 -     [P4.2] Pair (25,33) giảm 462 -> BEST = 95885
2026-05-04 04:54:48,101 -   --- Pairwise Iter 2 (còn 2s) ---
2026-05-04 04:54:48,162 -     -> Đã đạt cực trị toàn cục cho mọi cặp dưới ngưỡng. KẾT THÚC CHẶNG 4.
2026-05-04 04:54:48,162 - Hoàn thành trong 1198.1s. Final Cost: 95885
2026-05-04 04:54:48,162 - ======================================================================
2026-05-04 04:54:48,163 - BÁO CÁO TỔNG KẾT (SUMMARY)
2026-05-04 04:54:48,163 - ======================================================================
2026-05-04 04:54:48,163 -   1. Chi phí Clarke-Wright:     101735
2026-05-04 04:54:48,163 -   2. Chi phí sau Gurobi MIP:    95885
2026-05-04 04:54:48,163 -   => TỔNG CẢI THIỆN:            5850
2026-05-04 04:54:48,163 -   => Số lần Gurobi Single cải thiện  : 46 lần
2026-05-04 04:54:48,163 -   => Số lần Gurobi Pairwise cải thiện: 1 lần
2026-05-04 04:54:48,163 -   => TỔNG THỜI GIAN CHẠY:       1199.744s
2026-05-04 04:54:48,168 - ======================================================================
2026-05-04 04:54:48,168 - GUROBI MIP SOLVER  |  FILE: X-n801-k40.vrp
2026-05-04 04:54:48,169 - ======================================================================
2026-05-04 04:54:49,014 - Thông tin dữ liệu: Dimension=801, K=40, Capacity=20
2026-05-04 04:54:49,014 - --- Step 1: Clarke-Wright Heuristic ---
2026-05-04 04:54:50,920 -   Kết quả CW: Cost = 89895, Time = 1.905s
2026-05-04 04:54:50,920 - --- Step 2: Advanced Optimization (Gurobi MIP) ---
2026-05-04 04:54:50,920 - =========================================
2026-05-04 04:54:50,920 - BẮT ĐẦU OPTIMIZE  (100% Gurobi MIP)
2026-05-04 04:54:50,920 -  -> Max Single Size  : 35
2026-05-04 04:54:50,920 -  -> Single Timeout   : 40.0s
2026-05-04 04:54:50,920 -  -> Max Pairwise Size: 28
2026-05-04 04:54:50,920 -  -> Pairwise Timeout : 150.0s
2026-05-04 04:54:50,920 -  -> Global Timeout   : 1200.0s
2026-05-04 04:54:50,920 -  -> Chi phí khởi điểm: 89895
2026-05-04 04:54:50,921 - =========================================
2026-05-04 04:54:50,921 - === BẮT ĐẦU CHẶNG 4: GUROBI MIP CHÍNH XÁC | Cost: 89895 ===
2026-05-04 04:54:50,921 -   [GĐ 4.1] Giải bài toán TSP trên từng tuyến đơn...
2026-05-04 05:14:48,951 -     -> Single Gurobi cải thiện: 5474. Cost mới: 84421
2026-05-04 05:14:48,951 -   [GĐ 4.2] Xét từng cặp tuyến để phân bổ lại khách hàng...
2026-05-04 05:14:48,951 -   --- Pairwise Iter 1 (còn 2s) ---
2026-05-04 05:14:49,013 -     -> Đã đạt cực trị toàn cục cho mọi cặp dưới ngưỡng. KẾT THÚC CHẶNG 4.
2026-05-04 05:14:49,013 - Hoàn thành trong 1198.1s. Final Cost: 84421
2026-05-04 05:14:49,013 - ======================================================================
2026-05-04 05:14:49,013 - BÁO CÁO TỔNG KẾT (SUMMARY)
2026-05-04 05:14:49,013 - ======================================================================
2026-05-04 05:14:49,013 -   1. Chi phí Clarke-Wright:     89895
2026-05-04 05:14:49,013 -   2. Chi phí sau Gurobi MIP:    84421
2026-05-04 05:14:49,013 -   => TỔNG CẢI THIỆN:            5474
2026-05-04 05:14:49,013 -   => Số lần Gurobi Single cải thiện  : 39 lần
2026-05-04 05:14:49,013 -   => Số lần Gurobi Pairwise cải thiện: 0 lần
2026-05-04 05:14:49,013 -   => TỔNG THỜI GIAN CHẠY:       1199.998s
2026-05-04 05:14:49,020 - ======================================================================
2026-05-04 05:14:49,020 - GUROBI MIP SOLVER  |  FILE: X-n819-k171.vrp
2026-05-04 05:14:49,020 - ======================================================================
2026-05-04 05:14:49,883 - Thông tin dữ liệu: Dimension=819, K=171, Capacity=358
2026-05-04 05:14:49,883 - --- Step 1: Clarke-Wright Heuristic ---
2026-05-04 05:14:55,533 -     [CW-Phase4] BFD thất bại với 40 khách hàng. Kích hoạt Backtracking (Giảm depth dần)...
2026-05-04 05:14:55,541 -       -> Thử hoán đổi với depth=3 (Limit: 10s)...
2026-05-04 05:15:05,550 -       -> Thử hoán đổi với depth=2 (Limit: 10s)...
2026-05-04 05:15:15,558 -       -> Thử hoán đổi với depth=1 (Limit: 10s)...
2026-05-04 05:15:15,565 -     [CW-Phase4] TẤT CẢ depth đều thất bại hoặc timeout. Chuyển sang Fallback (Sweep).
2026-05-04 05:15:21,102 -     [CW-Phase4] BFD thất bại với 40 khách hàng. Kích hoạt Backtracking (Giảm depth dần)...
2026-05-04 05:15:21,110 -       -> Thử hoán đổi với depth=3 (Limit: 10s)...
2026-05-04 05:15:31,118 -       -> Thử hoán đổi với depth=2 (Limit: 10s)...
2026-05-04 05:15:41,127 -       -> Thử hoán đổi với depth=1 (Limit: 10s)...
2026-05-04 05:15:41,134 -     [CW-Phase4] TẤT CẢ depth đều thất bại hoặc timeout. Chuyển sang Fallback (Sweep).
2026-05-04 05:15:41,134 - ❌ CW THẤT BẠI (UNSAT): Không thể đóng gói vào đúng K=171 xe.
2026-05-04 05:15:41,134 - Chi tiết: Cannot reduce the number of routes
2026-05-04 05:15:41,204 - ======================================================================
2026-05-04 05:15:41,204 - GUROBI MIP SOLVER  |  FILE: X-n837-k142.vrp
2026-05-04 05:15:41,205 - ======================================================================
2026-05-04 05:15:42,104 - Thông tin dữ liệu: Dimension=837, K=142, Capacity=44
2026-05-04 05:15:42,105 - --- Step 1: Clarke-Wright Heuristic ---
2026-05-04 05:15:46,978 -     [CW-Phase4] BFD thất bại với 66 khách hàng. Kích hoạt Backtracking (Giảm depth dần)...
2026-05-04 05:15:46,985 -       -> Thử hoán đổi với depth=3 (Limit: 10s)...
2026-05-04 05:15:56,992 -       -> Thử hoán đổi với depth=2 (Limit: 10s)...
2026-05-04 05:16:06,999 -       -> Thử hoán đổi với depth=1 (Limit: 10s)...
2026-05-04 05:16:07,005 -     [CW-Phase4] TẤT CẢ depth đều thất bại hoặc timeout. Chuyển sang Fallback (Sweep).
2026-05-04 05:16:10,737 -     [CW-Phase4] BFD thất bại với 66 khách hàng. Kích hoạt Backtracking (Giảm depth dần)...
2026-05-04 05:16:10,744 -       -> Thử hoán đổi với depth=3 (Limit: 10s)...
2026-05-04 05:16:20,751 -       -> Thử hoán đổi với depth=2 (Limit: 10s)...
2026-05-04 05:16:30,758 -       -> Thử hoán đổi với depth=1 (Limit: 10s)...
2026-05-04 05:16:30,764 -     [CW-Phase4] TẤT CẢ depth đều thất bại hoặc timeout. Chuyển sang Fallback (Sweep).
2026-05-04 05:16:30,764 - ❌ CW THẤT BẠI (UNSAT): Không thể đóng gói vào đúng K=142 xe.
2026-05-04 05:16:30,764 - Chi tiết: Cannot reduce the number of routes
2026-05-04 05:16:30,831 - ======================================================================
2026-05-04 05:16:30,831 - GUROBI MIP SOLVER  |  FILE: X-n856-k95.vrp
2026-05-04 05:16:30,831 - ======================================================================
2026-05-04 05:16:31,784 - Thông tin dữ liệu: Dimension=856, K=95, Capacity=9
2026-05-04 05:16:31,784 - --- Step 1: Clarke-Wright Heuristic ---
2026-05-04 05:16:33,432 -   Kết quả CW: Cost = 109020, Time = 1.647s
2026-05-04 05:16:33,432 - --- Step 2: Advanced Optimization (Gurobi MIP) ---
2026-05-04 05:16:33,432 - =========================================
2026-05-04 05:16:33,432 - BẮT ĐẦU OPTIMIZE  (100% Gurobi MIP)
2026-05-04 05:16:33,432 -  -> Max Single Size  : 22
2026-05-04 05:16:33,433 -  -> Single Timeout   : 40.0s
2026-05-04 05:16:33,433 -  -> Max Pairwise Size: 28
2026-05-04 05:16:33,433 -  -> Pairwise Timeout : 91.0s
2026-05-04 05:16:33,433 -  -> Global Timeout   : 1200.0s
2026-05-04 05:16:33,433 -  -> Chi phí khởi điểm: 109020
2026-05-04 05:16:33,433 - =========================================
2026-05-04 05:16:33,433 - === BẮT ĐẦU CHẶNG 4: GUROBI MIP CHÍNH XÁC | Cost: 109020 ===
2026-05-04 05:16:33,433 -   [GĐ 4.1] Giải bài toán TSP trên từng tuyến đơn...
2026-05-04 05:17:07,775 -     -> Single Gurobi cải thiện: 4428. Cost mới: 104592
2026-05-04 05:17:07,775 -   [GĐ 4.2] Xét từng cặp tuyến để phân bổ lại khách hàng...
2026-05-04 05:17:07,775 -   --- Pairwise Iter 1 (còn 1166s) ---
2026-05-04 05:18:38,912 -     [P4.2] Pair (55,57) giảm 63 -> BEST = 104529
2026-05-04 05:18:40,974 -   --- Pairwise Iter 2 (còn 1072s) ---
2026-05-04 05:20:12,112 -     [P4.2] Pair (1,86) giảm 15 -> BEST = 104514
2026-05-04 05:20:12,459 -   --- Pairwise Iter 3 (còn 981s) ---
2026-05-04 05:20:32,646 -     [P4.2] Pair (13,29) giảm 52 -> BEST = 104462
2026-05-04 05:20:32,771 -   --- Pairwise Iter 4 (còn 961s) ---
2026-05-04 05:22:03,911 -     [P4.2] Pair (22,68) giảm 3 -> BEST = 104459
2026-05-04 05:22:04,400 -   --- Pairwise Iter 5 (còn 869s) ---
2026-05-04 05:23:35,533 -     [P4.2] Pair (78,82) giảm 92 -> BEST = 104367
2026-05-04 05:23:36,203 -   --- Pairwise Iter 6 (còn 777s) ---
2026-05-04 05:26:38,393 -     [P4.2] Pair (19,79) giảm 19 -> BEST = 104348
2026-05-04 05:26:40,122 -   --- Pairwise Iter 7 (còn 593s) ---
2026-05-04 05:29:42,322 -     [P4.2] Pair (44,85) giảm 5 -> BEST = 104343
2026-05-04 05:29:42,589 -   --- Pairwise Iter 8 (còn 411s) ---
2026-05-04 05:32:44,749 -     [P4.2] Pair (68,89) giảm 50 -> BEST = 104293
2026-05-04 05:32:45,076 -   --- Pairwise Iter 9 (còn 228s) ---
2026-05-04 05:36:31,476 -     [P4.2] Pair (1,85) giảm 643 -> BEST = 103650
2026-05-04 05:36:31,476 -   --- Pairwise Iter 10 (còn 2s) ---
2026-05-04 05:36:31,566 -     -> Đã đạt cực trị toàn cục cho mọi cặp dưới ngưỡng. KẾT THÚC CHẶNG 4.
2026-05-04 05:36:31,566 - Hoàn thành trong 1198.1s. Final Cost: 103650
2026-05-04 05:36:31,566 - ======================================================================
2026-05-04 05:36:31,567 - BÁO CÁO TỔNG KẾT (SUMMARY)
2026-05-04 05:36:31,567 - ======================================================================
2026-05-04 05:36:31,567 -   1. Chi phí Clarke-Wright:     109020
2026-05-04 05:36:31,567 -   2. Chi phí sau Gurobi MIP:    103650
2026-05-04 05:36:31,567 -   => TỔNG CẢI THIỆN:            5370
2026-05-04 05:36:31,567 -   => Số lần Gurobi Single cải thiện  : 89 lần
2026-05-04 05:36:31,567 -   => Số lần Gurobi Pairwise cải thiện: 9 lần
2026-05-04 05:36:31,567 -   => TỔNG THỜI GIAN CHẠY:       1199.782s
2026-05-04 05:36:31,572 - ======================================================================
2026-05-04 05:36:31,572 - GUROBI MIP SOLVER  |  FILE: X-n876-k59.vrp
2026-05-04 05:36:31,572 - ======================================================================
2026-05-04 05:36:32,572 - Thông tin dữ liệu: Dimension=876, K=59, Capacity=764
2026-05-04 05:36:32,572 - --- Step 1: Clarke-Wright Heuristic ---
2026-05-04 05:36:34,715 -   Kết quả CW: Cost = 137967, Time = 2.142s
2026-05-04 05:36:34,715 - --- Step 2: Advanced Optimization (Gurobi MIP) ---
2026-05-04 05:36:34,715 - =========================================
2026-05-04 05:36:34,715 - BẮT ĐẦU OPTIMIZE  (100% Gurobi MIP)
2026-05-04 05:36:34,715 -  -> Max Single Size  : 35
2026-05-04 05:36:34,715 -  -> Single Timeout   : 40.0s
2026-05-04 05:36:34,715 -  -> Max Pairwise Size: 28
2026-05-04 05:36:34,715 -  -> Pairwise Timeout : 149.0s
2026-05-04 05:36:34,715 -  -> Global Timeout   : 1200.0s
2026-05-04 05:36:34,716 -  -> Chi phí khởi điểm: 137967
2026-05-04 05:36:34,716 - =========================================
2026-05-04 05:36:34,716 - === BẮT ĐẦU CHẶNG 4: GUROBI MIP CHÍNH XÁC | Cost: 137967 ===
2026-05-04 05:36:34,716 -   [GĐ 4.1] Giải bài toán TSP trên từng tuyến đơn...
2026-05-04 05:56:32,730 -     -> Single Gurobi cải thiện: 10211. Cost mới: 127756
2026-05-04 05:56:32,731 -   [GĐ 4.2] Xét từng cặp tuyến để phân bổ lại khách hàng...
2026-05-04 05:56:32,731 -   --- Pairwise Iter 1 (còn 2s) ---
2026-05-04 05:56:32,810 -     -> Đã đạt cực trị toàn cục cho mọi cặp dưới ngưỡng. KẾT THÚC CHẶNG 4.
2026-05-04 05:56:32,810 - Hoàn thành trong 1198.1s. Final Cost: 127756
2026-05-04 05:56:32,811 - ======================================================================
2026-05-04 05:56:32,811 - BÁO CÁO TỔNG KẾT (SUMMARY)
2026-05-04 05:56:32,811 - ======================================================================
2026-05-04 05:56:32,811 -   1. Chi phí Clarke-Wright:     137967
2026-05-04 05:56:32,811 -   2. Chi phí sau Gurobi MIP:    127756
2026-05-04 05:56:32,811 -   => TỔNG CẢI THIỆN:            10211
2026-05-04 05:56:32,811 -   => Số lần Gurobi Single cải thiện  : 48 lần
2026-05-04 05:56:32,811 -   => Số lần Gurobi Pairwise cải thiện: 0 lần
2026-05-04 05:56:32,811 -   => TỔNG THỜI GIAN CHẠY:       1200.238s
2026-05-04 05:56:32,817 - ======================================================================
2026-05-04 05:56:32,817 - GUROBI MIP SOLVER  |  FILE: X-n895-k37.vrp
2026-05-04 05:56:32,817 - ======================================================================
2026-05-04 05:56:33,870 - Thông tin dữ liệu: Dimension=895, K=37, Capacity=1816
2026-05-04 05:56:33,870 - --- Step 1: Clarke-Wright Heuristic ---
2026-05-04 05:56:37,038 -     [CW-Phase4] BFD thất bại với 8 khách hàng. Kích hoạt Backtracking (Giảm depth dần)...
2026-05-04 05:56:37,041 -       -> Thử hoán đổi với depth=3 (Limit: 10s)...
2026-05-04 05:56:47,044 -       -> Thử hoán đổi với depth=2 (Limit: 10s)...
2026-05-04 05:56:51,161 -       -> Thử hoán đổi với depth=1 (Limit: 10s)...
2026-05-04 05:56:51,164 -     [CW-Phase4] TẤT CẢ depth đều thất bại hoặc timeout. Chuyển sang Fallback (Sweep).
2026-05-04 05:56:51,838 -     [CW-Phase4] BFD thất bại với 8 khách hàng. Kích hoạt Backtracking (Giảm depth dần)...
2026-05-04 05:56:51,840 -       -> Thử hoán đổi với depth=3 (Limit: 10s)...
2026-05-04 05:57:01,844 -       -> Thử hoán đổi với depth=2 (Limit: 10s)...
2026-05-04 05:57:05,769 -       -> Thử hoán đổi với depth=1 (Limit: 10s)...
2026-05-04 05:57:05,773 -     [CW-Phase4] TẤT CẢ depth đều thất bại hoặc timeout. Chuyển sang Fallback (Sweep).
2026-05-04 05:57:05,773 - ❌ CW THẤT BẠI (UNSAT): Không thể đóng gói vào đúng K=37 xe.
2026-05-04 05:57:05,773 - Chi tiết: Cannot reduce the number of routes
2026-05-04 05:57:05,852 - ======================================================================
2026-05-04 05:57:05,852 - GUROBI MIP SOLVER  |  FILE: X-n916-k207.vrp
2026-05-04 05:57:05,853 - ======================================================================
2026-05-04 05:57:06,957 - Thông tin dữ liệu: Dimension=916, K=207, Capacity=33
2026-05-04 05:57:06,957 - --- Step 1: Clarke-Wright Heuristic ---
2026-05-04 05:57:14,960 -     [CW-Phase4] BFD thất bại với 56 khách hàng. Kích hoạt Backtracking (Giảm depth dần)...
2026-05-04 05:57:14,970 -       -> Thử hoán đổi với depth=3 (Limit: 10s)...
2026-05-04 05:57:24,980 -       -> Thử hoán đổi với depth=2 (Limit: 10s)...
2026-05-04 05:57:29,761 -       -> Thử hoán đổi với depth=1 (Limit: 10s)...
2026-05-04 05:57:29,769 -     [CW-Phase4] TẤT CẢ depth đều thất bại hoặc timeout. Chuyển sang Fallback (Sweep).
2026-05-04 05:57:36,449 -     [CW-Phase4] BFD thất bại với 56 khách hàng. Kích hoạt Backtracking (Giảm depth dần)...
2026-05-04 05:57:36,458 -       -> Thử hoán đổi với depth=3 (Limit: 10s)...
2026-05-04 05:57:46,468 -       -> Thử hoán đổi với depth=2 (Limit: 10s)...
2026-05-04 05:57:51,239 -       -> Thử hoán đổi với depth=1 (Limit: 10s)...
2026-05-04 05:57:51,246 -     [CW-Phase4] TẤT CẢ depth đều thất bại hoặc timeout. Chuyển sang Fallback (Sweep).
2026-05-04 05:57:51,246 - ❌ CW THẤT BẠI (UNSAT): Không thể đóng gói vào đúng K=207 xe.
2026-05-04 05:57:51,246 - Chi tiết: Cannot reduce the number of routes
2026-05-04 05:57:51,336 - ======================================================================
2026-05-04 05:57:51,336 - GUROBI MIP SOLVER  |  FILE: X-n936-k151.vrp
2026-05-04 05:57:51,336 - ======================================================================
2026-05-04 05:57:52,487 - Thông tin dữ liệu: Dimension=936, K=151, Capacity=138
2026-05-04 05:57:52,487 - --- Step 1: Clarke-Wright Heuristic ---
2026-05-04 06:00:59,657 -   Kết quả CW: Cost = 454412, Time = 187.170s
2026-05-04 06:00:59,657 - --- Step 2: Advanced Optimization (Gurobi MIP) ---
2026-05-04 06:00:59,657 - =========================================
2026-05-04 06:00:59,658 - BẮT ĐẦU OPTIMIZE  (100% Gurobi MIP)
2026-05-04 06:00:59,658 -  -> Max Single Size  : 20
2026-05-04 06:00:59,658 -  -> Single Timeout   : 40.0s
2026-05-04 06:00:59,658 -  -> Max Pairwise Size: 21
2026-05-04 06:00:59,658 -  -> Pairwise Timeout : 62.0s
2026-05-04 06:00:59,658 -  -> Global Timeout   : 1200.0s
2026-05-04 06:00:59,658 -  -> Chi phí khởi điểm: 454412
2026-05-04 06:00:59,658 - =========================================
2026-05-04 06:00:59,659 - === BẮT ĐẦU CHẶNG 4: GUROBI MIP CHÍNH XÁC | Cost: 454412 ===
2026-05-04 06:00:59,659 -   [GĐ 4.1] Giải bài toán TSP trên từng tuyến đơn...
2026-05-04 06:01:04,041 -     -> Single Gurobi cải thiện: 86026. Cost mới: 368386
2026-05-04 06:01:04,041 -   [GĐ 4.2] Xét từng cặp tuyến để phân bổ lại khách hàng...
2026-05-04 06:01:04,041 -   --- Pairwise Iter 1 (còn 1196s) ---
2026-05-04 06:01:17,304 -     [P4.2] Pair (41,63) giảm 597 -> BEST = 367789
2026-05-04 06:01:17,369 -   --- Pairwise Iter 2 (còn 1182s) ---
2026-05-04 06:01:29,113 -     [P4.2] Pair (20,44) giảm 260 -> BEST = 367529
2026-05-04 06:01:29,168 -   --- Pairwise Iter 3 (còn 1170s) ---
2026-05-04 06:01:38,996 -     [P4.2] Pair (64,142) giảm 213 -> BEST = 367316
2026-05-04 06:01:39,021 -   --- Pairwise Iter 4 (còn 1161s) ---
2026-05-04 06:01:51,807 -     [P4.2] Pair (17,82) giảm 921 -> BEST = 366395
2026-05-04 06:01:51,882 -   --- Pairwise Iter 5 (còn 1148s) ---
2026-05-04 06:02:12,436 -     [P4.2] Pair (25,41) giảm 228 -> BEST = 366167
2026-05-04 06:02:12,551 -   --- Pairwise Iter 6 (còn 1127s) ---
2026-05-04 06:02:14,163 -     [P4.2] Pair (41,63) giảm 684 -> BEST = 365483
2026-05-04 06:02:14,197 -   --- Pairwise Iter 7 (còn 1125s) ---
2026-05-04 06:02:17,513 -     [P4.2] Pair (54,55) giảm 394 -> BEST = 365089
2026-05-04 06:02:17,538 -   --- Pairwise Iter 8 (còn 1122s) ---
2026-05-04 06:02:22,037 -     [P4.2] Pair (75,128) giảm 446 -> BEST = 364643
2026-05-04 06:02:22,152 -   --- Pairwise Iter 9 (còn 1118s) ---
2026-05-04 06:02:26,483 -     [P4.2] Pair (117,121) giảm 814 -> BEST = 363829
2026-05-04 06:02:26,639 -   --- Pairwise Iter 10 (còn 1113s) ---
2026-05-04 06:02:43,183 -     [P4.2] Pair (28,93) giảm 1020 -> BEST = 362809
2026-05-04 06:02:43,318 -   --- Pairwise Iter 11 (còn 1096s) ---
2026-05-04 06:03:45,881 -     [P4.2] Pair (33,126) giảm 1069 -> BEST = 361740
2026-05-04 06:03:46,138 -   --- Pairwise Iter 12 (còn 1034s) ---
2026-05-04 06:03:52,631 -     [P4.2] Pair (85,91) giảm 93 -> BEST = 361647
2026-05-04 06:03:52,676 -   --- Pairwise Iter 13 (còn 1027s) ---
2026-05-04 06:04:10,359 -     [P4.2] Pair (48,128) giảm 575 -> BEST = 361072
2026-05-04 06:04:10,474 -   --- Pairwise Iter 14 (còn 1009s) ---
2026-05-04 06:04:40,965 -     [P4.2] Pair (63,93) giảm 704 -> BEST = 360368
2026-05-04 06:04:41,141 -   --- Pairwise Iter 15 (còn 979s) ---
2026-05-04 06:05:36,567 -     [P4.2] Pair (41,93) giảm 133 -> BEST = 360235
2026-05-04 06:05:36,722 -   --- Pairwise Iter 16 (còn 923s) ---
2026-05-04 06:06:01,270 -     [P4.2] Pair (17,24) giảm 135 -> BEST = 360100
2026-05-04 06:06:01,346 -   --- Pairwise Iter 17 (còn 898s) ---
2026-05-04 06:07:05,485 -     [P4.2] Pair (32,117) giảm 1248 -> BEST = 358852
2026-05-04 06:07:05,872 -   --- Pairwise Iter 18 (còn 834s) ---
2026-05-04 06:07:11,555 -     [P4.2] Pair (32,115) giảm 255 -> BEST = 358597
2026-05-04 06:07:11,882 -   --- Pairwise Iter 19 (còn 828s) ---
2026-05-04 06:07:20,634 -     [P4.2] Pair (32,114) giảm 4 -> BEST = 358593
2026-05-04 06:07:20,981 -   --- Pairwise Iter 20 (còn 819s) ---
2026-05-04 06:07:44,745 -     [P4.2] Pair (79,125) giảm 400 -> BEST = 358193
2026-05-04 06:07:44,770 -   --- Pairwise Iter 21 (còn 795s) ---
2026-05-04 06:08:35,820 -     [P4.2] Pair (4,33) giảm 583 -> BEST = 357610
2026-05-04 06:08:35,895 -   --- Pairwise Iter 22 (còn 744s) ---
2026-05-04 06:09:08,481 -     [P4.2] Pair (7,122) giảm 395 -> BEST = 357215
2026-05-04 06:09:08,546 -   --- Pairwise Iter 23 (còn 711s) ---
2026-05-04 06:09:17,204 -     [P4.2] Pair (7,46) giảm 105 -> BEST = 357110
2026-05-04 06:09:17,269 -   --- Pairwise Iter 24 (còn 702s) ---
2026-05-04 06:09:43,262 -     [P4.2] Pair (46,75) giảm 31 -> BEST = 357079
2026-05-04 06:09:43,357 -   --- Pairwise Iter 25 (còn 676s) ---
2026-05-04 06:10:11,088 -     [P4.2] Pair (7,46) giảm 415 -> BEST = 356664
2026-05-04 06:10:11,122 -   --- Pairwise Iter 26 (còn 649s) ---
2026-05-04 06:10:40,309 -     [P4.2] Pair (10,21) giảm 467 -> BEST = 356197
2026-05-04 06:10:40,363 -   --- Pairwise Iter 27 (còn 619s) ---
2026-05-04 06:11:13,717 -     [P4.2] Pair (18,83) giảm 176 -> BEST = 356021
2026-05-04 06:11:13,822 -   --- Pairwise Iter 28 (còn 586s) ---
2026-05-04 06:11:55,585 -     [P4.2] Pair (47,48) giảm 508 -> BEST = 355513
2026-05-04 06:11:55,862 -   --- Pairwise Iter 29 (còn 544s) ---
2026-05-04 06:12:40,955 -     [P4.2] Pair (48,128) giảm 23 -> BEST = 355490
2026-05-04 06:12:41,283 -   --- Pairwise Iter 30 (còn 498s) ---
2026-05-04 06:12:54,215 -     [P4.2] Pair (111,127) giảm 546 -> BEST = 354944
2026-05-04 06:12:54,239 -   --- Pairwise Iter 31 (còn 485s) ---
2026-05-04 06:13:08,739 -     [P4.2] Pair (7,8) giảm 1066 -> BEST = 353878
2026-05-04 06:13:08,814 -   --- Pairwise Iter 32 (còn 471s) ---
2026-05-04 06:13:34,038 -     [P4.2] Pair (8,83) giảm 88 -> BEST = 353790
2026-05-04 06:13:34,133 -   --- Pairwise Iter 33 (còn 446s) ---
2026-05-04 06:15:07,514 -     [P4.2] Pair (27,129) giảm 621 -> BEST = 353169
2026-05-04 06:15:08,325 -   --- Pairwise Iter 34 (còn 351s) ---
2026-05-04 06:15:09,019 -     [P4.2] Pair (40,129) giảm 1439 -> BEST = 351730
2026-05-04 06:15:09,064 -   --- Pairwise Iter 35 (còn 351s) ---
2026-05-04 06:15:43,979 -     [P4.2] Pair (30,40) giảm 18 -> BEST = 351712
2026-05-04 06:15:44,013 -   --- Pairwise Iter 36 (còn 316s) ---
2026-05-04 06:16:19,357 -     [P4.2] Pair (33,37) giảm 148 -> BEST = 351564
2026-05-04 06:16:19,381 -   --- Pairwise Iter 37 (còn 280s) ---
2026-05-04 06:17:01,896 -     [P4.2] Pair (34,82) giảm 124 -> BEST = 351440
2026-05-04 06:17:01,931 -   --- Pairwise Iter 38 (còn 238s) ---
2026-05-04 06:17:52,718 -     [P4.2] Pair (38,39) giảm 364 -> BEST = 351076
2026-05-04 06:17:52,792 -   --- Pairwise Iter 39 (còn 187s) ---
2026-05-04 06:18:31,965 -     [P4.2] Pair (13,38) giảm 422 -> BEST = 350654
2026-05-04 06:18:31,999 -   --- Pairwise Iter 40 (còn 148s) ---
2026-05-04 06:19:27,117 -     [P4.2] Pair (39,48) giảm 396 -> BEST = 350258
2026-05-04 06:19:27,181 -   --- Pairwise Iter 41 (còn 92s) ---
2026-05-04 06:19:28,079 -     [P4.2] Pair (12,39) giảm 395 -> BEST = 349863
2026-05-04 06:19:28,124 -   --- Pairwise Iter 42 (còn 92s) ---
2026-05-04 06:20:32,037 -     [P4.2] Pair (47,85) giảm 889 -> BEST = 348974
2026-05-04 06:20:32,182 -   --- Pairwise Iter 43 (còn 27s) ---
2026-05-04 06:20:57,736 -     -> Đã đạt cực trị toàn cục cho mọi cặp dưới ngưỡng. KẾT THÚC CHẶNG 4.
2026-05-04 06:20:57,737 - Hoàn thành trong 1198.1s. Final Cost: 348974
2026-05-04 06:20:57,737 - ======================================================================
2026-05-04 06:20:57,737 - BÁO CÁO TỔNG KẾT (SUMMARY)
2026-05-04 06:20:57,737 - ======================================================================
2026-05-04 06:20:57,737 -   1. Chi phí Clarke-Wright:     454412
2026-05-04 06:20:57,737 -   2. Chi phí sau Gurobi MIP:    348974
2026-05-04 06:20:57,737 -   => TỔNG CẢI THIỆN:            105438
2026-05-04 06:20:57,737 -   => Số lần Gurobi Single cải thiện  : 98 lần
2026-05-04 06:20:57,737 -   => Số lần Gurobi Pairwise cải thiện: 42 lần
2026-05-04 06:20:57,737 -   => TỔNG THỜI GIAN CHẠY:       1385.249s
2026-05-04 06:20:57,743 - ======================================================================
2026-05-04 06:20:57,743 - GUROBI MIP SOLVER  |  FILE: X-n957-k87.vrp
2026-05-04 06:20:57,743 - ======================================================================
2026-05-04 06:20:58,923 - Thông tin dữ liệu: Dimension=957, K=87, Capacity=11
2026-05-04 06:20:58,924 - --- Step 1: Clarke-Wright Heuristic ---
2026-05-04 06:21:01,476 -   Kết quả CW: Cost = 107210, Time = 2.552s
2026-05-04 06:21:01,476 - --- Step 2: Advanced Optimization (Gurobi MIP) ---
2026-05-04 06:21:01,476 - =========================================
2026-05-04 06:21:01,476 - BẮT ĐẦU OPTIMIZE  (100% Gurobi MIP)
2026-05-04 06:21:01,476 -  -> Max Single Size  : 27
2026-05-04 06:21:01,476 -  -> Single Timeout   : 40.0s
2026-05-04 06:21:01,476 -  -> Max Pairwise Size: 28
2026-05-04 06:21:01,476 -  -> Pairwise Timeout : 110.0s
2026-05-04 06:21:01,476 -  -> Global Timeout   : 1200.0s
2026-05-04 06:21:01,477 -  -> Chi phí khởi điểm: 107210
2026-05-04 06:21:01,477 - =========================================
2026-05-04 06:21:01,477 - === BẮT ĐẦU CHẶNG 4: GUROBI MIP CHÍNH XÁC | Cost: 107210 ===
2026-05-04 06:21:01,477 -   [GĐ 4.1] Giải bài toán TSP trên từng tuyến đơn...
2026-05-04 06:34:20,403 -     -> Single Gurobi cải thiện: 3977. Cost mới: 103233
2026-05-04 06:34:20,403 -   [GĐ 4.2] Xét từng cặp tuyến để phân bổ lại khách hàng...
2026-05-04 06:34:20,403 -   --- Pairwise Iter 1 (còn 401s) ---
2026-05-04 06:38:00,605 -     [P4.2] Pair (21,51) giảm 121 -> BEST = 103112
2026-05-04 06:38:01,931 -       [S-re] Route 51: 942 → 932  (−10) | BEST = 103102
2026-05-04 06:38:01,931 -   --- Pairwise Iter 2 (còn 180s) ---
2026-05-04 06:40:59,524 -     [P4.2] Pair (54,82) giảm 26 -> BEST = 103076
2026-05-04 06:40:59,524 -   --- Pairwise Iter 3 (còn 2s) ---
2026-05-04 06:40:59,626 -     -> Đã đạt cực trị toàn cục cho mọi cặp dưới ngưỡng. KẾT THÚC CHẶNG 4.
2026-05-04 06:40:59,627 - Hoàn thành trong 1198.2s. Final Cost: 103076
2026-05-04 06:40:59,627 - ======================================================================
2026-05-04 06:40:59,627 - BÁO CÁO TỔNG KẾT (SUMMARY)
2026-05-04 06:40:59,627 - ======================================================================
2026-05-04 06:40:59,627 -   1. Chi phí Clarke-Wright:     107210
2026-05-04 06:40:59,627 -   2. Chi phí sau Gurobi MIP:    103076
2026-05-04 06:40:59,627 -   => TỔNG CẢI THIỆN:            4134
2026-05-04 06:40:59,627 -   => Số lần Gurobi Single cải thiện  : 83 lần
2026-05-04 06:40:59,627 -   => Số lần Gurobi Pairwise cải thiện: 2 lần
2026-05-04 06:40:59,627 -   => TỔNG THỜI GIAN CHẠY:       1200.702s
2026-05-04 06:40:59,633 - ======================================================================
2026-05-04 06:40:59,633 - GUROBI MIP SOLVER  |  FILE: X-n979-k58.vrp
2026-05-04 06:40:59,633 - ======================================================================
2026-05-04 06:41:00,896 - Thông tin dữ liệu: Dimension=979, K=58, Capacity=998
2026-05-04 06:41:00,896 - --- Step 1: Clarke-Wright Heuristic ---
2026-05-04 06:41:04,035 -   Kết quả CW: Cost = 147726, Time = 3.138s
2026-05-04 06:41:04,035 - --- Step 2: Advanced Optimization (Gurobi MIP) ---
2026-05-04 06:41:04,035 - =========================================
2026-05-04 06:41:04,035 - BẮT ĐẦU OPTIMIZE  (100% Gurobi MIP)
2026-05-04 06:41:04,035 -  -> Max Single Size  : 35
2026-05-04 06:41:04,035 -  -> Single Timeout   : 40.0s
2026-05-04 06:41:04,035 -  -> Max Pairwise Size: 28
2026-05-04 06:41:04,035 -  -> Pairwise Timeout : 150.0s
2026-05-04 06:41:04,035 -  -> Global Timeout   : 1200.0s
2026-05-04 06:41:04,036 -  -> Chi phí khởi điểm: 147726
2026-05-04 06:41:04,036 - =========================================
2026-05-04 06:41:04,036 - === BẮT ĐẦU CHẶNG 4: GUROBI MIP CHÍNH XÁC | Cost: 147726 ===
2026-05-04 06:41:04,036 -   [GĐ 4.1] Giải bài toán TSP trên từng tuyến đơn...
2026-05-04 07:01:02,046 -     -> Single Gurobi cải thiện: 5330. Cost mới: 142396
2026-05-04 07:01:02,046 -   [GĐ 4.2] Xét từng cặp tuyến để phân bổ lại khách hàng...
2026-05-04 07:01:02,046 -   --- Pairwise Iter 1 (còn 2s) ---
2026-05-04 07:01:02,141 -     -> Đã đạt cực trị toàn cục cho mọi cặp dưới ngưỡng. KẾT THÚC CHẶNG 4.
2026-05-04 07:01:02,141 - Hoàn thành trong 1198.1s. Final Cost: 142396
2026-05-04 07:01:02,141 - ======================================================================
2026-05-04 07:01:02,141 - BÁO CÁO TỔNG KẾT (SUMMARY)
2026-05-04 07:01:02,141 - ======================================================================
2026-05-04 07:01:02,141 -   1. Chi phí Clarke-Wright:     147726
2026-05-04 07:01:02,141 -   2. Chi phí sau Gurobi MIP:    142396
2026-05-04 07:01:02,141 -   => TỔNG CẢI THIỆN:            5330
2026-05-04 07:01:02,141 -   => Số lần Gurobi Single cải thiện  : 40 lần
2026-05-04 07:01:02,141 -   => Số lần Gurobi Pairwise cải thiện: 0 lần
2026-05-04 07:01:02,141 -   => TỔNG THỜI GIAN CHẠY:       1201.244s
2026-05-04 07:01:02,147 - ======================================================================
2026-05-04 07:01:02,147 - GUROBI MIP SOLVER  |  FILE: X-n1001-k43.vrp
2026-05-04 07:01:02,147 - ======================================================================
2026-05-04 07:01:03,448 - Thông tin dữ liệu: Dimension=1001, K=43, Capacity=131
2026-05-04 07:01:03,448 - --- Step 1: Clarke-Wright Heuristic ---
2026-05-04 07:01:06,643 -   Kết quả CW: Cost = 96781, Time = 3.195s
2026-05-04 07:01:06,643 - --- Step 2: Advanced Optimization (Gurobi MIP) ---
2026-05-04 07:01:06,643 - =========================================
2026-05-04 07:01:06,643 - BẮT ĐẦU OPTIMIZE  (100% Gurobi MIP)
2026-05-04 07:01:06,643 -  -> Max Single Size  : 35
2026-05-04 07:01:06,643 -  -> Single Timeout   : 40.0s
2026-05-04 07:01:06,643 -  -> Max Pairwise Size: 28
2026-05-04 07:01:06,643 -  -> Pairwise Timeout : 150.0s
2026-05-04 07:01:06,644 -  -> Global Timeout   : 1200.0s
2026-05-04 07:01:06,644 -  -> Chi phí khởi điểm: 96781
2026-05-04 07:01:06,644 - =========================================
2026-05-04 07:01:06,644 - === BẮT ĐẦU CHẶNG 4: GUROBI MIP CHÍNH XÁC | Cost: 96781 ===
2026-05-04 07:01:06,644 -   [GĐ 4.1] Giải bài toán TSP trên từng tuyến đơn...
2026-05-04 07:21:04,674 -     -> Single Gurobi cải thiện: 6942. Cost mới: 89839
2026-05-04 07:21:04,674 -   [GĐ 4.2] Xét từng cặp tuyến để phân bổ lại khách hàng...
2026-05-04 07:21:04,674 -   --- Pairwise Iter 1 (còn 2s) ---
2026-05-04 07:21:04,766 -     -> Đã đạt cực trị toàn cục cho mọi cặp dưới ngưỡng. KẾT THÚC CHẶNG 4.
2026-05-04 07:21:04,766 - Hoàn thành trong 1198.1s. Final Cost: 89839
2026-05-04 07:21:04,766 - ======================================================================
2026-05-04 07:21:04,766 - BÁO CÁO TỔNG KẾT (SUMMARY)
2026-05-04 07:21:04,766 - ======================================================================
2026-05-04 07:21:04,766 -   1. Chi phí Clarke-Wright:     96781
2026-05-04 07:21:04,766 -   2. Chi phí sau Gurobi MIP:    89839
2026-05-04 07:21:04,766 -   => TỔNG CẢI THIỆN:            6942
2026-05-04 07:21:04,766 -   => Số lần Gurobi Single cải thiện  : 38 lần
2026-05-04 07:21:04,766 -   => Số lần Gurobi Pairwise cải thiện: 0 lần
2026-05-04 07:21:04,767 -   => TỔNG THỜI GIAN CHẠY:       1201.318s
