2026-04-04 17:01:42,386 - ======================================================================
2026-04-04 17:01:42,386 - GUROBI MIP SOLVER  |  FILE: B-n31-k5.vrp
2026-04-04 17:01:42,386 - ======================================================================
2026-04-04 17:01:42,387 - Thông tin dữ liệu: Dimension=31, K=5, Capacity=100
2026-04-04 17:01:42,387 - --- Step 1: Clarke-Wright Heuristic ---
2026-04-04 17:01:42,388 -   Kết quả CW: Cost = 748, Time = 0.001s
2026-04-04 17:01:42,388 - --- Step 2: Advanced Optimization (Gurobi MIP) ---
2026-04-04 17:01:42,388 - =========================================
2026-04-04 17:01:42,389 - BẮT ĐẦU OPTIMIZE  (100% Gurobi MIP)
2026-04-04 17:01:42,389 -  -> Max Single Size  : 20
2026-04-04 17:01:42,389 -  -> Single Timeout   : 40.0s
2026-04-04 17:01:42,389 -  -> Max Pairwise Size: 18
2026-04-04 17:01:42,389 -  -> Pairwise Timeout : 56s
2026-04-04 17:01:42,389 -  -> Global Timeout   : 1200.0s
2026-04-04 17:01:42,389 -  -> Chi phí khởi điểm: 748
2026-04-04 17:01:42,389 - =========================================
2026-04-04 17:01:42,389 - === BẮT ĐẦU CHẶNG 4: GUROBI MIP CHÍNH XÁC | Cost: 748 ===
2026-04-04 17:01:42,389 -   [GĐ 4.1] Giải bài toán TSP trên từng tuyến đơn...
2026-04-04 17:01:43,155 -     -> Single Gurobi cải thiện: 18. Cost mới: 730
2026-04-04 17:01:43,155 -   [GĐ 4.2] Xét từng cặp tuyến để phân bổ lại khách hàng...
2026-04-04 17:01:43,155 -   --- Pairwise Iter 1 (còn 1199s) ---
2026-04-04 17:02:39,229 -     [P4.2] Pair (1,2) giảm 19 -> BEST = 711
2026-04-04 17:02:39,432 -   --- Pairwise Iter 2 (còn 1143s) ---
2026-04-04 17:03:22,669 -     [P4.2] Pair (1,3) giảm 10 -> BEST = 701
2026-04-04 17:03:22,790 -   --- Pairwise Iter 3 (còn 1100s) ---
2026-04-04 17:04:26,420 -     [P4.2] Pair (1,4) giảm 7 -> BEST = 694
2026-04-04 17:04:26,492 -   --- Pairwise Iter 4 (còn 1036s) ---
2026-04-04 17:04:29,882 -     [P4.2] Pair (3,4) giảm 3 -> BEST = 691
2026-04-04 17:04:30,003 -   --- Pairwise Iter 5 (còn 1032s) ---
2026-04-04 17:06:18,420 -     [P4.2] Pair (1,2) giảm 6 -> BEST = 685
2026-04-04 17:06:18,501 -   --- Pairwise Iter 6 (còn 924s) ---
2026-04-04 17:06:34,668 -     [P4.2] Pair (2,4) giảm 4 -> BEST = 681
2026-04-04 17:06:34,748 -   --- Pairwise Iter 7 (còn 908s) ---
2026-04-04 17:08:33,153 -     [P4.2] Pair (0,3) giảm 4 -> BEST = 677
2026-04-04 17:08:33,303 -   --- Pairwise Iter 8 (còn 789s) ---
2026-04-04 17:11:14,476 -     -> Đã đạt cực trị toàn cục cho mọi cặp dưới ngưỡng. KẾT THÚC CHẶNG 4.
2026-04-04 17:11:14,476 - Hoàn thành trong 572.1s. Final Cost: 677
2026-04-04 17:11:14,477 - ======================================================================
2026-04-04 17:11:14,477 - BÁO CÁO TỔNG KẾT (SUMMARY)
2026-04-04 17:11:14,477 - ======================================================================
2026-04-04 17:11:14,477 -   1. Chi phí Clarke-Wright:     748
2026-04-04 17:11:14,477 -   2. Chi phí sau Gurobi MIP:    677
2026-04-04 17:11:14,477 -   => TỔNG CẢI THIỆN:            71
2026-04-04 17:11:14,477 -   => Số lần Gurobi Single cải thiện  : 4 lần
2026-04-04 17:11:14,477 -   => Số lần Gurobi Pairwise cải thiện: 7 lần
2026-04-04 17:11:14,477 -   => TỔNG THỜI GIAN CHẠY:       572.089s
2026-04-04 17:11:14,477 - ======================================================================
2026-04-04 17:11:14,477 - GUROBI MIP SOLVER  |  FILE: B-n34-k5.vrp
2026-04-04 17:11:14,477 - ======================================================================
2026-04-04 17:11:14,479 - Thông tin dữ liệu: Dimension=34, K=5, Capacity=100
2026-04-04 17:11:14,480 - --- Step 1: Clarke-Wright Heuristic ---
2026-04-04 17:11:14,481 -   Kết quả CW: Cost = 936, Time = 0.001s
2026-04-04 17:11:14,481 - --- Step 2: Advanced Optimization (Gurobi MIP) ---
2026-04-04 17:11:14,481 - =========================================
2026-04-04 17:11:14,481 - BẮT ĐẦU OPTIMIZE  (100% Gurobi MIP)
2026-04-04 17:11:14,481 -  -> Max Single Size  : 20
2026-04-04 17:11:14,481 -  -> Single Timeout   : 40.0s
2026-04-04 17:11:14,481 -  -> Max Pairwise Size: 20
2026-04-04 17:11:14,481 -  -> Pairwise Timeout : 61s
2026-04-04 17:11:14,481 -  -> Global Timeout   : 1200.0s
2026-04-04 17:11:14,481 -  -> Chi phí khởi điểm: 936
2026-04-04 17:11:14,481 - =========================================
2026-04-04 17:11:14,481 - === BẮT ĐẦU CHẶNG 4: GUROBI MIP CHÍNH XÁC | Cost: 936 ===
2026-04-04 17:11:14,481 -   [GĐ 4.1] Giải bài toán TSP trên từng tuyến đơn...
2026-04-04 17:11:14,714 -     -> Single Gurobi cải thiện: 61. Cost mới: 875
2026-04-04 17:11:14,714 -   [GĐ 4.2] Xét từng cặp tuyến để phân bổ lại khách hàng...
2026-04-04 17:11:14,714 -   --- Pairwise Iter 1 (còn 1200s) ---
2026-04-04 17:12:15,766 -     [P4.2] Pair (0,1) giảm 21 -> BEST = 854
2026-04-04 17:12:15,885 -   --- Pairwise Iter 2 (còn 1139s) ---
2026-04-04 17:13:20,675 -     [P4.2] Pair (1,4) giảm 2 -> BEST = 852
2026-04-04 17:13:20,731 -   --- Pairwise Iter 3 (còn 1074s) ---
2026-04-04 17:14:21,772 -     [P4.2] Pair (0,4) giảm 27 -> BEST = 825
2026-04-04 17:14:21,856 -   --- Pairwise Iter 4 (còn 1013s) ---
2026-04-04 17:15:12,674 -     [P4.2] Pair (2,3) giảm 21 -> BEST = 804
2026-04-04 17:15:12,792 -   --- Pairwise Iter 5 (còn 962s) ---
2026-04-04 17:16:13,822 -     [P4.2] Pair (0,3) giảm 13 -> BEST = 791
2026-04-04 17:16:14,364 -   --- Pairwise Iter 6 (còn 900s) ---
2026-04-04 17:19:18,319 -     [P4.2] Pair (1,3) giảm 1 -> BEST = 790
2026-04-04 17:19:18,743 -   --- Pairwise Iter 7 (còn 716s) ---
2026-04-04 17:20:19,785 -     [P4.2] Pair (0,1) giảm 2 -> BEST = 788
2026-04-04 17:20:20,170 -   --- Pairwise Iter 8 (còn 654s) ---
2026-04-04 17:24:38,176 -     -> Đã đạt cực trị toàn cục cho mọi cặp dưới ngưỡng. KẾT THÚC CHẶNG 4.
2026-04-04 17:24:38,177 - Hoàn thành trong 803.7s. Final Cost: 788
2026-04-04 17:24:38,177 - ======================================================================
2026-04-04 17:24:38,177 - BÁO CÁO TỔNG KẾT (SUMMARY)
2026-04-04 17:24:38,177 - ======================================================================
2026-04-04 17:24:38,177 -   1. Chi phí Clarke-Wright:     936
2026-04-04 17:24:38,177 -   2. Chi phí sau Gurobi MIP:    788
2026-04-04 17:24:38,177 -   => TỔNG CẢI THIỆN:            148
2026-04-04 17:24:38,177 -   => Số lần Gurobi Single cải thiện  : 4 lần
2026-04-04 17:24:38,177 -   => Số lần Gurobi Pairwise cải thiện: 7 lần
2026-04-04 17:24:38,177 -   => TỔNG THỜI GIAN CHẠY:       803.696s
2026-04-04 17:24:38,177 - ======================================================================
2026-04-04 17:24:38,177 - GUROBI MIP SOLVER  |  FILE: B-n35-k5.vrp
2026-04-04 17:24:38,177 - ======================================================================
2026-04-04 17:24:38,180 - Thông tin dữ liệu: Dimension=35, K=5, Capacity=100
2026-04-04 17:24:38,180 - --- Step 1: Clarke-Wright Heuristic ---
2026-04-04 17:24:38,181 -   Kết quả CW: Cost = 1016, Time = 0.001s
2026-04-04 17:24:38,181 - --- Step 2: Advanced Optimization (Gurobi MIP) ---
2026-04-04 17:24:38,181 - =========================================
2026-04-04 17:24:38,181 - BẮT ĐẦU OPTIMIZE  (100% Gurobi MIP)
2026-04-04 17:24:38,181 -  -> Max Single Size  : 20
2026-04-04 17:24:38,181 -  -> Single Timeout   : 40.0s
2026-04-04 17:24:38,181 -  -> Max Pairwise Size: 21
2026-04-04 17:24:38,181 -  -> Pairwise Timeout : 63s
2026-04-04 17:24:38,181 -  -> Global Timeout   : 1200.0s
2026-04-04 17:24:38,181 -  -> Chi phí khởi điểm: 1016
2026-04-04 17:24:38,181 - =========================================
2026-04-04 17:24:38,181 - === BẮT ĐẦU CHẶNG 4: GUROBI MIP CHÍNH XÁC | Cost: 1016 ===
2026-04-04 17:24:38,181 -   [GĐ 4.1] Giải bài toán TSP trên từng tuyến đơn...
2026-04-04 17:24:38,487 -     -> Single Gurobi cải thiện: 44. Cost mới: 972
2026-04-04 17:24:38,487 -   [GĐ 4.2] Xét từng cặp tuyến để phân bổ lại khách hàng...
2026-04-04 17:24:38,487 -   --- Pairwise Iter 1 (còn 1200s) ---
2026-04-04 17:25:41,533 -     [P4.2] Pair (2,4) giảm 6 -> BEST = 966
2026-04-04 17:25:41,598 -   --- Pairwise Iter 2 (còn 1137s) ---
2026-04-04 17:27:47,688 -     [P4.2] Pair (0,4) giảm 3 -> BEST = 963
2026-04-04 17:27:48,081 -   --- Pairwise Iter 3 (còn 1010s) ---
2026-04-04 17:30:57,001 -     [P4.2] Pair (1,3) giảm 8 -> BEST = 955
2026-04-04 17:30:57,113 -   --- Pairwise Iter 4 (còn 821s) ---
2026-04-04 17:36:35,218 -     -> Đã đạt cực trị toàn cục cho mọi cặp dưới ngưỡng. KẾT THÚC CHẶNG 4.
2026-04-04 17:36:35,218 - Hoàn thành trong 717.0s. Final Cost: 955
2026-04-04 17:36:35,218 - ======================================================================
2026-04-04 17:36:35,218 - BÁO CÁO TỔNG KẾT (SUMMARY)
2026-04-04 17:36:35,218 - ======================================================================
2026-04-04 17:36:35,218 -   1. Chi phí Clarke-Wright:     1016
2026-04-04 17:36:35,218 -   2. Chi phí sau Gurobi MIP:    955
2026-04-04 17:36:35,218 -   => TỔNG CẢI THIỆN:            61
2026-04-04 17:36:35,218 -   => Số lần Gurobi Single cải thiện  : 5 lần
2026-04-04 17:36:35,218 -   => Số lần Gurobi Pairwise cải thiện: 3 lần
2026-04-04 17:36:35,218 -   => TỔNG THỜI GIAN CHẠY:       717.038s
2026-04-04 17:36:35,219 - ======================================================================
2026-04-04 17:36:35,219 - GUROBI MIP SOLVER  |  FILE: B-n38-k6.vrp
2026-04-04 17:36:35,219 - ======================================================================
2026-04-04 17:36:35,222 - Thông tin dữ liệu: Dimension=38, K=6, Capacity=100
2026-04-04 17:36:35,222 - --- Step 1: Clarke-Wright Heuristic ---
2026-04-04 17:36:35,224 -   Kết quả CW: Cost = 961, Time = 0.001s
2026-04-04 17:36:35,224 - --- Step 2: Advanced Optimization (Gurobi MIP) ---
2026-04-04 17:36:35,224 - =========================================
2026-04-04 17:36:35,224 - BẮT ĐẦU OPTIMIZE  (100% Gurobi MIP)
2026-04-04 17:36:35,224 -  -> Max Single Size  : 20
2026-04-04 17:36:35,224 -  -> Single Timeout   : 40.0s
2026-04-04 17:36:35,224 -  -> Max Pairwise Size: 19
2026-04-04 17:36:35,224 -  -> Pairwise Timeout : 57s
2026-04-04 17:36:35,224 -  -> Global Timeout   : 1200.0s
2026-04-04 17:36:35,224 -  -> Chi phí khởi điểm: 961
2026-04-04 17:36:35,224 - =========================================
2026-04-04 17:36:35,224 - === BẮT ĐẦU CHẶNG 4: GUROBI MIP CHÍNH XÁC | Cost: 961 ===
2026-04-04 17:36:35,224 -   [GĐ 4.1] Giải bài toán TSP trên từng tuyến đơn...
2026-04-04 17:36:35,505 -     -> Single Gurobi cải thiện: 49. Cost mới: 912
2026-04-04 17:36:35,505 -   [GĐ 4.2] Xét từng cặp tuyến để phân bổ lại khách hàng...
2026-04-04 17:36:35,505 -   --- Pairwise Iter 1 (còn 1200s) ---
2026-04-04 17:37:32,534 -     [P4.2] Pair (2,3) giảm 55 -> BEST = 857
2026-04-04 17:37:32,985 -   --- Pairwise Iter 2 (còn 1142s) ---
2026-04-04 17:38:33,472 -     [P4.2] Pair (1,5) giảm 5 -> BEST = 852
2026-04-04 17:38:33,497 -   --- Pairwise Iter 3 (còn 1082s) ---
2026-04-04 17:39:30,763 -     [P4.2] Pair (4,5) giảm 4 -> BEST = 848
2026-04-04 17:39:30,798 -   --- Pairwise Iter 4 (còn 1024s) ---
2026-04-04 17:40:27,856 -     [P4.2] Pair (2,5) giảm 1 -> BEST = 847
2026-04-04 17:40:28,180 -   --- Pairwise Iter 5 (còn 967s) ---
2026-04-04 17:41:36,875 -     [P4.2] Pair (0,1) giảm 30 -> BEST = 817
2026-04-04 17:41:36,962 -   --- Pairwise Iter 6 (còn 898s) ---
2026-04-04 17:47:04,340 -     -> Đã đạt cực trị toàn cục cho mọi cặp dưới ngưỡng. KẾT THÚC CHẶNG 4.
2026-04-04 17:47:04,340 - Hoàn thành trong 629.1s. Final Cost: 817
2026-04-04 17:47:04,341 - ======================================================================
2026-04-04 17:47:04,341 - BÁO CÁO TỔNG KẾT (SUMMARY)
2026-04-04 17:47:04,341 - ======================================================================
2026-04-04 17:47:04,341 -   1. Chi phí Clarke-Wright:     961
2026-04-04 17:47:04,341 -   2. Chi phí sau Gurobi MIP:    817
2026-04-04 17:47:04,341 -   => TỔNG CẢI THIỆN:            144
2026-04-04 17:47:04,341 -   => Số lần Gurobi Single cải thiện  : 4 lần
2026-04-04 17:47:04,341 -   => Số lần Gurobi Pairwise cải thiện: 5 lần
2026-04-04 17:47:04,341 -   => TỔNG THỜI GIAN CHẠY:       629.118s
2026-04-04 17:47:04,341 - ======================================================================
2026-04-04 17:47:04,341 - GUROBI MIP SOLVER  |  FILE: B-n39-k5.vrp
2026-04-04 17:47:04,341 - ======================================================================
2026-04-04 17:47:04,344 - Thông tin dữ liệu: Dimension=39, K=5, Capacity=100
2026-04-04 17:47:04,344 - --- Step 1: Clarke-Wright Heuristic ---
2026-04-04 17:47:04,345 -   Kết quả CW: Cost = 695, Time = 0.001s
2026-04-04 17:47:04,345 - --- Step 2: Advanced Optimization (Gurobi MIP) ---
2026-04-04 17:47:04,345 - =========================================
2026-04-04 17:47:04,345 - BẮT ĐẦU OPTIMIZE  (100% Gurobi MIP)
2026-04-04 17:47:04,345 -  -> Max Single Size  : 20
2026-04-04 17:47:04,345 -  -> Single Timeout   : 40.0s
2026-04-04 17:47:04,345 -  -> Max Pairwise Size: 23
2026-04-04 17:47:04,345 -  -> Pairwise Timeout : 70s
2026-04-04 17:47:04,345 -  -> Global Timeout   : 1200.0s
2026-04-04 17:47:04,346 -  -> Chi phí khởi điểm: 695
2026-04-04 17:47:04,346 - =========================================
2026-04-04 17:47:04,346 - === BẮT ĐẦU CHẶNG 4: GUROBI MIP CHÍNH XÁC | Cost: 695 ===
2026-04-04 17:47:04,346 -   [GĐ 4.1] Giải bài toán TSP trên từng tuyến đơn...
2026-04-04 17:47:09,285 -     -> Single Gurobi cải thiện: 39. Cost mới: 656
2026-04-04 17:47:09,286 -   [GĐ 4.2] Xét từng cặp tuyến để phân bổ lại khách hàng...
2026-04-04 17:47:09,286 -   --- Pairwise Iter 1 (còn 1195s) ---
2026-04-04 17:47:41,959 -     [P4.2] Pair (2,3) giảm 86 -> BEST = 570
2026-04-04 17:47:42,195 -   --- Pairwise Iter 2 (còn 1162s) ---
2026-04-04 17:48:52,260 -     [P4.2] Pair (0,1) giảm 4 -> BEST = 566
2026-04-04 17:49:32,281 -       [S-re] Route 0: 199 → 198  (−1) | BEST = 565
2026-04-04 17:49:32,330 -   --- Pairwise Iter 3 (còn 1052s) ---
2026-04-04 17:53:02,459 -     [P4.2] Pair (3,4) giảm 6 -> BEST = 559
2026-04-04 17:53:02,572 -   --- Pairwise Iter 4 (còn 842s) ---
2026-04-04 17:56:50,706 -     [P4.2] Pair (1,2) giảm 6 -> BEST = 553
2026-04-04 17:56:50,911 -   --- Pairwise Iter 5 (còn 613s) ---
2026-04-04 17:58:00,964 -     [P4.2] Pair (0,2) giảm 3 -> BEST = 550
2026-04-04 17:58:23,377 -       [S-re] Route 0: 197 → 196  (−1) | BEST = 549
2026-04-04 17:58:23,431 -   --- Pairwise Iter 6 (còn 521s) ---
2026-04-04 18:05:41,162 -     -> Đã đạt cực trị toàn cục cho mọi cặp dưới ngưỡng. KẾT THÚC CHẶNG 4.
2026-04-04 18:05:41,162 - Hoàn thành trong 1116.8s. Final Cost: 549
2026-04-04 18:05:41,163 - ======================================================================
2026-04-04 18:05:41,163 - BÁO CÁO TỔNG KẾT (SUMMARY)
2026-04-04 18:05:41,163 - ======================================================================
2026-04-04 18:05:41,163 -   1. Chi phí Clarke-Wright:     695
2026-04-04 18:05:41,163 -   2. Chi phí sau Gurobi MIP:    549
2026-04-04 18:05:41,163 -   => TỔNG CẢI THIỆN:            146
2026-04-04 18:05:41,163 -   => Số lần Gurobi Single cải thiện  : 7 lần
2026-04-04 18:05:41,163 -   => Số lần Gurobi Pairwise cải thiện: 5 lần
2026-04-04 18:05:41,163 -   => TỔNG THỜI GIAN CHẠY:       1116.818s
2026-04-04 18:05:41,164 - ======================================================================
2026-04-04 18:05:41,165 - GUROBI MIP SOLVER  |  FILE: B-n41-k6.vrp
2026-04-04 18:05:41,165 - ======================================================================
2026-04-04 18:05:41,168 - Thông tin dữ liệu: Dimension=41, K=6, Capacity=100
2026-04-04 18:05:41,168 - --- Step 1: Clarke-Wright Heuristic ---
2026-04-04 18:05:41,169 -   Kết quả CW: Cost = 981, Time = 0.001s
2026-04-04 18:05:41,169 - --- Step 2: Advanced Optimization (Gurobi MIP) ---
2026-04-04 18:05:41,169 - =========================================
2026-04-04 18:05:41,169 - BẮT ĐẦU OPTIMIZE  (100% Gurobi MIP)
2026-04-04 18:05:41,169 -  -> Max Single Size  : 20
2026-04-04 18:05:41,169 -  -> Single Timeout   : 40.0s
2026-04-04 18:05:41,169 -  -> Max Pairwise Size: 20
2026-04-04 18:05:41,169 -  -> Pairwise Timeout : 62s
2026-04-04 18:05:41,169 -  -> Global Timeout   : 1200.0s
2026-04-04 18:05:41,169 -  -> Chi phí khởi điểm: 981
2026-04-04 18:05:41,169 - =========================================
2026-04-04 18:05:41,169 - === BẮT ĐẦU CHẶNG 4: GUROBI MIP CHÍNH XÁC | Cost: 981 ===
2026-04-04 18:05:41,169 -   [GĐ 4.1] Giải bài toán TSP trên từng tuyến đơn...
2026-04-04 18:05:41,831 -     -> Single Gurobi cải thiện: 28. Cost mới: 953
2026-04-04 18:05:41,831 -   [GĐ 4.2] Xét từng cặp tuyến để phân bổ lại khách hàng...
2026-04-04 18:05:41,831 -   --- Pairwise Iter 1 (còn 1199s) ---
2026-04-04 18:05:45,042 -     [P4.2] Pair (4,5) giảm 5 -> BEST = 948
2026-04-04 18:05:45,087 -   --- Pairwise Iter 2 (còn 1196s) ---
2026-04-04 18:06:47,135 -     [P4.2] Pair (0,5) giảm 10 -> BEST = 938
2026-04-04 18:06:47,232 -   --- Pairwise Iter 3 (còn 1134s) ---
2026-04-04 18:07:51,843 -     [P4.2] Pair (4,5) giảm 3 -> BEST = 935
2026-04-04 18:07:51,922 -   --- Pairwise Iter 4 (còn 1069s) ---
2026-04-04 18:11:01,529 -     [P4.2] Pair (0,1) giảm 7 -> BEST = 928
2026-04-04 18:11:01,909 -   --- Pairwise Iter 5 (còn 879s) ---
2026-04-04 18:15:14,312 -     [P4.2] Pair (0,2) giảm 27 -> BEST = 901
2026-04-04 18:15:14,526 -   --- Pairwise Iter 6 (còn 627s) ---
2026-04-04 18:16:16,559 -     [P4.2] Pair (1,2) giảm 10 -> BEST = 891
2026-04-04 18:16:16,671 -   --- Pairwise Iter 7 (còn 564s) ---
2026-04-04 18:20:50,979 -     [P4.2] Pair (0,3) giảm 5 -> BEST = 886
2026-04-04 18:20:51,142 -   --- Pairwise Iter 8 (còn 290s) ---
2026-04-04 18:25:39,193 -     -> Đã đạt cực trị toàn cục cho mọi cặp dưới ngưỡng. KẾT THÚC CHẶNG 4.
2026-04-04 18:25:39,193 - Hoàn thành trong 1198.0s. Final Cost: 886
2026-04-04 18:25:39,193 - ======================================================================
2026-04-04 18:25:39,193 - BÁO CÁO TỔNG KẾT (SUMMARY)
2026-04-04 18:25:39,193 - ======================================================================
2026-04-04 18:25:39,193 -   1. Chi phí Clarke-Wright:     981
2026-04-04 18:25:39,193 -   2. Chi phí sau Gurobi MIP:    886
2026-04-04 18:25:39,193 -   => TỔNG CẢI THIỆN:            95
2026-04-04 18:25:39,194 -   => Số lần Gurobi Single cải thiện  : 4 lần
2026-04-04 18:25:39,194 -   => Số lần Gurobi Pairwise cải thiện: 7 lần
2026-04-04 18:25:39,194 -   => TỔNG THỜI GIAN CHẠY:       1198.025s
2026-04-04 18:25:39,194 - ======================================================================
2026-04-04 18:25:39,194 - GUROBI MIP SOLVER  |  FILE: B-n43-k6.vrp
2026-04-04 18:25:39,194 - ======================================================================
2026-04-04 18:25:39,197 - Thông tin dữ liệu: Dimension=43, K=6, Capacity=100
2026-04-04 18:25:39,197 - --- Step 1: Clarke-Wright Heuristic ---
2026-04-04 18:25:39,199 -   Kết quả CW: Cost = 861, Time = 0.001s
2026-04-04 18:25:39,199 - --- Step 2: Advanced Optimization (Gurobi MIP) ---
2026-04-04 18:25:39,199 - =========================================
2026-04-04 18:25:39,199 - BẮT ĐẦU OPTIMIZE  (100% Gurobi MIP)
2026-04-04 18:25:39,199 -  -> Max Single Size  : 20
2026-04-04 18:25:39,199 -  -> Single Timeout   : 40.0s
2026-04-04 18:25:39,199 -  -> Max Pairwise Size: 21
2026-04-04 18:25:39,199 -  -> Pairwise Timeout : 64s
2026-04-04 18:25:39,199 -  -> Global Timeout   : 1200.0s
2026-04-04 18:25:39,199 -  -> Chi phí khởi điểm: 861
2026-04-04 18:25:39,199 - =========================================
2026-04-04 18:25:39,199 - === BẮT ĐẦU CHẶNG 4: GUROBI MIP CHÍNH XÁC | Cost: 861 ===
2026-04-04 18:25:39,199 -   [GĐ 4.1] Giải bài toán TSP trên từng tuyến đơn...
2026-04-04 18:25:40,875 -     -> Single Gurobi cải thiện: 69. Cost mới: 792
2026-04-04 18:25:40,875 -   [GĐ 4.2] Xét từng cặp tuyến để phân bổ lại khách hàng...
2026-04-04 18:25:40,875 -   --- Pairwise Iter 1 (còn 1198s) ---
2026-04-04 18:25:52,712 -     [P4.2] Pair (1,5) giảm 6 -> BEST = 786
2026-04-04 18:25:52,817 -   --- Pairwise Iter 2 (còn 1186s) ---
2026-04-04 18:28:24,761 -     [P4.2] Pair (4,5) giảm 4 -> BEST = 782
2026-04-04 18:28:25,132 -   --- Pairwise Iter 3 (còn 1034s) ---
2026-04-04 18:29:29,184 -     [P4.2] Pair (0,4) giảm 6 -> BEST = 776
2026-04-04 18:29:29,207 -       [S-re] Route 0: 137 → 136  (−1) | BEST = 775
2026-04-04 18:29:29,301 -   --- Pairwise Iter 4 (còn 970s) ---
2026-04-04 18:30:33,353 -     [P4.2] Pair (0,4) giảm 1 -> BEST = 774
2026-04-04 18:30:33,433 -   --- Pairwise Iter 5 (còn 906s) ---
2026-04-04 18:31:45,778 -     [P4.2] Pair (1,5) giảm 1 -> BEST = 773
2026-04-04 18:31:45,838 -   --- Pairwise Iter 6 (còn 833s) ---
2026-04-04 18:37:10,732 -     [P4.2] Pair (2,3) giảm 1 -> BEST = 772
2026-04-04 18:37:10,911 -   --- Pairwise Iter 7 (còn 508s) ---
2026-04-04 18:43:52,080 -     [P4.2] Pair (2,5) giảm 10 -> BEST = 762
2026-04-04 18:43:52,263 -   --- Pairwise Iter 8 (còn 107s) ---
2026-04-04 18:45:37,233 -     -> Đã đạt cực trị toàn cục cho mọi cặp dưới ngưỡng. KẾT THÚC CHẶNG 4.
2026-04-04 18:45:37,233 - Hoàn thành trong 1198.0s. Final Cost: 762
2026-04-04 18:45:37,233 - ======================================================================
2026-04-04 18:45:37,233 - BÁO CÁO TỔNG KẾT (SUMMARY)
2026-04-04 18:45:37,234 - ======================================================================
2026-04-04 18:45:37,234 -   1. Chi phí Clarke-Wright:     861
2026-04-04 18:45:37,234 -   2. Chi phí sau Gurobi MIP:    762
2026-04-04 18:45:37,234 -   => TỔNG CẢI THIỆN:            99
2026-04-04 18:45:37,234 -   => Số lần Gurobi Single cải thiện  : 7 lần
2026-04-04 18:45:37,234 -   => Số lần Gurobi Pairwise cải thiện: 7 lần
2026-04-04 18:45:37,234 -   => TỔNG THỜI GIAN CHẠY:       1198.036s
2026-04-04 18:45:37,235 - ======================================================================
2026-04-04 18:45:37,235 - GUROBI MIP SOLVER  |  FILE: B-n44-k7.vrp
2026-04-04 18:45:37,235 - ======================================================================
2026-04-04 18:45:37,238 - Thông tin dữ liệu: Dimension=44, K=7, Capacity=100
2026-04-04 18:45:37,238 - --- Step 1: Clarke-Wright Heuristic ---
2026-04-04 18:45:37,240 -   Kết quả CW: Cost = 1103, Time = 0.001s
2026-04-04 18:45:37,240 - --- Step 2: Advanced Optimization (Gurobi MIP) ---
2026-04-04 18:45:37,240 - =========================================
2026-04-04 18:45:37,240 - BẮT ĐẦU OPTIMIZE  (100% Gurobi MIP)
2026-04-04 18:45:37,240 -  -> Max Single Size  : 20
2026-04-04 18:45:37,240 -  -> Single Timeout   : 40.0s
2026-04-04 18:45:37,240 -  -> Max Pairwise Size: 18
2026-04-04 18:45:37,240 -  -> Pairwise Timeout : 57s
2026-04-04 18:45:37,240 -  -> Global Timeout   : 1200.0s
2026-04-04 18:45:37,240 -  -> Chi phí khởi điểm: 1103
2026-04-04 18:45:37,240 - =========================================
2026-04-04 18:45:37,241 - === BẮT ĐẦU CHẶNG 4: GUROBI MIP CHÍNH XÁC | Cost: 1103 ===
2026-04-04 18:45:37,241 -   [GĐ 4.1] Giải bài toán TSP trên từng tuyến đơn...
2026-04-04 18:45:37,718 -     -> Single Gurobi cải thiện: 62. Cost mới: 1041
2026-04-04 18:45:37,718 -   [GĐ 4.2] Xét từng cặp tuyến để phân bổ lại khách hàng...
2026-04-04 18:45:37,718 -   --- Pairwise Iter 1 (còn 1200s) ---
2026-04-04 18:46:34,762 -     [P4.2] Pair (0,2) giảm 3 -> BEST = 1038
2026-04-04 18:46:34,871 -   --- Pairwise Iter 2 (còn 1142s) ---
2026-04-04 18:47:34,286 -     [P4.2] Pair (2,4) giảm 93 -> BEST = 945
2026-04-04 18:47:34,462 -   --- Pairwise Iter 3 (còn 1083s) ---
2026-04-04 18:48:31,704 -     [P4.2] Pair (5,6) giảm 9 -> BEST = 936
2026-04-04 18:48:31,773 -   --- Pairwise Iter 4 (còn 1025s) ---
2026-04-04 18:51:31,503 -     [P4.2] Pair (3,4) giảm 6 -> BEST = 930
2026-04-04 18:51:31,642 -   --- Pairwise Iter 5 (còn 846s) ---
2026-04-04 18:58:12,800 -     [P4.2] Pair (1,4) giảm 1 -> BEST = 929
2026-04-04 18:58:13,201 -   --- Pairwise Iter 6 (còn 444s) ---
2026-04-04 19:03:01,219 -     [P4.2] Pair (4,6) giảm 1 -> BEST = 928
2026-04-04 19:03:01,672 -   --- Pairwise Iter 7 (còn 156s) ---
2026-04-04 19:05:35,326 -     -> Đã đạt cực trị toàn cục cho mọi cặp dưới ngưỡng. KẾT THÚC CHẶNG 4.
2026-04-04 19:05:35,327 - Hoàn thành trong 1198.1s. Final Cost: 928
2026-04-04 19:05:35,327 - ======================================================================
2026-04-04 19:05:35,327 - BÁO CÁO TỔNG KẾT (SUMMARY)
2026-04-04 19:05:35,327 - ======================================================================
2026-04-04 19:05:35,327 -   1. Chi phí Clarke-Wright:     1103
2026-04-04 19:05:35,327 -   2. Chi phí sau Gurobi MIP:    928
2026-04-04 19:05:35,327 -   => TỔNG CẢI THIỆN:            175
2026-04-04 19:05:35,327 -   => Số lần Gurobi Single cải thiện  : 6 lần
2026-04-04 19:05:35,327 -   => Số lần Gurobi Pairwise cải thiện: 6 lần
2026-04-04 19:05:35,327 -   => TỔNG THỜI GIAN CHẠY:       1198.088s
2026-04-04 19:05:35,328 - ======================================================================
2026-04-04 19:05:35,329 - GUROBI MIP SOLVER  |  FILE: B-n45-k5.vrp
2026-04-04 19:05:35,329 - ======================================================================
2026-04-04 19:05:35,332 - Thông tin dữ liệu: Dimension=45, K=5, Capacity=100
2026-04-04 19:05:35,332 - --- Step 1: Clarke-Wright Heuristic ---
2026-04-04 19:05:35,334 -   Kết quả CW: Cost = 1030, Time = 0.002s
2026-04-04 19:05:35,334 - --- Step 2: Advanced Optimization (Gurobi MIP) ---
2026-04-04 19:05:35,335 - =========================================
2026-04-04 19:05:35,335 - BẮT ĐẦU OPTIMIZE  (100% Gurobi MIP)
2026-04-04 19:05:35,335 -  -> Max Single Size  : 20
2026-04-04 19:05:35,335 -  -> Single Timeout   : 40.0s
2026-04-04 19:05:35,335 -  -> Max Pairwise Size: 27
2026-04-04 19:05:35,335 -  -> Pairwise Timeout : 81s
2026-04-04 19:05:35,335 -  -> Global Timeout   : 1200.0s
2026-04-04 19:05:35,335 -  -> Chi phí khởi điểm: 1030
2026-04-04 19:05:35,335 - =========================================
2026-04-04 19:05:35,335 - === BẮT ĐẦU CHẶNG 4: GUROBI MIP CHÍNH XÁC | Cost: 1030 ===
2026-04-04 19:05:35,335 -   [GĐ 4.1] Giải bài toán TSP trên từng tuyến đơn...
2026-04-04 19:05:36,139 -     -> Single Gurobi cải thiện: 87. Cost mới: 943
2026-04-04 19:05:36,139 -   [GĐ 4.2] Xét từng cặp tuyến để phân bổ lại khách hàng...
2026-04-04 19:05:36,139 -   --- Pairwise Iter 1 (còn 1199s) ---
2026-04-04 19:08:18,248 -     [P4.2] Pair (2,3) giảm 36 -> BEST = 907
2026-04-04 19:08:19,095 -   --- Pairwise Iter 2 (còn 1036s) ---
2026-04-04 19:09:40,131 -     [P4.2] Pair (1,2) giảm 36 -> BEST = 871
2026-04-04 19:09:40,496 -   --- Pairwise Iter 3 (còn 955s) ---
2026-04-04 19:12:21,971 -     [P4.2] Pair (1,3) giảm 11 -> BEST = 860
2026-04-04 19:12:22,108 -       [S-re] Route 1: 113 → 109  (−4) | BEST = 856
2026-04-04 19:12:25,425 -       [S-re] Route 3: 107 → 106  (−1) | BEST = 855
2026-04-04 19:12:25,425 -   --- Pairwise Iter 4 (còn 790s) ---
2026-04-04 19:15:07,502 -     [P4.2] Pair (2,4) giảm 66 -> BEST = 789
2026-04-04 19:15:08,002 -   --- Pairwise Iter 5 (còn 627s) ---
2026-04-04 19:20:06,479 -     [P4.2] Pair (0,1) giảm 26 -> BEST = 763
2026-04-04 19:20:07,214 -   --- Pairwise Iter 6 (còn 328s) ---
2026-04-04 19:25:33,390 -     [P4.2] Pair (0,3) giảm 1 -> BEST = 762
2026-04-04 19:25:33,390 -   --- Pairwise Iter 7 (còn 2s) ---
2026-04-04 19:25:33,391 -     -> Đã đạt cực trị toàn cục cho mọi cặp dưới ngưỡng. KẾT THÚC CHẶNG 4.
2026-04-04 19:25:33,391 - Hoàn thành trong 1198.1s. Final Cost: 762
2026-04-04 19:25:33,391 - ======================================================================
2026-04-04 19:25:33,391 - BÁO CÁO TỔNG KẾT (SUMMARY)
2026-04-04 19:25:33,391 - ======================================================================
2026-04-04 19:25:33,391 -   1. Chi phí Clarke-Wright:     1030
2026-04-04 19:25:33,391 -   2. Chi phí sau Gurobi MIP:    762
2026-04-04 19:25:33,391 -   => TỔNG CẢI THIỆN:            268
2026-04-04 19:25:33,391 -   => Số lần Gurobi Single cải thiện  : 6 lần
2026-04-04 19:25:33,391 -   => Số lần Gurobi Pairwise cải thiện: 6 lần
2026-04-04 19:25:33,391 -   => TỔNG THỜI GIAN CHẠY:       1198.058s
2026-04-04 19:25:33,392 - ======================================================================
2026-04-04 19:25:33,392 - GUROBI MIP SOLVER  |  FILE: B-n45-k6.vrp
2026-04-04 19:25:33,392 - ======================================================================
2026-04-04 19:25:33,395 - Thông tin dữ liệu: Dimension=45, K=6, Capacity=100
2026-04-04 19:25:33,395 - --- Step 1: Clarke-Wright Heuristic ---
2026-04-04 19:25:33,397 -   Kết quả CW: Cost = 888, Time = 0.002s
2026-04-04 19:25:33,397 - --- Step 2: Advanced Optimization (Gurobi MIP) ---
2026-04-04 19:25:33,397 - =========================================
2026-04-04 19:25:33,397 - BẮT ĐẦU OPTIMIZE  (100% Gurobi MIP)
2026-04-04 19:25:33,397 -  -> Max Single Size  : 20
2026-04-04 19:25:33,397 -  -> Single Timeout   : 40.0s
2026-04-04 19:25:33,397 -  -> Max Pairwise Size: 22
2026-04-04 19:25:33,397 -  -> Pairwise Timeout : 68s
2026-04-04 19:25:33,397 -  -> Global Timeout   : 1200.0s
2026-04-04 19:25:33,397 -  -> Chi phí khởi điểm: 888
2026-04-04 19:25:33,397 - =========================================
2026-04-04 19:25:33,397 - === BẮT ĐẦU CHẶNG 4: GUROBI MIP CHÍNH XÁC | Cost: 888 ===
2026-04-04 19:25:33,397 -   [GĐ 4.1] Giải bài toán TSP trên từng tuyến đơn...
2026-04-04 19:25:33,820 -     -> Single Gurobi cải thiện: 42. Cost mới: 846
2026-04-04 19:25:33,820 -   [GĐ 4.2] Xét từng cặp tuyến để phân bổ lại khách hàng...
2026-04-04 19:25:33,820 -   --- Pairwise Iter 1 (còn 1200s) ---
2026-04-04 19:26:41,851 -     [P4.2] Pair (1,2) giảm 43 -> BEST = 803
2026-04-04 19:26:42,101 -   --- Pairwise Iter 2 (còn 1131s) ---
2026-04-04 19:27:52,627 -     [P4.2] Pair (0,5) giảm 25 -> BEST = 778
2026-04-04 19:27:52,729 -   --- Pairwise Iter 3 (còn 1061s) ---
2026-04-04 19:31:25,977 -     [P4.2] Pair (1,3) giảm 10 -> BEST = 768
2026-04-04 19:31:27,635 -   --- Pairwise Iter 4 (còn 846s) ---
2026-04-04 19:33:56,373 -     [P4.2] Pair (1,5) giảm 45 -> BEST = 723
2026-04-04 19:33:56,463 -   --- Pairwise Iter 5 (còn 697s) ---
2026-04-04 19:35:13,784 -     [P4.2] Pair (0,2) giảm 5 -> BEST = 718
2026-04-04 19:35:13,863 -   --- Pairwise Iter 6 (còn 620s) ---
2026-04-04 19:36:22,958 -     [P4.2] Pair (0,5) giảm 2 -> BEST = 716
2026-04-04 19:36:23,004 -   --- Pairwise Iter 7 (còn 550s) ---
2026-04-04 19:37:47,209 -     [P4.2] Pair (0,2) giảm 16 -> BEST = 700
2026-04-04 19:37:47,322 -   --- Pairwise Iter 8 (còn 466s) ---
2026-04-04 19:38:45,135 -     [P4.2] Pair (0,5) giảm 1 -> BEST = 699
2026-04-04 19:38:45,180 -   --- Pairwise Iter 9 (còn 408s) ---
2026-04-04 19:41:04,294 -     [P4.2] Pair (2,3) giảm 8 -> BEST = 691
2026-04-04 19:41:04,640 -   --- Pairwise Iter 10 (còn 269s) ---
2026-04-04 19:44:38,008 -     [P4.2] Pair (0,2) giảm 3 -> BEST = 688
2026-04-04 19:44:38,456 -   --- Pairwise Iter 11 (còn 55s) ---
2026-04-04 19:45:31,451 -     -> Đã đạt cực trị toàn cục cho mọi cặp dưới ngưỡng. KẾT THÚC CHẶNG 4.
2026-04-04 19:45:31,452 - Hoàn thành trong 1198.1s. Final Cost: 688
2026-04-04 19:45:31,452 - ======================================================================
2026-04-04 19:45:31,452 - BÁO CÁO TỔNG KẾT (SUMMARY)
2026-04-04 19:45:31,452 - ======================================================================
2026-04-04 19:45:31,452 -   1. Chi phí Clarke-Wright:     888
2026-04-04 19:45:31,452 -   2. Chi phí sau Gurobi MIP:    688
2026-04-04 19:45:31,452 -   => TỔNG CẢI THIỆN:            200
2026-04-04 19:45:31,452 -   => Số lần Gurobi Single cải thiện  : 4 lần
2026-04-04 19:45:31,452 -   => Số lần Gurobi Pairwise cải thiện: 10 lần
2026-04-04 19:45:31,452 -   => TỔNG THỜI GIAN CHẠY:       1198.056s
2026-04-04 19:45:31,453 - ======================================================================
2026-04-04 19:45:31,453 - GUROBI MIP SOLVER  |  FILE: B-n50-k8.vrp
2026-04-04 19:45:31,453 - ======================================================================
2026-04-04 19:45:31,457 - Thông tin dữ liệu: Dimension=50, K=8, Capacity=100
2026-04-04 19:45:31,458 - --- Step 1: Clarke-Wright Heuristic ---
2026-04-04 19:45:31,460 -   Kết quả CW: Cost = 1554, Time = 0.002s
2026-04-04 19:45:31,460 - --- Step 2: Advanced Optimization (Gurobi MIP) ---
2026-04-04 19:45:31,460 - =========================================
2026-04-04 19:45:31,460 - BẮT ĐẦU OPTIMIZE  (100% Gurobi MIP)
2026-04-04 19:45:31,460 -  -> Max Single Size  : 20
2026-04-04 19:45:31,460 -  -> Single Timeout   : 40.0s
2026-04-04 19:45:31,460 -  -> Max Pairwise Size: 18
2026-04-04 19:45:31,460 -  -> Pairwise Timeout : 56s
2026-04-04 19:45:31,460 -  -> Global Timeout   : 1200.0s
2026-04-04 19:45:31,460 -  -> Chi phí khởi điểm: 1554
2026-04-04 19:45:31,460 - =========================================
2026-04-04 19:45:31,460 - === BẮT ĐẦU CHẶNG 4: GUROBI MIP CHÍNH XÁC | Cost: 1554 ===
2026-04-04 19:45:31,460 -   [GĐ 4.1] Giải bài toán TSP trên từng tuyến đơn...
2026-04-04 19:45:31,798 -     -> Single Gurobi cải thiện: 56. Cost mới: 1498
2026-04-04 19:45:31,798 -   [GĐ 4.2] Xét từng cặp tuyến để phân bổ lại khách hàng...
2026-04-04 19:45:31,798 -   --- Pairwise Iter 1 (còn 1200s) ---
2026-04-04 19:45:35,269 -     [P4.2] Pair (0,6) giảm 1 -> BEST = 1497
2026-04-04 19:45:35,350 -   --- Pairwise Iter 2 (còn 1196s) ---
2026-04-04 19:45:40,463 -     [P4.2] Pair (0,7) giảm 40 -> BEST = 1457
2026-04-04 19:45:40,518 -   --- Pairwise Iter 3 (còn 1191s) ---
2026-04-04 19:45:47,776 -     [P4.2] Pair (0,5) giảm 74 -> BEST = 1383
2026-04-04 19:45:47,875 -   --- Pairwise Iter 4 (còn 1184s) ---
2026-04-04 19:47:45,350 -     [P4.2] Pair (4,6) giảm 1 -> BEST = 1382
2026-04-04 19:47:45,770 -   --- Pairwise Iter 5 (còn 1066s) ---
2026-04-04 19:48:41,831 -     [P4.2] Pair (4,6) giảm 2 -> BEST = 1380
2026-04-04 19:48:42,342 -   --- Pairwise Iter 6 (còn 1009s) ---
2026-04-04 19:51:52,446 -     [P4.2] Pair (1,6) giảm 1 -> BEST = 1379
2026-04-04 19:51:52,567 -   --- Pairwise Iter 7 (còn 819s) ---
2026-04-04 19:55:59,158 -     [P4.2] Pair (2,4) giảm 2 -> BEST = 1377
2026-04-04 19:55:59,766 -   --- Pairwise Iter 8 (còn 572s) ---
2026-04-04 20:00:35,367 -     [P4.2] Pair (2,6) giảm 4 -> BEST = 1373
2026-04-04 20:00:36,232 -       [S-re] Route 6: 202 → 201  (−1) | BEST = 1372
2026-04-04 20:00:36,232 -   --- Pairwise Iter 9 (còn 295s) ---
2026-04-04 20:02:47,324 -     [P4.2] Pair (0,2) giảm 24 -> BEST = 1348
2026-04-04 20:02:47,650 -   --- Pairwise Iter 10 (còn 164s) ---
2026-04-04 20:04:43,681 -     [P4.2] Pair (0,3) giảm 10 -> BEST = 1338
2026-04-04 20:04:43,730 -   --- Pairwise Iter 11 (còn 48s) ---
2026-04-04 20:05:29,500 -     -> Đã đạt cực trị toàn cục cho mọi cặp dưới ngưỡng. KẾT THÚC CHẶNG 4.
2026-04-04 20:05:29,500 - Hoàn thành trong 1198.0s. Final Cost: 1338
2026-04-04 20:05:29,500 - ======================================================================
2026-04-04 20:05:29,500 - BÁO CÁO TỔNG KẾT (SUMMARY)
2026-04-04 20:05:29,500 - ======================================================================
2026-04-04 20:05:29,500 -   1. Chi phí Clarke-Wright:     1554
2026-04-04 20:05:29,500 -   2. Chi phí sau Gurobi MIP:    1338
2026-04-04 20:05:29,500 -   => TỔNG CẢI THIỆN:            216
2026-04-04 20:05:29,500 -   => Số lần Gurobi Single cải thiện  : 7 lần
2026-04-04 20:05:29,500 -   => Số lần Gurobi Pairwise cải thiện: 10 lần
2026-04-04 20:05:29,500 -   => TỔNG THỜI GIAN CHẠY:       1198.042s
2026-04-04 20:05:29,501 - ======================================================================
2026-04-04 20:05:29,501 - GUROBI MIP SOLVER  |  FILE: B-n50-k7.vrp
2026-04-04 20:05:29,501 - ======================================================================
2026-04-04 20:05:29,505 - Thông tin dữ liệu: Dimension=50, K=7, Capacity=100
2026-04-04 20:05:29,505 - --- Step 1: Clarke-Wright Heuristic ---
2026-04-04 20:05:29,507 -   Kết quả CW: Cost = 995, Time = 0.002s
2026-04-04 20:05:29,507 - --- Step 2: Advanced Optimization (Gurobi MIP) ---
2026-04-04 20:05:29,507 - =========================================
2026-04-04 20:05:29,507 - BẮT ĐẦU OPTIMIZE  (100% Gurobi MIP)
2026-04-04 20:05:29,507 -  -> Max Single Size  : 20
2026-04-04 20:05:29,507 -  -> Single Timeout   : 40.0s
2026-04-04 20:05:29,507 -  -> Max Pairwise Size: 21
2026-04-04 20:05:29,507 -  -> Pairwise Timeout : 64s
2026-04-04 20:05:29,507 -  -> Global Timeout   : 1200.0s
2026-04-04 20:05:29,507 -  -> Chi phí khởi điểm: 995
2026-04-04 20:05:29,507 - =========================================
2026-04-04 20:05:29,507 - === BẮT ĐẦU CHẶNG 4: GUROBI MIP CHÍNH XÁC | Cost: 995 ===
2026-04-04 20:05:29,507 -   [GĐ 4.1] Giải bài toán TSP trên từng tuyến đơn...
2026-04-04 20:05:30,263 -     -> Single Gurobi cải thiện: 47. Cost mới: 948
2026-04-04 20:05:30,263 -   [GĐ 4.2] Xét từng cặp tuyến để phân bổ lại khách hàng...
2026-04-04 20:05:30,263 -   --- Pairwise Iter 1 (còn 1199s) ---
2026-04-04 20:06:34,306 -     [P4.2] Pair (2,6) giảm 74 -> BEST = 874
2026-04-04 20:06:34,505 -   --- Pairwise Iter 2 (còn 1135s) ---
2026-04-04 20:07:38,525 -     [P4.2] Pair (1,6) giảm 17 -> BEST = 857
2026-04-04 20:07:38,657 -   --- Pairwise Iter 3 (còn 1071s) ---
2026-04-04 20:07:46,581 -     [P4.2] Pair (3,5) giảm 8 -> BEST = 849
2026-04-04 20:07:46,630 -   --- Pairwise Iter 4 (còn 1063s) ---
2026-04-04 20:08:58,446 -     [P4.2] Pair (4,6) giảm 3 -> BEST = 846
2026-04-04 20:08:58,866 -   --- Pairwise Iter 5 (còn 991s) ---
2026-04-04 20:11:11,598 -     [P4.2] Pair (1,4) giảm 62 -> BEST = 784
2026-04-04 20:11:13,880 -   --- Pairwise Iter 6 (còn 856s) ---
2026-04-04 20:13:05,536 -     [P4.2] Pair (1,6) giảm 1 -> BEST = 783
2026-04-04 20:13:05,925 -   --- Pairwise Iter 7 (còn 744s) ---
2026-04-04 20:13:13,675 -     [P4.2] Pair (1,4) giảm 24 -> BEST = 759
2026-04-04 20:13:13,742 -   --- Pairwise Iter 8 (còn 736s) ---
2026-04-04 20:15:29,536 -     [P4.2] Pair (2,6) giảm 3 -> BEST = 756
2026-04-04 20:15:30,143 -   --- Pairwise Iter 9 (còn 599s) ---
2026-04-04 20:17:47,329 -     [P4.2] Pair (0,3) giảm 5 -> BEST = 751
2026-04-04 20:17:47,396 -   --- Pairwise Iter 10 (còn 462s) ---
2026-04-04 20:17:48,099 -     [P4.2] Pair (0,5) giảm 4 -> BEST = 747
2026-04-04 20:17:48,275 -   --- Pairwise Iter 11 (còn 461s) ---
2026-04-04 20:21:29,599 -     [P4.2] Pair (0,2) giảm 1 -> BEST = 746
2026-04-04 20:21:29,690 -   --- Pairwise Iter 12 (còn 240s) ---
2026-04-04 20:21:38,333 -     [P4.2] Pair (1,2) giảm 2 -> BEST = 744
2026-04-04 20:21:38,408 -   --- Pairwise Iter 13 (còn 231s) ---
2026-04-04 20:24:17,174 -     [P4.2] Pair (0,6) giảm 3 -> BEST = 741
2026-04-04 20:24:17,304 -   --- Pairwise Iter 14 (còn 72s) ---
2026-04-04 20:25:27,533 -     -> Đã đạt cực trị toàn cục cho mọi cặp dưới ngưỡng. KẾT THÚC CHẶNG 4.
2026-04-04 20:25:27,533 - Hoàn thành trong 1198.0s. Final Cost: 741
2026-04-04 20:25:27,533 - ======================================================================
2026-04-04 20:25:27,533 - BÁO CÁO TỔNG KẾT (SUMMARY)
2026-04-04 20:25:27,533 - ======================================================================
2026-04-04 20:25:27,533 -   1. Chi phí Clarke-Wright:     995
2026-04-04 20:25:27,533 -   2. Chi phí sau Gurobi MIP:    741
2026-04-04 20:25:27,534 -   => TỔNG CẢI THIỆN:            254
2026-04-04 20:25:27,534 -   => Số lần Gurobi Single cải thiện  : 7 lần
2026-04-04 20:25:27,534 -   => Số lần Gurobi Pairwise cải thiện: 13 lần
2026-04-04 20:25:27,534 -   => TỔNG THỜI GIAN CHẠY:       1198.028s
2026-04-04 20:25:27,534 - ======================================================================
2026-04-04 20:25:27,534 - GUROBI MIP SOLVER  |  FILE: B-n51-k7.vrp
2026-04-04 20:25:27,534 - ======================================================================
2026-04-04 20:25:27,538 - Thông tin dữ liệu: Dimension=51, K=7, Capacity=100
2026-04-04 20:25:27,538 - --- Step 1: Clarke-Wright Heuristic ---
2026-04-04 20:25:27,541 -   Kết quả CW: Cost = 1528, Time = 0.002s
2026-04-04 20:25:27,541 - --- Step 2: Advanced Optimization (Gurobi MIP) ---
2026-04-04 20:25:27,541 - =========================================
2026-04-04 20:25:27,541 - BẮT ĐẦU OPTIMIZE  (100% Gurobi MIP)
2026-04-04 20:25:27,541 -  -> Max Single Size  : 20
2026-04-04 20:25:27,541 -  -> Single Timeout   : 40.0s
2026-04-04 20:25:27,541 -  -> Max Pairwise Size: 21
2026-04-04 20:25:27,541 -  -> Pairwise Timeout : 66s
2026-04-04 20:25:27,541 -  -> Global Timeout   : 1200.0s
2026-04-04 20:25:27,541 -  -> Chi phí khởi điểm: 1528
2026-04-04 20:25:27,541 - =========================================
2026-04-04 20:25:27,541 - === BẮT ĐẦU CHẶNG 4: GUROBI MIP CHÍNH XÁC | Cost: 1528 ===
2026-04-04 20:25:27,541 -   [GĐ 4.1] Giải bài toán TSP trên từng tuyến đơn...
2026-04-04 20:25:28,186 -     -> Single Gurobi cải thiện: 101. Cost mới: 1427
2026-04-04 20:25:28,186 -   [GĐ 4.2] Xét từng cặp tuyến để phân bổ lại khách hàng...
2026-04-04 20:25:28,186 -   --- Pairwise Iter 1 (còn 1199s) ---
2026-04-04 20:25:33,649 -     [P4.2] Pair (0,5) giảm 11 -> BEST = 1416
2026-04-04 20:25:33,704 -   --- Pairwise Iter 2 (còn 1194s) ---
2026-04-04 20:26:39,761 -     [P4.2] Pair (1,6) giảm 12 -> BEST = 1404
2026-04-04 20:26:40,061 -   --- Pairwise Iter 3 (còn 1127s) ---
2026-04-04 20:28:52,172 -     [P4.2] Pair (1,2) giảm 6 -> BEST = 1398
2026-04-04 20:28:52,270 -   --- Pairwise Iter 4 (còn 995s) ---
2026-04-04 20:29:58,327 -     [P4.2] Pair (1,6) giảm 2 -> BEST = 1396
2026-04-04 20:29:59,770 -   --- Pairwise Iter 5 (còn 928s) ---
2026-04-04 20:32:12,219 -     [P4.2] Pair (0,3) giảm 17 -> BEST = 1379
2026-04-04 20:32:12,257 -   --- Pairwise Iter 6 (còn 795s) ---
2026-04-04 20:34:26,747 -     [P4.2] Pair (0,5) giảm 6 -> BEST = 1373
2026-04-04 20:34:26,827 -   --- Pairwise Iter 7 (còn 661s) ---
2026-04-04 20:37:21,643 -     [P4.2] Pair (2,5) giảm 67 -> BEST = 1306
2026-04-04 20:37:21,742 -   --- Pairwise Iter 8 (còn 486s) ---
2026-04-04 20:39:33,830 -     [P4.2] Pair (1,2) giảm 6 -> BEST = 1300
2026-04-04 20:39:33,895 -   --- Pairwise Iter 9 (còn 354s) ---
2026-04-04 20:42:13,003 -     [P4.2] Pair (1,4) giảm 2 -> BEST = 1298
2026-04-04 20:42:13,164 -   --- Pairwise Iter 10 (còn 194s) ---
2026-04-04 20:45:25,566 -     [P4.2] Pair (1,3) giảm 43 -> BEST = 1255
2026-04-04 20:45:25,566 -   --- Pairwise Iter 11 (còn 2s) ---
2026-04-04 20:45:25,566 -     -> Đã đạt cực trị toàn cục cho mọi cặp dưới ngưỡng. KẾT THÚC CHẶNG 4.
2026-04-04 20:45:25,566 - Hoàn thành trong 1198.0s. Final Cost: 1255
2026-04-04 20:45:25,566 - ======================================================================
2026-04-04 20:45:25,566 - BÁO CÁO TỔNG KẾT (SUMMARY)
2026-04-04 20:45:25,566 - ======================================================================
2026-04-04 20:45:25,566 -   1. Chi phí Clarke-Wright:     1528
2026-04-04 20:45:25,566 -   2. Chi phí sau Gurobi MIP:    1255
2026-04-04 20:45:25,566 -   => TỔNG CẢI THIỆN:            273
2026-04-04 20:45:25,567 -   => Số lần Gurobi Single cải thiện  : 7 lần
2026-04-04 20:45:25,567 -   => Số lần Gurobi Pairwise cải thiện: 10 lần
2026-04-04 20:45:25,567 -   => TỔNG THỜI GIAN CHẠY:       1198.028s
2026-04-04 20:45:25,567 - ======================================================================
2026-04-04 20:45:25,567 - GUROBI MIP SOLVER  |  FILE: B-n52-k7.vrp
2026-04-04 20:45:25,567 - ======================================================================
2026-04-04 20:45:25,572 - Thông tin dữ liệu: Dimension=52, K=7, Capacity=100
2026-04-04 20:45:25,572 - --- Step 1: Clarke-Wright Heuristic ---
2026-04-04 20:45:25,574 -   Kết quả CW: Cost = 927, Time = 0.002s
2026-04-04 20:45:25,574 - --- Step 2: Advanced Optimization (Gurobi MIP) ---
2026-04-04 20:45:25,574 - =========================================
2026-04-04 20:45:25,574 - BẮT ĐẦU OPTIMIZE  (100% Gurobi MIP)
2026-04-04 20:45:25,574 -  -> Max Single Size  : 20
2026-04-04 20:45:25,574 -  -> Single Timeout   : 40.0s
2026-04-04 20:45:25,574 -  -> Max Pairwise Size: 22
2026-04-04 20:45:25,574 -  -> Pairwise Timeout : 67s
2026-04-04 20:45:25,574 -  -> Global Timeout   : 1200.0s
2026-04-04 20:45:25,574 -  -> Chi phí khởi điểm: 927
2026-04-04 20:45:25,574 - =========================================
2026-04-04 20:45:25,574 - === BẮT ĐẦU CHẶNG 4: GUROBI MIP CHÍNH XÁC | Cost: 927 ===
2026-04-04 20:45:25,574 -   [GĐ 4.1] Giải bài toán TSP trên từng tuyến đơn...
2026-04-04 20:45:25,911 -     -> Single Gurobi cải thiện: 44. Cost mới: 883
2026-04-04 20:45:25,911 -   [GĐ 4.2] Xét từng cặp tuyến để phân bổ lại khách hàng...
2026-04-04 20:45:25,911 -   --- Pairwise Iter 1 (còn 1200s) ---
2026-04-04 20:45:57,160 -     [P4.2] Pair (0,6) giảm 89 -> BEST = 794
2026-04-04 20:45:57,194 -   --- Pairwise Iter 2 (còn 1168s) ---
2026-04-04 20:48:11,308 -     [P4.2] Pair (4,5) giảm 2 -> BEST = 792
2026-04-04 20:48:11,355 -   --- Pairwise Iter 3 (còn 1034s) ---
2026-04-04 20:51:32,518 -     [P4.2] Pair (1,5) giảm 1 -> BEST = 791
2026-04-04 20:51:32,871 -   --- Pairwise Iter 4 (còn 833s) ---
2026-04-04 20:53:47,003 -     [P4.2] Pair (1,4) giảm 23 -> BEST = 768
2026-04-04 20:53:47,105 -   --- Pairwise Iter 5 (còn 698s) ---
2026-04-04 20:54:54,157 -     [P4.2] Pair (4,5) giảm 5 -> BEST = 763
2026-04-04 20:54:54,525 -   --- Pairwise Iter 6 (còn 631s) ---
2026-04-04 20:58:16,430 -     [P4.2] Pair (0,3) giảm 10 -> BEST = 753
2026-04-04 20:58:16,485 -   --- Pairwise Iter 7 (còn 429s) ---
