2026-04-06 08:25:12,020 - ======================================================================
2026-04-06 08:25:12,020 - GUROBI MIP SOLVER  |  FILE: B-n66-k9.vrp
2026-04-06 08:25:12,021 - ======================================================================
2026-04-06 08:25:12,027 - Thông tin dữ liệu: Dimension=66, K=9, Capacity=100
2026-04-06 08:25:12,027 - --- Step 1: Clarke-Wright Heuristic ---
2026-04-06 08:25:12,031 -   Kết quả CW: Cost = 1540, Time = 0.004s
2026-04-06 08:25:12,031 - --- Step 2: Advanced Optimization (Gurobi MIP) ---
2026-04-06 08:25:12,031 - =========================================
2026-04-06 08:25:12,031 - BẮT ĐẦU OPTIMIZE  (100% Gurobi MIP)
2026-04-06 08:25:12,031 -  -> Max Single Size  : 20
2026-04-06 08:25:12,031 -  -> Single Timeout   : 40.0s
2026-04-06 08:25:12,031 -  -> Max Pairwise Size: 22
2026-04-06 08:25:12,031 -  -> Pairwise Timeout : 58.666666666666664s
2026-04-06 08:25:12,031 -  -> Global Timeout   : 1200.0s
2026-04-06 08:25:12,031 -  -> Chi phí khởi điểm: 1540
2026-04-06 08:25:12,031 - =========================================
2026-04-06 08:25:12,031 - === BẮT ĐẦU CHẶNG 4: GUROBI MIP CHÍNH XÁC | Cost: 1540 ===
2026-04-06 08:25:12,031 -   [GĐ 4.1] Giải bài toán TSP trên từng tuyến đơn...
2026-04-06 08:25:13,315 -     -> Single Gurobi cải thiện: 134. Cost mới: 1406
2026-04-06 08:25:13,315 -   [GĐ 4.2] Xét từng cặp tuyến để phân bổ lại khách hàng...
2026-04-06 08:25:13,315 -   --- Pairwise Iter 1 (còn 1199s) ---
2026-04-06 08:26:12,031 -     [P4.2] Pair (1,5) giảm 10 -> BEST = 1396
2026-04-06 08:26:12,318 -   --- Pairwise Iter 2 (còn 1140s) ---
2026-04-06 08:27:11,029 -     [P4.2] Pair (5,7) giảm 1 -> BEST = 1395
2026-04-06 08:27:11,144 -   --- Pairwise Iter 3 (còn 1081s) ---
2026-04-06 08:29:08,563 -     [P4.2] Pair (1,4) giảm 4 -> BEST = 1391
2026-04-06 08:29:08,648 -   --- Pairwise Iter 4 (còn 963s) ---
2026-04-06 08:32:04,768 -     [P4.2] Pair (2,7) giảm 1 -> BEST = 1390
2026-04-06 08:32:05,498 -   --- Pairwise Iter 5 (còn 787s) ---
2026-04-06 08:35:01,614 -     [P4.2] Pair (2,7) giảm 2 -> BEST = 1388
2026-04-06 08:35:01,800 -   --- Pairwise Iter 6 (còn 610s) ---
2026-04-06 08:40:06,167 -     [P4.2] Pair (1,2) giảm 2 -> BEST = 1386
2026-04-06 08:40:06,374 -   --- Pairwise Iter 7 (còn 306s) ---
2026-04-06 08:41:05,089 -     [P4.2] Pair (2,4) giảm 4 -> BEST = 1382
2026-04-06 08:41:05,305 -   --- Pairwise Iter 8 (còn 247s) ---
2026-04-06 08:42:04,031 -     [P4.2] Pair (4,7) giảm 4 -> BEST = 1378
2026-04-06 08:42:04,171 -   --- Pairwise Iter 9 (còn 188s) ---
2026-04-06 08:45:00,277 -     [P4.2] Pair (2,8) giảm 3 -> BEST = 1375
2026-04-06 08:45:00,372 -   --- Pairwise Iter 10 (còn 12s) ---
2026-04-06 08:45:10,049 -     -> Đã đạt cực trị toàn cục cho mọi cặp dưới ngưỡng. KẾT THÚC CHẶNG 4.
2026-04-06 08:45:10,049 - Hoàn thành trong 1198.0s. Final Cost: 1375
2026-04-06 08:45:10,049 - ======================================================================
2026-04-06 08:45:10,049 - BÁO CÁO TỔNG KẾT (SUMMARY)
2026-04-06 08:45:10,049 - ======================================================================
2026-04-06 08:45:10,049 -   1. Chi phí Clarke-Wright:     1540
2026-04-06 08:45:10,049 -   2. Chi phí sau Gurobi MIP:    1375
2026-04-06 08:45:10,049 -   => TỔNG CẢI THIỆN:            165
2026-04-06 08:45:10,050 -   => Số lần Gurobi Single cải thiện  : 9 lần
2026-04-06 08:45:10,050 -   => Số lần Gurobi Pairwise cải thiện: 9 lần
2026-04-06 08:45:10,050 -   => TỔNG THỜI GIAN CHẠY:       1198.022s
2026-04-06 08:45:10,051 - ======================================================================
2026-04-06 08:45:10,051 - GUROBI MIP SOLVER  |  FILE: B-n67-k10.vrp
2026-04-06 08:45:10,051 - ======================================================================
2026-04-06 08:45:10,058 - Thông tin dữ liệu: Dimension=67, K=10, Capacity=100
2026-04-06 08:45:10,058 - --- Step 1: Clarke-Wright Heuristic ---
2026-04-06 08:45:10,062 -   Kết quả CW: Cost = 1302, Time = 0.003s
2026-04-06 08:45:10,062 - --- Step 2: Advanced Optimization (Gurobi MIP) ---
2026-04-06 08:45:10,062 - =========================================
2026-04-06 08:45:10,062 - BẮT ĐẦU OPTIMIZE  (100% Gurobi MIP)
2026-04-06 08:45:10,062 -  -> Max Single Size  : 20
2026-04-06 08:45:10,062 -  -> Single Timeout   : 40.0s
2026-04-06 08:45:10,062 -  -> Max Pairwise Size: 20
2026-04-06 08:45:10,062 -  -> Pairwise Timeout : 53.6s
2026-04-06 08:45:10,062 -  -> Global Timeout   : 1200.0s
2026-04-06 08:45:10,062 -  -> Chi phí khởi điểm: 1302
2026-04-06 08:45:10,062 - =========================================
2026-04-06 08:45:10,063 - === BẮT ĐẦU CHẶNG 4: GUROBI MIP CHÍNH XÁC | Cost: 1302 ===
2026-04-06 08:45:10,063 -   [GĐ 4.1] Giải bài toán TSP trên từng tuyến đơn...
2026-04-06 08:45:10,648 -     -> Single Gurobi cải thiện: 94. Cost mới: 1208
2026-04-06 08:45:10,648 -   [GĐ 4.2] Xét từng cặp tuyến để phân bổ lại khách hàng...
2026-04-06 08:45:10,648 -   --- Pairwise Iter 1 (còn 1199s) ---
2026-04-06 08:46:04,311 -     [P4.2] Pair (0,5) giảm 39 -> BEST = 1169
2026-04-06 08:46:04,415 -   --- Pairwise Iter 2 (còn 1146s) ---
2026-04-06 08:46:22,333 -     [P4.2] Pair (1,6) giảm 3 -> BEST = 1166
2026-04-06 08:46:22,530 -   --- Pairwise Iter 3 (còn 1128s) ---
2026-04-06 08:46:24,602 -     [P4.2] Pair (0,1) giảm 59 -> BEST = 1107
2026-04-06 08:46:24,687 -   --- Pairwise Iter 4 (còn 1125s) ---
2026-04-06 08:48:11,951 -     [P4.2] Pair (1,5) giảm 2 -> BEST = 1105
2026-04-06 08:48:11,995 -   --- Pairwise Iter 5 (còn 1018s) ---
2026-04-06 08:50:27,400 -     [P4.2] Pair (1,3) giảm 3 -> BEST = 1102
2026-04-06 08:50:27,465 -   --- Pairwise Iter 6 (còn 883s) ---
2026-04-06 08:52:21,748 -     [P4.2] Pair (0,7) giảm 1 -> BEST = 1101
2026-04-06 08:52:21,844 -   --- Pairwise Iter 7 (còn 768s) ---
2026-04-06 08:56:18,731 -     [P4.2] Pair (4,9) giảm 3 -> BEST = 1098
2026-04-06 08:56:18,776 -   --- Pairwise Iter 8 (còn 531s) ---
2026-04-06 09:00:35,322 -     [P4.2] Pair (0,6) giảm 1 -> BEST = 1097
2026-04-06 09:00:35,519 -   --- Pairwise Iter 9 (còn 275s) ---
2026-04-06 09:05:08,081 -     -> Đã đạt cực trị toàn cục cho mọi cặp dưới ngưỡng. KẾT THÚC CHẶNG 4.
2026-04-06 09:05:08,081 - Hoàn thành trong 1198.0s. Final Cost: 1097
2026-04-06 09:05:08,081 - ======================================================================
2026-04-06 09:05:08,081 - BÁO CÁO TỔNG KẾT (SUMMARY)
2026-04-06 09:05:08,081 - ======================================================================
2026-04-06 09:05:08,081 -   1. Chi phí Clarke-Wright:     1302
2026-04-06 09:05:08,081 -   2. Chi phí sau Gurobi MIP:    1097
2026-04-06 09:05:08,081 -   => TỔNG CẢI THIỆN:            205
2026-04-06 09:05:08,081 -   => Số lần Gurobi Single cải thiện  : 9 lần
2026-04-06 09:05:08,081 -   => Số lần Gurobi Pairwise cải thiện: 8 lần
2026-04-06 09:05:08,081 -   => TỔNG THỜI GIAN CHẠY:       1198.022s
2026-04-06 09:05:08,082 - ======================================================================
2026-04-06 09:05:08,082 - GUROBI MIP SOLVER  |  FILE: B-n68-k9.vrp
2026-04-06 09:05:08,082 - ======================================================================
2026-04-06 09:05:08,089 - Thông tin dữ liệu: Dimension=68, K=9, Capacity=100
2026-04-06 09:05:08,089 - --- Step 1: Clarke-Wright Heuristic ---
2026-04-06 09:05:08,093 -   Kết quả CW: Cost = 1580, Time = 0.004s
2026-04-06 09:05:08,093 - --- Step 2: Advanced Optimization (Gurobi MIP) ---
2026-04-06 09:05:08,093 - =========================================
2026-04-06 09:05:08,093 - BẮT ĐẦU OPTIMIZE  (100% Gurobi MIP)
2026-04-06 09:05:08,093 -  -> Max Single Size  : 20
2026-04-06 09:05:08,093 -  -> Single Timeout   : 40.0s
2026-04-06 09:05:08,093 -  -> Max Pairwise Size: 22
2026-04-06 09:05:08,093 -  -> Pairwise Timeout : 60.44444444444444s
2026-04-06 09:05:08,093 -  -> Global Timeout   : 1200.0s
2026-04-06 09:05:08,093 -  -> Chi phí khởi điểm: 1580
2026-04-06 09:05:08,093 - =========================================
2026-04-06 09:05:08,093 - === BẮT ĐẦU CHẶNG 4: GUROBI MIP CHÍNH XÁC | Cost: 1580 ===
2026-04-06 09:05:08,093 -   [GĐ 4.1] Giải bài toán TSP trên từng tuyến đơn...
2026-04-06 09:05:09,453 -     -> Single Gurobi cải thiện: 50. Cost mới: 1530
2026-04-06 09:05:09,454 -   [GĐ 4.2] Xét từng cặp tuyến để phân bổ lại khách hàng...
2026-04-06 09:05:09,454 -   --- Pairwise Iter 1 (còn 1199s) ---
2026-04-06 09:06:09,945 -     [P4.2] Pair (4,6) giảm 5 -> BEST = 1525
2026-04-06 09:06:11,615 -   --- Pairwise Iter 2 (còn 1136s) ---
2026-04-06 09:06:16,147 -     [P4.2] Pair (7,8) giảm 2 -> BEST = 1523
2026-04-06 09:06:16,192 -   --- Pairwise Iter 3 (còn 1132s) ---
2026-04-06 09:07:16,700 -     [P4.2] Pair (0,2) giảm 2 -> BEST = 1521
2026-04-06 09:07:17,037 -   --- Pairwise Iter 4 (còn 1071s) ---
2026-04-06 09:09:38,331 -     [P4.2] Pair (3,5) giảm 29 -> BEST = 1492
2026-04-06 09:09:38,507 -   --- Pairwise Iter 5 (còn 930s) ---
2026-04-06 09:13:59,072 -     [P4.2] Pair (1,4) giảm 3 -> BEST = 1489
2026-04-06 09:13:59,583 -   --- Pairwise Iter 6 (còn 669s) ---
2026-04-06 09:20:18,869 -     [P4.2] Pair (4,8) giảm 11 -> BEST = 1478
2026-04-06 09:20:19,155 -   --- Pairwise Iter 7 (còn 289s) ---
2026-04-06 09:25:06,123 -     [P4.2] Pair (6,8) giảm 18 -> BEST = 1460
2026-04-06 09:25:06,123 -   --- Pairwise Iter 8 (còn 2s) ---
2026-04-06 09:25:06,124 -     -> Đã đạt cực trị toàn cục cho mọi cặp dưới ngưỡng. KẾT THÚC CHẶNG 4.
2026-04-06 09:25:06,124 - Hoàn thành trong 1198.0s. Final Cost: 1460
2026-04-06 09:25:06,124 - ======================================================================
2026-04-06 09:25:06,124 - BÁO CÁO TỔNG KẾT (SUMMARY)
2026-04-06 09:25:06,124 - ======================================================================
2026-04-06 09:25:06,124 -   1. Chi phí Clarke-Wright:     1580
2026-04-06 09:25:06,124 -   2. Chi phí sau Gurobi MIP:    1460
2026-04-06 09:25:06,124 -   => TỔNG CẢI THIỆN:            120
2026-04-06 09:25:06,124 -   => Số lần Gurobi Single cải thiện  : 7 lần
2026-04-06 09:25:06,124 -   => Số lần Gurobi Pairwise cải thiện: 7 lần
2026-04-06 09:25:06,124 -   => TỔNG THỜI GIAN CHẠY:       1198.034s
2026-04-06 09:25:06,124 - ======================================================================
2026-04-06 09:25:06,125 - GUROBI MIP SOLVER  |  FILE: B-n78-k10.vrp
2026-04-06 09:25:06,125 - ======================================================================
2026-04-06 09:25:06,133 - Thông tin dữ liệu: Dimension=78, K=10, Capacity=100
2026-04-06 09:25:06,133 - --- Step 1: Clarke-Wright Heuristic ---
2026-04-06 09:25:06,138 -   Kết quả CW: Cost = 1576, Time = 0.004s
2026-04-06 09:25:06,138 - --- Step 2: Advanced Optimization (Gurobi MIP) ---
2026-04-06 09:25:06,138 - =========================================
2026-04-06 09:25:06,138 - BẮT ĐẦU OPTIMIZE  (100% Gurobi MIP)
2026-04-06 09:25:06,138 -  -> Max Single Size  : 20
2026-04-06 09:25:06,138 -  -> Single Timeout   : 40.0s
2026-04-06 09:25:06,138 -  -> Max Pairwise Size: 23
2026-04-06 09:25:06,138 -  -> Pairwise Timeout : 62.4s
2026-04-06 09:25:06,138 -  -> Global Timeout   : 1200.0s
2026-04-06 09:25:06,138 -  -> Chi phí khởi điểm: 1576
2026-04-06 09:25:06,138 - =========================================
2026-04-06 09:25:06,138 - === BẮT ĐẦU CHẶNG 4: GUROBI MIP CHÍNH XÁC | Cost: 1576 ===
2026-04-06 09:25:06,138 -   [GĐ 4.1] Giải bài toán TSP trên từng tuyến đơn...
2026-04-06 09:25:07,496 -     -> Single Gurobi cải thiện: 96. Cost mới: 1480
2026-04-06 09:25:07,496 -   [GĐ 4.2] Xét từng cặp tuyến để phân bổ lại khách hàng...
2026-04-06 09:25:07,496 -   --- Pairwise Iter 1 (còn 1199s) ---
2026-04-06 09:26:09,924 -     [P4.2] Pair (0,5) giảm 8 -> BEST = 1472
2026-04-06 09:26:10,462 -   --- Pairwise Iter 2 (còn 1136s) ---
2026-04-06 09:26:51,826 -     [P4.2] Pair (1,6) giảm 19 -> BEST = 1453
2026-04-06 09:26:51,861 -   --- Pairwise Iter 3 (còn 1094s) ---
2026-04-06 09:28:12,579 -     [P4.2] Pair (3,5) giảm 8 -> BEST = 1445
2026-04-06 09:28:12,765 -   --- Pairwise Iter 4 (còn 1013s) ---
2026-04-06 09:30:37,028 -     [P4.2] Pair (5,7) giảm 8 -> BEST = 1437
2026-04-06 09:30:45,976 -   --- Pairwise Iter 5 (còn 860s) ---
2026-04-06 09:34:55,734 -     [P4.2] Pair (4,8) giảm 15 -> BEST = 1422
2026-04-06 09:34:56,182 -   --- Pairwise Iter 6 (còn 610s) ---
2026-04-06 09:39:19,663 -     [P4.2] Pair (8,9) giảm 5 -> BEST = 1417
2026-04-06 09:39:19,929 -   --- Pairwise Iter 7 (còn 346s) ---
2026-04-06 09:42:27,223 -     [P4.2] Pair (4,9) giảm 7 -> BEST = 1410
2026-04-06 09:42:27,540 -   --- Pairwise Iter 8 (còn 159s) ---
2026-04-06 09:45:04,174 -     -> Đã đạt cực trị toàn cục cho mọi cặp dưới ngưỡng. KẾT THÚC CHẶNG 4.
2026-04-06 09:45:04,174 - Hoàn thành trong 1198.0s. Final Cost: 1410
2026-04-06 09:45:04,174 - ======================================================================
2026-04-06 09:45:04,174 - BÁO CÁO TỔNG KẾT (SUMMARY)
2026-04-06 09:45:04,174 - ======================================================================
2026-04-06 09:45:04,175 -   1. Chi phí Clarke-Wright:     1576
2026-04-06 09:45:04,175 -   2. Chi phí sau Gurobi MIP:    1410
2026-04-06 09:45:04,175 -   => TỔNG CẢI THIỆN:            166
2026-04-06 09:45:04,175 -   => Số lần Gurobi Single cải thiện  : 10 lần
2026-04-06 09:45:04,175 -   => Số lần Gurobi Pairwise cải thiện: 7 lần
2026-04-06 09:45:04,175 -   => TỔNG THỜI GIAN CHẠY:       1198.041s
