2026-05-16 03:22:11,962 - ======================================================================
2026-05-16 03:22:11,962 - GUROBI MIP SOLVER  |  FILE: F-n45-k4.vrp
2026-05-16 03:22:11,962 - ======================================================================
2026-05-16 03:22:11,967 - Thông tin dữ liệu: Dimension=45, K=4, Capacity=2010
2026-05-16 03:22:11,967 - --- Step 1: Clarke-Wright Heuristic ---
2026-05-16 03:22:11,970 -   Kết quả CW: Cost = 954, Time = 0.002s
2026-05-16 03:22:11,970 - --- Step 2: Advanced Optimization (Gurobi MIP) ---
2026-05-16 03:22:11,970 - =========================================
2026-05-16 03:22:11,970 - BẮT ĐẦU OPTIMIZE  (100% Gurobi MIP)
2026-05-16 03:22:11,970 -  -> Max Single Size  : 22
2026-05-16 03:22:11,970 -  -> Single Timeout   : 40.0s
2026-05-16 03:22:11,970 -  -> Max Pairwise Size: 28
2026-05-16 03:22:11,970 -  -> Pairwise Timeout : 102.0s
2026-05-16 03:22:11,970 -  -> Global Timeout   : 1200.0s
2026-05-16 03:22:11,970 -  -> Chi phí khởi điểm: 954
2026-05-16 03:22:11,970 - =========================================
2026-05-16 03:22:11,970 - === BẮT ĐẦU CHẶNG 4: GUROBI MIP CHÍNH XÁC | Cost: 954 ===
2026-05-16 03:22:11,970 -   [GĐ 4.1] Giải bài toán TSP trên từng tuyến đơn...
2026-05-16 03:22:14,480 -   [GĐ 4.2] Xét từng cặp tuyến để phân bổ lại khách hàng...
2026-05-16 03:22:14,480 -   --- Pairwise Iter 1 (còn 1197s) ---
2026-05-16 03:22:17,557 -     -> Đã đạt cực trị toàn cục cho mọi cặp dưới ngưỡng. KẾT THÚC CHẶNG 4.
2026-05-16 03:22:17,557 - Hoàn thành trong 5.6s. Final Cost: 954
2026-05-16 03:22:17,557 - ======================================================================
2026-05-16 03:22:17,557 - BÁO CÁO TỔNG KẾT (SUMMARY)
2026-05-16 03:22:17,557 - ======================================================================
2026-05-16 03:22:17,557 -   1. Chi phí Clarke-Wright:     954
2026-05-16 03:22:17,557 -   2. Chi phí sau Gurobi MIP:    954
2026-05-16 03:22:17,557 -   => TỔNG CẢI THIỆN:            0
2026-05-16 03:22:17,557 -   => Số lần Gurobi Single cải thiện  : 0 lần
2026-05-16 03:22:17,557 -   => Số lần Gurobi Pairwise cải thiện: 0 lần
2026-05-16 03:22:17,557 -   => TỔNG THỜI GIAN CHẠY:       5.590s
2026-05-16 03:22:17,558 - ======================================================================
2026-05-16 03:22:17,558 - GUROBI MIP SOLVER  |  FILE: F-n72-k4.vrp
2026-05-16 03:22:17,558 - ======================================================================
2026-05-16 03:22:17,566 - Thông tin dữ liệu: Dimension=72, K=4, Capacity=30000
2026-05-16 03:22:17,566 - --- Step 1: Clarke-Wright Heuristic ---
2026-05-16 03:22:17,572 -   Kết quả CW: Cost = 353, Time = 0.006s
2026-05-16 03:22:17,572 - --- Step 2: Advanced Optimization (Gurobi MIP) ---
2026-05-16 03:22:17,572 - =========================================
2026-05-16 03:22:17,572 - BẮT ĐẦU OPTIMIZE  (100% Gurobi MIP)
2026-05-16 03:22:17,572 -  -> Max Single Size  : 35
2026-05-16 03:22:17,572 -  -> Single Timeout   : 40.0s
2026-05-16 03:22:17,572 -  -> Max Pairwise Size: 28
2026-05-16 03:22:17,572 -  -> Pairwise Timeout : 120.0s
2026-05-16 03:22:17,572 -  -> Global Timeout   : 1200.0s
2026-05-16 03:22:17,573 -  -> Chi phí khởi điểm: 353
2026-05-16 03:22:17,573 - =========================================
2026-05-16 03:22:17,573 - === BẮT ĐẦU CHẶNG 4: GUROBI MIP CHÍNH XÁC | Cost: 353 ===
2026-05-16 03:22:17,573 -   [GĐ 4.1] Giải bài toán TSP trên từng tuyến đơn...
2026-05-16 03:22:19,600 -   [GĐ 4.2] Xét từng cặp tuyến để phân bổ lại khách hàng...
2026-05-16 03:22:19,600 -   --- Pairwise Iter 1 (còn 1198s) ---
2026-05-16 03:22:20,112 -     -> Đã đạt cực trị toàn cục cho mọi cặp dưới ngưỡng. KẾT THÚC CHẶNG 4.
2026-05-16 03:22:20,112 - Hoàn thành trong 2.5s. Final Cost: 353
2026-05-16 03:22:20,112 - ======================================================================
2026-05-16 03:22:20,112 - BÁO CÁO TỔNG KẾT (SUMMARY)
2026-05-16 03:22:20,112 - ======================================================================
2026-05-16 03:22:20,112 -   1. Chi phí Clarke-Wright:     353
2026-05-16 03:22:20,112 -   2. Chi phí sau Gurobi MIP:    353
2026-05-16 03:22:20,112 -   => TỔNG CẢI THIỆN:            0
2026-05-16 03:22:20,112 -   => Số lần Gurobi Single cải thiện  : 0 lần
2026-05-16 03:22:20,112 -   => Số lần Gurobi Pairwise cải thiện: 0 lần
2026-05-16 03:22:20,112 -   => TỔNG THỜI GIAN CHẠY:       2.545s
2026-05-16 03:22:20,113 - ======================================================================
2026-05-16 03:22:20,113 - GUROBI MIP SOLVER  |  FILE: F-n135-k7.vrp
2026-05-16 03:22:20,113 - ======================================================================
2026-05-16 03:22:20,141 - Thông tin dữ liệu: Dimension=135, K=7, Capacity=2210
2026-05-16 03:22:20,141 - --- Step 1: Clarke-Wright Heuristic ---
2026-05-16 03:22:20,158 -   Kết quả CW: Cost = 1591, Time = 0.017s
2026-05-16 03:22:20,158 - --- Step 2: Advanced Optimization (Gurobi MIP) ---
2026-05-16 03:22:20,158 - =========================================
2026-05-16 03:22:20,158 - BẮT ĐẦU OPTIMIZE  (100% Gurobi MIP)
2026-05-16 03:22:20,158 -  -> Max Single Size  : 35
2026-05-16 03:22:20,158 -  -> Single Timeout   : 40.0s
2026-05-16 03:22:20,158 -  -> Max Pairwise Size: 28
2026-05-16 03:22:20,158 -  -> Pairwise Timeout : 120.0s
2026-05-16 03:22:20,158 -  -> Global Timeout   : 1200.0s
2026-05-16 03:22:20,159 -  -> Chi phí khởi điểm: 1591
2026-05-16 03:22:20,159 - =========================================
2026-05-16 03:22:20,159 - === BẮT ĐẦU CHẶNG 4: GUROBI MIP CHÍNH XÁC | Cost: 1591 ===
2026-05-16 03:22:20,159 -   [GĐ 4.1] Giải bài toán TSP trên từng tuyến đơn...
2026-05-16 03:22:23,701 -   [GĐ 4.2] Xét từng cặp tuyến để phân bổ lại khách hàng...
2026-05-16 03:22:23,701 -   --- Pairwise Iter 1 (còn 1196s) ---
2026-05-16 03:22:26,153 -     -> Đã đạt cực trị toàn cục cho mọi cặp dưới ngưỡng. KẾT THÚC CHẶNG 4.
2026-05-16 03:22:26,153 - Hoàn thành trong 6.0s. Final Cost: 1591
2026-05-16 03:22:26,153 - ======================================================================
2026-05-16 03:22:26,153 - BÁO CÁO TỔNG KẾT (SUMMARY)
2026-05-16 03:22:26,153 - ======================================================================
2026-05-16 03:22:26,153 -   1. Chi phí Clarke-Wright:     1591
2026-05-16 03:22:26,153 -   2. Chi phí sau Gurobi MIP:    1591
2026-05-16 03:22:26,153 -   => TỔNG CẢI THIỆN:            0
2026-05-16 03:22:26,153 -   => Số lần Gurobi Single cải thiện  : 0 lần
2026-05-16 03:22:26,153 -   => Số lần Gurobi Pairwise cải thiện: 0 lần
2026-05-16 03:22:26,153 -   => TỔNG THỜI GIAN CHẠY:       6.012s
