2026-04-04 16:20:48,198 - ======================================================================
2026-04-04 16:20:48,198 - GUROBI MIP SOLVER  |  FILE: B-n31-k5.vrp
2026-04-04 16:20:48,198 - ======================================================================
2026-04-04 16:20:48,200 - Thông tin dữ liệu: Dimension=31, K=5, Capacity=100
2026-04-04 16:20:48,200 - --- Step 1: Clarke-Wright Heuristic ---
2026-04-04 16:20:48,201 -   Kết quả CW: Cost = 748, Time = 0.001s
2026-04-04 16:20:48,201 - --- Step 2: Advanced Optimization (Gurobi MIP) ---
2026-04-04 16:20:48,201 - =========================================
2026-04-04 16:20:48,202 - BẮT ĐẦU OPTIMIZE  (100% Gurobi MIP)
2026-04-04 16:20:48,202 -  -> Max Single Size  : 20
2026-04-04 16:20:48,202 -  -> Single Timeout   : 40.0s
2026-04-04 16:20:48,202 -  -> Max Pairwise Size: 18
2026-04-04 16:20:48,202 -  -> Pairwise Timeout : 50s
2026-04-04 16:20:48,202 -  -> Global Timeout   : 1200.0s
2026-04-04 16:20:48,202 -  -> Chi phí khởi điểm: 748
2026-04-04 16:20:48,202 - =========================================
2026-04-04 16:20:48,203 - === BẮT ĐẦU CHẶNG 4: GUROBI MIP CHÍNH XÁC | Cost: 748 ===
2026-04-04 16:20:48,203 -   [GĐ 4.1] Giải bài toán TSP trên từng tuyến đơn...
2026-04-04 16:20:48,362 -     -> Single Gurobi cải thiện: 18. Cost mới: 730
2026-04-04 16:20:48,363 -   [GĐ 4.2] Xét từng cặp tuyến để phân bổ lại khách hàng...
2026-04-04 16:20:48,363 -   --- Pairwise Iter 1 (còn 1200s) ---
2026-04-04 16:21:38,383 -     [P4.2] Pair (1,2) giảm 19 -> BEST = 711
2026-04-04 16:21:38,384 -   --- Pairwise Iter 2 (còn 1150s) ---
2026-04-04 16:22:25,795 -     [P4.2] Pair (1,3) giảm 10 -> BEST = 701
2026-04-04 16:22:25,795 -   --- Pairwise Iter 3 (còn 1102s) ---
2026-04-04 16:23:23,918 -     [P4.2] Pair (1,4) giảm 7 -> BEST = 694
2026-04-04 16:23:23,918 -   --- Pairwise Iter 4 (còn 1044s) ---
2026-04-04 16:23:27,353 -     [P4.2] Pair (3,4) giảm 3 -> BEST = 691
2026-04-04 16:23:27,353 -   --- Pairwise Iter 5 (còn 1041s) ---
2026-04-04 16:25:15,823 -     [P4.2] Pair (1,2) giảm 6 -> BEST = 685
2026-04-04 16:25:15,823 -   --- Pairwise Iter 6 (còn 932s) ---
2026-04-04 16:25:35,954 -     [P4.2] Pair (2,4) giảm 4 -> BEST = 681
2026-04-04 16:25:35,954 -   --- Pairwise Iter 7 (còn 912s) ---
2026-04-04 16:27:31,589 -     [P4.2] Pair (0,3) giảm 4 -> BEST = 677
2026-04-04 16:27:31,589 -   --- Pairwise Iter 8 (còn 797s) ---
2026-04-04 16:30:08,895 -     -> Đã đạt cực trị toàn cục cho mọi cặp dưới ngưỡng. KẾT THÚC CHẶNG 4.
2026-04-04 16:30:08,895 - Hoàn thành trong 560.7s. Final Cost: 677
2026-04-04 16:30:08,895 - ======================================================================
2026-04-04 16:30:08,895 - BÁO CÁO TỔNG KẾT (SUMMARY)
2026-04-04 16:30:08,895 - ======================================================================
2026-04-04 16:30:08,896 -   1. Chi phí Clarke-Wright:     748
2026-04-04 16:30:08,896 -   2. Chi phí sau Gurobi MIP:    677
2026-04-04 16:30:08,896 -   => TỔNG CẢI THIỆN:            71
2026-04-04 16:30:08,896 -   => Số lần Gurobi Single cải thiện  : 4 lần
2026-04-04 16:30:08,896 -   => Số lần Gurobi Pairwise cải thiện: 7 lần
2026-04-04 16:30:08,896 -   => TỔNG THỜI GIAN CHẠY:       560.695s
2026-04-04 16:30:08,896 - ======================================================================
2026-04-04 16:30:08,896 - GUROBI MIP SOLVER  |  FILE: B-n34-k5.vrp
2026-04-04 16:30:08,896 - ======================================================================
2026-04-04 16:30:08,898 - Thông tin dữ liệu: Dimension=34, K=5, Capacity=100
2026-04-04 16:30:08,898 - --- Step 1: Clarke-Wright Heuristic ---
2026-04-04 16:30:08,899 -   Kết quả CW: Cost = 936, Time = 0.001s
2026-04-04 16:30:08,899 - --- Step 2: Advanced Optimization (Gurobi MIP) ---
2026-04-04 16:30:08,899 - =========================================
2026-04-04 16:30:08,899 - BẮT ĐẦU OPTIMIZE  (100% Gurobi MIP)
2026-04-04 16:30:08,899 -  -> Max Single Size  : 20
2026-04-04 16:30:08,899 -  -> Single Timeout   : 40.0s
2026-04-04 16:30:08,899 -  -> Max Pairwise Size: 20
2026-04-04 16:30:08,899 -  -> Pairwise Timeout : 54s
2026-04-04 16:30:08,899 -  -> Global Timeout   : 1200.0s
2026-04-04 16:30:08,899 -  -> Chi phí khởi điểm: 936
2026-04-04 16:30:08,899 - =========================================
2026-04-04 16:30:08,899 - === BẮT ĐẦU CHẶNG 4: GUROBI MIP CHÍNH XÁC | Cost: 936 ===
2026-04-04 16:30:08,899 -   [GĐ 4.1] Giải bài toán TSP trên từng tuyến đơn...
2026-04-04 16:30:09,137 -     -> Single Gurobi cải thiện: 61. Cost mới: 875
2026-04-04 16:30:09,137 -   [GĐ 4.2] Xét từng cặp tuyến để phân bổ lại khách hàng...
2026-04-04 16:30:09,137 -   --- Pairwise Iter 1 (còn 1200s) ---
2026-04-04 16:31:03,183 -     [P4.2] Pair (0,1) giảm 21 -> BEST = 854
2026-04-04 16:31:03,183 -   --- Pairwise Iter 2 (còn 1146s) ---
2026-04-04 16:32:01,086 -     [P4.2] Pair (1,4) giảm 2 -> BEST = 852
2026-04-04 16:32:01,086 -   --- Pairwise Iter 3 (còn 1088s) ---
2026-04-04 16:32:55,127 -     [P4.2] Pair (0,4) giảm 27 -> BEST = 825
2026-04-04 16:32:55,127 -   --- Pairwise Iter 4 (còn 1034s) ---
2026-04-04 16:33:47,035 -     [P4.2] Pair (2,3) giảm 21 -> BEST = 804
2026-04-04 16:33:47,035 -   --- Pairwise Iter 5 (còn 982s) ---
2026-04-04 16:34:41,068 -     [P4.2] Pair (0,3) giảm 13 -> BEST = 791
2026-04-04 16:34:41,069 -   --- Pairwise Iter 6 (còn 928s) ---
