2026-04-05 22:35:19,971 - ======================================================================
2026-04-05 22:35:19,971 - GUROBI MIP SOLVER  |  FILE: B-n52-k7.vrp
2026-04-05 22:35:19,974 - ======================================================================
2026-04-05 22:35:19,979 - Thông tin dữ liệu: Dimension=52, K=7, Capacity=100
2026-04-05 22:35:19,980 - --- Step 1: Clarke-Wright Heuristic ---
2026-04-05 22:35:19,987 -   Kết quả CW: Cost = 927, Time = 0.008s
2026-04-05 22:35:19,987 - --- Step 2: Advanced Optimization (Gurobi MIP) ---
2026-04-05 22:35:19,988 - =========================================
2026-04-05 22:35:19,988 - BẮT ĐẦU OPTIMIZE  (100% Gurobi MIP)
2026-04-05 22:35:19,988 -  -> Max Single Size  : 20
2026-04-05 22:35:19,988 -  -> Single Timeout   : 40.0s
2026-04-05 22:35:19,988 -  -> Max Pairwise Size: 22
2026-04-05 22:35:19,988 -  -> Pairwise Timeout : 59.42857142857143s
2026-04-05 22:35:19,988 -  -> Global Timeout   : 1200.0s
2026-04-05 22:35:19,988 -  -> Chi phí khởi điểm: 927
2026-04-05 22:35:19,988 - =========================================
2026-04-05 22:35:19,988 - === BẮT ĐẦU CHẶNG 4: GUROBI MIP CHÍNH XÁC | Cost: 927 ===
2026-04-05 22:35:19,988 -   [GĐ 4.1] Giải bài toán TSP trên từng tuyến đơn...
2026-04-05 22:35:20,795 -     -> Single Gurobi cải thiện: 44. Cost mới: 883
2026-04-05 22:35:20,795 -   [GĐ 4.2] Xét từng cặp tuyến để phân bổ lại khách hàng...
2026-04-05 22:35:20,795 -   --- Pairwise Iter 1 (còn 1199s) ---
2026-04-05 22:35:50,531 -     [P4.2] Pair (0,6) giảm 89 -> BEST = 794
2026-04-05 22:35:50,565 -   --- Pairwise Iter 2 (còn 1169s) ---
2026-04-05 22:37:49,518 -     [P4.2] Pair (4,5) giảm 2 -> BEST = 792
2026-04-05 22:37:49,563 -   --- Pairwise Iter 3 (còn 1050s) ---
2026-04-05 22:40:47,981 -     [P4.2] Pair (1,5) giảm 1 -> BEST = 791
2026-04-05 22:40:48,298 -   --- Pairwise Iter 4 (còn 872s) ---
2026-04-05 22:42:47,284 -     [P4.2] Pair (1,4) giảm 23 -> BEST = 768
2026-04-05 22:42:47,369 -   --- Pairwise Iter 5 (còn 753s) ---
2026-04-05 22:43:46,832 -     [P4.2] Pair (4,5) giảm 5 -> BEST = 763
2026-04-05 22:43:47,160 -   --- Pairwise Iter 6 (còn 693s) ---
2026-04-05 22:46:46,255 -     [P4.2] Pair (0,3) giảm 10 -> BEST = 753
2026-04-05 22:46:46,300 -   --- Pairwise Iter 7 (còn 514s) ---
2026-04-05 22:55:18,006 -     -> Đã đạt cực trị toàn cục cho mọi cặp dưới ngưỡng. KẾT THÚC CHẶNG 4.
2026-04-05 22:55:18,006 - Hoàn thành trong 1198.0s. Final Cost: 753
2026-04-05 22:55:18,006 - ======================================================================
2026-04-05 22:55:18,006 - BÁO CÁO TỔNG KẾT (SUMMARY)
2026-04-05 22:55:18,006 - ======================================================================
2026-04-05 22:55:18,006 -   1. Chi phí Clarke-Wright:     927
2026-04-05 22:55:18,006 -   2. Chi phí sau Gurobi MIP:    753
2026-04-05 22:55:18,006 -   => TỔNG CẢI THIỆN:            174
2026-04-05 22:55:18,006 -   => Số lần Gurobi Single cải thiện  : 6 lần
2026-04-05 22:55:18,006 -   => Số lần Gurobi Pairwise cải thiện: 6 lần
2026-04-05 22:55:18,006 -   => TỔNG THỜI GIAN CHẠY:       1198.026s
2026-04-05 22:55:18,007 - ======================================================================
2026-04-05 22:55:18,007 - GUROBI MIP SOLVER  |  FILE: B-n56-k7.vrp
2026-04-05 22:55:18,007 - ======================================================================
2026-04-05 22:55:18,012 - Thông tin dữ liệu: Dimension=56, K=7, Capacity=100
2026-04-05 22:55:18,012 - --- Step 1: Clarke-Wright Heuristic ---
2026-04-05 22:55:18,015 -   Kết quả CW: Cost = 941, Time = 0.003s
2026-04-05 22:55:18,016 - --- Step 2: Advanced Optimization (Gurobi MIP) ---
2026-04-05 22:55:18,016 - =========================================
2026-04-05 22:55:18,016 - BẮT ĐẦU OPTIMIZE  (100% Gurobi MIP)
2026-04-05 22:55:18,016 -  -> Max Single Size  : 20
2026-04-05 22:55:18,016 -  -> Single Timeout   : 40.0s
2026-04-05 22:55:18,016 -  -> Max Pairwise Size: 24
2026-04-05 22:55:18,016 -  -> Pairwise Timeout : 64.0s
2026-04-05 22:55:18,016 -  -> Global Timeout   : 1200.0s
2026-04-05 22:55:18,016 -  -> Chi phí khởi điểm: 941
2026-04-05 22:55:18,016 - =========================================
2026-04-05 22:55:18,016 - === BẮT ĐẦU CHẶNG 4: GUROBI MIP CHÍNH XÁC | Cost: 941 ===
2026-04-05 22:55:18,016 -   [GĐ 4.1] Giải bài toán TSP trên từng tuyến đơn...
2026-04-05 22:55:18,626 -     -> Single Gurobi cải thiện: 32. Cost mới: 909
2026-04-05 22:55:18,626 -   [GĐ 4.2] Xét từng cặp tuyến để phân bổ lại khách hàng...
2026-04-05 22:55:18,626 -   --- Pairwise Iter 1 (còn 1199s) ---
2026-04-05 22:55:19,518 -     [P4.2] Pair (4,5) giảm 5 -> BEST = 904
2026-04-05 22:55:19,563 -   --- Pairwise Iter 2 (còn 1198s) ---
2026-04-05 22:56:23,641 -     [P4.2] Pair (0,1) giảm 85 -> BEST = 819
2026-04-05 22:56:25,701 -   --- Pairwise Iter 3 (còn 1132s) ---
2026-04-05 22:56:26,778 -     [P4.2] Pair (5,6) giảm 7 -> BEST = 812
2026-04-05 22:56:26,814 -   --- Pairwise Iter 4 (còn 1131s) ---
2026-04-05 22:57:33,090 -     [P4.2] Pair (0,2) giảm 5 -> BEST = 807
2026-04-05 22:57:36,614 -   --- Pairwise Iter 5 (còn 1061s) ---
2026-04-05 22:59:46,636 -     [P4.2] Pair (0,6) giảm 15 -> BEST = 792
2026-04-05 22:59:46,710 -   --- Pairwise Iter 6 (còn 931s) ---
2026-04-05 22:59:49,373 -     [P4.2] Pair (0,4) giảm 1 -> BEST = 791
2026-04-05 22:59:49,408 -   --- Pairwise Iter 7 (còn 929s) ---
2026-04-05 23:03:02,775 -     [P4.2] Pair (3,4) giảm 15 -> BEST = 776
2026-04-05 23:03:03,284 -   --- Pairwise Iter 8 (còn 735s) ---
2026-04-05 23:07:24,324 -     [P4.2] Pair (1,6) giảm 23 -> BEST = 753
2026-04-05 23:07:24,399 -   --- Pairwise Iter 9 (còn 474s) ---
2026-04-05 23:10:49,003 -     [P4.2] Pair (0,6) giảm 4 -> BEST = 749
2026-04-05 23:10:49,087 -   --- Pairwise Iter 10 (còn 269s) ---
2026-04-05 23:15:16,042 -     [P4.2] Pair (4,5) giảm 15 -> BEST = 734
2026-04-05 23:15:16,042 -   --- Pairwise Iter 11 (còn 2s) ---
2026-04-05 23:15:16,043 -     -> Đã đạt cực trị toàn cục cho mọi cặp dưới ngưỡng. KẾT THÚC CHẶNG 4.
2026-04-05 23:15:16,043 - Hoàn thành trong 1198.0s. Final Cost: 734
2026-04-05 23:15:16,043 - ======================================================================
2026-04-05 23:15:16,043 - BÁO CÁO TỔNG KẾT (SUMMARY)
2026-04-05 23:15:16,043 - ======================================================================
2026-04-05 23:15:16,043 -   1. Chi phí Clarke-Wright:     941
2026-04-05 23:15:16,043 -   2. Chi phí sau Gurobi MIP:    734
2026-04-05 23:15:16,043 -   => TỔNG CẢI THIỆN:            207
2026-04-05 23:15:16,043 -   => Số lần Gurobi Single cải thiện  : 7 lần
2026-04-05 23:15:16,043 -   => Số lần Gurobi Pairwise cải thiện: 10 lần
2026-04-05 23:15:16,043 -   => TỔNG THỜI GIAN CHẠY:       1198.030s
2026-04-05 23:15:16,044 - ======================================================================
2026-04-05 23:15:16,044 - GUROBI MIP SOLVER  |  FILE: B-n57-k7.vrp
2026-04-05 23:15:16,044 - ======================================================================
2026-04-05 23:15:16,049 - Thông tin dữ liệu: Dimension=57, K=7, Capacity=100
2026-04-05 23:15:16,050 - --- Step 1: Clarke-Wright Heuristic ---
2026-04-05 23:15:16,052 -   Kết quả CW: Cost = 1460, Time = 0.003s
2026-04-05 23:15:16,053 - --- Step 2: Advanced Optimization (Gurobi MIP) ---
2026-04-05 23:15:16,053 - =========================================
2026-04-05 23:15:16,053 - BẮT ĐẦU OPTIMIZE  (100% Gurobi MIP)
2026-04-05 23:15:16,053 -  -> Max Single Size  : 20
2026-04-05 23:15:16,053 -  -> Single Timeout   : 40.0s
2026-04-05 23:15:16,053 -  -> Max Pairwise Size: 24
2026-04-05 23:15:16,053 -  -> Pairwise Timeout : 65.14285714285714s
2026-04-05 23:15:16,053 -  -> Global Timeout   : 1200.0s
2026-04-05 23:15:16,053 -  -> Chi phí khởi điểm: 1460
2026-04-05 23:15:16,053 - =========================================
2026-04-05 23:15:16,053 - === BẮT ĐẦU CHẶNG 4: GUROBI MIP CHÍNH XÁC | Cost: 1460 ===
2026-04-05 23:15:16,053 -   [GĐ 4.1] Giải bài toán TSP trên từng tuyến đơn...
2026-04-05 23:15:17,772 -     -> Single Gurobi cải thiện: 35. Cost mới: 1425
2026-04-05 23:15:17,772 -   [GĐ 4.2] Xét từng cặp tuyến để phân bổ lại khách hàng...
2026-04-05 23:15:17,772 -   --- Pairwise Iter 1 (còn 1198s) ---
2026-04-05 23:16:22,961 -     [P4.2] Pair (0,2) giảm 31 -> BEST = 1394
2026-04-05 23:16:23,198 -   --- Pairwise Iter 2 (còn 1133s) ---
2026-04-05 23:17:28,392 -     [P4.2] Pair (1,5) giảm 61 -> BEST = 1333
2026-04-05 23:17:28,840 -   --- Pairwise Iter 3 (còn 1067s) ---
2026-04-05 23:19:39,222 -     [P4.2] Pair (3,6) giảm 18 -> BEST = 1315
2026-04-05 23:19:39,610 -   --- Pairwise Iter 4 (còn 936s) ---
2026-04-05 23:23:41,722 -     [P4.2] Pair (2,4) giảm 8 -> BEST = 1307
2026-04-05 23:23:41,807 -   --- Pairwise Iter 5 (còn 694s) ---
2026-04-05 23:29:07,746 -     [P4.2] Pair (0,2) giảm 3 -> BEST = 1304
2026-04-05 23:29:07,841 -   --- Pairwise Iter 6 (còn 368s) ---
2026-04-05 23:35:14,085 -     [P4.2] Pair (0,6) giảm 20 -> BEST = 1284
2026-04-05 23:35:14,085 -   --- Pairwise Iter 7 (còn 2s) ---
2026-04-05 23:35:14,086 -     -> Đã đạt cực trị toàn cục cho mọi cặp dưới ngưỡng. KẾT THÚC CHẶNG 4.
2026-04-05 23:35:14,086 - Hoàn thành trong 1198.0s. Final Cost: 1284
2026-04-05 23:35:14,086 - ======================================================================
2026-04-05 23:35:14,086 - BÁO CÁO TỔNG KẾT (SUMMARY)
2026-04-05 23:35:14,086 - ======================================================================
2026-04-05 23:35:14,086 -   1. Chi phí Clarke-Wright:     1460
2026-04-05 23:35:14,086 -   2. Chi phí sau Gurobi MIP:    1284
2026-04-05 23:35:14,086 -   => TỔNG CẢI THIỆN:            176
2026-04-05 23:35:14,086 -   => Số lần Gurobi Single cải thiện  : 7 lần
2026-04-05 23:35:14,086 -   => Số lần Gurobi Pairwise cải thiện: 6 lần
2026-04-05 23:35:14,086 -   => TỔNG THỜI GIAN CHẠY:       1198.036s
2026-04-05 23:35:14,087 - ======================================================================
2026-04-05 23:35:14,087 - GUROBI MIP SOLVER  |  FILE: B-n57-k9.vrp
2026-04-05 23:35:14,087 - ======================================================================
2026-04-05 23:35:14,092 - Thông tin dữ liệu: Dimension=57, K=9, Capacity=100
2026-04-05 23:35:14,092 - --- Step 1: Clarke-Wright Heuristic ---
2026-04-05 23:35:14,095 -   Kết quả CW: Cost = 1948, Time = 0.002s
2026-04-05 23:35:14,095 - --- Step 2: Advanced Optimization (Gurobi MIP) ---
2026-04-05 23:35:14,095 - =========================================
2026-04-05 23:35:14,095 - BẮT ĐẦU OPTIMIZE  (100% Gurobi MIP)
2026-04-05 23:35:14,095 -  -> Max Single Size  : 20
2026-04-05 23:35:14,095 -  -> Single Timeout   : 40.0s
2026-04-05 23:35:14,095 -  -> Max Pairwise Size: 19
2026-04-05 23:35:14,095 -  -> Pairwise Timeout : 50.666666666666664s
2026-04-05 23:35:14,095 -  -> Global Timeout   : 1200.0s
2026-04-05 23:35:14,095 -  -> Chi phí khởi điểm: 1948
2026-04-05 23:35:14,095 - =========================================
2026-04-05 23:35:14,095 - === BẮT ĐẦU CHẶNG 4: GUROBI MIP CHÍNH XÁC | Cost: 1948 ===
2026-04-05 23:35:14,095 -   [GĐ 4.1] Giải bài toán TSP trên từng tuyến đơn...
2026-04-05 23:35:14,556 -     -> Single Gurobi cải thiện: 53. Cost mới: 1895
2026-04-05 23:35:14,556 -   [GĐ 4.2] Xét từng cặp tuyến để phân bổ lại khách hàng...
2026-04-05 23:35:14,556 -   --- Pairwise Iter 1 (còn 1200s) ---
2026-04-05 23:35:17,193 -     [P4.2] Pair (1,6) giảm 3 -> BEST = 1892
2026-04-05 23:35:17,238 -   --- Pairwise Iter 2 (còn 1197s) ---
2026-04-05 23:36:10,544 -     [P4.2] Pair (3,5) giảm 31 -> BEST = 1861
2026-04-05 23:36:10,689 -   --- Pairwise Iter 3 (còn 1143s) ---
2026-04-05 23:38:45,362 -     [P4.2] Pair (2,6) giảm 22 -> BEST = 1839
2026-04-05 23:38:45,590 -   --- Pairwise Iter 4 (còn 989s) ---
2026-04-05 23:39:36,289 -     [P4.2] Pair (1,2) giảm 11 -> BEST = 1828
2026-04-05 23:39:36,342 -       [S-re] Route 1: 137 → 136  (−1) | BEST = 1827
2026-04-05 23:39:36,405 -   --- Pairwise Iter 5 (còn 938s) ---
2026-04-05 23:42:27,303 -     [P4.2] Pair (6,7) giảm 16 -> BEST = 1811
2026-04-05 23:42:27,469 -   --- Pairwise Iter 6 (còn 767s) ---
2026-04-05 23:44:25,417 -     [P4.2] Pair (2,7) giảm 5 -> BEST = 1806
2026-04-05 23:44:25,462 -   --- Pairwise Iter 7 (còn 649s) ---
2026-04-05 23:45:16,151 -     [P4.2] Pair (1,7) giảm 1 -> BEST = 1805
2026-04-05 23:45:16,226 -   --- Pairwise Iter 8 (còn 598s) ---
2026-04-05 23:47:48,313 -     [P4.2] Pair (2,3) giảm 4 -> BEST = 1801
2026-04-05 23:47:48,438 -   --- Pairwise Iter 9 (còn 446s) ---
2026-04-05 23:50:20,531 -     [P4.2] Pair (3,5) giảm 1 -> BEST = 1800
2026-04-05 23:50:20,596 -   --- Pairwise Iter 10 (còn 293s) ---
2026-04-05 23:52:12,085 -     [P4.2] Pair (2,3) giảm 29 -> BEST = 1771
2026-04-05 23:52:12,190 -   --- Pairwise Iter 11 (còn 182s) ---
2026-04-05 23:53:04,854 -     [P4.2] Pair (2,5) giảm 4 -> BEST = 1767
2026-04-05 23:53:04,919 -   --- Pairwise Iter 12 (còn 129s) ---
2026-04-05 23:55:12,116 -     [P4.2] Pair (6,8) giảm 6 -> BEST = 1761
2026-04-05 23:55:12,116 -   --- Pairwise Iter 13 (còn 2s) ---
2026-04-05 23:55:12,116 -     -> Đã đạt cực trị toàn cục cho mọi cặp dưới ngưỡng. KẾT THÚC CHẶNG 4.
2026-04-05 23:55:12,117 - Hoàn thành trong 1198.0s. Final Cost: 1761
2026-04-05 23:55:12,117 - ======================================================================
2026-04-05 23:55:12,117 - BÁO CÁO TỔNG KẾT (SUMMARY)
2026-04-05 23:55:12,117 - ======================================================================
2026-04-05 23:55:12,117 -   1. Chi phí Clarke-Wright:     1948
2026-04-05 23:55:12,117 -   2. Chi phí sau Gurobi MIP:    1761
2026-04-05 23:55:12,117 -   => TỔNG CẢI THIỆN:            187
2026-04-05 23:55:12,117 -   => Số lần Gurobi Single cải thiện  : 7 lần
2026-04-05 23:55:12,117 -   => Số lần Gurobi Pairwise cải thiện: 12 lần
2026-04-05 23:55:12,117 -   => TỔNG THỜI GIAN CHẠY:       1198.024s
2026-04-05 23:55:12,118 - ======================================================================
2026-04-05 23:55:12,118 - GUROBI MIP SOLVER  |  FILE: B-n63-k10.vrp
2026-04-05 23:55:12,118 - ======================================================================
2026-04-05 23:55:12,124 - Thông tin dữ liệu: Dimension=63, K=10, Capacity=100
2026-04-05 23:55:12,124 - --- Step 1: Clarke-Wright Heuristic ---
2026-04-05 23:55:12,127 -   Kết quả CW: Cost = 1993, Time = 0.003s
2026-04-05 23:55:12,127 - --- Step 2: Advanced Optimization (Gurobi MIP) ---
2026-04-05 23:55:12,127 - =========================================
2026-04-05 23:55:12,127 - BẮT ĐẦU OPTIMIZE  (100% Gurobi MIP)
2026-04-05 23:55:12,127 -  -> Max Single Size  : 20
2026-04-05 23:55:12,127 -  -> Single Timeout   : 40.0s
2026-04-05 23:55:12,127 -  -> Max Pairwise Size: 18
2026-04-05 23:55:12,127 -  -> Pairwise Timeout : 50.4s
2026-04-05 23:55:12,127 -  -> Global Timeout   : 1200.0s
2026-04-05 23:55:12,127 -  -> Chi phí khởi điểm: 1993
2026-04-05 23:55:12,127 - =========================================
2026-04-05 23:55:12,128 - === BẮT ĐẦU CHẶNG 4: GUROBI MIP CHÍNH XÁC | Cost: 1993 ===
2026-04-05 23:55:12,128 -   [GĐ 4.1] Giải bài toán TSP trên từng tuyến đơn...
2026-04-05 23:55:12,662 -     -> Single Gurobi cải thiện: 61. Cost mới: 1932
2026-04-05 23:55:12,662 -   [GĐ 4.2] Xét từng cặp tuyến để phân bổ lại khách hàng...
2026-04-05 23:55:12,662 -   --- Pairwise Iter 1 (còn 1199s) ---
2026-04-05 23:55:13,572 -     [P4.2] Pair (0,1) giảm 109 -> BEST = 1823
2026-04-05 23:55:13,637 -   --- Pairwise Iter 2 (còn 1198s) ---
2026-04-05 23:56:11,655 -     [P4.2] Pair (1,6) giảm 82 -> BEST = 1741
2026-04-05 23:56:11,740 -   --- Pairwise Iter 3 (còn 1140s) ---
2026-04-05 23:57:02,412 -     [P4.2] Pair (1,4) giảm 2 -> BEST = 1739
2026-04-05 23:57:02,618 -   --- Pairwise Iter 4 (còn 1090s) ---
2026-04-05 23:58:43,729 -     [P4.2] Pair (2,3) giảm 24 -> BEST = 1715
2026-04-05 23:58:43,865 -   --- Pairwise Iter 5 (còn 988s) ---
2026-04-06 00:00:54,536 -     [P4.2] Pair (1,9) giảm 57 -> BEST = 1658
2026-04-06 00:00:54,653 -   --- Pairwise Iter 6 (còn 857s) ---
2026-04-06 00:01:45,376 -     [P4.2] Pair (4,9) giảm 6 -> BEST = 1652
2026-04-06 00:01:45,552 -   --- Pairwise Iter 7 (còn 807s) ---
2026-04-06 00:03:30,636 -     [P4.2] Pair (6,9) giảm 1 -> BEST = 1651
2026-04-06 00:03:30,712 -   --- Pairwise Iter 8 (còn 701s) ---
2026-04-06 00:03:30,927 -     [P4.2] Pair (0,9) giảm 4 -> BEST = 1647
2026-04-06 00:03:30,981 -   --- Pairwise Iter 9 (còn 701s) ---
2026-04-06 00:05:17,307 -     [P4.2] Pair (0,2) giảm 12 -> BEST = 1635
2026-04-06 00:05:17,342 -   --- Pairwise Iter 10 (còn 595s) ---
2026-04-06 00:06:08,027 -     [P4.2] Pair (2,9) giảm 4 -> BEST = 1631
2026-04-06 00:06:08,052 -   --- Pairwise Iter 11 (còn 544s) ---
2026-04-06 00:07:57,425 -     [P4.2] Pair (0,3) giảm 9 -> BEST = 1622
2026-04-06 00:07:57,501 -   --- Pairwise Iter 12 (còn 435s) ---
2026-04-06 00:09:57,886 -     [P4.2] Pair (1,5) giảm 21 -> BEST = 1601
2026-04-06 00:09:57,940 -   --- Pairwise Iter 13 (còn 314s) ---
2026-04-06 00:12:04,763 -     [P4.2] Pair (1,7) giảm 12 -> BEST = 1589
2026-04-06 00:12:04,808 -   --- Pairwise Iter 14 (còn 187s) ---
2026-04-06 00:12:55,464 -     [P4.2] Pair (6,7) giảm 1 -> BEST = 1588
2026-04-06 00:12:55,569 -   --- Pairwise Iter 15 (còn 137s) ---
2026-04-06 00:15:10,143 -     [P4.2] Pair (1,5) giảm 2 -> BEST = 1586
2026-04-06 00:15:10,143 -   --- Pairwise Iter 16 (còn 2s) ---
2026-04-06 00:15:10,144 -     -> Đã đạt cực trị toàn cục cho mọi cặp dưới ngưỡng. KẾT THÚC CHẶNG 4.
2026-04-06 00:15:10,144 - Hoàn thành trong 1198.0s. Final Cost: 1586
2026-04-06 00:15:10,144 - ======================================================================
2026-04-06 00:15:10,144 - BÁO CÁO TỔNG KẾT (SUMMARY)
2026-04-06 00:15:10,144 - ======================================================================
2026-04-06 00:15:10,144 -   1. Chi phí Clarke-Wright:     1993
2026-04-06 00:15:10,144 -   2. Chi phí sau Gurobi MIP:    1586
2026-04-06 00:15:10,144 -   => TỔNG CẢI THIỆN:            407
2026-04-06 00:15:10,144 -   => Số lần Gurobi Single cải thiện  : 10 lần
2026-04-06 00:15:10,144 -   => Số lần Gurobi Pairwise cải thiện: 15 lần
2026-04-06 00:15:10,144 -   => TỔNG THỜI GIAN CHẠY:       1198.020s
2026-04-06 00:15:10,145 - ======================================================================
2026-04-06 00:15:10,145 - GUROBI MIP SOLVER  |  FILE: B-n64-k9.vrp
2026-04-06 00:15:10,145 - ======================================================================
2026-04-06 00:15:10,152 - Thông tin dữ liệu: Dimension=64, K=9, Capacity=100
2026-04-06 00:15:10,152 - --- Step 1: Clarke-Wright Heuristic ---
2026-04-06 00:15:10,155 -   Kết quả CW: Cost = 1388, Time = 0.003s
2026-04-06 00:15:10,155 - --- Step 2: Advanced Optimization (Gurobi MIP) ---
2026-04-06 00:15:10,155 - =========================================
2026-04-06 00:15:10,155 - BẮT ĐẦU OPTIMIZE  (100% Gurobi MIP)
2026-04-06 00:15:10,155 -  -> Max Single Size  : 20
2026-04-06 00:15:10,155 -  -> Single Timeout   : 40.0s
2026-04-06 00:15:10,155 -  -> Max Pairwise Size: 21
2026-04-06 00:15:10,155 -  -> Pairwise Timeout : 56.888888888888886s
2026-04-06 00:15:10,155 -  -> Global Timeout   : 1200.0s
2026-04-06 00:15:10,155 -  -> Chi phí khởi điểm: 1388
2026-04-06 00:15:10,155 - =========================================
2026-04-06 00:15:10,155 - === BẮT ĐẦU CHẶNG 4: GUROBI MIP CHÍNH XÁC | Cost: 1388 ===
2026-04-06 00:15:10,155 -   [GĐ 4.1] Giải bài toán TSP trên từng tuyến đơn...
2026-04-06 00:15:11,857 -     -> Single Gurobi cải thiện: 56. Cost mới: 1332
2026-04-06 00:15:11,858 -   [GĐ 4.2] Xét từng cặp tuyến để phân bổ lại khách hàng...
2026-04-06 00:15:11,858 -   --- Pairwise Iter 1 (còn 1198s) ---
2026-04-06 00:15:19,185 -     [P4.2] Pair (1,5) giảm 11 -> BEST = 1321
2026-04-06 00:15:19,209 -   --- Pairwise Iter 2 (còn 1191s) ---
2026-04-06 00:16:23,894 -     [P4.2] Pair (1,4) giảm 42 -> BEST = 1279
2026-04-06 00:16:23,959 -   --- Pairwise Iter 3 (còn 1126s) ---
2026-04-06 00:17:20,873 -     [P4.2] Pair (1,5) giảm 52 -> BEST = 1227
2026-04-06 00:17:20,938 -   --- Pairwise Iter 4 (còn 1069s) ---
2026-04-06 00:18:20,143 -     [P4.2] Pair (0,1) giảm 2 -> BEST = 1225
2026-04-06 00:18:20,228 -   --- Pairwise Iter 5 (còn 1010s) ---
2026-04-06 00:19:19,308 -     [P4.2] Pair (0,4) giảm 1 -> BEST = 1224
2026-04-06 00:19:19,474 -   --- Pairwise Iter 6 (còn 951s) ---
2026-04-06 00:21:17,642 -     [P4.2] Pair (2,5) giảm 8 -> BEST = 1216
2026-04-06 00:21:21,137 -       [S-re] Route 2: 124 → 122  (−2) | BEST = 1214
2026-04-06 00:21:21,149 -   --- Pairwise Iter 7 (còn 829s) ---
2026-04-06 00:24:16,281 -     [P4.2] Pair (2,6) giảm 2 -> BEST = 1212
2026-04-06 00:24:16,739 -   --- Pairwise Iter 8 (còn 653s) ---
2026-04-06 00:25:27,360 -     [P4.2] Pair (2,5) giảm 32 -> BEST = 1180
2026-04-06 00:25:27,496 -   --- Pairwise Iter 9 (còn 583s) ---
2026-04-06 00:25:34,133 -     [P4.2] Pair (1,2) giảm 16 -> BEST = 1164
2026-04-06 00:25:34,309 -   --- Pairwise Iter 10 (còn 576s) ---
2026-04-06 00:25:44,772 -     [P4.2] Pair (1,5) giảm 2 -> BEST = 1162
2026-04-06 00:25:44,846 -   --- Pairwise Iter 11 (còn 565s) ---
2026-04-06 00:26:09,467 -     [P4.2] Pair (2,5) giảm 4 -> BEST = 1158
2026-04-06 00:26:09,582 -   --- Pairwise Iter 12 (còn 541s) ---
2026-04-06 00:27:57,579 -     [P4.2] Pair (3,7) giảm 65 -> BEST = 1093
2026-04-06 00:27:57,694 -   --- Pairwise Iter 13 (còn 432s) ---
2026-04-06 00:31:29,279 -     [P4.2] Pair (4,7) giảm 65 -> BEST = 1028
2026-04-06 00:31:29,586 -   --- Pairwise Iter 14 (còn 221s) ---
2026-04-06 00:33:41,092 -     [P4.2] Pair (0,4) giảm 6 -> BEST = 1022
2026-04-06 00:33:41,248 -   --- Pairwise Iter 15 (còn 89s) ---
2026-04-06 00:35:08,181 -     -> Đã đạt cực trị toàn cục cho mọi cặp dưới ngưỡng. KẾT THÚC CHẶNG 4.
2026-04-06 00:35:08,181 - Hoàn thành trong 1198.0s. Final Cost: 1022
2026-04-06 00:35:08,182 - ======================================================================
2026-04-06 00:35:08,182 - BÁO CÁO TỔNG KẾT (SUMMARY)
2026-04-06 00:35:08,182 - ======================================================================
2026-04-06 00:35:08,182 -   1. Chi phí Clarke-Wright:     1388
2026-04-06 00:35:08,182 -   2. Chi phí sau Gurobi MIP:    1022
2026-04-06 00:35:08,182 -   => TỔNG CẢI THIỆN:            366
2026-04-06 00:35:08,182 -   => Số lần Gurobi Single cải thiện  : 8 lần
2026-04-06 00:35:08,182 -   => Số lần Gurobi Pairwise cải thiện: 14 lần
2026-04-06 00:35:08,182 -   => TỔNG THỜI GIAN CHẠY:       1198.030s
2026-04-06 00:35:08,183 - ======================================================================
2026-04-06 00:35:08,183 - GUROBI MIP SOLVER  |  FILE: B-n66-k9.vrp
2026-04-06 00:35:08,183 - ======================================================================
2026-04-06 00:35:08,190 - Thông tin dữ liệu: Dimension=66, K=9, Capacity=100
2026-04-06 00:35:08,190 - --- Step 1: Clarke-Wright Heuristic ---
2026-04-06 00:35:08,193 -   Kết quả CW: Cost = 1540, Time = 0.003s
2026-04-06 00:35:08,193 - --- Step 2: Advanced Optimization (Gurobi MIP) ---
2026-04-06 00:35:08,193 - =========================================
2026-04-06 00:35:08,193 - BẮT ĐẦU OPTIMIZE  (100% Gurobi MIP)
2026-04-06 00:35:08,193 -  -> Max Single Size  : 20
2026-04-06 00:35:08,193 -  -> Single Timeout   : 40.0s
2026-04-06 00:35:08,194 -  -> Max Pairwise Size: 22
2026-04-06 00:35:08,194 -  -> Pairwise Timeout : 58.666666666666664s
2026-04-06 00:35:08,194 -  -> Global Timeout   : 1200.0s
2026-04-06 00:35:08,194 -  -> Chi phí khởi điểm: 1540
2026-04-06 00:35:08,194 - =========================================
2026-04-06 00:35:08,194 - === BẮT ĐẦU CHẶNG 4: GUROBI MIP CHÍNH XÁC | Cost: 1540 ===
2026-04-06 00:35:08,194 -   [GĐ 4.1] Giải bài toán TSP trên từng tuyến đơn...
2026-04-06 00:35:08,827 -     -> Single Gurobi cải thiện: 134. Cost mới: 1406
2026-04-06 00:35:08,827 -   [GĐ 4.2] Xét từng cặp tuyến để phân bổ lại khách hàng...
2026-04-06 00:35:08,827 -   --- Pairwise Iter 1 (còn 1199s) ---
2026-04-06 00:36:07,538 -     [P4.2] Pair (1,5) giảm 10 -> BEST = 1396
2026-04-06 00:36:07,835 -   --- Pairwise Iter 2 (còn 1140s) ---
2026-04-06 00:37:06,550 -     [P4.2] Pair (5,7) giảm 1 -> BEST = 1395
2026-04-06 00:37:06,665 -   --- Pairwise Iter 3 (còn 1082s) ---
2026-04-06 00:39:04,076 -     [P4.2] Pair (1,4) giảm 4 -> BEST = 1391
2026-04-06 00:39:04,171 -   --- Pairwise Iter 4 (còn 964s) ---
2026-04-06 00:42:00,299 -     [P4.2] Pair (2,7) giảm 1 -> BEST = 1390
2026-04-06 00:42:01,050 -   --- Pairwise Iter 5 (còn 787s) ---
2026-04-06 00:44:57,180 -     [P4.2] Pair (2,7) giảm 2 -> BEST = 1388
2026-04-06 00:44:57,365 -   --- Pairwise Iter 6 (còn 611s) ---
