2026-05-16 09:16:43,604 - ======================================================================
2026-05-16 09:16:43,605 - GUROBI MIP SOLVER  |  FILE: F-n45-k4.vrp
2026-05-16 09:16:43,605 - ======================================================================
2026-05-16 09:16:43,605 - Thông tin dữ liệu: Dimension=45, K=4, Capacity=2010
2026-05-16 09:16:43,605 - --- Step 1: Clarke-Wright Heuristic ---
2026-05-16 09:16:43,607 -   Kết quả CW: Cost = 956, Time = 0.001s
2026-05-16 09:16:43,607 - --- Step 2: Advanced Optimization (Gurobi MIP) ---
2026-05-16 09:16:43,607 - =========================================
2026-05-16 09:16:43,607 - BẮT ĐẦU OPTIMIZE  (100% Gurobi MIP)
2026-05-16 09:16:43,607 -  -> Max Single Size  : 22
2026-05-16 09:16:43,607 -  -> Single Timeout   : 40.0s
2026-05-16 09:16:43,607 -  -> Max Pairwise Size: 28
2026-05-16 09:16:43,607 -  -> Pairwise Timeout : 102.0s
2026-05-16 09:16:43,607 -  -> Global Timeout   : 1200.0s
2026-05-16 09:16:43,607 -  -> Chi phí khởi điểm: 956
2026-05-16 09:16:43,607 - =========================================
2026-05-16 09:16:43,607 - === BẮT ĐẦU CHẶNG 4: GUROBI MIP CHÍNH XÁC | Cost: 956 ===
2026-05-16 09:16:43,608 -   [GĐ 4.1] Giải bài toán TSP trên từng tuyến đơn...
2026-05-16 09:16:45,225 -     -> Single Gurobi cải thiện: 82. Cost mới: 874
2026-05-16 09:16:45,225 -   [GĐ 4.2] Xét từng cặp tuyến để phân bổ lại khách hàng...
2026-05-16 09:16:45,225 -   --- Pairwise Iter 1 (còn 1198s) ---
2026-05-16 09:18:27,295 -     [P4.2] Pair (1,2) giảm 36 -> BEST = 838
2026-05-16 09:18:27,905 -   --- Pairwise Iter 2 (còn 1096s) ---
2026-05-16 09:20:09,958 -     [P4.2] Pair (1,2) giảm 9 -> BEST = 829
2026-05-16 09:20:10,538 -   --- Pairwise Iter 3 (còn 993s) ---
2026-05-16 09:23:08,931 -     [P4.2] Pair (0,1) giảm 37 -> BEST = 792
2026-05-16 09:23:09,268 -   --- Pairwise Iter 4 (còn 814s) ---
2026-05-16 09:27:28,700 -     [P4.2] Pair (0,3) giảm 64 -> BEST = 728
2026-05-16 09:27:29,118 -   --- Pairwise Iter 5 (còn 554s) ---
2026-05-16 09:36:41,651 -     -> Đã đạt cực trị toàn cục cho mọi cặp dưới ngưỡng. KẾT THÚC CHẶNG 4.
2026-05-16 09:36:41,651 - Hoàn thành trong 1198.0s. Final Cost: 728
2026-05-16 09:36:41,651 - ======================================================================
2026-05-16 09:36:41,651 - BÁO CÁO TỔNG KẾT (SUMMARY)
2026-05-16 09:36:41,651 - ======================================================================
2026-05-16 09:36:41,651 -   1. Chi phí Clarke-Wright:     956
2026-05-16 09:36:41,651 -   2. Chi phí sau Gurobi MIP:    728
2026-05-16 09:36:41,651 -   => TỔNG CẢI THIỆN:            228
2026-05-16 09:36:41,651 -   => Số lần Gurobi Single cải thiện  : 4 lần
2026-05-16 09:36:41,651 -   => Số lần Gurobi Pairwise cải thiện: 4 lần
2026-05-16 09:36:41,651 -   => TỔNG THỜI GIAN CHẠY:       1198.046s
2026-05-16 09:36:41,652 - ======================================================================
2026-05-16 09:36:41,652 - GUROBI MIP SOLVER  |  FILE: F-n72-k4.vrp
2026-05-16 09:36:41,652 - ======================================================================
2026-05-16 09:36:41,654 - Thông tin dữ liệu: Dimension=72, K=4, Capacity=30000
2026-05-16 09:36:41,654 - --- Step 1: Clarke-Wright Heuristic ---
2026-05-16 09:36:41,659 -   Kết quả CW: Cost = 353, Time = 0.004s
2026-05-16 09:36:41,659 - --- Step 2: Advanced Optimization (Gurobi MIP) ---
2026-05-16 09:36:41,659 - =========================================
2026-05-16 09:36:41,659 - BẮT ĐẦU OPTIMIZE  (100% Gurobi MIP)
2026-05-16 09:36:41,659 -  -> Max Single Size  : 35
2026-05-16 09:36:41,659 -  -> Single Timeout   : 40.0s
2026-05-16 09:36:41,659 -  -> Max Pairwise Size: 28
2026-05-16 09:36:41,659 -  -> Pairwise Timeout : 120.0s
2026-05-16 09:36:41,659 -  -> Global Timeout   : 1200.0s
2026-05-16 09:36:41,659 -  -> Chi phí khởi điểm: 353
2026-05-16 09:36:41,659 - =========================================
2026-05-16 09:36:41,659 - === BẮT ĐẦU CHẶNG 4: GUROBI MIP CHÍNH XÁC | Cost: 353 ===
2026-05-16 09:36:41,659 -   [GĐ 4.1] Giải bài toán TSP trên từng tuyến đơn...
2026-05-16 09:38:05,126 -     -> Single Gurobi cải thiện: 70. Cost mới: 283
2026-05-16 09:38:05,126 -   [GĐ 4.2] Xét từng cặp tuyến để phân bổ lại khách hàng...
2026-05-16 09:38:05,126 -   --- Pairwise Iter 1 (còn 1117s) ---
2026-05-16 09:40:05,210 -     [P4.2] Pair (0,1) giảm 4 -> BEST = 279
2026-05-16 09:40:45,276 -   --- Pairwise Iter 2 (còn 956s) ---
2026-05-16 09:44:53,819 -     -> Đã đạt cực trị toàn cục cho mọi cặp dưới ngưỡng. KẾT THÚC CHẶNG 4.
2026-05-16 09:44:53,819 - Hoàn thành trong 492.2s. Final Cost: 279
2026-05-16 09:44:53,819 - ======================================================================
2026-05-16 09:44:53,819 - BÁO CÁO TỔNG KẾT (SUMMARY)
2026-05-16 09:44:53,819 - ======================================================================
2026-05-16 09:44:53,819 -   1. Chi phí Clarke-Wright:     353
2026-05-16 09:44:53,819 -   2. Chi phí sau Gurobi MIP:    279
2026-05-16 09:44:53,819 -   => TỔNG CẢI THIỆN:            74
2026-05-16 09:44:53,819 -   => Số lần Gurobi Single cải thiện  : 3 lần
2026-05-16 09:44:53,820 -   => Số lần Gurobi Pairwise cải thiện: 1 lần
2026-05-16 09:44:53,820 -   => TỔNG THỜI GIAN CHẠY:       492.165s
2026-05-16 09:44:53,820 - ======================================================================
2026-05-16 09:44:53,820 - GUROBI MIP SOLVER  |  FILE: F-n135-k7.vrp
2026-05-16 09:44:53,820 - ======================================================================
2026-05-16 09:44:53,827 - Thông tin dữ liệu: Dimension=135, K=7, Capacity=2210
2026-05-16 09:44:53,827 - --- Step 1: Clarke-Wright Heuristic ---
2026-05-16 09:44:53,847 -   Kết quả CW: Cost = 1558, Time = 0.020s
2026-05-16 09:44:53,847 - --- Step 2: Advanced Optimization (Gurobi MIP) ---
2026-05-16 09:44:53,847 - =========================================
2026-05-16 09:44:53,847 - BẮT ĐẦU OPTIMIZE  (100% Gurobi MIP)
2026-05-16 09:44:53,848 -  -> Max Single Size  : 35
2026-05-16 09:44:53,848 -  -> Single Timeout   : 40.0s
2026-05-16 09:44:53,848 -  -> Max Pairwise Size: 28
2026-05-16 09:44:53,848 -  -> Pairwise Timeout : 120.0s
2026-05-16 09:44:53,848 -  -> Global Timeout   : 1200.0s
2026-05-16 09:44:53,848 -  -> Chi phí khởi điểm: 1558
2026-05-16 09:44:53,848 - =========================================
2026-05-16 09:44:53,848 - === BẮT ĐẦU CHẶNG 4: GUROBI MIP CHÍNH XÁC | Cost: 1558 ===
2026-05-16 09:44:53,848 -   [GĐ 4.1] Giải bài toán TSP trên từng tuyến đơn...
2026-05-16 09:47:38,182 -     -> Single Gurobi cải thiện: 289. Cost mới: 1269
2026-05-16 09:47:38,182 -   [GĐ 4.2] Xét từng cặp tuyến để phân bổ lại khách hàng...
2026-05-16 09:47:38,183 -   --- Pairwise Iter 1 (còn 1036s) ---
2026-05-16 09:56:00,721 -     -> Đã đạt cực trị toàn cục cho mọi cặp dưới ngưỡng. KẾT THÚC CHẶNG 4.
2026-05-16 09:56:00,722 - Hoàn thành trong 666.9s. Final Cost: 1269
2026-05-16 09:56:00,722 - ======================================================================
2026-05-16 09:56:00,722 - BÁO CÁO TỔNG KẾT (SUMMARY)
2026-05-16 09:56:00,722 - ======================================================================
2026-05-16 09:56:00,722 -   1. Chi phí Clarke-Wright:     1558
2026-05-16 09:56:00,722 -   2. Chi phí sau Gurobi MIP:    1269
2026-05-16 09:56:00,722 -   => TỔNG CẢI THIỆN:            289
2026-05-16 09:56:00,722 -   => Số lần Gurobi Single cải thiện  : 7 lần
2026-05-16 09:56:00,722 -   => Số lần Gurobi Pairwise cải thiện: 0 lần
2026-05-16 09:56:00,722 -   => TỔNG THỜI GIAN CHẠY:       666.895s
