2026-04-13 02:58:53,184 - ======================================================================
2026-04-13 02:58:53,184 - GUROBI MIP SOLVER  |  FILE: E-n13-k4.vrp
2026-04-13 02:58:53,184 - ======================================================================
2026-04-13 02:58:53,185 - Thông tin dữ liệu: Dimension=13, K=4, Capacity=6000
2026-04-13 02:58:53,185 - --- Step 1: Clarke-Wright Heuristic ---
2026-04-13 02:58:53,185 -   Kết quả CW: Cost = 368, Time = 0.000s
2026-04-13 02:58:53,185 - --- Step 2: Advanced Optimization (Gurobi MIP) ---
2026-04-13 02:58:53,185 - =========================================
2026-04-13 02:58:53,185 - BẮT ĐẦU OPTIMIZE  (100% Gurobi MIP)
2026-04-13 02:58:53,185 -  -> Max Single Size  : 20
2026-04-13 02:58:53,185 -  -> Single Timeout   : 40.0s
2026-04-13 02:58:53,185 -  -> Max Pairwise Size: 16
2026-04-13 02:58:53,185 -  -> Pairwise Timeout : 30.0s
2026-04-13 02:58:53,185 -  -> Global Timeout   : 1600.0s
2026-04-13 02:58:53,185 -  -> Chi phí khởi điểm: 368
2026-04-13 02:58:53,186 - =========================================
2026-04-13 02:58:53,186 - === BẮT ĐẦU CHẶNG 4: GUROBI MIP CHÍNH XÁC | Cost: 368 ===
2026-04-13 02:58:53,186 -   [GĐ 4.1] Giải bài toán TSP trên từng tuyến đơn...
2026-04-13 02:58:53,249 -     -> Single Gurobi cải thiện: 22. Cost mới: 346
2026-04-13 02:58:53,249 -   [GĐ 4.2] Xét từng cặp tuyến để phân bổ lại khách hàng...
2026-04-13 02:58:53,249 -   --- Pairwise Iter 1 (còn 1600s) ---
2026-04-13 02:58:53,301 -     [P4.2] Pair (0,2) giảm 5 -> BEST = 341
2026-04-13 02:58:53,313 -   --- Pairwise Iter 2 (còn 1600s) ---
2026-04-13 02:58:53,390 -     [P4.2] Pair (0,3) giảm 5 -> BEST = 336
2026-04-13 02:58:53,402 -   --- Pairwise Iter 3 (còn 1600s) ---
2026-04-13 02:58:53,516 -     [P4.2] Pair (2,3) giảm 17 -> BEST = 319
2026-04-13 02:58:53,540 -   --- Pairwise Iter 4 (còn 1600s) ---
2026-04-13 02:58:53,816 -     [P4.2] Pair (1,3) giảm 43 -> BEST = 276
2026-04-13 02:58:53,840 -   --- Pairwise Iter 5 (còn 1599s) ---
2026-04-13 02:58:53,933 -     [P4.2] Pair (1,2) giảm 1 -> BEST = 275
2026-04-13 02:58:53,958 -   --- Pairwise Iter 6 (còn 1599s) ---
2026-04-13 02:58:54,270 -     [P4.2] Pair (0,3) giảm 19 -> BEST = 256
2026-04-13 02:58:54,282 -   --- Pairwise Iter 7 (còn 1599s) ---
2026-04-13 02:58:54,500 -     [P4.2] Pair (0,2) giảm 6 -> BEST = 250
2026-04-13 02:58:54,524 -   --- Pairwise Iter 8 (còn 1599s) ---
2026-04-13 02:58:54,702 -     [P4.2] Pair (0,1) giảm 3 -> BEST = 247
2026-04-13 02:58:54,726 -   --- Pairwise Iter 9 (còn 1598s) ---
2026-04-13 02:58:54,959 -     -> Đã đạt cực trị toàn cục cho mọi cặp dưới ngưỡng. KẾT THÚC CHẶNG 4.
2026-04-13 02:58:54,960 - Hoàn thành trong 1.8s. Final Cost: 247
2026-04-13 02:58:54,960 - ======================================================================
2026-04-13 02:58:54,960 - BÁO CÁO TỔNG KẾT (SUMMARY)
2026-04-13 02:58:54,960 - ======================================================================
2026-04-13 02:58:54,960 -   1. Chi phí Clarke-Wright:     368
2026-04-13 02:58:54,960 -   2. Chi phí sau Gurobi MIP:    247
2026-04-13 02:58:54,960 -   => TỔNG CẢI THIỆN:            121
2026-04-13 02:58:54,960 -   => Số lần Gurobi Single cải thiện  : 1 lần
2026-04-13 02:58:54,960 -   => Số lần Gurobi Pairwise cải thiện: 8 lần
2026-04-13 02:58:54,960 -   => TỔNG THỜI GIAN CHẠY:       1.775s
2026-04-13 02:58:54,961 - ======================================================================
2026-04-13 02:58:54,961 - GUROBI MIP SOLVER  |  FILE: E-n22-k4.vrp
2026-04-13 02:58:54,961 - ======================================================================
2026-04-13 02:58:54,962 - Thông tin dữ liệu: Dimension=22, K=4, Capacity=6000
2026-04-13 02:58:54,962 - --- Step 1: Clarke-Wright Heuristic ---
2026-04-13 02:58:54,963 -   Kết quả CW: Cost = 544, Time = 0.000s
2026-04-13 02:58:54,963 - --- Step 2: Advanced Optimization (Gurobi MIP) ---
2026-04-13 02:58:54,963 - =========================================
2026-04-13 02:58:54,963 - BẮT ĐẦU OPTIMIZE  (100% Gurobi MIP)
2026-04-13 02:58:54,963 -  -> Max Single Size  : 20
2026-04-13 02:58:54,963 -  -> Single Timeout   : 40.0s
2026-04-13 02:58:54,963 -  -> Max Pairwise Size: 16
2026-04-13 02:58:54,963 -  -> Pairwise Timeout : 50.0s
2026-04-13 02:58:54,963 -  -> Global Timeout   : 1600.0s
2026-04-13 02:58:54,963 -  -> Chi phí khởi điểm: 544
2026-04-13 02:58:54,963 - =========================================
2026-04-13 02:58:54,963 - === BẮT ĐẦU CHẶNG 4: GUROBI MIP CHÍNH XÁC | Cost: 544 ===
2026-04-13 02:58:54,963 -   [GĐ 4.1] Giải bài toán TSP trên từng tuyến đơn...
2026-04-13 02:58:55,034 -     -> Single Gurobi cải thiện: 59. Cost mới: 485
2026-04-13 02:58:55,034 -   [GĐ 4.2] Xét từng cặp tuyến để phân bổ lại khách hàng...
2026-04-13 02:58:55,034 -   --- Pairwise Iter 1 (còn 1600s) ---
2026-04-13 02:58:58,966 -     [P4.2] Pair (0,2) giảm 46 -> BEST = 439
2026-04-13 02:58:58,990 -   --- Pairwise Iter 2 (còn 1596s) ---
2026-04-13 02:59:01,177 -     [P4.2] Pair (0,3) giảm 1 -> BEST = 438
2026-04-13 02:59:01,202 -   --- Pairwise Iter 3 (còn 1594s) ---
2026-04-13 02:59:02,022 -     [P4.2] Pair (0,1) giảm 12 -> BEST = 426
2026-04-13 02:59:02,049 -   --- Pairwise Iter 4 (còn 1593s) ---
2026-04-13 02:59:02,777 -     [P4.2] Pair (0,2) giảm 43 -> BEST = 383
2026-04-13 02:59:02,802 -   --- Pairwise Iter 5 (còn 1592s) ---
2026-04-13 02:59:03,885 -     [P4.2] Pair (1,3) giảm 8 -> BEST = 375
2026-04-13 02:59:03,910 -   --- Pairwise Iter 6 (còn 1591s) ---
2026-04-13 02:59:05,737 -     -> Đã đạt cực trị toàn cục cho mọi cặp dưới ngưỡng. KẾT THÚC CHẶNG 4.
2026-04-13 02:59:05,738 - Hoàn thành trong 10.8s. Final Cost: 375
2026-04-13 02:59:05,738 - ======================================================================
2026-04-13 02:59:05,738 - BÁO CÁO TỔNG KẾT (SUMMARY)
2026-04-13 02:59:05,738 - ======================================================================
2026-04-13 02:59:05,738 -   1. Chi phí Clarke-Wright:     544
2026-04-13 02:59:05,738 -   2. Chi phí sau Gurobi MIP:    375
2026-04-13 02:59:05,738 -   => TỔNG CẢI THIỆN:            169
2026-04-13 02:59:05,738 -   => Số lần Gurobi Single cải thiện  : 3 lần
2026-04-13 02:59:05,738 -   => Số lần Gurobi Pairwise cải thiện: 5 lần
2026-04-13 02:59:05,738 -   => TỔNG THỜI GIAN CHẠY:       10.775s
2026-04-13 02:59:05,739 - ======================================================================
2026-04-13 02:59:05,739 - GUROBI MIP SOLVER  |  FILE: E-n23-k3.vrp
2026-04-13 02:59:05,739 - ======================================================================
2026-04-13 02:59:05,740 - Thông tin dữ liệu: Dimension=23, K=3, Capacity=4500
2026-04-13 02:59:05,740 - --- Step 1: Clarke-Wright Heuristic ---
2026-04-13 02:59:05,741 -   Kết quả CW: Cost = 741, Time = 0.000s
2026-04-13 02:59:05,741 - --- Step 2: Advanced Optimization (Gurobi MIP) ---
2026-04-13 02:59:05,741 - =========================================
2026-04-13 02:59:05,741 - BẮT ĐẦU OPTIMIZE  (100% Gurobi MIP)
2026-04-13 02:59:05,741 -  -> Max Single Size  : 20
2026-04-13 02:59:05,741 -  -> Single Timeout   : 40.0s
2026-04-13 02:59:05,741 -  -> Max Pairwise Size: 23
2026-04-13 02:59:05,741 -  -> Pairwise Timeout : 69.0s
2026-04-13 02:59:05,741 -  -> Global Timeout   : 1600.0s
2026-04-13 02:59:05,741 -  -> Chi phí khởi điểm: 741
2026-04-13 02:59:05,741 - =========================================
2026-04-13 02:59:05,741 - === BẮT ĐẦU CHẶNG 4: GUROBI MIP CHÍNH XÁC | Cost: 741 ===
2026-04-13 02:59:05,741 -   [GĐ 4.1] Giải bài toán TSP trên từng tuyến đơn...
2026-04-13 02:59:05,797 -     -> Single Gurobi cải thiện: 172. Cost mới: 569
2026-04-13 02:59:05,798 -   [GĐ 4.2] Xét từng cặp tuyến để phân bổ lại khách hàng...
2026-04-13 02:59:05,798 -   --- Pairwise Iter 1 (còn 1600s) ---
2026-04-13 02:59:08,830 -     -> Đã đạt cực trị toàn cục cho mọi cặp dưới ngưỡng. KẾT THÚC CHẶNG 4.
2026-04-13 02:59:08,830 - Hoàn thành trong 3.1s. Final Cost: 569
2026-04-13 02:59:08,830 - ======================================================================
2026-04-13 02:59:08,831 - BÁO CÁO TỔNG KẾT (SUMMARY)
2026-04-13 02:59:08,831 - ======================================================================
2026-04-13 02:59:08,831 -   1. Chi phí Clarke-Wright:     741
2026-04-13 02:59:08,831 -   2. Chi phí sau Gurobi MIP:    569
2026-04-13 02:59:08,831 -   => TỔNG CẢI THIỆN:            172
2026-04-13 02:59:08,831 -   => Số lần Gurobi Single cải thiện  : 2 lần
2026-04-13 02:59:08,831 -   => Số lần Gurobi Pairwise cải thiện: 0 lần
2026-04-13 02:59:08,831 -   => TỔNG THỜI GIAN CHẠY:       3.090s
2026-04-13 02:59:08,835 - ======================================================================
2026-04-13 02:59:08,835 - GUROBI MIP SOLVER  |  FILE: E-n30-k3.vrp
2026-04-13 02:59:08,835 - ======================================================================
2026-04-13 02:59:08,837 - Thông tin dữ liệu: Dimension=30, K=3, Capacity=4500
2026-04-13 02:59:08,837 - --- Step 1: Clarke-Wright Heuristic ---
2026-04-13 02:59:08,838 -   Kết quả CW: Cost = 642, Time = 0.001s
2026-04-13 02:59:08,838 - --- Step 2: Advanced Optimization (Gurobi MIP) ---
2026-04-13 02:59:08,838 - =========================================
2026-04-13 02:59:08,838 - BẮT ĐẦU OPTIMIZE  (100% Gurobi MIP)
2026-04-13 02:59:08,838 -  -> Max Single Size  : 20
2026-04-13 02:59:08,838 -  -> Single Timeout   : 40.0s
2026-04-13 02:59:08,838 -  -> Max Pairwise Size: 28
2026-04-13 02:59:08,839 -  -> Pairwise Timeout : 90.0s
2026-04-13 02:59:08,839 -  -> Global Timeout   : 1600.0s
2026-04-13 02:59:08,839 -  -> Chi phí khởi điểm: 642
2026-04-13 02:59:08,839 - =========================================
2026-04-13 02:59:08,839 - === BẮT ĐẦU CHẶNG 4: GUROBI MIP CHÍNH XÁC | Cost: 642 ===
2026-04-13 02:59:08,839 -   [GĐ 4.1] Giải bài toán TSP trên từng tuyến đơn...
2026-04-13 02:59:11,507 -     -> Single Gurobi cải thiện: 72. Cost mới: 570
2026-04-13 02:59:11,507 -   [GĐ 4.2] Xét từng cặp tuyến để phân bổ lại khách hàng...
2026-04-13 02:59:11,507 -   --- Pairwise Iter 1 (còn 1597s) ---
2026-04-13 03:00:41,571 -     [P4.2] Pair (1,2) giảm 3 -> BEST = 567
2026-04-13 03:00:44,833 -   --- Pairwise Iter 2 (còn 1504s) ---
2026-04-13 03:03:45,051 -     [P4.2] Pair (0,1) giảm 30 -> BEST = 537
2026-04-13 03:03:45,882 -   --- Pairwise Iter 3 (còn 1323s) ---
2026-04-13 03:08:16,051 -     -> Đã đạt cực trị toàn cục cho mọi cặp dưới ngưỡng. KẾT THÚC CHẶNG 4.
2026-04-13 03:08:16,051 - Hoàn thành trong 547.2s. Final Cost: 537
2026-04-13 03:08:16,051 - ======================================================================
2026-04-13 03:08:16,051 - BÁO CÁO TỔNG KẾT (SUMMARY)
2026-04-13 03:08:16,051 - ======================================================================
2026-04-13 03:08:16,051 -   1. Chi phí Clarke-Wright:     642
2026-04-13 03:08:16,051 -   2. Chi phí sau Gurobi MIP:    537
2026-04-13 03:08:16,051 -   => TỔNG CẢI THIỆN:            105
2026-04-13 03:08:16,051 -   => Số lần Gurobi Single cải thiện  : 3 lần
2026-04-13 03:08:16,051 -   => Số lần Gurobi Pairwise cải thiện: 2 lần
2026-04-13 03:08:16,051 -   => TỔNG THỜI GIAN CHẠY:       547.213s
2026-04-13 03:08:16,055 - ======================================================================
2026-04-13 03:08:16,056 - GUROBI MIP SOLVER  |  FILE: E-n31-k7.vrp
2026-04-13 03:08:16,056 - ======================================================================
2026-04-13 03:08:16,059 - Thông tin dữ liệu: Dimension=31, K=7, Capacity=140
2026-04-13 03:08:16,060 - --- Step 1: Clarke-Wright Heuristic ---
2026-04-13 03:08:16,060 -   Kết quả CW: Cost = 843, Time = 0.001s
2026-04-13 03:08:16,061 - --- Step 2: Advanced Optimization (Gurobi MIP) ---
2026-04-13 03:08:16,061 - =========================================
2026-04-13 03:08:16,061 - BẮT ĐẦU OPTIMIZE  (100% Gurobi MIP)
2026-04-13 03:08:16,061 -  -> Max Single Size  : 20
2026-04-13 03:08:16,061 -  -> Single Timeout   : 40.0s
2026-04-13 03:08:16,061 -  -> Max Pairwise Size: 16
2026-04-13 03:08:16,061 -  -> Pairwise Timeout : 40.0s
2026-04-13 03:08:16,061 -  -> Global Timeout   : 1600.0s
2026-04-13 03:08:16,061 -  -> Chi phí khởi điểm: 843
2026-04-13 03:08:16,061 - =========================================
2026-04-13 03:08:16,061 - === BẮT ĐẦU CHẶNG 4: GUROBI MIP CHÍNH XÁC | Cost: 843 ===
2026-04-13 03:08:16,061 -   [GĐ 4.1] Giải bài toán TSP trên từng tuyến đơn...
2026-04-13 03:08:16,145 -     -> Single Gurobi cải thiện: 203. Cost mới: 640
2026-04-13 03:08:16,146 -   [GĐ 4.2] Xét từng cặp tuyến để phân bổ lại khách hàng...
2026-04-13 03:08:16,146 -   --- Pairwise Iter 1 (còn 1600s) ---
2026-04-13 03:08:16,158 -     [P4.2] Pair (1,6) giảm 6 -> BEST = 634
2026-04-13 03:08:16,170 -   --- Pairwise Iter 2 (còn 1600s) ---
2026-04-13 03:08:16,213 -     [P4.2] Pair (2,5) giảm 80 -> BEST = 554
2026-04-13 03:08:16,237 -   --- Pairwise Iter 3 (còn 1600s) ---
2026-04-13 03:08:16,350 -     [P4.2] Pair (0,1) giảm 46 -> BEST = 508
2026-04-13 03:08:16,375 -   --- Pairwise Iter 4 (còn 1600s) ---
2026-04-13 03:08:16,674 -     [P4.2] Pair (0,5) giảm 13 -> BEST = 495
2026-04-13 03:08:16,698 -   --- Pairwise Iter 5 (còn 1599s) ---
2026-04-13 03:08:16,781 -     [P4.2] Pair (0,1) giảm 19 -> BEST = 476
2026-04-13 03:08:16,805 -   --- Pairwise Iter 6 (còn 1599s) ---
2026-04-13 03:08:17,195 -     [P4.2] Pair (0,3) giảm 27 -> BEST = 449
2026-04-13 03:08:17,219 -   --- Pairwise Iter 7 (còn 1599s) ---
2026-04-13 03:08:17,453 -     [P4.2] Pair (1,3) giảm 11 -> BEST = 438
2026-04-13 03:08:17,478 -   --- Pairwise Iter 8 (còn 1599s) ---
2026-04-13 03:08:18,347 -     [P4.2] Pair (1,4) giảm 3 -> BEST = 435
2026-04-13 03:08:18,371 -   --- Pairwise Iter 9 (còn 1598s) ---
2026-04-13 03:08:18,686 -     [P4.2] Pair (3,4) giảm 2 -> BEST = 433
2026-04-13 03:08:18,710 -   --- Pairwise Iter 10 (còn 1597s) ---
2026-04-13 03:08:19,392 -     [P4.2] Pair (1,4) giảm 12 -> BEST = 421
2026-04-13 03:08:19,437 -   --- Pairwise Iter 11 (còn 1597s) ---
2026-04-13 03:08:20,487 -     [P4.2] Pair (1,3) giảm 3 -> BEST = 418
2026-04-13 03:08:20,512 -   --- Pairwise Iter 12 (còn 1596s) ---
2026-04-13 03:08:21,766 -     [P4.2] Pair (0,3) giảm 12 -> BEST = 406
2026-04-13 03:08:21,791 -   --- Pairwise Iter 13 (còn 1594s) ---
2026-04-13 03:08:22,321 -     [P4.2] Pair (0,1) giảm 6 -> BEST = 400
2026-04-13 03:08:22,345 -   --- Pairwise Iter 14 (còn 1594s) ---
2026-04-13 03:08:23,527 -     [P4.2] Pair (1,5) giảm 1 -> BEST = 399
2026-04-13 03:08:23,552 -   --- Pairwise Iter 15 (còn 1593s) ---
2026-04-13 03:08:23,980 -     [P4.2] Pair (0,1) giảm 8 -> BEST = 391
2026-04-13 03:08:24,004 -   --- Pairwise Iter 16 (còn 1592s) ---
2026-04-13 03:08:25,983 -     -> Đã đạt cực trị toàn cục cho mọi cặp dưới ngưỡng. KẾT THÚC CHẶNG 4.
2026-04-13 03:08:25,983 - Hoàn thành trong 9.9s. Final Cost: 391
2026-04-13 03:08:25,983 - ======================================================================
2026-04-13 03:08:25,983 - BÁO CÁO TỔNG KẾT (SUMMARY)
2026-04-13 03:08:25,983 - ======================================================================
2026-04-13 03:08:25,983 -   1. Chi phí Clarke-Wright:     843
2026-04-13 03:08:25,983 -   2. Chi phí sau Gurobi MIP:    391
2026-04-13 03:08:25,983 -   => TỔNG CẢI THIỆN:            452
2026-04-13 03:08:25,983 -   => Số lần Gurobi Single cải thiện  : 4 lần
2026-04-13 03:08:25,983 -   => Số lần Gurobi Pairwise cải thiện: 15 lần
2026-04-13 03:08:25,983 -   => TỔNG THỜI GIAN CHẠY:       9.923s
2026-04-13 03:08:25,987 - ======================================================================
2026-04-13 03:08:25,987 - GUROBI MIP SOLVER  |  FILE: E-n33-k4.vrp
2026-04-13 03:08:25,987 - ======================================================================
2026-04-13 03:08:25,989 - Thông tin dữ liệu: Dimension=33, K=4, Capacity=8000
2026-04-13 03:08:25,989 - --- Step 1: Clarke-Wright Heuristic ---
2026-04-13 03:08:25,990 -   Kết quả CW: Cost = 942, Time = 0.001s
2026-04-13 03:08:25,991 - --- Step 2: Advanced Optimization (Gurobi MIP) ---
2026-04-13 03:08:25,991 - =========================================
2026-04-13 03:08:25,991 - BẮT ĐẦU OPTIMIZE  (100% Gurobi MIP)
2026-04-13 03:08:25,991 -  -> Max Single Size  : 20
2026-04-13 03:08:25,991 -  -> Single Timeout   : 40.0s
2026-04-13 03:08:25,991 -  -> Max Pairwise Size: 24
2026-04-13 03:08:25,991 -  -> Pairwise Timeout : 75.0s
2026-04-13 03:08:25,991 -  -> Global Timeout   : 1600.0s
2026-04-13 03:08:25,991 -  -> Chi phí khởi điểm: 942
2026-04-13 03:08:25,991 - =========================================
2026-04-13 03:08:25,991 - === BẮT ĐẦU CHẶNG 4: GUROBI MIP CHÍNH XÁC | Cost: 942 ===
2026-04-13 03:08:25,991 -   [GĐ 4.1] Giải bài toán TSP trên từng tuyến đơn...
2026-04-13 03:09:19,305 -     -> Single Gurobi cải thiện: 47. Cost mới: 895
2026-04-13 03:09:19,305 -   [GĐ 4.2] Xét từng cặp tuyến để phân bổ lại khách hàng...
2026-04-13 03:09:19,309 -   --- Pairwise Iter 1 (còn 1547s) ---
2026-04-13 03:09:19,926 -     [P4.2] Pair (0,3) giảm 29 -> BEST = 866
2026-04-13 03:09:19,951 -   --- Pairwise Iter 2 (còn 1546s) ---
2026-04-13 03:10:35,563 -     [P4.2] Pair (0,2) giảm 24 -> BEST = 842
2026-04-13 03:10:58,681 -   --- Pairwise Iter 3 (còn 1447s) ---
2026-04-13 03:14:44,635 -     [P4.2] Pair (0,1) giảm 6 -> BEST = 836
2026-04-13 03:14:44,851 -   --- Pairwise Iter 4 (còn 1221s) ---
2026-04-13 03:18:06,310 -     -> Đã đạt cực trị toàn cục cho mọi cặp dưới ngưỡng. KẾT THÚC CHẶNG 4.
2026-04-13 03:18:06,310 - Hoàn thành trong 580.3s. Final Cost: 836
2026-04-13 03:18:06,310 - ======================================================================
2026-04-13 03:18:06,310 - BÁO CÁO TỔNG KẾT (SUMMARY)
2026-04-13 03:18:06,310 - ======================================================================
2026-04-13 03:18:06,310 -   1. Chi phí Clarke-Wright:     942
2026-04-13 03:18:06,310 -   2. Chi phí sau Gurobi MIP:    836
2026-04-13 03:18:06,310 -   => TỔNG CẢI THIỆN:            106
2026-04-13 03:18:06,311 -   => Số lần Gurobi Single cải thiện  : 4 lần
2026-04-13 03:18:06,311 -   => Số lần Gurobi Pairwise cải thiện: 3 lần
2026-04-13 03:18:06,311 -   => TỔNG THỜI GIAN CHẠY:       580.321s
2026-04-13 03:18:06,315 - ======================================================================
2026-04-13 03:18:06,315 - GUROBI MIP SOLVER  |  FILE: E-n51-k5.vrp
2026-04-13 03:18:06,315 - ======================================================================
2026-04-13 03:18:06,328 - Thông tin dữ liệu: Dimension=51, K=5, Capacity=160
2026-04-13 03:18:06,329 - --- Step 1: Clarke-Wright Heuristic ---
2026-04-13 03:18:06,331 -   Kết quả CW: Cost = 768, Time = 0.002s
2026-04-13 03:18:06,331 - --- Step 2: Advanced Optimization (Gurobi MIP) ---
2026-04-13 03:18:06,331 - =========================================
2026-04-13 03:18:06,331 - BẮT ĐẦU OPTIMIZE  (100% Gurobi MIP)
2026-04-13 03:18:06,331 -  -> Max Single Size  : 20
2026-04-13 03:18:06,331 -  -> Single Timeout   : 40.0s
2026-04-13 03:18:06,331 -  -> Max Pairwise Size: 28
2026-04-13 03:18:06,331 -  -> Pairwise Timeout : 92.0s
2026-04-13 03:18:06,331 -  -> Global Timeout   : 1600.0s
2026-04-13 03:18:06,331 -  -> Chi phí khởi điểm: 768
2026-04-13 03:18:06,331 - =========================================
2026-04-13 03:18:06,331 - === BẮT ĐẦU CHẶNG 4: GUROBI MIP CHÍNH XÁC | Cost: 768 ===
2026-04-13 03:18:06,331 -   [GĐ 4.1] Giải bài toán TSP trên từng tuyến đơn...
2026-04-13 03:18:06,553 -     -> Single Gurobi cải thiện: 131. Cost mới: 637
2026-04-13 03:18:06,554 -   [GĐ 4.2] Xét từng cặp tuyến để phân bổ lại khách hàng...
2026-04-13 03:18:06,554 -   --- Pairwise Iter 1 (còn 1600s) ---
2026-04-13 03:18:22,938 -     [P4.2] Pair (1,3) giảm 22 -> BEST = 615
2026-04-13 03:18:22,983 -   --- Pairwise Iter 2 (còn 1583s) ---
2026-04-13 03:20:03,755 -     [P4.2] Pair (0,4) giảm 8 -> BEST = 607
2026-04-13 03:20:03,900 -   --- Pairwise Iter 3 (còn 1482s) ---
2026-04-13 03:21:35,944 -     [P4.2] Pair (0,4) giảm 2 -> BEST = 605
2026-04-13 03:21:36,110 -   --- Pairwise Iter 4 (còn 1390s) ---
2026-04-13 03:24:28,963 -     [P4.2] Pair (0,3) giảm 38 -> BEST = 567
2026-04-13 03:24:29,169 -   --- Pairwise Iter 5 (còn 1217s) ---
2026-04-13 03:28:21,518 -     [P4.2] Pair (0,2) giảm 12 -> BEST = 555
2026-04-13 03:28:21,755 -   --- Pairwise Iter 6 (còn 985s) ---
2026-04-13 03:31:35,977 -     [P4.2] Pair (1,3) giảm 7 -> BEST = 548
2026-04-13 03:31:36,142 -   --- Pairwise Iter 7 (còn 790s) ---
2026-04-13 03:35:50,103 -     -> Đã đạt cực trị toàn cục cho mọi cặp dưới ngưỡng. KẾT THÚC CHẶNG 4.
2026-04-13 03:35:50,103 - Hoàn thành trong 1063.8s. Final Cost: 548
2026-04-13 03:35:50,103 - ======================================================================
2026-04-13 03:35:50,103 - BÁO CÁO TỔNG KẾT (SUMMARY)
2026-04-13 03:35:50,103 - ======================================================================
2026-04-13 03:35:50,103 -   1. Chi phí Clarke-Wright:     768
2026-04-13 03:35:50,103 -   2. Chi phí sau Gurobi MIP:    548
2026-04-13 03:35:50,103 -   => TỔNG CẢI THIỆN:            220
2026-04-13 03:35:50,103 -   => Số lần Gurobi Single cải thiện  : 5 lần
2026-04-13 03:35:50,103 -   => Số lần Gurobi Pairwise cải thiện: 6 lần
2026-04-13 03:35:50,103 -   => TỔNG THỜI GIAN CHẠY:       1063.775s
2026-04-13 03:35:50,105 - ======================================================================
2026-04-13 03:35:50,105 - GUROBI MIP SOLVER  |  FILE: E-n76-k14.vrp
2026-04-13 03:35:50,105 - ======================================================================
2026-04-13 03:35:50,114 - Thông tin dữ liệu: Dimension=76, K=14, Capacity=100
2026-04-13 03:35:50,114 - --- Step 1: Clarke-Wright Heuristic ---
2026-04-13 03:35:50,119 -   Kết quả CW: Cost = 1470, Time = 0.005s
2026-04-13 03:35:50,119 - --- Step 2: Advanced Optimization (Gurobi MIP) ---
2026-04-13 03:35:50,119 - =========================================
2026-04-13 03:35:50,120 - BẮT ĐẦU OPTIMIZE  (100% Gurobi MIP)
2026-04-13 03:35:50,120 -  -> Max Single Size  : 20
2026-04-13 03:35:50,120 -  -> Single Timeout   : 40.0s
2026-04-13 03:35:50,120 -  -> Max Pairwise Size: 16
2026-04-13 03:35:50,120 -  -> Pairwise Timeout : 49.0s
2026-04-13 03:35:50,120 -  -> Global Timeout   : 1600.0s
2026-04-13 03:35:50,120 -  -> Chi phí khởi điểm: 1470
2026-04-13 03:35:50,120 - =========================================
2026-04-13 03:35:50,120 - === BẮT ĐẦU CHẶNG 4: GUROBI MIP CHÍNH XÁC | Cost: 1470 ===
2026-04-13 03:35:50,120 -   [GĐ 4.1] Giải bài toán TSP trên từng tuyến đơn...
2026-04-13 03:35:50,390 -     -> Single Gurobi cải thiện: 81. Cost mới: 1389
2026-04-13 03:35:50,390 -   [GĐ 4.2] Xét từng cặp tuyến để phân bổ lại khách hàng...
2026-04-13 03:35:50,390 -   --- Pairwise Iter 1 (còn 1600s) ---
2026-04-13 03:35:50,756 -     [P4.2] Pair (6,9) giảm 5 -> BEST = 1384
2026-04-13 03:35:50,801 -   --- Pairwise Iter 2 (còn 1599s) ---
2026-04-13 03:35:52,493 -     [P4.2] Pair (0,1) giảm 20 -> BEST = 1364
2026-04-13 03:35:52,517 -   --- Pairwise Iter 3 (còn 1598s) ---
2026-04-13 03:35:54,313 -     [P4.2] Pair (0,6) giảm 25 -> BEST = 1339
2026-04-13 03:35:54,337 -   --- Pairwise Iter 4 (còn 1596s) ---
2026-04-13 03:35:54,582 -     [P4.2] Pair (6,9) giảm 17 -> BEST = 1322
2026-04-13 03:35:54,606 -   --- Pairwise Iter 5 (còn 1596s) ---
2026-04-13 03:35:55,885 -     [P4.2] Pair (0,1) giảm 7 -> BEST = 1315
2026-04-13 03:35:55,909 -   --- Pairwise Iter 6 (còn 1594s) ---
2026-04-13 03:35:57,703 -     [P4.2] Pair (2,4) giảm 56 -> BEST = 1259
2026-04-13 03:35:57,727 -   --- Pairwise Iter 7 (còn 1592s) ---
2026-04-13 03:36:00,544 -     [P4.2] Pair (5,6) giảm 19 -> BEST = 1240
2026-04-13 03:36:00,579 -   --- Pairwise Iter 8 (còn 1590s) ---
2026-04-13 03:36:04,698 -     [P4.2] Pair (5,7) giảm 12 -> BEST = 1228
2026-04-13 03:36:04,732 -   --- Pairwise Iter 9 (còn 1585s) ---
2026-04-13 03:36:08,580 -     [P4.2] Pair (5,9) giảm 6 -> BEST = 1222
2026-04-13 03:36:08,624 -   --- Pairwise Iter 10 (còn 1581s) ---
2026-04-13 03:36:09,990 -     [P4.2] Pair (1,5) giảm 11 -> BEST = 1211
2026-04-13 03:36:10,014 -   --- Pairwise Iter 11 (còn 1580s) ---
2026-04-13 03:36:12,545 -     [P4.2] Pair (0,1) giảm 4 -> BEST = 1207
2026-04-13 03:36:12,569 -   --- Pairwise Iter 12 (còn 1578s) ---
2026-04-13 03:36:15,972 -     [P4.2] Pair (5,9) giảm 1 -> BEST = 1206
2026-04-13 03:36:15,997 -   --- Pairwise Iter 13 (còn 1574s) ---
2026-04-13 03:36:19,957 -     [P4.2] Pair (7,9) giảm 1 -> BEST = 1205
2026-04-13 03:36:19,981 -   --- Pairwise Iter 14 (còn 1570s) ---
2026-04-13 03:36:23,547 -     [P4.2] Pair (5,7) giảm 5 -> BEST = 1200
2026-04-13 03:36:23,639 -   --- Pairwise Iter 15 (còn 1566s) ---
2026-04-13 03:36:26,839 -     [P4.2] Pair (7,9) giảm 4 -> BEST = 1196
2026-04-13 03:36:26,863 -   --- Pairwise Iter 16 (còn 1563s) ---
2026-04-13 03:36:34,568 -     [P4.2] Pair (1,5) giảm 3 -> BEST = 1193
2026-04-13 03:36:34,612 -   --- Pairwise Iter 17 (còn 1556s) ---
2026-04-13 03:36:39,516 -     [P4.2] Pair (2,5) giảm 18 -> BEST = 1175
2026-04-13 03:36:39,540 -   --- Pairwise Iter 18 (còn 1551s) ---
2026-04-13 03:36:42,232 -     [P4.2] Pair (0,5) giảm 3 -> BEST = 1172
2026-04-13 03:36:42,256 -   --- Pairwise Iter 19 (còn 1548s) ---
2026-04-13 03:36:45,310 -     [P4.2] Pair (0,1) giảm 1 -> BEST = 1171
2026-04-13 03:36:45,335 -   --- Pairwise Iter 20 (còn 1545s) ---
2026-04-13 03:36:48,454 -     [P4.2] Pair (1,5) giảm 1 -> BEST = 1170
2026-04-13 03:36:48,478 -   --- Pairwise Iter 21 (còn 1542s) ---
2026-04-13 03:36:52,034 -     [P4.2] Pair (3,10) giảm 8 -> BEST = 1162
2026-04-13 03:36:52,059 -   --- Pairwise Iter 22 (còn 1538s) ---
2026-04-13 03:36:59,510 -     [P4.2] Pair (4,11) giảm 42 -> BEST = 1120
2026-04-13 03:36:59,545 -   --- Pairwise Iter 23 (còn 1531s) ---
2026-04-13 03:37:08,898 -     [P4.2] Pair (0,13) giảm 12 -> BEST = 1108
2026-04-13 03:37:08,922 -   --- Pairwise Iter 24 (còn 1521s) ---
2026-04-13 03:37:18,898 -     [P4.2] Pair (2,3) giảm 6 -> BEST = 1102
2026-04-13 03:37:18,932 -   --- Pairwise Iter 25 (còn 1511s) ---
2026-04-13 03:37:19,157 -     [P4.2] Pair (2,6) giảm 2 -> BEST = 1100
2026-04-13 03:37:19,211 -   --- Pairwise Iter 26 (còn 1511s) ---
2026-04-13 03:37:21,725 -     [P4.2] Pair (2,4) giảm 3 -> BEST = 1097
2026-04-13 03:37:21,760 -   --- Pairwise Iter 27 (còn 1508s) ---
2026-04-13 03:37:24,963 -     [P4.2] Pair (4,6) giảm 3 -> BEST = 1094
2026-04-13 03:37:25,008 -   --- Pairwise Iter 28 (còn 1505s) ---
2026-04-13 03:38:05,938 -     [P4.2] Pair (6,8) giảm 5 -> BEST = 1089
2026-04-13 03:38:05,963 -   --- Pairwise Iter 29 (còn 1464s) ---
2026-04-13 03:38:47,749 -     [P4.2] Pair (7,11) giảm 5 -> BEST = 1084
2026-04-13 03:38:47,803 -   --- Pairwise Iter 30 (còn 1422s) ---
2026-04-13 03:38:52,169 -     [P4.2] Pair (7,9) giảm 4 -> BEST = 1080
2026-04-13 03:38:52,234 -   --- Pairwise Iter 31 (còn 1418s) ---
2026-04-13 03:39:38,611 -     [P4.2] Pair (0,11) giảm 8 -> BEST = 1072
2026-04-13 03:39:38,676 -   --- Pairwise Iter 32 (còn 1371s) ---
2026-04-13 03:40:29,224 -     [P4.2] Pair (3,5) giảm 2 -> BEST = 1070
2026-04-13 03:40:29,258 -   --- Pairwise Iter 33 (còn 1321s) ---
2026-04-13 03:40:32,708 -     [P4.2] Pair (0,5) giảm 2 -> BEST = 1068
2026-04-13 03:40:32,732 -   --- Pairwise Iter 34 (còn 1317s) ---
2026-04-13 03:40:35,793 -     [P4.2] Pair (1,5) giảm 4 -> BEST = 1064
2026-04-13 03:40:35,858 -   --- Pairwise Iter 35 (còn 1314s) ---
2026-04-13 03:41:05,312 -     [P4.2] Pair (7,11) giảm 4 -> BEST = 1060
2026-04-13 03:41:05,356 -   --- Pairwise Iter 36 (còn 1285s) ---
2026-04-13 03:41:10,485 -     [P4.2] Pair (0,11) giảm 11 -> BEST = 1049
2026-04-13 03:41:10,579 -   --- Pairwise Iter 37 (còn 1280s) ---
2026-04-13 03:41:19,912 -     [P4.2] Pair (0,1) giảm 2 -> BEST = 1047
2026-04-13 03:41:19,936 -   --- Pairwise Iter 38 (còn 1270s) ---
2026-04-13 03:42:08,262 -     -> Đã đạt cực trị toàn cục cho mọi cặp dưới ngưỡng. KẾT THÚC CHẶNG 4.
2026-04-13 03:42:08,262 - Hoàn thành trong 378.1s. Final Cost: 1047
2026-04-13 03:42:08,262 - ======================================================================
2026-04-13 03:42:08,262 - BÁO CÁO TỔNG KẾT (SUMMARY)
2026-04-13 03:42:08,262 - ======================================================================
2026-04-13 03:42:08,262 -   1. Chi phí Clarke-Wright:     1470
2026-04-13 03:42:08,262 -   2. Chi phí sau Gurobi MIP:    1047
2026-04-13 03:42:08,262 -   => TỔNG CẢI THIỆN:            423
2026-04-13 03:42:08,262 -   => Số lần Gurobi Single cải thiện  : 10 lần
2026-04-13 03:42:08,262 -   => Số lần Gurobi Pairwise cải thiện: 37 lần
2026-04-13 03:42:08,262 -   => TỔNG THỜI GIAN CHẠY:       378.148s
2026-04-13 03:42:08,267 - ======================================================================
2026-04-13 03:42:08,267 - GUROBI MIP SOLVER  |  FILE: E-n76-k7.vrp
2026-04-13 03:42:08,267 - ======================================================================
2026-04-13 03:42:08,281 - Thông tin dữ liệu: Dimension=76, K=7, Capacity=220
2026-04-13 03:42:08,281 - --- Step 1: Clarke-Wright Heuristic ---
2026-04-13 03:42:08,287 -   Kết quả CW: Cost = 978, Time = 0.006s
2026-04-13 03:42:08,287 - --- Step 2: Advanced Optimization (Gurobi MIP) ---
2026-04-13 03:42:08,287 - =========================================
2026-04-13 03:42:08,287 - BẮT ĐẦU OPTIMIZE  (100% Gurobi MIP)
2026-04-13 03:42:08,287 -  -> Max Single Size  : 21
2026-04-13 03:42:08,288 -  -> Single Timeout   : 40.0s
2026-04-13 03:42:08,288 -  -> Max Pairwise Size: 28
2026-04-13 03:42:08,288 -  -> Pairwise Timeout : 98.0s
2026-04-13 03:42:08,288 -  -> Global Timeout   : 1600.0s
2026-04-13 03:42:08,288 -  -> Chi phí khởi điểm: 978
2026-04-13 03:42:08,288 - =========================================
2026-04-13 03:42:08,288 - === BẮT ĐẦU CHẶNG 4: GUROBI MIP CHÍNH XÁC | Cost: 978 ===
2026-04-13 03:42:08,288 -   [GĐ 4.1] Giải bài toán TSP trên từng tuyến đơn...
2026-04-13 03:42:12,830 -     -> Single Gurobi cải thiện: 161. Cost mới: 817
2026-04-13 03:42:12,830 -   [GĐ 4.2] Xét từng cặp tuyến để phân bổ lại khách hàng...
2026-04-13 03:42:12,830 -   --- Pairwise Iter 1 (còn 1595s) ---
2026-04-13 03:45:28,934 -     [P4.2] Pair (1,3) giảm 18 -> BEST = 799
2026-04-13 03:45:29,483 -   --- Pairwise Iter 2 (còn 1399s) ---
2026-04-13 03:47:07,526 -     [P4.2] Pair (1,5) giảm 15 -> BEST = 784
2026-04-13 03:47:07,621 -   --- Pairwise Iter 3 (còn 1301s) ---
2026-04-13 03:49:18,438 -     [P4.2] Pair (2,3) giảm 13 -> BEST = 771
2026-04-13 03:49:18,715 -   --- Pairwise Iter 4 (còn 1170s) ---
2026-04-13 03:53:13,567 -     [P4.2] Pair (3,4) giảm 1 -> BEST = 770
2026-04-13 03:53:14,217 -   --- Pairwise Iter 5 (còn 934s) ---
2026-04-13 03:54:52,279 -     [P4.2] Pair (2,4) giảm 21 -> BEST = 749
2026-04-13 03:54:56,540 -   --- Pairwise Iter 6 (còn 832s) ---
2026-04-13 04:01:40,063 -     [P4.2] Pair (5,6) giảm 20 -> BEST = 729
2026-04-13 04:01:40,936 -   --- Pairwise Iter 7 (còn 427s) ---
2026-04-13 04:08:46,327 -     -> Đã đạt cực trị toàn cục cho mọi cặp dưới ngưỡng. KẾT THÚC CHẶNG 4.
2026-04-13 04:08:46,327 - Hoàn thành trong 1598.0s. Final Cost: 729
2026-04-13 04:08:46,327 - ======================================================================
2026-04-13 04:08:46,327 - BÁO CÁO TỔNG KẾT (SUMMARY)
2026-04-13 04:08:46,327 - ======================================================================
2026-04-13 04:08:46,327 -   1. Chi phí Clarke-Wright:     978
2026-04-13 04:08:46,327 -   2. Chi phí sau Gurobi MIP:    729
2026-04-13 04:08:46,327 -   => TỔNG CẢI THIỆN:            249
2026-04-13 04:08:46,327 -   => Số lần Gurobi Single cải thiện  : 7 lần
2026-04-13 04:08:46,327 -   => Số lần Gurobi Pairwise cải thiện: 6 lần
2026-04-13 04:08:46,327 -   => TỔNG THỜI GIAN CHẠY:       1598.046s
2026-04-13 04:08:46,332 - ======================================================================
2026-04-13 04:08:46,332 - GUROBI MIP SOLVER  |  FILE: E-n76-k8.vrp
2026-04-13 04:08:46,332 - ======================================================================
2026-04-13 04:08:46,345 - Thông tin dữ liệu: Dimension=76, K=8, Capacity=180
2026-04-13 04:08:46,345 - --- Step 1: Clarke-Wright Heuristic ---
2026-04-13 04:08:46,350 -   Kết quả CW: Cost = 1083, Time = 0.005s
2026-04-13 04:08:46,351 - --- Step 2: Advanced Optimization (Gurobi MIP) ---
2026-04-13 04:08:46,351 - =========================================
2026-04-13 04:08:46,351 - BẮT ĐẦU OPTIMIZE  (100% Gurobi MIP)
2026-04-13 04:08:46,351 -  -> Max Single Size  : 20
2026-04-13 04:08:46,351 -  -> Single Timeout   : 40.0s
2026-04-13 04:08:46,351 -  -> Max Pairwise Size: 28
2026-04-13 04:08:46,351 -  -> Pairwise Timeout : 86.0s
2026-04-13 04:08:46,351 -  -> Global Timeout   : 1600.0s
2026-04-13 04:08:46,351 -  -> Chi phí khởi điểm: 1083
2026-04-13 04:08:46,351 - =========================================
2026-04-13 04:08:46,351 - === BẮT ĐẦU CHẶNG 4: GUROBI MIP CHÍNH XÁC | Cost: 1083 ===
2026-04-13 04:08:46,351 -   [GĐ 4.1] Giải bài toán TSP trên từng tuyến đơn...
2026-04-13 04:08:48,405 -     -> Single Gurobi cải thiện: 152. Cost mới: 931
2026-04-13 04:08:48,405 -   [GĐ 4.2] Xét từng cặp tuyến để phân bổ lại khách hàng...
2026-04-13 04:08:48,405 -   --- Pairwise Iter 1 (còn 1598s) ---
2026-04-13 04:08:56,677 -     [P4.2] Pair (1,3) giảm 33 -> BEST = 898
2026-04-13 04:08:56,913 -   --- Pairwise Iter 2 (còn 1589s) ---
2026-04-13 04:09:59,325 -     [P4.2] Pair (1,6) giảm 12 -> BEST = 886
2026-04-13 04:09:59,642 -   --- Pairwise Iter 3 (còn 1527s) ---
2026-04-13 04:10:53,483 -     [P4.2] Pair (2,4) giảm 14 -> BEST = 872
2026-04-13 04:10:53,770 -   --- Pairwise Iter 4 (còn 1473s) ---
2026-04-13 04:12:31,945 -     [P4.2] Pair (0,3) giảm 19 -> BEST = 853
2026-04-13 04:12:31,999 -   --- Pairwise Iter 5 (còn 1374s) ---
2026-04-13 04:15:38,080 -     [P4.2] Pair (2,3) giảm 12 -> BEST = 841
2026-04-13 04:15:38,226 -   --- Pairwise Iter 6 (còn 1188s) ---
2026-04-13 04:18:38,514 -     [P4.2] Pair (0,3) giảm 5 -> BEST = 836
2026-04-13 04:18:38,751 -   --- Pairwise Iter 7 (còn 1008s) ---
2026-04-13 04:19:35,848 -     [P4.2] Pair (0,4) giảm 7 -> BEST = 829
2026-04-13 04:19:35,882 -   --- Pairwise Iter 8 (còn 950s) ---
2026-04-13 04:19:47,959 -     [P4.2] Pair (2,4) giảm 6 -> BEST = 823
2026-04-13 04:19:48,135 -   --- Pairwise Iter 9 (còn 938s) ---
2026-04-13 04:22:27,935 -     [P4.2] Pair (3,4) giảm 1 -> BEST = 822
2026-04-13 04:22:28,020 -   --- Pairwise Iter 10 (còn 778s) ---
2026-04-13 04:26:37,632 -     [P4.2] Pair (0,7) giảm 11 -> BEST = 811
2026-04-13 04:26:37,818 -   --- Pairwise Iter 11 (còn 529s) ---
2026-04-13 04:33:18,340 -     [P4.2] Pair (1,7) giảm 37 -> BEST = 774
2026-04-13 04:33:18,556 -   --- Pairwise Iter 12 (còn 128s) ---
2026-04-13 04:34:14,745 -     [P4.2] Pair (1,6) giảm 20 -> BEST = 754
2026-04-13 04:34:15,072 -   --- Pairwise Iter 13 (còn 71s) ---
2026-04-13 04:35:24,390 -     -> Đã đạt cực trị toàn cục cho mọi cặp dưới ngưỡng. KẾT THÚC CHẶNG 4.
2026-04-13 04:35:24,391 - Hoàn thành trong 1598.0s. Final Cost: 754
2026-04-13 04:35:24,391 - ======================================================================
2026-04-13 04:35:24,391 - BÁO CÁO TỔNG KẾT (SUMMARY)
2026-04-13 04:35:24,391 - ======================================================================
2026-04-13 04:35:24,391 -   1. Chi phí Clarke-Wright:     1083
2026-04-13 04:35:24,391 -   2. Chi phí sau Gurobi MIP:    754
2026-04-13 04:35:24,391 -   => TỔNG CẢI THIỆN:            329
2026-04-13 04:35:24,391 -   => Số lần Gurobi Single cải thiện  : 8 lần
2026-04-13 04:35:24,391 -   => Số lần Gurobi Pairwise cải thiện: 12 lần
2026-04-13 04:35:24,391 -   => TỔNG THỜI GIAN CHẠY:       1598.045s
2026-04-13 04:35:24,395 - ======================================================================
2026-04-13 04:35:24,396 - GUROBI MIP SOLVER  |  FILE: E-n76-k10.vrp
2026-04-13 04:35:24,396 - ======================================================================
2026-04-13 04:35:24,409 - Thông tin dữ liệu: Dimension=76, K=10, Capacity=140
2026-04-13 04:35:24,409 - --- Step 1: Clarke-Wright Heuristic ---
2026-04-13 04:35:24,414 -   Kết quả CW: Cost = 1053, Time = 0.005s
2026-04-13 04:35:24,414 - --- Step 2: Advanced Optimization (Gurobi MIP) ---
2026-04-13 04:35:24,415 - =========================================
2026-04-13 04:35:24,415 - BẮT ĐẦU OPTIMIZE  (100% Gurobi MIP)
2026-04-13 04:35:24,415 -  -> Max Single Size  : 20
2026-04-13 04:35:24,415 -  -> Single Timeout   : 40.0s
2026-04-13 04:35:24,415 -  -> Max Pairwise Size: 22
2026-04-13 04:35:24,415 -  -> Pairwise Timeout : 69.0s
2026-04-13 04:35:24,415 -  -> Global Timeout   : 1600.0s
2026-04-13 04:35:24,415 -  -> Chi phí khởi điểm: 1053
2026-04-13 04:35:24,415 - =========================================
2026-04-13 04:35:24,415 - === BẮT ĐẦU CHẶNG 4: GUROBI MIP CHÍNH XÁC | Cost: 1053 ===
2026-04-13 04:35:24,415 -   [GĐ 4.1] Giải bài toán TSP trên từng tuyến đơn...
2026-04-13 04:35:24,727 -     -> Single Gurobi cải thiện: 122. Cost mới: 931
2026-04-13 04:35:24,727 -   [GĐ 4.2] Xét từng cặp tuyến để phân bổ lại khách hàng...
2026-04-13 04:35:24,727 -   --- Pairwise Iter 1 (còn 1600s) ---
2026-04-13 04:35:29,642 -     [P4.2] Pair (1,5) giảm 3 -> BEST = 928
2026-04-13 04:35:29,737 -   --- Pairwise Iter 2 (còn 1595s) ---
2026-04-13 04:35:35,300 -     [P4.2] Pair (3,7) giảm 17 -> BEST = 911
2026-04-13 04:35:35,385 -   --- Pairwise Iter 3 (còn 1589s) ---
2026-04-13 04:36:14,547 -     [P4.2] Pair (0,8) giảm 13 -> BEST = 898
2026-04-13 04:36:14,673 -   --- Pairwise Iter 4 (còn 1550s) ---
2026-04-13 04:38:05,773 -     [P4.2] Pair (2,3) giảm 8 -> BEST = 890
2026-04-13 04:38:05,797 -   --- Pairwise Iter 5 (còn 1439s) ---
2026-04-13 04:38:25,523 -     [P4.2] Pair (0,3) giảm 1 -> BEST = 889
2026-04-13 04:38:25,659 -   --- Pairwise Iter 6 (còn 1419s) ---
2026-04-13 04:39:16,942 -     [P4.2] Pair (0,2) giảm 1 -> BEST = 888
2026-04-13 04:39:17,108 -   --- Pairwise Iter 7 (còn 1367s) ---
2026-04-13 04:39:29,447 -     [P4.2] Pair (2,7) giảm 5 -> BEST = 883
2026-04-13 04:39:29,471 -   --- Pairwise Iter 8 (còn 1355s) ---
2026-04-13 04:40:50,846 -     [P4.2] Pair (1,4) giảm 10 -> BEST = 873
2026-04-13 04:40:50,921 -   --- Pairwise Iter 9 (còn 1273s) ---
2026-04-13 04:42:27,878 -     [P4.2] Pair (4,8) giảm 5 -> BEST = 868
2026-04-13 04:42:28,034 -   --- Pairwise Iter 10 (còn 1176s) ---
2026-04-13 04:44:38,348 -     [P4.2] Pair (3,8) giảm 1 -> BEST = 867
2026-04-13 04:44:38,403 -   --- Pairwise Iter 11 (còn 1046s) ---
2026-04-13 04:46:21,774 -     [P4.2] Pair (0,3) giảm 3 -> BEST = 864
2026-04-13 04:46:21,920 -   --- Pairwise Iter 12 (còn 942s) ---
2026-04-13 04:48:22,726 -     [P4.2] Pair (1,5) giảm 1 -> BEST = 863
2026-04-13 04:48:22,871 -   --- Pairwise Iter 13 (còn 822s) ---
2026-04-13 04:48:41,756 -     [P4.2] Pair (1,4) giảm 3 -> BEST = 860
2026-04-13 04:48:41,801 -   --- Pairwise Iter 14 (còn 803s) ---
2026-04-13 04:50:38,678 -     [P4.2] Pair (6,7) giảm 9 -> BEST = 851
2026-04-13 04:50:38,712 -   --- Pairwise Iter 15 (còn 686s) ---
2026-04-13 04:54:05,526 -     [P4.2] Pair (4,9) giảm 1 -> BEST = 850
2026-04-13 04:54:05,763 -   --- Pairwise Iter 16 (còn 479s) ---
2026-04-13 04:57:22,499 -     [P4.2] Pair (3,9) giảm 4 -> BEST = 846
2026-04-13 04:57:22,523 -   --- Pairwise Iter 17 (còn 282s) ---
2026-04-13 04:59:43,656 -     [P4.2] Pair (3,8) giảm 3 -> BEST = 843
2026-04-13 04:59:43,771 -   --- Pairwise Iter 18 (còn 141s) ---
2026-04-13 05:02:02,429 -     -> Đã đạt cực trị toàn cục cho mọi cặp dưới ngưỡng. KẾT THÚC CHẶNG 4.
2026-04-13 05:02:02,429 - Hoàn thành trong 1598.0s. Final Cost: 843
2026-04-13 05:02:02,429 - ======================================================================
2026-04-13 05:02:02,429 - BÁO CÁO TỔNG KẾT (SUMMARY)
2026-04-13 05:02:02,429 - ======================================================================
2026-04-13 05:02:02,429 -   1. Chi phí Clarke-Wright:     1053
2026-04-13 05:02:02,429 -   2. Chi phí sau Gurobi MIP:    843
2026-04-13 05:02:02,429 -   => TỔNG CẢI THIỆN:            210
2026-04-13 05:02:02,429 -   => Số lần Gurobi Single cải thiện  : 9 lần
2026-04-13 05:02:02,429 -   => Số lần Gurobi Pairwise cải thiện: 17 lần
2026-04-13 05:02:02,429 -   => TỔNG THỜI GIAN CHẠY:       1598.020s
2026-04-13 05:02:02,434 - ======================================================================
2026-04-13 05:02:02,434 - GUROBI MIP SOLVER  |  FILE: E-n101-k8.vrp
2026-04-13 05:02:02,434 - ======================================================================
2026-04-13 05:02:02,454 - Thông tin dữ liệu: Dimension=101, K=8, Capacity=200
2026-04-13 05:02:02,454 - --- Step 1: Clarke-Wright Heuristic ---
2026-04-13 05:02:02,464 -   Kết quả CW: Cost = 1123, Time = 0.010s
2026-04-13 05:02:02,464 - --- Step 2: Advanced Optimization (Gurobi MIP) ---
2026-04-13 05:02:02,464 - =========================================
2026-04-13 05:02:02,464 - BẮT ĐẦU OPTIMIZE  (100% Gurobi MIP)
2026-04-13 05:02:02,464 -  -> Max Single Size  : 25
2026-04-13 05:02:02,464 -  -> Single Timeout   : 40.0s
2026-04-13 05:02:02,464 -  -> Max Pairwise Size: 28
2026-04-13 05:02:02,464 -  -> Pairwise Timeout : 114.0s
2026-04-13 05:02:02,464 -  -> Global Timeout   : 1600.0s
2026-04-13 05:02:02,464 -  -> Chi phí khởi điểm: 1123
2026-04-13 05:02:02,464 - =========================================
2026-04-13 05:02:02,464 - === BẮT ĐẦU CHẶNG 4: GUROBI MIP CHÍNH XÁC | Cost: 1123 ===
2026-04-13 05:02:02,464 -   [GĐ 4.1] Giải bài toán TSP trên từng tuyến đơn...
2026-04-13 05:02:07,382 -     -> Single Gurobi cải thiện: 119. Cost mới: 1004
2026-04-13 05:02:07,382 -   [GĐ 4.2] Xét từng cặp tuyến để phân bổ lại khách hàng...
2026-04-13 05:02:07,382 -   --- Pairwise Iter 1 (còn 1595s) ---
2026-04-13 05:04:01,439 -     [P4.2] Pair (0,5) giảm 25 -> BEST = 979
2026-04-13 05:04:01,686 -       [S-re] Route 5: 125 → 123  (−2) | BEST = 977
2026-04-13 05:04:01,686 -   --- Pairwise Iter 2 (còn 1481s) ---
2026-04-13 05:05:55,734 -     [P4.2] Pair (3,7) giảm 24 -> BEST = 953
2026-04-13 05:05:56,111 -   --- Pairwise Iter 3 (còn 1366s) ---
2026-04-13 05:07:50,158 -     [P4.2] Pair (3,7) giảm 1 -> BEST = 952
2026-04-13 05:07:50,354 -   --- Pairwise Iter 4 (còn 1252s) ---
2026-04-13 05:17:01,769 -     [P4.2] Pair (2,7) giảm 10 -> BEST = 942
2026-04-13 05:17:05,374 -   --- Pairwise Iter 5 (còn 697s) ---
2026-04-13 05:28:10,765 -     [P4.2] Pair (3,4) giảm 11 -> BEST = 931
2026-04-13 05:28:10,891 -   --- Pairwise Iter 6 (còn 32s) ---
2026-04-13 05:28:40,510 -     -> Đã đạt cực trị toàn cục cho mọi cặp dưới ngưỡng. KẾT THÚC CHẶNG 4.
2026-04-13 05:28:40,511 - Hoàn thành trong 1598.0s. Final Cost: 931
2026-04-13 05:28:40,511 - ======================================================================
2026-04-13 05:28:40,511 - BÁO CÁO TỔNG KẾT (SUMMARY)
2026-04-13 05:28:40,511 - ======================================================================
2026-04-13 05:28:40,511 -   1. Chi phí Clarke-Wright:     1123
2026-04-13 05:28:40,511 -   2. Chi phí sau Gurobi MIP:    931
2026-04-13 05:28:40,511 -   => TỔNG CẢI THIỆN:            192
2026-04-13 05:28:40,511 -   => Số lần Gurobi Single cải thiện  : 9 lần
2026-04-13 05:28:40,511 -   => Số lần Gurobi Pairwise cải thiện: 5 lần
2026-04-13 05:28:40,511 -   => TỔNG THỜI GIAN CHẠY:       1598.056s
2026-04-13 05:28:40,516 - ======================================================================
2026-04-13 05:28:40,516 - GUROBI MIP SOLVER  |  FILE: E-n101-k14.vrp
2026-04-13 05:28:40,516 - ======================================================================
2026-04-13 05:28:40,541 - Thông tin dữ liệu: Dimension=101, K=14, Capacity=112
2026-04-13 05:28:40,541 - --- Step 1: Clarke-Wright Heuristic ---
2026-04-13 05:28:40,549 -   Kết quả CW: Cost = 1413, Time = 0.008s
2026-04-13 05:28:40,549 - --- Step 2: Advanced Optimization (Gurobi MIP) ---
2026-04-13 05:28:40,549 - =========================================
2026-04-13 05:28:40,549 - BẮT ĐẦU OPTIMIZE  (100% Gurobi MIP)
2026-04-13 05:28:40,549 -  -> Max Single Size  : 20
2026-04-13 05:28:40,549 -  -> Single Timeout   : 40.0s
2026-04-13 05:28:40,549 -  -> Max Pairwise Size: 21
2026-04-13 05:28:40,549 -  -> Pairwise Timeout : 65.0s
2026-04-13 05:28:40,549 -  -> Global Timeout   : 1600.0s
2026-04-13 05:28:40,549 -  -> Chi phí khởi điểm: 1413
2026-04-13 05:28:40,549 - =========================================
2026-04-13 05:28:40,549 - === BẮT ĐẦU CHẶNG 4: GUROBI MIP CHÍNH XÁC | Cost: 1413 ===
2026-04-13 05:28:40,549 -   [GĐ 4.1] Giải bài toán TSP trên từng tuyến đơn...
2026-04-13 05:28:41,071 -     -> Single Gurobi cải thiện: 117. Cost mới: 1296
2026-04-13 05:28:41,072 -   [GĐ 4.2] Xét từng cặp tuyến để phân bổ lại khách hàng...
2026-04-13 05:28:41,072 -   --- Pairwise Iter 1 (còn 1599s) ---
2026-04-13 05:28:45,179 -     [P4.2] Pair (3,4) giảm 4 -> BEST = 1292
2026-04-13 05:28:45,234 -   --- Pairwise Iter 2 (còn 1595s) ---
2026-04-13 05:29:48,456 -     [P4.2] Pair (0,6) giảm 2 -> BEST = 1290
2026-04-13 05:29:48,501 -   --- Pairwise Iter 3 (còn 1532s) ---
2026-04-13 05:30:43,900 -     [P4.2] Pair (1,3) giảm 19 -> BEST = 1271
2026-04-13 05:30:43,934 -   --- Pairwise Iter 4 (còn 1477s) ---
2026-04-13 05:31:40,216 -     [P4.2] Pair (1,4) giảm 10 -> BEST = 1261
2026-04-13 05:31:40,281 -   --- Pairwise Iter 5 (còn 1420s) ---
2026-04-13 05:33:36,310 -     [P4.2] Pair (1,10) giảm 2 -> BEST = 1259
2026-04-13 05:33:36,416 -   --- Pairwise Iter 6 (còn 1304s) ---
2026-04-13 05:36:17,796 -     [P4.2] Pair (2,3) giảm 15 -> BEST = 1244
2026-04-13 05:36:17,871 -   --- Pairwise Iter 7 (còn 1143s) ---
2026-04-13 05:39:33,837 -     [P4.2] Pair (2,12) giảm 10 -> BEST = 1234
2026-04-13 05:39:33,932 -   --- Pairwise Iter 8 (còn 947s) ---
2026-04-13 05:43:12,088 -     [P4.2] Pair (3,12) giảm 4 -> BEST = 1230
2026-04-13 05:43:12,355 -   --- Pairwise Iter 9 (còn 728s) ---
2026-04-13 05:46:17,937 -     [P4.2] Pair (4,11) giảm 10 -> BEST = 1220
2026-04-13 05:46:18,082 -   --- Pairwise Iter 10 (còn 542s) ---
2026-04-13 05:50:31,501 -     [P4.2] Pair (7,11) giảm 3 -> BEST = 1217
2026-04-13 05:50:31,737 -   --- Pairwise Iter 11 (còn 289s) ---
2026-04-13 05:53:32,626 -     [P4.2] Pair (1,11) giảm 2 -> BEST = 1215
2026-04-13 05:53:32,822 -   --- Pairwise Iter 12 (còn 108s) ---
2026-04-13 05:55:18,578 -     -> Đã đạt cực trị toàn cục cho mọi cặp dưới ngưỡng. KẾT THÚC CHẶNG 4.
2026-04-13 05:55:18,578 - Hoàn thành trong 1598.0s. Final Cost: 1215
2026-04-13 05:55:18,578 - ======================================================================
2026-04-13 05:55:18,578 - BÁO CÁO TỔNG KẾT (SUMMARY)
2026-04-13 05:55:18,578 - ======================================================================
2026-04-13 05:55:18,578 -   1. Chi phí Clarke-Wright:     1413
2026-04-13 05:55:18,578 -   2. Chi phí sau Gurobi MIP:    1215
2026-04-13 05:55:18,578 -   => TỔNG CẢI THIỆN:            198
2026-04-13 05:55:18,578 -   => Số lần Gurobi Single cải thiện  : 12 lần
2026-04-13 05:55:18,578 -   => Số lần Gurobi Pairwise cải thiện: 11 lần
2026-04-13 05:55:18,578 -   => TỔNG THỜI GIAN CHẠY:       1598.037s
