2026-04-10 22:33:54,364 - ======================================================================
2026-04-10 22:33:54,364 - GUROBI MIP SOLVER  |  FILE: A-n32-k5.vrp
2026-04-10 22:33:54,364 - ======================================================================
2026-04-10 22:33:54,366 - Thông tin dữ liệu: Dimension=32, K=5, Capacity=100
2026-04-10 22:33:54,366 - --- Step 1: Clarke-Wright Heuristic ---
2026-04-10 22:33:54,368 -   Kết quả CW: Cost = 1016, Time = 0.001s
2026-04-10 22:33:54,368 - --- Step 2: Advanced Optimization (Gurobi MIP) ---
2026-04-10 22:33:54,368 - =========================================
2026-04-10 22:33:54,368 - BẮT ĐẦU OPTIMIZE  (100% Gurobi MIP)
2026-04-10 22:33:54,368 -  -> Max Single Size  : 20
2026-04-10 22:33:54,368 -  -> Single Timeout   : 40.0s
2026-04-10 22:33:54,368 -  -> Max Pairwise Size: 19
2026-04-10 22:33:54,368 -  -> Pairwise Timeout : 58.0s
2026-04-10 22:33:54,368 -  -> Global Timeout   : 1200.0s
2026-04-10 22:33:54,368 -  -> Chi phí khởi điểm: 1016
2026-04-10 22:33:54,368 - =========================================
2026-04-10 22:33:54,368 - === BẮT ĐẦU CHẶNG 4: GUROBI MIP CHÍNH XÁC | Cost: 1016 ===
2026-04-10 22:33:54,368 -   [GĐ 4.1] Giải bài toán TSP trên từng tuyến đơn...
2026-04-10 22:33:55,591 -     -> Single Gurobi cải thiện: 117. Cost mới: 899
2026-04-10 22:33:55,591 -   [GĐ 4.2] Xét từng cặp tuyến để phân bổ lại khách hàng...
2026-04-10 22:33:55,591 -   --- Pairwise Iter 1 (còn 1199s) ---
2026-04-10 22:34:15,533 -     [P4.2] Pair (1,4) giảm 54 -> BEST = 845
2026-04-10 22:34:15,628 -   --- Pairwise Iter 2 (còn 1179s) ---
2026-04-10 22:34:17,344 -     [P4.2] Pair (0,4) giảm 7 -> BEST = 838
2026-04-10 22:34:17,470 -   --- Pairwise Iter 3 (còn 1177s) ---
2026-04-10 22:35:34,182 -     [P4.2] Pair (1,2) giảm 8 -> BEST = 830
2026-04-10 22:35:34,610 -   --- Pairwise Iter 4 (còn 1100s) ---
2026-04-10 22:39:01,591 -     -> Đã đạt cực trị toàn cục cho mọi cặp dưới ngưỡng. KẾT THÚC CHẶNG 4.
2026-04-10 22:39:01,591 - Hoàn thành trong 307.2s. Final Cost: 830
2026-04-10 22:39:01,591 - ======================================================================
2026-04-10 22:39:01,591 - BÁO CÁO TỔNG KẾT (SUMMARY)
2026-04-10 22:39:01,591 - ======================================================================
2026-04-10 22:39:01,591 -   1. Chi phí Clarke-Wright:     1016
2026-04-10 22:39:01,591 -   2. Chi phí sau Gurobi MIP:    830
2026-04-10 22:39:01,591 -   => TỔNG CẢI THIỆN:            186
2026-04-10 22:39:01,591 -   => Số lần Gurobi Single cải thiện  : 4 lần
2026-04-10 22:39:01,591 -   => Số lần Gurobi Pairwise cải thiện: 3 lần
2026-04-10 22:39:01,591 -   => TỔNG THỜI GIAN CHẠY:       307.224s
2026-04-10 22:39:01,596 - ======================================================================
2026-04-10 22:39:01,596 - GUROBI MIP SOLVER  |  FILE: A-n33-k6.vrp
2026-04-10 22:39:01,596 - ======================================================================
2026-04-10 22:39:01,598 - Thông tin dữ liệu: Dimension=33, K=6, Capacity=100
2026-04-10 22:39:01,599 - --- Step 1: Clarke-Wright Heuristic ---
2026-04-10 22:39:01,600 -   Kết quả CW: Cost = 932, Time = 0.001s
2026-04-10 22:39:01,600 - --- Step 2: Advanced Optimization (Gurobi MIP) ---
2026-04-10 22:39:01,600 - =========================================
2026-04-10 22:39:01,600 - BẮT ĐẦU OPTIMIZE  (100% Gurobi MIP)
2026-04-10 22:39:01,600 -  -> Max Single Size  : 20
2026-04-10 22:39:01,600 -  -> Single Timeout   : 40.0s
2026-04-10 22:39:01,600 -  -> Max Pairwise Size: 16
2026-04-10 22:39:01,600 -  -> Pairwise Timeout : 50.0s
2026-04-10 22:39:01,600 -  -> Global Timeout   : 1200.0s
2026-04-10 22:39:01,600 -  -> Chi phí khởi điểm: 932
2026-04-10 22:39:01,600 - =========================================
2026-04-10 22:39:01,600 - === BẮT ĐẦU CHẶNG 4: GUROBI MIP CHÍNH XÁC | Cost: 932 ===
2026-04-10 22:39:01,600 -   [GĐ 4.1] Giải bài toán TSP trên từng tuyến đơn...
2026-04-10 22:39:01,783 -     -> Single Gurobi cải thiện: 106. Cost mới: 826
2026-04-10 22:39:01,783 -   [GĐ 4.2] Xét từng cặp tuyến để phân bổ lại khách hàng...
2026-04-10 22:39:01,784 -   --- Pairwise Iter 1 (còn 1200s) ---
2026-04-10 22:39:02,461 -     [P4.2] Pair (0,3) giảm 11 -> BEST = 815
2026-04-10 22:39:02,516 -   --- Pairwise Iter 2 (còn 1199s) ---
2026-04-10 22:39:08,719 -     [P4.2] Pair (1,2) giảm 33 -> BEST = 782
2026-04-10 22:39:08,784 -   --- Pairwise Iter 3 (còn 1193s) ---
2026-04-10 22:39:22,847 -     [P4.2] Pair (2,3) giảm 3 -> BEST = 779
2026-04-10 22:39:22,921 -   --- Pairwise Iter 4 (còn 1179s) ---
2026-04-10 22:39:53,171 -     [P4.2] Pair (1,3) giảm 28 -> BEST = 751
2026-04-10 22:39:53,225 -   --- Pairwise Iter 5 (còn 1148s) ---
2026-04-10 22:39:54,068 -     [P4.2] Pair (0,4) giảm 1 -> BEST = 750
2026-04-10 22:39:54,092 -   --- Pairwise Iter 6 (còn 1148s) ---
2026-04-10 22:39:54,529 -     [P4.2] Pair (0,5) giảm 7 -> BEST = 743
2026-04-10 22:39:54,563 -   --- Pairwise Iter 7 (còn 1147s) ---
2026-04-10 22:41:18,305 -     -> Đã đạt cực trị toàn cục cho mọi cặp dưới ngưỡng. KẾT THÚC CHẶNG 4.
2026-04-10 22:41:18,305 - Hoàn thành trong 136.7s. Final Cost: 743
2026-04-10 22:41:18,305 - ======================================================================
2026-04-10 22:41:18,305 - BÁO CÁO TỔNG KẾT (SUMMARY)
2026-04-10 22:41:18,305 - ======================================================================
2026-04-10 22:41:18,306 -   1. Chi phí Clarke-Wright:     932
2026-04-10 22:41:18,306 -   2. Chi phí sau Gurobi MIP:    743
2026-04-10 22:41:18,306 -   => TỔNG CẢI THIỆN:            189
2026-04-10 22:41:18,306 -   => Số lần Gurobi Single cải thiện  : 5 lần
2026-04-10 22:41:18,306 -   => Số lần Gurobi Pairwise cải thiện: 6 lần
2026-04-10 22:41:18,306 -   => TỔNG THỜI GIAN CHẠY:       136.707s
2026-04-10 22:41:18,310 - ======================================================================
2026-04-10 22:41:18,310 - GUROBI MIP SOLVER  |  FILE: A-n33-k5.vrp
2026-04-10 22:41:18,310 - ======================================================================
2026-04-10 22:41:18,313 - Thông tin dữ liệu: Dimension=33, K=5, Capacity=100
2026-04-10 22:41:18,313 - --- Step 1: Clarke-Wright Heuristic ---
2026-04-10 22:41:18,314 -   Kết quả CW: Cost = 814, Time = 0.001s
2026-04-10 22:41:18,314 - --- Step 2: Advanced Optimization (Gurobi MIP) ---
2026-04-10 22:41:18,314 - =========================================
2026-04-10 22:41:18,314 - BẮT ĐẦU OPTIMIZE  (100% Gurobi MIP)
2026-04-10 22:41:18,314 -  -> Max Single Size  : 20
2026-04-10 22:41:18,314 -  -> Single Timeout   : 40.0s
2026-04-10 22:41:18,315 -  -> Max Pairwise Size: 19
2026-04-10 22:41:18,315 -  -> Pairwise Timeout : 60.0s
2026-04-10 22:41:18,315 -  -> Global Timeout   : 1200.0s
2026-04-10 22:41:18,315 -  -> Chi phí khởi điểm: 814
2026-04-10 22:41:18,315 - =========================================
2026-04-10 22:41:18,315 - === BẮT ĐẦU CHẶNG 4: GUROBI MIP CHÍNH XÁC | Cost: 814 ===
2026-04-10 22:41:18,315 -   [GĐ 4.1] Giải bài toán TSP trên từng tuyến đơn...
2026-04-10 22:41:18,466 -     -> Single Gurobi cải thiện: 41. Cost mới: 773
2026-04-10 22:41:18,466 -   [GĐ 4.2] Xét từng cặp tuyến để phân bổ lại khách hàng...
2026-04-10 22:41:18,466 -   --- Pairwise Iter 1 (còn 1200s) ---
2026-04-10 22:41:23,086 -     [P4.2] Pair (1,2) giảm 9 -> BEST = 764
2026-04-10 22:41:23,161 -   --- Pairwise Iter 2 (còn 1195s) ---
2026-04-10 22:41:25,866 -     [P4.2] Pair (0,4) giảm 40 -> BEST = 724
2026-04-10 22:41:25,890 -   --- Pairwise Iter 3 (còn 1192s) ---
2026-04-10 22:41:58,928 -     [P4.2] Pair (1,3) giảm 39 -> BEST = 685
2026-04-10 22:41:59,073 -   --- Pairwise Iter 4 (còn 1159s) ---
2026-04-10 22:42:01,296 -     [P4.2] Pair (1,2) giảm 7 -> BEST = 678
2026-04-10 22:42:01,350 -   --- Pairwise Iter 5 (còn 1157s) ---
2026-04-10 22:42:49,886 -     [P4.2] Pair (1,4) giảm 5 -> BEST = 673
2026-04-10 22:42:49,910 -   --- Pairwise Iter 6 (còn 1108s) ---
2026-04-10 22:43:44,851 -     -> Đã đạt cực trị toàn cục cho mọi cặp dưới ngưỡng. KẾT THÚC CHẶNG 4.
2026-04-10 22:43:44,852 - Hoàn thành trong 146.5s. Final Cost: 673
2026-04-10 22:43:44,852 - ======================================================================
2026-04-10 22:43:44,852 - BÁO CÁO TỔNG KẾT (SUMMARY)
2026-04-10 22:43:44,852 - ======================================================================
2026-04-10 22:43:44,852 -   1. Chi phí Clarke-Wright:     814
2026-04-10 22:43:44,852 -   2. Chi phí sau Gurobi MIP:    673
2026-04-10 22:43:44,852 -   => TỔNG CẢI THIỆN:            141
2026-04-10 22:43:44,852 -   => Số lần Gurobi Single cải thiện  : 3 lần
2026-04-10 22:43:44,852 -   => Số lần Gurobi Pairwise cải thiện: 5 lần
2026-04-10 22:43:44,852 -   => TỔNG THỜI GIAN CHẠY:       146.538s
2026-04-10 22:43:44,856 - ======================================================================
2026-04-10 22:43:44,857 - GUROBI MIP SOLVER  |  FILE: A-n34-k5.vrp
2026-04-10 22:43:44,857 - ======================================================================
2026-04-10 22:43:44,862 - Thông tin dữ liệu: Dimension=34, K=5, Capacity=100
2026-04-10 22:43:44,862 - --- Step 1: Clarke-Wright Heuristic ---
2026-04-10 22:43:44,863 -   Kết quả CW: Cost = 1043, Time = 0.001s
2026-04-10 22:43:44,863 - --- Step 2: Advanced Optimization (Gurobi MIP) ---
2026-04-10 22:43:44,863 - =========================================
2026-04-10 22:43:44,864 - BẮT ĐẦU OPTIMIZE  (100% Gurobi MIP)
2026-04-10 22:43:44,864 -  -> Max Single Size  : 20
2026-04-10 22:43:44,864 -  -> Single Timeout   : 40.0s
2026-04-10 22:43:44,864 -  -> Max Pairwise Size: 20
2026-04-10 22:43:44,864 -  -> Pairwise Timeout : 62.0s
2026-04-10 22:43:44,864 -  -> Global Timeout   : 1200.0s
2026-04-10 22:43:44,864 -  -> Chi phí khởi điểm: 1043
2026-04-10 22:43:44,864 - =========================================
2026-04-10 22:43:44,864 - === BẮT ĐẦU CHẶNG 4: GUROBI MIP CHÍNH XÁC | Cost: 1043 ===
2026-04-10 22:43:44,864 -   [GĐ 4.1] Giải bài toán TSP trên từng tuyến đơn...
2026-04-10 22:43:45,095 -     -> Single Gurobi cải thiện: 67. Cost mới: 976
2026-04-10 22:43:45,095 -   [GĐ 4.2] Xét từng cặp tuyến để phân bổ lại khách hàng...
2026-04-10 22:43:45,095 -   --- Pairwise Iter 1 (còn 1200s) ---
2026-04-10 22:43:46,812 -     [P4.2] Pair (0,1) giảm 28 -> BEST = 948
2026-04-10 22:43:46,867 -   --- Pairwise Iter 2 (còn 1198s) ---
2026-04-10 22:44:50,918 -     [P4.2] Pair (0,4) giảm 7 -> BEST = 941
2026-04-10 22:44:51,124 -   --- Pairwise Iter 3 (còn 1134s) ---
2026-04-10 22:45:19,234 -     [P4.2] Pair (1,4) giảm 51 -> BEST = 890
2026-04-10 22:45:19,319 -   --- Pairwise Iter 4 (còn 1106s) ---
2026-04-10 22:46:23,909 -     [P4.2] Pair (1,2) giảm 60 -> BEST = 830
2026-04-10 22:46:24,136 -   --- Pairwise Iter 5 (còn 1041s) ---
2026-04-10 22:48:01,787 -     [P4.2] Pair (2,4) giảm 41 -> BEST = 789
2026-04-10 22:48:01,832 -   --- Pairwise Iter 6 (còn 943s) ---
2026-04-10 22:50:02,460 -     -> Đã đạt cực trị toàn cục cho mọi cặp dưới ngưỡng. KẾT THÚC CHẶNG 4.
2026-04-10 22:50:02,461 - Hoàn thành trong 377.6s. Final Cost: 789
2026-04-10 22:50:02,461 - ======================================================================
2026-04-10 22:50:02,461 - BÁO CÁO TỔNG KẾT (SUMMARY)
2026-04-10 22:50:02,461 - ======================================================================
2026-04-10 22:50:02,461 -   1. Chi phí Clarke-Wright:     1043
2026-04-10 22:50:02,461 -   2. Chi phí sau Gurobi MIP:    789
2026-04-10 22:50:02,461 -   => TỔNG CẢI THIỆN:            254
2026-04-10 22:50:02,461 -   => Số lần Gurobi Single cải thiện  : 4 lần
2026-04-10 22:50:02,461 -   => Số lần Gurobi Pairwise cải thiện: 5 lần
2026-04-10 22:50:02,461 -   => TỔNG THỜI GIAN CHẠY:       377.598s
2026-04-10 22:50:02,465 - ======================================================================
2026-04-10 22:50:02,466 - GUROBI MIP SOLVER  |  FILE: A-n36-k5.vrp
2026-04-10 22:50:02,466 - ======================================================================
2026-04-10 22:50:02,468 - Thông tin dữ liệu: Dimension=36, K=5, Capacity=100
2026-04-10 22:50:02,469 - --- Step 1: Clarke-Wright Heuristic ---
2026-04-10 22:50:02,470 -   Kết quả CW: Cost = 960, Time = 0.001s
2026-04-10 22:50:02,470 - --- Step 2: Advanced Optimization (Gurobi MIP) ---
2026-04-10 22:50:02,470 - =========================================
2026-04-10 22:50:02,470 - BẮT ĐẦU OPTIMIZE  (100% Gurobi MIP)
2026-04-10 22:50:02,470 -  -> Max Single Size  : 20
2026-04-10 22:50:02,470 -  -> Single Timeout   : 40.0s
2026-04-10 22:50:02,470 -  -> Max Pairwise Size: 21
2026-04-10 22:50:02,470 -  -> Pairwise Timeout : 65.0s
2026-04-10 22:50:02,470 -  -> Global Timeout   : 1200.0s
2026-04-10 22:50:02,470 -  -> Chi phí khởi điểm: 960
2026-04-10 22:50:02,470 - =========================================
2026-04-10 22:50:02,470 - === BẮT ĐẦU CHẶNG 4: GUROBI MIP CHÍNH XÁC | Cost: 960 ===
2026-04-10 22:50:02,470 -   [GĐ 4.1] Giải bài toán TSP trên từng tuyến đơn...
2026-04-10 22:50:02,722 -     -> Single Gurobi cải thiện: 113. Cost mới: 847
2026-04-10 22:50:02,722 -   [GĐ 4.2] Xét từng cặp tuyến để phân bổ lại khách hàng...
2026-04-10 22:50:02,723 -   --- Pairwise Iter 1 (còn 1200s) ---
2026-04-10 22:50:40,816 -     [P4.2] Pair (1,2) giảm 14 -> BEST = 833
2026-04-10 22:50:40,851 -   --- Pairwise Iter 2 (còn 1162s) ---
2026-04-10 22:52:33,302 -     [P4.2] Pair (0,4) giảm 15 -> BEST = 818
2026-04-10 22:52:35,635 -   --- Pairwise Iter 3 (còn 1047s) ---
2026-04-10 22:57:22,556 -     -> Đã đạt cực trị toàn cục cho mọi cặp dưới ngưỡng. KẾT THÚC CHẶNG 4.
2026-04-10 22:57:22,556 - Hoàn thành trong 440.1s. Final Cost: 818
2026-04-10 22:57:22,556 - ======================================================================
2026-04-10 22:57:22,556 - BÁO CÁO TỔNG KẾT (SUMMARY)
2026-04-10 22:57:22,556 - ======================================================================
2026-04-10 22:57:22,556 -   1. Chi phí Clarke-Wright:     960
2026-04-10 22:57:22,556 -   2. Chi phí sau Gurobi MIP:    818
2026-04-10 22:57:22,557 -   => TỔNG CẢI THIỆN:            142
2026-04-10 22:57:22,557 -   => Số lần Gurobi Single cải thiện  : 4 lần
2026-04-10 22:57:22,557 -   => Số lần Gurobi Pairwise cải thiện: 2 lần
2026-04-10 22:57:22,557 -   => TỔNG THỜI GIAN CHẠY:       440.088s
2026-04-10 22:57:22,561 - ======================================================================
2026-04-10 22:57:22,561 - GUROBI MIP SOLVER  |  FILE: A-n37-k6.vrp
2026-04-10 22:57:22,561 - ======================================================================
2026-04-10 22:57:22,564 - Thông tin dữ liệu: Dimension=37, K=6, Capacity=100
2026-04-10 22:57:22,565 - --- Step 1: Clarke-Wright Heuristic ---
2026-04-10 22:57:22,566 -   Kết quả CW: Cost = 1199, Time = 0.001s
2026-04-10 22:57:22,566 - --- Step 2: Advanced Optimization (Gurobi MIP) ---
2026-04-10 22:57:22,566 - =========================================
2026-04-10 22:57:22,566 - BẮT ĐẦU OPTIMIZE  (100% Gurobi MIP)
2026-04-10 22:57:22,566 -  -> Max Single Size  : 20
2026-04-10 22:57:22,566 -  -> Single Timeout   : 40.0s
2026-04-10 22:57:22,566 -  -> Max Pairwise Size: 18
2026-04-10 22:57:22,566 -  -> Pairwise Timeout : 56.0s
2026-04-10 22:57:22,566 -  -> Global Timeout   : 1200.0s
2026-04-10 22:57:22,566 -  -> Chi phí khởi điểm: 1199
2026-04-10 22:57:22,566 - =========================================
2026-04-10 22:57:22,566 - === BẮT ĐẦU CHẶNG 4: GUROBI MIP CHÍNH XÁC | Cost: 1199 ===
2026-04-10 22:57:22,566 -   [GĐ 4.1] Giải bài toán TSP trên từng tuyến đơn...
2026-04-10 22:57:22,820 -     -> Single Gurobi cải thiện: 133. Cost mới: 1066
2026-04-10 22:57:22,820 -   [GĐ 4.2] Xét từng cặp tuyến để phân bổ lại khách hàng...
2026-04-10 22:57:22,820 -   --- Pairwise Iter 1 (còn 1200s) ---
2026-04-10 22:57:38,417 -     [P4.2] Pair (1,2) giảm 5 -> BEST = 1061
2026-04-10 22:57:38,461 -   --- Pairwise Iter 2 (còn 1184s) ---
2026-04-10 22:58:17,376 -     [P4.2] Pair (2,4) giảm 32 -> BEST = 1029
2026-04-10 22:58:17,552 -   --- Pairwise Iter 3 (còn 1145s) ---
2026-04-10 22:58:53,366 -     [P4.2] Pair (1,5) giảm 15 -> BEST = 1014
2026-04-10 22:58:53,391 -   --- Pairwise Iter 4 (còn 1109s) ---
2026-04-10 22:59:29,786 -     [P4.2] Pair (0,3) giảm 48 -> BEST = 966
2026-04-10 22:59:29,902 -   --- Pairwise Iter 5 (còn 1073s) ---
2026-04-10 23:01:36,953 -     [P4.2] Pair (2,3) giảm 8 -> BEST = 958
2026-04-10 23:01:37,038 -   --- Pairwise Iter 6 (còn 946s) ---
2026-04-10 23:01:49,014 -     [P4.2] Pair (3,4) giảm 3 -> BEST = 955
2026-04-10 23:01:49,140 -   --- Pairwise Iter 7 (còn 933s) ---
2026-04-10 23:02:49,666 -     -> Đã đạt cực trị toàn cục cho mọi cặp dưới ngưỡng. KẾT THÚC CHẶNG 4.
2026-04-10 23:02:49,666 - Hoàn thành trong 327.1s. Final Cost: 955
2026-04-10 23:02:49,666 - ======================================================================
2026-04-10 23:02:49,667 - BÁO CÁO TỔNG KẾT (SUMMARY)
2026-04-10 23:02:49,667 - ======================================================================
2026-04-10 23:02:49,667 -   1. Chi phí Clarke-Wright:     1199
2026-04-10 23:02:49,667 -   2. Chi phí sau Gurobi MIP:    955
2026-04-10 23:02:49,667 -   => TỔNG CẢI THIỆN:            244
2026-04-10 23:02:49,667 -   => Số lần Gurobi Single cải thiện  : 6 lần
2026-04-10 23:02:49,667 -   => Số lần Gurobi Pairwise cải thiện: 6 lần
2026-04-10 23:02:49,667 -   => TỔNG THỜI GIAN CHẠY:       327.102s
2026-04-10 23:02:49,671 - ======================================================================
2026-04-10 23:02:49,671 - GUROBI MIP SOLVER  |  FILE: A-n37-k5.vrp
2026-04-10 23:02:49,671 - ======================================================================
2026-04-10 23:02:49,674 - Thông tin dữ liệu: Dimension=37, K=5, Capacity=100
2026-04-10 23:02:49,674 - --- Step 1: Clarke-Wright Heuristic ---
2026-04-10 23:02:49,676 -   Kết quả CW: Cost = 864, Time = 0.001s
2026-04-10 23:02:49,676 - --- Step 2: Advanced Optimization (Gurobi MIP) ---
2026-04-10 23:02:49,676 - =========================================
2026-04-10 23:02:49,676 - BẮT ĐẦU OPTIMIZE  (100% Gurobi MIP)
2026-04-10 23:02:49,676 -  -> Max Single Size  : 20
2026-04-10 23:02:49,676 -  -> Single Timeout   : 40.0s
2026-04-10 23:02:49,676 -  -> Max Pairwise Size: 22
2026-04-10 23:02:49,676 -  -> Pairwise Timeout : 67.0s
2026-04-10 23:02:49,676 -  -> Global Timeout   : 1200.0s
2026-04-10 23:02:49,676 -  -> Chi phí khởi điểm: 864
2026-04-10 23:02:49,676 - =========================================
2026-04-10 23:02:49,676 - === BẮT ĐẦU CHẶNG 4: GUROBI MIP CHÍNH XÁC | Cost: 864 ===
2026-04-10 23:02:49,676 -   [GĐ 4.1] Giải bài toán TSP trên từng tuyến đơn...
2026-04-10 23:02:49,959 -     -> Single Gurobi cải thiện: 103. Cost mới: 761
2026-04-10 23:02:49,959 -   [GĐ 4.2] Xét từng cặp tuyến để phân bổ lại khách hàng...
2026-04-10 23:02:49,959 -   --- Pairwise Iter 1 (còn 1200s) ---
2026-04-10 23:02:54,785 -     [P4.2] Pair (0,2) giảm 8 -> BEST = 753
2026-04-10 23:02:54,900 -   --- Pairwise Iter 2 (còn 1195s) ---
2026-04-10 23:03:27,456 -     [P4.2] Pair (2,4) giảm 14 -> BEST = 739
2026-04-10 23:03:27,582 -   --- Pairwise Iter 3 (còn 1162s) ---
2026-04-10 23:03:28,068 -     [P4.2] Pair (0,2) giảm 5 -> BEST = 734
2026-04-10 23:03:28,093 -   --- Pairwise Iter 4 (còn 1162s) ---
2026-04-10 23:03:55,070 -     [P4.2] Pair (1,2) giảm 1 -> BEST = 733
2026-04-10 23:03:55,185 -   --- Pairwise Iter 5 (còn 1134s) ---
2026-04-10 23:03:56,176 -     [P4.2] Pair (0,2) giảm 19 -> BEST = 714
2026-04-10 23:03:56,200 -   --- Pairwise Iter 6 (còn 1133s) ---
2026-04-10 23:04:55,444 -     [P4.2] Pair (1,4) giảm 5 -> BEST = 709
2026-04-10 23:04:55,529 -   --- Pairwise Iter 7 (còn 1074s) ---
2026-04-10 23:05:57,291 -     [P4.2] Pair (0,1) giảm 1 -> BEST = 708
2026-04-10 23:05:57,910 -   --- Pairwise Iter 8 (còn 1012s) ---
2026-04-10 23:08:05,717 -     [P4.2] Pair (3,4) giảm 7 -> BEST = 701
2026-04-10 23:08:05,822 -   --- Pairwise Iter 9 (còn 884s) ---
2026-04-10 23:11:19,471 -     [P4.2] Pair (0,3) giảm 1 -> BEST = 700
2026-04-10 23:11:19,888 -   --- Pairwise Iter 10 (còn 690s) ---
2026-04-10 23:13:26,866 -     [P4.2] Pair (0,1) giảm 21 -> BEST = 679
2026-04-10 23:13:26,981 -   --- Pairwise Iter 11 (còn 563s) ---
2026-04-10 23:14:35,965 -     [P4.2] Pair (1,3) giảm 10 -> BEST = 669
2026-04-10 23:14:36,161 -   --- Pairwise Iter 12 (còn 494s) ---
2026-04-10 23:16:30,105 -     -> Đã đạt cực trị toàn cục cho mọi cặp dưới ngưỡng. KẾT THÚC CHẶNG 4.
2026-04-10 23:16:30,106 - Hoàn thành trong 820.4s. Final Cost: 669
2026-04-10 23:16:30,106 - ======================================================================
2026-04-10 23:16:30,106 - BÁO CÁO TỔNG KẾT (SUMMARY)
2026-04-10 23:16:30,106 - ======================================================================
2026-04-10 23:16:30,106 -   1. Chi phí Clarke-Wright:     864
2026-04-10 23:16:30,106 -   2. Chi phí sau Gurobi MIP:    669
2026-04-10 23:16:30,106 -   => TỔNG CẢI THIỆN:            195
2026-04-10 23:16:30,106 -   => Số lần Gurobi Single cải thiện  : 5 lần
2026-04-10 23:16:30,106 -   => Số lần Gurobi Pairwise cải thiện: 11 lần
2026-04-10 23:16:30,106 -   => TỔNG THỜI GIAN CHẠY:       820.431s
2026-04-10 23:16:30,110 - ======================================================================
2026-04-10 23:16:30,111 - GUROBI MIP SOLVER  |  FILE: A-n38-k5.vrp
2026-04-10 23:16:30,111 - ======================================================================
2026-04-10 23:16:30,116 - Thông tin dữ liệu: Dimension=38, K=5, Capacity=100
2026-04-10 23:16:30,116 - --- Step 1: Clarke-Wright Heuristic ---
2026-04-10 23:16:30,118 -   Kết quả CW: Cost = 890, Time = 0.001s
2026-04-10 23:16:30,118 - --- Step 2: Advanced Optimization (Gurobi MIP) ---
2026-04-10 23:16:30,118 - =========================================
2026-04-10 23:16:30,118 - BẮT ĐẦU OPTIMIZE  (100% Gurobi MIP)
2026-04-10 23:16:30,118 -  -> Max Single Size  : 20
2026-04-10 23:16:30,118 -  -> Single Timeout   : 40.0s
2026-04-10 23:16:30,118 -  -> Max Pairwise Size: 22
2026-04-10 23:16:30,118 -  -> Pairwise Timeout : 69.0s
2026-04-10 23:16:30,118 -  -> Global Timeout   : 1200.0s
2026-04-10 23:16:30,118 -  -> Chi phí khởi điểm: 890
2026-04-10 23:16:30,118 - =========================================
2026-04-10 23:16:30,118 - === BẮT ĐẦU CHẶNG 4: GUROBI MIP CHÍNH XÁC | Cost: 890 ===
2026-04-10 23:16:30,118 -   [GĐ 4.1] Giải bài toán TSP trên từng tuyến đơn...
2026-04-10 23:16:30,411 -     -> Single Gurobi cải thiện: 83. Cost mới: 807
2026-04-10 23:16:30,411 -   [GĐ 4.2] Xét từng cặp tuyến để phân bổ lại khách hàng...
2026-04-10 23:16:30,411 -   --- Pairwise Iter 1 (còn 1200s) ---
2026-04-10 23:16:35,748 -     [P4.2] Pair (0,3) giảm 38 -> BEST = 769
2026-04-10 23:16:35,822 -   --- Pairwise Iter 2 (còn 1194s) ---
2026-04-10 23:17:36,086 -     [P4.2] Pair (1,2) giảm 25 -> BEST = 744
2026-04-10 23:17:36,151 -   --- Pairwise Iter 3 (còn 1134s) ---
2026-04-10 23:18:50,132 -     [P4.2] Pair (1,4) giảm 13 -> BEST = 731
2026-04-10 23:18:50,196 -   --- Pairwise Iter 4 (còn 1060s) ---
2026-04-10 23:21:04,887 -     -> Đã đạt cực trị toàn cục cho mọi cặp dưới ngưỡng. KẾT THÚC CHẶNG 4.
2026-04-10 23:21:04,887 - Hoàn thành trong 274.8s. Final Cost: 731
2026-04-10 23:21:04,888 - ======================================================================
2026-04-10 23:21:04,888 - BÁO CÁO TỔNG KẾT (SUMMARY)
2026-04-10 23:21:04,888 - ======================================================================
2026-04-10 23:21:04,888 -   1. Chi phí Clarke-Wright:     890
2026-04-10 23:21:04,888 -   2. Chi phí sau Gurobi MIP:    731
2026-04-10 23:21:04,888 -   => TỔNG CẢI THIỆN:            159
2026-04-10 23:21:04,888 -   => Số lần Gurobi Single cải thiện  : 4 lần
2026-04-10 23:21:04,888 -   => Số lần Gurobi Pairwise cải thiện: 3 lần
2026-04-10 23:21:04,888 -   => TỔNG THỜI GIAN CHẠY:       274.771s
2026-04-10 23:21:04,892 - ======================================================================
2026-04-10 23:21:04,892 - GUROBI MIP SOLVER  |  FILE: A-n39-k5.vrp
2026-04-10 23:21:04,892 - ======================================================================
2026-04-10 23:21:04,896 - Thông tin dữ liệu: Dimension=39, K=5, Capacity=100
2026-04-10 23:21:04,896 - --- Step 1: Clarke-Wright Heuristic ---
2026-04-10 23:21:04,897 -   Kết quả CW: Cost = 1130, Time = 0.001s
2026-04-10 23:21:04,897 - --- Step 2: Advanced Optimization (Gurobi MIP) ---
2026-04-10 23:21:04,897 - =========================================
2026-04-10 23:21:04,897 - BẮT ĐẦU OPTIMIZE  (100% Gurobi MIP)
2026-04-10 23:21:04,897 -  -> Max Single Size  : 20
2026-04-10 23:21:04,897 -  -> Single Timeout   : 40.0s
2026-04-10 23:21:04,897 -  -> Max Pairwise Size: 23
2026-04-10 23:21:04,897 -  -> Pairwise Timeout : 71.0s
2026-04-10 23:21:04,897 -  -> Global Timeout   : 1200.0s
2026-04-10 23:21:04,897 -  -> Chi phí khởi điểm: 1130
2026-04-10 23:21:04,897 - =========================================
2026-04-10 23:21:04,897 - === BẮT ĐẦU CHẶNG 4: GUROBI MIP CHÍNH XÁC | Cost: 1130 ===
2026-04-10 23:21:04,897 -   [GĐ 4.1] Giải bài toán TSP trên từng tuyến đơn...
2026-04-10 23:21:05,069 -     -> Single Gurobi cải thiện: 170. Cost mới: 960
2026-04-10 23:21:05,069 -   [GĐ 4.2] Xét từng cặp tuyến để phân bổ lại khách hàng...
2026-04-10 23:21:05,069 -   --- Pairwise Iter 1 (còn 1200s) ---
2026-04-10 23:22:04,391 -     [P4.2] Pair (0,3) giảm 48 -> BEST = 912
2026-04-10 23:22:04,435 -   --- Pairwise Iter 2 (còn 1140s) ---
2026-04-10 23:24:08,118 -     [P4.2] Pair (0,2) giảm 5 -> BEST = 907
2026-04-10 23:24:08,445 -   --- Pairwise Iter 3 (còn 1016s) ---
2026-04-10 23:25:32,954 -     [P4.2] Pair (2,3) giảm 1 -> BEST = 906
2026-04-10 23:25:32,978 -   --- Pairwise Iter 4 (còn 932s) ---
2026-04-10 23:28:47,626 -     [P4.2] Pair (0,4) giảm 50 -> BEST = 856
2026-04-10 23:28:47,772 -   --- Pairwise Iter 5 (còn 737s) ---
2026-04-10 23:31:07,395 -     [P4.2] Pair (3,4) giảm 4 -> BEST = 852
2026-04-10 23:31:07,611 -   --- Pairwise Iter 6 (còn 597s) ---
2026-04-10 23:34:06,224 -     [P4.2] Pair (1,3) giảm 3 -> BEST = 849
2026-04-10 23:34:06,279 -   --- Pairwise Iter 7 (còn 419s) ---
2026-04-10 23:37:23,762 -     [P4.2] Pair (0,1) giảm 15 -> BEST = 834
2026-04-10 23:37:23,848 -   --- Pairwise Iter 8 (còn 221s) ---
2026-04-10 23:40:24,764 -     [P4.2] Pair (0,3) giảm 1 -> BEST = 833
2026-04-10 23:40:24,839 -   --- Pairwise Iter 9 (còn 40s) ---
2026-04-10 23:41:02,925 -     -> Đã đạt cực trị toàn cục cho mọi cặp dưới ngưỡng. KẾT THÚC CHẶNG 4.
2026-04-10 23:41:02,925 - Hoàn thành trong 1198.0s. Final Cost: 833
2026-04-10 23:41:02,925 - ======================================================================
2026-04-10 23:41:02,925 - BÁO CÁO TỔNG KẾT (SUMMARY)
2026-04-10 23:41:02,925 - ======================================================================
2026-04-10 23:41:02,925 -   1. Chi phí Clarke-Wright:     1130
2026-04-10 23:41:02,925 -   2. Chi phí sau Gurobi MIP:    833
2026-04-10 23:41:02,925 -   => TỔNG CẢI THIỆN:            297
2026-04-10 23:41:02,925 -   => Số lần Gurobi Single cải thiện  : 5 lần
2026-04-10 23:41:02,925 -   => Số lần Gurobi Pairwise cải thiện: 8 lần
2026-04-10 23:41:02,925 -   => TỔNG THỜI GIAN CHẠY:       1198.029s
2026-04-10 23:41:02,930 - ======================================================================
2026-04-10 23:41:02,930 - GUROBI MIP SOLVER  |  FILE: A-n39-k6.vrp
2026-04-10 23:41:02,930 - ======================================================================
2026-04-10 23:41:02,941 - Thông tin dữ liệu: Dimension=39, K=6, Capacity=100
2026-04-10 23:41:02,941 - --- Step 1: Clarke-Wright Heuristic ---
2026-04-10 23:41:02,943 -   Kết quả CW: Cost = 1073, Time = 0.001s
2026-04-10 23:41:02,943 - --- Step 2: Advanced Optimization (Gurobi MIP) ---
2026-04-10 23:41:02,943 - =========================================
2026-04-10 23:41:02,943 - BẮT ĐẦU OPTIMIZE  (100% Gurobi MIP)
2026-04-10 23:41:02,943 -  -> Max Single Size  : 20
2026-04-10 23:41:02,943 -  -> Single Timeout   : 40.0s
2026-04-10 23:41:02,943 -  -> Max Pairwise Size: 19
2026-04-10 23:41:02,943 -  -> Pairwise Timeout : 59.0s
2026-04-10 23:41:02,943 -  -> Global Timeout   : 1200.0s
2026-04-10 23:41:02,943 -  -> Chi phí khởi điểm: 1073
2026-04-10 23:41:02,943 - =========================================
2026-04-10 23:41:02,943 - === BẮT ĐẦU CHẶNG 4: GUROBI MIP CHÍNH XÁC | Cost: 1073 ===
2026-04-10 23:41:02,943 -   [GĐ 4.1] Giải bài toán TSP trên từng tuyến đơn...
2026-04-10 23:41:03,449 -     -> Single Gurobi cải thiện: 79. Cost mới: 994
2026-04-10 23:41:03,449 -   [GĐ 4.2] Xét từng cặp tuyến để phân bổ lại khách hàng...
2026-04-10 23:41:03,449 -   --- Pairwise Iter 1 (còn 1199s) ---
2026-04-10 23:41:03,704 -     [P4.2] Pair (1,5) giảm 3 -> BEST = 991
2026-04-10 23:41:03,729 -   --- Pairwise Iter 2 (còn 1199s) ---
2026-04-10 23:42:02,906 -     [P4.2] Pair (0,3) giảm 52 -> BEST = 939
2026-04-10 23:42:02,951 -   --- Pairwise Iter 3 (còn 1140s) ---
2026-04-10 23:42:23,226 -     [P4.2] Pair (2,3) giảm 39 -> BEST = 900
2026-04-10 23:42:23,251 -   --- Pairwise Iter 4 (còn 1120s) ---
2026-04-10 23:42:57,092 -     [P4.2] Pair (0,1) giảm 13 -> BEST = 887
2026-04-10 23:42:57,126 -   --- Pairwise Iter 5 (còn 1086s) ---
2026-04-10 23:42:57,249 -     [P4.2] Pair (0,5) giảm 7 -> BEST = 880
2026-04-10 23:42:57,274 -   --- Pairwise Iter 6 (còn 1086s) ---
2026-04-10 23:43:19,547 -     [P4.2] Pair (2,4) giảm 15 -> BEST = 865
2026-04-10 23:43:19,611 -   --- Pairwise Iter 7 (còn 1063s) ---
2026-04-10 23:43:40,646 -     [P4.2] Pair (4,5) giảm 34 -> BEST = 831
2026-04-10 23:43:40,681 -   --- Pairwise Iter 8 (còn 1042s) ---
2026-04-10 23:44:18,004 -     -> Đã đạt cực trị toàn cục cho mọi cặp dưới ngưỡng. KẾT THÚC CHẶNG 4.
2026-04-10 23:44:18,004 - Hoàn thành trong 195.1s. Final Cost: 831
2026-04-10 23:44:18,004 - ======================================================================
2026-04-10 23:44:18,004 - BÁO CÁO TỔNG KẾT (SUMMARY)
2026-04-10 23:44:18,004 - ======================================================================
2026-04-10 23:44:18,004 -   1. Chi phí Clarke-Wright:     1073
2026-04-10 23:44:18,004 -   2. Chi phí sau Gurobi MIP:    831
2026-04-10 23:44:18,004 -   => TỔNG CẢI THIỆN:            242
2026-04-10 23:44:18,004 -   => Số lần Gurobi Single cải thiện  : 4 lần
2026-04-10 23:44:18,004 -   => Số lần Gurobi Pairwise cải thiện: 7 lần
2026-04-10 23:44:18,004 -   => TỔNG THỜI GIAN CHẠY:       195.063s
2026-04-10 23:44:18,009 - ======================================================================
2026-04-10 23:44:18,009 - GUROBI MIP SOLVER  |  FILE: A-n44-k6.vrp
2026-04-10 23:44:18,009 - ======================================================================
2026-04-10 23:44:18,015 - Thông tin dữ liệu: Dimension=44, K=6, Capacity=100
2026-04-10 23:44:18,015 - --- Step 1: Clarke-Wright Heuristic ---
2026-04-10 23:44:18,017 -   Kết quả CW: Cost = 1218, Time = 0.002s
2026-04-10 23:44:18,017 - --- Step 2: Advanced Optimization (Gurobi MIP) ---
2026-04-10 23:44:18,017 - =========================================
2026-04-10 23:44:18,017 - BẮT ĐẦU OPTIMIZE  (100% Gurobi MIP)
2026-04-10 23:44:18,017 -  -> Max Single Size  : 20
2026-04-10 23:44:18,017 -  -> Single Timeout   : 40.0s
2026-04-10 23:44:18,017 -  -> Max Pairwise Size: 22
2026-04-10 23:44:18,017 -  -> Pairwise Timeout : 66.0s
2026-04-10 23:44:18,017 -  -> Global Timeout   : 1200.0s
2026-04-10 23:44:18,017 -  -> Chi phí khởi điểm: 1218
2026-04-10 23:44:18,017 - =========================================
2026-04-10 23:44:18,017 - === BẮT ĐẦU CHẶNG 4: GUROBI MIP CHÍNH XÁC | Cost: 1218 ===
2026-04-10 23:44:18,017 -   [GĐ 4.1] Giải bài toán TSP trên từng tuyến đơn...
2026-04-10 23:44:18,304 -     -> Single Gurobi cải thiện: 68. Cost mới: 1150
2026-04-10 23:44:18,304 -   [GĐ 4.2] Xét từng cặp tuyến để phân bổ lại khách hàng...
2026-04-10 23:44:18,305 -   --- Pairwise Iter 1 (còn 1200s) ---
2026-04-10 23:44:23,863 -     [P4.2] Pair (1,2) giảm 11 -> BEST = 1139
2026-04-10 23:44:23,928 -   --- Pairwise Iter 2 (còn 1194s) ---
2026-04-10 23:44:29,961 -     [P4.2] Pair (1,4) giảm 39 -> BEST = 1100
2026-04-10 23:44:30,025 -   --- Pairwise Iter 3 (còn 1188s) ---
2026-04-10 23:44:38,069 -     [P4.2] Pair (1,5) giảm 50 -> BEST = 1050
2026-04-10 23:44:38,164 -   --- Pairwise Iter 4 (còn 1180s) ---
2026-04-10 23:44:42,270 -     [P4.2] Pair (4,5) giảm 2 -> BEST = 1048
2026-04-10 23:44:42,335 -   --- Pairwise Iter 5 (còn 1176s) ---
2026-04-10 23:44:57,111 -     [P4.2] Pair (1,3) giảm 90 -> BEST = 958
2026-04-10 23:44:57,287 -   --- Pairwise Iter 6 (còn 1161s) ---
2026-04-10 23:46:23,282 -     -> Đã đạt cực trị toàn cục cho mọi cặp dưới ngưỡng. KẾT THÚC CHẶNG 4.
2026-04-10 23:46:23,282 - Hoàn thành trong 125.3s. Final Cost: 958
2026-04-10 23:46:23,282 - ======================================================================
2026-04-10 23:46:23,282 - BÁO CÁO TỔNG KẾT (SUMMARY)
2026-04-10 23:46:23,282 - ======================================================================
2026-04-10 23:46:23,282 -   1. Chi phí Clarke-Wright:     1218
2026-04-10 23:46:23,282 -   2. Chi phí sau Gurobi MIP:    958
2026-04-10 23:46:23,282 -   => TỔNG CẢI THIỆN:            260
2026-04-10 23:46:23,282 -   => Số lần Gurobi Single cải thiện  : 3 lần
2026-04-10 23:46:23,282 -   => Số lần Gurobi Pairwise cải thiện: 5 lần
2026-04-10 23:46:23,282 -   => TỔNG THỜI GIAN CHẠY:       125.266s
2026-04-10 23:46:23,287 - ======================================================================
2026-04-10 23:46:23,287 - GUROBI MIP SOLVER  |  FILE: A-n45-k7.vrp
2026-04-10 23:46:23,287 - ======================================================================
2026-04-10 23:46:23,290 - Thông tin dữ liệu: Dimension=45, K=7, Capacity=100
2026-04-10 23:46:23,291 - --- Step 1: Clarke-Wright Heuristic ---
2026-04-10 23:46:23,293 -   Kết quả CW: Cost = 1428, Time = 0.002s
2026-04-10 23:46:23,293 - --- Step 2: Advanced Optimization (Gurobi MIP) ---
2026-04-10 23:46:23,293 - =========================================
2026-04-10 23:46:23,293 - BẮT ĐẦU OPTIMIZE  (100% Gurobi MIP)
2026-04-10 23:46:23,293 -  -> Max Single Size  : 20
2026-04-10 23:46:23,293 -  -> Single Timeout   : 40.0s
2026-04-10 23:46:23,293 -  -> Max Pairwise Size: 19
2026-04-10 23:46:23,293 -  -> Pairwise Timeout : 58.0s
2026-04-10 23:46:23,293 -  -> Global Timeout   : 1200.0s
2026-04-10 23:46:23,293 -  -> Chi phí khởi điểm: 1428
2026-04-10 23:46:23,293 - =========================================
2026-04-10 23:46:23,293 - === BẮT ĐẦU CHẶNG 4: GUROBI MIP CHÍNH XÁC | Cost: 1428 ===
2026-04-10 23:46:23,293 -   [GĐ 4.1] Giải bài toán TSP trên từng tuyến đơn...
2026-04-10 23:46:23,509 -     -> Single Gurobi cải thiện: 91. Cost mới: 1337
2026-04-10 23:46:23,509 -   [GĐ 4.2] Xét từng cặp tuyến để phân bổ lại khách hàng...
2026-04-10 23:46:23,509 -   --- Pairwise Iter 1 (còn 1200s) ---
2026-04-10 23:46:23,854 -     [P4.2] Pair (0,3) giảm 14 -> BEST = 1323
2026-04-10 23:46:23,879 -   --- Pairwise Iter 2 (còn 1199s) ---
2026-04-10 23:46:37,797 -     [P4.2] Pair (4,6) giảm 15 -> BEST = 1308
2026-04-10 23:46:37,862 -   --- Pairwise Iter 3 (còn 1185s) ---
2026-04-10 23:46:39,942 -     [P4.2] Pair (4,5) giảm 6 -> BEST = 1302
2026-04-10 23:46:40,037 -   --- Pairwise Iter 4 (còn 1183s) ---
2026-04-10 23:46:47,675 -     [P4.2] Pair (4,6) giảm 5 -> BEST = 1297
2026-04-10 23:46:47,759 -   --- Pairwise Iter 5 (còn 1176s) ---
2026-04-10 23:47:08,264 -     [P4.2] Pair (4,5) giảm 15 -> BEST = 1282
2026-04-10 23:47:08,318 -   --- Pairwise Iter 6 (còn 1155s) ---
2026-04-10 23:47:10,105 -     [P4.2] Pair (1,5) giảm 33 -> BEST = 1249
2026-04-10 23:47:10,170 -   --- Pairwise Iter 7 (còn 1153s) ---
2026-04-10 23:47:20,674 -     [P4.2] Pair (3,4) giảm 42 -> BEST = 1207
2026-04-10 23:47:20,719 -   --- Pairwise Iter 8 (còn 1143s) ---
2026-04-10 23:49:18,600 -     [P4.2] Pair (0,3) giảm 15 -> BEST = 1192
2026-04-10 23:49:18,685 -   --- Pairwise Iter 9 (còn 1025s) ---
2026-04-10 23:52:20,266 -     [P4.2] Pair (2,5) giảm 21 -> BEST = 1171
2026-04-10 23:52:20,370 -   --- Pairwise Iter 10 (còn 843s) ---
2026-04-10 23:53:35,908 -     [P4.2] Pair (2,4) giảm 2 -> BEST = 1169
2026-04-10 23:53:35,973 -   --- Pairwise Iter 11 (còn 767s) ---
2026-04-10 23:56:02,252 -     [P4.2] Pair (2,3) giảm 6 -> BEST = 1163
2026-04-10 23:56:02,307 -   --- Pairwise Iter 12 (còn 621s) ---
2026-04-10 23:58:02,672 -     [P4.2] Pair (3,6) giảm 1 -> BEST = 1162
2026-04-10 23:58:02,757 -   --- Pairwise Iter 13 (còn 501s) ---
2026-04-11 00:01:06,529 -     -> Đã đạt cực trị toàn cục cho mọi cặp dưới ngưỡng. KẾT THÚC CHẶNG 4.
2026-04-11 00:01:06,529 - Hoàn thành trong 883.2s. Final Cost: 1162
2026-04-11 00:01:06,529 - ======================================================================
2026-04-11 00:01:06,529 - BÁO CÁO TỔNG KẾT (SUMMARY)
2026-04-11 00:01:06,529 - ======================================================================
2026-04-11 00:01:06,529 -   1. Chi phí Clarke-Wright:     1428
2026-04-11 00:01:06,529 -   2. Chi phí sau Gurobi MIP:    1162
2026-04-11 00:01:06,529 -   => TỔNG CẢI THIỆN:            266
2026-04-11 00:01:06,529 -   => Số lần Gurobi Single cải thiện  : 5 lần
2026-04-11 00:01:06,529 -   => Số lần Gurobi Pairwise cải thiện: 12 lần
2026-04-11 00:01:06,529 -   => TỔNG THỜI GIAN CHẠY:       883.238s
2026-04-11 00:01:06,534 - ======================================================================
2026-04-11 00:01:06,534 - GUROBI MIP SOLVER  |  FILE: A-n45-k6.vrp
2026-04-11 00:01:06,534 - ======================================================================
2026-04-11 00:01:06,541 - Thông tin dữ liệu: Dimension=45, K=6, Capacity=100
2026-04-11 00:01:06,541 - --- Step 1: Clarke-Wright Heuristic ---
2026-04-11 00:01:06,543 -   Kết quả CW: Cost = 1379, Time = 0.002s
2026-04-11 00:01:06,543 - --- Step 2: Advanced Optimization (Gurobi MIP) ---
2026-04-11 00:01:06,543 - =========================================
2026-04-11 00:01:06,543 - BẮT ĐẦU OPTIMIZE  (100% Gurobi MIP)
2026-04-11 00:01:06,543 -  -> Max Single Size  : 20
2026-04-11 00:01:06,543 -  -> Single Timeout   : 40.0s
2026-04-11 00:01:06,543 -  -> Max Pairwise Size: 22
2026-04-11 00:01:06,543 -  -> Pairwise Timeout : 68.0s
2026-04-11 00:01:06,543 -  -> Global Timeout   : 1200.0s
2026-04-11 00:01:06,543 -  -> Chi phí khởi điểm: 1379
2026-04-11 00:01:06,543 - =========================================
2026-04-11 00:01:06,543 - === BẮT ĐẦU CHẶNG 4: GUROBI MIP CHÍNH XÁC | Cost: 1379 ===
2026-04-11 00:01:06,543 -   [GĐ 4.1] Giải bài toán TSP trên từng tuyến đơn...
2026-04-11 00:01:06,757 -     -> Single Gurobi cải thiện: 134. Cost mới: 1245
2026-04-11 00:01:06,757 -   [GĐ 4.2] Xét từng cặp tuyến để phân bổ lại khách hàng...
2026-04-11 00:01:06,757 -   --- Pairwise Iter 1 (còn 1200s) ---
2026-04-11 00:01:26,134 -     [P4.2] Pair (2,5) giảm 51 -> BEST = 1194
2026-04-11 00:01:26,320 -   --- Pairwise Iter 2 (còn 1180s) ---
2026-04-11 00:02:34,353 -     [P4.2] Pair (2,4) giảm 14 -> BEST = 1180
2026-04-11 00:02:34,580 -   --- Pairwise Iter 3 (còn 1112s) ---
2026-04-11 00:03:48,683 -     [P4.2] Pair (4,5) giảm 31 -> BEST = 1149
2026-04-11 00:03:48,787 -   --- Pairwise Iter 4 (còn 1038s) ---
2026-04-11 00:05:17,913 -     [P4.2] Pair (1,3) giảm 73 -> BEST = 1076
2026-04-11 00:05:18,028 -   --- Pairwise Iter 5 (còn 949s) ---
2026-04-11 00:08:56,818 -     [P4.2] Pair (3,4) giảm 49 -> BEST = 1027
2026-04-11 00:08:57,024 -   --- Pairwise Iter 6 (còn 730s) ---
2026-04-11 00:10:56,765 -     [P4.2] Pair (1,3) giảm 8 -> BEST = 1019
2026-04-11 00:10:56,891 -   --- Pairwise Iter 7 (còn 610s) ---
2026-04-11 00:14:17,232 -     [P4.2] Pair (2,4) giảm 7 -> BEST = 1012
2026-04-11 00:14:17,459 -   --- Pairwise Iter 8 (còn 409s) ---
2026-04-11 00:16:55,401 -     [P4.2] Pair (4,5) giảm 10 -> BEST = 1002
2026-04-11 00:16:55,527 -   --- Pairwise Iter 9 (còn 251s) ---
2026-04-11 00:17:07,458 -     [P4.2] Pair (2,4) giảm 16 -> BEST = 986
2026-04-11 00:17:07,644 -   --- Pairwise Iter 10 (còn 239s) ---
2026-04-11 00:18:15,685 -     [P4.2] Pair (3,5) giảm 7 -> BEST = 979
2026-04-11 00:18:15,810 -   --- Pairwise Iter 11 (còn 171s) ---
2026-04-11 00:21:04,563 -     [P4.2] Pair (1,5) giảm 1 -> BEST = 978
2026-04-11 00:21:04,563 -   --- Pairwise Iter 12 (còn 2s) ---
2026-04-11 00:21:04,564 -     -> Đã đạt cực trị toàn cục cho mọi cặp dưới ngưỡng. KẾT THÚC CHẶNG 4.
2026-04-11 00:21:04,564 - Hoàn thành trong 1198.0s. Final Cost: 978
2026-04-11 00:21:04,564 - ======================================================================
2026-04-11 00:21:04,564 - BÁO CÁO TỔNG KẾT (SUMMARY)
2026-04-11 00:21:04,564 - ======================================================================
2026-04-11 00:21:04,564 -   1. Chi phí Clarke-Wright:     1379
2026-04-11 00:21:04,564 -   2. Chi phí sau Gurobi MIP:    978
2026-04-11 00:21:04,564 -   => TỔNG CẢI THIỆN:            401
2026-04-11 00:21:04,564 -   => Số lần Gurobi Single cải thiện  : 6 lần
2026-04-11 00:21:04,564 -   => Số lần Gurobi Pairwise cải thiện: 11 lần
2026-04-11 00:21:04,564 -   => TỔNG THỜI GIAN CHẠY:       1198.023s
2026-04-11 00:21:04,569 - ======================================================================
2026-04-11 00:21:04,569 - GUROBI MIP SOLVER  |  FILE: A-n46-k7.vrp
2026-04-11 00:21:04,569 - ======================================================================
2026-04-11 00:21:04,576 - Thông tin dữ liệu: Dimension=46, K=7, Capacity=100
2026-04-11 00:21:04,576 - --- Step 1: Clarke-Wright Heuristic ---
2026-04-11 00:21:04,578 -   Kết quả CW: Cost = 1143, Time = 0.002s
2026-04-11 00:21:04,578 - --- Step 2: Advanced Optimization (Gurobi MIP) ---
2026-04-11 00:21:04,578 - =========================================
2026-04-11 00:21:04,578 - BẮT ĐẦU OPTIMIZE  (100% Gurobi MIP)
2026-04-11 00:21:04,578 -  -> Max Single Size  : 20
2026-04-11 00:21:04,578 -  -> Single Timeout   : 40.0s
2026-04-11 00:21:04,578 -  -> Max Pairwise Size: 19
2026-04-11 00:21:04,578 -  -> Pairwise Timeout : 60.0s
2026-04-11 00:21:04,578 -  -> Global Timeout   : 1200.0s
2026-04-11 00:21:04,578 -  -> Chi phí khởi điểm: 1143
2026-04-11 00:21:04,578 - =========================================
2026-04-11 00:21:04,578 - === BẮT ĐẦU CHẶNG 4: GUROBI MIP CHÍNH XÁC | Cost: 1143 ===
2026-04-11 00:21:04,579 -   [GĐ 4.1] Giải bài toán TSP trên từng tuyến đơn...
2026-04-11 00:21:04,814 -     -> Single Gurobi cải thiện: 93. Cost mới: 1050
2026-04-11 00:21:04,814 -   [GĐ 4.2] Xét từng cặp tuyến để phân bổ lại khách hàng...
2026-04-11 00:21:04,815 -   --- Pairwise Iter 1 (còn 1200s) ---
2026-04-11 00:21:17,945 -     [P4.2] Pair (2,4) giảm 38 -> BEST = 1012
2026-04-11 00:21:18,050 -   --- Pairwise Iter 2 (còn 1187s) ---
2026-04-11 00:21:18,607 -     [P4.2] Pair (1,3) giảm 16 -> BEST = 996
2026-04-11 00:21:18,642 -   --- Pairwise Iter 3 (còn 1186s) ---
2026-04-11 00:22:32,805 -     [P4.2] Pair (0,5) giảm 31 -> BEST = 965
2026-04-11 00:22:33,203 -   --- Pairwise Iter 4 (còn 1111s) ---
2026-04-11 00:23:47,902 -     [P4.2] Pair (3,6) giảm 15 -> BEST = 950
2026-04-11 00:23:47,987 -   --- Pairwise Iter 5 (còn 1037s) ---
2026-04-11 00:29:28,674 -     -> Đã đạt cực trị toàn cục cho mọi cặp dưới ngưỡng. KẾT THÚC CHẶNG 4.
2026-04-11 00:29:28,674 - Hoàn thành trong 504.1s. Final Cost: 950
2026-04-11 00:29:28,674 - ======================================================================
2026-04-11 00:29:28,675 - BÁO CÁO TỔNG KẾT (SUMMARY)
2026-04-11 00:29:28,675 - ======================================================================
2026-04-11 00:29:28,675 -   1. Chi phí Clarke-Wright:     1143
2026-04-11 00:29:28,675 -   2. Chi phí sau Gurobi MIP:    950
2026-04-11 00:29:28,675 -   => TỔNG CẢI THIỆN:            193
2026-04-11 00:29:28,675 -   => Số lần Gurobi Single cải thiện  : 6 lần
2026-04-11 00:29:28,675 -   => Số lần Gurobi Pairwise cải thiện: 4 lần
2026-04-11 00:29:28,675 -   => TỔNG THỜI GIAN CHẠY:       504.098s
2026-04-11 00:29:28,679 - ======================================================================
2026-04-11 00:29:28,679 - GUROBI MIP SOLVER  |  FILE: A-n48-k7.vrp
2026-04-11 00:29:28,679 - ======================================================================
2026-04-11 00:29:28,686 - Thông tin dữ liệu: Dimension=48, K=7, Capacity=100
2026-04-11 00:29:28,686 - --- Step 1: Clarke-Wright Heuristic ---
2026-04-11 00:29:28,688 -   Kết quả CW: Cost = 1397, Time = 0.002s
2026-04-11 00:29:28,688 - --- Step 2: Advanced Optimization (Gurobi MIP) ---
2026-04-11 00:29:28,688 - =========================================
2026-04-11 00:29:28,688 - BẮT ĐẦU OPTIMIZE  (100% Gurobi MIP)
2026-04-11 00:29:28,688 -  -> Max Single Size  : 20
2026-04-11 00:29:28,688 -  -> Single Timeout   : 40.0s
2026-04-11 00:29:28,688 -  -> Max Pairwise Size: 20
2026-04-11 00:29:28,688 -  -> Pairwise Timeout : 62.0s
2026-04-11 00:29:28,688 -  -> Global Timeout   : 1200.0s
2026-04-11 00:29:28,689 -  -> Chi phí khởi điểm: 1397
2026-04-11 00:29:28,689 - =========================================
2026-04-11 00:29:28,689 - === BẮT ĐẦU CHẶNG 4: GUROBI MIP CHÍNH XÁC | Cost: 1397 ===
2026-04-11 00:29:28,689 -   [GĐ 4.1] Giải bài toán TSP trên từng tuyến đơn...
2026-04-11 00:29:29,107 -     -> Single Gurobi cải thiện: 106. Cost mới: 1291
2026-04-11 00:29:29,107 -   [GĐ 4.2] Xét từng cặp tuyến để phân bổ lại khách hàng...
2026-04-11 00:29:29,107 -   --- Pairwise Iter 1 (còn 1200s) ---
2026-04-11 00:30:02,814 -     [P4.2] Pair (2,4) giảm 38 -> BEST = 1253
2026-04-11 00:30:02,869 -   --- Pairwise Iter 2 (còn 1166s) ---
2026-04-11 00:30:03,224 -     [P4.2] Pair (0,2) giảm 64 -> BEST = 1189
2026-04-11 00:30:03,279 -   --- Pairwise Iter 3 (còn 1165s) ---
2026-04-11 00:30:24,015 -     [P4.2] Pair (2,6) giảm 9 -> BEST = 1180
2026-04-11 00:30:24,070 -   --- Pairwise Iter 4 (còn 1145s) ---
2026-04-11 00:31:10,168 -     [P4.2] Pair (0,4) giảm 3 -> BEST = 1177
2026-04-11 00:31:10,233 -   --- Pairwise Iter 5 (còn 1098s) ---
2026-04-11 00:32:53,443 -     [P4.2] Pair (2,4) giảm 5 -> BEST = 1172
2026-04-11 00:32:53,649 -   --- Pairwise Iter 6 (còn 995s) ---
2026-04-11 00:33:34,170 -     [P4.2] Pair (2,6) giảm 2 -> BEST = 1170
2026-04-11 00:33:34,234 -   --- Pairwise Iter 7 (còn 954s) ---
2026-04-11 00:36:30,168 -     [P4.2] Pair (0,1) giảm 23 -> BEST = 1147
2026-04-11 00:36:30,203 -   --- Pairwise Iter 8 (còn 778s) ---
2026-04-11 00:40:51,916 -     [P4.2] Pair (0,2) giảm 7 -> BEST = 1140
2026-04-11 00:40:52,011 -   --- Pairwise Iter 9 (còn 517s) ---
2026-04-11 00:41:40,769 -     [P4.2] Pair (0,4) giảm 2 -> BEST = 1138
2026-04-11 00:41:41,167 -   --- Pairwise Iter 10 (còn 468s) ---
2026-04-11 00:41:58,154 -     [P4.2] Pair (0,2) giảm 10 -> BEST = 1128
2026-04-11 00:41:58,290 -   --- Pairwise Iter 11 (còn 450s) ---
2026-04-11 00:46:51,421 -     [P4.2] Pair (2,5) giảm 10 -> BEST = 1118
2026-04-11 00:46:51,678 -   --- Pairwise Iter 12 (còn 157s) ---
2026-04-11 00:49:26,711 -     [P4.2] Pair (0,2) giảm 12 -> BEST = 1106
2026-04-11 00:49:26,711 -   --- Pairwise Iter 13 (còn 2s) ---
2026-04-11 00:49:26,712 -     -> Đã đạt cực trị toàn cục cho mọi cặp dưới ngưỡng. KẾT THÚC CHẶNG 4.
2026-04-11 00:49:26,712 - Hoàn thành trong 1198.0s. Final Cost: 1106
2026-04-11 00:49:26,712 - ======================================================================
2026-04-11 00:49:26,712 - BÁO CÁO TỔNG KẾT (SUMMARY)
2026-04-11 00:49:26,712 - ======================================================================
2026-04-11 00:49:26,712 -   1. Chi phí Clarke-Wright:     1397
2026-04-11 00:49:26,712 -   2. Chi phí sau Gurobi MIP:    1106
2026-04-11 00:49:26,712 -   => TỔNG CẢI THIỆN:            291
2026-04-11 00:49:26,712 -   => Số lần Gurobi Single cải thiện  : 7 lần
2026-04-11 00:49:26,712 -   => Số lần Gurobi Pairwise cải thiện: 12 lần
2026-04-11 00:49:26,712 -   => TỔNG THỜI GIAN CHẠY:       1198.025s
2026-04-11 00:49:26,717 - ======================================================================
2026-04-11 00:49:26,717 - GUROBI MIP SOLVER  |  FILE: A-n53-k7.vrp
2026-04-11 00:49:26,717 - ======================================================================
2026-04-11 00:49:26,724 - Thông tin dữ liệu: Dimension=53, K=7, Capacity=100
2026-04-11 00:49:26,724 - --- Step 1: Clarke-Wright Heuristic ---
2026-04-11 00:49:26,727 -   Kết quả CW: Cost = 1225, Time = 0.002s
2026-04-11 00:49:26,727 - --- Step 2: Advanced Optimization (Gurobi MIP) ---
2026-04-11 00:49:26,727 - =========================================
2026-04-11 00:49:26,727 - BẮT ĐẦU OPTIMIZE  (100% Gurobi MIP)
2026-04-11 00:49:26,727 -  -> Max Single Size  : 20
2026-04-11 00:49:26,727 -  -> Single Timeout   : 40.0s
2026-04-11 00:49:26,727 -  -> Max Pairwise Size: 22
2026-04-11 00:49:26,727 -  -> Pairwise Timeout : 69.0s
2026-04-11 00:49:26,727 -  -> Global Timeout   : 1200.0s
2026-04-11 00:49:26,727 -  -> Chi phí khởi điểm: 1225
2026-04-11 00:49:26,727 - =========================================
2026-04-11 00:49:26,728 - === BẮT ĐẦU CHẶNG 4: GUROBI MIP CHÍNH XÁC | Cost: 1225 ===
2026-04-11 00:49:26,728 -   [GĐ 4.1] Giải bài toán TSP trên từng tuyến đơn...
2026-04-11 00:49:27,419 -     -> Single Gurobi cải thiện: 91. Cost mới: 1134
2026-04-11 00:49:27,419 -   [GĐ 4.2] Xét từng cặp tuyến để phân bổ lại khách hàng...
2026-04-11 00:49:27,419 -   --- Pairwise Iter 1 (còn 1199s) ---
2026-04-11 00:49:32,313 -     [P4.2] Pair (0,4) giảm 21 -> BEST = 1113
2026-04-11 00:49:32,337 -   --- Pairwise Iter 2 (còn 1194s) ---
2026-04-11 00:49:38,073 -     [P4.2] Pair (4,5) giảm 11 -> BEST = 1102
2026-04-11 00:49:38,248 -   --- Pairwise Iter 3 (còn 1188s) ---
2026-04-11 00:49:52,541 -     [P4.2] Pair (2,3) giảm 9 -> BEST = 1093
2026-04-11 00:49:52,646 -   --- Pairwise Iter 4 (còn 1174s) ---
2026-04-11 00:51:34,057 -     [P4.2] Pair (1,3) giảm 6 -> BEST = 1087
2026-04-11 00:51:34,212 -   --- Pairwise Iter 5 (còn 1073s) ---
2026-04-11 00:53:05,787 -     [P4.2] Pair (2,6) giảm 8 -> BEST = 1079
2026-04-11 00:53:05,892 -   --- Pairwise Iter 6 (còn 981s) ---
2026-04-11 00:56:26,657 -     [P4.2] Pair (3,4) giảm 2 -> BEST = 1077
2026-04-11 00:56:26,953 -   --- Pairwise Iter 7 (còn 780s) ---
2026-04-11 01:01:42,072 -     [P4.2] Pair (0,1) giảm 1 -> BEST = 1076
2026-04-11 01:01:42,117 -   --- Pairwise Iter 8 (còn 465s) ---
2026-04-11 01:05:34,566 -     [P4.2] Pair (0,4) giảm 7 -> BEST = 1069
2026-04-11 01:05:34,774 -   --- Pairwise Iter 9 (còn 232s) ---
2026-04-11 01:08:43,181 -     [P4.2] Pair (0,3) giảm 1 -> BEST = 1068
2026-04-11 01:08:43,811 -   --- Pairwise Iter 10 (còn 43s) ---
2026-04-11 01:08:46,355 -     [P4.2] Pair (0,1) giảm 1 -> BEST = 1067
2026-04-11 01:08:46,551 -   --- Pairwise Iter 11 (còn 40s) ---
2026-04-11 01:09:24,757 -     [P4.2] Pair (1,3) giảm 8 -> BEST = 1059
2026-04-11 01:09:24,757 -   --- Pairwise Iter 12 (còn 2s) ---
2026-04-11 01:09:24,757 -     -> Đã đạt cực trị toàn cục cho mọi cặp dưới ngưỡng. KẾT THÚC CHẶNG 4.
2026-04-11 01:09:24,757 - Hoàn thành trong 1198.0s. Final Cost: 1059
2026-04-11 01:09:24,757 - ======================================================================
2026-04-11 01:09:24,757 - BÁO CÁO TỔNG KẾT (SUMMARY)
2026-04-11 01:09:24,758 - ======================================================================
2026-04-11 01:09:24,758 -   1. Chi phí Clarke-Wright:     1225
2026-04-11 01:09:24,758 -   2. Chi phí sau Gurobi MIP:    1059
2026-04-11 01:09:24,758 -   => TỔNG CẢI THIỆN:            166
2026-04-11 01:09:24,758 -   => Số lần Gurobi Single cải thiện  : 5 lần
2026-04-11 01:09:24,758 -   => Số lần Gurobi Pairwise cải thiện: 11 lần
2026-04-11 01:09:24,758 -   => TỔNG THỜI GIAN CHẠY:       1198.033s
2026-04-11 01:09:24,762 - ======================================================================
2026-04-11 01:09:24,762 - GUROBI MIP SOLVER  |  FILE: A-n54-k7.vrp
2026-04-11 01:09:24,762 - ======================================================================
2026-04-11 01:09:24,768 - Thông tin dữ liệu: Dimension=54, K=7, Capacity=100
2026-04-11 01:09:24,768 - --- Step 1: Clarke-Wright Heuristic ---
2026-04-11 01:09:24,770 -   Kết quả CW: Cost = 1652, Time = 0.002s
2026-04-11 01:09:24,770 - --- Step 2: Advanced Optimization (Gurobi MIP) ---
2026-04-11 01:09:24,770 - =========================================
2026-04-11 01:09:24,770 - BẮT ĐẦU OPTIMIZE  (100% Gurobi MIP)
2026-04-11 01:09:24,770 -  -> Max Single Size  : 20
2026-04-11 01:09:24,770 -  -> Single Timeout   : 40.0s
2026-04-11 01:09:24,770 -  -> Max Pairwise Size: 23
2026-04-11 01:09:24,770 -  -> Pairwise Timeout : 70.0s
2026-04-11 01:09:24,770 -  -> Global Timeout   : 1200.0s
2026-04-11 01:09:24,771 -  -> Chi phí khởi điểm: 1652
2026-04-11 01:09:24,771 - =========================================
2026-04-11 01:09:24,771 - === BẮT ĐẦU CHẶNG 4: GUROBI MIP CHÍNH XÁC | Cost: 1652 ===
2026-04-11 01:09:24,771 -   [GĐ 4.1] Giải bài toán TSP trên từng tuyến đơn...
2026-04-11 01:09:25,047 -     -> Single Gurobi cải thiện: 79. Cost mới: 1573
2026-04-11 01:09:25,047 -   [GĐ 4.2] Xét từng cặp tuyến để phân bổ lại khách hàng...
2026-04-11 01:09:25,047 -   --- Pairwise Iter 1 (còn 1200s) ---
2026-04-11 01:09:38,586 -     [P4.2] Pair (3,4) giảm 160 -> BEST = 1413
2026-04-11 01:09:38,862 -   --- Pairwise Iter 2 (còn 1186s) ---
2026-04-11 01:10:48,892 -     [P4.2] Pair (1,5) giảm 32 -> BEST = 1381
2026-04-11 01:10:49,149 -   --- Pairwise Iter 3 (còn 1116s) ---
2026-04-11 01:11:51,553 -     [P4.2] Pair (3,5) giảm 20 -> BEST = 1361
2026-04-11 01:11:51,870 -   --- Pairwise Iter 4 (còn 1053s) ---
2026-04-11 01:14:13,000 -     [P4.2] Pair (0,2) giảm 9 -> BEST = 1352
2026-04-11 01:14:13,075 -   --- Pairwise Iter 5 (còn 912s) ---
2026-04-11 01:17:28,088 -     [P4.2] Pair (0,3) giảm 14 -> BEST = 1338
2026-04-11 01:17:28,183 -   --- Pairwise Iter 6 (còn 717s) ---
2026-04-11 01:18:10,258 -     [P4.2] Pair (1,3) giảm 14 -> BEST = 1324
2026-04-11 01:18:10,424 -   --- Pairwise Iter 7 (còn 674s) ---
2026-04-11 01:19:30,894 -     [P4.2] Pair (2,3) giảm 33 -> BEST = 1291
2026-04-11 01:19:31,020 -   --- Pairwise Iter 8 (còn 594s) ---
2026-04-11 01:23:08,079 -     [P4.2] Pair (4,6) giảm 92 -> BEST = 1199
2026-04-11 01:23:08,547 -   --- Pairwise Iter 9 (còn 376s) ---
2026-04-11 01:29:22,805 -     [P4.2] Pair (1,6) giảm 32 -> BEST = 1167
2026-04-11 01:29:22,806 -   --- Pairwise Iter 10 (còn 2s) ---
2026-04-11 01:29:22,806 -     -> Đã đạt cực trị toàn cục cho mọi cặp dưới ngưỡng. KẾT THÚC CHẶNG 4.
2026-04-11 01:29:22,806 - Hoàn thành trong 1198.0s. Final Cost: 1167
2026-04-11 01:29:22,806 - ======================================================================
2026-04-11 01:29:22,806 - BÁO CÁO TỔNG KẾT (SUMMARY)
2026-04-11 01:29:22,806 - ======================================================================
2026-04-11 01:29:22,806 -   1. Chi phí Clarke-Wright:     1652
2026-04-11 01:29:22,806 -   2. Chi phí sau Gurobi MIP:    1167
2026-04-11 01:29:22,807 -   => TỔNG CẢI THIỆN:            485
2026-04-11 01:29:22,807 -   => Số lần Gurobi Single cải thiện  : 6 lần
2026-04-11 01:29:22,807 -   => Số lần Gurobi Pairwise cải thiện: 9 lần
2026-04-11 01:29:22,807 -   => TỔNG THỜI GIAN CHẠY:       1198.038s
2026-04-11 01:29:22,811 - ======================================================================
2026-04-11 01:29:22,812 - GUROBI MIP SOLVER  |  FILE: A-n55-k9.vrp
2026-04-11 01:29:22,812 - ======================================================================
2026-04-11 01:29:22,825 - Thông tin dữ liệu: Dimension=55, K=9, Capacity=100
2026-04-11 01:29:22,825 - --- Step 1: Clarke-Wright Heuristic ---
2026-04-11 01:29:22,828 -   Kết quả CW: Cost = 1377, Time = 0.003s
2026-04-11 01:29:22,828 - --- Step 2: Advanced Optimization (Gurobi MIP) ---
2026-04-11 01:29:22,828 - =========================================
2026-04-11 01:29:22,828 - BẮT ĐẦU OPTIMIZE  (100% Gurobi MIP)
2026-04-11 01:29:22,828 -  -> Max Single Size  : 20
2026-04-11 01:29:22,828 -  -> Single Timeout   : 40.0s
2026-04-11 01:29:22,828 -  -> Max Pairwise Size: 18
2026-04-11 01:29:22,828 -  -> Pairwise Timeout : 55.0s
2026-04-11 01:29:22,828 -  -> Global Timeout   : 1200.0s
2026-04-11 01:29:22,828 -  -> Chi phí khởi điểm: 1377
2026-04-11 01:29:22,829 - =========================================
2026-04-11 01:29:22,829 - === BẮT ĐẦU CHẶNG 4: GUROBI MIP CHÍNH XÁC | Cost: 1377 ===
2026-04-11 01:29:22,829 -   [GĐ 4.1] Giải bài toán TSP trên từng tuyến đơn...
2026-04-11 01:29:23,150 -     -> Single Gurobi cải thiện: 97. Cost mới: 1280
2026-04-11 01:29:23,150 -   [GĐ 4.2] Xét từng cặp tuyến để phân bổ lại khách hàng...
2026-04-11 01:29:23,150 -   --- Pairwise Iter 1 (còn 1200s) ---
2026-04-11 01:29:23,879 -     [P4.2] Pair (0,6) giảm 24 -> BEST = 1256
2026-04-11 01:29:23,913 -   --- Pairwise Iter 2 (còn 1199s) ---
2026-04-11 01:29:28,193 -     [P4.2] Pair (2,3) giảm 9 -> BEST = 1247
2026-04-11 01:29:28,278 -   --- Pairwise Iter 3 (còn 1195s) ---
2026-04-11 01:29:40,910 -     [P4.2] Pair (0,4) giảm 2 -> BEST = 1245
2026-04-11 01:29:40,935 -   --- Pairwise Iter 4 (còn 1182s) ---
2026-04-11 01:29:44,559 -     [P4.2] Pair (4,6) giảm 2 -> BEST = 1243
2026-04-11 01:29:44,624 -   --- Pairwise Iter 5 (còn 1178s) ---
2026-04-11 01:30:30,081 -     [P4.2] Pair (0,6) giảm 42 -> BEST = 1201
2026-04-11 01:30:30,237 -   --- Pairwise Iter 6 (còn 1133s) ---
2026-04-11 01:31:24,748 -     [P4.2] Pair (4,5) giảm 9 -> BEST = 1192
2026-04-11 01:31:24,813 -   --- Pairwise Iter 7 (còn 1078s) ---
2026-04-11 01:31:33,812 -     [P4.2] Pair (0,5) giảm 47 -> BEST = 1145
2026-04-11 01:31:33,867 -   --- Pairwise Iter 8 (còn 1069s) ---
2026-04-11 01:32:02,175 -     [P4.2] Pair (5,6) giảm 3 -> BEST = 1142
2026-04-11 01:32:02,321 -   --- Pairwise Iter 9 (còn 1041s) ---
2026-04-11 01:33:40,545 -     [P4.2] Pair (7,8) giảm 3 -> BEST = 1139
2026-04-11 01:33:40,620 -   --- Pairwise Iter 10 (còn 942s) ---
2026-04-11 01:36:26,285 -     [P4.2] Pair (2,5) giảm 1 -> BEST = 1138
2026-04-11 01:36:26,501 -   --- Pairwise Iter 11 (còn 776s) ---
2026-04-11 01:37:11,518 -     [P4.2] Pair (2,4) giảm 1 -> BEST = 1137
2026-04-11 01:37:11,644 -   --- Pairwise Iter 12 (còn 731s) ---
2026-04-11 01:38:48,567 -     [P4.2] Pair (2,7) giảm 12 -> BEST = 1125
2026-04-11 01:38:48,693 -   --- Pairwise Iter 13 (còn 634s) ---
2026-04-11 01:39:32,902 -     [P4.2] Pair (2,8) giảm 7 -> BEST = 1118
2026-04-11 01:39:32,967 -   --- Pairwise Iter 14 (còn 590s) ---
2026-04-11 01:41:20,959 -     [P4.2] Pair (1,5) giảm 3 -> BEST = 1115
2026-04-11 01:41:21,024 -   --- Pairwise Iter 15 (còn 482s) ---
2026-04-11 01:44:14,299 -     -> Đã đạt cực trị toàn cục cho mọi cặp dưới ngưỡng. KẾT THÚC CHẶNG 4.
2026-04-11 01:44:14,300 - Hoàn thành trong 891.5s. Final Cost: 1115
2026-04-11 01:44:14,300 - ======================================================================
2026-04-11 01:44:14,300 - BÁO CÁO TỔNG KẾT (SUMMARY)
2026-04-11 01:44:14,300 - ======================================================================
2026-04-11 01:44:14,300 -   1. Chi phí Clarke-Wright:     1377
2026-04-11 01:44:14,300 -   2. Chi phí sau Gurobi MIP:    1115
2026-04-11 01:44:14,300 -   => TỔNG CẢI THIỆN:            262
2026-04-11 01:44:14,300 -   => Số lần Gurobi Single cải thiện  : 8 lần
2026-04-11 01:44:14,300 -   => Số lần Gurobi Pairwise cải thiện: 14 lần
2026-04-11 01:44:14,300 -   => TỔNG THỜI GIAN CHẠY:       891.474s
2026-04-11 01:44:14,305 - ======================================================================
2026-04-11 01:44:14,305 - GUROBI MIP SOLVER  |  FILE: A-n60-k9.vrp
2026-04-11 01:44:14,305 - ======================================================================
2026-04-11 01:44:14,314 - Thông tin dữ liệu: Dimension=60, K=9, Capacity=100
2026-04-11 01:44:14,314 - --- Step 1: Clarke-Wright Heuristic ---
2026-04-11 01:44:14,318 -   Kết quả CW: Cost = 1731, Time = 0.004s
2026-04-11 01:44:14,318 - --- Step 2: Advanced Optimization (Gurobi MIP) ---
2026-04-11 01:44:14,318 - =========================================
2026-04-11 01:44:14,319 - BẮT ĐẦU OPTIMIZE  (100% Gurobi MIP)
2026-04-11 01:44:14,319 -  -> Max Single Size  : 20
2026-04-11 01:44:14,319 -  -> Single Timeout   : 40.0s
2026-04-11 01:44:14,319 -  -> Max Pairwise Size: 20
2026-04-11 01:44:14,319 -  -> Pairwise Timeout : 60.0s
2026-04-11 01:44:14,319 -  -> Global Timeout   : 1200.0s
2026-04-11 01:44:14,319 -  -> Chi phí khởi điểm: 1731
2026-04-11 01:44:14,319 - =========================================
2026-04-11 01:44:14,319 - === BẮT ĐẦU CHẶNG 4: GUROBI MIP CHÍNH XÁC | Cost: 1731 ===
2026-04-11 01:44:14,319 -   [GĐ 4.1] Giải bài toán TSP trên từng tuyến đơn...
2026-04-11 01:44:14,689 -     -> Single Gurobi cải thiện: 116. Cost mới: 1615
2026-04-11 01:44:14,690 -   [GĐ 4.2] Xét từng cặp tuyến để phân bổ lại khách hàng...
2026-04-11 01:44:14,690 -   --- Pairwise Iter 1 (còn 1200s) ---
2026-04-11 01:44:18,144 -     [P4.2] Pair (0,3) giảm 60 -> BEST = 1555
2026-04-11 01:44:18,229 -   --- Pairwise Iter 2 (còn 1196s) ---
2026-04-11 01:44:46,235 -     [P4.2] Pair (3,8) giảm 6 -> BEST = 1549
2026-04-11 01:44:46,309 -   --- Pairwise Iter 3 (còn 1168s) ---
2026-04-11 01:45:16,719 -     [P4.2] Pair (0,4) giảm 36 -> BEST = 1513
2026-04-11 01:45:16,773 -   --- Pairwise Iter 4 (còn 1138s) ---
2026-04-11 01:45:49,624 -     [P4.2] Pair (2,6) giảm 12 -> BEST = 1501
2026-04-11 01:45:49,658 -   --- Pairwise Iter 5 (còn 1105s) ---
2026-04-11 01:47:41,057 -     [P4.2] Pair (4,7) giảm 17 -> BEST = 1484
2026-04-11 01:47:41,132 -   --- Pairwise Iter 6 (còn 993s) ---
2026-04-11 01:49:09,077 -     [P4.2] Pair (0,4) giảm 3 -> BEST = 1481
2026-04-11 01:49:09,152 -   --- Pairwise Iter 7 (còn 905s) ---
2026-04-11 01:50:41,786 -     [P4.2] Pair (0,7) giảm 1 -> BEST = 1480
2026-04-11 01:50:41,820 -   --- Pairwise Iter 8 (còn 812s) ---
2026-04-11 01:52:18,674 -     [P4.2] Pair (0,3) giảm 4 -> BEST = 1476
2026-04-11 01:52:18,809 -   --- Pairwise Iter 9 (còn 716s) ---
2026-04-11 01:53:18,836 -     [P4.2] Pair (0,8) giảm 4 -> BEST = 1472
2026-04-11 01:53:18,891 -   --- Pairwise Iter 10 (còn 655s) ---
2026-04-11 01:56:32,914 -     [P4.2] Pair (0,1) giảm 18 -> BEST = 1454
2026-04-11 01:56:33,029 -   --- Pairwise Iter 11 (còn 461s) ---
2026-04-11 01:57:09,799 -     [P4.2] Pair (0,8) giảm 1 -> BEST = 1453
2026-04-11 01:57:09,864 -   --- Pairwise Iter 12 (còn 424s) ---
2026-04-11 01:58:21,745 -     [P4.2] Pair (0,3) giảm 16 -> BEST = 1437
2026-04-11 01:58:21,769 -   --- Pairwise Iter 13 (còn 353s) ---
2026-04-11 02:01:27,615 -     [P4.2] Pair (1,2) giảm 1 -> BEST = 1436
2026-04-11 02:01:27,922 -   --- Pairwise Iter 14 (còn 166s) ---
2026-04-11 02:04:12,348 -     -> Đã đạt cực trị toàn cục cho mọi cặp dưới ngưỡng. KẾT THÚC CHẶNG 4.
2026-04-11 02:04:12,348 - Hoàn thành trong 1198.0s. Final Cost: 1436
2026-04-11 02:04:12,348 - ======================================================================
2026-04-11 02:04:12,348 - BÁO CÁO TỔNG KẾT (SUMMARY)
2026-04-11 02:04:12,348 - ======================================================================
2026-04-11 02:04:12,348 -   1. Chi phí Clarke-Wright:     1731
2026-04-11 02:04:12,348 -   2. Chi phí sau Gurobi MIP:    1436
2026-04-11 02:04:12,348 -   => TỔNG CẢI THIỆN:            295
2026-04-11 02:04:12,348 -   => Số lần Gurobi Single cải thiện  : 8 lần
2026-04-11 02:04:12,348 -   => Số lần Gurobi Pairwise cải thiện: 13 lần
2026-04-11 02:04:12,348 -   => TỔNG THỜI GIAN CHẠY:       1198.033s
2026-04-11 02:04:12,353 - ======================================================================
2026-04-11 02:04:12,353 - GUROBI MIP SOLVER  |  FILE: A-n61-k9.vrp
2026-04-11 02:04:12,353 - ======================================================================
2026-04-11 02:04:12,360 - Thông tin dữ liệu: Dimension=61, K=9, Capacity=100
2026-04-11 02:04:12,360 - --- Step 1: Clarke-Wright Heuristic ---
2026-04-11 02:04:12,363 -   Kết quả CW: Cost = 1471, Time = 0.003s
2026-04-11 02:04:12,363 - --- Step 2: Advanced Optimization (Gurobi MIP) ---
2026-04-11 02:04:12,363 - =========================================
2026-04-11 02:04:12,363 - BẮT ĐẦU OPTIMIZE  (100% Gurobi MIP)
2026-04-11 02:04:12,363 -  -> Max Single Size  : 20
2026-04-11 02:04:12,363 -  -> Single Timeout   : 40.0s
2026-04-11 02:04:12,363 -  -> Max Pairwise Size: 20
2026-04-11 02:04:12,363 -  -> Pairwise Timeout : 61.0s
2026-04-11 02:04:12,363 -  -> Global Timeout   : 1200.0s
2026-04-11 02:04:12,363 -  -> Chi phí khởi điểm: 1471
2026-04-11 02:04:12,363 - =========================================
2026-04-11 02:04:12,363 - === BẮT ĐẦU CHẶNG 4: GUROBI MIP CHÍNH XÁC | Cost: 1471 ===
2026-04-11 02:04:12,364 -   [GĐ 4.1] Giải bài toán TSP trên từng tuyến đơn...
2026-04-11 02:04:13,077 -     -> Single Gurobi cải thiện: 62. Cost mới: 1409
2026-04-11 02:04:13,077 -   [GĐ 4.2] Xét từng cặp tuyến để phân bổ lại khách hàng...
2026-04-11 02:04:13,077 -   --- Pairwise Iter 1 (còn 1199s) ---
2026-04-11 02:04:57,091 -     [P4.2] Pair (5,8) giảm 16 -> BEST = 1393
2026-04-11 02:04:57,186 -   --- Pairwise Iter 2 (còn 1155s) ---
2026-04-11 02:05:58,203 -     [P4.2] Pair (1,5) giảm 2 -> BEST = 1391
2026-04-11 02:05:58,369 -   --- Pairwise Iter 3 (còn 1094s) ---
2026-04-11 02:07:12,950 -     [P4.2] Pair (2,6) giảm 12 -> BEST = 1379
2026-04-11 02:07:13,055 -   --- Pairwise Iter 4 (còn 1019s) ---
2026-04-11 02:08:45,169 -     [P4.2] Pair (7,8) giảm 85 -> BEST = 1294
2026-04-11 02:08:45,264 -   --- Pairwise Iter 5 (còn 927s) ---
2026-04-11 02:10:08,640 -     [P4.2] Pair (0,3) giảm 23 -> BEST = 1271
2026-04-11 02:10:08,766 -   --- Pairwise Iter 6 (còn 844s) ---
2026-04-11 02:10:55,132 -     [P4.2] Pair (0,8) giảm 36 -> BEST = 1235
2026-04-11 02:10:55,479 -   --- Pairwise Iter 7 (còn 797s) ---
2026-04-11 02:11:59,060 -     [P4.2] Pair (0,4) giảm 49 -> BEST = 1186
2026-04-11 02:11:59,124 -   --- Pairwise Iter 8 (còn 733s) ---
2026-04-11 02:13:06,222 -     [P4.2] Pair (0,3) giảm 23 -> BEST = 1163
2026-04-11 02:13:06,286 -   --- Pairwise Iter 9 (còn 666s) ---
2026-04-11 02:13:07,923 -     [P4.2] Pair (0,4) giảm 5 -> BEST = 1158
2026-04-11 02:13:07,997 -   --- Pairwise Iter 10 (còn 664s) ---
2026-04-11 02:14:18,231 -     [P4.2] Pair (0,8) giảm 19 -> BEST = 1139
2026-04-11 02:14:18,285 -   --- Pairwise Iter 11 (còn 594s) ---
2026-04-11 02:15:55,173 -     [P4.2] Pair (4,7) giảm 9 -> BEST = 1130
2026-04-11 02:15:55,228 -   --- Pairwise Iter 12 (còn 497s) ---
2026-04-11 02:17:12,136 -     [P4.2] Pair (0,7) giảm 5 -> BEST = 1125
2026-04-11 02:17:12,241 -   --- Pairwise Iter 13 (còn 420s) ---
2026-04-11 02:17:14,946 -     [P4.2] Pair (0,8) giảm 9 -> BEST = 1116
2026-04-11 02:17:15,001 -   --- Pairwise Iter 14 (còn 417s) ---
2026-04-11 02:18:41,247 -     [P4.2] Pair (0,5) giảm 26 -> BEST = 1090
2026-04-11 02:18:41,291 -   --- Pairwise Iter 15 (còn 331s) ---
2026-04-11 02:20:43,368 -     [P4.2] Pair (0,1) giảm 4 -> BEST = 1086
2026-04-11 02:20:43,514 -   --- Pairwise Iter 16 (còn 209s) ---
2026-04-11 02:22:05,708 -     [P4.2] Pair (0,8) giảm 1 -> BEST = 1085
2026-04-11 02:22:05,762 -   --- Pairwise Iter 17 (còn 127s) ---
2026-04-11 02:24:10,380 -     -> Đã đạt cực trị toàn cục cho mọi cặp dưới ngưỡng. KẾT THÚC CHẶNG 4.
2026-04-11 02:24:10,380 - Hoàn thành trong 1198.0s. Final Cost: 1085
2026-04-11 02:24:10,380 - ======================================================================
2026-04-11 02:24:10,380 - BÁO CÁO TỔNG KẾT (SUMMARY)
2026-04-11 02:24:10,380 - ======================================================================
2026-04-11 02:24:10,380 -   1. Chi phí Clarke-Wright:     1471
2026-04-11 02:24:10,380 -   2. Chi phí sau Gurobi MIP:    1085
2026-04-11 02:24:10,380 -   => TỔNG CẢI THIỆN:            386
2026-04-11 02:24:10,380 -   => Số lần Gurobi Single cải thiện  : 7 lần
2026-04-11 02:24:10,380 -   => Số lần Gurobi Pairwise cải thiện: 16 lần
2026-04-11 02:24:10,380 -   => TỔNG THỜI GIAN CHẠY:       1198.020s
2026-04-11 02:24:10,385 - ======================================================================
2026-04-11 02:24:10,385 - GUROBI MIP SOLVER  |  FILE: A-n62-k8.vrp
2026-04-11 02:24:10,385 - ======================================================================
2026-04-11 02:24:10,400 - Thông tin dữ liệu: Dimension=62, K=8, Capacity=100
2026-04-11 02:24:10,400 - --- Step 1: Clarke-Wright Heuristic ---
2026-04-11 02:24:10,404 -   Kết quả CW: Cost = 1769, Time = 0.004s
2026-04-11 02:24:10,404 - --- Step 2: Advanced Optimization (Gurobi MIP) ---
2026-04-11 02:24:10,404 - =========================================
2026-04-11 02:24:10,404 - BẮT ĐẦU OPTIMIZE  (100% Gurobi MIP)
2026-04-11 02:24:10,404 -  -> Max Single Size  : 20
2026-04-11 02:24:10,404 -  -> Single Timeout   : 40.0s
2026-04-11 02:24:10,404 -  -> Max Pairwise Size: 23
2026-04-11 02:24:10,404 -  -> Pairwise Timeout : 70.0s
2026-04-11 02:24:10,404 -  -> Global Timeout   : 1200.0s
2026-04-11 02:24:10,404 -  -> Chi phí khởi điểm: 1769
2026-04-11 02:24:10,404 - =========================================
2026-04-11 02:24:10,404 - === BẮT ĐẦU CHẶNG 4: GUROBI MIP CHÍNH XÁC | Cost: 1769 ===
2026-04-11 02:24:10,404 -   [GĐ 4.1] Giải bài toán TSP trên từng tuyến đơn...
2026-04-11 02:24:10,773 -     -> Single Gurobi cải thiện: 125. Cost mới: 1644
2026-04-11 02:24:10,773 -   [GĐ 4.2] Xét từng cặp tuyến để phân bổ lại khách hàng...
2026-04-11 02:24:10,773 -   --- Pairwise Iter 1 (còn 1200s) ---
2026-04-11 02:25:20,814 -     [P4.2] Pair (3,4) giảm 1 -> BEST = 1643
2026-04-11 02:25:20,919 -   --- Pairwise Iter 2 (còn 1129s) ---
2026-04-11 02:25:42,058 -     [P4.2] Pair (0,1) giảm 27 -> BEST = 1616
2026-04-11 02:25:42,214 -   --- Pairwise Iter 3 (còn 1108s) ---
2026-04-11 02:26:10,896 -     [P4.2] Pair (1,5) giảm 20 -> BEST = 1596
2026-04-11 02:26:10,991 -   --- Pairwise Iter 4 (còn 1079s) ---
2026-04-11 02:26:50,861 -     [P4.2] Pair (2,4) giảm 63 -> BEST = 1533
2026-04-11 02:26:50,915 -   --- Pairwise Iter 5 (còn 1039s) ---
2026-04-11 02:27:39,486 -     [P4.2] Pair (2,7) giảm 28 -> BEST = 1505
2026-04-11 02:27:39,521 -   --- Pairwise Iter 6 (còn 991s) ---
2026-04-11 02:27:40,209 -     [P4.2] Pair (4,7) giảm 16 -> BEST = 1489
2026-04-11 02:27:40,274 -   --- Pairwise Iter 7 (còn 990s) ---
2026-04-11 02:28:50,316 -     [P4.2] Pair (0,2) giảm 27 -> BEST = 1462
2026-04-11 02:28:51,218 -   --- Pairwise Iter 8 (còn 919s) ---
2026-04-11 02:30:11,177 -     [P4.2] Pair (3,6) giảm 79 -> BEST = 1383
2026-04-11 02:30:11,252 -   --- Pairwise Iter 9 (còn 839s) ---
2026-04-11 02:35:02,335 -     [P4.2] Pair (1,2) giảm 3 -> BEST = 1380
2026-04-11 02:35:02,460 -   --- Pairwise Iter 10 (còn 548s) ---
2026-04-11 02:38:44,339 -     [P4.2] Pair (0,6) giảm 3 -> BEST = 1377
2026-04-11 02:38:45,907 -   --- Pairwise Iter 11 (còn 324s) ---
2026-04-11 02:43:40,117 -     [P4.2] Pair (1,3) giảm 2 -> BEST = 1375
2026-04-11 02:43:40,174 -   --- Pairwise Iter 12 (còn 30s) ---
2026-04-11 02:44:08,434 -     -> Đã đạt cực trị toàn cục cho mọi cặp dưới ngưỡng. KẾT THÚC CHẶNG 4.
2026-04-11 02:44:08,435 - Hoàn thành trong 1198.0s. Final Cost: 1375
2026-04-11 02:44:08,435 - ======================================================================
2026-04-11 02:44:08,435 - BÁO CÁO TỔNG KẾT (SUMMARY)
2026-04-11 02:44:08,435 - ======================================================================
2026-04-11 02:44:08,435 -   1. Chi phí Clarke-Wright:     1769
2026-04-11 02:44:08,435 -   2. Chi phí sau Gurobi MIP:    1375
2026-04-11 02:44:08,435 -   => TỔNG CẢI THIỆN:            394
2026-04-11 02:44:08,435 -   => Số lần Gurobi Single cải thiện  : 5 lần
2026-04-11 02:44:08,435 -   => Số lần Gurobi Pairwise cải thiện: 11 lần
2026-04-11 02:44:08,435 -   => TỔNG THỜI GIAN CHẠY:       1198.034s
2026-04-11 02:44:08,439 - ======================================================================
2026-04-11 02:44:08,440 - GUROBI MIP SOLVER  |  FILE: A-n63-k9.vrp
2026-04-11 02:44:08,440 - ======================================================================
2026-04-11 02:44:08,450 - Thông tin dữ liệu: Dimension=63, K=9, Capacity=100
2026-04-11 02:44:08,450 - --- Step 1: Clarke-Wright Heuristic ---
2026-04-11 02:44:08,454 -   Kết quả CW: Cost = 2051, Time = 0.004s
2026-04-11 02:44:08,454 - --- Step 2: Advanced Optimization (Gurobi MIP) ---
2026-04-11 02:44:08,454 - =========================================
2026-04-11 02:44:08,454 - BẮT ĐẦU OPTIMIZE  (100% Gurobi MIP)
2026-04-11 02:44:08,454 -  -> Max Single Size  : 20
2026-04-11 02:44:08,454 -  -> Single Timeout   : 40.0s
2026-04-11 02:44:08,454 -  -> Max Pairwise Size: 21
2026-04-11 02:44:08,454 -  -> Pairwise Timeout : 63.0s
2026-04-11 02:44:08,454 -  -> Global Timeout   : 1200.0s
2026-04-11 02:44:08,454 -  -> Chi phí khởi điểm: 2051
2026-04-11 02:44:08,454 - =========================================
2026-04-11 02:44:08,454 - === BẮT ĐẦU CHẶNG 4: GUROBI MIP CHÍNH XÁC | Cost: 2051 ===
2026-04-11 02:44:08,454 -   [GĐ 4.1] Giải bài toán TSP trên từng tuyến đơn...
2026-04-11 02:44:09,340 -     -> Single Gurobi cải thiện: 109. Cost mới: 1942
2026-04-11 02:44:09,340 -   [GĐ 4.2] Xét từng cặp tuyến để phân bổ lại khách hàng...
2026-04-11 02:44:09,340 -   --- Pairwise Iter 1 (còn 1199s) ---
2026-04-11 02:45:12,403 -     [P4.2] Pair (0,4) giảm 30 -> BEST = 1912
2026-04-11 02:45:13,516 -   --- Pairwise Iter 2 (còn 1135s) ---
2026-04-11 02:46:49,591 -     [P4.2] Pair (1,5) giảm 28 -> BEST = 1884
2026-04-11 02:46:49,757 -   --- Pairwise Iter 3 (còn 1039s) ---
2026-04-11 02:49:27,985 -     [P4.2] Pair (2,3) giảm 32 -> BEST = 1852
2026-04-11 02:49:28,110 -   --- Pairwise Iter 4 (còn 880s) ---
2026-04-11 02:52:06,354 -     [P4.2] Pair (2,8) giảm 7 -> BEST = 1845
2026-04-11 02:52:06,449 -   --- Pairwise Iter 5 (còn 722s) ---
2026-04-11 02:55:47,775 -     [P4.2] Pair (0,8) giảm 5 -> BEST = 1840
2026-04-11 02:55:48,717 -   --- Pairwise Iter 6 (còn 500s) ---
2026-04-11 02:57:54,825 -     [P4.2] Pair (0,2) giảm 17 -> BEST = 1823
2026-04-11 02:57:55,041 -   --- Pairwise Iter 7 (còn 373s) ---
2026-04-11 02:58:58,075 -     [P4.2] Pair (2,8) giảm 15 -> BEST = 1808
2026-04-11 02:58:59,098 -   --- Pairwise Iter 8 (còn 309s) ---
2026-04-11 03:02:40,425 -     [P4.2] Pair (3,4) giảm 20 -> BEST = 1788
2026-04-11 03:02:40,601 -   --- Pairwise Iter 9 (còn 88s) ---
2026-04-11 03:04:06,499 -     [P4.2] Pair (2,3) giảm 10 -> BEST = 1778
2026-04-11 03:04:06,499 -   --- Pairwise Iter 10 (còn 2s) ---
2026-04-11 03:04:06,500 -     -> Đã đạt cực trị toàn cục cho mọi cặp dưới ngưỡng. KẾT THÚC CHẶNG 4.
2026-04-11 03:04:06,500 - Hoàn thành trong 1198.0s. Final Cost: 1778
2026-04-11 03:04:06,500 - ======================================================================
2026-04-11 03:04:06,500 - BÁO CÁO TỔNG KẾT (SUMMARY)
2026-04-11 03:04:06,500 - ======================================================================
2026-04-11 03:04:06,500 -   1. Chi phí Clarke-Wright:     2051
2026-04-11 03:04:06,500 -   2. Chi phí sau Gurobi MIP:    1778
2026-04-11 03:04:06,500 -   => TỔNG CẢI THIỆN:            273
2026-04-11 03:04:06,500 -   => Số lần Gurobi Single cải thiện  : 8 lần
2026-04-11 03:04:06,500 -   => Số lần Gurobi Pairwise cải thiện: 9 lần
2026-04-11 03:04:06,500 -   => TỔNG THỜI GIAN CHẠY:       1198.050s
2026-04-11 03:04:06,505 - ======================================================================
2026-04-11 03:04:06,505 - GUROBI MIP SOLVER  |  FILE: A-n63-k10.vrp
2026-04-11 03:04:06,505 - ======================================================================
2026-04-11 03:04:06,515 - Thông tin dữ liệu: Dimension=63, K=10, Capacity=100
2026-04-11 03:04:06,515 - --- Step 1: Clarke-Wright Heuristic ---
2026-04-11 03:04:06,518 -   Kết quả CW: Cost = 1674, Time = 0.004s
2026-04-11 03:04:06,518 - --- Step 2: Advanced Optimization (Gurobi MIP) ---
2026-04-11 03:04:06,518 - =========================================
2026-04-11 03:04:06,519 - BẮT ĐẦU OPTIMIZE  (100% Gurobi MIP)
2026-04-11 03:04:06,519 -  -> Max Single Size  : 20
2026-04-11 03:04:06,519 -  -> Single Timeout   : 40.0s
2026-04-11 03:04:06,519 -  -> Max Pairwise Size: 18
2026-04-11 03:04:06,519 -  -> Pairwise Timeout : 57.0s
2026-04-11 03:04:06,519 -  -> Global Timeout   : 1200.0s
2026-04-11 03:04:06,519 -  -> Chi phí khởi điểm: 1674
2026-04-11 03:04:06,519 - =========================================
2026-04-11 03:04:06,519 - === BẮT ĐẦU CHẶNG 4: GUROBI MIP CHÍNH XÁC | Cost: 1674 ===
2026-04-11 03:04:06,519 -   [GĐ 4.1] Giải bài toán TSP trên từng tuyến đơn...
2026-04-11 03:04:06,911 -     -> Single Gurobi cải thiện: 78. Cost mới: 1596
2026-04-11 03:04:06,911 -   [GĐ 4.2] Xét từng cặp tuyến để phân bổ lại khách hàng...
2026-04-11 03:04:06,911 -   --- Pairwise Iter 1 (còn 1200s) ---
2026-04-11 03:04:39,781 -     [P4.2] Pair (1,3) giảm 103 -> BEST = 1493
2026-04-11 03:04:39,856 -   --- Pairwise Iter 2 (còn 1167s) ---
2026-04-11 03:05:36,880 -     [P4.2] Pair (4,9) giảm 10 -> BEST = 1483
2026-04-11 03:05:36,924 -   --- Pairwise Iter 3 (còn 1110s) ---
2026-04-11 03:05:38,693 -     [P4.2] Pair (1,5) giảm 12 -> BEST = 1471
2026-04-11 03:05:38,727 -   --- Pairwise Iter 4 (còn 1108s) ---
2026-04-11 03:06:56,186 -     [P4.2] Pair (1,4) giảm 3 -> BEST = 1468
2026-04-11 03:06:56,231 -   --- Pairwise Iter 5 (còn 1030s) ---
2026-04-11 03:08:14,131 -     [P4.2] Pair (5,6) giảm 13 -> BEST = 1455
2026-04-11 03:08:14,155 -   --- Pairwise Iter 6 (còn 952s) ---
2026-04-11 03:10:28,981 -     [P4.2] Pair (3,5) giảm 11 -> BEST = 1444
2026-04-11 03:10:29,177 -   --- Pairwise Iter 7 (còn 817s) ---
2026-04-11 03:12:02,185 -     [P4.2] Pair (5,6) giảm 11 -> BEST = 1433
2026-04-11 03:12:02,240 -   --- Pairwise Iter 8 (còn 724s) ---
2026-04-11 03:13:08,682 -     [P4.2] Pair (2,6) giảm 16 -> BEST = 1417
2026-04-11 03:13:08,736 -   --- Pairwise Iter 9 (còn 658s) ---
2026-04-11 03:13:12,592 -     [P4.2] Pair (2,7) giảm 6 -> BEST = 1411
2026-04-11 03:13:12,728 -   --- Pairwise Iter 10 (còn 654s) ---
2026-04-11 03:15:23,323 -     [P4.2] Pair (2,8) giảm 20 -> BEST = 1391
2026-04-11 03:15:23,458 -   --- Pairwise Iter 11 (còn 523s) ---
2026-04-11 03:19:32,274 -     [P4.2] Pair (2,9) giảm 1 -> BEST = 1390
2026-04-11 03:19:33,186 -   --- Pairwise Iter 12 (còn 273s) ---
2026-04-11 03:19:36,204 -     [P4.2] Pair (4,9) giảm 1 -> BEST = 1389
2026-04-11 03:19:36,249 -   --- Pairwise Iter 13 (còn 270s) ---
2026-04-11 03:24:04,535 -     [P4.2] Pair (3,6) giảm 1 -> BEST = 1388
2026-04-11 03:24:04,535 -   --- Pairwise Iter 14 (còn 2s) ---
2026-04-11 03:24:04,536 -     -> Đã đạt cực trị toàn cục cho mọi cặp dưới ngưỡng. KẾT THÚC CHẶNG 4.
2026-04-11 03:24:04,536 - Hoàn thành trong 1198.0s. Final Cost: 1388
2026-04-11 03:24:04,536 - ======================================================================
2026-04-11 03:24:04,536 - BÁO CÁO TỔNG KẾT (SUMMARY)
2026-04-11 03:24:04,536 - ======================================================================
2026-04-11 03:24:04,536 -   1. Chi phí Clarke-Wright:     1674
2026-04-11 03:24:04,536 -   2. Chi phí sau Gurobi MIP:    1388
2026-04-11 03:24:04,536 -   => TỔNG CẢI THIỆN:            286
2026-04-11 03:24:04,536 -   => Số lần Gurobi Single cải thiện  : 9 lần
2026-04-11 03:24:04,536 -   => Số lần Gurobi Pairwise cải thiện: 13 lần
2026-04-11 03:24:04,536 -   => TỔNG THỜI GIAN CHẠY:       1198.021s
2026-04-11 03:24:04,541 - ======================================================================
2026-04-11 03:24:04,541 - GUROBI MIP SOLVER  |  FILE: A-n64-k9.vrp
2026-04-11 03:24:04,541 - ======================================================================
2026-04-11 03:24:04,551 - Thông tin dữ liệu: Dimension=64, K=9, Capacity=100
2026-04-11 03:24:04,551 - --- Step 1: Clarke-Wright Heuristic ---
2026-04-11 03:24:04,555 -   Kết quả CW: Cost = 1680, Time = 0.004s
2026-04-11 03:24:04,555 - --- Step 2: Advanced Optimization (Gurobi MIP) ---
2026-04-11 03:24:04,555 - =========================================
2026-04-11 03:24:04,555 - BẮT ĐẦU OPTIMIZE  (100% Gurobi MIP)
2026-04-11 03:24:04,555 -  -> Max Single Size  : 20
2026-04-11 03:24:04,555 -  -> Single Timeout   : 40.0s
2026-04-11 03:24:04,555 -  -> Max Pairwise Size: 21
2026-04-11 03:24:04,555 -  -> Pairwise Timeout : 64.0s
2026-04-11 03:24:04,555 -  -> Global Timeout   : 1200.0s
2026-04-11 03:24:04,555 -  -> Chi phí khởi điểm: 1680
2026-04-11 03:24:04,555 - =========================================
2026-04-11 03:24:04,555 - === BẮT ĐẦU CHẶNG 4: GUROBI MIP CHÍNH XÁC | Cost: 1680 ===
2026-04-11 03:24:04,555 -   [GĐ 4.1] Giải bài toán TSP trên từng tuyến đơn...
2026-04-11 03:24:06,400 -     -> Single Gurobi cải thiện: 84. Cost mới: 1596
2026-04-11 03:24:06,400 -   [GĐ 4.2] Xét từng cặp tuyến để phân bổ lại khách hàng...
2026-04-11 03:24:06,401 -   --- Pairwise Iter 1 (còn 1198s) ---
2026-04-11 03:25:10,433 -     [P4.2] Pair (0,8) giảm 22 -> BEST = 1574
2026-04-11 03:25:10,689 -   --- Pairwise Iter 2 (còn 1134s) ---
2026-04-11 03:25:17,388 -     [P4.2] Pair (3,5) giảm 19 -> BEST = 1555
2026-04-11 03:25:17,473 -   --- Pairwise Iter 3 (còn 1127s) ---
2026-04-11 03:25:18,988 -     [P4.2] Pair (0,3) giảm 3 -> BEST = 1552
2026-04-11 03:25:19,043 -   --- Pairwise Iter 4 (còn 1126s) ---
2026-04-11 03:25:39,012 -     [P4.2] Pair (0,7) giảm 11 -> BEST = 1541
2026-04-11 03:25:39,077 -   --- Pairwise Iter 5 (còn 1105s) ---
2026-04-11 03:25:39,493 -     [P4.2] Pair (0,3) giảm 16 -> BEST = 1525
2026-04-11 03:25:39,547 -   --- Pairwise Iter 6 (còn 1105s) ---
2026-04-11 03:25:42,509 -     [P4.2] Pair (0,6) giảm 28 -> BEST = 1497
2026-04-11 03:25:42,564 -   --- Pairwise Iter 7 (còn 1102s) ---
2026-04-11 03:28:09,872 -     [P4.2] Pair (0,2) giảm 3 -> BEST = 1494
2026-04-11 03:28:10,643 -   --- Pairwise Iter 8 (còn 954s) ---
2026-04-11 03:30:21,937 -     [P4.2] Pair (0,1) giảm 5 -> BEST = 1489
2026-04-11 03:30:22,193 -   --- Pairwise Iter 9 (còn 822s) ---
2026-04-11 03:34:02,300 -     [P4.2] Pair (0,5) giảm 8 -> BEST = 1481
2026-04-11 03:34:02,435 -   --- Pairwise Iter 10 (còn 602s) ---
2026-04-11 03:35:48,958 -     [P4.2] Pair (1,5) giảm 5 -> BEST = 1476
2026-04-11 03:35:49,013 -   --- Pairwise Iter 11 (còn 496s) ---
2026-04-11 03:40:25,201 -     [P4.2] Pair (0,8) giảm 18 -> BEST = 1458
2026-04-11 03:40:25,760 -   --- Pairwise Iter 12 (còn 219s) ---
2026-04-11 03:41:29,782 -     [P4.2] Pair (0,1) giảm 9 -> BEST = 1449
2026-04-11 03:41:29,978 -   --- Pairwise Iter 13 (còn 155s) ---
2026-04-11 03:44:02,592 -     -> Đã đạt cực trị toàn cục cho mọi cặp dưới ngưỡng. KẾT THÚC CHẶNG 4.
2026-04-11 03:44:02,592 - Hoàn thành trong 1198.0s. Final Cost: 1449
2026-04-11 03:44:02,592 - ======================================================================
2026-04-11 03:44:02,593 - BÁO CÁO TỔNG KẾT (SUMMARY)
2026-04-11 03:44:02,593 - ======================================================================
2026-04-11 03:44:02,593 -   1. Chi phí Clarke-Wright:     1680
2026-04-11 03:44:02,593 -   2. Chi phí sau Gurobi MIP:    1449
2026-04-11 03:44:02,593 -   => TỔNG CẢI THIỆN:            231
2026-04-11 03:44:02,593 -   => Số lần Gurobi Single cải thiện  : 6 lần
2026-04-11 03:44:02,593 -   => Số lần Gurobi Pairwise cải thiện: 12 lần
2026-04-11 03:44:02,593 -   => TỔNG THỜI GIAN CHẠY:       1198.041s
2026-04-11 03:44:02,597 - ======================================================================
2026-04-11 03:44:02,598 - GUROBI MIP SOLVER  |  FILE: A-n65-k9.vrp
2026-04-11 03:44:02,598 - ======================================================================
2026-04-11 03:44:02,613 - Thông tin dữ liệu: Dimension=65, K=9, Capacity=100
2026-04-11 03:44:02,613 - --- Step 1: Clarke-Wright Heuristic ---
2026-04-11 03:44:02,617 -   Kết quả CW: Cost = 1769, Time = 0.003s
2026-04-11 03:44:02,617 - --- Step 2: Advanced Optimization (Gurobi MIP) ---
2026-04-11 03:44:02,617 - =========================================
2026-04-11 03:44:02,617 - BẮT ĐẦU OPTIMIZE  (100% Gurobi MIP)
2026-04-11 03:44:02,617 -  -> Max Single Size  : 20
2026-04-11 03:44:02,617 -  -> Single Timeout   : 40.0s
2026-04-11 03:44:02,617 -  -> Max Pairwise Size: 21
2026-04-11 03:44:02,617 -  -> Pairwise Timeout : 65.0s
2026-04-11 03:44:02,617 -  -> Global Timeout   : 1200.0s
2026-04-11 03:44:02,617 -  -> Chi phí khởi điểm: 1769
2026-04-11 03:44:02,617 - =========================================
2026-04-11 03:44:02,617 - === BẮT ĐẦU CHẶNG 4: GUROBI MIP CHÍNH XÁC | Cost: 1769 ===
2026-04-11 03:44:02,618 -   [GĐ 4.1] Giải bài toán TSP trên từng tuyến đơn...
2026-04-11 03:44:03,170 -     -> Single Gurobi cải thiện: 145. Cost mới: 1624
2026-04-11 03:44:03,170 -   [GĐ 4.2] Xét từng cặp tuyến để phân bổ lại khách hàng...
2026-04-11 03:44:03,170 -   --- Pairwise Iter 1 (còn 1199s) ---
2026-04-11 03:44:32,648 -     [P4.2] Pair (0,2) giảm 60 -> BEST = 1564
2026-04-11 03:44:32,713 -   --- Pairwise Iter 2 (còn 1170s) ---
2026-04-11 03:45:37,736 -     [P4.2] Pair (4,6) giảm 19 -> BEST = 1545
2026-04-11 03:45:37,800 -   --- Pairwise Iter 3 (còn 1105s) ---
2026-04-11 03:46:05,535 -     [P4.2] Pair (0,4) giảm 85 -> BEST = 1460
2026-04-11 03:46:05,700 -   --- Pairwise Iter 4 (còn 1077s) ---
2026-04-11 03:46:38,392 -     [P4.2] Pair (0,5) giảm 56 -> BEST = 1404
2026-04-11 03:46:38,447 -   --- Pairwise Iter 5 (còn 1044s) ---
2026-04-11 03:46:43,836 -     [P4.2] Pair (4,5) giảm 4 -> BEST = 1400
2026-04-11 03:46:43,931 -   --- Pairwise Iter 6 (còn 1039s) ---
2026-04-11 03:47:48,956 -     [P4.2] Pair (5,6) giảm 4 -> BEST = 1396
2026-04-11 03:47:49,202 -   --- Pairwise Iter 7 (còn 973s) ---
2026-04-11 03:47:57,131 -     [P4.2] Pair (0,2) giảm 24 -> BEST = 1372
2026-04-11 03:47:57,206 -   --- Pairwise Iter 8 (còn 965s) ---
2026-04-11 03:48:07,538 -     [P4.2] Pair (1,7) giảm 82 -> BEST = 1290
2026-04-11 03:48:07,583 -   --- Pairwise Iter 9 (còn 955s) ---
2026-04-11 03:48:53,755 -     [P4.2] Pair (2,7) giảm 23 -> BEST = 1267
2026-04-11 03:48:53,870 -   --- Pairwise Iter 10 (còn 909s) ---
2026-04-11 03:50:51,562 -     [P4.2] Pair (4,8) giảm 14 -> BEST = 1253
2026-04-11 03:50:51,627 -   --- Pairwise Iter 11 (còn 791s) ---
2026-04-11 03:53:33,753 -     [P4.2] Pair (5,8) giảm 28 -> BEST = 1225
2026-04-11 03:53:33,878 -   --- Pairwise Iter 12 (còn 629s) ---
2026-04-11 03:56:46,615 -     [P4.2] Pair (6,8) giảm 8 -> BEST = 1217
2026-04-11 03:56:46,720 -   --- Pairwise Iter 13 (còn 436s) ---
2026-04-11 04:04:00,636 -     -> Đã đạt cực trị toàn cục cho mọi cặp dưới ngưỡng. KẾT THÚC CHẶNG 4.
2026-04-11 04:04:00,636 - Hoàn thành trong 1198.0s. Final Cost: 1217
2026-04-11 04:04:00,636 - ======================================================================
2026-04-11 04:04:00,636 - BÁO CÁO TỔNG KẾT (SUMMARY)
2026-04-11 04:04:00,636 - ======================================================================
2026-04-11 04:04:00,636 -   1. Chi phí Clarke-Wright:     1769
2026-04-11 04:04:00,637 -   2. Chi phí sau Gurobi MIP:    1217
2026-04-11 04:04:00,637 -   => TỔNG CẢI THIỆN:            552
2026-04-11 04:04:00,637 -   => Số lần Gurobi Single cải thiện  : 8 lần
2026-04-11 04:04:00,637 -   => Số lần Gurobi Pairwise cải thiện: 12 lần
2026-04-11 04:04:00,637 -   => TỔNG THỜI GIAN CHẠY:       1198.023s
2026-04-11 04:04:00,641 - ======================================================================
2026-04-11 04:04:00,641 - GUROBI MIP SOLVER  |  FILE: A-n69-k9.vrp
2026-04-11 04:04:00,641 - ======================================================================
2026-04-11 04:04:00,650 - Thông tin dữ liệu: Dimension=69, K=9, Capacity=100
2026-04-11 04:04:00,651 - --- Step 1: Clarke-Wright Heuristic ---
2026-04-11 04:04:00,655 -   Kết quả CW: Cost = 1506, Time = 0.004s
2026-04-11 04:04:00,655 - --- Step 2: Advanced Optimization (Gurobi MIP) ---
2026-04-11 04:04:00,655 - =========================================
2026-04-11 04:04:00,655 - BẮT ĐẦU OPTIMIZE  (100% Gurobi MIP)
2026-04-11 04:04:00,655 -  -> Max Single Size  : 20
2026-04-11 04:04:00,655 -  -> Single Timeout   : 40.0s
2026-04-11 04:04:00,655 -  -> Max Pairwise Size: 23
2026-04-11 04:04:00,655 -  -> Pairwise Timeout : 69.0s
2026-04-11 04:04:00,655 -  -> Global Timeout   : 1200.0s
2026-04-11 04:04:00,656 -  -> Chi phí khởi điểm: 1506
2026-04-11 04:04:00,656 - =========================================
2026-04-11 04:04:00,656 - === BẮT ĐẦU CHẶNG 4: GUROBI MIP CHÍNH XÁC | Cost: 1506 ===
2026-04-11 04:04:00,656 -   [GĐ 4.1] Giải bài toán TSP trên từng tuyến đơn...
2026-04-11 04:04:00,926 -     -> Single Gurobi cải thiện: 137. Cost mới: 1369
2026-04-11 04:04:00,926 -   [GĐ 4.2] Xét từng cặp tuyến để phân bổ lại khách hàng...
2026-04-11 04:04:00,926 -   --- Pairwise Iter 1 (còn 1200s) ---
2026-04-11 04:04:03,792 -     [P4.2] Pair (2,5) giảm 39 -> BEST = 1330
2026-04-11 04:04:03,888 -   --- Pairwise Iter 2 (còn 1197s) ---
2026-04-11 04:04:08,096 -     [P4.2] Pair (1,8) giảm 30 -> BEST = 1300
2026-04-11 04:04:08,181 -   --- Pairwise Iter 3 (còn 1192s) ---
2026-04-11 04:05:17,208 -     [P4.2] Pair (3,6) giảm 1 -> BEST = 1299
2026-04-11 04:05:17,333 -   --- Pairwise Iter 4 (còn 1123s) ---
2026-04-11 04:07:35,406 -     [P4.2] Pair (5,6) giảm 34 -> BEST = 1265
2026-04-11 04:07:35,541 -   --- Pairwise Iter 5 (còn 985s) ---
2026-04-11 04:10:05,999 -     [P4.2] Pair (3,7) giảm 40 -> BEST = 1225
2026-04-11 04:10:06,074 -   --- Pairwise Iter 6 (còn 835s) ---
2026-04-11 04:12:04,027 -     [P4.2] Pair (1,7) giảm 25 -> BEST = 1200
2026-04-11 04:12:04,203 -   --- Pairwise Iter 7 (còn 716s) ---
2026-04-11 04:16:26,051 -     [P4.2] Pair (1,4) giảm 1 -> BEST = 1199
2026-04-11 04:16:26,156 -   --- Pairwise Iter 8 (còn 454s) ---
2026-04-11 04:18:16,513 -     [P4.2] Pair (1,7) giảm 4 -> BEST = 1195
2026-04-11 04:18:16,648 -   --- Pairwise Iter 9 (còn 344s) ---
2026-04-11 04:21:25,362 -     [P4.2] Pair (3,7) giảm 11 -> BEST = 1184
2026-04-11 04:21:25,386 -   --- Pairwise Iter 10 (còn 155s) ---
2026-04-11 04:23:58,685 -     -> Đã đạt cực trị toàn cục cho mọi cặp dưới ngưỡng. KẾT THÚC CHẶNG 4.
2026-04-11 04:23:58,686 - Hoàn thành trong 1198.0s. Final Cost: 1184
2026-04-11 04:23:58,686 - ======================================================================
2026-04-11 04:23:58,686 - BÁO CÁO TỔNG KẾT (SUMMARY)
2026-04-11 04:23:58,686 - ======================================================================
2026-04-11 04:23:58,686 -   1. Chi phí Clarke-Wright:     1506
2026-04-11 04:23:58,686 -   2. Chi phí sau Gurobi MIP:    1184
2026-04-11 04:23:58,686 -   => TỔNG CẢI THIỆN:            322
2026-04-11 04:23:58,686 -   => Số lần Gurobi Single cải thiện  : 8 lần
2026-04-11 04:23:58,686 -   => Số lần Gurobi Pairwise cải thiện: 9 lần
2026-04-11 04:23:58,686 -   => TỔNG THỜI GIAN CHẠY:       1198.035s
2026-04-11 04:23:58,691 - ======================================================================
2026-04-11 04:23:58,691 - GUROBI MIP SOLVER  |  FILE: A-n80-k10.vrp
2026-04-11 04:23:58,691 - ======================================================================
2026-04-11 04:23:58,705 - Thông tin dữ liệu: Dimension=80, K=10, Capacity=100
2026-04-11 04:23:58,705 - --- Step 1: Clarke-Wright Heuristic ---
2026-04-11 04:23:58,711 -   Kết quả CW: Cost = 2263, Time = 0.006s
2026-04-11 04:23:58,711 - --- Step 2: Advanced Optimization (Gurobi MIP) ---
2026-04-11 04:23:58,711 - =========================================
2026-04-11 04:23:58,711 - BẮT ĐẦU OPTIMIZE  (100% Gurobi MIP)
2026-04-11 04:23:58,711 -  -> Max Single Size  : 20
2026-04-11 04:23:58,711 -  -> Single Timeout   : 40.0s
2026-04-11 04:23:58,711 -  -> Max Pairwise Size: 24
2026-04-11 04:23:58,711 -  -> Pairwise Timeout : 72.0s
2026-04-11 04:23:58,711 -  -> Global Timeout   : 1200.0s
2026-04-11 04:23:58,711 -  -> Chi phí khởi điểm: 2263
2026-04-11 04:23:58,711 - =========================================
2026-04-11 04:23:58,712 - === BẮT ĐẦU CHẶNG 4: GUROBI MIP CHÍNH XÁC | Cost: 2263 ===
2026-04-11 04:23:58,712 -   [GĐ 4.1] Giải bài toán TSP trên từng tuyến đơn...
2026-04-11 04:24:00,446 -     -> Single Gurobi cải thiện: 196. Cost mới: 2067
2026-04-11 04:24:00,446 -   [GĐ 4.2] Xét từng cặp tuyến để phân bổ lại khách hàng...
2026-04-11 04:24:00,446 -   --- Pairwise Iter 1 (còn 1198s) ---
2026-04-11 04:24:08,155 -     [P4.2] Pair (4,6) giảm 9 -> BEST = 2058
2026-04-11 04:24:08,210 -   --- Pairwise Iter 2 (còn 1191s) ---
2026-04-11 04:25:20,276 -     [P4.2] Pair (0,2) giảm 35 -> BEST = 2023
2026-04-11 04:25:20,734 -   --- Pairwise Iter 3 (còn 1118s) ---
2026-04-11 04:27:44,827 -     [P4.2] Pair (0,6) giảm 9 -> BEST = 2014
2026-04-11 04:27:44,933 -   --- Pairwise Iter 4 (còn 974s) ---
2026-04-11 04:28:56,993 -     [P4.2] Pair (2,6) giảm 1 -> BEST = 2013
2026-04-11 04:28:57,290 -   --- Pairwise Iter 5 (còn 901s) ---
2026-04-11 04:32:33,412 -     [P4.2] Pair (0,6) giảm 10 -> BEST = 2003
2026-04-11 04:32:33,628 -   --- Pairwise Iter 6 (còn 685s) ---
2026-04-11 04:36:09,752 -     [P4.2] Pair (3,5) giảm 17 -> BEST = 1986
2026-04-11 04:36:09,887 -   --- Pairwise Iter 7 (còn 469s) ---
2026-04-11 04:41:04,178 -     [P4.2] Pair (4,6) giảm 7 -> BEST = 1979
2026-04-11 04:41:04,253 -   --- Pairwise Iter 8 (còn 174s) ---
2026-04-11 04:42:16,285 -     [P4.2] Pair (2,4) giảm 1 -> BEST = 1978
2026-04-11 04:42:16,340 -   --- Pairwise Iter 9 (còn 102s) ---
2026-04-11 04:43:56,741 -     -> Đã đạt cực trị toàn cục cho mọi cặp dưới ngưỡng. KẾT THÚC CHẶNG 4.
2026-04-11 04:43:56,741 - Hoàn thành trong 1198.0s. Final Cost: 1978
2026-04-11 04:43:56,741 - ======================================================================
2026-04-11 04:43:56,741 - BÁO CÁO TỔNG KẾT (SUMMARY)
2026-04-11 04:43:56,741 - ======================================================================
2026-04-11 04:43:56,741 -   1. Chi phí Clarke-Wright:     2263
2026-04-11 04:43:56,741 -   2. Chi phí sau Gurobi MIP:    1978
2026-04-11 04:43:56,741 -   => TỔNG CẢI THIỆN:            285
2026-04-11 04:43:56,741 -   => Số lần Gurobi Single cải thiện  : 10 lần
2026-04-11 04:43:56,741 -   => Số lần Gurobi Pairwise cải thiện: 8 lần
2026-04-11 04:43:56,742 -   => TỔNG THỜI GIAN CHẠY:       1198.036s
