2026-04-13 02:57:43,744 - ======================================================================
2026-04-13 02:57:43,744 - GUROBI MIP SOLVER  |  FILE: E-n13-k4.vrp
2026-04-13 02:57:43,744 - ======================================================================
2026-04-13 02:57:43,745 - Thông tin dữ liệu: Dimension=13, K=4, Capacity=6000
2026-04-13 02:57:43,745 - --- Step 1: Clarke-Wright Heuristic ---
2026-04-13 02:57:43,745 -   Kết quả CW: Cost = 368, Time = 0.000s
2026-04-13 02:57:43,746 - --- Step 2: Advanced Optimization (Gurobi MIP) ---
2026-04-13 02:57:43,746 - =========================================
2026-04-13 02:57:43,746 - BẮT ĐẦU OPTIMIZE  (100% Gurobi MIP)
2026-04-13 02:57:43,746 -  -> Max Single Size  : 20
2026-04-13 02:57:43,746 -  -> Single Timeout   : 40.0s
2026-04-13 02:57:43,746 -  -> Max Pairwise Size: 16
2026-04-13 02:57:43,746 -  -> Pairwise Timeout : 30.0s
2026-04-13 02:57:43,746 -  -> Global Timeout   : 1200.0s
2026-04-13 02:57:43,746 -  -> Chi phí khởi điểm: 368
2026-04-13 02:57:43,746 - =========================================
2026-04-13 02:57:43,746 - === BẮT ĐẦU CHẶNG 4: GUROBI MIP CHÍNH XÁC | Cost: 368 ===
2026-04-13 02:57:43,746 -   [GĐ 4.1] Giải bài toán TSP trên từng tuyến đơn...
2026-04-13 02:57:44,341 -     -> Single Gurobi cải thiện: 22. Cost mới: 346
2026-04-13 02:57:44,341 -   [GĐ 4.2] Xét từng cặp tuyến để phân bổ lại khách hàng...
2026-04-13 02:57:44,341 -   --- Pairwise Iter 1 (còn 1199s) ---
2026-04-13 02:57:44,401 -     [P4.2] Pair (0,2) giảm 5 -> BEST = 341
2026-04-13 02:57:44,414 -   --- Pairwise Iter 2 (còn 1199s) ---
2026-04-13 02:57:44,493 -     [P4.2] Pair (0,3) giảm 5 -> BEST = 336
2026-04-13 02:57:44,505 -   --- Pairwise Iter 3 (còn 1199s) ---
2026-04-13 02:57:44,629 -     [P4.2] Pair (2,3) giảm 17 -> BEST = 319
2026-04-13 02:57:44,653 -   --- Pairwise Iter 4 (còn 1199s) ---
2026-04-13 02:57:44,940 -     [P4.2] Pair (1,3) giảm 43 -> BEST = 276
2026-04-13 02:57:44,964 -   --- Pairwise Iter 5 (còn 1199s) ---
2026-04-13 02:57:45,047 -     [P4.2] Pair (1,2) giảm 1 -> BEST = 275
2026-04-13 02:57:45,072 -   --- Pairwise Iter 6 (còn 1199s) ---
2026-04-13 02:57:45,384 -     [P4.2] Pair (0,3) giảm 19 -> BEST = 256
2026-04-13 02:57:45,396 -   --- Pairwise Iter 7 (còn 1198s) ---
2026-04-13 02:57:45,614 -     [P4.2] Pair (0,2) giảm 6 -> BEST = 250
2026-04-13 02:57:45,638 -   --- Pairwise Iter 8 (còn 1198s) ---
2026-04-13 02:57:45,815 -     [P4.2] Pair (0,1) giảm 3 -> BEST = 247
2026-04-13 02:57:45,839 -   --- Pairwise Iter 9 (còn 1198s) ---
2026-04-13 02:57:46,073 -     -> Đã đạt cực trị toàn cục cho mọi cặp dưới ngưỡng. KẾT THÚC CHẶNG 4.
2026-04-13 02:57:46,073 - Hoàn thành trong 2.3s. Final Cost: 247
2026-04-13 02:57:46,073 - ======================================================================
2026-04-13 02:57:46,073 - BÁO CÁO TỔNG KẾT (SUMMARY)
2026-04-13 02:57:46,073 - ======================================================================
2026-04-13 02:57:46,073 -   1. Chi phí Clarke-Wright:     368
2026-04-13 02:57:46,073 -   2. Chi phí sau Gurobi MIP:    247
2026-04-13 02:57:46,073 -   => TỔNG CẢI THIỆN:            121
2026-04-13 02:57:46,073 -   => Số lần Gurobi Single cải thiện  : 1 lần
2026-04-13 02:57:46,073 -   => Số lần Gurobi Pairwise cải thiện: 8 lần
2026-04-13 02:57:46,074 -   => TỔNG THỜI GIAN CHẠY:       2.328s
2026-04-13 02:57:46,078 - ======================================================================
2026-04-13 02:57:46,078 - GUROBI MIP SOLVER  |  FILE: E-n22-k4.vrp
2026-04-13 02:57:46,078 - ======================================================================
2026-04-13 02:57:46,080 - Thông tin dữ liệu: Dimension=22, K=4, Capacity=6000
2026-04-13 02:57:46,080 - --- Step 1: Clarke-Wright Heuristic ---
2026-04-13 02:57:46,081 -   Kết quả CW: Cost = 544, Time = 0.001s
2026-04-13 02:57:46,081 - --- Step 2: Advanced Optimization (Gurobi MIP) ---
2026-04-13 02:57:46,081 - =========================================
2026-04-13 02:57:46,081 - BẮT ĐẦU OPTIMIZE  (100% Gurobi MIP)
2026-04-13 02:57:46,081 -  -> Max Single Size  : 20
2026-04-13 02:57:46,081 -  -> Single Timeout   : 40.0s
2026-04-13 02:57:46,081 -  -> Max Pairwise Size: 16
2026-04-13 02:57:46,081 -  -> Pairwise Timeout : 50.0s
2026-04-13 02:57:46,081 -  -> Global Timeout   : 1200.0s
2026-04-13 02:57:46,081 -  -> Chi phí khởi điểm: 544
2026-04-13 02:57:46,081 - =========================================
2026-04-13 02:57:46,081 - === BẮT ĐẦU CHẶNG 4: GUROBI MIP CHÍNH XÁC | Cost: 544 ===
2026-04-13 02:57:46,081 -   [GĐ 4.1] Giải bài toán TSP trên từng tuyến đơn...
2026-04-13 02:57:46,150 -     -> Single Gurobi cải thiện: 59. Cost mới: 485
2026-04-13 02:57:46,150 -   [GĐ 4.2] Xét từng cặp tuyến để phân bổ lại khách hàng...
2026-04-13 02:57:46,150 -   --- Pairwise Iter 1 (còn 1200s) ---
2026-04-13 02:57:50,109 -     [P4.2] Pair (0,2) giảm 46 -> BEST = 439
2026-04-13 02:57:50,134 -   --- Pairwise Iter 2 (còn 1196s) ---
2026-04-13 02:57:52,330 -     [P4.2] Pair (0,3) giảm 1 -> BEST = 438
2026-04-13 02:57:52,355 -   --- Pairwise Iter 3 (còn 1194s) ---
2026-04-13 02:57:53,176 -     [P4.2] Pair (0,1) giảm 12 -> BEST = 426
2026-04-13 02:57:53,200 -   --- Pairwise Iter 4 (còn 1193s) ---
2026-04-13 02:57:53,929 -     [P4.2] Pair (0,2) giảm 43 -> BEST = 383
2026-04-13 02:57:53,954 -   --- Pairwise Iter 5 (còn 1192s) ---
2026-04-13 02:57:55,037 -     [P4.2] Pair (1,3) giảm 8 -> BEST = 375
2026-04-13 02:57:55,061 -   --- Pairwise Iter 6 (còn 1191s) ---
2026-04-13 02:57:56,899 -     -> Đã đạt cực trị toàn cục cho mọi cặp dưới ngưỡng. KẾT THÚC CHẶNG 4.
2026-04-13 02:57:56,899 - Hoàn thành trong 10.8s. Final Cost: 375
2026-04-13 02:57:56,899 - ======================================================================
2026-04-13 02:57:56,899 - BÁO CÁO TỔNG KẾT (SUMMARY)
2026-04-13 02:57:56,899 - ======================================================================
2026-04-13 02:57:56,899 -   1. Chi phí Clarke-Wright:     544
2026-04-13 02:57:56,899 -   2. Chi phí sau Gurobi MIP:    375
2026-04-13 02:57:56,899 -   => TỔNG CẢI THIỆN:            169
2026-04-13 02:57:56,899 -   => Số lần Gurobi Single cải thiện  : 3 lần
2026-04-13 02:57:56,899 -   => Số lần Gurobi Pairwise cải thiện: 5 lần
2026-04-13 02:57:56,899 -   => TỔNG THỜI GIAN CHẠY:       10.819s
2026-04-13 02:57:56,904 - ======================================================================
2026-04-13 02:57:56,904 - GUROBI MIP SOLVER  |  FILE: E-n23-k3.vrp
2026-04-13 02:57:56,904 - ======================================================================
2026-04-13 02:57:56,905 - Thông tin dữ liệu: Dimension=23, K=3, Capacity=4500
2026-04-13 02:57:56,905 - --- Step 1: Clarke-Wright Heuristic ---
2026-04-13 02:57:56,906 -   Kết quả CW: Cost = 741, Time = 0.001s
2026-04-13 02:57:56,906 - --- Step 2: Advanced Optimization (Gurobi MIP) ---
2026-04-13 02:57:56,906 - =========================================
2026-04-13 02:57:56,906 - BẮT ĐẦU OPTIMIZE  (100% Gurobi MIP)
2026-04-13 02:57:56,906 -  -> Max Single Size  : 20
2026-04-13 02:57:56,906 -  -> Single Timeout   : 40.0s
2026-04-13 02:57:56,906 -  -> Max Pairwise Size: 23
2026-04-13 02:57:56,906 -  -> Pairwise Timeout : 69.0s
2026-04-13 02:57:56,906 -  -> Global Timeout   : 1200.0s
2026-04-13 02:57:56,906 -  -> Chi phí khởi điểm: 741
2026-04-13 02:57:56,906 - =========================================
2026-04-13 02:57:56,907 - === BẮT ĐẦU CHẶNG 4: GUROBI MIP CHÍNH XÁC | Cost: 741 ===
2026-04-13 02:57:56,907 -   [GĐ 4.1] Giải bài toán TSP trên từng tuyến đơn...
2026-04-13 02:57:56,963 -     -> Single Gurobi cải thiện: 172. Cost mới: 569
2026-04-13 02:57:56,963 -   [GĐ 4.2] Xét từng cặp tuyến để phân bổ lại khách hàng...
2026-04-13 02:57:56,963 -   --- Pairwise Iter 1 (còn 1200s) ---
