2026-04-06 15:01:14,842 - ======================================================================
2026-04-06 15:01:14,842 - GUROBI MIP SOLVER  |  FILE: B-n45-k5.vrp
2026-04-06 15:01:14,842 - ======================================================================
2026-04-06 15:01:14,845 - Thông tin dữ liệu: Dimension=45, K=5, Capacity=100
2026-04-06 15:01:14,845 - --- Step 1: Clarke-Wright Heuristic ---
2026-04-06 15:01:14,847 -   Kết quả CW: Cost = 1030, Time = 0.002s
2026-04-06 15:01:14,847 - --- Step 2: Advanced Optimization (Gurobi MIP) ---
2026-04-06 15:01:14,847 - =========================================
2026-04-06 15:01:14,847 - BẮT ĐẦU OPTIMIZE  (100% Gurobi MIP)
2026-04-06 15:01:14,848 -  -> Max Single Size  : 20
2026-04-06 15:01:14,848 -  -> Single Timeout   : 40.0s
2026-04-06 15:01:14,848 -  -> Max Pairwise Size: 27
2026-04-06 15:01:14,848 -  -> Pairwise Timeout : 81.0s
2026-04-06 15:01:14,848 -  -> Global Timeout   : 1200.0s
2026-04-06 15:01:14,848 -  -> Chi phí khởi điểm: 1030
2026-04-06 15:01:14,848 - =========================================
2026-04-06 15:01:14,848 - === BẮT ĐẦU CHẶNG 4: GUROBI MIP CHÍNH XÁC | Cost: 1030 ===
2026-04-06 15:01:14,848 -   [GĐ 4.1] Giải bài toán TSP trên từng tuyến đơn...
2026-04-06 15:01:16,292 -     -> Single Gurobi cải thiện: 87. Cost mới: 943
2026-04-06 15:01:16,292 -   [GĐ 4.2] Xét từng cặp tuyến để phân bổ lại khách hàng...
2026-04-06 15:01:16,292 -   --- Pairwise Iter 1 (còn 1199s) ---
2026-04-06 15:03:58,068 -     [P4.2] Pair (2,3) giảm 36 -> BEST = 907
2026-04-06 15:03:58,840 -   --- Pairwise Iter 2 (còn 1036s) ---
2026-04-06 15:05:14,053 -     [P4.2] Pair (1,2) giảm 36 -> BEST = 871
2026-04-06 15:05:14,380 -   --- Pairwise Iter 3 (còn 960s) ---
2026-04-06 15:07:45,866 -     [P4.2] Pair (1,3) giảm 16 -> BEST = 855
2026-04-06 15:07:48,837 -   --- Pairwise Iter 4 (còn 806s) ---
2026-04-06 15:10:30,916 -     [P4.2] Pair (2,4) giảm 66 -> BEST = 789
2026-04-06 15:10:31,364 -   --- Pairwise Iter 5 (còn 643s) ---
2026-04-06 15:15:16,010 -     [P4.2] Pair (0,1) giảm 26 -> BEST = 763
2026-04-06 15:15:16,700 -   --- Pairwise Iter 6 (còn 358s) ---
2026-04-06 15:21:12,878 -     -> Đã đạt cực trị toàn cục cho mọi cặp dưới ngưỡng. KẾT THÚC CHẶNG 4.
2026-04-06 15:21:12,878 - Hoàn thành trong 1198.0s. Final Cost: 763
2026-04-06 15:21:12,878 - ======================================================================
2026-04-06 15:21:12,878 - BÁO CÁO TỔNG KẾT (SUMMARY)
2026-04-06 15:21:12,878 - ======================================================================
2026-04-06 15:21:12,879 -   1. Chi phí Clarke-Wright:     1030
2026-04-06 15:21:12,879 -   2. Chi phí sau Gurobi MIP:    763
2026-04-06 15:21:12,879 -   => TỔNG CẢI THIỆN:            267
2026-04-06 15:21:12,879 -   => Số lần Gurobi Single cải thiện  : 4 lần
2026-04-06 15:21:12,879 -   => Số lần Gurobi Pairwise cải thiện: 5 lần
2026-04-06 15:21:12,879 -   => TỔNG THỜI GIAN CHẠY:       1198.033s
2026-04-06 15:21:12,884 - ======================================================================
2026-04-06 15:21:12,884 - GUROBI MIP SOLVER  |  FILE: B-n45-k6.vrp
2026-04-06 15:21:12,884 - ======================================================================
2026-04-06 15:21:12,895 - Thông tin dữ liệu: Dimension=45, K=6, Capacity=100
2026-04-06 15:21:12,896 - --- Step 1: Clarke-Wright Heuristic ---
2026-04-06 15:21:12,898 -   Kết quả CW: Cost = 888, Time = 0.002s
2026-04-06 15:21:12,898 - --- Step 2: Advanced Optimization (Gurobi MIP) ---
2026-04-06 15:21:12,898 - =========================================
2026-04-06 15:21:12,898 - BẮT ĐẦU OPTIMIZE  (100% Gurobi MIP)
2026-04-06 15:21:12,898 -  -> Max Single Size  : 20
2026-04-06 15:21:12,898 -  -> Single Timeout   : 40.0s
2026-04-06 15:21:12,898 -  -> Max Pairwise Size: 22
2026-04-06 15:21:12,898 -  -> Pairwise Timeout : 68.0s
2026-04-06 15:21:12,898 -  -> Global Timeout   : 1200.0s
2026-04-06 15:21:12,898 -  -> Chi phí khởi điểm: 888
2026-04-06 15:21:12,898 - =========================================
2026-04-06 15:21:12,898 - === BẮT ĐẦU CHẶNG 4: GUROBI MIP CHÍNH XÁC | Cost: 888 ===
2026-04-06 15:21:12,898 -   [GĐ 4.1] Giải bài toán TSP trên từng tuyến đơn...
2026-04-06 15:21:13,274 -     -> Single Gurobi cải thiện: 42. Cost mới: 846
2026-04-06 15:21:13,274 -   [GĐ 4.2] Xét từng cặp tuyến để phân bổ lại khách hàng...
2026-04-06 15:21:13,274 -   --- Pairwise Iter 1 (còn 1200s) ---
2026-04-06 15:22:21,300 -     [P4.2] Pair (1,2) giảm 43 -> BEST = 803
2026-04-06 15:22:21,526 -   --- Pairwise Iter 2 (còn 1131s) ---
2026-04-06 15:23:31,721 -     [P4.2] Pair (0,5) giảm 25 -> BEST = 778
2026-04-06 15:23:31,806 -   --- Pairwise Iter 3 (còn 1061s) ---
2026-04-06 15:27:03,909 -     [P4.2] Pair (1,3) giảm 10 -> BEST = 768
2026-04-06 15:27:05,519 -   --- Pairwise Iter 4 (còn 847s) ---
2026-04-06 15:29:33,227 -     [P4.2] Pair (1,5) giảm 45 -> BEST = 723
2026-04-06 15:29:33,302 -   --- Pairwise Iter 5 (còn 700s) ---
2026-04-06 15:30:49,887 -     [P4.2] Pair (0,2) giảm 5 -> BEST = 718
2026-04-06 15:30:49,972 -   --- Pairwise Iter 6 (còn 623s) ---
2026-04-06 15:31:58,898 -     [P4.2] Pair (0,5) giảm 2 -> BEST = 716
2026-04-06 15:31:58,943 -   --- Pairwise Iter 7 (còn 554s) ---
2026-04-06 15:33:22,719 -     [P4.2] Pair (0,2) giảm 16 -> BEST = 700
2026-04-06 15:33:22,826 -   --- Pairwise Iter 8 (còn 470s) ---
