2026-05-11 03:19:48,244 - ======================================================================
2026-05-11 03:19:48,244 - GUROBI MIP SOLVER  |  FILE: P-n16-k8.vrp
2026-05-11 03:19:48,244 - ======================================================================
2026-05-11 03:19:48,245 - Thông tin dữ liệu: Dimension=16, K=8, Capacity=35
2026-05-11 03:19:48,245 - --- Step 1: Clarke-Wright Heuristic ---
2026-05-11 03:19:48,246 -   Kết quả CW: Cost = 482, Time = 0.001s
2026-05-11 03:19:48,247 - --- Step 2: Advanced Optimization (Gurobi MIP) ---
2026-05-11 03:19:48,247 - =========================================
2026-05-11 03:19:48,247 - BẮT ĐẦU OPTIMIZE  (100% Gurobi MIP)
2026-05-11 03:19:48,247 -  -> Max Single Size  : 20
2026-05-11 03:19:48,247 -  -> Single Timeout   : 60.0s
2026-05-11 03:19:48,247 -  -> Max Pairwise Size: 20
2026-05-11 03:19:48,247 -  -> Pairwise Timeout : 30.0s
2026-05-11 03:19:48,247 -  -> Global Timeout   : 1200.0s
2026-05-11 03:19:48,247 -  -> Chi phí khởi điểm: 482
2026-05-11 03:19:48,247 - =========================================
2026-05-11 03:19:48,247 - === BẮT ĐẦU CHẶNG 4: GUROBI MIP CHÍNH XÁC | Cost: 482 ===
2026-05-11 03:19:48,247 -   [GĐ 4.1] Giải bài toán TSP trên từng tuyến đơn...
2026-05-11 03:19:49,135 -   [GĐ 4.2] Xét từng cặp tuyến để phân bổ lại khách hàng...
2026-05-11 03:19:49,135 -   --- Pairwise Iter 1 (còn 1199s) ---
2026-05-11 03:19:49,162 -     [P4.2] Pair (0,2) giảm 1 -> BEST = 481
2026-05-11 03:19:49,187 -   --- Pairwise Iter 2 (còn 1199s) ---
2026-05-11 03:19:49,249 -     [P4.2] Pair (4,7) giảm 6 -> BEST = 475
2026-05-11 03:19:49,274 -   --- Pairwise Iter 3 (còn 1199s) ---
2026-05-11 03:19:49,371 -     [P4.2] Pair (0,3) giảm 10 -> BEST = 465
2026-05-11 03:19:49,386 -   --- Pairwise Iter 4 (còn 1199s) ---
2026-05-11 03:19:49,440 -     [P4.2] Pair (3,6) giảm 15 -> BEST = 450
2026-05-11 03:19:49,455 -   --- Pairwise Iter 5 (còn 1199s) ---
2026-05-11 03:19:49,885 -     -> Đã đạt cực trị toàn cục cho mọi cặp dưới ngưỡng. KẾT THÚC CHẶNG 4.
2026-05-11 03:19:49,885 - Hoàn thành trong 1.6s. Final Cost: 450
2026-05-11 03:19:49,886 - ======================================================================
2026-05-11 03:19:49,886 - BÁO CÁO TỔNG KẾT (SUMMARY)
2026-05-11 03:19:49,886 - ======================================================================
2026-05-11 03:19:49,886 -   1. Chi phí Clarke-Wright:     482
2026-05-11 03:19:49,886 -   2. Chi phí sau Gurobi MIP:    450
2026-05-11 03:19:49,886 -   => TỔNG CẢI THIỆN:            32
2026-05-11 03:19:49,886 -   => Số lần Gurobi Single cải thiện  : 0 lần
2026-05-11 03:19:49,886 -   => Số lần Gurobi Pairwise cải thiện: 4 lần
2026-05-11 03:19:49,886 -   => TỔNG THỜI GIAN CHẠY:       1.640s
2026-05-11 03:19:49,886 - ======================================================================
2026-05-11 03:19:49,886 - GUROBI MIP SOLVER  |  FILE: P-n19-k2.vrp
2026-05-11 03:19:49,886 - ======================================================================
2026-05-11 03:19:49,887 - Thông tin dữ liệu: Dimension=19, K=2, Capacity=160
2026-05-11 03:19:49,887 - --- Step 1: Clarke-Wright Heuristic ---
2026-05-11 03:19:49,888 -   Kết quả CW: Cost = 248, Time = 0.001s
2026-05-11 03:19:49,888 - --- Step 2: Advanced Optimization (Gurobi MIP) ---
2026-05-11 03:19:49,888 - =========================================
2026-05-11 03:19:49,888 - BẮT ĐẦU OPTIMIZE  (100% Gurobi MIP)
2026-05-11 03:19:49,888 -  -> Max Single Size  : 33
2026-05-11 03:19:49,888 -  -> Single Timeout   : 60.0s
2026-05-11 03:19:49,888 -  -> Max Pairwise Size: 45
2026-05-11 03:19:49,888 -  -> Pairwise Timeout : 86.0s
2026-05-11 03:19:49,888 -  -> Global Timeout   : 1200.0s
2026-05-11 03:19:49,888 -  -> Chi phí khởi điểm: 248
2026-05-11 03:19:49,888 - =========================================
2026-05-11 03:19:49,888 - === BẮT ĐẦU CHẶNG 4: GUROBI MIP CHÍNH XÁC | Cost: 248 ===
2026-05-11 03:19:49,888 -   [GĐ 4.1] Giải bài toán TSP trên từng tuyến đơn...
2026-05-11 03:19:50,059 -     -> Single Gurobi cải thiện: 29. Cost mới: 219
2026-05-11 03:19:50,059 -   [GĐ 4.2] Xét từng cặp tuyến để phân bổ lại khách hàng...
2026-05-11 03:19:50,060 -   --- Pairwise Iter 1 (còn 1200s) ---
2026-05-11 03:20:14,365 -     [P4.2] Pair (0,1) giảm 7 -> BEST = 212
2026-05-11 03:20:14,516 -   --- Pairwise Iter 2 (còn 1175s) ---
2026-05-11 03:20:31,793 -     -> Đã đạt cực trị toàn cục cho mọi cặp dưới ngưỡng. KẾT THÚC CHẶNG 4.
2026-05-11 03:20:31,793 - Hoàn thành trong 41.9s. Final Cost: 212
2026-05-11 03:20:31,793 - ======================================================================
2026-05-11 03:20:31,793 - BÁO CÁO TỔNG KẾT (SUMMARY)
2026-05-11 03:20:31,793 - ======================================================================
2026-05-11 03:20:31,793 -   1. Chi phí Clarke-Wright:     248
2026-05-11 03:20:31,793 -   2. Chi phí sau Gurobi MIP:    212
2026-05-11 03:20:31,793 -   => TỔNG CẢI THIỆN:            36
2026-05-11 03:20:31,793 -   => Số lần Gurobi Single cải thiện  : 2 lần
2026-05-11 03:20:31,793 -   => Số lần Gurobi Pairwise cải thiện: 1 lần
2026-05-11 03:20:31,793 -   => TỔNG THỜI GIAN CHẠY:       41.906s
2026-05-11 03:20:31,794 - ======================================================================
2026-05-11 03:20:31,794 - GUROBI MIP SOLVER  |  FILE: P-n20-k2.vrp
2026-05-11 03:20:31,794 - ======================================================================
2026-05-11 03:20:31,795 - Thông tin dữ liệu: Dimension=20, K=2, Capacity=160
2026-05-11 03:20:31,795 - --- Step 1: Clarke-Wright Heuristic ---
2026-05-11 03:20:31,795 -   Kết quả CW: Cost = 266, Time = 0.000s
2026-05-11 03:20:31,796 - --- Step 2: Advanced Optimization (Gurobi MIP) ---
2026-05-11 03:20:31,796 - =========================================
2026-05-11 03:20:31,796 - BẮT ĐẦU OPTIMIZE  (100% Gurobi MIP)
2026-05-11 03:20:31,796 -  -> Max Single Size  : 35
2026-05-11 03:20:31,796 -  -> Single Timeout   : 60.0s
2026-05-11 03:20:31,796 -  -> Max Pairwise Size: 45
2026-05-11 03:20:31,796 -  -> Pairwise Timeout : 90.0s
2026-05-11 03:20:31,796 -  -> Global Timeout   : 1200.0s
2026-05-11 03:20:31,796 -  -> Chi phí khởi điểm: 266
2026-05-11 03:20:31,796 - =========================================
2026-05-11 03:20:31,796 - === BẮT ĐẦU CHẶNG 4: GUROBI MIP CHÍNH XÁC | Cost: 266 ===
2026-05-11 03:20:31,796 -   [GĐ 4.1] Giải bài toán TSP trên từng tuyến đơn...
2026-05-11 03:20:31,890 -     -> Single Gurobi cải thiện: 39. Cost mới: 227
2026-05-11 03:20:31,891 -   [GĐ 4.2] Xét từng cặp tuyến để phân bổ lại khách hàng...
2026-05-11 03:20:31,891 -   --- Pairwise Iter 1 (còn 1200s) ---
2026-05-11 03:20:42,912 -     [P4.2] Pair (0,1) giảm 11 -> BEST = 216
2026-05-11 03:20:42,968 -   --- Pairwise Iter 2 (còn 1189s) ---
2026-05-11 03:21:00,741 -     -> Đã đạt cực trị toàn cục cho mọi cặp dưới ngưỡng. KẾT THÚC CHẶNG 4.
2026-05-11 03:21:00,742 - Hoàn thành trong 28.9s. Final Cost: 216
2026-05-11 03:21:00,742 - ======================================================================
2026-05-11 03:21:00,742 - BÁO CÁO TỔNG KẾT (SUMMARY)
2026-05-11 03:21:00,742 - ======================================================================
2026-05-11 03:21:00,742 -   1. Chi phí Clarke-Wright:     266
2026-05-11 03:21:00,742 -   2. Chi phí sau Gurobi MIP:    216
2026-05-11 03:21:00,742 -   => TỔNG CẢI THIỆN:            50
2026-05-11 03:21:00,742 -   => Số lần Gurobi Single cải thiện  : 2 lần
2026-05-11 03:21:00,742 -   => Số lần Gurobi Pairwise cải thiện: 1 lần
2026-05-11 03:21:00,742 -   => TỔNG THỜI GIAN CHẠY:       28.947s
2026-05-11 03:21:00,743 - ======================================================================
2026-05-11 03:21:00,743 - GUROBI MIP SOLVER  |  FILE: P-n21-k2.vrp
2026-05-11 03:21:00,743 - ======================================================================
2026-05-11 03:21:00,744 - Thông tin dữ liệu: Dimension=21, K=2, Capacity=160
2026-05-11 03:21:00,744 - --- Step 1: Clarke-Wright Heuristic ---
2026-05-11 03:21:00,744 -   Kết quả CW: Cost = 270, Time = 0.000s
2026-05-11 03:21:00,744 - --- Step 2: Advanced Optimization (Gurobi MIP) ---
2026-05-11 03:21:00,744 - =========================================
2026-05-11 03:21:00,744 - BẮT ĐẦU OPTIMIZE  (100% Gurobi MIP)
2026-05-11 03:21:00,744 -  -> Max Single Size  : 36
2026-05-11 03:21:00,745 -  -> Single Timeout   : 60.0s
2026-05-11 03:21:00,745 -  -> Max Pairwise Size: 45
2026-05-11 03:21:00,745 -  -> Pairwise Timeout : 95.0s
2026-05-11 03:21:00,745 -  -> Global Timeout   : 1200.0s
2026-05-11 03:21:00,745 -  -> Chi phí khởi điểm: 270
2026-05-11 03:21:00,745 - =========================================
2026-05-11 03:21:00,746 - === BẮT ĐẦU CHẶNG 4: GUROBI MIP CHÍNH XÁC | Cost: 270 ===
2026-05-11 03:21:00,746 -   [GĐ 4.1] Giải bài toán TSP trên từng tuyến đơn...
2026-05-11 03:21:00,873 -     -> Single Gurobi cải thiện: 39. Cost mới: 231
2026-05-11 03:21:00,873 -   [GĐ 4.2] Xét từng cặp tuyến để phân bổ lại khách hàng...
2026-05-11 03:21:00,873 -   --- Pairwise Iter 1 (còn 1200s) ---
2026-05-11 03:21:14,087 -     [P4.2] Pair (0,1) giảm 20 -> BEST = 211
2026-05-11 03:21:14,262 -   --- Pairwise Iter 2 (còn 1186s) ---
2026-05-11 03:21:29,119 -     -> Đã đạt cực trị toàn cục cho mọi cặp dưới ngưỡng. KẾT THÚC CHẶNG 4.
2026-05-11 03:21:29,119 - Hoàn thành trong 28.4s. Final Cost: 211
2026-05-11 03:21:29,119 - ======================================================================
2026-05-11 03:21:29,119 - BÁO CÁO TỔNG KẾT (SUMMARY)
2026-05-11 03:21:29,119 - ======================================================================
2026-05-11 03:21:29,119 -   1. Chi phí Clarke-Wright:     270
2026-05-11 03:21:29,119 -   2. Chi phí sau Gurobi MIP:    211
2026-05-11 03:21:29,120 -   => TỔNG CẢI THIỆN:            59
2026-05-11 03:21:29,120 -   => Số lần Gurobi Single cải thiện  : 2 lần
2026-05-11 03:21:29,120 -   => Số lần Gurobi Pairwise cải thiện: 1 lần
2026-05-11 03:21:29,120 -   => TỔNG THỜI GIAN CHẠY:       28.375s
2026-05-11 03:21:29,120 - ======================================================================
2026-05-11 03:21:29,120 - GUROBI MIP SOLVER  |  FILE: P-n22-k8.vrp
2026-05-11 03:21:29,120 - ======================================================================
2026-05-11 03:21:29,121 - Thông tin dữ liệu: Dimension=22, K=8, Capacity=3000
2026-05-11 03:21:29,121 - --- Step 1: Clarke-Wright Heuristic ---
2026-05-11 03:21:29,122 -   Kết quả CW: Cost = 773, Time = 0.001s
2026-05-11 03:21:29,122 - --- Step 2: Advanced Optimization (Gurobi MIP) ---
2026-05-11 03:21:29,122 - =========================================
2026-05-11 03:21:29,122 - BẮT ĐẦU OPTIMIZE  (100% Gurobi MIP)
2026-05-11 03:21:29,122 -  -> Max Single Size  : 20
2026-05-11 03:21:29,122 -  -> Single Timeout   : 60.0s
2026-05-11 03:21:29,122 -  -> Max Pairwise Size: 20
2026-05-11 03:21:29,122 -  -> Pairwise Timeout : 30.0s
2026-05-11 03:21:29,122 -  -> Global Timeout   : 1200.0s
2026-05-11 03:21:29,122 -  -> Chi phí khởi điểm: 773
2026-05-11 03:21:29,122 - =========================================
2026-05-11 03:21:29,122 - === BẮT ĐẦU CHẶNG 4: GUROBI MIP CHÍNH XÁC | Cost: 773 ===
2026-05-11 03:21:29,122 -   [GĐ 4.1] Giải bài toán TSP trên từng tuyến đơn...
2026-05-11 03:21:29,209 -     -> Single Gurobi cải thiện: 35. Cost mới: 738
2026-05-11 03:21:29,209 -   [GĐ 4.2] Xét từng cặp tuyến để phân bổ lại khách hàng...
2026-05-11 03:21:29,209 -   --- Pairwise Iter 1 (còn 1200s) ---
2026-05-11 03:21:29,222 -     [P4.2] Pair (5,6) giảm 20 -> BEST = 718
2026-05-11 03:21:29,248 -   --- Pairwise Iter 2 (còn 1200s) ---
2026-05-11 03:21:29,385 -     [P4.2] Pair (1,4) giảm 1 -> BEST = 717
2026-05-11 03:21:29,409 -   --- Pairwise Iter 3 (còn 1200s) ---
2026-05-11 03:21:29,904 -     [P4.2] Pair (0,1) giảm 20 -> BEST = 697
2026-05-11 03:21:29,944 -   --- Pairwise Iter 4 (còn 1199s) ---
2026-05-11 03:21:30,217 -     [P4.2] Pair (0,4) giảm 20 -> BEST = 677
2026-05-11 03:21:30,247 -   --- Pairwise Iter 5 (còn 1199s) ---
2026-05-11 03:21:30,831 -     [P4.2] Pair (5,7) giảm 1 -> BEST = 676
2026-05-11 03:21:30,844 -   --- Pairwise Iter 6 (còn 1198s) ---
2026-05-11 03:21:31,713 -     -> Đã đạt cực trị toàn cục cho mọi cặp dưới ngưỡng. KẾT THÚC CHẶNG 4.
2026-05-11 03:21:31,714 - Hoàn thành trong 2.6s. Final Cost: 676
2026-05-11 03:21:31,714 - ======================================================================
2026-05-11 03:21:31,714 - BÁO CÁO TỔNG KẾT (SUMMARY)
2026-05-11 03:21:31,714 - ======================================================================
2026-05-11 03:21:31,714 -   1. Chi phí Clarke-Wright:     773
2026-05-11 03:21:31,714 -   2. Chi phí sau Gurobi MIP:    676
2026-05-11 03:21:31,714 -   => TỔNG CẢI THIỆN:            97
2026-05-11 03:21:31,714 -   => Số lần Gurobi Single cải thiện  : 2 lần
2026-05-11 03:21:31,714 -   => Số lần Gurobi Pairwise cải thiện: 5 lần
2026-05-11 03:21:31,714 -   => TỔNG THỜI GIAN CHẠY:       2.592s
2026-05-11 03:21:31,714 - ======================================================================
2026-05-11 03:21:31,715 - GUROBI MIP SOLVER  |  FILE: P-n22-k2.vrp
2026-05-11 03:21:31,715 - ======================================================================
2026-05-11 03:21:31,715 - Thông tin dữ liệu: Dimension=22, K=2, Capacity=160
2026-05-11 03:21:31,716 - --- Step 1: Clarke-Wright Heuristic ---
2026-05-11 03:21:31,716 -   Kết quả CW: Cost = 284, Time = 0.000s
2026-05-11 03:21:31,716 - --- Step 2: Advanced Optimization (Gurobi MIP) ---
2026-05-11 03:21:31,716 - =========================================
2026-05-11 03:21:31,716 - BẮT ĐẦU OPTIMIZE  (100% Gurobi MIP)
2026-05-11 03:21:31,716 -  -> Max Single Size  : 38
2026-05-11 03:21:31,716 -  -> Single Timeout   : 60.0s
2026-05-11 03:21:31,716 -  -> Max Pairwise Size: 45
2026-05-11 03:21:31,716 -  -> Pairwise Timeout : 99.0s
2026-05-11 03:21:31,716 -  -> Global Timeout   : 1200.0s
2026-05-11 03:21:31,716 -  -> Chi phí khởi điểm: 284
2026-05-11 03:21:31,716 - =========================================
2026-05-11 03:21:31,716 - === BẮT ĐẦU CHẶNG 4: GUROBI MIP CHÍNH XÁC | Cost: 284 ===
2026-05-11 03:21:31,716 -   [GĐ 4.1] Giải bài toán TSP trên từng tuyến đơn...
2026-05-11 03:21:31,901 -     -> Single Gurobi cải thiện: 37. Cost mới: 247
2026-05-11 03:21:31,901 -   [GĐ 4.2] Xét từng cặp tuyến để phân bổ lại khách hàng...
2026-05-11 03:21:31,901 -   --- Pairwise Iter 1 (còn 1200s) ---
2026-05-11 03:21:47,544 -     [P4.2] Pair (0,1) giảm 31 -> BEST = 216
2026-05-11 03:21:47,757 -   --- Pairwise Iter 2 (còn 1184s) ---
2026-05-11 03:22:01,717 -     -> Đã đạt cực trị toàn cục cho mọi cặp dưới ngưỡng. KẾT THÚC CHẶNG 4.
2026-05-11 03:22:01,718 - Hoàn thành trong 30.0s. Final Cost: 216
2026-05-11 03:22:01,718 - ======================================================================
2026-05-11 03:22:01,718 - BÁO CÁO TỔNG KẾT (SUMMARY)
2026-05-11 03:22:01,718 - ======================================================================
2026-05-11 03:22:01,718 -   1. Chi phí Clarke-Wright:     284
2026-05-11 03:22:01,718 -   2. Chi phí sau Gurobi MIP:    216
2026-05-11 03:22:01,718 -   => TỔNG CẢI THIỆN:            68
2026-05-11 03:22:01,718 -   => Số lần Gurobi Single cải thiện  : 2 lần
2026-05-11 03:22:01,718 -   => Số lần Gurobi Pairwise cải thiện: 1 lần
2026-05-11 03:22:01,718 -   => TỔNG THỜI GIAN CHẠY:       30.002s
2026-05-11 03:22:01,718 - ======================================================================
2026-05-11 03:22:01,719 - GUROBI MIP SOLVER  |  FILE: P-n23-k8.vrp
2026-05-11 03:22:01,719 - ======================================================================
2026-05-11 03:22:01,720 - Thông tin dữ liệu: Dimension=23, K=8, Capacity=40
2026-05-11 03:22:01,720 - --- Step 1: Clarke-Wright Heuristic ---
2026-05-11 03:22:01,720 -   Kết quả CW: Cost = 555, Time = 0.001s
2026-05-11 03:22:01,720 - --- Step 2: Advanced Optimization (Gurobi MIP) ---
2026-05-11 03:22:01,720 - =========================================
2026-05-11 03:22:01,720 - BẮT ĐẦU OPTIMIZE  (100% Gurobi MIP)
2026-05-11 03:22:01,720 -  -> Max Single Size  : 20
2026-05-11 03:22:01,720 -  -> Single Timeout   : 60.0s
2026-05-11 03:22:01,720 -  -> Max Pairwise Size: 20
2026-05-11 03:22:01,721 -  -> Pairwise Timeout : 30.0s
2026-05-11 03:22:01,721 -  -> Global Timeout   : 1200.0s
2026-05-11 03:22:01,721 -  -> Chi phí khởi điểm: 555
2026-05-11 03:22:01,721 - =========================================
2026-05-11 03:22:01,721 - === BẮT ĐẦU CHẶNG 4: GUROBI MIP CHÍNH XÁC | Cost: 555 ===
2026-05-11 03:22:01,721 -   [GĐ 4.1] Giải bài toán TSP trên từng tuyến đơn...
2026-05-11 03:22:01,822 -     -> Single Gurobi cải thiện: 3. Cost mới: 552
2026-05-11 03:22:01,822 -   [GĐ 4.2] Xét từng cặp tuyến để phân bổ lại khách hàng...
2026-05-11 03:22:01,822 -   --- Pairwise Iter 1 (còn 1200s) ---
2026-05-11 03:22:02,163 -     [P4.2] Pair (0,1) giảm 23 -> BEST = 529
2026-05-11 03:22:02,187 -   --- Pairwise Iter 2 (còn 1200s) ---
2026-05-11 03:22:03,181 -     -> Đã đạt cực trị toàn cục cho mọi cặp dưới ngưỡng. KẾT THÚC CHẶNG 4.
2026-05-11 03:22:03,181 - Hoàn thành trong 1.5s. Final Cost: 529
2026-05-11 03:22:03,181 - ======================================================================
2026-05-11 03:22:03,181 - BÁO CÁO TỔNG KẾT (SUMMARY)
2026-05-11 03:22:03,181 - ======================================================================
2026-05-11 03:22:03,181 -   1. Chi phí Clarke-Wright:     555
2026-05-11 03:22:03,181 -   2. Chi phí sau Gurobi MIP:    529
2026-05-11 03:22:03,181 -   => TỔNG CẢI THIỆN:            26
2026-05-11 03:22:03,181 -   => Số lần Gurobi Single cải thiện  : 1 lần
2026-05-11 03:22:03,181 -   => Số lần Gurobi Pairwise cải thiện: 1 lần
2026-05-11 03:22:03,181 -   => TỔNG THỜI GIAN CHẠY:       1.461s
2026-05-11 03:22:03,182 - ======================================================================
2026-05-11 03:22:03,182 - GUROBI MIP SOLVER  |  FILE: P-n40-k5.vrp
2026-05-11 03:22:03,182 - ======================================================================
2026-05-11 03:22:03,184 - Thông tin dữ liệu: Dimension=40, K=5, Capacity=140
2026-05-11 03:22:03,184 - --- Step 1: Clarke-Wright Heuristic ---
2026-05-11 03:22:03,185 -   Kết quả CW: Cost = 596, Time = 0.001s
2026-05-11 03:22:03,186 - --- Step 2: Advanced Optimization (Gurobi MIP) ---
2026-05-11 03:22:03,186 - =========================================
2026-05-11 03:22:03,186 - BẮT ĐẦU OPTIMIZE  (100% Gurobi MIP)
2026-05-11 03:22:03,186 -  -> Max Single Size  : 28
2026-05-11 03:22:03,186 -  -> Single Timeout   : 60.0s
2026-05-11 03:22:03,186 -  -> Max Pairwise Size: 40
2026-05-11 03:22:03,186 -  -> Pairwise Timeout : 72.0s
2026-05-11 03:22:03,186 -  -> Global Timeout   : 1200.0s
2026-05-11 03:22:03,186 -  -> Chi phí khởi điểm: 596
2026-05-11 03:22:03,186 - =========================================
2026-05-11 03:22:03,186 - === BẮT ĐẦU CHẶNG 4: GUROBI MIP CHÍNH XÁC | Cost: 596 ===
2026-05-11 03:22:03,186 -   [GĐ 4.1] Giải bài toán TSP trên từng tuyến đơn...
2026-05-11 03:22:03,300 -     -> Single Gurobi cải thiện: 64. Cost mới: 532
2026-05-11 03:22:03,300 -   [GĐ 4.2] Xét từng cặp tuyến để phân bổ lại khách hàng...
2026-05-11 03:22:03,300 -   --- Pairwise Iter 1 (còn 1200s) ---
2026-05-11 03:22:13,811 -     [P4.2] Pair (0,3) giảm 2 -> BEST = 530
2026-05-11 03:22:13,890 -   --- Pairwise Iter 2 (còn 1189s) ---
2026-05-11 03:22:43,007 -     [P4.2] Pair (1,3) giảm 29 -> BEST = 501
2026-05-11 03:22:43,174 -   --- Pairwise Iter 3 (còn 1160s) ---
2026-05-11 03:22:50,023 -     [P4.2] Pair (0,1) giảm 5 -> BEST = 496
2026-05-11 03:22:50,058 -   --- Pairwise Iter 4 (còn 1153s) ---
2026-05-11 03:23:04,551 -     [P4.2] Pair (0,4) giảm 8 -> BEST = 488
2026-05-11 03:23:04,626 -   --- Pairwise Iter 5 (còn 1139s) ---
2026-05-11 03:23:22,823 -     [P4.2] Pair (0,1) giảm 7 -> BEST = 481
2026-05-11 03:23:22,862 -   --- Pairwise Iter 6 (còn 1120s) ---
2026-05-11 03:24:12,537 -     [P4.2] Pair (2,4) giảm 3 -> BEST = 478
2026-05-11 03:24:12,584 -   --- Pairwise Iter 7 (còn 1071s) ---
2026-05-11 03:24:56,009 -     [P4.2] Pair (1,2) giảm 6 -> BEST = 472
2026-05-11 03:24:56,039 -   --- Pairwise Iter 8 (còn 1027s) ---
2026-05-11 03:24:56,143 -     [P4.2] Pair (2,4) giảm 4 -> BEST = 468
2026-05-11 03:24:56,177 -   --- Pairwise Iter 9 (còn 1027s) ---
2026-05-11 03:25:06,517 -     [P4.2] Pair (2,3) giảm 3 -> BEST = 465
2026-05-11 03:25:06,547 -   --- Pairwise Iter 10 (còn 1017s) ---
2026-05-11 03:25:25,512 -     -> Đã đạt cực trị toàn cục cho mọi cặp dưới ngưỡng. KẾT THÚC CHẶNG 4.
2026-05-11 03:25:25,512 - Hoàn thành trong 202.3s. Final Cost: 465
2026-05-11 03:25:25,512 - ======================================================================
2026-05-11 03:25:25,512 - BÁO CÁO TỔNG KẾT (SUMMARY)
2026-05-11 03:25:25,512 - ======================================================================
2026-05-11 03:25:25,512 -   1. Chi phí Clarke-Wright:     596
2026-05-11 03:25:25,512 -   2. Chi phí sau Gurobi MIP:    465
2026-05-11 03:25:25,512 -   => TỔNG CẢI THIỆN:            131
2026-05-11 03:25:25,512 -   => Số lần Gurobi Single cải thiện  : 5 lần
2026-05-11 03:25:25,512 -   => Số lần Gurobi Pairwise cải thiện: 9 lần
2026-05-11 03:25:25,512 -   => TỔNG THỜI GIAN CHẠY:       202.327s
2026-05-11 03:25:25,513 - ======================================================================
2026-05-11 03:25:25,513 - GUROBI MIP SOLVER  |  FILE: P-n45-k5.vrp
2026-05-11 03:25:25,513 - ======================================================================
2026-05-11 03:25:25,516 - Thông tin dữ liệu: Dimension=45, K=5, Capacity=150
2026-05-11 03:25:25,516 - --- Step 1: Clarke-Wright Heuristic ---
2026-05-11 03:25:25,518 -   Kết quả CW: Cost = 752, Time = 0.001s
2026-05-11 03:25:25,518 - --- Step 2: Advanced Optimization (Gurobi MIP) ---
2026-05-11 03:25:25,518 - =========================================
2026-05-11 03:25:25,518 - BẮT ĐẦU OPTIMIZE  (100% Gurobi MIP)
2026-05-11 03:25:25,518 -  -> Max Single Size  : 31
2026-05-11 03:25:25,518 -  -> Single Timeout   : 60.0s
2026-05-11 03:25:25,518 -  -> Max Pairwise Size: 45
2026-05-11 03:25:25,518 -  -> Pairwise Timeout : 81.0s
2026-05-11 03:25:25,518 -  -> Global Timeout   : 1200.0s
2026-05-11 03:25:25,518 -  -> Chi phí khởi điểm: 752
2026-05-11 03:25:25,518 - =========================================
2026-05-11 03:25:25,518 - === BẮT ĐẦU CHẶNG 4: GUROBI MIP CHÍNH XÁC | Cost: 752 ===
2026-05-11 03:25:25,518 -   [GĐ 4.1] Giải bài toán TSP trên từng tuyến đơn...
2026-05-11 03:25:25,841 -     -> Single Gurobi cải thiện: 66. Cost mới: 686
2026-05-11 03:25:25,841 -   [GĐ 4.2] Xét từng cặp tuyến để phân bổ lại khách hàng...
2026-05-11 03:25:25,841 -   --- Pairwise Iter 1 (còn 1200s) ---
2026-05-11 03:26:46,882 -     [P4.2] Pair (0,1) giảm 58 -> BEST = 628
2026-05-11 03:26:47,037 -   --- Pairwise Iter 2 (còn 1118s) ---
2026-05-11 03:27:05,824 -     [P4.2] Pair (2,4) giảm 49 -> BEST = 579
2026-05-11 03:27:05,860 -   --- Pairwise Iter 3 (còn 1100s) ---
2026-05-11 03:28:40,912 -     [P4.2] Pair (0,4) giảm 16 -> BEST = 563
2026-05-11 03:28:40,990 -   --- Pairwise Iter 4 (còn 1005s) ---
2026-05-11 03:28:52,153 -     [P4.2] Pair (3,4) giảm 1 -> BEST = 562
2026-05-11 03:28:52,312 -   --- Pairwise Iter 5 (còn 993s) ---
2026-05-11 03:29:42,385 -     [P4.2] Pair (1,3) giảm 20 -> BEST = 542
2026-05-11 03:29:42,598 -   --- Pairwise Iter 6 (còn 943s) ---
2026-05-11 03:31:49,587 -     [P4.2] Pair (1,4) giảm 16 -> BEST = 526
2026-05-11 03:31:49,761 -   --- Pairwise Iter 7 (còn 816s) ---
2026-05-11 03:32:57,582 -     [P4.2] Pair (1,3) giảm 2 -> BEST = 524
2026-05-11 03:32:57,721 -   --- Pairwise Iter 8 (còn 748s) ---
2026-05-11 03:35:18,992 -     [P4.2] Pair (2,4) giảm 2 -> BEST = 522
2026-05-11 03:35:19,123 -   --- Pairwise Iter 9 (còn 606s) ---
2026-05-11 03:37:28,599 -     -> Đã đạt cực trị toàn cục cho mọi cặp dưới ngưỡng. KẾT THÚC CHẶNG 4.
2026-05-11 03:37:28,600 - Hoàn thành trong 723.1s. Final Cost: 522
2026-05-11 03:37:28,600 - ======================================================================
2026-05-11 03:37:28,600 - BÁO CÁO TỔNG KẾT (SUMMARY)
2026-05-11 03:37:28,600 - ======================================================================
2026-05-11 03:37:28,600 -   1. Chi phí Clarke-Wright:     752
2026-05-11 03:37:28,600 -   2. Chi phí sau Gurobi MIP:    522
2026-05-11 03:37:28,600 -   => TỔNG CẢI THIỆN:            230
2026-05-11 03:37:28,600 -   => Số lần Gurobi Single cải thiện  : 5 lần
2026-05-11 03:37:28,600 -   => Số lần Gurobi Pairwise cải thiện: 8 lần
2026-05-11 03:37:28,600 -   => TỔNG THỜI GIAN CHẠY:       723.083s
2026-05-11 03:37:28,601 - ======================================================================
2026-05-11 03:37:28,601 - GUROBI MIP SOLVER  |  FILE: P-n50-k10.vrp
2026-05-11 03:37:28,601 - ======================================================================
2026-05-11 03:37:28,605 - Thông tin dữ liệu: Dimension=50, K=10, Capacity=100
2026-05-11 03:37:28,606 - --- Step 1: Clarke-Wright Heuristic ---
2026-05-11 03:37:28,608 -   Kết quả CW: Cost = 928, Time = 0.002s
2026-05-11 03:37:28,608 - --- Step 2: Advanced Optimization (Gurobi MIP) ---
2026-05-11 03:37:28,608 - =========================================
2026-05-11 03:37:28,608 - BẮT ĐẦU OPTIMIZE  (100% Gurobi MIP)
2026-05-11 03:37:28,608 -  -> Max Single Size  : 20
2026-05-11 03:37:28,608 -  -> Single Timeout   : 60.0s
2026-05-11 03:37:28,608 -  -> Max Pairwise Size: 25
2026-05-11 03:37:28,608 -  -> Pairwise Timeout : 45.0s
2026-05-11 03:37:28,608 -  -> Global Timeout   : 1200.0s
2026-05-11 03:37:28,608 -  -> Chi phí khởi điểm: 928
2026-05-11 03:37:28,608 - =========================================
2026-05-11 03:37:28,608 - === BẮT ĐẦU CHẶNG 4: GUROBI MIP CHÍNH XÁC | Cost: 928 ===
2026-05-11 03:37:28,608 -   [GĐ 4.1] Giải bài toán TSP trên từng tuyến đơn...
2026-05-11 03:37:28,871 -     -> Single Gurobi cải thiện: 24. Cost mới: 904
2026-05-11 03:37:28,871 -   [GĐ 4.2] Xét từng cặp tuyến để phân bổ lại khách hàng...
2026-05-11 03:37:28,871 -   --- Pairwise Iter 1 (còn 1200s) ---
2026-05-11 03:37:29,158 -     [P4.2] Pair (0,6) giảm 16 -> BEST = 888
2026-05-11 03:37:29,183 -   --- Pairwise Iter 2 (còn 1199s) ---
2026-05-11 03:37:29,998 -     [P4.2] Pair (4,8) giảm 28 -> BEST = 860
2026-05-11 03:37:30,024 -   --- Pairwise Iter 3 (còn 1199s) ---
2026-05-11 03:37:31,081 -     [P4.2] Pair (0,3) giảm 1 -> BEST = 859
2026-05-11 03:37:31,106 -   --- Pairwise Iter 4 (còn 1198s) ---
2026-05-11 03:37:33,111 -     [P4.2] Pair (0,4) giảm 13 -> BEST = 846
2026-05-11 03:37:33,160 -   --- Pairwise Iter 5 (còn 1195s) ---
2026-05-11 03:37:35,812 -     [P4.2] Pair (0,3) giảm 10 -> BEST = 836
2026-05-11 03:37:35,848 -   --- Pairwise Iter 6 (còn 1193s) ---
2026-05-11 03:37:37,845 -     [P4.2] Pair (0,4) giảm 1 -> BEST = 835
2026-05-11 03:37:37,870 -   --- Pairwise Iter 7 (còn 1191s) ---
2026-05-11 03:37:40,272 -     [P4.2] Pair (0,3) giảm 17 -> BEST = 818
2026-05-11 03:37:40,351 -   --- Pairwise Iter 8 (còn 1188s) ---
2026-05-11 03:37:42,698 -     [P4.2] Pair (0,2) giảm 4 -> BEST = 814
2026-05-11 03:37:42,724 -   --- Pairwise Iter 9 (còn 1186s) ---
2026-05-11 03:37:46,941 -     [P4.2] Pair (1,6) giảm 20 -> BEST = 794
2026-05-11 03:37:46,966 -   --- Pairwise Iter 10 (còn 1182s) ---
2026-05-11 03:37:54,123 -     [P4.2] Pair (6,9) giảm 16 -> BEST = 778
2026-05-11 03:37:54,173 -   --- Pairwise Iter 11 (còn 1174s) ---
2026-05-11 03:37:57,758 -     [P4.2] Pair (0,6) giảm 20 -> BEST = 758
2026-05-11 03:37:57,823 -   --- Pairwise Iter 12 (còn 1171s) ---
2026-05-11 03:38:02,812 -     [P4.2] Pair (0,9) giảm 1 -> BEST = 757
2026-05-11 03:38:02,882 -   --- Pairwise Iter 13 (còn 1166s) ---
2026-05-11 03:38:08,423 -     [P4.2] Pair (1,2) giảm 5 -> BEST = 752
2026-05-11 03:38:08,451 -   --- Pairwise Iter 14 (còn 1160s) ---
2026-05-11 03:38:10,892 -     [P4.2] Pair (2,5) giảm 25 -> BEST = 727
2026-05-11 03:38:10,917 -   --- Pairwise Iter 15 (còn 1158s) ---
2026-05-11 03:38:30,091 -     -> Đã đạt cực trị toàn cục cho mọi cặp dưới ngưỡng. KẾT THÚC CHẶNG 4.
2026-05-11 03:38:30,091 - Hoàn thành trong 61.5s. Final Cost: 727
2026-05-11 03:38:30,091 - ======================================================================
2026-05-11 03:38:30,091 - BÁO CÁO TỔNG KẾT (SUMMARY)
2026-05-11 03:38:30,091 - ======================================================================
2026-05-11 03:38:30,092 -   1. Chi phí Clarke-Wright:     928
2026-05-11 03:38:30,092 -   2. Chi phí sau Gurobi MIP:    727
2026-05-11 03:38:30,092 -   => TỔNG CẢI THIỆN:            201
2026-05-11 03:38:30,092 -   => Số lần Gurobi Single cải thiện  : 5 lần
2026-05-11 03:38:30,092 -   => Số lần Gurobi Pairwise cải thiện: 14 lần
2026-05-11 03:38:30,092 -   => TỔNG THỜI GIAN CHẠY:       61.486s
2026-05-11 03:38:30,096 - ======================================================================
2026-05-11 03:38:30,096 - GUROBI MIP SOLVER  |  FILE: P-n50-k7.vrp
2026-05-11 03:38:30,096 - ======================================================================
2026-05-11 03:38:30,109 - Thông tin dữ liệu: Dimension=50, K=7, Capacity=150
2026-05-11 03:38:30,109 - --- Step 1: Clarke-Wright Heuristic ---
2026-05-11 03:38:30,111 -   Kết quả CW: Cost = 799, Time = 0.002s
2026-05-11 03:38:30,112 - --- Step 2: Advanced Optimization (Gurobi MIP) ---
2026-05-11 03:38:30,112 - =========================================
2026-05-11 03:38:30,112 - BẮT ĐẦU OPTIMIZE  (100% Gurobi MIP)
2026-05-11 03:38:30,112 -  -> Max Single Size  : 25
2026-05-11 03:38:30,112 -  -> Single Timeout   : 60.0s
2026-05-11 03:38:30,112 -  -> Max Pairwise Size: 35
2026-05-11 03:38:30,112 -  -> Pairwise Timeout : 65.0s
2026-05-11 03:38:30,112 -  -> Global Timeout   : 1200.0s
2026-05-11 03:38:30,112 -  -> Chi phí khởi điểm: 799
2026-05-11 03:38:30,112 - =========================================
2026-05-11 03:38:30,112 - === BẮT ĐẦU CHẶNG 4: GUROBI MIP CHÍNH XÁC | Cost: 799 ===
2026-05-11 03:38:30,112 -   [GĐ 4.1] Giải bài toán TSP trên từng tuyến đơn...
2026-05-11 03:38:30,321 -     -> Single Gurobi cải thiện: 65. Cost mới: 734
2026-05-11 03:38:30,321 -   [GĐ 4.2] Xét từng cặp tuyến để phân bổ lại khách hàng...
2026-05-11 03:38:30,321 -   --- Pairwise Iter 1 (còn 1200s) ---
2026-05-11 03:38:31,114 -     [P4.2] Pair (2,5) giảm 5 -> BEST = 729
2026-05-11 03:38:31,175 -   --- Pairwise Iter 2 (còn 1199s) ---
2026-05-11 03:38:32,169 -     [P4.2] Pair (2,6) giảm 66 -> BEST = 663
2026-05-11 03:38:32,241 -   --- Pairwise Iter 3 (còn 1198s) ---
2026-05-11 03:38:36,362 -     [P4.2] Pair (3,4) giảm 1 -> BEST = 662
2026-05-11 03:38:36,397 -   --- Pairwise Iter 4 (còn 1194s) ---
2026-05-11 03:39:25,725 -     [P4.2] Pair (4,6) giảm 23 -> BEST = 639
2026-05-11 03:39:25,864 -   --- Pairwise Iter 5 (còn 1144s) ---
2026-05-11 03:40:18,031 -     [P4.2] Pair (0,6) giảm 31 -> BEST = 608
2026-05-11 03:40:18,143 -   --- Pairwise Iter 6 (còn 1092s) ---
2026-05-11 03:40:40,331 -     [P4.2] Pair (3,4) giảm 7 -> BEST = 601
2026-05-11 03:40:40,409 -   --- Pairwise Iter 7 (còn 1070s) ---
2026-05-11 03:41:04,320 -     [P4.2] Pair (5,6) giảm 1 -> BEST = 600
2026-05-11 03:41:04,491 -   --- Pairwise Iter 8 (còn 1046s) ---
2026-05-11 03:42:02,916 -     [P4.2] Pair (0,5) giảm 2 -> BEST = 598
2026-05-11 03:42:03,138 -   --- Pairwise Iter 9 (còn 987s) ---
2026-05-11 03:43:08,169 -     [P4.2] Pair (3,5) giảm 4 -> BEST = 594
2026-05-11 03:43:08,463 -   --- Pairwise Iter 10 (còn 922s) ---
2026-05-11 03:44:21,638 -     [P4.2] Pair (3,4) giảm 6 -> BEST = 588
2026-05-11 03:44:21,674 -   --- Pairwise Iter 11 (còn 848s) ---
2026-05-11 03:44:36,853 -     [P4.2] Pair (2,3) giảm 6 -> BEST = 582
2026-05-11 03:44:36,963 -   --- Pairwise Iter 12 (còn 833s) ---
2026-05-11 03:44:51,379 -     [P4.2] Pair (2,6) giảm 2 -> BEST = 580
2026-05-11 03:44:51,450 -   --- Pairwise Iter 13 (còn 819s) ---
2026-05-11 03:45:13,813 -     [P4.2] Pair (1,2) giảm 5 -> BEST = 575
2026-05-11 03:45:13,892 -   --- Pairwise Iter 14 (còn 796s) ---
2026-05-11 03:45:22,085 -     [P4.2] Pair (2,3) giảm 9 -> BEST = 566
2026-05-11 03:45:22,120 -   --- Pairwise Iter 15 (còn 788s) ---
2026-05-11 03:45:51,031 -     -> Đã đạt cực trị toàn cục cho mọi cặp dưới ngưỡng. KẾT THÚC CHẶNG 4.
2026-05-11 03:45:51,031 - Hoàn thành trong 440.9s. Final Cost: 566
2026-05-11 03:45:51,031 - ======================================================================
2026-05-11 03:45:51,031 - BÁO CÁO TỔNG KẾT (SUMMARY)
2026-05-11 03:45:51,032 - ======================================================================
2026-05-11 03:45:51,032 -   1. Chi phí Clarke-Wright:     799
2026-05-11 03:45:51,032 -   2. Chi phí sau Gurobi MIP:    566
2026-05-11 03:45:51,032 -   => TỔNG CẢI THIỆN:            233
2026-05-11 03:45:51,032 -   => Số lần Gurobi Single cải thiện  : 5 lần
2026-05-11 03:45:51,032 -   => Số lần Gurobi Pairwise cải thiện: 14 lần
2026-05-11 03:45:51,032 -   => TỔNG THỜI GIAN CHẠY:       440.922s
2026-05-11 03:45:51,037 - ======================================================================
2026-05-11 03:45:51,037 - GUROBI MIP SOLVER  |  FILE: P-n50-k8.vrp
2026-05-11 03:45:51,037 - ======================================================================
2026-05-11 03:45:51,050 - Thông tin dữ liệu: Dimension=50, K=8, Capacity=120
2026-05-11 03:45:51,050 - --- Step 1: Clarke-Wright Heuristic ---
2026-05-11 03:45:51,052 -   Kết quả CW: Cost = 936, Time = 0.002s
2026-05-11 03:45:51,052 - --- Step 2: Advanced Optimization (Gurobi MIP) ---
2026-05-11 03:45:51,052 - =========================================
2026-05-11 03:45:51,052 - BẮT ĐẦU OPTIMIZE  (100% Gurobi MIP)
2026-05-11 03:45:51,052 -  -> Max Single Size  : 21
2026-05-11 03:45:51,052 -  -> Single Timeout   : 60.0s
2026-05-11 03:45:51,052 -  -> Max Pairwise Size: 31
2026-05-11 03:45:51,052 -  -> Pairwise Timeout : 57.0s
2026-05-11 03:45:51,052 -  -> Global Timeout   : 1200.0s
2026-05-11 03:45:51,052 -  -> Chi phí khởi điểm: 936
2026-05-11 03:45:51,052 - =========================================
2026-05-11 03:45:51,052 - === BẮT ĐẦU CHẶNG 4: GUROBI MIP CHÍNH XÁC | Cost: 936 ===
2026-05-11 03:45:51,052 -   [GĐ 4.1] Giải bài toán TSP trên từng tuyến đơn...
2026-05-11 03:45:51,297 -     -> Single Gurobi cải thiện: 119. Cost mới: 817
2026-05-11 03:45:51,297 -   [GĐ 4.2] Xét từng cặp tuyến để phân bổ lại khách hàng...
2026-05-11 03:45:51,297 -   --- Pairwise Iter 1 (còn 1200s) ---
2026-05-11 03:45:52,037 -     [P4.2] Pair (0,5) giảm 8 -> BEST = 809
2026-05-11 03:45:52,063 -   --- Pairwise Iter 2 (còn 1199s) ---
2026-05-11 03:45:53,571 -     [P4.2] Pair (0,6) giảm 10 -> BEST = 799
2026-05-11 03:45:53,606 -   --- Pairwise Iter 3 (còn 1197s) ---
2026-05-11 03:45:54,282 -     [P4.2] Pair (0,5) giảm 2 -> BEST = 797
2026-05-11 03:45:54,317 -   --- Pairwise Iter 4 (còn 1197s) ---
2026-05-11 03:45:54,649 -     [P4.2] Pair (3,6) giảm 8 -> BEST = 789
2026-05-11 03:45:54,673 -   --- Pairwise Iter 5 (còn 1196s) ---
2026-05-11 03:45:55,452 -     [P4.2] Pair (4,5) giảm 9 -> BEST = 780
2026-05-11 03:45:55,477 -   --- Pairwise Iter 6 (còn 1196s) ---
2026-05-11 03:45:56,541 -     [P4.2] Pair (4,7) giảm 22 -> BEST = 758
2026-05-11 03:45:56,565 -   --- Pairwise Iter 7 (còn 1194s) ---
2026-05-11 03:45:58,437 -     [P4.2] Pair (0,3) giảm 37 -> BEST = 721
2026-05-11 03:45:58,464 -   --- Pairwise Iter 8 (còn 1193s) ---
2026-05-11 03:46:01,169 -     [P4.2] Pair (1,7) giảm 12 -> BEST = 709
2026-05-11 03:46:01,215 -   --- Pairwise Iter 9 (còn 1190s) ---
2026-05-11 03:46:02,394 -     [P4.2] Pair (1,4) giảm 7 -> BEST = 702
2026-05-11 03:46:02,429 -   --- Pairwise Iter 10 (còn 1189s) ---
2026-05-11 03:46:06,041 -     [P4.2] Pair (5,6) giảm 10 -> BEST = 692
2026-05-11 03:46:06,096 -   --- Pairwise Iter 11 (còn 1185s) ---
2026-05-11 03:46:07,177 -     [P4.2] Pair (3,5) giảm 7 -> BEST = 685
2026-05-11 03:46:07,202 -   --- Pairwise Iter 12 (còn 1184s) ---
2026-05-11 03:46:11,075 -     [P4.2] Pair (0,6) giảm 6 -> BEST = 679
2026-05-11 03:46:11,136 -   --- Pairwise Iter 13 (còn 1180s) ---
2026-05-11 03:46:15,328 -     [P4.2] Pair (5,6) giảm 5 -> BEST = 674
2026-05-11 03:46:15,364 -   --- Pairwise Iter 14 (còn 1176s) ---
2026-05-11 03:46:15,864 -     [P4.2] Pair (0,5) giảm 1 -> BEST = 673
2026-05-11 03:46:15,899 -   --- Pairwise Iter 15 (còn 1175s) ---
2026-05-11 03:46:27,711 -     [P4.2] Pair (3,7) giảm 11 -> BEST = 662
2026-05-11 03:46:27,780 -   --- Pairwise Iter 16 (còn 1163s) ---
2026-05-11 03:46:43,232 -     -> Đã đạt cực trị toàn cục cho mọi cặp dưới ngưỡng. KẾT THÚC CHẶNG 4.
2026-05-11 03:46:43,232 - Hoàn thành trong 52.2s. Final Cost: 662
2026-05-11 03:46:43,232 - ======================================================================
2026-05-11 03:46:43,232 - BÁO CÁO TỔNG KẾT (SUMMARY)
2026-05-11 03:46:43,232 - ======================================================================
2026-05-11 03:46:43,232 -   1. Chi phí Clarke-Wright:     936
2026-05-11 03:46:43,232 -   2. Chi phí sau Gurobi MIP:    662
2026-05-11 03:46:43,232 -   => TỔNG CẢI THIỆN:            274
2026-05-11 03:46:43,232 -   => Số lần Gurobi Single cải thiện  : 6 lần
2026-05-11 03:46:43,232 -   => Số lần Gurobi Pairwise cải thiện: 15 lần
2026-05-11 03:46:43,232 -   => TỔNG THỜI GIAN CHẠY:       52.182s
2026-05-11 03:46:43,236 - ======================================================================
2026-05-11 03:46:43,237 - GUROBI MIP SOLVER  |  FILE: P-n51-k10.vrp
2026-05-11 03:46:43,237 - ======================================================================
2026-05-11 03:46:43,241 - Thông tin dữ liệu: Dimension=51, K=10, Capacity=80
2026-05-11 03:46:43,242 - --- Step 1: Clarke-Wright Heuristic ---
2026-05-11 03:46:43,244 -   Kết quả CW: Cost = 978, Time = 0.002s
2026-05-11 03:46:43,244 - --- Step 2: Advanced Optimization (Gurobi MIP) ---
2026-05-11 03:46:43,244 - =========================================
2026-05-11 03:46:43,245 - BẮT ĐẦU OPTIMIZE  (100% Gurobi MIP)
2026-05-11 03:46:43,245 -  -> Max Single Size  : 20
2026-05-11 03:46:43,245 -  -> Single Timeout   : 60.0s
2026-05-11 03:46:43,245 -  -> Max Pairwise Size: 25
2026-05-11 03:46:43,245 -  -> Pairwise Timeout : 46.0s
2026-05-11 03:46:43,245 -  -> Global Timeout   : 1200.0s
2026-05-11 03:46:43,246 -  -> Chi phí khởi điểm: 978
2026-05-11 03:46:43,246 - =========================================
2026-05-11 03:46:43,246 - === BẮT ĐẦU CHẶNG 4: GUROBI MIP CHÍNH XÁC | Cost: 978 ===
2026-05-11 03:46:43,246 -   [GĐ 4.1] Giải bài toán TSP trên từng tuyến đơn...
2026-05-11 03:46:43,451 -     -> Single Gurobi cải thiện: 43. Cost mới: 935
2026-05-11 03:46:43,452 -   [GĐ 4.2] Xét từng cặp tuyến để phân bổ lại khách hàng...
2026-05-11 03:46:43,452 -   --- Pairwise Iter 1 (còn 1200s) ---
2026-05-11 03:46:43,657 -     [P4.2] Pair (2,8) giảm 31 -> BEST = 904
2026-05-11 03:46:43,681 -   --- Pairwise Iter 2 (còn 1200s) ---
2026-05-11 03:46:44,037 -     [P4.2] Pair (0,3) giảm 11 -> BEST = 893
2026-05-11 03:46:44,063 -   --- Pairwise Iter 3 (còn 1199s) ---
2026-05-11 03:46:45,311 -     [P4.2] Pair (0,2) giảm 5 -> BEST = 888
2026-05-11 03:46:45,352 -   --- Pairwise Iter 4 (còn 1198s) ---
2026-05-11 03:46:47,931 -     [P4.2] Pair (2,3) giảm 21 -> BEST = 867
2026-05-11 03:46:47,958 -   --- Pairwise Iter 5 (còn 1195s) ---
2026-05-11 03:46:48,303 -     [P4.2] Pair (0,2) giảm 6 -> BEST = 861
2026-05-11 03:46:48,354 -   --- Pairwise Iter 6 (còn 1195s) ---
2026-05-11 03:46:50,916 -     [P4.2] Pair (4,5) giảm 24 -> BEST = 837
2026-05-11 03:46:51,004 -   --- Pairwise Iter 7 (còn 1192s) ---
2026-05-11 03:46:53,674 -     [P4.2] Pair (5,8) giảm 20 -> BEST = 817
2026-05-11 03:46:53,703 -   --- Pairwise Iter 8 (còn 1190s) ---
2026-05-11 03:46:58,763 -     [P4.2] Pair (4,6) giảm 2 -> BEST = 815
2026-05-11 03:46:58,798 -   --- Pairwise Iter 9 (còn 1184s) ---
2026-05-11 03:47:04,524 -     [P4.2] Pair (0,6) giảm 1 -> BEST = 814
2026-05-11 03:47:04,554 -   --- Pairwise Iter 10 (còn 1179s) ---
2026-05-11 03:47:08,796 -     [P4.2] Pair (8,9) giảm 9 -> BEST = 805
2026-05-11 03:47:08,821 -   --- Pairwise Iter 11 (còn 1174s) ---
2026-05-11 03:47:11,056 -     [P4.2] Pair (2,9) giảm 1 -> BEST = 804
2026-05-11 03:47:11,081 -   --- Pairwise Iter 12 (còn 1172s) ---
2026-05-11 03:47:16,713 -     [P4.2] Pair (0,1) giảm 4 -> BEST = 800
2026-05-11 03:47:16,763 -   --- Pairwise Iter 13 (còn 1166s) ---
2026-05-11 03:47:18,365 -     [P4.2] Pair (1,6) giảm 5 -> BEST = 795
2026-05-11 03:47:18,420 -   --- Pairwise Iter 14 (còn 1165s) ---
2026-05-11 03:47:19,485 -     [P4.2] Pair (1,7) giảm 2 -> BEST = 793
2026-05-11 03:47:19,510 -   --- Pairwise Iter 15 (còn 1164s) ---
2026-05-11 03:47:24,017 -     [P4.2] Pair (0,6) giảm 11 -> BEST = 782
2026-05-11 03:47:24,129 -   --- Pairwise Iter 16 (còn 1159s) ---
2026-05-11 03:47:42,012 -     -> Đã đạt cực trị toàn cục cho mọi cặp dưới ngưỡng. KẾT THÚC CHẶNG 4.
2026-05-11 03:47:42,013 - Hoàn thành trong 58.8s. Final Cost: 782
2026-05-11 03:47:42,013 - ======================================================================
2026-05-11 03:47:42,013 - BÁO CÁO TỔNG KẾT (SUMMARY)
2026-05-11 03:47:42,014 - ======================================================================
2026-05-11 03:47:42,014 -   1. Chi phí Clarke-Wright:     978
2026-05-11 03:47:42,014 -   2. Chi phí sau Gurobi MIP:    782
2026-05-11 03:47:42,014 -   => TỔNG CẢI THIỆN:            196
2026-05-11 03:47:42,014 -   => Số lần Gurobi Single cải thiện  : 6 lần
2026-05-11 03:47:42,014 -   => Số lần Gurobi Pairwise cải thiện: 15 lần
2026-05-11 03:47:42,014 -   => TỔNG THỜI GIAN CHẠY:       58.771s
2026-05-11 03:47:42,018 - ======================================================================
2026-05-11 03:47:42,018 - GUROBI MIP SOLVER  |  FILE: P-n55-k15.vrp
2026-05-11 03:47:42,018 - ======================================================================
2026-05-11 03:47:42,024 - Thông tin dữ liệu: Dimension=55, K=15, Capacity=70
2026-05-11 03:47:42,024 - --- Step 1: Clarke-Wright Heuristic ---
2026-05-11 03:47:42,033 -     [CW-Phase4] BFD thất bại với 1 khách hàng. Kích hoạt Backtracking (Giảm depth dần)...
2026-05-11 03:47:42,033 -       -> Thử hoán đổi với depth=3 (Limit: 10s)...
2026-05-11 03:47:42,035 -     [CW-Phase4] HOÀN HẢO! Backtracking thành công tại depth=3.
2026-05-11 03:47:42,035 -   Kết quả CW: Cost = 1966, Time = 0.011s
2026-05-11 03:47:42,035 - --- Step 2: Advanced Optimization (Gurobi MIP) ---
2026-05-11 03:47:42,035 - =========================================
2026-05-11 03:47:42,036 - BẮT ĐẦU OPTIMIZE  (100% Gurobi MIP)
2026-05-11 03:47:42,036 -  -> Max Single Size  : 20
2026-05-11 03:47:42,036 -  -> Single Timeout   : 60.0s
2026-05-11 03:47:42,036 -  -> Max Pairwise Size: 20
2026-05-11 03:47:42,036 -  -> Pairwise Timeout : 33.0s
2026-05-11 03:47:42,036 -  -> Global Timeout   : 1200.0s
2026-05-11 03:47:42,036 -  -> Chi phí khởi điểm: 1966
2026-05-11 03:47:42,036 - =========================================
2026-05-11 03:47:42,036 - === BẮT ĐẦU CHẶNG 4: GUROBI MIP CHÍNH XÁC | Cost: 1966 ===
2026-05-11 03:47:42,036 -   [GĐ 4.1] Giải bài toán TSP trên từng tuyến đơn...
2026-05-11 03:47:42,245 -     -> Single Gurobi cải thiện: 407. Cost mới: 1559
2026-05-11 03:47:42,245 -   [GĐ 4.2] Xét từng cặp tuyến để phân bổ lại khách hàng...
2026-05-11 03:47:42,245 -   --- Pairwise Iter 1 (còn 1200s) ---
2026-05-11 03:47:42,982 -     [P4.2] Pair (9,14) giảm 33 -> BEST = 1526
2026-05-11 03:47:43,027 -   --- Pairwise Iter 2 (còn 1199s) ---
2026-05-11 03:47:43,344 -     [P4.2] Pair (5,14) giảm 25 -> BEST = 1501
2026-05-11 03:47:43,369 -   --- Pairwise Iter 3 (còn 1199s) ---
2026-05-11 03:47:44,229 -     [P4.2] Pair (10,12) giảm 50 -> BEST = 1451
2026-05-11 03:47:44,256 -   --- Pairwise Iter 4 (còn 1198s) ---
2026-05-11 03:47:44,355 -     [P4.2] Pair (4,10) giảm 7 -> BEST = 1444
2026-05-11 03:47:44,380 -   --- Pairwise Iter 5 (còn 1198s) ---
2026-05-11 03:47:45,495 -     [P4.2] Pair (11,12) giảm 18 -> BEST = 1426
2026-05-11 03:47:45,520 -   --- Pairwise Iter 6 (còn 1197s) ---
2026-05-11 03:47:46,295 -     [P4.2] Pair (4,12) giảm 15 -> BEST = 1411
2026-05-11 03:47:46,320 -   --- Pairwise Iter 7 (còn 1196s) ---
2026-05-11 03:47:46,786 -     [P4.2] Pair (2,12) giảm 28 -> BEST = 1383
2026-05-11 03:47:46,823 -   --- Pairwise Iter 8 (còn 1195s) ---
2026-05-11 03:47:47,086 -     [P4.2] Pair (2,4) giảm 23 -> BEST = 1360
2026-05-11 03:47:47,111 -   --- Pairwise Iter 9 (còn 1195s) ---
2026-05-11 03:47:48,056 -     [P4.2] Pair (4,10) giảm 4 -> BEST = 1356
2026-05-11 03:47:48,091 -   --- Pairwise Iter 10 (còn 1194s) ---
2026-05-11 03:47:49,217 -     [P4.2] Pair (2,9) giảm 12 -> BEST = 1344
2026-05-11 03:47:49,244 -   --- Pairwise Iter 11 (còn 1193s) ---
2026-05-11 03:47:50,755 -     [P4.2] Pair (8,12) giảm 20 -> BEST = 1324
2026-05-11 03:47:50,780 -   --- Pairwise Iter 12 (còn 1191s) ---
2026-05-11 03:47:52,926 -     [P4.2] Pair (3,12) giảm 2 -> BEST = 1322
2026-05-11 03:47:52,953 -   --- Pairwise Iter 13 (còn 1189s) ---
2026-05-11 03:47:56,117 -     [P4.2] Pair (5,12) giảm 7 -> BEST = 1315
2026-05-11 03:47:56,145 -   --- Pairwise Iter 14 (còn 1186s) ---
2026-05-11 03:47:59,182 -     [P4.2] Pair (7,13) giảm 8 -> BEST = 1307
2026-05-11 03:47:59,207 -   --- Pairwise Iter 15 (còn 1183s) ---
2026-05-11 03:48:01,781 -     [P4.2] Pair (8,13) giảm 34 -> BEST = 1273
2026-05-11 03:48:01,806 -   --- Pairwise Iter 16 (còn 1180s) ---
2026-05-11 03:48:03,202 -     [P4.2] Pair (7,13) giảm 20 -> BEST = 1253
2026-05-11 03:48:03,234 -   --- Pairwise Iter 17 (còn 1179s) ---
2026-05-11 03:48:05,779 -     [P4.2] Pair (1,7) giảm 30 -> BEST = 1223
2026-05-11 03:48:05,814 -   --- Pairwise Iter 18 (còn 1176s) ---
2026-05-11 03:48:06,915 -     [P4.2] Pair (1,13) giảm 6 -> BEST = 1217
2026-05-11 03:48:06,944 -   --- Pairwise Iter 19 (còn 1175s) ---
2026-05-11 03:48:10,085 -     [P4.2] Pair (8,9) giảm 9 -> BEST = 1208
2026-05-11 03:48:10,110 -   --- Pairwise Iter 20 (còn 1172s) ---
2026-05-11 03:48:11,914 -     [P4.2] Pair (1,8) giảm 4 -> BEST = 1204
2026-05-11 03:48:11,945 -   --- Pairwise Iter 21 (còn 1170s) ---
2026-05-11 03:48:14,212 -     [P4.2] Pair (8,9) giảm 2 -> BEST = 1202
2026-05-11 03:48:14,242 -   --- Pairwise Iter 22 (còn 1168s) ---
2026-05-11 03:48:15,008 -     [P4.2] Pair (9,14) giảm 4 -> BEST = 1198
2026-05-11 03:48:15,036 -   --- Pairwise Iter 23 (còn 1167s) ---
2026-05-11 03:48:15,351 -     [P4.2] Pair (9,12) giảm 2 -> BEST = 1196
2026-05-11 03:48:15,377 -   --- Pairwise Iter 24 (còn 1167s) ---
2026-05-11 03:48:15,912 -     [P4.2] Pair (9,11) giảm 11 -> BEST = 1185
2026-05-11 03:48:15,954 -   --- Pairwise Iter 25 (còn 1166s) ---
2026-05-11 03:48:18,123 -     [P4.2] Pair (1,7) giảm 14 -> BEST = 1171
2026-05-11 03:48:18,153 -   --- Pairwise Iter 26 (còn 1164s) ---
2026-05-11 03:48:21,738 -     [P4.2] Pair (2,12) giảm 2 -> BEST = 1169
2026-05-11 03:48:21,764 -   --- Pairwise Iter 27 (còn 1160s) ---
2026-05-11 03:48:26,252 -     [P4.2] Pair (2,8) giảm 6 -> BEST = 1163
2026-05-11 03:48:26,283 -   --- Pairwise Iter 28 (còn 1156s) ---
2026-05-11 03:48:28,788 -     [P4.2] Pair (1,8) giảm 3 -> BEST = 1160
2026-05-11 03:48:28,823 -   --- Pairwise Iter 29 (còn 1153s) ---
2026-05-11 03:48:31,845 -     [P4.2] Pair (8,13) giảm 4 -> BEST = 1156
2026-05-11 03:48:31,870 -   --- Pairwise Iter 30 (còn 1150s) ---
2026-05-11 03:48:37,181 -     [P4.2] Pair (11,12) giảm 4 -> BEST = 1152
2026-05-11 03:48:37,206 -   --- Pairwise Iter 31 (còn 1145s) ---
2026-05-11 03:48:43,010 -     [P4.2] Pair (5,9) giảm 4 -> BEST = 1148
2026-05-11 03:48:43,042 -   --- Pairwise Iter 32 (còn 1139s) ---
2026-05-11 03:48:44,667 -     [P4.2] Pair (3,9) giảm 15 -> BEST = 1133
2026-05-11 03:48:44,692 -   --- Pairwise Iter 33 (còn 1137s) ---
2026-05-11 03:48:49,068 -     [P4.2] Pair (2,5) giảm 14 -> BEST = 1119
2026-05-11 03:48:49,093 -   --- Pairwise Iter 34 (còn 1133s) ---
2026-05-11 03:48:54,308 -     [P4.2] Pair (9,11) giảm 13 -> BEST = 1106
2026-05-11 03:48:54,348 -   --- Pairwise Iter 35 (còn 1128s) ---
2026-05-11 03:49:00,171 -     [P4.2] Pair (13,14) giảm 2 -> BEST = 1104
2026-05-11 03:49:00,196 -   --- Pairwise Iter 36 (còn 1122s) ---
2026-05-11 03:49:02,169 -     [P4.2] Pair (1,13) giảm 4 -> BEST = 1100
2026-05-11 03:49:02,194 -   --- Pairwise Iter 37 (còn 1120s) ---
2026-05-11 03:49:06,701 -     [P4.2] Pair (10,14) giảm 14 -> BEST = 1086
2026-05-11 03:49:06,725 -   --- Pairwise Iter 38 (còn 1115s) ---
2026-05-11 03:49:11,939 -     [P4.2] Pair (10,13) giảm 4 -> BEST = 1082
2026-05-11 03:49:11,965 -   --- Pairwise Iter 39 (còn 1110s) ---
2026-05-11 03:49:13,644 -     [P4.2] Pair (1,13) giảm 9 -> BEST = 1073
2026-05-11 03:49:13,679 -   --- Pairwise Iter 40 (còn 1108s) ---
2026-05-11 03:49:26,519 -     -> Đã đạt cực trị toàn cục cho mọi cặp dưới ngưỡng. KẾT THÚC CHẶNG 4.
2026-05-11 03:49:26,519 - Hoàn thành trong 104.5s. Final Cost: 1073
2026-05-11 03:49:26,519 - ======================================================================
2026-05-11 03:49:26,519 - BÁO CÁO TỔNG KẾT (SUMMARY)
2026-05-11 03:49:26,519 - ======================================================================
2026-05-11 03:49:26,519 -   1. Chi phí Clarke-Wright:     1966
2026-05-11 03:49:26,519 -   2. Chi phí sau Gurobi MIP:    1073
2026-05-11 03:49:26,519 -   => TỔNG CẢI THIỆN:            893
2026-05-11 03:49:26,519 -   => Số lần Gurobi Single cải thiện  : 13 lần
2026-05-11 03:49:26,519 -   => Số lần Gurobi Pairwise cải thiện: 39 lần
2026-05-11 03:49:26,519 -   => TỔNG THỜI GIAN CHẠY:       104.494s
2026-05-11 03:49:26,526 - ======================================================================
2026-05-11 03:49:26,526 - GUROBI MIP SOLVER  |  FILE: P-n55-k8.vrp
2026-05-11 03:49:26,526 - ======================================================================
2026-05-11 03:49:26,534 - Thông tin dữ liệu: Dimension=55, K=8, Capacity=160
2026-05-11 03:49:26,537 - --- Step 1: Clarke-Wright Heuristic ---
2026-05-11 03:49:26,542 -   Kết quả CW: Cost = 759, Time = 0.003s
2026-05-11 03:49:26,543 - --- Step 2: Advanced Optimization (Gurobi MIP) ---
2026-05-11 03:49:26,543 - =========================================
2026-05-11 03:49:26,543 - BẮT ĐẦU OPTIMIZE  (100% Gurobi MIP)
2026-05-11 03:49:26,543 -  -> Max Single Size  : 24
2026-05-11 03:49:26,543 -  -> Single Timeout   : 60.0s
2026-05-11 03:49:26,543 -  -> Max Pairwise Size: 34
2026-05-11 03:49:26,543 -  -> Pairwise Timeout : 62.0s
2026-05-11 03:49:26,543 -  -> Global Timeout   : 1200.0s
2026-05-11 03:49:26,543 -  -> Chi phí khởi điểm: 759
2026-05-11 03:49:26,543 - =========================================
2026-05-11 03:49:26,543 - === BẮT ĐẦU CHẶNG 4: GUROBI MIP CHÍNH XÁC | Cost: 759 ===
2026-05-11 03:49:26,543 -   [GĐ 4.1] Giải bài toán TSP trên từng tuyến đơn...
2026-05-11 03:49:26,926 -     -> Single Gurobi cải thiện: 57. Cost mới: 702
2026-05-11 03:49:26,926 -   [GĐ 4.2] Xét từng cặp tuyến để phân bổ lại khách hàng...
2026-05-11 03:49:26,926 -   --- Pairwise Iter 1 (còn 1200s) ---
2026-05-11 03:49:34,901 -     [P4.2] Pair (5,6) giảm 11 -> BEST = 691
2026-05-11 03:49:35,023 -   --- Pairwise Iter 2 (còn 1192s) ---
2026-05-11 03:49:52,726 -     [P4.2] Pair (3,7) giảm 35 -> BEST = 656
2026-05-11 03:49:52,784 -   --- Pairwise Iter 3 (còn 1174s) ---
2026-05-11 03:50:09,644 -     [P4.2] Pair (0,1) giảm 18 -> BEST = 638
2026-05-11 03:50:09,776 -   --- Pairwise Iter 4 (còn 1157s) ---
2026-05-11 03:50:36,316 -     [P4.2] Pair (0,7) giảm 1 -> BEST = 637
2026-05-11 03:50:36,482 -   --- Pairwise Iter 5 (còn 1130s) ---
2026-05-11 03:51:13,002 -     [P4.2] Pair (1,2) giảm 8 -> BEST = 629
2026-05-11 03:51:13,042 -   --- Pairwise Iter 6 (còn 1094s) ---
2026-05-11 03:51:58,412 -     [P4.2] Pair (1,4) giảm 6 -> BEST = 623
2026-05-11 03:51:58,502 -   --- Pairwise Iter 7 (còn 1048s) ---
2026-05-11 03:52:34,964 -     [P4.2] Pair (2,4) giảm 3 -> BEST = 620
2026-05-11 03:52:35,019 -   --- Pairwise Iter 8 (còn 1012s) ---
2026-05-11 03:53:06,585 -     [P4.2] Pair (1,2) giảm 9 -> BEST = 611
2026-05-11 03:53:06,630 -   --- Pairwise Iter 9 (còn 980s) ---
2026-05-11 03:54:13,016 -     -> Đã đạt cực trị toàn cục cho mọi cặp dưới ngưỡng. KẾT THÚC CHẶNG 4.
2026-05-11 03:54:13,016 - Hoàn thành trong 286.5s. Final Cost: 611
2026-05-11 03:54:13,016 - ======================================================================
2026-05-11 03:54:13,016 - BÁO CÁO TỔNG KẾT (SUMMARY)
2026-05-11 03:54:13,016 - ======================================================================
2026-05-11 03:54:13,016 -   1. Chi phí Clarke-Wright:     759
2026-05-11 03:54:13,016 -   2. Chi phí sau Gurobi MIP:    611
2026-05-11 03:54:13,016 -   => TỔNG CẢI THIỆN:            148
2026-05-11 03:54:13,016 -   => Số lần Gurobi Single cải thiện  : 6 lần
2026-05-11 03:54:13,016 -   => Số lần Gurobi Pairwise cải thiện: 8 lần
2026-05-11 03:54:13,016 -   => TỔNG THỜI GIAN CHẠY:       286.476s
2026-05-11 03:54:13,021 - ======================================================================
2026-05-11 03:54:13,021 - GUROBI MIP SOLVER  |  FILE: P-n55-k10.vrp
2026-05-11 03:54:13,021 - ======================================================================
2026-05-11 03:54:13,034 - Thông tin dữ liệu: Dimension=55, K=10, Capacity=115
2026-05-11 03:54:13,035 - --- Step 1: Clarke-Wright Heuristic ---
2026-05-11 03:54:13,038 -   Kết quả CW: Cost = 919, Time = 0.003s
2026-05-11 03:54:13,038 - --- Step 2: Advanced Optimization (Gurobi MIP) ---
2026-05-11 03:54:13,038 - =========================================
2026-05-11 03:54:13,038 - BẮT ĐẦU OPTIMIZE  (100% Gurobi MIP)
2026-05-11 03:54:13,038 -  -> Max Single Size  : 20
2026-05-11 03:54:13,038 -  -> Single Timeout   : 60.0s
2026-05-11 03:54:13,039 -  -> Max Pairwise Size: 27
2026-05-11 03:54:13,039 -  -> Pairwise Timeout : 50.0s
2026-05-11 03:54:13,039 -  -> Global Timeout   : 1200.0s
2026-05-11 03:54:13,039 -  -> Chi phí khởi điểm: 919
2026-05-11 03:54:13,039 - =========================================
2026-05-11 03:54:13,039 - === BẮT ĐẦU CHẶNG 4: GUROBI MIP CHÍNH XÁC | Cost: 919 ===
2026-05-11 03:54:13,039 -   [GĐ 4.1] Giải bài toán TSP trên từng tuyến đơn...
2026-05-11 03:54:13,297 -     -> Single Gurobi cải thiện: 41. Cost mới: 878
2026-05-11 03:54:13,297 -   [GĐ 4.2] Xét từng cặp tuyến để phân bổ lại khách hàng...
2026-05-11 03:54:13,297 -   --- Pairwise Iter 1 (còn 1200s) ---
2026-05-11 03:54:14,193 -     [P4.2] Pair (4,6) giảm 17 -> BEST = 861
2026-05-11 03:54:14,281 -   --- Pairwise Iter 2 (còn 1199s) ---
2026-05-11 03:54:15,612 -     [P4.2] Pair (2,6) giảm 25 -> BEST = 836
2026-05-11 03:54:15,666 -   --- Pairwise Iter 3 (còn 1197s) ---
2026-05-11 03:54:21,483 -     [P4.2] Pair (5,8) giảm 5 -> BEST = 831
2026-05-11 03:54:21,574 -   --- Pairwise Iter 4 (còn 1191s) ---
2026-05-11 03:54:28,327 -     [P4.2] Pair (1,3) giảm 12 -> BEST = 819
2026-05-11 03:54:28,353 -   --- Pairwise Iter 5 (còn 1185s) ---
2026-05-11 03:55:07,338 -     [P4.2] Pair (3,4) giảm 18 -> BEST = 801
2026-05-11 03:55:07,416 -   --- Pairwise Iter 6 (còn 1146s) ---
2026-05-11 03:55:45,499 -     [P4.2] Pair (0,9) giảm 41 -> BEST = 760
2026-05-11 03:55:45,524 -   --- Pairwise Iter 7 (còn 1108s) ---
2026-05-11 03:56:23,576 -     [P4.2] Pair (1,3) giảm 8 -> BEST = 752
2026-05-11 03:56:23,601 -   --- Pairwise Iter 8 (còn 1069s) ---
2026-05-11 03:56:40,595 -     [P4.2] Pair (3,4) giảm 1 -> BEST = 751
2026-05-11 03:56:40,676 -   --- Pairwise Iter 9 (còn 1052s) ---
2026-05-11 03:57:01,652 -     [P4.2] Pair (7,8) giảm 9 -> BEST = 742
2026-05-11 03:57:01,717 -   --- Pairwise Iter 10 (còn 1031s) ---
2026-05-11 03:57:02,999 -     [P4.2] Pair (5,8) giảm 2 -> BEST = 740
2026-05-11 03:57:03,024 -   --- Pairwise Iter 11 (còn 1030s) ---
2026-05-11 03:57:39,360 -     [P4.2] Pair (6,9) giảm 5 -> BEST = 735
2026-05-11 03:57:39,395 -   --- Pairwise Iter 12 (còn 994s) ---
2026-05-11 03:57:58,378 -     [P4.2] Pair (1,6) giảm 15 -> BEST = 720
2026-05-11 03:57:58,403 -   --- Pairwise Iter 13 (còn 975s) ---
2026-05-11 03:57:58,975 -     [P4.2] Pair (3,6) giảm 6 -> BEST = 714
2026-05-11 03:57:59,031 -   --- Pairwise Iter 14 (còn 974s) ---
2026-05-11 03:58:12,451 -     [P4.2] Pair (3,4) giảm 6 -> BEST = 708
2026-05-11 03:58:12,506 -   --- Pairwise Iter 15 (còn 961s) ---
2026-05-11 03:58:24,052 -     [P4.2] Pair (4,6) giảm 2 -> BEST = 706
2026-05-11 03:58:24,077 -   --- Pairwise Iter 16 (còn 949s) ---
2026-05-11 03:58:36,549 -     [P4.2] Pair (3,5) giảm 1 -> BEST = 705
2026-05-11 03:58:36,584 -   --- Pairwise Iter 17 (còn 936s) ---
2026-05-11 03:58:40,426 -     [P4.2] Pair (5,8) giảm 1 -> BEST = 704
2026-05-11 03:58:40,484 -   --- Pairwise Iter 18 (còn 933s) ---
2026-05-11 03:59:08,747 -     -> Đã đạt cực trị toàn cục cho mọi cặp dưới ngưỡng. KẾT THÚC CHẶNG 4.
2026-05-11 03:59:08,748 - Hoàn thành trong 295.7s. Final Cost: 704
2026-05-11 03:59:08,748 - ======================================================================
2026-05-11 03:59:08,748 - BÁO CÁO TỔNG KẾT (SUMMARY)
2026-05-11 03:59:08,748 - ======================================================================
2026-05-11 03:59:08,748 -   1. Chi phí Clarke-Wright:     919
2026-05-11 03:59:08,749 -   2. Chi phí sau Gurobi MIP:    704
2026-05-11 03:59:08,749 -   => TỔNG CẢI THIỆN:            215
2026-05-11 03:59:08,749 -   => Số lần Gurobi Single cải thiện  : 8 lần
2026-05-11 03:59:08,749 -   => Số lần Gurobi Pairwise cải thiện: 17 lần
2026-05-11 03:59:08,749 -   => TỔNG THỜI GIAN CHẠY:       295.713s
2026-05-11 03:59:08,754 - ======================================================================
2026-05-11 03:59:08,754 - GUROBI MIP SOLVER  |  FILE: P-n55-k7.vrp
2026-05-11 03:59:08,754 - ======================================================================
2026-05-11 03:59:08,768 - Thông tin dữ liệu: Dimension=55, K=7, Capacity=170
2026-05-11 03:59:08,768 - --- Step 1: Clarke-Wright Heuristic ---
2026-05-11 03:59:08,771 -   Kết quả CW: Cost = 720, Time = 0.003s
2026-05-11 03:59:08,772 - --- Step 2: Advanced Optimization (Gurobi MIP) ---
2026-05-11 03:59:08,772 - =========================================
2026-05-11 03:59:08,772 - BẮT ĐẦU OPTIMIZE  (100% Gurobi MIP)
2026-05-11 03:59:08,772 -  -> Max Single Size  : 27
2026-05-11 03:59:08,772 -  -> Single Timeout   : 60.0s
2026-05-11 03:59:08,772 -  -> Max Pairwise Size: 39
2026-05-11 03:59:08,773 -  -> Pairwise Timeout : 71.0s
2026-05-11 03:59:08,773 -  -> Global Timeout   : 1200.0s
2026-05-11 03:59:08,773 -  -> Chi phí khởi điểm: 720
2026-05-11 03:59:08,773 - =========================================
2026-05-11 03:59:08,773 - === BẮT ĐẦU CHẶNG 4: GUROBI MIP CHÍNH XÁC | Cost: 720 ===
2026-05-11 03:59:08,774 -   [GĐ 4.1] Giải bài toán TSP trên từng tuyến đơn...
2026-05-11 03:59:09,145 -     -> Single Gurobi cải thiện: 55. Cost mới: 665
2026-05-11 03:59:09,145 -   [GĐ 4.2] Xét từng cặp tuyến để phân bổ lại khách hàng...
2026-05-11 03:59:09,145 -   --- Pairwise Iter 1 (còn 1200s) ---
2026-05-11 03:59:18,097 -     [P4.2] Pair (5,6) giảm 11 -> BEST = 654
2026-05-11 03:59:18,194 -   --- Pairwise Iter 2 (còn 1191s) ---
2026-05-11 04:00:37,373 -     [P4.2] Pair (0,3) giảm 21 -> BEST = 633
2026-05-11 04:00:37,598 -   --- Pairwise Iter 3 (còn 1111s) ---
2026-05-11 04:02:04,134 -     [P4.2] Pair (3,6) giảm 3 -> BEST = 630
2026-05-11 04:02:04,189 -   --- Pairwise Iter 4 (còn 1025s) ---
2026-05-11 04:02:48,297 -     [P4.2] Pair (0,1) giảm 27 -> BEST = 603
2026-05-11 04:02:48,345 -   --- Pairwise Iter 5 (còn 980s) ---
2026-05-11 04:03:23,751 -     [P4.2] Pair (1,6) giảm 1 -> BEST = 602
2026-05-11 04:03:23,788 -   --- Pairwise Iter 6 (còn 945s) ---
2026-05-11 04:03:56,648 -     [P4.2] Pair (0,2) giảm 7 -> BEST = 595
2026-05-11 04:03:56,713 -   --- Pairwise Iter 7 (còn 912s) ---
2026-05-11 04:04:43,072 -     [P4.2] Pair (0,4) giảm 16 -> BEST = 579
2026-05-11 04:04:43,209 -   --- Pairwise Iter 8 (còn 866s) ---
2026-05-11 04:06:14,855 -     -> Đã đạt cực trị toàn cục cho mọi cặp dưới ngưỡng. KẾT THÚC CHẶNG 4.
2026-05-11 04:06:14,855 - Hoàn thành trong 426.1s. Final Cost: 579
2026-05-11 04:06:14,855 - ======================================================================
2026-05-11 04:06:14,855 - BÁO CÁO TỔNG KẾT (SUMMARY)
2026-05-11 04:06:14,855 - ======================================================================
2026-05-11 04:06:14,855 -   1. Chi phí Clarke-Wright:     720
2026-05-11 04:06:14,855 -   2. Chi phí sau Gurobi MIP:    579
2026-05-11 04:06:14,855 -   => TỔNG CẢI THIỆN:            141
2026-05-11 04:06:14,855 -   => Số lần Gurobi Single cải thiện  : 7 lần
2026-05-11 04:06:14,855 -   => Số lần Gurobi Pairwise cải thiện: 7 lần
2026-05-11 04:06:14,855 -   => TỔNG THỜI GIAN CHẠY:       426.087s
2026-05-11 04:06:14,860 - ======================================================================
2026-05-11 04:06:14,860 - GUROBI MIP SOLVER  |  FILE: P-n60-k15.vrp
2026-05-11 04:06:14,860 - ======================================================================
2026-05-11 04:06:14,875 - Thông tin dữ liệu: Dimension=60, K=15, Capacity=80
2026-05-11 04:06:14,875 - --- Step 1: Clarke-Wright Heuristic ---
2026-05-11 04:06:14,878 -   Kết quả CW: Cost = 1205, Time = 0.003s
2026-05-11 04:06:14,878 - --- Step 2: Advanced Optimization (Gurobi MIP) ---
2026-05-11 04:06:14,878 - =========================================
2026-05-11 04:06:14,878 - BẮT ĐẦU OPTIMIZE  (100% Gurobi MIP)
2026-05-11 04:06:14,878 -  -> Max Single Size  : 20
2026-05-11 04:06:14,878 -  -> Single Timeout   : 60.0s
2026-05-11 04:06:14,878 -  -> Max Pairwise Size: 20
2026-05-11 04:06:14,878 -  -> Pairwise Timeout : 36.0s
2026-05-11 04:06:14,878 -  -> Global Timeout   : 1200.0s
2026-05-11 04:06:14,878 -  -> Chi phí khởi điểm: 1205
2026-05-11 04:06:14,878 - =========================================
2026-05-11 04:06:14,878 - === BẮT ĐẦU CHẶNG 4: GUROBI MIP CHÍNH XÁC | Cost: 1205 ===
2026-05-11 04:06:14,879 -   [GĐ 4.1] Giải bài toán TSP trên từng tuyến đơn...
2026-05-11 04:06:15,127 -     -> Single Gurobi cải thiện: 24. Cost mới: 1181
2026-05-11 04:06:15,127 -   [GĐ 4.2] Xét từng cặp tuyến để phân bổ lại khách hàng...
2026-05-11 04:06:15,127 -   --- Pairwise Iter 1 (còn 1200s) ---
2026-05-11 04:06:15,736 -     [P4.2] Pair (3,14) giảm 8 -> BEST = 1173
2026-05-11 04:06:15,762 -   --- Pairwise Iter 2 (còn 1199s) ---
2026-05-11 04:06:16,676 -     [P4.2] Pair (3,10) giảm 8 -> BEST = 1165
2026-05-11 04:06:16,701 -   --- Pairwise Iter 3 (còn 1198s) ---
2026-05-11 04:06:17,720 -     [P4.2] Pair (2,6) giảm 1 -> BEST = 1164
2026-05-11 04:06:17,750 -   --- Pairwise Iter 4 (còn 1197s) ---
2026-05-11 04:06:18,811 -     [P4.2] Pair (2,14) giảm 17 -> BEST = 1147
2026-05-11 04:06:18,842 -   --- Pairwise Iter 5 (còn 1196s) ---
2026-05-11 04:06:20,382 -     [P4.2] Pair (2,3) giảm 13 -> BEST = 1134
2026-05-11 04:06:20,407 -   --- Pairwise Iter 6 (còn 1194s) ---
2026-05-11 04:06:21,282 -     [P4.2] Pair (2,10) giảm 5 -> BEST = 1129
2026-05-11 04:06:21,307 -   --- Pairwise Iter 7 (còn 1194s) ---
2026-05-11 04:06:23,044 -     [P4.2] Pair (2,4) giảm 7 -> BEST = 1122
2026-05-11 04:06:23,069 -   --- Pairwise Iter 8 (còn 1192s) ---
2026-05-11 04:06:25,436 -     [P4.2] Pair (3,12) giảm 13 -> BEST = 1109
2026-05-11 04:06:25,484 -   --- Pairwise Iter 9 (còn 1189s) ---
2026-05-11 04:06:27,941 -     [P4.2] Pair (3,4) giảm 17 -> BEST = 1092
2026-05-11 04:06:27,987 -   --- Pairwise Iter 10 (còn 1187s) ---
2026-05-11 04:06:30,745 -     [P4.2] Pair (4,12) giảm 1 -> BEST = 1091
2026-05-11 04:06:30,780 -   --- Pairwise Iter 11 (còn 1184s) ---
2026-05-11 04:06:34,162 -     [P4.2] Pair (0,5) giảm 5 -> BEST = 1086
2026-05-11 04:06:34,217 -   --- Pairwise Iter 12 (còn 1181s) ---
2026-05-11 04:06:37,812 -     [P4.2] Pair (3,10) giảm 3 -> BEST = 1083
2026-05-11 04:06:37,852 -   --- Pairwise Iter 13 (còn 1177s) ---
2026-05-11 04:06:38,065 -     [P4.2] Pair (3,14) giảm 16 -> BEST = 1067
2026-05-11 04:06:38,110 -   --- Pairwise Iter 14 (còn 1177s) ---
2026-05-11 04:06:41,975 -     [P4.2] Pair (3,6) giảm 1 -> BEST = 1066
2026-05-11 04:06:42,020 -   --- Pairwise Iter 15 (còn 1173s) ---
2026-05-11 04:06:43,052 -     [P4.2] Pair (6,14) giảm 7 -> BEST = 1059
2026-05-11 04:06:43,097 -   --- Pairwise Iter 16 (còn 1172s) ---
2026-05-11 04:06:44,323 -     [P4.2] Pair (10,14) giảm 1 -> BEST = 1058
2026-05-11 04:06:44,354 -   --- Pairwise Iter 17 (còn 1171s) ---
2026-05-11 04:06:48,026 -     [P4.2] Pair (6,9) giảm 4 -> BEST = 1054
2026-05-11 04:06:48,063 -   --- Pairwise Iter 18 (còn 1167s) ---
2026-05-11 04:06:53,561 -     [P4.2] Pair (0,4) giảm 8 -> BEST = 1046
2026-05-11 04:06:53,596 -   --- Pairwise Iter 19 (còn 1161s) ---
2026-05-11 04:06:57,652 -     [P4.2] Pair (4,5) giảm 8 -> BEST = 1038
2026-05-11 04:06:57,677 -   --- Pairwise Iter 20 (còn 1157s) ---
2026-05-11 04:06:58,371 -     [P4.2] Pair (4,13) giảm 10 -> BEST = 1028
2026-05-11 04:06:58,406 -   --- Pairwise Iter 21 (còn 1156s) ---
2026-05-11 04:07:02,578 -     [P4.2] Pair (3,4) giảm 3 -> BEST = 1025
2026-05-11 04:07:02,636 -   --- Pairwise Iter 22 (còn 1152s) ---
2026-05-11 04:07:09,539 -     [P4.2] Pair (1,13) giảm 14 -> BEST = 1011
2026-05-11 04:07:09,564 -   --- Pairwise Iter 23 (còn 1145s) ---
2026-05-11 04:07:17,669 -     [P4.2] Pair (4,13) giảm 3 -> BEST = 1008
2026-05-11 04:07:17,725 -   --- Pairwise Iter 24 (còn 1137s) ---
2026-05-11 04:07:34,556 -     -> Đã đạt cực trị toàn cục cho mọi cặp dưới ngưỡng. KẾT THÚC CHẶNG 4.
2026-05-11 04:07:34,556 - Hoàn thành trong 79.7s. Final Cost: 1008
2026-05-11 04:07:34,556 - ======================================================================
2026-05-11 04:07:34,556 - BÁO CÁO TỔNG KẾT (SUMMARY)
2026-05-11 04:07:34,556 - ======================================================================
2026-05-11 04:07:34,556 -   1. Chi phí Clarke-Wright:     1205
2026-05-11 04:07:34,556 -   2. Chi phí sau Gurobi MIP:    1008
2026-05-11 04:07:34,556 -   => TỔNG CẢI THIỆN:            197
2026-05-11 04:07:34,556 -   => Số lần Gurobi Single cải thiện  : 6 lần
2026-05-11 04:07:34,557 -   => Số lần Gurobi Pairwise cải thiện: 23 lần
2026-05-11 04:07:34,557 -   => TỔNG THỜI GIAN CHẠY:       79.681s
2026-05-11 04:07:34,562 - ======================================================================
2026-05-11 04:07:34,562 - GUROBI MIP SOLVER  |  FILE: P-n60-k10.vrp
2026-05-11 04:07:34,562 - ======================================================================
2026-05-11 04:07:34,576 - Thông tin dữ liệu: Dimension=60, K=10, Capacity=120
2026-05-11 04:07:34,576 - --- Step 1: Clarke-Wright Heuristic ---
2026-05-11 04:07:34,580 -   Kết quả CW: Cost = 981, Time = 0.003s
2026-05-11 04:07:34,580 - --- Step 2: Advanced Optimization (Gurobi MIP) ---
2026-05-11 04:07:34,580 - =========================================
2026-05-11 04:07:34,580 - BẮT ĐẦU OPTIMIZE  (100% Gurobi MIP)
2026-05-11 04:07:34,581 -  -> Max Single Size  : 21
2026-05-11 04:07:34,581 -  -> Single Timeout   : 60.0s
2026-05-11 04:07:34,581 -  -> Max Pairwise Size: 30
2026-05-11 04:07:34,581 -  -> Pairwise Timeout : 54.0s
2026-05-11 04:07:34,581 -  -> Global Timeout   : 1200.0s
2026-05-11 04:07:34,581 -  -> Chi phí khởi điểm: 981
2026-05-11 04:07:34,582 - =========================================
2026-05-11 04:07:34,582 - === BẮT ĐẦU CHẶNG 4: GUROBI MIP CHÍNH XÁC | Cost: 981 ===
2026-05-11 04:07:34,582 -   [GĐ 4.1] Giải bài toán TSP trên từng tuyến đơn...
2026-05-11 04:07:34,889 -     -> Single Gurobi cải thiện: 55. Cost mới: 926
2026-05-11 04:07:34,890 -   [GĐ 4.2] Xét từng cặp tuyến để phân bổ lại khách hàng...
2026-05-11 04:07:34,890 -   --- Pairwise Iter 1 (còn 1200s) ---
2026-05-11 04:07:40,813 -     [P4.2] Pair (4,7) giảm 12 -> BEST = 914
2026-05-11 04:07:40,884 -   --- Pairwise Iter 2 (còn 1194s) ---
2026-05-11 04:07:46,581 -     [P4.2] Pair (3,6) giảm 19 -> BEST = 895
2026-05-11 04:07:46,605 -   --- Pairwise Iter 3 (còn 1188s) ---
2026-05-11 04:07:57,956 -     [P4.2] Pair (4,8) giảm 15 -> BEST = 880
2026-05-11 04:07:58,011 -   --- Pairwise Iter 4 (còn 1177s) ---
2026-05-11 04:08:02,046 -     [P4.2] Pair (4,7) giảm 2 -> BEST = 878
2026-05-11 04:08:02,101 -   --- Pairwise Iter 5 (còn 1172s) ---
2026-05-11 04:08:13,985 -     [P4.2] Pair (7,8) giảm 3 -> BEST = 875
2026-05-11 04:08:14,091 -   --- Pairwise Iter 6 (còn 1160s) ---
2026-05-11 04:08:35,072 -     [P4.2] Pair (6,8) giảm 17 -> BEST = 858
2026-05-11 04:08:35,151 -   --- Pairwise Iter 7 (còn 1139s) ---
2026-05-11 04:09:02,836 -     [P4.2] Pair (0,9) giảm 7 -> BEST = 851
2026-05-11 04:09:02,903 -   --- Pairwise Iter 8 (còn 1112s) ---
2026-05-11 04:09:32,731 -     [P4.2] Pair (3,4) giảm 2 -> BEST = 849
2026-05-11 04:09:32,777 -   --- Pairwise Iter 9 (còn 1082s) ---
2026-05-11 04:09:33,623 -     [P4.2] Pair (4,8) giảm 29 -> BEST = 820
2026-05-11 04:09:33,691 -   --- Pairwise Iter 10 (còn 1081s) ---
2026-05-11 04:09:49,250 -     [P4.2] Pair (7,8) giảm 2 -> BEST = 818
2026-05-11 04:09:49,401 -   --- Pairwise Iter 11 (còn 1065s) ---
2026-05-11 04:09:52,212 -     [P4.2] Pair (4,7) giảm 15 -> BEST = 803
2026-05-11 04:09:52,272 -   --- Pairwise Iter 12 (còn 1062s) ---
2026-05-11 04:10:07,032 -     [P4.2] Pair (1,7) giảm 5 -> BEST = 798
2026-05-11 04:10:07,098 -   --- Pairwise Iter 13 (còn 1047s) ---
2026-05-11 04:10:19,933 -     [P4.2] Pair (5,7) giảm 16 -> BEST = 782
2026-05-11 04:10:20,014 -   --- Pairwise Iter 14 (còn 1035s) ---
2026-05-11 04:10:36,901 -     [P4.2] Pair (3,5) giảm 10 -> BEST = 772
2026-05-11 04:10:36,926 -   --- Pairwise Iter 15 (còn 1018s) ---
2026-05-11 04:11:11,118 -     -> Đã đạt cực trị toàn cục cho mọi cặp dưới ngưỡng. KẾT THÚC CHẶNG 4.
2026-05-11 04:11:11,119 - Hoàn thành trong 216.5s. Final Cost: 772
2026-05-11 04:11:11,119 - ======================================================================
2026-05-11 04:11:11,119 - BÁO CÁO TỔNG KẾT (SUMMARY)
2026-05-11 04:11:11,119 - ======================================================================
2026-05-11 04:11:11,119 -   1. Chi phí Clarke-Wright:     981
2026-05-11 04:11:11,119 -   2. Chi phí sau Gurobi MIP:    772
2026-05-11 04:11:11,120 -   => TỔNG CẢI THIỆN:            209
2026-05-11 04:11:11,120 -   => Số lần Gurobi Single cải thiện  : 7 lần
2026-05-11 04:11:11,120 -   => Số lần Gurobi Pairwise cải thiện: 14 lần
2026-05-11 04:11:11,120 -   => TỔNG THỜI GIAN CHẠY:       216.542s
2026-05-11 04:11:11,124 - ======================================================================
2026-05-11 04:11:11,124 - GUROBI MIP SOLVER  |  FILE: P-n65-k10.vrp
2026-05-11 04:11:11,124 - ======================================================================
2026-05-11 04:11:11,134 - Thông tin dữ liệu: Dimension=65, K=10, Capacity=130
2026-05-11 04:11:11,134 - --- Step 1: Clarke-Wright Heuristic ---
2026-05-11 04:11:11,137 -   Kết quả CW: Cost = 1044, Time = 0.003s
2026-05-11 04:11:11,137 - --- Step 2: Advanced Optimization (Gurobi MIP) ---
2026-05-11 04:11:11,137 - =========================================
2026-05-11 04:11:11,137 - BẮT ĐẦU OPTIMIZE  (100% Gurobi MIP)
2026-05-11 04:11:11,137 -  -> Max Single Size  : 22
2026-05-11 04:11:11,137 -  -> Single Timeout   : 60.0s
2026-05-11 04:11:11,137 -  -> Max Pairwise Size: 32
2026-05-11 04:11:11,137 -  -> Pairwise Timeout : 59.0s
2026-05-11 04:11:11,137 -  -> Global Timeout   : 1200.0s
2026-05-11 04:11:11,137 -  -> Chi phí khởi điểm: 1044
2026-05-11 04:11:11,138 - =========================================
2026-05-11 04:11:11,138 - === BẮT ĐẦU CHẶNG 4: GUROBI MIP CHÍNH XÁC | Cost: 1044 ===
2026-05-11 04:11:11,138 -   [GĐ 4.1] Giải bài toán TSP trên từng tuyến đơn...
2026-05-11 04:11:11,646 -     -> Single Gurobi cải thiện: 84. Cost mới: 960
2026-05-11 04:11:11,646 -   [GĐ 4.2] Xét từng cặp tuyến để phân bổ lại khách hàng...
2026-05-11 04:11:11,646 -   --- Pairwise Iter 1 (còn 1199s) ---
2026-05-11 04:11:14,176 -     [P4.2] Pair (4,6) giảm 7 -> BEST = 953
2026-05-11 04:11:14,206 -   --- Pairwise Iter 2 (còn 1197s) ---
2026-05-11 04:11:24,003 -     [P4.2] Pair (0,9) giảm 4 -> BEST = 949
2026-05-11 04:11:24,113 -   --- Pairwise Iter 3 (còn 1187s) ---
2026-05-11 04:11:29,091 -     [P4.2] Pair (3,4) giảm 32 -> BEST = 917
2026-05-11 04:11:29,169 -   --- Pairwise Iter 4 (còn 1182s) ---
2026-05-11 04:11:30,145 -     [P4.2] Pair (4,6) giảm 3 -> BEST = 914
2026-05-11 04:11:30,190 -   --- Pairwise Iter 5 (còn 1181s) ---
2026-05-11 04:11:34,345 -     [P4.2] Pair (3,6) giảm 7 -> BEST = 907
2026-05-11 04:11:34,379 -   --- Pairwise Iter 6 (còn 1177s) ---
2026-05-11 04:12:38,189 -     [P4.2] Pair (4,8) giảm 19 -> BEST = 888
2026-05-11 04:12:38,319 -   --- Pairwise Iter 7 (còn 1113s) ---
2026-05-11 04:12:42,015 -     [P4.2] Pair (6,8) giảm 9 -> BEST = 879
2026-05-11 04:12:42,042 -   --- Pairwise Iter 8 (còn 1109s) ---
2026-05-11 04:12:49,212 -     [P4.2] Pair (3,6) giảm 32 -> BEST = 847
2026-05-11 04:12:49,290 -   --- Pairwise Iter 9 (còn 1102s) ---
2026-05-11 04:12:49,882 -     [P4.2] Pair (3,8) giảm 3 -> BEST = 844
2026-05-11 04:12:49,906 -   --- Pairwise Iter 10 (còn 1101s) ---
2026-05-11 04:13:03,296 -     [P4.2] Pair (0,4) giảm 1 -> BEST = 843
2026-05-11 04:13:03,416 -   --- Pairwise Iter 11 (còn 1088s) ---
2026-05-11 04:13:16,312 -     [P4.2] Pair (5,6) giảm 10 -> BEST = 833
2026-05-11 04:13:16,370 -   --- Pairwise Iter 12 (còn 1075s) ---
2026-05-11 04:13:33,237 -     [P4.2] Pair (1,7) giảm 9 -> BEST = 824
2026-05-11 04:13:33,262 -   --- Pairwise Iter 13 (còn 1058s) ---
2026-05-11 04:13:46,681 -     [P4.2] Pair (1,9) giảm 3 -> BEST = 821
2026-05-11 04:13:46,726 -   --- Pairwise Iter 14 (còn 1044s) ---
2026-05-11 04:14:06,791 -     [P4.2] Pair (2,5) giảm 3 -> BEST = 818
2026-05-11 04:14:06,850 -   --- Pairwise Iter 15 (còn 1024s) ---
2026-05-11 04:14:45,549 -     [P4.2] Pair (2,7) giảm 1 -> BEST = 817
2026-05-11 04:14:45,660 -   --- Pairwise Iter 16 (còn 985s) ---
2026-05-11 04:15:52,801 -     -> Đã đạt cực trị toàn cục cho mọi cặp dưới ngưỡng. KẾT THÚC CHẶNG 4.
2026-05-11 04:15:52,802 - Hoàn thành trong 281.7s. Final Cost: 817
2026-05-11 04:15:52,802 - ======================================================================
2026-05-11 04:15:52,802 - BÁO CÁO TỔNG KẾT (SUMMARY)
2026-05-11 04:15:52,802 - ======================================================================
2026-05-11 04:15:52,803 -   1. Chi phí Clarke-Wright:     1044
2026-05-11 04:15:52,803 -   2. Chi phí sau Gurobi MIP:    817
2026-05-11 04:15:52,803 -   => TỔNG CẢI THIỆN:            227
2026-05-11 04:15:52,803 -   => Số lần Gurobi Single cải thiện  : 9 lần
2026-05-11 04:15:52,803 -   => Số lần Gurobi Pairwise cải thiện: 15 lần
2026-05-11 04:15:52,803 -   => TỔNG THỜI GIAN CHẠY:       281.668s
2026-05-11 04:15:52,807 - ======================================================================
2026-05-11 04:15:52,808 - GUROBI MIP SOLVER  |  FILE: P-n70-k10.vrp
2026-05-11 04:15:52,808 - ======================================================================
2026-05-11 04:15:52,815 - Thông tin dữ liệu: Dimension=70, K=10, Capacity=135
2026-05-11 04:15:52,815 - --- Step 1: Clarke-Wright Heuristic ---
2026-05-11 04:15:52,819 -   Kết quả CW: Cost = 1163, Time = 0.004s
2026-05-11 04:15:52,820 - --- Step 2: Advanced Optimization (Gurobi MIP) ---
2026-05-11 04:15:52,820 - =========================================
2026-05-11 04:15:52,820 - BẮT ĐẦU OPTIMIZE  (100% Gurobi MIP)
2026-05-11 04:15:52,820 -  -> Max Single Size  : 24
2026-05-11 04:15:52,820 -  -> Single Timeout   : 60.0s
2026-05-11 04:15:52,820 -  -> Max Pairwise Size: 35
2026-05-11 04:15:52,820 -  -> Pairwise Timeout : 63.0s
2026-05-11 04:15:52,820 -  -> Global Timeout   : 1200.0s
2026-05-11 04:15:52,820 -  -> Chi phí khởi điểm: 1163
2026-05-11 04:15:52,820 - =========================================
2026-05-11 04:15:52,820 - === BẮT ĐẦU CHẶNG 4: GUROBI MIP CHÍNH XÁC | Cost: 1163 ===
2026-05-11 04:15:52,820 -   [GĐ 4.1] Giải bài toán TSP trên từng tuyến đơn...
2026-05-11 04:15:53,280 -     -> Single Gurobi cải thiện: 51. Cost mới: 1112
2026-05-11 04:15:53,280 -   [GĐ 4.2] Xét từng cặp tuyến để phân bổ lại khách hàng...
2026-05-11 04:15:53,280 -   --- Pairwise Iter 1 (còn 1200s) ---
2026-05-11 04:15:54,095 -     [P4.2] Pair (6,7) giảm 67 -> BEST = 1045
2026-05-11 04:15:54,204 -   --- Pairwise Iter 2 (còn 1199s) ---
2026-05-11 04:15:55,726 -     [P4.2] Pair (2,9) giảm 4 -> BEST = 1041
2026-05-11 04:15:55,795 -   --- Pairwise Iter 3 (còn 1197s) ---
2026-05-11 04:16:00,979 -     [P4.2] Pair (2,5) giảm 9 -> BEST = 1032
2026-05-11 04:16:01,058 -   --- Pairwise Iter 4 (còn 1192s) ---
2026-05-11 04:16:06,961 -     [P4.2] Pair (5,9) giảm 1 -> BEST = 1031
2026-05-11 04:16:07,041 -   --- Pairwise Iter 5 (còn 1186s) ---
2026-05-11 04:16:25,385 -     [P4.2] Pair (4,8) giảm 25 -> BEST = 1006
2026-05-11 04:16:25,676 -   --- Pairwise Iter 6 (còn 1167s) ---
2026-05-11 04:16:36,407 -     [P4.2] Pair (0,3) giảm 36 -> BEST = 970
2026-05-11 04:16:36,444 -   --- Pairwise Iter 7 (còn 1156s) ---
2026-05-11 04:16:54,591 -     [P4.2] Pair (0,6) giảm 12 -> BEST = 958
2026-05-11 04:16:54,661 -   --- Pairwise Iter 8 (còn 1138s) ---
2026-05-11 04:17:35,845 -     [P4.2] Pair (0,3) giảm 2 -> BEST = 956
2026-05-11 04:17:35,932 -   --- Pairwise Iter 9 (còn 1097s) ---
2026-05-11 04:17:55,229 -     [P4.2] Pair (3,6) giảm 3 -> BEST = 953
2026-05-11 04:17:55,257 -   --- Pairwise Iter 10 (còn 1078s) ---
2026-05-11 04:18:41,762 -     [P4.2] Pair (2,8) giảm 16 -> BEST = 937
2026-05-11 04:18:41,817 -   --- Pairwise Iter 11 (còn 1031s) ---
2026-05-11 04:19:26,796 -     [P4.2] Pair (2,9) giảm 3 -> BEST = 934
2026-05-11 04:19:26,863 -   --- Pairwise Iter 12 (còn 986s) ---
2026-05-11 04:19:35,117 -     [P4.2] Pair (5,9) giảm 5 -> BEST = 929
2026-05-11 04:19:35,235 -   --- Pairwise Iter 13 (còn 978s) ---
2026-05-11 04:20:28,713 -     [P4.2] Pair (6,9) giảm 11 -> BEST = 918
2026-05-11 04:20:28,782 -   --- Pairwise Iter 14 (còn 924s) ---
2026-05-11 04:20:31,858 -     [P4.2] Pair (6,7) giảm 10 -> BEST = 908
2026-05-11 04:20:31,893 -   --- Pairwise Iter 15 (còn 921s) ---
2026-05-11 04:21:09,648 -     [P4.2] Pair (3,9) giảm 5 -> BEST = 903
2026-05-11 04:21:09,713 -   --- Pairwise Iter 16 (còn 883s) ---
2026-05-11 04:21:11,997 -     [P4.2] Pair (3,6) giảm 2 -> BEST = 901
2026-05-11 04:21:12,047 -   --- Pairwise Iter 17 (còn 881s) ---
2026-05-11 04:21:42,823 -     [P4.2] Pair (3,9) giảm 1 -> BEST = 900
2026-05-11 04:21:42,914 -   --- Pairwise Iter 18 (còn 850s) ---
2026-05-11 04:21:59,971 -     [P4.2] Pair (0,9) giảm 9 -> BEST = 891
2026-05-11 04:22:00,017 -   --- Pairwise Iter 19 (còn 833s) ---
2026-05-11 04:23:05,992 -     [P4.2] Pair (1,4) giảm 9 -> BEST = 882
2026-05-11 04:23:06,166 -   --- Pairwise Iter 20 (còn 767s) ---
2026-05-11 04:23:42,304 -     [P4.2] Pair (0,1) giảm 3 -> BEST = 879
2026-05-11 04:23:42,450 -   --- Pairwise Iter 21 (còn 730s) ---
2026-05-11 04:24:23,958 -     [P4.2] Pair (1,9) giảm 7 -> BEST = 872
2026-05-11 04:24:24,066 -   --- Pairwise Iter 22 (còn 689s) ---
2026-05-11 04:25:35,878 -     [P4.2] Pair (2,9) giảm 1 -> BEST = 871
2026-05-11 04:25:35,959 -   --- Pairwise Iter 23 (còn 617s) ---
2026-05-11 04:28:39,898 -     -> Đã đạt cực trị toàn cục cho mọi cặp dưới ngưỡng. KẾT THÚC CHẶNG 4.
2026-05-11 04:28:39,899 - Hoàn thành trong 767.1s. Final Cost: 871
2026-05-11 04:28:39,899 - ======================================================================
2026-05-11 04:28:39,899 - BÁO CÁO TỔNG KẾT (SUMMARY)
2026-05-11 04:28:39,899 - ======================================================================
2026-05-11 04:28:39,899 -   1. Chi phí Clarke-Wright:     1163
2026-05-11 04:28:39,899 -   2. Chi phí sau Gurobi MIP:    871
2026-05-11 04:28:39,899 -   => TỔNG CẢI THIỆN:            292
2026-05-11 04:28:39,900 -   => Số lần Gurobi Single cải thiện  : 7 lần
2026-05-11 04:28:39,900 -   => Số lần Gurobi Pairwise cải thiện: 22 lần
2026-05-11 04:28:39,900 -   => TỔNG THỜI GIAN CHẠY:       767.083s
2026-05-11 04:28:39,905 - ======================================================================
2026-05-11 04:28:39,905 - GUROBI MIP SOLVER  |  FILE: P-n76-k5.vrp
2026-05-11 04:28:39,905 - ======================================================================
2026-05-11 04:28:39,923 - Thông tin dữ liệu: Dimension=76, K=5, Capacity=280
2026-05-11 04:28:39,923 - --- Step 1: Clarke-Wright Heuristic ---
2026-05-11 04:28:39,930 -   Kết quả CW: Cost = 992, Time = 0.006s
2026-05-11 04:28:39,930 - --- Step 2: Advanced Optimization (Gurobi MIP) ---
2026-05-11 04:28:39,930 - =========================================
2026-05-11 04:28:39,930 - BẮT ĐẦU OPTIMIZE  (100% Gurobi MIP)
2026-05-11 04:28:39,930 -  -> Max Single Size  : 40
2026-05-11 04:28:39,930 -  -> Single Timeout   : 60.0s
2026-05-11 04:28:39,930 -  -> Max Pairwise Size: 45
2026-05-11 04:28:39,930 -  -> Pairwise Timeout : 120.0s
2026-05-11 04:28:39,930 -  -> Global Timeout   : 1200.0s
2026-05-11 04:28:39,931 -  -> Chi phí khởi điểm: 992
2026-05-11 04:28:39,931 - =========================================
2026-05-11 04:28:39,931 - === BẮT ĐẦU CHẶNG 4: GUROBI MIP CHÍNH XÁC | Cost: 992 ===
2026-05-11 04:28:39,931 -   [GĐ 4.1] Giải bài toán TSP trên từng tuyến đơn...
2026-05-11 04:28:42,613 -     -> Single Gurobi cải thiện: 122. Cost mới: 870
2026-05-11 04:28:42,614 -   [GĐ 4.2] Xét từng cặp tuyến để phân bổ lại khách hàng...
2026-05-11 04:28:42,614 -   --- Pairwise Iter 1 (còn 1197s) ---
2026-05-11 04:30:42,700 -     [P4.2] Pair (3,4) giảm 42 -> BEST = 828
2026-05-11 04:30:44,103 -   --- Pairwise Iter 2 (còn 1076s) ---
2026-05-11 04:32:44,190 -     [P4.2] Pair (3,4) giảm 8 -> BEST = 820
2026-05-11 04:32:46,332 -       [S-re] Route 3: 138 → 135  (−3) | BEST = 817
2026-05-11 04:32:47,441 -   --- Pairwise Iter 3 (còn 952s) ---
2026-05-11 04:36:47,614 -     [P4.2] Pair (2,3) giảm 50 -> BEST = 767
2026-05-11 04:36:47,997 -   --- Pairwise Iter 4 (còn 712s) ---
2026-05-11 04:38:48,157 -     [P4.2] Pair (3,4) giảm 16 -> BEST = 751
2026-05-11 04:38:50,268 -   --- Pairwise Iter 5 (còn 590s) ---
2026-05-11 04:46:50,603 -     [P4.2] Pair (0,3) giảm 33 -> BEST = 718
2026-05-11 04:46:51,066 -   --- Pairwise Iter 6 (còn 109s) ---
2026-05-11 04:48:37,998 -     [P4.2] Pair (2,3) giảm 12 -> BEST = 706
2026-05-11 04:48:37,999 -   --- Pairwise Iter 7 (còn 2s) ---
2026-05-11 04:48:38,000 -     -> Đã đạt cực trị toàn cục cho mọi cặp dưới ngưỡng. KẾT THÚC CHẶNG 4.
2026-05-11 04:48:38,000 - Hoàn thành trong 1198.1s. Final Cost: 706
2026-05-11 04:48:38,000 - ======================================================================
2026-05-11 04:48:38,000 - BÁO CÁO TỔNG KẾT (SUMMARY)
2026-05-11 04:48:38,000 - ======================================================================
2026-05-11 04:48:38,000 -   1. Chi phí Clarke-Wright:     992
2026-05-11 04:48:38,000 -   2. Chi phí sau Gurobi MIP:    706
2026-05-11 04:48:38,000 -   => TỔNG CẢI THIỆN:            286
2026-05-11 04:48:38,000 -   => Số lần Gurobi Single cải thiện  : 6 lần
2026-05-11 04:48:38,000 -   => Số lần Gurobi Pairwise cải thiện: 6 lần
2026-05-11 04:48:38,000 -   => TỔNG THỜI GIAN CHẠY:       1198.076s
2026-05-11 04:48:38,005 - ======================================================================
2026-05-11 04:48:38,005 - GUROBI MIP SOLVER  |  FILE: P-n76-k4.vrp
2026-05-11 04:48:38,005 - ======================================================================
2026-05-11 04:48:38,023 - Thông tin dữ liệu: Dimension=76, K=4, Capacity=350
2026-05-11 04:48:38,023 - --- Step 1: Clarke-Wright Heuristic ---
2026-05-11 04:48:38,029 -   Kết quả CW: Cost = 941, Time = 0.006s
2026-05-11 04:48:38,029 - --- Step 2: Advanced Optimization (Gurobi MIP) ---
2026-05-11 04:48:38,030 - =========================================
2026-05-11 04:48:38,030 - BẮT ĐẦU OPTIMIZE  (100% Gurobi MIP)
2026-05-11 04:48:38,030 -  -> Max Single Size  : 40
2026-05-11 04:48:38,030 -  -> Single Timeout   : 60.0s
2026-05-11 04:48:38,030 -  -> Max Pairwise Size: 45
2026-05-11 04:48:38,030 -  -> Pairwise Timeout : 120.0s
2026-05-11 04:48:38,030 -  -> Global Timeout   : 1200.0s
2026-05-11 04:48:38,030 -  -> Chi phí khởi điểm: 941
2026-05-11 04:48:38,030 - =========================================
2026-05-11 04:48:38,031 - === BẮT ĐẦU CHẶNG 4: GUROBI MIP CHÍNH XÁC | Cost: 941 ===
2026-05-11 04:48:38,031 -   [GĐ 4.1] Giải bài toán TSP trên từng tuyến đơn...
2026-05-11 04:48:45,881 -     -> Single Gurobi cải thiện: 192. Cost mới: 749
2026-05-11 04:48:45,881 -   [GĐ 4.2] Xét từng cặp tuyến để phân bổ lại khách hàng...
2026-05-11 04:48:45,881 -   --- Pairwise Iter 1 (còn 1192s) ---
2026-05-11 04:50:46,138 -     [P4.2] Pair (0,3) giảm 33 -> BEST = 716
2026-05-11 04:50:56,388 -   --- Pairwise Iter 2 (còn 1062s) ---
2026-05-11 04:52:56,523 -     [P4.2] Pair (0,3) giảm 5 -> BEST = 711
2026-05-11 04:52:59,903 -   --- Pairwise Iter 3 (còn 938s) ---
2026-05-11 04:57:00,155 -     [P4.2] Pair (1,2) giảm 25 -> BEST = 686
2026-05-11 04:57:00,611 -       [S-re] Route 2: 124 → 123  (−1) | BEST = 685
2026-05-11 04:57:00,612 -   --- Pairwise Iter 4 (còn 697s) ---
2026-05-11 05:04:17,207 -     [P4.2] Pair (0,2) giảm 19 -> BEST = 666
2026-05-11 05:04:18,108 -       [S-re] Route 0: 152 → 150  (−2) | BEST = 664
2026-05-11 05:04:18,184 -   --- Pairwise Iter 5 (còn 260s) ---
2026-05-11 05:04:29,387 -     [P4.2] Pair (1,2) giảm 5 -> BEST = 659
2026-05-11 05:04:29,518 -   --- Pairwise Iter 6 (còn 249s) ---
2026-05-11 05:06:29,617 -     [P4.2] Pair (0,3) giảm 2 -> BEST = 657
2026-05-11 05:06:32,937 -   --- Pairwise Iter 7 (còn 125s) ---
2026-05-11 05:08:36,145 -     -> Đã đạt cực trị toàn cục cho mọi cặp dưới ngưỡng. KẾT THÚC CHẶNG 4.
2026-05-11 05:08:36,146 - Hoàn thành trong 1198.1s. Final Cost: 657
2026-05-11 05:08:36,146 - ======================================================================
2026-05-11 05:08:36,146 - BÁO CÁO TỔNG KẾT (SUMMARY)
2026-05-11 05:08:36,146 - ======================================================================
2026-05-11 05:08:36,146 -   1. Chi phí Clarke-Wright:     941
2026-05-11 05:08:36,147 -   2. Chi phí sau Gurobi MIP:    657
2026-05-11 05:08:36,147 -   => TỔNG CẢI THIỆN:            284
2026-05-11 05:08:36,147 -   => Số lần Gurobi Single cải thiện  : 6 lần
2026-05-11 05:08:36,147 -   => Số lần Gurobi Pairwise cải thiện: 6 lần
2026-05-11 05:08:36,147 -   => TỔNG THỜI GIAN CHẠY:       1198.123s
2026-05-11 05:08:36,151 - ======================================================================
2026-05-11 05:08:36,151 - GUROBI MIP SOLVER  |  FILE: P-n101-k4.vrp
2026-05-11 05:08:36,151 - ======================================================================
2026-05-11 05:08:36,177 - Thông tin dữ liệu: Dimension=101, K=4, Capacity=400
2026-05-11 05:08:36,177 - --- Step 1: Clarke-Wright Heuristic ---
2026-05-11 05:08:36,189 -   Kết quả CW: Cost = 971, Time = 0.011s
2026-05-11 05:08:36,189 - --- Step 2: Advanced Optimization (Gurobi MIP) ---
2026-05-11 05:08:36,189 - =========================================
2026-05-11 05:08:36,189 - BẮT ĐẦU OPTIMIZE  (100% Gurobi MIP)
2026-05-11 05:08:36,189 -  -> Max Single Size  : 40
2026-05-11 05:08:36,189 -  -> Single Timeout   : 60.0s
2026-05-11 05:08:36,189 -  -> Max Pairwise Size: 45
2026-05-11 05:08:36,189 -  -> Pairwise Timeout : 120.0s
2026-05-11 05:08:36,189 -  -> Global Timeout   : 1200.0s
2026-05-11 05:08:36,189 -  -> Chi phí khởi điểm: 971
2026-05-11 05:08:36,189 - =========================================
2026-05-11 05:08:36,190 - === BẮT ĐẦU CHẶNG 4: GUROBI MIP CHÍNH XÁC | Cost: 971 ===
2026-05-11 05:08:36,190 -   [GĐ 4.1] Giải bài toán TSP trên từng tuyến đơn...
2026-05-11 05:08:49,679 -     -> Single Gurobi cải thiện: 136. Cost mới: 835
2026-05-11 05:08:49,679 -   [GĐ 4.2] Xét từng cặp tuyến để phân bổ lại khách hàng...
2026-05-11 05:08:49,680 -   --- Pairwise Iter 1 (còn 1187s) ---
2026-05-11 05:08:49,681 -     -> Đã đạt cực trị toàn cục cho mọi cặp dưới ngưỡng. KẾT THÚC CHẶNG 4.
2026-05-11 05:08:49,681 - Hoàn thành trong 13.5s. Final Cost: 835
2026-05-11 05:08:49,681 - ======================================================================
2026-05-11 05:08:49,681 - BÁO CÁO TỔNG KẾT (SUMMARY)
2026-05-11 05:08:49,681 - ======================================================================
2026-05-11 05:08:49,682 -   1. Chi phí Clarke-Wright:     971
2026-05-11 05:08:49,682 -   2. Chi phí sau Gurobi MIP:    835
2026-05-11 05:08:49,682 -   => TỔNG CẢI THIỆN:            136
2026-05-11 05:08:49,682 -   => Số lần Gurobi Single cải thiện  : 4 lần
2026-05-11 05:08:49,682 -   => Số lần Gurobi Pairwise cải thiện: 0 lần
2026-05-11 05:08:49,682 -   => TỔNG THỜI GIAN CHẠY:       13.503s
