2026-04-04 16:40:17,212 - ======================================================================
2026-04-04 16:40:17,212 - GUROBI MIP SOLVER  |  FILE: B-n31-k5.vrp
2026-04-04 16:40:17,212 - ======================================================================
2026-04-04 16:40:17,214 - Thông tin dữ liệu: Dimension=31, K=5, Capacity=100
2026-04-04 16:40:17,214 - --- Step 1: Clarke-Wright Heuristic ---
2026-04-04 16:40:17,215 -   Kết quả CW: Cost = 748, Time = 0.001s
2026-04-04 16:40:17,215 - --- Step 2: Advanced Optimization (Gurobi MIP) ---
2026-04-04 16:40:17,215 - =========================================
2026-04-04 16:40:17,215 - BẮT ĐẦU OPTIMIZE  (100% Gurobi MIP)
2026-04-04 16:40:17,215 -  -> Max Single Size  : 20
2026-04-04 16:40:17,215 -  -> Single Timeout   : 40.0s
2026-04-04 16:40:17,215 -  -> Max Pairwise Size: 18
2026-04-04 16:40:17,215 -  -> Pairwise Timeout : 50s
2026-04-04 16:40:17,215 -  -> Global Timeout   : 1200.0s
2026-04-04 16:40:17,215 -  -> Chi phí khởi điểm: 748
2026-04-04 16:40:17,215 - =========================================
2026-04-04 16:40:17,215 - === BẮT ĐẦU CHẶNG 4: GUROBI MIP CHÍNH XÁC | Cost: 748 ===
2026-04-04 16:40:17,215 -   [GĐ 4.1] Giải bài toán TSP trên từng tuyến đơn...
2026-04-04 16:40:17,856 -     -> Single Gurobi cải thiện: 18. Cost mới: 730
2026-04-04 16:40:17,856 -   [GĐ 4.2] Xét từng cặp tuyến để phân bổ lại khách hàng...
2026-04-04 16:40:17,856 -   --- Pairwise Iter 1 (còn 1199s) ---
2026-04-04 16:41:05,622 -     [P4.2] Pair (1,2) giảm 19 -> BEST = 711
2026-04-04 16:41:05,809 -   --- Pairwise Iter 2 (còn 1151s) ---
2026-04-04 16:41:48,031 -     [P4.2] Pair (1,3) giảm 10 -> BEST = 701
2026-04-04 16:41:48,167 -   --- Pairwise Iter 3 (còn 1109s) ---
2026-04-04 16:42:45,614 -     [P4.2] Pair (1,4) giảm 7 -> BEST = 694
2026-04-04 16:42:45,669 -   --- Pairwise Iter 4 (còn 1052s) ---
2026-04-04 16:42:48,899 -     [P4.2] Pair (3,4) giảm 3 -> BEST = 691
2026-04-04 16:42:49,014 -   --- Pairwise Iter 5 (còn 1048s) ---
2026-04-04 16:44:28,247 -     [P4.2] Pair (1,2) giảm 6 -> BEST = 685
2026-04-04 16:44:28,332 -   --- Pairwise Iter 6 (còn 949s) ---
2026-04-04 16:44:44,134 -     [P4.2] Pair (2,4) giảm 4 -> BEST = 681
2026-04-04 16:44:44,199 -   --- Pairwise Iter 7 (còn 933s) ---
2026-04-04 16:46:32,970 -     [P4.2] Pair (0,3) giảm 4 -> BEST = 677
2026-04-04 16:46:33,106 -   --- Pairwise Iter 8 (còn 824s) ---
2026-04-04 16:49:02,460 -     -> Đã đạt cực trị toàn cục cho mọi cặp dưới ngưỡng. KẾT THÚC CHẶNG 4.
2026-04-04 16:49:02,460 - Hoàn thành trong 525.2s. Final Cost: 677
2026-04-04 16:49:02,460 - ======================================================================
2026-04-04 16:49:02,460 - BÁO CÁO TỔNG KẾT (SUMMARY)
2026-04-04 16:49:02,460 - ======================================================================
2026-04-04 16:49:02,460 -   1. Chi phí Clarke-Wright:     748
2026-04-04 16:49:02,460 -   2. Chi phí sau Gurobi MIP:    677
2026-04-04 16:49:02,461 -   => TỔNG CẢI THIỆN:            71
2026-04-04 16:49:02,461 -   => Số lần Gurobi Single cải thiện  : 4 lần
2026-04-04 16:49:02,461 -   => Số lần Gurobi Pairwise cải thiện: 7 lần
2026-04-04 16:49:02,461 -   => TỔNG THỜI GIAN CHẠY:       525.246s
2026-04-04 16:49:02,461 - ======================================================================
2026-04-04 16:49:02,461 - GUROBI MIP SOLVER  |  FILE: B-n34-k5.vrp
2026-04-04 16:49:02,461 - ======================================================================
2026-04-04 16:49:02,463 - Thông tin dữ liệu: Dimension=34, K=5, Capacity=100
2026-04-04 16:49:02,463 - --- Step 1: Clarke-Wright Heuristic ---
2026-04-04 16:49:02,464 -   Kết quả CW: Cost = 936, Time = 0.001s
2026-04-04 16:49:02,464 - --- Step 2: Advanced Optimization (Gurobi MIP) ---
2026-04-04 16:49:02,464 - =========================================
2026-04-04 16:49:02,464 - BẮT ĐẦU OPTIMIZE  (100% Gurobi MIP)
2026-04-04 16:49:02,464 -  -> Max Single Size  : 20
2026-04-04 16:49:02,464 -  -> Single Timeout   : 40.0s
2026-04-04 16:49:02,464 -  -> Max Pairwise Size: 20
2026-04-04 16:49:02,464 -  -> Pairwise Timeout : 54s
2026-04-04 16:49:02,464 -  -> Global Timeout   : 1200.0s
2026-04-04 16:49:02,465 -  -> Chi phí khởi điểm: 936
2026-04-04 16:49:02,465 - =========================================
2026-04-04 16:49:02,465 - === BẮT ĐẦU CHẶNG 4: GUROBI MIP CHÍNH XÁC | Cost: 936 ===
2026-04-04 16:49:02,465 -   [GĐ 4.1] Giải bài toán TSP trên từng tuyến đơn...
2026-04-04 16:49:02,686 -     -> Single Gurobi cải thiện: 61. Cost mới: 875
2026-04-04 16:49:02,686 -   [GĐ 4.2] Xét từng cặp tuyến để phân bổ lại khách hàng...
2026-04-04 16:49:02,686 -   --- Pairwise Iter 1 (còn 1200s) ---
2026-04-04 16:49:56,731 -     [P4.2] Pair (0,1) giảm 21 -> BEST = 854
2026-04-04 16:49:56,847 -   --- Pairwise Iter 2 (còn 1146s) ---
2026-04-04 16:50:54,832 -     [P4.2] Pair (1,4) giảm 2 -> BEST = 852
2026-04-04 16:50:54,887 -   --- Pairwise Iter 3 (còn 1088s) ---
2026-04-04 16:51:48,924 -     [P4.2] Pair (0,4) giảm 27 -> BEST = 825
2026-04-04 16:51:49,011 -   --- Pairwise Iter 4 (còn 1033s) ---
2026-04-04 16:52:38,164 -     [P4.2] Pair (2,3) giảm 21 -> BEST = 804
2026-04-04 16:52:38,270 -   --- Pairwise Iter 5 (còn 984s) ---
2026-04-04 16:53:32,298 -     [P4.2] Pair (0,3) giảm 13 -> BEST = 791
2026-04-04 16:53:32,837 -   --- Pairwise Iter 6 (còn 930s) ---
2026-04-04 16:56:15,738 -     [P4.2] Pair (1,3) giảm 1 -> BEST = 790
2026-04-04 16:56:16,185 -   --- Pairwise Iter 7 (còn 766s) ---
