2026-05-09 11:48:49,865 - ======================================================================
2026-05-09 11:48:49,865 - GUROBI MIP SOLVER  |  FILE: P-n16-k8.vrp
2026-05-09 11:48:49,865 - ======================================================================
2026-05-09 11:48:49,866 - Thông tin dữ liệu: Dimension=16, K=8, Capacity=35
2026-05-09 11:48:49,866 - --- Step 1: Clarke-Wright Heuristic ---
2026-05-09 11:48:49,867 -   Kết quả CW: Cost = 482, Time = 0.000s
2026-05-09 11:48:49,867 - --- Step 2: Advanced Optimization (Gurobi MIP) ---
2026-05-09 11:48:49,867 - =========================================
2026-05-09 11:48:49,867 - BẮT ĐẦU OPTIMIZE  (100% Gurobi MIP)
2026-05-09 11:48:49,867 -  -> Max Single Size  : 20
2026-05-09 11:48:49,867 -  -> Single Timeout   : 40.0s
2026-05-09 11:48:49,867 -  -> Max Pairwise Size: 16
2026-05-09 11:48:49,867 -  -> Pairwise Timeout : 30.0s
2026-05-09 11:48:49,867 -  -> Global Timeout   : 1600.0s
2026-05-09 11:48:49,867 -  -> Chi phí khởi điểm: 482
2026-05-09 11:48:49,867 - =========================================
2026-05-09 11:48:49,867 - === BẮT ĐẦU CHẶNG 4: GUROBI MIP CHÍNH XÁC | Cost: 482 ===
2026-05-09 11:48:49,867 -   [GĐ 4.1] Giải bài toán TSP trên từng tuyến đơn...
2026-05-09 11:48:50,591 -   [GĐ 4.2] Xét từng cặp tuyến để phân bổ lại khách hàng...
2026-05-09 11:48:50,591 -   --- Pairwise Iter 1 (còn 1599s) ---
2026-05-09 11:48:50,614 -     [P4.2] Pair (0,2) giảm 1 -> BEST = 481
2026-05-09 11:48:50,638 -   --- Pairwise Iter 2 (còn 1599s) ---
2026-05-09 11:48:50,700 -     [P4.2] Pair (4,7) giảm 6 -> BEST = 475
2026-05-09 11:48:50,730 -   --- Pairwise Iter 3 (còn 1599s) ---
2026-05-09 11:48:50,819 -     [P4.2] Pair (0,3) giảm 10 -> BEST = 465
2026-05-09 11:48:50,831 -   --- Pairwise Iter 4 (còn 1599s) ---
2026-05-09 11:48:50,866 -     [P4.2] Pair (3,6) giảm 15 -> BEST = 450
2026-05-09 11:48:50,878 -   --- Pairwise Iter 5 (còn 1599s) ---
2026-05-09 11:48:51,266 -     -> Đã đạt cực trị toàn cục cho mọi cặp dưới ngưỡng. KẾT THÚC CHẶNG 4.
2026-05-09 11:48:51,266 - Hoàn thành trong 1.4s. Final Cost: 450
2026-05-09 11:48:51,266 - ======================================================================
2026-05-09 11:48:51,267 - BÁO CÁO TỔNG KẾT (SUMMARY)
2026-05-09 11:48:51,267 - ======================================================================
2026-05-09 11:48:51,267 -   1. Chi phí Clarke-Wright:     482
2026-05-09 11:48:51,267 -   2. Chi phí sau Gurobi MIP:    450
2026-05-09 11:48:51,267 -   => TỔNG CẢI THIỆN:            32
2026-05-09 11:48:51,267 -   => Số lần Gurobi Single cải thiện  : 0 lần
2026-05-09 11:48:51,267 -   => Số lần Gurobi Pairwise cải thiện: 4 lần
2026-05-09 11:48:51,267 -   => TỔNG THỜI GIAN CHẠY:       1.400s
2026-05-09 11:48:51,271 - ======================================================================
2026-05-09 11:48:51,271 - GUROBI MIP SOLVER  |  FILE: P-n19-k2.vrp
2026-05-09 11:48:51,271 - ======================================================================
2026-05-09 11:48:51,272 - Thông tin dữ liệu: Dimension=19, K=2, Capacity=160
2026-05-09 11:48:51,273 - --- Step 1: Clarke-Wright Heuristic ---
2026-05-09 11:48:51,273 -   Kết quả CW: Cost = 248, Time = 0.000s
2026-05-09 11:48:51,273 - --- Step 2: Advanced Optimization (Gurobi MIP) ---
2026-05-09 11:48:51,273 - =========================================
2026-05-09 11:48:51,273 - BẮT ĐẦU OPTIMIZE  (100% Gurobi MIP)
2026-05-09 11:48:51,273 -  -> Max Single Size  : 20
2026-05-09 11:48:51,273 -  -> Single Timeout   : 40.0s
2026-05-09 11:48:51,273 -  -> Max Pairwise Size: 28
2026-05-09 11:48:51,273 -  -> Pairwise Timeout : 86.0s
2026-05-09 11:48:51,273 -  -> Global Timeout   : 1600.0s
2026-05-09 11:48:51,273 -  -> Chi phí khởi điểm: 248
2026-05-09 11:48:51,273 - =========================================
2026-05-09 11:48:51,273 - === BẮT ĐẦU CHẶNG 4: GUROBI MIP CHÍNH XÁC | Cost: 248 ===
2026-05-09 11:48:51,273 -   [GĐ 4.1] Giải bài toán TSP trên từng tuyến đơn...
2026-05-09 11:48:51,441 -     -> Single Gurobi cải thiện: 29. Cost mới: 219
2026-05-09 11:48:51,441 -   [GĐ 4.2] Xét từng cặp tuyến để phân bổ lại khách hàng...
2026-05-09 11:48:51,441 -   --- Pairwise Iter 1 (còn 1600s) ---
2026-05-09 11:49:12,286 -     [P4.2] Pair (0,1) giảm 7 -> BEST = 212
2026-05-09 11:49:12,444 -   --- Pairwise Iter 2 (còn 1579s) ---
2026-05-09 11:49:27,987 -     -> Đã đạt cực trị toàn cục cho mọi cặp dưới ngưỡng. KẾT THÚC CHẶNG 4.
2026-05-09 11:49:27,987 - Hoàn thành trong 36.7s. Final Cost: 212
2026-05-09 11:49:27,987 - ======================================================================
2026-05-09 11:49:27,987 - BÁO CÁO TỔNG KẾT (SUMMARY)
2026-05-09 11:49:27,987 - ======================================================================
2026-05-09 11:49:27,987 -   1. Chi phí Clarke-Wright:     248
2026-05-09 11:49:27,987 -   2. Chi phí sau Gurobi MIP:    212
2026-05-09 11:49:27,987 -   => TỔNG CẢI THIỆN:            36
2026-05-09 11:49:27,987 -   => Số lần Gurobi Single cải thiện  : 2 lần
2026-05-09 11:49:27,987 -   => Số lần Gurobi Pairwise cải thiện: 1 lần
2026-05-09 11:49:27,987 -   => TỔNG THỜI GIAN CHẠY:       36.714s
2026-05-09 11:49:27,992 - ======================================================================
2026-05-09 11:49:27,992 - GUROBI MIP SOLVER  |  FILE: P-n20-k2.vrp
2026-05-09 11:49:27,992 - ======================================================================
2026-05-09 11:49:27,996 - Thông tin dữ liệu: Dimension=20, K=2, Capacity=160
2026-05-09 11:49:27,996 - --- Step 1: Clarke-Wright Heuristic ---
2026-05-09 11:49:27,997 -   Kết quả CW: Cost = 266, Time = 0.000s
2026-05-09 11:49:27,997 - --- Step 2: Advanced Optimization (Gurobi MIP) ---
2026-05-09 11:49:27,997 - =========================================
2026-05-09 11:49:27,997 - BẮT ĐẦU OPTIMIZE  (100% Gurobi MIP)
2026-05-09 11:49:27,997 -  -> Max Single Size  : 20
2026-05-09 11:49:27,997 -  -> Single Timeout   : 40.0s
2026-05-09 11:49:27,997 -  -> Max Pairwise Size: 28
2026-05-09 11:49:27,997 -  -> Pairwise Timeout : 90.0s
2026-05-09 11:49:27,997 -  -> Global Timeout   : 1600.0s
2026-05-09 11:49:27,997 -  -> Chi phí khởi điểm: 266
2026-05-09 11:49:27,997 - =========================================
2026-05-09 11:49:27,997 - === BẮT ĐẦU CHẶNG 4: GUROBI MIP CHÍNH XÁC | Cost: 266 ===
2026-05-09 11:49:27,997 -   [GĐ 4.1] Giải bài toán TSP trên từng tuyến đơn...
2026-05-09 11:49:28,092 -     -> Single Gurobi cải thiện: 39. Cost mới: 227
2026-05-09 11:49:28,092 -   [GĐ 4.2] Xét từng cặp tuyến để phân bổ lại khách hàng...
2026-05-09 11:49:28,093 -   --- Pairwise Iter 1 (còn 1600s) ---
2026-05-09 11:49:39,116 -     [P4.2] Pair (0,1) giảm 11 -> BEST = 216
2026-05-09 11:49:39,171 -   --- Pairwise Iter 2 (còn 1589s) ---
2026-05-09 11:49:55,988 -     -> Đã đạt cực trị toàn cục cho mọi cặp dưới ngưỡng. KẾT THÚC CHẶNG 4.
2026-05-09 11:49:55,988 - Hoàn thành trong 28.0s. Final Cost: 216
2026-05-09 11:49:55,988 - ======================================================================
2026-05-09 11:49:55,988 - BÁO CÁO TỔNG KẾT (SUMMARY)
2026-05-09 11:49:55,988 - ======================================================================
2026-05-09 11:49:55,988 -   1. Chi phí Clarke-Wright:     266
2026-05-09 11:49:55,988 -   2. Chi phí sau Gurobi MIP:    216
2026-05-09 11:49:55,988 -   => TỔNG CẢI THIỆN:            50
2026-05-09 11:49:55,988 -   => Số lần Gurobi Single cải thiện  : 2 lần
2026-05-09 11:49:55,988 -   => Số lần Gurobi Pairwise cải thiện: 1 lần
2026-05-09 11:49:55,988 -   => TỔNG THỜI GIAN CHẠY:       27.992s
2026-05-09 11:49:55,993 - ======================================================================
2026-05-09 11:49:55,993 - GUROBI MIP SOLVER  |  FILE: P-n21-k2.vrp
2026-05-09 11:49:55,993 - ======================================================================
2026-05-09 11:49:55,997 - Thông tin dữ liệu: Dimension=21, K=2, Capacity=160
2026-05-09 11:49:55,997 - --- Step 1: Clarke-Wright Heuristic ---
2026-05-09 11:49:55,998 -   Kết quả CW: Cost = 270, Time = 0.000s
2026-05-09 11:49:55,998 - --- Step 2: Advanced Optimization (Gurobi MIP) ---
2026-05-09 11:49:55,998 - =========================================
2026-05-09 11:49:55,998 - BẮT ĐẦU OPTIMIZE  (100% Gurobi MIP)
2026-05-09 11:49:55,998 -  -> Max Single Size  : 21
2026-05-09 11:49:55,998 -  -> Single Timeout   : 40.0s
2026-05-09 11:49:55,998 -  -> Max Pairwise Size: 28
2026-05-09 11:49:55,998 -  -> Pairwise Timeout : 95.0s
2026-05-09 11:49:55,998 -  -> Global Timeout   : 1600.0s
2026-05-09 11:49:55,998 -  -> Chi phí khởi điểm: 270
2026-05-09 11:49:55,998 - =========================================
2026-05-09 11:49:55,998 - === BẮT ĐẦU CHẶNG 4: GUROBI MIP CHÍNH XÁC | Cost: 270 ===
2026-05-09 11:49:55,998 -   [GĐ 4.1] Giải bài toán TSP trên từng tuyến đơn...
2026-05-09 11:49:56,113 -     -> Single Gurobi cải thiện: 39. Cost mới: 231
2026-05-09 11:49:56,113 -   [GĐ 4.2] Xét từng cặp tuyến để phân bổ lại khách hàng...
2026-05-09 11:49:56,114 -   --- Pairwise Iter 1 (còn 1600s) ---
2026-05-09 11:50:09,220 -     [P4.2] Pair (0,1) giảm 20 -> BEST = 211
2026-05-09 11:50:09,417 -   --- Pairwise Iter 2 (còn 1587s) ---
2026-05-09 11:50:24,299 -     -> Đã đạt cực trị toàn cục cho mọi cặp dưới ngưỡng. KẾT THÚC CHẶNG 4.
2026-05-09 11:50:24,299 - Hoàn thành trong 28.3s. Final Cost: 211
2026-05-09 11:50:24,299 - ======================================================================
2026-05-09 11:50:24,299 - BÁO CÁO TỔNG KẾT (SUMMARY)
2026-05-09 11:50:24,299 - ======================================================================
2026-05-09 11:50:24,299 -   1. Chi phí Clarke-Wright:     270
2026-05-09 11:50:24,299 -   2. Chi phí sau Gurobi MIP:    211
2026-05-09 11:50:24,299 -   => TỔNG CẢI THIỆN:            59
2026-05-09 11:50:24,299 -   => Số lần Gurobi Single cải thiện  : 2 lần
2026-05-09 11:50:24,299 -   => Số lần Gurobi Pairwise cải thiện: 1 lần
2026-05-09 11:50:24,299 -   => TỔNG THỜI GIAN CHẠY:       28.302s
2026-05-09 11:50:24,304 - ======================================================================
2026-05-09 11:50:24,304 - GUROBI MIP SOLVER  |  FILE: P-n22-k8.vrp
2026-05-09 11:50:24,304 - ======================================================================
2026-05-09 11:50:24,308 - Thông tin dữ liệu: Dimension=22, K=8, Capacity=3000
2026-05-09 11:50:24,308 - --- Step 1: Clarke-Wright Heuristic ---
2026-05-09 11:50:24,309 -   Kết quả CW: Cost = 773, Time = 0.001s
2026-05-09 11:50:24,309 - --- Step 2: Advanced Optimization (Gurobi MIP) ---
2026-05-09 11:50:24,309 - =========================================
2026-05-09 11:50:24,309 - BẮT ĐẦU OPTIMIZE  (100% Gurobi MIP)
2026-05-09 11:50:24,309 -  -> Max Single Size  : 20
2026-05-09 11:50:24,309 -  -> Single Timeout   : 40.0s
2026-05-09 11:50:24,309 -  -> Max Pairwise Size: 16
2026-05-09 11:50:24,309 -  -> Pairwise Timeout : 30.0s
2026-05-09 11:50:24,309 -  -> Global Timeout   : 1600.0s
2026-05-09 11:50:24,309 -  -> Chi phí khởi điểm: 773
2026-05-09 11:50:24,309 - =========================================
2026-05-09 11:50:24,310 - === BẮT ĐẦU CHẶNG 4: GUROBI MIP CHÍNH XÁC | Cost: 773 ===
2026-05-09 11:50:24,310 -   [GĐ 4.1] Giải bài toán TSP trên từng tuyến đơn...
2026-05-09 11:50:24,394 -     -> Single Gurobi cải thiện: 35. Cost mới: 738
2026-05-09 11:50:24,394 -   [GĐ 4.2] Xét từng cặp tuyến để phân bổ lại khách hàng...
2026-05-09 11:50:24,394 -   --- Pairwise Iter 1 (còn 1600s) ---
2026-05-09 11:50:24,406 -     [P4.2] Pair (5,6) giảm 20 -> BEST = 718
2026-05-09 11:50:24,431 -   --- Pairwise Iter 2 (còn 1600s) ---
2026-05-09 11:50:24,566 -     [P4.2] Pair (1,4) giảm 1 -> BEST = 717
2026-05-09 11:50:24,590 -   --- Pairwise Iter 3 (còn 1600s) ---
2026-05-09 11:50:25,082 -     [P4.2] Pair (0,1) giảm 20 -> BEST = 697
2026-05-09 11:50:25,116 -   --- Pairwise Iter 4 (còn 1599s) ---
2026-05-09 11:50:25,395 -     [P4.2] Pair (0,4) giảm 20 -> BEST = 677
2026-05-09 11:50:25,419 -   --- Pairwise Iter 5 (còn 1599s) ---
2026-05-09 11:50:25,922 -     [P4.2] Pair (5,7) giảm 1 -> BEST = 676
2026-05-09 11:50:25,934 -   --- Pairwise Iter 6 (còn 1598s) ---
2026-05-09 11:50:26,885 -     -> Đã đạt cực trị toàn cục cho mọi cặp dưới ngưỡng. KẾT THÚC CHẶNG 4.
2026-05-09 11:50:26,885 - Hoàn thành trong 2.6s. Final Cost: 676
2026-05-09 11:50:26,886 - ======================================================================
2026-05-09 11:50:26,886 - BÁO CÁO TỔNG KẾT (SUMMARY)
2026-05-09 11:50:26,886 - ======================================================================
2026-05-09 11:50:26,886 -   1. Chi phí Clarke-Wright:     773
2026-05-09 11:50:26,886 -   2. Chi phí sau Gurobi MIP:    676
2026-05-09 11:50:26,886 -   => TỔNG CẢI THIỆN:            97
2026-05-09 11:50:26,886 -   => Số lần Gurobi Single cải thiện  : 2 lần
2026-05-09 11:50:26,886 -   => Số lần Gurobi Pairwise cải thiện: 5 lần
2026-05-09 11:50:26,886 -   => TỔNG THỜI GIAN CHẠY:       2.577s
2026-05-09 11:50:26,893 - ======================================================================
2026-05-09 11:50:26,893 - GUROBI MIP SOLVER  |  FILE: P-n22-k2.vrp
2026-05-09 11:50:26,893 - ======================================================================
2026-05-09 11:50:26,895 - Thông tin dữ liệu: Dimension=22, K=2, Capacity=160
2026-05-09 11:50:26,895 - --- Step 1: Clarke-Wright Heuristic ---
2026-05-09 11:50:26,896 -   Kết quả CW: Cost = 284, Time = 0.000s
2026-05-09 11:50:26,896 - --- Step 2: Advanced Optimization (Gurobi MIP) ---
2026-05-09 11:50:26,896 - =========================================
2026-05-09 11:50:26,896 - BẮT ĐẦU OPTIMIZE  (100% Gurobi MIP)
2026-05-09 11:50:26,896 -  -> Max Single Size  : 22
2026-05-09 11:50:26,896 -  -> Single Timeout   : 40.0s
2026-05-09 11:50:26,896 -  -> Max Pairwise Size: 28
2026-05-09 11:50:26,896 -  -> Pairwise Timeout : 99.0s
2026-05-09 11:50:26,896 -  -> Global Timeout   : 1600.0s
2026-05-09 11:50:26,896 -  -> Chi phí khởi điểm: 284
2026-05-09 11:50:26,896 - =========================================
2026-05-09 11:50:26,896 - === BẮT ĐẦU CHẶNG 4: GUROBI MIP CHÍNH XÁC | Cost: 284 ===
2026-05-09 11:50:26,896 -   [GĐ 4.1] Giải bài toán TSP trên từng tuyến đơn...
2026-05-09 11:50:27,095 -     -> Single Gurobi cải thiện: 37. Cost mới: 247
2026-05-09 11:50:27,095 -   [GĐ 4.2] Xét từng cặp tuyến để phân bổ lại khách hàng...
2026-05-09 11:50:27,095 -   --- Pairwise Iter 1 (còn 1600s) ---
2026-05-09 11:50:44,278 -     [P4.2] Pair (0,1) giảm 31 -> BEST = 216
2026-05-09 11:50:44,484 -   --- Pairwise Iter 2 (còn 1582s) ---
2026-05-09 11:50:59,323 -     -> Đã đạt cực trị toàn cục cho mọi cặp dưới ngưỡng. KẾT THÚC CHẶNG 4.
2026-05-09 11:50:59,323 - Hoàn thành trong 32.4s. Final Cost: 216
2026-05-09 11:50:59,323 - ======================================================================
2026-05-09 11:50:59,323 - BÁO CÁO TỔNG KẾT (SUMMARY)
2026-05-09 11:50:59,323 - ======================================================================
2026-05-09 11:50:59,323 -   1. Chi phí Clarke-Wright:     284
2026-05-09 11:50:59,323 -   2. Chi phí sau Gurobi MIP:    216
2026-05-09 11:50:59,323 -   => TỔNG CẢI THIỆN:            68
2026-05-09 11:50:59,323 -   => Số lần Gurobi Single cải thiện  : 2 lần
2026-05-09 11:50:59,323 -   => Số lần Gurobi Pairwise cải thiện: 1 lần
2026-05-09 11:50:59,323 -   => TỔNG THỜI GIAN CHẠY:       32.428s
2026-05-09 11:50:59,328 - ======================================================================
2026-05-09 11:50:59,328 - GUROBI MIP SOLVER  |  FILE: P-n23-k8.vrp
2026-05-09 11:50:59,328 - ======================================================================
2026-05-09 11:50:59,332 - Thông tin dữ liệu: Dimension=23, K=8, Capacity=40
2026-05-09 11:50:59,332 - --- Step 1: Clarke-Wright Heuristic ---
2026-05-09 11:50:59,333 -   Kết quả CW: Cost = 555, Time = 0.001s
2026-05-09 11:50:59,333 - --- Step 2: Advanced Optimization (Gurobi MIP) ---
2026-05-09 11:50:59,333 - =========================================
2026-05-09 11:50:59,333 - BẮT ĐẦU OPTIMIZE  (100% Gurobi MIP)
2026-05-09 11:50:59,333 -  -> Max Single Size  : 20
2026-05-09 11:50:59,333 -  -> Single Timeout   : 40.0s
2026-05-09 11:50:59,333 -  -> Max Pairwise Size: 16
2026-05-09 11:50:59,333 -  -> Pairwise Timeout : 30.0s
2026-05-09 11:50:59,333 -  -> Global Timeout   : 1600.0s
2026-05-09 11:50:59,333 -  -> Chi phí khởi điểm: 555
2026-05-09 11:50:59,333 - =========================================
2026-05-09 11:50:59,333 - === BẮT ĐẦU CHẶNG 4: GUROBI MIP CHÍNH XÁC | Cost: 555 ===
2026-05-09 11:50:59,333 -   [GĐ 4.1] Giải bài toán TSP trên từng tuyến đơn...
2026-05-09 11:50:59,430 -     -> Single Gurobi cải thiện: 3. Cost mới: 552
2026-05-09 11:50:59,430 -   [GĐ 4.2] Xét từng cặp tuyến để phân bổ lại khách hàng...
2026-05-09 11:50:59,430 -   --- Pairwise Iter 1 (còn 1600s) ---
2026-05-09 11:50:59,779 -     [P4.2] Pair (0,1) giảm 23 -> BEST = 529
2026-05-09 11:50:59,804 -   --- Pairwise Iter 2 (còn 1600s) ---
2026-05-09 11:51:00,745 -     -> Đã đạt cực trị toàn cục cho mọi cặp dưới ngưỡng. KẾT THÚC CHẶNG 4.
2026-05-09 11:51:00,745 - Hoàn thành trong 1.4s. Final Cost: 529
2026-05-09 11:51:00,745 - ======================================================================
2026-05-09 11:51:00,745 - BÁO CÁO TỔNG KẾT (SUMMARY)
2026-05-09 11:51:00,745 - ======================================================================
2026-05-09 11:51:00,745 -   1. Chi phí Clarke-Wright:     555
2026-05-09 11:51:00,745 -   2. Chi phí sau Gurobi MIP:    529
2026-05-09 11:51:00,746 -   => TỔNG CẢI THIỆN:            26
2026-05-09 11:51:00,746 -   => Số lần Gurobi Single cải thiện  : 1 lần
2026-05-09 11:51:00,746 -   => Số lần Gurobi Pairwise cải thiện: 1 lần
2026-05-09 11:51:00,746 -   => TỔNG THỜI GIAN CHẠY:       1.413s
2026-05-09 11:51:00,750 - ======================================================================
2026-05-09 11:51:00,750 - GUROBI MIP SOLVER  |  FILE: P-n40-k5.vrp
2026-05-09 11:51:00,750 - ======================================================================
2026-05-09 11:51:00,756 - Thông tin dữ liệu: Dimension=40, K=5, Capacity=140
2026-05-09 11:51:00,756 - --- Step 1: Clarke-Wright Heuristic ---
2026-05-09 11:51:00,757 -   Kết quả CW: Cost = 596, Time = 0.001s
2026-05-09 11:51:00,757 - --- Step 2: Advanced Optimization (Gurobi MIP) ---
2026-05-09 11:51:00,757 - =========================================
2026-05-09 11:51:00,757 - BẮT ĐẦU OPTIMIZE  (100% Gurobi MIP)
2026-05-09 11:51:00,757 -  -> Max Single Size  : 20
2026-05-09 11:51:00,757 -  -> Single Timeout   : 40.0s
2026-05-09 11:51:00,757 -  -> Max Pairwise Size: 24
2026-05-09 11:51:00,757 -  -> Pairwise Timeout : 72.0s
2026-05-09 11:51:00,758 -  -> Global Timeout   : 1600.0s
2026-05-09 11:51:00,758 -  -> Chi phí khởi điểm: 596
2026-05-09 11:51:00,758 - =========================================
2026-05-09 11:51:00,758 - === BẮT ĐẦU CHẶNG 4: GUROBI MIP CHÍNH XÁC | Cost: 596 ===
2026-05-09 11:51:00,758 -   [GĐ 4.1] Giải bài toán TSP trên từng tuyến đơn...
2026-05-09 11:51:00,869 -     -> Single Gurobi cải thiện: 64. Cost mới: 532
2026-05-09 11:51:00,869 -   [GĐ 4.2] Xét từng cặp tuyến để phân bổ lại khách hàng...
2026-05-09 11:51:00,869 -   --- Pairwise Iter 1 (còn 1600s) ---
2026-05-09 11:51:11,840 -     [P4.2] Pair (0,3) giảm 2 -> BEST = 530
2026-05-09 11:51:11,926 -   --- Pairwise Iter 2 (còn 1589s) ---
2026-05-09 11:51:41,845 -     [P4.2] Pair (1,3) giảm 29 -> BEST = 501
2026-05-09 11:51:42,011 -   --- Pairwise Iter 3 (còn 1559s) ---
2026-05-09 11:51:48,954 -     [P4.2] Pair (0,1) giảm 5 -> BEST = 496
2026-05-09 11:51:48,988 -   --- Pairwise Iter 4 (còn 1552s) ---
2026-05-09 11:52:03,226 -     [P4.2] Pair (0,4) giảm 8 -> BEST = 488
2026-05-09 11:52:03,300 -   --- Pairwise Iter 5 (còn 1537s) ---
2026-05-09 11:52:21,671 -     [P4.2] Pair (0,1) giảm 7 -> BEST = 481
2026-05-09 11:52:21,716 -   --- Pairwise Iter 6 (còn 1519s) ---
2026-05-09 11:53:11,938 -     [P4.2] Pair (2,4) giảm 3 -> BEST = 478
2026-05-09 11:53:11,982 -   --- Pairwise Iter 7 (còn 1469s) ---
2026-05-09 11:53:51,643 -     [P4.2] Pair (1,2) giảm 6 -> BEST = 472
2026-05-09 11:53:51,668 -   --- Pairwise Iter 8 (còn 1429s) ---
2026-05-09 11:53:51,761 -     [P4.2] Pair (2,4) giảm 4 -> BEST = 468
2026-05-09 11:53:51,795 -   --- Pairwise Iter 9 (còn 1429s) ---
2026-05-09 11:54:01,242 -     [P4.2] Pair (2,3) giảm 3 -> BEST = 465
2026-05-09 11:54:01,266 -   --- Pairwise Iter 10 (còn 1419s) ---
2026-05-09 11:54:18,379 -     -> Đã đạt cực trị toàn cục cho mọi cặp dưới ngưỡng. KẾT THÚC CHẶNG 4.
2026-05-09 11:54:18,379 - Hoàn thành trong 197.6s. Final Cost: 465
2026-05-09 11:54:18,380 - ======================================================================
2026-05-09 11:54:18,380 - BÁO CÁO TỔNG KẾT (SUMMARY)
2026-05-09 11:54:18,380 - ======================================================================
2026-05-09 11:54:18,380 -   1. Chi phí Clarke-Wright:     596
2026-05-09 11:54:18,380 -   2. Chi phí sau Gurobi MIP:    465
2026-05-09 11:54:18,380 -   => TỔNG CẢI THIỆN:            131
2026-05-09 11:54:18,380 -   => Số lần Gurobi Single cải thiện  : 5 lần
2026-05-09 11:54:18,380 -   => Số lần Gurobi Pairwise cải thiện: 9 lần
2026-05-09 11:54:18,380 -   => TỔNG THỜI GIAN CHẠY:       197.624s
2026-05-09 11:54:18,384 - ======================================================================
2026-05-09 11:54:18,384 - GUROBI MIP SOLVER  |  FILE: P-n45-k5.vrp
2026-05-09 11:54:18,385 - ======================================================================
2026-05-09 11:54:18,397 - Thông tin dữ liệu: Dimension=45, K=5, Capacity=150
2026-05-09 11:54:18,397 - --- Step 1: Clarke-Wright Heuristic ---
2026-05-09 11:54:18,398 -   Kết quả CW: Cost = 752, Time = 0.001s
2026-05-09 11:54:18,398 - --- Step 2: Advanced Optimization (Gurobi MIP) ---
2026-05-09 11:54:18,398 - =========================================
2026-05-09 11:54:18,398 - BẮT ĐẦU OPTIMIZE  (100% Gurobi MIP)
2026-05-09 11:54:18,398 -  -> Max Single Size  : 20
2026-05-09 11:54:18,398 -  -> Single Timeout   : 40.0s
2026-05-09 11:54:18,398 -  -> Max Pairwise Size: 27
2026-05-09 11:54:18,398 -  -> Pairwise Timeout : 81.0s
2026-05-09 11:54:18,399 -  -> Global Timeout   : 1600.0s
2026-05-09 11:54:18,399 -  -> Chi phí khởi điểm: 752
2026-05-09 11:54:18,399 - =========================================
2026-05-09 11:54:18,399 - === BẮT ĐẦU CHẶNG 4: GUROBI MIP CHÍNH XÁC | Cost: 752 ===
2026-05-09 11:54:18,399 -   [GĐ 4.1] Giải bài toán TSP trên từng tuyến đơn...
2026-05-09 11:54:18,681 -     -> Single Gurobi cải thiện: 66. Cost mới: 686
2026-05-09 11:54:18,681 -   [GĐ 4.2] Xét từng cặp tuyến để phân bổ lại khách hàng...
2026-05-09 11:54:18,681 -   --- Pairwise Iter 1 (còn 1600s) ---
2026-05-09 11:55:39,723 -     [P4.2] Pair (0,1) giảm 58 -> BEST = 628
2026-05-09 11:55:39,869 -   --- Pairwise Iter 2 (còn 1519s) ---
2026-05-09 11:56:01,512 -     [P4.2] Pair (2,4) giảm 49 -> BEST = 579
2026-05-09 11:56:01,552 -   --- Pairwise Iter 3 (còn 1497s) ---
2026-05-09 11:57:36,117 -     [P4.2] Pair (0,4) giảm 16 -> BEST = 563
2026-05-09 11:57:36,203 -   --- Pairwise Iter 4 (còn 1402s) ---
2026-05-09 11:57:48,053 -     [P4.2] Pair (3,4) giảm 1 -> BEST = 562
2026-05-09 11:57:48,220 -   --- Pairwise Iter 5 (còn 1390s) ---
2026-05-09 11:58:34,779 -     [P4.2] Pair (1,3) giảm 20 -> BEST = 542
2026-05-09 11:58:34,976 -   --- Pairwise Iter 6 (còn 1343s) ---
2026-05-09 12:00:22,575 -     [P4.2] Pair (1,4) giảm 16 -> BEST = 526
2026-05-09 12:00:22,734 -   --- Pairwise Iter 7 (còn 1236s) ---
2026-05-09 12:01:21,561 -     [P4.2] Pair (1,3) giảm 2 -> BEST = 524
2026-05-09 12:01:21,699 -   --- Pairwise Iter 8 (còn 1177s) ---
2026-05-09 12:03:34,458 -     [P4.2] Pair (2,4) giảm 2 -> BEST = 522
2026-05-09 12:03:34,574 -   --- Pairwise Iter 9 (còn 1044s) ---
2026-05-09 12:05:22,290 -     -> Đã đạt cực trị toàn cục cho mọi cặp dưới ngưỡng. KẾT THÚC CHẶNG 4.
2026-05-09 12:05:22,290 - Hoàn thành trong 663.9s. Final Cost: 522
2026-05-09 12:05:22,290 - ======================================================================
2026-05-09 12:05:22,290 - BÁO CÁO TỔNG KẾT (SUMMARY)
2026-05-09 12:05:22,290 - ======================================================================
2026-05-09 12:05:22,290 -   1. Chi phí Clarke-Wright:     752
2026-05-09 12:05:22,290 -   2. Chi phí sau Gurobi MIP:    522
2026-05-09 12:05:22,290 -   => TỔNG CẢI THIỆN:            230
2026-05-09 12:05:22,290 -   => Số lần Gurobi Single cải thiện  : 5 lần
2026-05-09 12:05:22,290 -   => Số lần Gurobi Pairwise cải thiện: 8 lần
2026-05-09 12:05:22,290 -   => TỔNG THỜI GIAN CHẠY:       663.893s
2026-05-09 12:05:22,295 - ======================================================================
2026-05-09 12:05:22,295 - GUROBI MIP SOLVER  |  FILE: P-n50-k10.vrp
2026-05-09 12:05:22,295 - ======================================================================
2026-05-09 12:05:22,302 - Thông tin dữ liệu: Dimension=50, K=10, Capacity=100
2026-05-09 12:05:22,302 - --- Step 1: Clarke-Wright Heuristic ---
2026-05-09 12:05:22,304 -   Kết quả CW: Cost = 928, Time = 0.002s
2026-05-09 12:05:22,304 - --- Step 2: Advanced Optimization (Gurobi MIP) ---
2026-05-09 12:05:22,304 - =========================================
2026-05-09 12:05:22,304 - BẮT ĐẦU OPTIMIZE  (100% Gurobi MIP)
2026-05-09 12:05:22,305 -  -> Max Single Size  : 20
2026-05-09 12:05:22,305 -  -> Single Timeout   : 40.0s
2026-05-09 12:05:22,305 -  -> Max Pairwise Size: 16
2026-05-09 12:05:22,305 -  -> Pairwise Timeout : 45.0s
2026-05-09 12:05:22,305 -  -> Global Timeout   : 1600.0s
2026-05-09 12:05:22,305 -  -> Chi phí khởi điểm: 928
2026-05-09 12:05:22,305 - =========================================
2026-05-09 12:05:22,305 - === BẮT ĐẦU CHẶNG 4: GUROBI MIP CHÍNH XÁC | Cost: 928 ===
2026-05-09 12:05:22,305 -   [GĐ 4.1] Giải bài toán TSP trên từng tuyến đơn...
2026-05-09 12:05:22,526 -     -> Single Gurobi cải thiện: 24. Cost mới: 904
2026-05-09 12:05:22,526 -   [GĐ 4.2] Xét từng cặp tuyến để phân bổ lại khách hàng...
2026-05-09 12:05:22,526 -   --- Pairwise Iter 1 (còn 1600s) ---
2026-05-09 12:05:22,740 -     [P4.2] Pair (0,6) giảm 16 -> BEST = 888
2026-05-09 12:05:22,764 -   --- Pairwise Iter 2 (còn 1600s) ---
2026-05-09 12:05:23,404 -     [P4.2] Pair (4,8) giảm 28 -> BEST = 860
2026-05-09 12:05:23,428 -   --- Pairwise Iter 3 (còn 1599s) ---
2026-05-09 12:05:24,231 -     [P4.2] Pair (0,3) giảm 1 -> BEST = 859
2026-05-09 12:05:24,256 -   --- Pairwise Iter 4 (còn 1598s) ---
2026-05-09 12:05:25,758 -     [P4.2] Pair (0,4) giảm 13 -> BEST = 846
2026-05-09 12:05:25,782 -   --- Pairwise Iter 5 (còn 1597s) ---
2026-05-09 12:05:27,697 -     [P4.2] Pair (0,3) giảm 10 -> BEST = 836
2026-05-09 12:05:27,722 -   --- Pairwise Iter 6 (còn 1595s) ---
2026-05-09 12:05:29,180 -     [P4.2] Pair (0,4) giảm 1 -> BEST = 835
2026-05-09 12:05:29,204 -   --- Pairwise Iter 7 (còn 1593s) ---
2026-05-09 12:05:31,030 -     [P4.2] Pair (0,3) giảm 17 -> BEST = 818
2026-05-09 12:05:31,094 -   --- Pairwise Iter 8 (còn 1591s) ---
2026-05-09 12:05:32,847 -     [P4.2] Pair (0,2) giảm 4 -> BEST = 814
2026-05-09 12:05:32,872 -   --- Pairwise Iter 9 (còn 1589s) ---
2026-05-09 12:05:36,123 -     [P4.2] Pair (1,6) giảm 20 -> BEST = 794
2026-05-09 12:05:36,147 -   --- Pairwise Iter 10 (còn 1586s) ---
2026-05-09 12:05:41,259 -     [P4.2] Pair (6,9) giảm 16 -> BEST = 778
2026-05-09 12:05:41,293 -   --- Pairwise Iter 11 (còn 1581s) ---
2026-05-09 12:05:44,077 -     [P4.2] Pair (0,6) giảm 20 -> BEST = 758
2026-05-09 12:05:44,132 -   --- Pairwise Iter 12 (còn 1578s) ---
2026-05-09 12:05:47,869 -     [P4.2] Pair (0,9) giảm 1 -> BEST = 757
2026-05-09 12:05:47,924 -   --- Pairwise Iter 13 (còn 1574s) ---
2026-05-09 12:05:52,057 -     [P4.2] Pair (1,2) giảm 5 -> BEST = 752
2026-05-09 12:05:52,082 -   --- Pairwise Iter 14 (còn 1570s) ---
2026-05-09 12:05:53,868 -     [P4.2] Pair (2,5) giảm 25 -> BEST = 727
2026-05-09 12:05:53,892 -   --- Pairwise Iter 15 (còn 1568s) ---
2026-05-09 12:06:09,407 -     -> Đã đạt cực trị toàn cục cho mọi cặp dưới ngưỡng. KẾT THÚC CHẶNG 4.
2026-05-09 12:06:09,407 - Hoàn thành trong 47.1s. Final Cost: 727
2026-05-09 12:06:09,407 - ======================================================================
2026-05-09 12:06:09,407 - BÁO CÁO TỔNG KẾT (SUMMARY)
2026-05-09 12:06:09,407 - ======================================================================
2026-05-09 12:06:09,407 -   1. Chi phí Clarke-Wright:     928
2026-05-09 12:06:09,407 -   2. Chi phí sau Gurobi MIP:    727
2026-05-09 12:06:09,407 -   => TỔNG CẢI THIỆN:            201
2026-05-09 12:06:09,407 -   => Số lần Gurobi Single cải thiện  : 5 lần
2026-05-09 12:06:09,407 -   => Số lần Gurobi Pairwise cải thiện: 14 lần
2026-05-09 12:06:09,407 -   => TỔNG THỜI GIAN CHẠY:       47.105s
2026-05-09 12:06:09,412 - ======================================================================
2026-05-09 12:06:09,412 - GUROBI MIP SOLVER  |  FILE: P-n50-k7.vrp
2026-05-09 12:06:09,412 - ======================================================================
2026-05-09 12:06:09,419 - Thông tin dữ liệu: Dimension=50, K=7, Capacity=150
2026-05-09 12:06:09,419 - --- Step 1: Clarke-Wright Heuristic ---
2026-05-09 12:06:09,422 -   Kết quả CW: Cost = 799, Time = 0.002s
2026-05-09 12:06:09,422 - --- Step 2: Advanced Optimization (Gurobi MIP) ---
2026-05-09 12:06:09,422 - =========================================
2026-05-09 12:06:09,422 - BẮT ĐẦU OPTIMIZE  (100% Gurobi MIP)
2026-05-09 12:06:09,422 -  -> Max Single Size  : 20
2026-05-09 12:06:09,422 -  -> Single Timeout   : 40.0s
2026-05-09 12:06:09,422 -  -> Max Pairwise Size: 21
2026-05-09 12:06:09,422 -  -> Pairwise Timeout : 65.0s
2026-05-09 12:06:09,422 -  -> Global Timeout   : 1600.0s
2026-05-09 12:06:09,422 -  -> Chi phí khởi điểm: 799
2026-05-09 12:06:09,422 - =========================================
2026-05-09 12:06:09,422 - === BẮT ĐẦU CHẶNG 4: GUROBI MIP CHÍNH XÁC | Cost: 799 ===
2026-05-09 12:06:09,422 -   [GĐ 4.1] Giải bài toán TSP trên từng tuyến đơn...
2026-05-09 12:06:09,610 -     -> Single Gurobi cải thiện: 65. Cost mới: 734
2026-05-09 12:06:09,610 -   [GĐ 4.2] Xét từng cặp tuyến để phân bổ lại khách hàng...
2026-05-09 12:06:09,610 -   --- Pairwise Iter 1 (còn 1600s) ---
2026-05-09 12:06:10,314 -     [P4.2] Pair (2,5) giảm 5 -> BEST = 729
2026-05-09 12:06:10,369 -   --- Pairwise Iter 2 (còn 1599s) ---
2026-05-09 12:06:11,190 -     [P4.2] Pair (2,6) giảm 66 -> BEST = 663
2026-05-09 12:06:11,245 -   --- Pairwise Iter 3 (còn 1598s) ---
2026-05-09 12:06:14,537 -     [P4.2] Pair (3,4) giảm 1 -> BEST = 662
2026-05-09 12:06:14,572 -   --- Pairwise Iter 4 (còn 1595s) ---
2026-05-09 12:06:58,250 -     [P4.2] Pair (4,6) giảm 23 -> BEST = 639
2026-05-09 12:06:58,365 -   --- Pairwise Iter 5 (còn 1551s) ---
2026-05-09 12:07:43,007 -     [P4.2] Pair (0,6) giảm 31 -> BEST = 608
2026-05-09 12:07:43,113 -   --- Pairwise Iter 6 (còn 1506s) ---
2026-05-09 12:08:03,417 -     [P4.2] Pair (3,4) giảm 7 -> BEST = 601
2026-05-09 12:08:03,492 -   --- Pairwise Iter 7 (còn 1486s) ---
2026-05-09 12:08:25,076 -     [P4.2] Pair (5,6) giảm 1 -> BEST = 600
2026-05-09 12:08:25,221 -   --- Pairwise Iter 8 (còn 1464s) ---
2026-05-09 12:09:12,262 -     [P4.2] Pair (0,5) giảm 2 -> BEST = 598
2026-05-09 12:09:12,438 -   --- Pairwise Iter 9 (còn 1417s) ---
2026-05-09 12:10:17,472 -     [P4.2] Pair (3,5) giảm 4 -> BEST = 594
2026-05-09 12:10:17,698 -   --- Pairwise Iter 10 (còn 1352s) ---
2026-05-09 12:11:29,174 -     [P4.2] Pair (3,4) giảm 6 -> BEST = 588
2026-05-09 12:11:29,209 -   --- Pairwise Iter 11 (còn 1280s) ---
2026-05-09 12:11:41,252 -     [P4.2] Pair (2,3) giảm 6 -> BEST = 582
2026-05-09 12:11:41,336 -   --- Pairwise Iter 12 (còn 1268s) ---
2026-05-09 12:11:52,696 -     [P4.2] Pair (2,6) giảm 2 -> BEST = 580
2026-05-09 12:11:52,751 -   --- Pairwise Iter 13 (còn 1257s) ---
2026-05-09 12:12:10,596 -     [P4.2] Pair (1,2) giảm 5 -> BEST = 575
2026-05-09 12:12:10,660 -   --- Pairwise Iter 14 (còn 1239s) ---
2026-05-09 12:12:17,197 -     [P4.2] Pair (2,3) giảm 9 -> BEST = 566
2026-05-09 12:12:17,221 -   --- Pairwise Iter 15 (còn 1232s) ---
2026-05-09 12:12:40,065 -     -> Đã đạt cực trị toàn cục cho mọi cặp dưới ngưỡng. KẾT THÚC CHẶNG 4.
2026-05-09 12:12:40,066 - Hoàn thành trong 390.6s. Final Cost: 566
2026-05-09 12:12:40,066 - ======================================================================
2026-05-09 12:12:40,066 - BÁO CÁO TỔNG KẾT (SUMMARY)
2026-05-09 12:12:40,066 - ======================================================================
2026-05-09 12:12:40,066 -   1. Chi phí Clarke-Wright:     799
2026-05-09 12:12:40,066 -   2. Chi phí sau Gurobi MIP:    566
2026-05-09 12:12:40,066 -   => TỔNG CẢI THIỆN:            233
2026-05-09 12:12:40,066 -   => Số lần Gurobi Single cải thiện  : 5 lần
2026-05-09 12:12:40,066 -   => Số lần Gurobi Pairwise cải thiện: 14 lần
2026-05-09 12:12:40,066 -   => TỔNG THỜI GIAN CHẠY:       390.646s
2026-05-09 12:12:40,070 - ======================================================================
2026-05-09 12:12:40,071 - GUROBI MIP SOLVER  |  FILE: P-n50-k8.vrp
2026-05-09 12:12:40,071 - ======================================================================
2026-05-09 12:12:40,075 - Thông tin dữ liệu: Dimension=50, K=8, Capacity=120
2026-05-09 12:12:40,075 - --- Step 1: Clarke-Wright Heuristic ---
2026-05-09 12:12:40,077 -   Kết quả CW: Cost = 936, Time = 0.002s
2026-05-09 12:12:40,077 - --- Step 2: Advanced Optimization (Gurobi MIP) ---
2026-05-09 12:12:40,077 - =========================================
2026-05-09 12:12:40,077 - BẮT ĐẦU OPTIMIZE  (100% Gurobi MIP)
2026-05-09 12:12:40,077 -  -> Max Single Size  : 20
2026-05-09 12:12:40,078 -  -> Single Timeout   : 40.0s
2026-05-09 12:12:40,078 -  -> Max Pairwise Size: 18
2026-05-09 12:12:40,078 -  -> Pairwise Timeout : 57.0s
2026-05-09 12:12:40,078 -  -> Global Timeout   : 1600.0s
2026-05-09 12:12:40,078 -  -> Chi phí khởi điểm: 936
2026-05-09 12:12:40,078 - =========================================
2026-05-09 12:12:40,078 - === BẮT ĐẦU CHẶNG 4: GUROBI MIP CHÍNH XÁC | Cost: 936 ===
2026-05-09 12:12:40,078 -   [GĐ 4.1] Giải bài toán TSP trên từng tuyến đơn...
2026-05-09 12:12:40,306 -     -> Single Gurobi cải thiện: 119. Cost mới: 817
2026-05-09 12:12:40,306 -   [GĐ 4.2] Xét từng cặp tuyến để phân bổ lại khách hàng...
2026-05-09 12:12:40,307 -   --- Pairwise Iter 1 (còn 1600s) ---
2026-05-09 12:12:40,966 -     [P4.2] Pair (0,5) giảm 8 -> BEST = 809
2026-05-09 12:12:40,991 -   --- Pairwise Iter 2 (còn 1599s) ---
2026-05-09 12:12:42,268 -     [P4.2] Pair (0,6) giảm 10 -> BEST = 799
2026-05-09 12:12:42,303 -   --- Pairwise Iter 3 (còn 1598s) ---
2026-05-09 12:12:42,860 -     [P4.2] Pair (0,5) giảm 2 -> BEST = 797
2026-05-09 12:12:42,895 -   --- Pairwise Iter 4 (còn 1597s) ---
2026-05-09 12:12:43,160 -     [P4.2] Pair (3,6) giảm 8 -> BEST = 789
2026-05-09 12:12:43,184 -   --- Pairwise Iter 5 (còn 1597s) ---
2026-05-09 12:12:43,834 -     [P4.2] Pair (4,5) giảm 9 -> BEST = 780
2026-05-09 12:12:43,858 -   --- Pairwise Iter 6 (còn 1596s) ---
2026-05-09 12:12:44,710 -     [P4.2] Pair (4,7) giảm 22 -> BEST = 758
2026-05-09 12:12:44,734 -   --- Pairwise Iter 7 (còn 1595s) ---
2026-05-09 12:12:46,308 -     [P4.2] Pair (0,3) giảm 37 -> BEST = 721
2026-05-09 12:12:46,333 -   --- Pairwise Iter 8 (còn 1594s) ---
2026-05-09 12:12:48,566 -     [P4.2] Pair (1,7) giảm 12 -> BEST = 709
2026-05-09 12:12:48,600 -   --- Pairwise Iter 9 (còn 1591s) ---
2026-05-09 12:12:49,550 -     [P4.2] Pair (1,4) giảm 7 -> BEST = 702
2026-05-09 12:12:49,574 -   --- Pairwise Iter 10 (còn 1591s) ---
2026-05-09 12:12:52,473 -     [P4.2] Pair (5,6) giảm 10 -> BEST = 692
2026-05-09 12:12:52,517 -   --- Pairwise Iter 11 (còn 1588s) ---
2026-05-09 12:12:53,390 -     [P4.2] Pair (3,5) giảm 7 -> BEST = 685
2026-05-09 12:12:53,415 -   --- Pairwise Iter 12 (còn 1587s) ---
2026-05-09 12:12:56,575 -     [P4.2] Pair (0,6) giảm 6 -> BEST = 679
2026-05-09 12:12:56,630 -   --- Pairwise Iter 13 (còn 1583s) ---
2026-05-09 12:12:59,991 -     [P4.2] Pair (5,6) giảm 5 -> BEST = 674
2026-05-09 12:13:00,035 -   --- Pairwise Iter 14 (còn 1580s) ---
2026-05-09 12:13:00,451 -     [P4.2] Pair (0,5) giảm 1 -> BEST = 673
2026-05-09 12:13:00,476 -   --- Pairwise Iter 15 (còn 1580s) ---
2026-05-09 12:13:09,894 -     [P4.2] Pair (3,7) giảm 11 -> BEST = 662
2026-05-09 12:13:09,959 -   --- Pairwise Iter 16 (còn 1570s) ---
2026-05-09 12:13:22,331 -     -> Đã đạt cực trị toàn cục cho mọi cặp dưới ngưỡng. KẾT THÚC CHẶNG 4.
2026-05-09 12:13:22,332 - Hoàn thành trong 42.3s. Final Cost: 662
2026-05-09 12:13:22,332 - ======================================================================
2026-05-09 12:13:22,332 - BÁO CÁO TỔNG KẾT (SUMMARY)
2026-05-09 12:13:22,332 - ======================================================================
2026-05-09 12:13:22,332 -   1. Chi phí Clarke-Wright:     936
2026-05-09 12:13:22,332 -   2. Chi phí sau Gurobi MIP:    662
2026-05-09 12:13:22,332 -   => TỔNG CẢI THIỆN:            274
2026-05-09 12:13:22,332 -   => Số lần Gurobi Single cải thiện  : 6 lần
2026-05-09 12:13:22,332 -   => Số lần Gurobi Pairwise cải thiện: 15 lần
2026-05-09 12:13:22,332 -   => TỔNG THỜI GIAN CHẠY:       42.256s
2026-05-09 12:13:22,336 - ======================================================================
2026-05-09 12:13:22,337 - GUROBI MIP SOLVER  |  FILE: P-n51-k10.vrp
2026-05-09 12:13:22,337 - ======================================================================
2026-05-09 12:13:22,341 - Thông tin dữ liệu: Dimension=51, K=10, Capacity=80
2026-05-09 12:13:22,341 - --- Step 1: Clarke-Wright Heuristic ---
2026-05-09 12:13:22,343 -   Kết quả CW: Cost = 978, Time = 0.002s
2026-05-09 12:13:22,343 - --- Step 2: Advanced Optimization (Gurobi MIP) ---
2026-05-09 12:13:22,343 - =========================================
2026-05-09 12:13:22,343 - BẮT ĐẦU OPTIMIZE  (100% Gurobi MIP)
2026-05-09 12:13:22,343 -  -> Max Single Size  : 20
2026-05-09 12:13:22,343 -  -> Single Timeout   : 40.0s
2026-05-09 12:13:22,343 -  -> Max Pairwise Size: 16
2026-05-09 12:13:22,343 -  -> Pairwise Timeout : 46.0s
2026-05-09 12:13:22,343 -  -> Global Timeout   : 1600.0s
2026-05-09 12:13:22,343 -  -> Chi phí khởi điểm: 978
2026-05-09 12:13:22,344 - =========================================
2026-05-09 12:13:22,344 - === BẮT ĐẦU CHẶNG 4: GUROBI MIP CHÍNH XÁC | Cost: 978 ===
2026-05-09 12:13:22,344 -   [GĐ 4.1] Giải bài toán TSP trên từng tuyến đơn...
2026-05-09 12:13:22,514 -     -> Single Gurobi cải thiện: 43. Cost mới: 935
2026-05-09 12:13:22,514 -   [GĐ 4.2] Xét từng cặp tuyến để phân bổ lại khách hàng...
2026-05-09 12:13:22,514 -   --- Pairwise Iter 1 (còn 1600s) ---
2026-05-09 12:13:22,688 -     [P4.2] Pair (2,8) giảm 31 -> BEST = 904
2026-05-09 12:13:22,712 -   --- Pairwise Iter 2 (còn 1600s) ---
2026-05-09 12:13:22,988 -     [P4.2] Pair (0,3) giảm 11 -> BEST = 893
2026-05-09 12:13:23,013 -   --- Pairwise Iter 3 (còn 1599s) ---
2026-05-09 12:13:24,016 -     [P4.2] Pair (0,2) giảm 5 -> BEST = 888
2026-05-09 12:13:24,050 -   --- Pairwise Iter 4 (còn 1598s) ---
2026-05-09 12:13:26,096 -     [P4.2] Pair (2,3) giảm 21 -> BEST = 867
2026-05-09 12:13:26,121 -   --- Pairwise Iter 5 (còn 1596s) ---
2026-05-09 12:13:26,387 -     [P4.2] Pair (0,2) giảm 6 -> BEST = 861
2026-05-09 12:13:26,432 -   --- Pairwise Iter 6 (còn 1596s) ---
2026-05-09 12:13:28,421 -     [P4.2] Pair (4,5) giảm 24 -> BEST = 837
2026-05-09 12:13:28,486 -   --- Pairwise Iter 7 (còn 1594s) ---
2026-05-09 12:13:30,042 -     [P4.2] Pair (5,8) giảm 20 -> BEST = 817
2026-05-09 12:13:30,066 -   --- Pairwise Iter 8 (còn 1592s) ---
2026-05-09 12:13:33,947 -     [P4.2] Pair (4,6) giảm 2 -> BEST = 815
2026-05-09 12:13:33,981 -   --- Pairwise Iter 9 (còn 1588s) ---
2026-05-09 12:13:38,391 -     [P4.2] Pair (0,6) giảm 1 -> BEST = 814
2026-05-09 12:13:38,416 -   --- Pairwise Iter 10 (còn 1584s) ---
2026-05-09 12:13:41,657 -     [P4.2] Pair (8,9) giảm 9 -> BEST = 805
2026-05-09 12:13:41,681 -   --- Pairwise Iter 11 (còn 1581s) ---
2026-05-09 12:13:43,298 -     [P4.2] Pair (2,9) giảm 1 -> BEST = 804
2026-05-09 12:13:43,323 -   --- Pairwise Iter 12 (còn 1579s) ---
2026-05-09 12:13:47,562 -     [P4.2] Pair (0,1) giảm 4 -> BEST = 800
2026-05-09 12:13:47,607 -   --- Pairwise Iter 13 (còn 1575s) ---
2026-05-09 12:13:48,831 -     [P4.2] Pair (1,6) giảm 5 -> BEST = 795
2026-05-09 12:13:48,876 -   --- Pairwise Iter 14 (còn 1573s) ---
2026-05-09 12:13:49,697 -     [P4.2] Pair (1,7) giảm 2 -> BEST = 793
2026-05-09 12:13:49,722 -   --- Pairwise Iter 15 (còn 1573s) ---
2026-05-09 12:13:53,140 -     [P4.2] Pair (0,6) giảm 11 -> BEST = 782
2026-05-09 12:13:53,225 -   --- Pairwise Iter 16 (còn 1569s) ---
2026-05-09 12:14:07,811 -     -> Đã đạt cực trị toàn cục cho mọi cặp dưới ngưỡng. KẾT THÚC CHẶNG 4.
2026-05-09 12:14:07,811 - Hoàn thành trong 45.5s. Final Cost: 782
2026-05-09 12:14:07,811 - ======================================================================
2026-05-09 12:14:07,811 - BÁO CÁO TỔNG KẾT (SUMMARY)
2026-05-09 12:14:07,811 - ======================================================================
2026-05-09 12:14:07,812 -   1. Chi phí Clarke-Wright:     978
2026-05-09 12:14:07,812 -   2. Chi phí sau Gurobi MIP:    782
2026-05-09 12:14:07,812 -   => TỔNG CẢI THIỆN:            196
2026-05-09 12:14:07,812 -   => Số lần Gurobi Single cải thiện  : 6 lần
2026-05-09 12:14:07,812 -   => Số lần Gurobi Pairwise cải thiện: 15 lần
2026-05-09 12:14:07,812 -   => TỔNG THỜI GIAN CHẠY:       45.470s
2026-05-09 12:14:07,813 - ======================================================================
2026-05-09 12:14:07,813 - GUROBI MIP SOLVER  |  FILE: P-n55-k15.vrp
2026-05-09 12:14:07,813 - ======================================================================
2026-05-09 12:14:07,818 - Thông tin dữ liệu: Dimension=55, K=15, Capacity=70
2026-05-09 12:14:07,818 - --- Step 1: Clarke-Wright Heuristic ---
2026-05-09 12:14:07,826 -     [CW-Phase4] BFD thất bại với 1 khách hàng. Kích hoạt Backtracking (Giảm depth dần)...
2026-05-09 12:14:07,826 -       -> Thử hoán đổi với depth=3 (Limit: 10s)...
2026-05-09 12:14:07,827 -     [CW-Phase4] HOÀN HẢO! Backtracking thành công tại depth=3.
2026-05-09 12:14:07,827 -   Kết quả CW: Cost = 1966, Time = 0.009s
2026-05-09 12:14:07,827 - --- Step 2: Advanced Optimization (Gurobi MIP) ---
2026-05-09 12:14:07,827 - =========================================
2026-05-09 12:14:07,827 - BẮT ĐẦU OPTIMIZE  (100% Gurobi MIP)
2026-05-09 12:14:07,827 -  -> Max Single Size  : 20
2026-05-09 12:14:07,827 -  -> Single Timeout   : 40.0s
2026-05-09 12:14:07,827 -  -> Max Pairwise Size: 16
2026-05-09 12:14:07,827 -  -> Pairwise Timeout : 33.0s
2026-05-09 12:14:07,827 -  -> Global Timeout   : 1600.0s
2026-05-09 12:14:07,827 -  -> Chi phí khởi điểm: 1966
2026-05-09 12:14:07,827 - =========================================
2026-05-09 12:14:07,828 - === BẮT ĐẦU CHẶNG 4: GUROBI MIP CHÍNH XÁC | Cost: 1966 ===
2026-05-09 12:14:07,828 -   [GĐ 4.1] Giải bài toán TSP trên từng tuyến đơn...
2026-05-09 12:14:08,018 -     -> Single Gurobi cải thiện: 407. Cost mới: 1559
2026-05-09 12:14:08,018 -   [GĐ 4.2] Xét từng cặp tuyến để phân bổ lại khách hàng...
2026-05-09 12:14:08,018 -   --- Pairwise Iter 1 (còn 1600s) ---
2026-05-09 12:14:08,630 -     [P4.2] Pair (9,14) giảm 33 -> BEST = 1526
2026-05-09 12:14:08,675 -   --- Pairwise Iter 2 (còn 1599s) ---
2026-05-09 12:14:08,931 -     [P4.2] Pair (5,14) giảm 25 -> BEST = 1501
2026-05-09 12:14:08,956 -   --- Pairwise Iter 3 (còn 1599s) ---
2026-05-09 12:14:09,837 -     [P4.2] Pair (10,12) giảm 50 -> BEST = 1451
2026-05-09 12:14:09,865 -   --- Pairwise Iter 4 (còn 1598s) ---
2026-05-09 12:14:09,960 -     [P4.2] Pair (4,10) giảm 7 -> BEST = 1444
2026-05-09 12:14:09,984 -   --- Pairwise Iter 5 (còn 1598s) ---
2026-05-09 12:14:11,066 -     [P4.2] Pair (11,12) giảm 18 -> BEST = 1426
2026-05-09 12:14:11,090 -   --- Pairwise Iter 6 (còn 1597s) ---
2026-05-09 12:14:11,833 -     [P4.2] Pair (4,12) giảm 15 -> BEST = 1411
2026-05-09 12:14:11,858 -   --- Pairwise Iter 7 (còn 1596s) ---
2026-05-09 12:14:12,291 -     [P4.2] Pair (2,12) giảm 28 -> BEST = 1383
2026-05-09 12:14:12,326 -   --- Pairwise Iter 8 (còn 1596s) ---
2026-05-09 12:14:12,592 -     [P4.2] Pair (2,4) giảm 23 -> BEST = 1360
2026-05-09 12:14:12,617 -   --- Pairwise Iter 9 (còn 1595s) ---
2026-05-09 12:14:13,494 -     [P4.2] Pair (4,10) giảm 4 -> BEST = 1356
2026-05-09 12:14:13,529 -   --- Pairwise Iter 10 (còn 1594s) ---
2026-05-09 12:14:14,537 -     [P4.2] Pair (2,9) giảm 12 -> BEST = 1344
2026-05-09 12:14:14,561 -   --- Pairwise Iter 11 (còn 1593s) ---
2026-05-09 12:14:16,072 -     [P4.2] Pair (8,12) giảm 20 -> BEST = 1324
2026-05-09 12:14:16,097 -   --- Pairwise Iter 12 (còn 1592s) ---
2026-05-09 12:14:18,191 -     [P4.2] Pair (3,12) giảm 2 -> BEST = 1322
2026-05-09 12:14:18,217 -   --- Pairwise Iter 13 (còn 1590s) ---
2026-05-09 12:14:21,257 -     [P4.2] Pair (5,12) giảm 7 -> BEST = 1315
2026-05-09 12:14:21,285 -   --- Pairwise Iter 14 (còn 1587s) ---
2026-05-09 12:14:24,191 -     [P4.2] Pair (7,13) giảm 8 -> BEST = 1307
2026-05-09 12:14:24,216 -   --- Pairwise Iter 15 (còn 1584s) ---
2026-05-09 12:14:26,324 -     [P4.2] Pair (8,13) giảm 34 -> BEST = 1273
2026-05-09 12:14:26,349 -   --- Pairwise Iter 16 (còn 1581s) ---
2026-05-09 12:14:27,598 -     [P4.2] Pair (7,13) giảm 20 -> BEST = 1253
2026-05-09 12:14:27,629 -   --- Pairwise Iter 17 (còn 1580s) ---
2026-05-09 12:14:30,014 -     [P4.2] Pair (1,7) giảm 30 -> BEST = 1223
2026-05-09 12:14:30,049 -   --- Pairwise Iter 18 (còn 1578s) ---
2026-05-09 12:14:31,056 -     [P4.2] Pair (1,13) giảm 6 -> BEST = 1217
2026-05-09 12:14:31,081 -   --- Pairwise Iter 19 (còn 1577s) ---
2026-05-09 12:14:33,951 -     [P4.2] Pair (8,9) giảm 9 -> BEST = 1208
2026-05-09 12:14:33,976 -   --- Pairwise Iter 20 (còn 1574s) ---
2026-05-09 12:14:35,572 -     [P4.2] Pair (1,8) giảm 4 -> BEST = 1204
2026-05-09 12:14:35,596 -   --- Pairwise Iter 21 (còn 1572s) ---
2026-05-09 12:14:37,532 -     [P4.2] Pair (8,9) giảm 2 -> BEST = 1202
2026-05-09 12:14:37,556 -   --- Pairwise Iter 22 (còn 1570s) ---
2026-05-09 12:14:38,174 -     [P4.2] Pair (9,14) giảm 4 -> BEST = 1198
2026-05-09 12:14:38,198 -   --- Pairwise Iter 23 (còn 1570s) ---
2026-05-09 12:14:38,479 -     [P4.2] Pair (9,12) giảm 2 -> BEST = 1196
2026-05-09 12:14:38,505 -   --- Pairwise Iter 24 (còn 1569s) ---
2026-05-09 12:14:39,008 -     [P4.2] Pair (9,11) giảm 11 -> BEST = 1185
2026-05-09 12:14:39,045 -   --- Pairwise Iter 25 (còn 1569s) ---
2026-05-09 12:14:40,933 -     [P4.2] Pair (1,7) giảm 14 -> BEST = 1171
2026-05-09 12:14:40,957 -   --- Pairwise Iter 26 (còn 1567s) ---
2026-05-09 12:14:44,187 -     [P4.2] Pair (2,12) giảm 2 -> BEST = 1169
2026-05-09 12:14:44,216 -   --- Pairwise Iter 27 (còn 1564s) ---
2026-05-09 12:14:48,393 -     [P4.2] Pair (2,8) giảm 6 -> BEST = 1163
2026-05-09 12:14:48,418 -   --- Pairwise Iter 28 (còn 1559s) ---
2026-05-09 12:14:50,503 -     [P4.2] Pair (1,8) giảm 3 -> BEST = 1160
2026-05-09 12:14:50,528 -   --- Pairwise Iter 29 (còn 1557s) ---
2026-05-09 12:14:53,071 -     [P4.2] Pair (8,13) giảm 4 -> BEST = 1156
2026-05-09 12:14:53,096 -   --- Pairwise Iter 30 (còn 1555s) ---
2026-05-09 12:14:57,660 -     [P4.2] Pair (11,12) giảm 4 -> BEST = 1152
2026-05-09 12:14:57,685 -   --- Pairwise Iter 31 (còn 1550s) ---
2026-05-09 12:15:02,581 -     [P4.2] Pair (5,9) giảm 4 -> BEST = 1148
2026-05-09 12:15:02,605 -   --- Pairwise Iter 32 (còn 1545s) ---
2026-05-09 12:15:03,989 -     [P4.2] Pair (3,9) giảm 15 -> BEST = 1133
2026-05-09 12:15:04,014 -   --- Pairwise Iter 33 (còn 1544s) ---
2026-05-09 12:15:07,681 -     [P4.2] Pair (2,5) giảm 14 -> BEST = 1119
2026-05-09 12:15:07,706 -   --- Pairwise Iter 34 (còn 1540s) ---
2026-05-09 12:15:12,332 -     [P4.2] Pair (9,11) giảm 13 -> BEST = 1106
2026-05-09 12:15:12,367 -   --- Pairwise Iter 35 (còn 1535s) ---
2026-05-09 12:15:17,365 -     [P4.2] Pair (13,14) giảm 2 -> BEST = 1104
2026-05-09 12:15:17,390 -   --- Pairwise Iter 36 (còn 1530s) ---
2026-05-09 12:15:19,203 -     [P4.2] Pair (1,13) giảm 4 -> BEST = 1100
2026-05-09 12:15:19,228 -   --- Pairwise Iter 37 (còn 1529s) ---
2026-05-09 12:15:23,568 -     [P4.2] Pair (10,14) giảm 14 -> BEST = 1086
2026-05-09 12:15:23,593 -   --- Pairwise Iter 38 (còn 1524s) ---
2026-05-09 12:15:28,314 -     [P4.2] Pair (10,13) giảm 4 -> BEST = 1082
2026-05-09 12:15:28,339 -   --- Pairwise Iter 39 (còn 1519s) ---
2026-05-09 12:15:29,926 -     [P4.2] Pair (1,13) giảm 9 -> BEST = 1073
2026-05-09 12:15:29,961 -   --- Pairwise Iter 40 (còn 1518s) ---
2026-05-09 12:15:40,524 -     -> Đã đạt cực trị toàn cục cho mọi cặp dưới ngưỡng. KẾT THÚC CHẶNG 4.
2026-05-09 12:15:40,524 - Hoàn thành trong 92.7s. Final Cost: 1073
2026-05-09 12:15:40,524 - ======================================================================
2026-05-09 12:15:40,524 - BÁO CÁO TỔNG KẾT (SUMMARY)
2026-05-09 12:15:40,524 - ======================================================================
2026-05-09 12:15:40,524 -   1. Chi phí Clarke-Wright:     1966
2026-05-09 12:15:40,524 -   2. Chi phí sau Gurobi MIP:    1073
2026-05-09 12:15:40,524 -   => TỔNG CẢI THIỆN:            893
2026-05-09 12:15:40,524 -   => Số lần Gurobi Single cải thiện  : 13 lần
2026-05-09 12:15:40,524 -   => Số lần Gurobi Pairwise cải thiện: 39 lần
2026-05-09 12:15:40,524 -   => TỔNG THỜI GIAN CHẠY:       92.706s
2026-05-09 12:15:40,529 - ======================================================================
2026-05-09 12:15:40,529 - GUROBI MIP SOLVER  |  FILE: P-n55-k8.vrp
2026-05-09 12:15:40,529 - ======================================================================
2026-05-09 12:15:40,534 - Thông tin dữ liệu: Dimension=55, K=8, Capacity=160
2026-05-09 12:15:40,534 - --- Step 1: Clarke-Wright Heuristic ---
2026-05-09 12:15:40,537 -   Kết quả CW: Cost = 759, Time = 0.002s
2026-05-09 12:15:40,537 - --- Step 2: Advanced Optimization (Gurobi MIP) ---
2026-05-09 12:15:40,537 - =========================================
2026-05-09 12:15:40,537 - BẮT ĐẦU OPTIMIZE  (100% Gurobi MIP)
2026-05-09 12:15:40,537 -  -> Max Single Size  : 20
2026-05-09 12:15:40,537 -  -> Single Timeout   : 40.0s
2026-05-09 12:15:40,537 -  -> Max Pairwise Size: 20
2026-05-09 12:15:40,537 -  -> Pairwise Timeout : 62.0s
2026-05-09 12:15:40,537 -  -> Global Timeout   : 1600.0s
2026-05-09 12:15:40,537 -  -> Chi phí khởi điểm: 759
2026-05-09 12:15:40,537 - =========================================
2026-05-09 12:15:40,537 - === BẮT ĐẦU CHẶNG 4: GUROBI MIP CHÍNH XÁC | Cost: 759 ===
2026-05-09 12:15:40,537 -   [GĐ 4.1] Giải bài toán TSP trên từng tuyến đơn...
2026-05-09 12:15:40,835 -     -> Single Gurobi cải thiện: 57. Cost mới: 702
2026-05-09 12:15:40,835 -   [GĐ 4.2] Xét từng cặp tuyến để phân bổ lại khách hàng...
2026-05-09 12:15:40,835 -   --- Pairwise Iter 1 (còn 1600s) ---
2026-05-09 12:15:48,069 -     [P4.2] Pair (5,6) giảm 11 -> BEST = 691
2026-05-09 12:15:48,175 -   --- Pairwise Iter 2 (còn 1592s) ---
2026-05-09 12:16:04,765 -     [P4.2] Pair (3,7) giảm 35 -> BEST = 656
2026-05-09 12:16:04,820 -   --- Pairwise Iter 3 (còn 1576s) ---
2026-05-09 12:16:18,147 -     [P4.2] Pair (0,1) giảm 18 -> BEST = 638
2026-05-09 12:16:18,252 -   --- Pairwise Iter 4 (còn 1562s) ---
2026-05-09 12:16:37,988 -     [P4.2] Pair (0,7) giảm 1 -> BEST = 637
2026-05-09 12:16:38,113 -   --- Pairwise Iter 5 (còn 1542s) ---
2026-05-09 12:17:05,123 -     [P4.2] Pair (1,2) giảm 8 -> BEST = 629
2026-05-09 12:17:05,148 -   --- Pairwise Iter 6 (còn 1515s) ---
2026-05-09 12:17:39,222 -     [P4.2] Pair (1,4) giảm 6 -> BEST = 623
2026-05-09 12:17:39,297 -   --- Pairwise Iter 7 (còn 1481s) ---
2026-05-09 12:18:09,419 -     [P4.2] Pair (2,4) giảm 3 -> BEST = 620
2026-05-09 12:18:09,463 -   --- Pairwise Iter 8 (còn 1451s) ---
2026-05-09 12:18:35,223 -     [P4.2] Pair (1,2) giảm 9 -> BEST = 611
2026-05-09 12:18:35,268 -   --- Pairwise Iter 9 (còn 1425s) ---
2026-05-09 12:19:34,217 -     -> Đã đạt cực trị toàn cục cho mọi cặp dưới ngưỡng. KẾT THÚC CHẶNG 4.
2026-05-09 12:19:34,218 - Hoàn thành trong 233.7s. Final Cost: 611
2026-05-09 12:19:34,218 - ======================================================================
2026-05-09 12:19:34,218 - BÁO CÁO TỔNG KẾT (SUMMARY)
2026-05-09 12:19:34,218 - ======================================================================
2026-05-09 12:19:34,218 -   1. Chi phí Clarke-Wright:     759
2026-05-09 12:19:34,218 -   2. Chi phí sau Gurobi MIP:    611
2026-05-09 12:19:34,218 -   => TỔNG CẢI THIỆN:            148
2026-05-09 12:19:34,218 -   => Số lần Gurobi Single cải thiện  : 6 lần
2026-05-09 12:19:34,218 -   => Số lần Gurobi Pairwise cải thiện: 8 lần
2026-05-09 12:19:34,218 -   => TỔNG THỜI GIAN CHẠY:       233.683s
2026-05-09 12:19:34,222 - ======================================================================
2026-05-09 12:19:34,222 - GUROBI MIP SOLVER  |  FILE: P-n55-k10.vrp
2026-05-09 12:19:34,223 - ======================================================================
2026-05-09 12:19:34,228 - Thông tin dữ liệu: Dimension=55, K=10, Capacity=115
2026-05-09 12:19:34,228 - --- Step 1: Clarke-Wright Heuristic ---
2026-05-09 12:19:34,230 -   Kết quả CW: Cost = 919, Time = 0.002s
2026-05-09 12:19:34,230 - --- Step 2: Advanced Optimization (Gurobi MIP) ---
2026-05-09 12:19:34,230 - =========================================
2026-05-09 12:19:34,230 - BẮT ĐẦU OPTIMIZE  (100% Gurobi MIP)
2026-05-09 12:19:34,230 -  -> Max Single Size  : 20
2026-05-09 12:19:34,230 -  -> Single Timeout   : 40.0s
2026-05-09 12:19:34,230 -  -> Max Pairwise Size: 16
2026-05-09 12:19:34,230 -  -> Pairwise Timeout : 50.0s
2026-05-09 12:19:34,230 -  -> Global Timeout   : 1600.0s
2026-05-09 12:19:34,230 -  -> Chi phí khởi điểm: 919
2026-05-09 12:19:34,230 - =========================================
2026-05-09 12:19:34,230 - === BẮT ĐẦU CHẶNG 4: GUROBI MIP CHÍNH XÁC | Cost: 919 ===
2026-05-09 12:19:34,230 -   [GĐ 4.1] Giải bài toán TSP trên từng tuyến đơn...
2026-05-09 12:19:34,465 -     -> Single Gurobi cải thiện: 41. Cost mới: 878
2026-05-09 12:19:34,465 -   [GĐ 4.2] Xét từng cặp tuyến để phân bổ lại khách hàng...
2026-05-09 12:19:34,465 -   --- Pairwise Iter 1 (còn 1600s) ---
2026-05-09 12:19:35,208 -     [P4.2] Pair (4,6) giảm 17 -> BEST = 861
2026-05-09 12:19:35,284 -   --- Pairwise Iter 2 (còn 1599s) ---
2026-05-09 12:19:36,402 -     [P4.2] Pair (2,6) giảm 25 -> BEST = 836
2026-05-09 12:19:36,436 -   --- Pairwise Iter 3 (còn 1598s) ---
2026-05-09 12:19:41,623 -     [P4.2] Pair (5,8) giảm 5 -> BEST = 831
2026-05-09 12:19:41,701 -   --- Pairwise Iter 4 (còn 1593s) ---
2026-05-09 12:19:47,828 -     [P4.2] Pair (1,3) giảm 12 -> BEST = 819
2026-05-09 12:19:47,852 -   --- Pairwise Iter 5 (còn 1586s) ---
2026-05-09 12:20:22,283 -     [P4.2] Pair (3,4) giảm 18 -> BEST = 801
2026-05-09 12:20:22,369 -   --- Pairwise Iter 6 (còn 1552s) ---
2026-05-09 12:20:54,060 -     [P4.2] Pair (0,9) giảm 41 -> BEST = 760
2026-05-09 12:20:54,084 -   --- Pairwise Iter 7 (còn 1520s) ---
2026-05-09 12:21:26,204 -     [P4.2] Pair (1,3) giảm 8 -> BEST = 752
2026-05-09 12:21:26,228 -   --- Pairwise Iter 8 (còn 1488s) ---
2026-05-09 12:21:41,134 -     [P4.2] Pair (3,4) giảm 1 -> BEST = 751
2026-05-09 12:21:41,209 -   --- Pairwise Iter 9 (còn 1473s) ---
2026-05-09 12:21:59,872 -     [P4.2] Pair (7,8) giảm 9 -> BEST = 742
2026-05-09 12:21:59,936 -   --- Pairwise Iter 10 (còn 1454s) ---
2026-05-09 12:22:01,074 -     [P4.2] Pair (5,8) giảm 2 -> BEST = 740
2026-05-09 12:22:01,099 -   --- Pairwise Iter 11 (còn 1453s) ---
2026-05-09 12:22:33,590 -     [P4.2] Pair (6,9) giảm 5 -> BEST = 735
2026-05-09 12:22:33,624 -   --- Pairwise Iter 12 (còn 1421s) ---
2026-05-09 12:22:50,024 -     [P4.2] Pair (1,6) giảm 15 -> BEST = 720
2026-05-09 12:22:50,049 -   --- Pairwise Iter 13 (còn 1404s) ---
2026-05-09 12:22:50,538 -     [P4.2] Pair (3,6) giảm 6 -> BEST = 714
2026-05-09 12:22:50,582 -   --- Pairwise Iter 14 (còn 1404s) ---
2026-05-09 12:23:02,454 -     [P4.2] Pair (3,4) giảm 6 -> BEST = 708
2026-05-09 12:23:02,498 -   --- Pairwise Iter 15 (còn 1392s) ---
