2026-05-06 19:16:17,848 - === BẮT ĐẦU BENCHMARK OLD SOTA (FERREIRA) - CHẾ ĐỘ RESUME | TẬP X ===
2026-05-06 19:16:17,848 - Đã tìm thấy 6 instance hoàn thành trong /home/thanhhuy/Documents/PedroCLone/CVRP/CVRP_AdvancedCW/old_solution/results/benchmark_X_ferreira.csv. Sẽ tiến hành bỏ qua.
2026-05-06 19:16:17,848 - ------------------------------------------------------------
2026-05-06 19:16:17,848 - ⏩ BỎ QUA: X-n1001-k43 (Đã tồn tại trong file CSV)
2026-05-06 19:16:17,848 - ------------------------------------------------------------
2026-05-06 19:16:17,848 - ⏩ BỎ QUA: X-n106-k14 (Đã tồn tại trong file CSV)
2026-05-06 19:16:17,848 - ------------------------------------------------------------
2026-05-06 19:16:17,848 - ⏩ BỎ QUA: X-n110-k13 (Đã tồn tại trong file CSV)
2026-05-06 19:16:17,848 - ------------------------------------------------------------
2026-05-06 19:16:17,848 - ⏩ BỎ QUA: X-n115-k10 (Đã tồn tại trong file CSV)
2026-05-06 19:16:17,848 - ------------------------------------------------------------
2026-05-06 19:16:17,849 - ⏩ BỎ QUA: X-n120-k6 (Đã tồn tại trong file CSV)
2026-05-06 19:16:17,849 - ------------------------------------------------------------
2026-05-06 19:16:17,849 - ⏩ BỎ QUA: X-n125-k30 (Đã tồn tại trong file CSV)
2026-05-06 19:16:17,849 - ------------------------------------------------------------
2026-05-06 19:16:17,849 - Đang xử lý: X-n129-k18 (N=129, K=18) | BKS: 28940.0 | Neighbors: 9
2026-05-06 19:16:17,893 -   ❌ [LỖI] Cannot reduce the number of routes - Trạng thái: CW_UNSAT
2026-05-06 19:16:17,894 - ------------------------------------------------------------
2026-05-06 19:16:17,894 - Đang xử lý: X-n134-k13 (N=134, K=13) | BKS: 10916.0 | Neighbors: 9
2026-05-06 19:16:17,957 -   ❌ [LỖI] Cannot reduce the number of routes - Trạng thái: CW_UNSAT
2026-05-06 19:16:17,964 - ------------------------------------------------------------
2026-05-06 19:16:17,965 - Đang xử lý: X-n139-k10 (N=139, K=10) | BKS: 13590.0 | Neighbors: 9
2026-05-06 19:36:24,169 -   [Kết quả] Cost = 30931.00 | Gap = 127.60% | Time: 1206.2s | Trạng thái: TIMEOUT_WITH_SOL
2026-05-06 19:36:24,174 - ------------------------------------------------------------
2026-05-06 19:36:24,174 - Đang xử lý: X-n143-k7 (N=143, K=7) | BKS: 15700.0 | Neighbors: 9
2026-05-06 19:56:29,302 -   [Kết quả] Cost = 29187.00 | Gap = 85.90% | Time: 1205.1s | Trạng thái: TIMEOUT_WITH_SOL
2026-05-06 19:56:29,306 - ------------------------------------------------------------
2026-05-06 19:56:29,306 - Đang xử lý: X-n148-k46 (N=148, K=46) | BKS: 43448.0 | Neighbors: 9
2026-05-06 19:56:29,362 -   ❌ [LỖI] Cannot reduce the number of routes - Trạng thái: CW_UNSAT
2026-05-06 19:56:29,364 - ------------------------------------------------------------
2026-05-06 19:56:29,364 - Đang xử lý: X-n153-k22 (N=153, K=22) | BKS: 21220.0 | Neighbors: 9
2026-05-06 19:56:29,414 -   ❌ [LỖI] Cannot reduce the number of routes - Trạng thái: CW_UNSAT
2026-05-06 19:56:29,425 - ------------------------------------------------------------
2026-05-06 19:56:29,425 - Đang xử lý: X-n157-k13 (N=157, K=13) | BKS: 16876.0 | Neighbors: 9
2026-05-06 20:16:39,499 -   [Kết quả] Cost = 28291.00 | Gap = 67.64% | Time: 1210.1s | Trạng thái: TIMEOUT_WITH_SOL
2026-05-06 20:16:39,504 - ------------------------------------------------------------
2026-05-06 20:16:39,504 - Đang xử lý: X-n162-k11 (N=162, K=11) | BKS: 14138.0 | Neighbors: 9
2026-05-06 20:36:48,319 -   [Kết quả] Cost = 32521.00 | Gap = 130.03% | Time: 1208.8s | Trạng thái: TIMEOUT_WITH_SOL
2026-05-06 20:36:48,324 - ------------------------------------------------------------
2026-05-06 20:36:48,324 - Đang xử lý: X-n167-k10 (N=167, K=10) | BKS: 20557.0 | Neighbors: 9
2026-05-06 20:56:56,914 -   [Kết quả] Cost = 36442.00 | Gap = 77.27% | Time: 1208.6s | Trạng thái: TIMEOUT_WITH_SOL
2026-05-06 20:56:56,919 - ------------------------------------------------------------
2026-05-06 20:56:56,919 - Đang xử lý: X-n172-k51 (N=172, K=51) | BKS: 45607.0 | Neighbors: 9
2026-05-06 20:56:56,986 -   ❌ [LỖI] Cannot reduce the number of routes - Trạng thái: CW_UNSAT
2026-05-06 20:56:56,992 - ------------------------------------------------------------
2026-05-06 20:56:56,992 - Đang xử lý: X-n176-k26 (N=176, K=26) | BKS: 47812.0 | Neighbors: 9
2026-05-06 20:56:57,081 -   ❌ [LỖI] Cannot reduce the number of routes - Trạng thái: CW_UNSAT
2026-05-06 20:56:57,087 - ------------------------------------------------------------
2026-05-06 20:56:57,087 - Đang xử lý: X-n181-k23 (N=181, K=23) | BKS: 25569.0 | Neighbors: 9
2026-05-06 21:17:20,171 -   [Kết quả] Cost = 40903.00 | Gap = 59.97% | Time: 1223.1s | Trạng thái: TIMEOUT_WITH_SOL
2026-05-06 21:17:20,176 - ------------------------------------------------------------
2026-05-06 21:17:20,176 - Đang xử lý: X-n186-k15 (N=186, K=15) | BKS: 24145.0 | Neighbors: 9
2026-05-06 21:37:36,187 -   [Kết quả] Cost = 0.00 | Gap = -100.00% | Time: 1216.0s | Trạng thái: TIMEOUT_WITH_SOL
2026-05-06 21:37:36,192 - ------------------------------------------------------------
2026-05-06 21:37:36,192 - Đang xử lý: X-n190-k8 (N=190, K=8) | BKS: 16980.0 | Neighbors: 9
2026-05-06 21:57:45,126 -   [Kết quả] Cost = 0.00 | Gap = -100.00% | Time: 1208.9s | Trạng thái: TIMEOUT_WITH_SOL
2026-05-06 21:57:45,131 - ------------------------------------------------------------
2026-05-06 21:57:45,131 - Đang xử lý: X-n195-k51 (N=195, K=51) | BKS: 44225.0 | Neighbors: 9
2026-05-06 21:57:45,217 -   ❌ [LỖI] Cannot reduce the number of routes - Trạng thái: CW_UNSAT
2026-05-06 21:57:45,223 - ------------------------------------------------------------
2026-05-06 21:57:45,223 - Đang xử lý: X-n200-k36 (N=200, K=36) | BKS: 58578.0 | Neighbors: 9
2026-05-06 21:57:45,314 -   ❌ [LỖI] Cannot reduce the number of routes - Trạng thái: CW_UNSAT
2026-05-06 21:57:45,320 - ------------------------------------------------------------
2026-05-06 21:57:45,320 - Đang xử lý: X-n204-k19 (N=204, K=19) | BKS: 19565.0 | Neighbors: 9
2026-05-06 22:18:09,287 -   [Kết quả] Cost = 0.00 | Gap = -100.00% | Time: 1224.0s | Trạng thái: TIMEOUT_WITH_SOL
2026-05-06 22:18:09,292 - ------------------------------------------------------------
2026-05-06 22:18:09,292 - Đang xử lý: X-n209-k16 (N=209, K=16) | BKS: 30656.0 | Neighbors: 9
2026-05-06 22:38:30,905 -   [Kết quả] Cost = 0.00 | Gap = -100.00% | Time: 1221.6s | Trạng thái: TIMEOUT_WITH_SOL
2026-05-06 22:38:30,910 - ------------------------------------------------------------
2026-05-06 22:38:30,911 - Đang xử lý: X-n214-k11 (N=214, K=11) | BKS: 10856.0 | Neighbors: 9
2026-05-06 22:38:31,015 -   ❌ [LỖI] Cannot reduce the number of routes - Trạng thái: CW_UNSAT
2026-05-06 22:38:31,021 - ------------------------------------------------------------
2026-05-06 22:38:31,021 - Đang xử lý: X-n219-k73 (N=219, K=73) | BKS: 117595.0 | Neighbors: 9
2026-05-06 23:00:27,978 -   [Kết quả] Cost = 0.00 | Gap = -100.00% | Time: 1317.0s | Trạng thái: TIMEOUT_WITH_SOL
2026-05-06 23:00:27,991 - ------------------------------------------------------------
2026-05-06 23:00:27,991 - Đang xử lý: X-n223-k34 (N=223, K=34) | BKS: 40437.0 | Neighbors: 9
2026-05-06 23:00:28,099 -   ❌ [LỖI] Cannot reduce the number of routes - Trạng thái: CW_UNSAT
2026-05-06 23:00:28,105 - ------------------------------------------------------------
2026-05-06 23:00:28,106 - Đang xử lý: X-n228-k23 (N=228, K=23) | BKS: 25742.0 | Neighbors: 9
2026-05-06 23:00:28,220 -   ❌ [LỖI] Cannot reduce the number of routes - Trạng thái: CW_UNSAT
2026-05-06 23:00:28,226 - ------------------------------------------------------------
2026-05-06 23:00:28,226 - Đang xử lý: X-n233-k16 (N=233, K=16) | BKS: 19230.0 | Neighbors: 9
2026-05-06 23:00:28,349 -   ❌ [LỖI] Cannot reduce the number of routes - Trạng thái: CW_UNSAT
2026-05-06 23:00:28,356 - ------------------------------------------------------------
2026-05-06 23:00:28,356 - Đang xử lý: X-n237-k14 (N=237, K=14) | BKS: 27042.0 | Neighbors: 9
2026-05-06 23:20:52,753 -   [Kết quả] Cost = 0.00 | Gap = -100.00% | Time: 1224.4s | Trạng thái: TIMEOUT_WITH_SOL
2026-05-06 23:20:52,758 - ------------------------------------------------------------
2026-05-06 23:20:52,758 - Đang xử lý: X-n242-k48 (N=242, K=48) | BKS: 82751.0 | Neighbors: 9
2026-05-06 23:20:52,897 -   ❌ [LỖI] Cannot reduce the number of routes - Trạng thái: CW_UNSAT
2026-05-06 23:20:52,904 - ------------------------------------------------------------
2026-05-06 23:20:52,904 - Đang xử lý: X-n247-k50 (N=247, K=50) | BKS: 37274.0 | Neighbors: 9
2026-05-06 23:20:53,047 -   ❌ [LỖI] Cannot reduce the number of routes - Trạng thái: CW_UNSAT
2026-05-06 23:20:53,054 - ------------------------------------------------------------
2026-05-06 23:20:53,054 - Đang xử lý: X-n251-k28 (N=251, K=28) | BKS: 38684.0 | Neighbors: 9
2026-05-06 23:20:53,193 -   ❌ [LỖI] Cannot reduce the number of routes - Trạng thái: CW_UNSAT
2026-05-06 23:20:53,200 - ------------------------------------------------------------
2026-05-06 23:20:53,200 - Đang xử lý: X-n256-k16 (N=256, K=16) | BKS: 18839.0 | Neighbors: 9
2026-05-06 23:20:53,344 -   ❌ [LỖI] Cannot reduce the number of routes - Trạng thái: CW_UNSAT
2026-05-06 23:20:53,351 - ------------------------------------------------------------
2026-05-06 23:20:53,351 - Đang xử lý: X-n261-k13 (N=261, K=13) | BKS: 26558.0 | Neighbors: 9
2026-05-06 23:41:23,770 -   [Kết quả] Cost = 0.00 | Gap = -100.00% | Time: 1230.4s | Trạng thái: TIMEOUT_WITH_SOL
2026-05-06 23:41:23,775 - ------------------------------------------------------------
2026-05-06 23:41:23,775 - Đang xử lý: X-n266-k58 (N=266, K=58) | BKS: 75478.0 | Neighbors: 9
2026-05-06 23:41:23,957 -   ❌ [LỖI] Cannot reduce the number of routes - Trạng thái: CW_UNSAT
2026-05-06 23:41:23,965 - ------------------------------------------------------------
2026-05-06 23:41:23,965 - Đang xử lý: X-n270-k35 (N=270, K=35) | BKS: 35291.0 | Neighbors: 9
2026-05-06 23:41:24,198 -   ❌ [LỖI] Cannot reduce the number of routes - Trạng thái: CW_UNSAT
2026-05-06 23:41:24,207 - ------------------------------------------------------------
2026-05-06 23:41:24,208 - Đang xử lý: X-n275-k28 (N=275, K=28) | BKS: 21245.0 | Neighbors: 9
2026-05-07 00:02:50,600 -   [Kết quả] Cost = 0.00 | Gap = -100.00% | Time: 1286.4s | Trạng thái: TIMEOUT_WITH_SOL
2026-05-07 00:02:50,605 - ------------------------------------------------------------
2026-05-07 00:02:50,606 - Đang xử lý: X-n280-k17 (N=280, K=17) | BKS: 33503.0 | Neighbors: 9
2026-05-07 00:02:50,774 -   ❌ [LỖI] Cannot reduce the number of routes - Trạng thái: CW_UNSAT
2026-05-07 00:02:50,782 - ------------------------------------------------------------
2026-05-07 00:02:50,782 - Đang xử lý: X-n284-k15 (N=284, K=15) | BKS: 20226.0 | Neighbors: 9
2026-05-07 00:23:30,185 -   [Kết quả] Cost = 0.00 | Gap = -100.00% | Time: 1239.4s | Trạng thái: TIMEOUT_WITH_SOL
2026-05-07 00:23:30,190 - ------------------------------------------------------------
2026-05-07 00:23:30,190 - Đang xử lý: X-n289-k60 (N=289, K=60) | BKS: 95151.0 | Neighbors: 9
2026-05-07 00:23:30,390 -   ❌ [LỖI] Cannot reduce the number of routes - Trạng thái: CW_UNSAT
2026-05-07 00:23:30,400 - ------------------------------------------------------------
2026-05-07 00:23:30,400 - Đang xử lý: X-n294-k50 (N=294, K=50) | BKS: 47161.0 | Neighbors: 9
2026-05-07 00:23:30,594 -   ❌ [LỖI] Cannot reduce the number of routes - Trạng thái: CW_UNSAT
2026-05-07 00:23:30,603 - ------------------------------------------------------------
2026-05-07 00:23:30,604 - Đang xử lý: X-n298-k31 (N=298, K=31) | BKS: 34231.0 | Neighbors: 9
2026-05-07 00:23:30,798 -   ❌ [LỖI] Cannot reduce the number of routes - Trạng thái: CW_UNSAT
2026-05-07 00:23:30,807 - ------------------------------------------------------------
2026-05-07 00:23:30,808 - Đang xử lý: X-n303-k21 (N=303, K=21) | BKS: 21736.0 | Neighbors: 9
2026-05-07 00:23:31,009 -   ❌ [LỖI] Cannot reduce the number of routes - Trạng thái: CW_UNSAT
2026-05-07 00:23:31,018 - ------------------------------------------------------------
2026-05-07 00:23:31,018 - Đang xử lý: X-n308-k13 (N=308, K=13) | BKS: 25859.0 | Neighbors: 9
2026-05-07 00:23:31,236 -   ❌ [LỖI] Cannot reduce the number of routes - Trạng thái: CW_UNSAT
2026-05-07 00:23:31,246 - ------------------------------------------------------------
2026-05-07 00:23:31,246 - Đang xử lý: X-n313-k71 (N=313, K=71) | BKS: 94043.0 | Neighbors: 9
2026-05-07 00:23:31,485 -   ❌ [LỖI] Cannot reduce the number of routes - Trạng thái: CW_UNSAT
2026-05-07 00:23:31,495 - ------------------------------------------------------------
2026-05-07 00:23:31,495 - Đang xử lý: X-n317-k53 (N=317, K=53) | BKS: 78355.0 | Neighbors: 9
2026-05-07 00:47:32,269 -   [Kết quả] Cost = 0.00 | Gap = -100.00% | Time: 1440.8s | Trạng thái: TIMEOUT_WITH_SOL
2026-05-07 00:47:32,334 - ------------------------------------------------------------
2026-05-07 00:47:32,334 - Đang xử lý: X-n322-k28 (N=322, K=28) | BKS: 29834.0 | Neighbors: 9
2026-05-07 00:47:32,685 -   ❌ [LỖI] Cannot reduce the number of routes - Trạng thái: CW_UNSAT
2026-05-07 00:47:32,697 - ------------------------------------------------------------
2026-05-07 00:47:32,697 - Đang xử lý: X-n327-k20 (N=327, K=20) | BKS: 27532.0 | Neighbors: 9
