2026-05-05 19:39:50,526 - === BẮT ĐẦU BENCHMARK OLD SOTA (FERREIRA) | TẬP E ===
2026-05-05 19:39:50,527 - ------------------------------------------------------------
2026-05-05 19:39:50,527 - Đang xử lý: E-n101-k14 (N=101, K=14) | BKS: 1071.0 | Neighbors: 9
2026-05-05 19:59:54,641 -   [Kết quả] Cost = 1967.00 | Gap = 83.66% | Time: 1204.1s | Trạng thái: TIMEOUT_WITH_SOL
2026-05-05 19:59:54,641 -   [CSV] Nghiệm mới không tốt hơn (1967.0 >= 1967.0). Bỏ qua, cộng Runs.
2026-05-05 19:59:54,642 - ------------------------------------------------------------
2026-05-05 19:59:54,642 - Đang xử lý: E-n101-k8 (N=101, K=8) | BKS: 817.0 | Neighbors: 9
2026-05-05 20:19:57,031 -   [Kết quả] Cost = 1292.00 | Gap = 58.14% | Time: 1202.4s | Trạng thái: TIMEOUT_WITH_SOL
2026-05-05 20:19:57,032 -   [CSV] Nghiệm mới không tốt hơn (1292.0 >= 1292.0). Bỏ qua, cộng Runs.
2026-05-05 20:19:57,033 - ------------------------------------------------------------
2026-05-05 20:19:57,033 - Đang xử lý: E-n13-k4 (N=13, K=4) | BKS: 247.0 | Neighbors: 9
2026-05-05 20:19:57,157 -   [Kết quả] Cost = 319.00 | Gap = 29.15% | Time: 0.1s | Trạng thái: SUCCESS
2026-05-05 20:19:57,158 -   [CSV] Nghiệm mới không tốt hơn (319.0 >= 319.0). Bỏ qua, cộng Runs.
2026-05-05 20:19:57,158 - ------------------------------------------------------------
2026-05-05 20:19:57,158 - Đang xử lý: E-n22-k4 (N=22, K=4) | BKS: 375.0 | Neighbors: 9
2026-05-05 20:19:57,160 -   ❌ [LỖI] Cannot reduce the number of routes - Trạng thái: CW_UNSAT
2026-05-05 20:19:57,160 -   [CSV] Nghiệm mới không tốt hơn (inf >= inf). Bỏ qua, cộng Runs.
2026-05-05 20:19:57,162 - ------------------------------------------------------------
2026-05-05 20:19:57,162 - Đang xử lý: E-n23-k3 (N=23, K=3) | BKS: 569.0 | Neighbors: 9
2026-05-05 20:39:57,211 -   [Kết quả] Cost = 635.00 | Gap = 11.60% | Time: 1200.0s | Trạng thái: TIMEOUT_WITH_SOL
2026-05-05 20:39:57,211 -   [CSV] Cập nhật thành công! (635.0 < 730.0). Ghi đè dữ liệu!
2026-05-05 20:39:57,212 - ------------------------------------------------------------
2026-05-05 20:39:57,212 - Đang xử lý: E-n30-k3 (N=30, K=3) | BKS: 534.0 | Neighbors: 9
2026-05-05 20:59:57,285 -   [Kết quả] Cost = 730.00 | Gap = 36.70% | Time: 1200.1s | Trạng thái: TIMEOUT_WITH_SOL
2026-05-05 20:59:57,286 -   [CSV] Cập nhật thành công! (730.0 < 771.0). Ghi đè dữ liệu!
2026-05-05 20:59:57,286 - ------------------------------------------------------------
2026-05-05 20:59:57,286 - Đang xử lý: E-n31-k7 (N=31, K=7) | BKS: 379.0 | Neighbors: 9
2026-05-05 20:59:59,956 -   [Kết quả] Cost = 586.00 | Gap = 54.62% | Time: 2.7s | Trạng thái: SUCCESS
2026-05-05 20:59:59,957 -   [CSV] Nghiệm mới không tốt hơn (586.0 >= 0.0). Bỏ qua, cộng Runs.
2026-05-05 20:59:59,957 - ------------------------------------------------------------
2026-05-05 20:59:59,957 - Đang xử lý: E-n33-k4 (N=33, K=4) | BKS: 835.0 | Neighbors: 9
2026-05-05 20:59:59,960 -   ❌ [LỖI] Cannot reduce the number of routes - Trạng thái: CW_UNSAT
2026-05-05 20:59:59,960 -   [CSV] Nghiệm mới không tốt hơn (inf >= inf). Bỏ qua, cộng Runs.
2026-05-05 20:59:59,961 - ------------------------------------------------------------
2026-05-05 20:59:59,961 - Đang xử lý: E-n51-k5 (N=51, K=5) | BKS: 521.0 | Neighbors: 9
2026-05-05 20:59:59,968 -   ❌ [LỖI] Cannot reduce the number of routes - Trạng thái: CW_UNSAT
2026-05-05 20:59:59,968 -   [CSV] Nghiệm mới không tốt hơn (inf >= inf). Bỏ qua, cộng Runs.
2026-05-05 20:59:59,969 - ------------------------------------------------------------
2026-05-05 20:59:59,969 - Đang xử lý: E-n76-k10 (N=76, K=10) | BKS: 830.0 | Neighbors: 9
2026-05-05 20:59:59,985 -   ❌ [LỖI] Cannot reduce the number of routes - Trạng thái: CW_UNSAT
2026-05-05 20:59:59,986 -   [CSV] Nghiệm mới không tốt hơn (inf >= inf). Bỏ qua, cộng Runs.
2026-05-05 20:59:59,987 - ------------------------------------------------------------
2026-05-05 20:59:59,987 - Đang xử lý: E-n76-k14 (N=76, K=14) | BKS: 1021.0 | Neighbors: 9
2026-05-05 21:00:00,000 -   ❌ [LỖI] Cannot reduce the number of routes - Trạng thái: CW_UNSAT
2026-05-05 21:00:00,000 -   [CSV] Nghiệm mới không tốt hơn (inf >= inf). Bỏ qua, cộng Runs.
2026-05-05 21:00:00,000 - ------------------------------------------------------------
2026-05-05 21:00:00,000 - Đang xử lý: E-n76-k7 (N=76, K=7) | BKS: 682.0 | Neighbors: 9
2026-05-05 21:20:01,122 -   [Kết quả] Cost = 1150.00 | Gap = 68.62% | Time: 1201.1s | Trạng thái: TIMEOUT_WITH_SOL
2026-05-05 21:20:01,127 - ------------------------------------------------------------
2026-05-05 21:20:01,127 - Đang xử lý: E-n76-k8 (N=76, K=8) | BKS: 735.0 | Neighbors: 9
2026-05-05 21:20:01,140 -   ❌ [LỖI] Cannot reduce the number of routes - Trạng thái: CW_UNSAT
