2026-05-10 20:05:53,858 - === BẮT ĐẦU BENCHMARK OLD SOTA (FERREIRA) | TẬP A ===
2026-05-10 20:05:53,859 - ------------------------------------------------------------
2026-05-10 20:05:53,859 - Đang xử lý: A-n32-k5 (N=32, K=5) | BKS: 784.0 | Neighbors: 9
2026-05-10 20:08:28,447 -   [Kết quả] Cost = 1267.00 | Gap = 61.61% | Time: 154.6s | Trạng thái: SUCCESS
2026-05-10 20:08:28,452 -   [CSV] Nghiệm mới không tốt hơn (1267.0 >= 1267.0). Bỏ qua, cộng Runs.
2026-05-10 20:08:28,453 - ------------------------------------------------------------
2026-05-10 20:08:28,453 - Đang xử lý: A-n33-k5 (N=33, K=5) | BKS: 661.0 | Neighbors: 9
2026-05-10 20:13:57,950 -   [Kết quả] Cost = 978.00 | Gap = 47.96% | Time: 329.5s | Trạng thái: SUCCESS
2026-05-10 20:13:57,951 -   [CSV] Nghiệm mới không tốt hơn (978.0 >= 978.0). Bỏ qua, cộng Runs.
2026-05-10 20:13:57,955 - ------------------------------------------------------------
2026-05-10 20:13:57,955 - Đang xử lý: A-n33-k6 (N=33, K=6) | BKS: 742.0 | Neighbors: 9
2026-05-10 20:33:56,138 -   [Kết quả] Cost = 907.00 | Gap = 22.24% | Time: 1198.2s | Trạng thái: TIMEOUT_WITH_SOL
2026-05-10 20:33:56,143 - ------------------------------------------------------------
2026-05-10 20:33:56,143 - Đang xử lý: A-n34-k5 (N=34, K=5) | BKS: 778.0 | Neighbors: 9
2026-05-10 20:53:54,317 -   [Kết quả] Cost = 962.00 | Gap = 23.65% | Time: 1198.2s | Trạng thái: TIMEOUT_WITH_SOL
2026-05-10 20:53:54,322 - ------------------------------------------------------------
2026-05-10 20:53:54,322 - Đang xử lý: A-n36-k5 (N=36, K=5) | BKS: 799.0 | Neighbors: 9
2026-05-10 20:54:48,444 -   [Kết quả] Cost = 1115.00 | Gap = 39.55% | Time: 54.1s | Trạng thái: SUCCESS
2026-05-10 20:54:48,444 -   [CSV] Nghiệm mới không tốt hơn (1115.0 >= 1115.0). Bỏ qua, cộng Runs.
2026-05-10 20:54:48,448 - ------------------------------------------------------------
2026-05-10 20:54:48,449 - Đang xử lý: A-n37-k5 (N=37, K=5) | BKS: 669.0 | Neighbors: 9
2026-05-10 21:14:46,661 -   [Kết quả] Cost = 1014.00 | Gap = 51.57% | Time: 1198.2s | Trạng thái: TIMEOUT_WITH_SOL
2026-05-10 21:14:46,666 - ------------------------------------------------------------
2026-05-10 21:14:46,666 - Đang xử lý: A-n37-k6 (N=37, K=6) | BKS: 949.0 | Neighbors: 9
2026-05-10 21:14:46,678 -   ❌ [LỖI] Cannot reduce the number of routes - Trạng thái: CW_UNSAT
2026-05-10 21:14:46,678 -   [CSV] Nghiệm mới không tốt hơn (inf >= inf). Bỏ qua, cộng Runs.
2026-05-10 21:14:46,679 - ------------------------------------------------------------
2026-05-10 21:14:46,679 - Đang xử lý: A-n38-k5 (N=38, K=5) | BKS: 730.0 | Neighbors: 9
2026-05-10 21:14:46,683 -   ❌ [LỖI] Cannot reduce the number of routes - Trạng thái: CW_UNSAT
2026-05-10 21:14:46,683 -   [CSV] Nghiệm mới không tốt hơn (inf >= inf). Bỏ qua, cộng Runs.
2026-05-10 21:14:46,684 - ------------------------------------------------------------
2026-05-10 21:14:46,684 - Đang xử lý: A-n39-k5 (N=39, K=5) | BKS: 822.0 | Neighbors: 9
2026-05-10 21:34:44,894 -   [Kết quả] Cost = 1097.00 | Gap = 33.45% | Time: 1198.2s | Trạng thái: TIMEOUT_WITH_SOL
2026-05-10 21:34:44,895 -   [CSV] Cập nhật thành công! (1097.0 < 30000.0). Ghi đè dữ liệu!
2026-05-10 21:34:44,899 - ------------------------------------------------------------
2026-05-10 21:34:44,899 - Đang xử lý: A-n39-k6 (N=39, K=6) | BKS: 831.0 | Neighbors: 9
2026-05-10 21:54:43,147 -   [Kết quả] Cost = 1048.00 | Gap = 26.11% | Time: 1198.2s | Trạng thái: TIMEOUT_WITH_SOL
2026-05-10 21:54:43,151 - ------------------------------------------------------------
2026-05-10 21:54:43,151 - Đang xử lý: A-n44-k6 (N=44, K=6) | BKS: 937.0 | Neighbors: 9
2026-05-10 21:54:43,156 -   ❌ [LỖI] Cannot reduce the number of routes - Trạng thái: CW_UNSAT
2026-05-10 21:54:43,157 -   [CSV] Nghiệm mới không tốt hơn (inf >= inf). Bỏ qua, cộng Runs.
2026-05-10 21:54:43,157 - ------------------------------------------------------------
2026-05-10 21:54:43,158 - Đang xử lý: A-n45-k6 (N=45, K=6) | BKS: 944.0 | Neighbors: 9
2026-05-10 21:54:43,163 -   ❌ [LỖI] Cannot reduce the number of routes - Trạng thái: CW_UNSAT
2026-05-10 21:54:43,163 -   [CSV] Nghiệm mới không tốt hơn (inf >= inf). Bỏ qua, cộng Runs.
2026-05-10 21:54:43,164 - ------------------------------------------------------------
2026-05-10 21:54:43,164 - Đang xử lý: A-n45-k7 (N=45, K=7) | BKS: 1146.0 | Neighbors: 9
2026-05-10 22:12:11,225 -   [Kết quả] Cost = 1515.00 | Gap = 32.20% | Time: 1048.1s | Trạng thái: SUCCESS
2026-05-10 22:12:11,226 -   [CSV] Nghiệm mới không tốt hơn (1515.0 >= 1515.0). Bỏ qua, cộng Runs.
2026-05-10 22:12:11,230 - ------------------------------------------------------------
2026-05-10 22:12:11,230 - Đang xử lý: A-n46-k7 (N=46, K=7) | BKS: 914.0 | Neighbors: 9
2026-05-10 22:22:15,112 -   [Kết quả] Cost = 1426.00 | Gap = 56.02% | Time: 603.9s | Trạng thái: SUCCESS
2026-05-10 22:22:15,113 -   [CSV] Nghiệm mới không tốt hơn (1426.0 >= 1426.0). Bỏ qua, cộng Runs.
2026-05-10 22:22:15,117 - ------------------------------------------------------------
2026-05-10 22:22:15,117 - Đang xử lý: A-n48-k7 (N=48, K=7) | BKS: 1073.0 | Neighbors: 9
2026-05-10 22:42:13,568 -   [Kết quả] Cost = 1587.00 | Gap = 47.90% | Time: 1198.5s | Trạng thái: TIMEOUT_WITH_SOL
2026-05-10 22:42:13,572 - ------------------------------------------------------------
2026-05-10 22:42:13,572 - Đang xử lý: A-n53-k7 (N=53, K=7) | BKS: 1010.0 | Neighbors: 9
2026-05-10 22:42:13,583 -   ❌ [LỖI] Cannot reduce the number of routes - Trạng thái: CW_UNSAT
2026-05-10 22:42:13,583 -   [CSV] Nghiệm mới không tốt hơn (inf >= inf). Bỏ qua, cộng Runs.
2026-05-10 22:42:13,585 - ------------------------------------------------------------
2026-05-10 22:42:13,585 - Đang xử lý: A-n54-k7 (N=54, K=7) | BKS: 1167.0 | Neighbors: 9
2026-05-10 22:42:13,592 -   ❌ [LỖI] Cannot reduce the number of routes - Trạng thái: CW_UNSAT
2026-05-10 22:42:13,593 -   [CSV] Nghiệm mới không tốt hơn (inf >= inf). Bỏ qua, cộng Runs.
2026-05-10 22:42:13,594 - ------------------------------------------------------------
2026-05-10 22:42:13,594 - Đang xử lý: A-n55-k9 (N=55, K=9) | BKS: 1073.0 | Neighbors: 9
2026-05-10 22:53:13,697 -   [Kết quả] Cost = 1679.00 | Gap = 56.48% | Time: 660.1s | Trạng thái: SUCCESS
2026-05-10 22:53:13,698 -   [CSV] Nghiệm mới không tốt hơn (1679.0 >= 1679.0). Bỏ qua, cộng Runs.
2026-05-10 22:53:13,702 - ------------------------------------------------------------
2026-05-10 22:53:13,702 - Đang xử lý: A-n60-k9 (N=60, K=9) | BKS: 1354.0 | Neighbors: 9
2026-05-10 23:13:12,602 -   [Kết quả] Cost = 2059.00 | Gap = 52.07% | Time: 1198.9s | Trạng thái: TIMEOUT_WITH_SOL
2026-05-10 23:13:12,607 - ------------------------------------------------------------
2026-05-10 23:13:12,607 - Đang xử lý: A-n61-k9 (N=61, K=9) | BKS: 1034.0 | Neighbors: 9
2026-05-10 23:13:12,619 -   ❌ [LỖI] Cannot reduce the number of routes - Trạng thái: CW_UNSAT
2026-05-10 23:13:12,620 -   [CSV] Nghiệm mới không tốt hơn (inf >= inf). Bỏ qua, cộng Runs.
2026-05-10 23:13:12,621 - ------------------------------------------------------------
2026-05-10 23:13:12,621 - Đang xử lý: A-n62-k8 (N=62, K=8) | BKS: 1288.0 | Neighbors: 9
2026-05-10 23:13:12,631 -   ❌ [LỖI] Cannot reduce the number of routes - Trạng thái: CW_UNSAT
2026-05-10 23:13:12,631 -   [CSV] Nghiệm mới không tốt hơn (inf >= inf). Bỏ qua, cộng Runs.
2026-05-10 23:13:12,632 - ------------------------------------------------------------
2026-05-10 23:13:12,632 - Đang xử lý: A-n63-k10 (N=63, K=10) | BKS: 1314.0 | Neighbors: 9
2026-05-10 23:13:12,641 -   ❌ [LỖI] Cannot reduce the number of routes - Trạng thái: CW_UNSAT
2026-05-10 23:13:12,642 -   [CSV] Nghiệm mới không tốt hơn (inf >= inf). Bỏ qua, cộng Runs.
2026-05-10 23:13:12,642 - ------------------------------------------------------------
2026-05-10 23:13:12,643 - Đang xử lý: A-n63-k9 (N=63, K=9) | BKS: 1616.0 | Neighbors: 9
2026-05-10 23:13:12,653 -   ❌ [LỖI] Cannot reduce the number of routes - Trạng thái: CW_UNSAT
2026-05-10 23:13:12,653 -   [CSV] Nghiệm mới không tốt hơn (inf >= inf). Bỏ qua, cộng Runs.
2026-05-10 23:13:12,654 - ------------------------------------------------------------
2026-05-10 23:13:12,654 - Đang xử lý: A-n64-k9 (N=64, K=9) | BKS: 1401.0 | Neighbors: 9
2026-05-10 23:33:11,721 -   [Kết quả] Cost = 1935.00 | Gap = 38.12% | Time: 1199.1s | Trạng thái: TIMEOUT_WITH_SOL
2026-05-10 23:33:11,726 - ------------------------------------------------------------
2026-05-10 23:33:11,726 - Đang xử lý: A-n65-k9 (N=65, K=9) | BKS: 1174.0 | Neighbors: 9
2026-05-10 23:33:11,737 -   ❌ [LỖI] Cannot reduce the number of routes - Trạng thái: CW_UNSAT
2026-05-10 23:33:11,738 -   [CSV] Nghiệm mới không tốt hơn (inf >= inf). Bỏ qua, cộng Runs.
2026-05-10 23:33:11,739 - ------------------------------------------------------------
2026-05-10 23:33:11,739 - Đang xử lý: A-n69-k9 (N=69, K=9) | BKS: 1159.0 | Neighbors: 9
2026-05-10 23:53:11,058 -   [Kết quả] Cost = 2008.00 | Gap = 73.25% | Time: 1199.3s | Trạng thái: TIMEOUT_WITH_SOL
2026-05-10 23:53:11,062 - ------------------------------------------------------------
2026-05-10 23:53:11,063 - Đang xử lý: A-n80-k10 (N=80, K=10) | BKS: 1763.0 | Neighbors: 9
2026-05-10 23:53:11,081 -   ❌ [LỖI] Cannot reduce the number of routes - Trạng thái: CW_UNSAT
2026-05-10 23:53:11,082 -   [CSV] Nghiệm mới không tốt hơn (inf >= inf). Bỏ qua, cộng Runs.
