2026-05-07 02:39:19,491 - === BẮT ĐẦU BENCHMARK OLD SOTA (FERREIRA) - CHẾ ĐỘ RESUME | TẬP X ===
2026-05-07 02:39:19,491 - Đã tìm thấy 56 instance hoàn thành trong /home/thanhhuy/Documents/PedroCLone/CVRP/CVRP_AdvancedCW/old_solution/results/benchmark_X_ferreira.csv. Sẽ tiến hành bỏ qua.
2026-05-07 02:39:19,492 - ------------------------------------------------------------
2026-05-07 02:39:19,492 - ⏩ BỎ QUA: X-n1001-k43 (Đã tồn tại trong file CSV)
2026-05-07 02:39:19,492 - ------------------------------------------------------------
2026-05-07 02:39:19,492 - ⏩ BỎ QUA: X-n106-k14 (Đã tồn tại trong file CSV)
2026-05-07 02:39:19,492 - ------------------------------------------------------------
2026-05-07 02:39:19,492 - ⏩ BỎ QUA: X-n110-k13 (Đã tồn tại trong file CSV)
2026-05-07 02:39:19,492 - ------------------------------------------------------------
2026-05-07 02:39:19,492 - ⏩ BỎ QUA: X-n115-k10 (Đã tồn tại trong file CSV)
2026-05-07 02:39:19,492 - ------------------------------------------------------------
2026-05-07 02:39:19,492 - ⏩ BỎ QUA: X-n120-k6 (Đã tồn tại trong file CSV)
2026-05-07 02:39:19,492 - ------------------------------------------------------------
2026-05-07 02:39:19,492 - ⏩ BỎ QUA: X-n125-k30 (Đã tồn tại trong file CSV)
2026-05-07 02:39:19,492 - ------------------------------------------------------------
2026-05-07 02:39:19,492 - ⏩ BỎ QUA: X-n129-k18 (Đã tồn tại trong file CSV)
2026-05-07 02:39:19,492 - ------------------------------------------------------------
2026-05-07 02:39:19,493 - ⏩ BỎ QUA: X-n134-k13 (Đã tồn tại trong file CSV)
2026-05-07 02:39:19,493 - ------------------------------------------------------------
2026-05-07 02:39:19,493 - ⏩ BỎ QUA: X-n139-k10 (Đã tồn tại trong file CSV)
2026-05-07 02:39:19,493 - ------------------------------------------------------------
2026-05-07 02:39:19,493 - ⏩ BỎ QUA: X-n143-k7 (Đã tồn tại trong file CSV)
2026-05-07 02:39:19,493 - ------------------------------------------------------------
2026-05-07 02:39:19,493 - ⏩ BỎ QUA: X-n148-k46 (Đã tồn tại trong file CSV)
2026-05-07 02:39:19,493 - ------------------------------------------------------------
2026-05-07 02:39:19,493 - ⏩ BỎ QUA: X-n153-k22 (Đã tồn tại trong file CSV)
2026-05-07 02:39:19,493 - ------------------------------------------------------------
2026-05-07 02:39:19,493 - ⏩ BỎ QUA: X-n157-k13 (Đã tồn tại trong file CSV)
2026-05-07 02:39:19,493 - ------------------------------------------------------------
2026-05-07 02:39:19,493 - ⏩ BỎ QUA: X-n162-k11 (Đã tồn tại trong file CSV)
2026-05-07 02:39:19,493 - ------------------------------------------------------------
2026-05-07 02:39:19,493 - ⏩ BỎ QUA: X-n167-k10 (Đã tồn tại trong file CSV)
2026-05-07 02:39:19,493 - ------------------------------------------------------------
2026-05-07 02:39:19,493 - ⏩ BỎ QUA: X-n172-k51 (Đã tồn tại trong file CSV)
2026-05-07 02:39:19,493 - ------------------------------------------------------------
2026-05-07 02:39:19,493 - ⏩ BỎ QUA: X-n176-k26 (Đã tồn tại trong file CSV)
2026-05-07 02:39:19,493 - ------------------------------------------------------------
2026-05-07 02:39:19,493 - ⏩ BỎ QUA: X-n181-k23 (Đã tồn tại trong file CSV)
2026-05-07 02:39:19,493 - ------------------------------------------------------------
2026-05-07 02:39:19,493 - ⏩ BỎ QUA: X-n186-k15 (Đã tồn tại trong file CSV)
2026-05-07 02:39:19,493 - ------------------------------------------------------------
2026-05-07 02:39:19,493 - ⏩ BỎ QUA: X-n190-k8 (Đã tồn tại trong file CSV)
2026-05-07 02:39:19,494 - ------------------------------------------------------------
2026-05-07 02:39:19,494 - ⏩ BỎ QUA: X-n195-k51 (Đã tồn tại trong file CSV)
2026-05-07 02:39:19,494 - ------------------------------------------------------------
2026-05-07 02:39:19,494 - ⏩ BỎ QUA: X-n200-k36 (Đã tồn tại trong file CSV)
2026-05-07 02:39:19,494 - ------------------------------------------------------------
2026-05-07 02:39:19,494 - ⏩ BỎ QUA: X-n204-k19 (Đã tồn tại trong file CSV)
2026-05-07 02:39:19,494 - ------------------------------------------------------------
2026-05-07 02:39:19,494 - ⏩ BỎ QUA: X-n209-k16 (Đã tồn tại trong file CSV)
2026-05-07 02:39:19,494 - ------------------------------------------------------------
2026-05-07 02:39:19,494 - ⏩ BỎ QUA: X-n214-k11 (Đã tồn tại trong file CSV)
2026-05-07 02:39:19,494 - ------------------------------------------------------------
2026-05-07 02:39:19,494 - ⏩ BỎ QUA: X-n219-k73 (Đã tồn tại trong file CSV)
2026-05-07 02:39:19,494 - ------------------------------------------------------------
2026-05-07 02:39:19,494 - ⏩ BỎ QUA: X-n223-k34 (Đã tồn tại trong file CSV)
2026-05-07 02:39:19,494 - ------------------------------------------------------------
2026-05-07 02:39:19,494 - ⏩ BỎ QUA: X-n228-k23 (Đã tồn tại trong file CSV)
2026-05-07 02:39:19,494 - ------------------------------------------------------------
2026-05-07 02:39:19,494 - ⏩ BỎ QUA: X-n233-k16 (Đã tồn tại trong file CSV)
2026-05-07 02:39:19,494 - ------------------------------------------------------------
2026-05-07 02:39:19,494 - ⏩ BỎ QUA: X-n237-k14 (Đã tồn tại trong file CSV)
2026-05-07 02:39:19,494 - ------------------------------------------------------------
2026-05-07 02:39:19,494 - ⏩ BỎ QUA: X-n242-k48 (Đã tồn tại trong file CSV)
2026-05-07 02:39:19,494 - ------------------------------------------------------------
2026-05-07 02:39:19,494 - ⏩ BỎ QUA: X-n247-k50 (Đã tồn tại trong file CSV)
2026-05-07 02:39:19,494 - ------------------------------------------------------------
2026-05-07 02:39:19,495 - ⏩ BỎ QUA: X-n251-k28 (Đã tồn tại trong file CSV)
2026-05-07 02:39:19,495 - ------------------------------------------------------------
2026-05-07 02:39:19,495 - ⏩ BỎ QUA: X-n256-k16 (Đã tồn tại trong file CSV)
2026-05-07 02:39:19,495 - ------------------------------------------------------------
2026-05-07 02:39:19,495 - ⏩ BỎ QUA: X-n261-k13 (Đã tồn tại trong file CSV)
2026-05-07 02:39:19,495 - ------------------------------------------------------------
2026-05-07 02:39:19,495 - ⏩ BỎ QUA: X-n266-k58 (Đã tồn tại trong file CSV)
2026-05-07 02:39:19,495 - ------------------------------------------------------------
2026-05-07 02:39:19,495 - ⏩ BỎ QUA: X-n270-k35 (Đã tồn tại trong file CSV)
2026-05-07 02:39:19,495 - ------------------------------------------------------------
2026-05-07 02:39:19,495 - ⏩ BỎ QUA: X-n275-k28 (Đã tồn tại trong file CSV)
2026-05-07 02:39:19,495 - ------------------------------------------------------------
2026-05-07 02:39:19,495 - ⏩ BỎ QUA: X-n280-k17 (Đã tồn tại trong file CSV)
2026-05-07 02:39:19,495 - ------------------------------------------------------------
2026-05-07 02:39:19,495 - ⏩ BỎ QUA: X-n284-k15 (Đã tồn tại trong file CSV)
2026-05-07 02:39:19,495 - ------------------------------------------------------------
2026-05-07 02:39:19,495 - ⏩ BỎ QUA: X-n289-k60 (Đã tồn tại trong file CSV)
2026-05-07 02:39:19,495 - ------------------------------------------------------------
2026-05-07 02:39:19,495 - ⏩ BỎ QUA: X-n294-k50 (Đã tồn tại trong file CSV)
2026-05-07 02:39:19,495 - ------------------------------------------------------------
2026-05-07 02:39:19,495 - ⏩ BỎ QUA: X-n298-k31 (Đã tồn tại trong file CSV)
2026-05-07 02:39:19,495 - ------------------------------------------------------------
2026-05-07 02:39:19,495 - ⏩ BỎ QUA: X-n303-k21 (Đã tồn tại trong file CSV)
2026-05-07 02:39:19,495 - ------------------------------------------------------------
2026-05-07 02:39:19,495 - ⏩ BỎ QUA: X-n308-k13 (Đã tồn tại trong file CSV)
2026-05-07 02:39:19,495 - ------------------------------------------------------------
2026-05-07 02:39:19,495 - ⏩ BỎ QUA: X-n313-k71 (Đã tồn tại trong file CSV)
2026-05-07 02:39:19,495 - ------------------------------------------------------------
2026-05-07 02:39:19,496 - ⏩ BỎ QUA: X-n317-k53 (Đã tồn tại trong file CSV)
2026-05-07 02:39:19,496 - ------------------------------------------------------------
2026-05-07 02:39:19,496 - ⏩ BỎ QUA: X-n322-k28 (Đã tồn tại trong file CSV)
2026-05-07 02:39:19,496 - ------------------------------------------------------------
2026-05-07 02:39:19,496 - ⏩ BỎ QUA: X-n327-k20 (Đã tồn tại trong file CSV)
2026-05-07 02:39:19,496 - ------------------------------------------------------------
2026-05-07 02:39:19,496 - ⏩ BỎ QUA: X-n331-k15 (Đã tồn tại trong file CSV)
2026-05-07 02:39:19,496 - ------------------------------------------------------------
2026-05-07 02:39:19,496 - ⏩ BỎ QUA: X-n336-k84 (Đã tồn tại trong file CSV)
2026-05-07 02:39:19,496 - ------------------------------------------------------------
2026-05-07 02:39:19,496 - ⏩ BỎ QUA: X-n344-k43 (Đã tồn tại trong file CSV)
2026-05-07 02:39:19,496 - ------------------------------------------------------------
2026-05-07 02:39:19,496 - ⏩ BỎ QUA: X-n351-k40 (Đã tồn tại trong file CSV)
2026-05-07 02:39:19,496 - ------------------------------------------------------------
2026-05-07 02:39:19,496 - ⏩ BỎ QUA: X-n359-k29 (Đã tồn tại trong file CSV)
2026-05-07 02:39:19,496 - ------------------------------------------------------------
2026-05-07 02:39:19,496 - ⏩ BỎ QUA: X-n367-k17 (Đã tồn tại trong file CSV)
2026-05-07 02:39:19,496 - ------------------------------------------------------------
2026-05-07 02:39:19,496 - ⏩ BỎ QUA: X-n376-k94 (Đã tồn tại trong file CSV)
2026-05-07 02:39:19,497 - ------------------------------------------------------------
2026-05-07 02:39:19,497 - Đang xử lý: X-n384-k52 (N=384, K=52) | BKS: 65940.0 | Neighbors: 9
2026-05-07 02:39:19,829 -   ❌ [LỖI] Cannot reduce the number of routes - Trạng thái: CW_UNSAT
2026-05-07 02:39:19,840 - ------------------------------------------------------------
2026-05-07 02:39:19,840 - Đang xử lý: X-n393-k38 (N=393, K=38) | BKS: 38260.0 | Neighbors: 9
2026-05-07 02:39:20,217 -   ❌ [LỖI] Cannot reduce the number of routes - Trạng thái: CW_UNSAT
2026-05-07 02:39:20,233 - ------------------------------------------------------------
2026-05-07 02:39:20,233 - Đang xử lý: X-n401-k29 (N=401, K=29) | BKS: 66154.0 | Neighbors: 9
2026-05-07 02:39:20,623 -   ❌ [LỖI] Cannot reduce the number of routes - Trạng thái: CW_UNSAT
2026-05-07 02:39:20,639 - ------------------------------------------------------------
2026-05-07 02:39:20,639 - Đang xử lý: X-n411-k19 (N=411, K=19) | BKS: 19712.0 | Neighbors: 9
2026-05-07 02:39:21,052 -   ❌ [LỖI] Cannot reduce the number of routes - Trạng thái: CW_UNSAT
2026-05-07 02:39:21,066 - ------------------------------------------------------------
2026-05-07 02:39:21,066 - Đang xử lý: X-n420-k130 (N=420, K=130) | BKS: 107798.0 | Neighbors: 9
2026-05-07 02:39:21,531 -   ❌ [LỖI] Cannot reduce the number of routes - Trạng thái: CW_UNSAT
2026-05-07 02:39:21,545 - ------------------------------------------------------------
2026-05-07 02:39:21,545 - Đang xử lý: X-n429-k61 (N=429, K=61) | BKS: 65449.0 | Neighbors: 9
2026-05-07 02:39:21,976 -   ❌ [LỖI] Cannot reduce the number of routes - Trạng thái: CW_UNSAT
2026-05-07 02:39:21,993 - ------------------------------------------------------------
2026-05-07 02:39:21,993 - Đang xử lý: X-n439-k37 (N=439, K=37) | BKS: 36391.0 | Neighbors: 9
2026-05-07 03:04:49,851 -   [Kết quả] Cost = 0.00 | Gap = -100.00% | Time: 1527.8s | Trạng thái: TIMEOUT_WITH_SOL
2026-05-07 03:04:49,997 - ------------------------------------------------------------
2026-05-07 03:04:49,998 - Đang xử lý: X-n449-k29 (N=449, K=29) | BKS: 55233.0 | Neighbors: 9
2026-05-07 03:04:50,636 -   ❌ [LỖI] Cannot reduce the number of routes - Trạng thái: CW_UNSAT
2026-05-07 03:04:50,655 - ------------------------------------------------------------
2026-05-07 03:04:50,655 - Đang xử lý: X-n459-k26 (N=459, K=26) | BKS: 24139.0 | Neighbors: 9
2026-05-07 03:04:52,500 -   ❌ [LỖI] Cannot reduce the number of routes - Trạng thái: CW_UNSAT
2026-05-07 03:04:52,518 - ------------------------------------------------------------
2026-05-07 03:04:52,518 - Đang xử lý: X-n469-k138 (N=469, K=138) | BKS: 221824.0 | Neighbors: 9
2026-05-07 03:04:53,059 -   ❌ [LỖI] Cannot reduce the number of routes - Trạng thái: CW_UNSAT
2026-05-07 03:04:53,081 - ------------------------------------------------------------
2026-05-07 03:04:53,081 - Đang xử lý: X-n480-k70 (N=480, K=70) | BKS: 89449.0 | Neighbors: 9
2026-05-07 03:04:53,630 -   ❌ [LỖI] Cannot reduce the number of routes - Trạng thái: CW_UNSAT
2026-05-07 03:04:53,654 - ------------------------------------------------------------
2026-05-07 03:04:53,654 - Đang xử lý: X-n491-k59 (N=491, K=59) | BKS: 66483.0 | Neighbors: 9
2026-05-07 03:04:54,221 -   ❌ [LỖI] Cannot reduce the number of routes - Trạng thái: CW_UNSAT
2026-05-07 03:04:54,245 - ------------------------------------------------------------
2026-05-07 03:04:54,246 - Đang xử lý: X-n502-k39 (N=502, K=39) | BKS: 69226.0 | Neighbors: 9
2026-05-07 03:32:22,438 -   [Kết quả] Cost = 0.00 | Gap = -100.00% | Time: 1648.2s | Trạng thái: TIMEOUT_WITH_SOL
2026-05-07 03:32:22,515 - ------------------------------------------------------------
2026-05-07 03:32:22,516 - Đang xử lý: X-n513-k21 (N=513, K=21) | BKS: 24201.0 | Neighbors: 9
2026-05-07 03:55:35,021 -   [Kết quả] Cost = 0.00 | Gap = -100.00% | Time: 1392.5s | Trạng thái: TIMEOUT_WITH_SOL
2026-05-07 03:55:35,024 - ------------------------------------------------------------
2026-05-07 03:55:35,024 - Đang xử lý: X-n524-k153 (N=524, K=153) | BKS: 154593.0 | Neighbors: 9
2026-05-07 03:55:35,771 -   ❌ [LỖI] Cannot reduce the number of routes - Trạng thái: CW_UNSAT
2026-05-07 03:55:35,805 - ------------------------------------------------------------
2026-05-07 03:55:35,805 - Đang xử lý: X-n536-k96 (N=536, K=96) | BKS: 94846.0 | Neighbors: 9
2026-05-07 03:55:36,498 -   ❌ [LỖI] Cannot reduce the number of routes - Trạng thái: CW_UNSAT
2026-05-07 03:55:36,531 - ------------------------------------------------------------
2026-05-07 03:55:36,531 - Đang xử lý: X-n548-k50 (N=548, K=50) | BKS: 86700.0 | Neighbors: 9
