2026-05-05 19:04:01,867 - === BẮT ĐẦU BENCHMARK OLD SOTA (FERREIRA) | TẬP E ===
2026-05-05 19:04:01,868 - ------------------------------------------------------------
2026-05-05 19:04:01,869 - Đang xử lý: E-n101-k14 (N=101, K=14) | BKS: 0.0 | Neighbors: 9
2026-05-05 19:24:06,456 -   [Kết quả] Cost = 1967.00 | Gap = 0.00% | Time: 1204.6s | Trạng thái: TIMEOUT_WITH_SOL
2026-05-05 19:24:06,461 - ------------------------------------------------------------
2026-05-05 19:24:06,461 - Đang xử lý: E-n101-k8 (N=101, K=8) | BKS: 0.0 | Neighbors: 9
2026-05-05 19:36:06,092 -   [Kết quả] Cost = 1292.00 | Gap = 0.00% | Time: 719.6s | Trạng thái: SUCCESS
2026-05-05 19:36:06,097 - ------------------------------------------------------------
2026-05-05 19:36:06,097 - Đang xử lý: E-n13-k4 (N=13, K=4) | BKS: 247.0 | Neighbors: 9
2026-05-05 19:36:06,238 -   [Kết quả] Cost = 319.00 | Gap = 29.15% | Time: 0.1s | Trạng thái: SUCCESS
2026-05-05 19:36:06,243 - ------------------------------------------------------------
2026-05-05 19:36:06,243 - Đang xử lý: E-n22-k4 (N=22, K=4) | BKS: 375.0 | Neighbors: 9
2026-05-05 19:36:06,245 -   ❌ [LỖI] Cannot reduce the number of routes - Trạng thái: CW_UNSAT
2026-05-05 19:36:06,251 - ------------------------------------------------------------
2026-05-05 19:36:06,252 - Đang xử lý: E-n23-k3 (N=23, K=3) | BKS: 569.0 | Neighbors: 9
2026-05-05 19:36:07,399 -   [Kết quả] Cost = 730.00 | Gap = 28.30% | Time: 1.1s | Trạng thái: SUCCESS
2026-05-05 19:36:07,404 - ------------------------------------------------------------
2026-05-05 19:36:07,404 - Đang xử lý: E-n30-k3 (N=30, K=3) | BKS: 534.0 | Neighbors: 9
2026-05-05 19:36:07,725 -   [Kết quả] Cost = 771.00 | Gap = 44.38% | Time: 0.3s | Trạng thái: SUCCESS
2026-05-05 19:36:07,729 - ------------------------------------------------------------
2026-05-05 19:36:07,729 - Đang xử lý: E-n31-k7 (N=31, K=7) | BKS: 379.0 | Neighbors: 9
2026-05-05 19:36:08,006 -   [Kết quả] Cost = 0.00 | Gap = -100.00% | Time: 0.3s | Trạng thái: SUCCESS
2026-05-05 19:36:08,011 - ------------------------------------------------------------
2026-05-05 19:36:08,011 - Đang xử lý: E-n33-k4 (N=33, K=4) | BKS: 835.0 | Neighbors: 9
2026-05-05 19:36:08,014 -   ❌ [LỖI] Cannot reduce the number of routes - Trạng thái: CW_UNSAT
2026-05-05 19:36:08,019 - ------------------------------------------------------------
2026-05-05 19:36:08,020 - Đang xử lý: E-n51-k5 (N=51, K=5) | BKS: 521.0 | Neighbors: 9
2026-05-05 19:36:08,026 -   ❌ [LỖI] Cannot reduce the number of routes - Trạng thái: CW_UNSAT
2026-05-05 19:36:08,027 - ------------------------------------------------------------
2026-05-05 19:36:08,027 - Đang xử lý: E-n76-k10 (N=76, K=10) | BKS: 830.0 | Neighbors: 9
2026-05-05 19:36:08,042 -   ❌ [LỖI] Cannot reduce the number of routes - Trạng thái: CW_UNSAT
2026-05-05 19:36:08,043 - ------------------------------------------------------------
2026-05-05 19:36:08,044 - Đang xử lý: E-n76-k14 (N=76, K=14) | BKS: 1021.0 | Neighbors: 9
2026-05-05 19:36:08,058 -   ❌ [LỖI] Cannot reduce the number of routes - Trạng thái: CW_UNSAT
2026-05-05 19:36:08,066 - ------------------------------------------------------------
2026-05-05 19:36:08,066 - Đang xử lý: E-n76-k7 (N=76, K=7) | BKS: 682.0 | Neighbors: 9
