2026-05-07 07:42:17,672 - === BẮT ĐẦU BENCHMARK OLD SOTA (FERREIRA) - CHẾ ĐỘ RESUME | TẬP X ===
2026-05-07 07:42:17,672 - Đã tìm thấy 73 instance hoàn thành trong /home/thanhhuy/Documents/PedroCLone/CVRP/CVRP_AdvancedCW/old_solution/results/benchmark_X_ferreira.csv. Sẽ tiến hành bỏ qua.
2026-05-07 07:42:17,672 - ------------------------------------------------------------
2026-05-07 07:42:17,672 - ⏩ BỎ QUA: X-n1001-k43 (Đã tồn tại trong file CSV)
2026-05-07 07:42:17,672 - ------------------------------------------------------------
2026-05-07 07:42:17,672 - ⏩ BỎ QUA: X-n106-k14 (Đã tồn tại trong file CSV)
2026-05-07 07:42:17,672 - ------------------------------------------------------------
2026-05-07 07:42:17,672 - ⏩ BỎ QUA: X-n110-k13 (Đã tồn tại trong file CSV)
2026-05-07 07:42:17,673 - ------------------------------------------------------------
2026-05-07 07:42:17,673 - ⏩ BỎ QUA: X-n115-k10 (Đã tồn tại trong file CSV)
2026-05-07 07:42:17,673 - ------------------------------------------------------------
2026-05-07 07:42:17,673 - ⏩ BỎ QUA: X-n120-k6 (Đã tồn tại trong file CSV)
2026-05-07 07:42:17,673 - ------------------------------------------------------------
2026-05-07 07:42:17,673 - ⏩ BỎ QUA: X-n125-k30 (Đã tồn tại trong file CSV)
2026-05-07 07:42:17,673 - ------------------------------------------------------------
2026-05-07 07:42:17,673 - ⏩ BỎ QUA: X-n129-k18 (Đã tồn tại trong file CSV)
2026-05-07 07:42:17,673 - ------------------------------------------------------------
2026-05-07 07:42:17,673 - ⏩ BỎ QUA: X-n134-k13 (Đã tồn tại trong file CSV)
2026-05-07 07:42:17,673 - ------------------------------------------------------------
2026-05-07 07:42:17,673 - ⏩ BỎ QUA: X-n139-k10 (Đã tồn tại trong file CSV)
2026-05-07 07:42:17,673 - ------------------------------------------------------------
2026-05-07 07:42:17,673 - ⏩ BỎ QUA: X-n143-k7 (Đã tồn tại trong file CSV)
2026-05-07 07:42:17,673 - ------------------------------------------------------------
2026-05-07 07:42:17,673 - ⏩ BỎ QUA: X-n148-k46 (Đã tồn tại trong file CSV)
2026-05-07 07:42:17,673 - ------------------------------------------------------------
2026-05-07 07:42:17,673 - ⏩ BỎ QUA: X-n153-k22 (Đã tồn tại trong file CSV)
2026-05-07 07:42:17,673 - ------------------------------------------------------------
2026-05-07 07:42:17,673 - ⏩ BỎ QUA: X-n157-k13 (Đã tồn tại trong file CSV)
2026-05-07 07:42:17,673 - ------------------------------------------------------------
2026-05-07 07:42:17,673 - ⏩ BỎ QUA: X-n162-k11 (Đã tồn tại trong file CSV)
2026-05-07 07:42:17,674 - ------------------------------------------------------------
2026-05-07 07:42:17,674 - ⏩ BỎ QUA: X-n167-k10 (Đã tồn tại trong file CSV)
2026-05-07 07:42:17,674 - ------------------------------------------------------------
2026-05-07 07:42:17,674 - ⏩ BỎ QUA: X-n172-k51 (Đã tồn tại trong file CSV)
2026-05-07 07:42:17,674 - ------------------------------------------------------------
2026-05-07 07:42:17,674 - ⏩ BỎ QUA: X-n176-k26 (Đã tồn tại trong file CSV)
2026-05-07 07:42:17,674 - ------------------------------------------------------------
2026-05-07 07:42:17,674 - ⏩ BỎ QUA: X-n181-k23 (Đã tồn tại trong file CSV)
2026-05-07 07:42:17,674 - ------------------------------------------------------------
2026-05-07 07:42:17,674 - ⏩ BỎ QUA: X-n186-k15 (Đã tồn tại trong file CSV)
2026-05-07 07:42:17,674 - ------------------------------------------------------------
2026-05-07 07:42:17,674 - ⏩ BỎ QUA: X-n190-k8 (Đã tồn tại trong file CSV)
2026-05-07 07:42:17,674 - ------------------------------------------------------------
2026-05-07 07:42:17,674 - ⏩ BỎ QUA: X-n195-k51 (Đã tồn tại trong file CSV)
2026-05-07 07:42:17,674 - ------------------------------------------------------------
2026-05-07 07:42:17,674 - ⏩ BỎ QUA: X-n200-k36 (Đã tồn tại trong file CSV)
2026-05-07 07:42:17,674 - ------------------------------------------------------------
2026-05-07 07:42:17,674 - ⏩ BỎ QUA: X-n204-k19 (Đã tồn tại trong file CSV)
2026-05-07 07:42:17,674 - ------------------------------------------------------------
2026-05-07 07:42:17,674 - ⏩ BỎ QUA: X-n209-k16 (Đã tồn tại trong file CSV)
2026-05-07 07:42:17,674 - ------------------------------------------------------------
2026-05-07 07:42:17,674 - ⏩ BỎ QUA: X-n214-k11 (Đã tồn tại trong file CSV)
2026-05-07 07:42:17,674 - ------------------------------------------------------------
2026-05-07 07:42:17,674 - ⏩ BỎ QUA: X-n219-k73 (Đã tồn tại trong file CSV)
2026-05-07 07:42:17,674 - ------------------------------------------------------------
2026-05-07 07:42:17,675 - ⏩ BỎ QUA: X-n223-k34 (Đã tồn tại trong file CSV)
2026-05-07 07:42:17,675 - ------------------------------------------------------------
2026-05-07 07:42:17,675 - ⏩ BỎ QUA: X-n228-k23 (Đã tồn tại trong file CSV)
2026-05-07 07:42:17,675 - ------------------------------------------------------------
2026-05-07 07:42:17,675 - ⏩ BỎ QUA: X-n233-k16 (Đã tồn tại trong file CSV)
2026-05-07 07:42:17,675 - ------------------------------------------------------------
2026-05-07 07:42:17,675 - ⏩ BỎ QUA: X-n237-k14 (Đã tồn tại trong file CSV)
2026-05-07 07:42:17,675 - ------------------------------------------------------------
2026-05-07 07:42:17,675 - ⏩ BỎ QUA: X-n242-k48 (Đã tồn tại trong file CSV)
2026-05-07 07:42:17,675 - ------------------------------------------------------------
2026-05-07 07:42:17,675 - ⏩ BỎ QUA: X-n247-k50 (Đã tồn tại trong file CSV)
2026-05-07 07:42:17,675 - ------------------------------------------------------------
2026-05-07 07:42:17,675 - ⏩ BỎ QUA: X-n251-k28 (Đã tồn tại trong file CSV)
2026-05-07 07:42:17,675 - ------------------------------------------------------------
2026-05-07 07:42:17,675 - ⏩ BỎ QUA: X-n256-k16 (Đã tồn tại trong file CSV)
2026-05-07 07:42:17,675 - ------------------------------------------------------------
2026-05-07 07:42:17,675 - ⏩ BỎ QUA: X-n261-k13 (Đã tồn tại trong file CSV)
2026-05-07 07:42:17,675 - ------------------------------------------------------------
2026-05-07 07:42:17,675 - ⏩ BỎ QUA: X-n266-k58 (Đã tồn tại trong file CSV)
2026-05-07 07:42:17,675 - ------------------------------------------------------------
2026-05-07 07:42:17,675 - ⏩ BỎ QUA: X-n270-k35 (Đã tồn tại trong file CSV)
2026-05-07 07:42:17,675 - ------------------------------------------------------------
2026-05-07 07:42:17,675 - ⏩ BỎ QUA: X-n275-k28 (Đã tồn tại trong file CSV)
2026-05-07 07:42:17,675 - ------------------------------------------------------------
2026-05-07 07:42:17,675 - ⏩ BỎ QUA: X-n280-k17 (Đã tồn tại trong file CSV)
2026-05-07 07:42:17,675 - ------------------------------------------------------------
2026-05-07 07:42:17,676 - ⏩ BỎ QUA: X-n284-k15 (Đã tồn tại trong file CSV)
2026-05-07 07:42:17,676 - ------------------------------------------------------------
2026-05-07 07:42:17,676 - ⏩ BỎ QUA: X-n289-k60 (Đã tồn tại trong file CSV)
2026-05-07 07:42:17,676 - ------------------------------------------------------------
2026-05-07 07:42:17,676 - ⏩ BỎ QUA: X-n294-k50 (Đã tồn tại trong file CSV)
2026-05-07 07:42:17,676 - ------------------------------------------------------------
2026-05-07 07:42:17,676 - ⏩ BỎ QUA: X-n298-k31 (Đã tồn tại trong file CSV)
2026-05-07 07:42:17,676 - ------------------------------------------------------------
2026-05-07 07:42:17,676 - ⏩ BỎ QUA: X-n303-k21 (Đã tồn tại trong file CSV)
2026-05-07 07:42:17,676 - ------------------------------------------------------------
2026-05-07 07:42:17,676 - ⏩ BỎ QUA: X-n308-k13 (Đã tồn tại trong file CSV)
2026-05-07 07:42:17,676 - ------------------------------------------------------------
2026-05-07 07:42:17,676 - ⏩ BỎ QUA: X-n313-k71 (Đã tồn tại trong file CSV)
2026-05-07 07:42:17,676 - ------------------------------------------------------------
2026-05-07 07:42:17,676 - ⏩ BỎ QUA: X-n317-k53 (Đã tồn tại trong file CSV)
2026-05-07 07:42:17,676 - ------------------------------------------------------------
2026-05-07 07:42:17,676 - ⏩ BỎ QUA: X-n322-k28 (Đã tồn tại trong file CSV)
2026-05-07 07:42:17,676 - ------------------------------------------------------------
2026-05-07 07:42:17,676 - ⏩ BỎ QUA: X-n327-k20 (Đã tồn tại trong file CSV)
2026-05-07 07:42:17,676 - ------------------------------------------------------------
2026-05-07 07:42:17,676 - ⏩ BỎ QUA: X-n331-k15 (Đã tồn tại trong file CSV)
2026-05-07 07:42:17,676 - ------------------------------------------------------------
2026-05-07 07:42:17,676 - ⏩ BỎ QUA: X-n336-k84 (Đã tồn tại trong file CSV)
2026-05-07 07:42:17,676 - ------------------------------------------------------------
2026-05-07 07:42:17,676 - ⏩ BỎ QUA: X-n344-k43 (Đã tồn tại trong file CSV)
2026-05-07 07:42:17,676 - ------------------------------------------------------------
2026-05-07 07:42:17,676 - ⏩ BỎ QUA: X-n351-k40 (Đã tồn tại trong file CSV)
2026-05-07 07:42:17,677 - ------------------------------------------------------------
2026-05-07 07:42:17,677 - ⏩ BỎ QUA: X-n359-k29 (Đã tồn tại trong file CSV)
2026-05-07 07:42:17,677 - ------------------------------------------------------------
2026-05-07 07:42:17,677 - ⏩ BỎ QUA: X-n367-k17 (Đã tồn tại trong file CSV)
2026-05-07 07:42:17,677 - ------------------------------------------------------------
2026-05-07 07:42:17,677 - ⏩ BỎ QUA: X-n376-k94 (Đã tồn tại trong file CSV)
2026-05-07 07:42:17,677 - ------------------------------------------------------------
2026-05-07 07:42:17,677 - ⏩ BỎ QUA: X-n384-k52 (Đã tồn tại trong file CSV)
2026-05-07 07:42:17,677 - ------------------------------------------------------------
2026-05-07 07:42:17,677 - ⏩ BỎ QUA: X-n393-k38 (Đã tồn tại trong file CSV)
2026-05-07 07:42:17,677 - ------------------------------------------------------------
2026-05-07 07:42:17,677 - ⏩ BỎ QUA: X-n401-k29 (Đã tồn tại trong file CSV)
2026-05-07 07:42:17,677 - ------------------------------------------------------------
2026-05-07 07:42:17,677 - ⏩ BỎ QUA: X-n411-k19 (Đã tồn tại trong file CSV)
2026-05-07 07:42:17,677 - ------------------------------------------------------------
2026-05-07 07:42:17,677 - ⏩ BỎ QUA: X-n420-k130 (Đã tồn tại trong file CSV)
2026-05-07 07:42:17,677 - ------------------------------------------------------------
2026-05-07 07:42:17,677 - ⏩ BỎ QUA: X-n429-k61 (Đã tồn tại trong file CSV)
2026-05-07 07:42:17,677 - ------------------------------------------------------------
2026-05-07 07:42:17,677 - ⏩ BỎ QUA: X-n439-k37 (Đã tồn tại trong file CSV)
2026-05-07 07:42:17,677 - ------------------------------------------------------------
2026-05-07 07:42:17,677 - ⏩ BỎ QUA: X-n449-k29 (Đã tồn tại trong file CSV)
2026-05-07 07:42:17,678 - ------------------------------------------------------------
2026-05-07 07:42:17,678 - ⏩ BỎ QUA: X-n459-k26 (Đã tồn tại trong file CSV)
2026-05-07 07:42:17,678 - ------------------------------------------------------------
2026-05-07 07:42:17,678 - ⏩ BỎ QUA: X-n469-k138 (Đã tồn tại trong file CSV)
2026-05-07 07:42:17,678 - ------------------------------------------------------------
2026-05-07 07:42:17,678 - ⏩ BỎ QUA: X-n480-k70 (Đã tồn tại trong file CSV)
2026-05-07 07:42:17,678 - ------------------------------------------------------------
2026-05-07 07:42:17,678 - ⏩ BỎ QUA: X-n491-k59 (Đã tồn tại trong file CSV)
2026-05-07 07:42:17,678 - ------------------------------------------------------------
2026-05-07 07:42:17,678 - ⏩ BỎ QUA: X-n502-k39 (Đã tồn tại trong file CSV)
2026-05-07 07:42:17,678 - ------------------------------------------------------------
2026-05-07 07:42:17,678 - ⏩ BỎ QUA: X-n513-k21 (Đã tồn tại trong file CSV)
2026-05-07 07:42:17,678 - ------------------------------------------------------------
2026-05-07 07:42:17,678 - ⏩ BỎ QUA: X-n524-k153 (Đã tồn tại trong file CSV)
2026-05-07 07:42:17,678 - ------------------------------------------------------------
2026-05-07 07:42:17,678 - ⏩ BỎ QUA: X-n536-k96 (Đã tồn tại trong file CSV)
2026-05-07 07:42:17,678 - ------------------------------------------------------------
2026-05-07 07:42:17,678 - ⏩ BỎ QUA: X-n548-k50 (Đã tồn tại trong file CSV)
2026-05-07 07:42:17,679 - ------------------------------------------------------------
2026-05-07 07:42:17,679 - Đang xử lý: X-n561-k42 (N=561, K=42) | BKS: 42717.0 | Neighbors: 9
2026-05-07 07:42:18,378 -   ❌ [LỖI] Cannot reduce the number of routes - Trạng thái: CW_UNSAT
2026-05-07 07:42:18,410 - ------------------------------------------------------------
2026-05-07 07:42:18,410 - Đang xử lý: X-n573-k30 (N=573, K=30) | BKS: 50673.0 | Neighbors: 9
2026-05-07 07:42:19,229 -   ❌ [LỖI] Cannot reduce the number of routes - Trạng thái: CW_UNSAT
2026-05-07 07:42:19,262 - ------------------------------------------------------------
2026-05-07 07:42:19,262 - Đang xử lý: X-n586-k159 (N=586, K=159) | BKS: 190316.0 | Neighbors: 9
2026-05-07 07:42:20,115 -   ❌ [LỖI] Cannot reduce the number of routes - Trạng thái: CW_UNSAT
2026-05-07 07:42:20,154 - ------------------------------------------------------------
2026-05-07 07:42:20,154 - Đang xử lý: X-n599-k92 (N=599, K=92) | BKS: 108451.0 | Neighbors: 9
2026-05-07 07:42:21,000 -   ❌ [LỖI] Cannot reduce the number of routes - Trạng thái: CW_UNSAT
2026-05-07 07:42:21,038 - ------------------------------------------------------------
2026-05-07 07:42:21,038 - Đang xử lý: X-n613-k62 (N=613, K=62) | BKS: 59535.0 | Neighbors: 9
2026-05-07 07:42:21,896 -   ❌ [LỖI] Cannot reduce the number of routes - Trạng thái: CW_UNSAT
2026-05-07 07:42:21,938 - ------------------------------------------------------------
2026-05-07 07:42:21,939 - Đang xử lý: X-n627-k43 (N=627, K=43) | BKS: 62164.0 | Neighbors: 9
2026-05-07 07:42:22,844 -   ❌ [LỖI] Cannot reduce the number of routes - Trạng thái: CW_UNSAT
2026-05-07 07:42:22,883 - ------------------------------------------------------------
2026-05-07 07:42:22,883 - Đang xử lý: X-n641-k35 (N=641, K=35) | BKS: 63684.0 | Neighbors: 9
2026-05-07 07:42:23,828 -   ❌ [LỖI] Cannot reduce the number of routes - Trạng thái: CW_UNSAT
2026-05-07 07:42:23,871 - ------------------------------------------------------------
2026-05-07 07:42:23,871 - Đang xử lý: X-n655-k131 (N=655, K=131) | BKS: 106780.0 | Neighbors: 9
