2026-05-07 02:01:51,629 - === BẮT ĐẦU BENCHMARK OLD SOTA (FERREIRA) - CHẾ ĐỘ RESUME | TẬP X ===
2026-05-07 02:01:51,629 - Đã tìm thấy 55 instance hoàn thành trong /home/thanhhuy/Documents/PedroCLone/CVRP/CVRP_AdvancedCW/old_solution/results/benchmark_X_ferreira.csv. Sẽ tiến hành bỏ qua.
2026-05-07 02:01:51,629 - ------------------------------------------------------------
2026-05-07 02:01:51,629 - ⏩ BỎ QUA: X-n1001-k43 (Đã tồn tại trong file CSV)
2026-05-07 02:01:51,630 - ------------------------------------------------------------
2026-05-07 02:01:51,630 - ⏩ BỎ QUA: X-n106-k14 (Đã tồn tại trong file CSV)
2026-05-07 02:01:51,630 - ------------------------------------------------------------
2026-05-07 02:01:51,630 - ⏩ BỎ QUA: X-n110-k13 (Đã tồn tại trong file CSV)
2026-05-07 02:01:51,630 - ------------------------------------------------------------
2026-05-07 02:01:51,630 - ⏩ BỎ QUA: X-n115-k10 (Đã tồn tại trong file CSV)
2026-05-07 02:01:51,630 - ------------------------------------------------------------
2026-05-07 02:01:51,630 - ⏩ BỎ QUA: X-n120-k6 (Đã tồn tại trong file CSV)
2026-05-07 02:01:51,630 - ------------------------------------------------------------
2026-05-07 02:01:51,630 - ⏩ BỎ QUA: X-n125-k30 (Đã tồn tại trong file CSV)
2026-05-07 02:01:51,630 - ------------------------------------------------------------
2026-05-07 02:01:51,630 - ⏩ BỎ QUA: X-n129-k18 (Đã tồn tại trong file CSV)
2026-05-07 02:01:51,630 - ------------------------------------------------------------
2026-05-07 02:01:51,630 - ⏩ BỎ QUA: X-n134-k13 (Đã tồn tại trong file CSV)
2026-05-07 02:01:51,630 - ------------------------------------------------------------
2026-05-07 02:01:51,630 - ⏩ BỎ QUA: X-n139-k10 (Đã tồn tại trong file CSV)
2026-05-07 02:01:51,631 - ------------------------------------------------------------
2026-05-07 02:01:51,631 - ⏩ BỎ QUA: X-n143-k7 (Đã tồn tại trong file CSV)
2026-05-07 02:01:51,631 - ------------------------------------------------------------
2026-05-07 02:01:51,631 - ⏩ BỎ QUA: X-n148-k46 (Đã tồn tại trong file CSV)
2026-05-07 02:01:51,631 - ------------------------------------------------------------
2026-05-07 02:01:51,631 - ⏩ BỎ QUA: X-n153-k22 (Đã tồn tại trong file CSV)
2026-05-07 02:01:51,631 - ------------------------------------------------------------
2026-05-07 02:01:51,631 - ⏩ BỎ QUA: X-n157-k13 (Đã tồn tại trong file CSV)
2026-05-07 02:01:51,631 - ------------------------------------------------------------
2026-05-07 02:01:51,631 - ⏩ BỎ QUA: X-n162-k11 (Đã tồn tại trong file CSV)
2026-05-07 02:01:51,631 - ------------------------------------------------------------
2026-05-07 02:01:51,631 - ⏩ BỎ QUA: X-n167-k10 (Đã tồn tại trong file CSV)
2026-05-07 02:01:51,631 - ------------------------------------------------------------
2026-05-07 02:01:51,631 - ⏩ BỎ QUA: X-n172-k51 (Đã tồn tại trong file CSV)
2026-05-07 02:01:51,631 - ------------------------------------------------------------
2026-05-07 02:01:51,631 - ⏩ BỎ QUA: X-n176-k26 (Đã tồn tại trong file CSV)
2026-05-07 02:01:51,631 - ------------------------------------------------------------
2026-05-07 02:01:51,631 - ⏩ BỎ QUA: X-n181-k23 (Đã tồn tại trong file CSV)
2026-05-07 02:01:51,631 - ------------------------------------------------------------
2026-05-07 02:01:51,631 - ⏩ BỎ QUA: X-n186-k15 (Đã tồn tại trong file CSV)
2026-05-07 02:01:51,631 - ------------------------------------------------------------
2026-05-07 02:01:51,631 - ⏩ BỎ QUA: X-n190-k8 (Đã tồn tại trong file CSV)
2026-05-07 02:01:51,632 - ------------------------------------------------------------
2026-05-07 02:01:51,632 - ⏩ BỎ QUA: X-n195-k51 (Đã tồn tại trong file CSV)
2026-05-07 02:01:51,632 - ------------------------------------------------------------
2026-05-07 02:01:51,632 - ⏩ BỎ QUA: X-n200-k36 (Đã tồn tại trong file CSV)
2026-05-07 02:01:51,632 - ------------------------------------------------------------
2026-05-07 02:01:51,632 - ⏩ BỎ QUA: X-n204-k19 (Đã tồn tại trong file CSV)
2026-05-07 02:01:51,632 - ------------------------------------------------------------
2026-05-07 02:01:51,632 - ⏩ BỎ QUA: X-n209-k16 (Đã tồn tại trong file CSV)
2026-05-07 02:01:51,632 - ------------------------------------------------------------
2026-05-07 02:01:51,632 - ⏩ BỎ QUA: X-n214-k11 (Đã tồn tại trong file CSV)
2026-05-07 02:01:51,632 - ------------------------------------------------------------
2026-05-07 02:01:51,632 - ⏩ BỎ QUA: X-n219-k73 (Đã tồn tại trong file CSV)
2026-05-07 02:01:51,632 - ------------------------------------------------------------
2026-05-07 02:01:51,632 - ⏩ BỎ QUA: X-n223-k34 (Đã tồn tại trong file CSV)
2026-05-07 02:01:51,632 - ------------------------------------------------------------
2026-05-07 02:01:51,632 - ⏩ BỎ QUA: X-n228-k23 (Đã tồn tại trong file CSV)
2026-05-07 02:01:51,632 - ------------------------------------------------------------
2026-05-07 02:01:51,632 - ⏩ BỎ QUA: X-n233-k16 (Đã tồn tại trong file CSV)
2026-05-07 02:01:51,632 - ------------------------------------------------------------
2026-05-07 02:01:51,632 - ⏩ BỎ QUA: X-n237-k14 (Đã tồn tại trong file CSV)
2026-05-07 02:01:51,632 - ------------------------------------------------------------
2026-05-07 02:01:51,632 - ⏩ BỎ QUA: X-n242-k48 (Đã tồn tại trong file CSV)
2026-05-07 02:01:51,632 - ------------------------------------------------------------
2026-05-07 02:01:51,632 - ⏩ BỎ QUA: X-n247-k50 (Đã tồn tại trong file CSV)
2026-05-07 02:01:51,633 - ------------------------------------------------------------
2026-05-07 02:01:51,633 - ⏩ BỎ QUA: X-n251-k28 (Đã tồn tại trong file CSV)
2026-05-07 02:01:51,633 - ------------------------------------------------------------
2026-05-07 02:01:51,633 - ⏩ BỎ QUA: X-n256-k16 (Đã tồn tại trong file CSV)
2026-05-07 02:01:51,633 - ------------------------------------------------------------
2026-05-07 02:01:51,633 - ⏩ BỎ QUA: X-n261-k13 (Đã tồn tại trong file CSV)
2026-05-07 02:01:51,633 - ------------------------------------------------------------
2026-05-07 02:01:51,633 - ⏩ BỎ QUA: X-n266-k58 (Đã tồn tại trong file CSV)
2026-05-07 02:01:51,633 - ------------------------------------------------------------
2026-05-07 02:01:51,633 - ⏩ BỎ QUA: X-n270-k35 (Đã tồn tại trong file CSV)
2026-05-07 02:01:51,633 - ------------------------------------------------------------
2026-05-07 02:01:51,633 - ⏩ BỎ QUA: X-n275-k28 (Đã tồn tại trong file CSV)
2026-05-07 02:01:51,633 - ------------------------------------------------------------
2026-05-07 02:01:51,633 - ⏩ BỎ QUA: X-n280-k17 (Đã tồn tại trong file CSV)
2026-05-07 02:01:51,633 - ------------------------------------------------------------
2026-05-07 02:01:51,633 - ⏩ BỎ QUA: X-n284-k15 (Đã tồn tại trong file CSV)
2026-05-07 02:01:51,633 - ------------------------------------------------------------
2026-05-07 02:01:51,633 - ⏩ BỎ QUA: X-n289-k60 (Đã tồn tại trong file CSV)
2026-05-07 02:01:51,633 - ------------------------------------------------------------
2026-05-07 02:01:51,633 - ⏩ BỎ QUA: X-n294-k50 (Đã tồn tại trong file CSV)
2026-05-07 02:01:51,633 - ------------------------------------------------------------
2026-05-07 02:01:51,633 - ⏩ BỎ QUA: X-n298-k31 (Đã tồn tại trong file CSV)
2026-05-07 02:01:51,633 - ------------------------------------------------------------
2026-05-07 02:01:51,633 - ⏩ BỎ QUA: X-n303-k21 (Đã tồn tại trong file CSV)
2026-05-07 02:01:51,633 - ------------------------------------------------------------
2026-05-07 02:01:51,633 - ⏩ BỎ QUA: X-n308-k13 (Đã tồn tại trong file CSV)
2026-05-07 02:01:51,633 - ------------------------------------------------------------
2026-05-07 02:01:51,633 - ⏩ BỎ QUA: X-n313-k71 (Đã tồn tại trong file CSV)
2026-05-07 02:01:51,634 - ------------------------------------------------------------
2026-05-07 02:01:51,634 - ⏩ BỎ QUA: X-n317-k53 (Đã tồn tại trong file CSV)
2026-05-07 02:01:51,634 - ------------------------------------------------------------
2026-05-07 02:01:51,634 - ⏩ BỎ QUA: X-n322-k28 (Đã tồn tại trong file CSV)
2026-05-07 02:01:51,634 - ------------------------------------------------------------
2026-05-07 02:01:51,634 - ⏩ BỎ QUA: X-n327-k20 (Đã tồn tại trong file CSV)
2026-05-07 02:01:51,634 - ------------------------------------------------------------
2026-05-07 02:01:51,634 - ⏩ BỎ QUA: X-n331-k15 (Đã tồn tại trong file CSV)
2026-05-07 02:01:51,634 - ------------------------------------------------------------
2026-05-07 02:01:51,634 - ⏩ BỎ QUA: X-n336-k84 (Đã tồn tại trong file CSV)
2026-05-07 02:01:51,634 - ------------------------------------------------------------
2026-05-07 02:01:51,634 - ⏩ BỎ QUA: X-n344-k43 (Đã tồn tại trong file CSV)
2026-05-07 02:01:51,634 - ------------------------------------------------------------
2026-05-07 02:01:51,634 - ⏩ BỎ QUA: X-n351-k40 (Đã tồn tại trong file CSV)
2026-05-07 02:01:51,634 - ------------------------------------------------------------
2026-05-07 02:01:51,634 - ⏩ BỎ QUA: X-n359-k29 (Đã tồn tại trong file CSV)
2026-05-07 02:01:51,634 - ------------------------------------------------------------
2026-05-07 02:01:51,634 - ⏩ BỎ QUA: X-n367-k17 (Đã tồn tại trong file CSV)
2026-05-07 02:01:51,635 - ------------------------------------------------------------
2026-05-07 02:01:51,635 - Đang xử lý: X-n376-k94 (N=376, K=94) | BKS: 147713.0 | Neighbors: 7
