2026-05-04 15:57:49,483 - === BẮT ĐẦU BENCHMARK OLD SOTA (FERREIRA) | TẬP A ===
2026-05-04 15:57:49,484 - ------------------------------------------------------------
2026-05-04 15:57:49,484 - Đang xử lý: A-n32-k5 (N=32, K=5) | BKS: 784.0 | Neighbors: 9
2026-05-04 16:00:19,642 -   [Kết quả] Cost = 1267.00 | Gap = 61.61% | Time: 150.2s | Trạng thái: SUCCESS
2026-05-04 16:00:19,643 -   [CSV] Nghiệm mới không tốt hơn (1267.0 >= 1267.0). Bỏ qua, cộng Runs.
2026-05-04 16:00:19,644 - ------------------------------------------------------------
2026-05-04 16:00:19,644 - Đang xử lý: A-n33-k5 (N=33, K=5) | BKS: 661.0 | Neighbors: 9
2026-05-04 16:05:39,828 -   [Kết quả] Cost = 978.00 | Gap = 47.96% | Time: 320.2s | Trạng thái: SUCCESS
2026-05-04 16:05:39,828 -   [CSV] Nghiệm mới không tốt hơn (978.0 >= 978.0). Bỏ qua, cộng Runs.
2026-05-04 16:05:39,829 - ------------------------------------------------------------
2026-05-04 16:05:39,829 - Đang xử lý: A-n33-k6 (N=33, K=6) | BKS: 742.0 | Neighbors: 9
2026-05-04 16:25:39,995 -   [Kết quả] Cost = 907.00 | Gap = 22.24% | Time: 1200.2s | Trạng thái: TIMEOUT_WITH_SOL
2026-05-04 16:25:39,995 -   [CSV] Cập nhật thành công! (907.0 < 916.0). Ghi đè dữ liệu!
2026-05-04 16:25:39,996 - ------------------------------------------------------------
2026-05-04 16:25:39,996 - Đang xử lý: A-n34-k5 (N=34, K=5) | BKS: 778.0 | Neighbors: 9
2026-05-04 16:45:40,153 -   [Kết quả] Cost = 962.00 | Gap = 23.65% | Time: 1200.2s | Trạng thái: TIMEOUT_WITH_SOL
2026-05-04 16:45:40,153 -   [CSV] Cập nhật thành công! (962.0 < 1019.0). Ghi đè dữ liệu!
2026-05-04 16:45:40,154 - ------------------------------------------------------------
2026-05-04 16:45:40,154 - Đang xử lý: A-n36-k5 (N=36, K=5) | BKS: 799.0 | Neighbors: 9
2026-05-04 16:46:31,954 -   [Kết quả] Cost = 1115.00 | Gap = 39.55% | Time: 51.8s | Trạng thái: SUCCESS
2026-05-04 16:46:31,954 -   [CSV] Nghiệm mới không tốt hơn (1115.0 >= 1115.0). Bỏ qua, cộng Runs.
2026-05-04 16:46:31,955 - ------------------------------------------------------------
2026-05-04 16:46:31,955 - Đang xử lý: A-n37-k5 (N=37, K=5) | BKS: 669.0 | Neighbors: 9
2026-05-04 17:06:32,140 -   [Kết quả] Cost = 1014.00 | Gap = 51.57% | Time: 1200.2s | Trạng thái: TIMEOUT_WITH_SOL
2026-05-04 17:06:32,140 -   [CSV] Cập nhật thành công! (1014.0 < 1020.0). Ghi đè dữ liệu!
2026-05-04 17:06:32,141 - ------------------------------------------------------------
2026-05-04 17:06:32,141 - Đang xử lý: A-n37-k6 (N=37, K=6) | BKS: 949.0 | Neighbors: 9
2026-05-04 17:06:32,144 -   ❌ [LỖI] Cannot reduce the number of routes - Trạng thái: CW_UNSAT
2026-05-04 17:06:32,145 -   [CSV] Nghiệm mới không tốt hơn (inf >= inf). Bỏ qua, cộng Runs.
2026-05-04 17:06:32,145 - ------------------------------------------------------------
2026-05-04 17:06:32,145 - Đang xử lý: A-n38-k5 (N=38, K=5) | BKS: 730.0 | Neighbors: 9
2026-05-04 17:06:32,149 -   ❌ [LỖI] Cannot reduce the number of routes - Trạng thái: CW_UNSAT
2026-05-04 17:06:32,149 -   [CSV] Nghiệm mới không tốt hơn (inf >= inf). Bỏ qua, cộng Runs.
2026-05-04 17:06:32,150 - ------------------------------------------------------------
2026-05-04 17:06:32,150 - Đang xử lý: A-n39-k5 (N=39, K=5) | BKS: 822.0 | Neighbors: 9
2026-05-04 17:26:32,359 -   [Kết quả] Cost = 1097.00 | Gap = 33.45% | Time: 1200.2s | Trạng thái: TIMEOUT_WITH_SOL
2026-05-04 17:26:32,360 -   [CSV] Nghiệm mới không tốt hơn (1097.0 >= 0.0). Bỏ qua, cộng Runs.
2026-05-04 17:26:32,360 - ------------------------------------------------------------
2026-05-04 17:26:32,360 - Đang xử lý: A-n39-k6 (N=39, K=6) | BKS: 831.0 | Neighbors: 9
2026-05-04 17:46:32,600 -   [Kết quả] Cost = 1044.00 | Gap = 25.63% | Time: 1200.2s | Trạng thái: TIMEOUT_WITH_SOL
2026-05-04 17:46:32,600 -   [CSV] Cập nhật thành công! (1044.0 < 1258.0). Ghi đè dữ liệu!
2026-05-04 17:46:32,601 - ------------------------------------------------------------
2026-05-04 17:46:32,601 - Đang xử lý: A-n44-k6 (N=44, K=6) | BKS: 937.0 | Neighbors: 9
2026-05-04 17:46:32,605 -   ❌ [LỖI] Cannot reduce the number of routes - Trạng thái: CW_UNSAT
2026-05-04 17:46:32,606 -   [CSV] Nghiệm mới không tốt hơn (inf >= inf). Bỏ qua, cộng Runs.
2026-05-04 17:46:32,606 - ------------------------------------------------------------
2026-05-04 17:46:32,606 - Đang xử lý: A-n45-k6 (N=45, K=6) | BKS: 944.0 | Neighbors: 9
2026-05-04 17:46:32,611 -   ❌ [LỖI] Cannot reduce the number of routes - Trạng thái: CW_UNSAT
2026-05-04 17:46:32,611 -   [CSV] Nghiệm mới không tốt hơn (inf >= inf). Bỏ qua, cộng Runs.
2026-05-04 17:46:32,612 - ------------------------------------------------------------
2026-05-04 17:46:32,612 - Đang xử lý: A-n45-k7 (N=45, K=7) | BKS: 1146.0 | Neighbors: 9
2026-05-04 18:04:55,391 -   [Kết quả] Cost = 1515.00 | Gap = 32.20% | Time: 1102.8s | Trạng thái: SUCCESS
2026-05-04 18:04:55,392 -   [CSV] Cập nhật thành công! (1515.0 < 1606.0). Ghi đè dữ liệu!
2026-05-04 18:04:55,392 - ------------------------------------------------------------
2026-05-04 18:04:55,392 - Đang xử lý: A-n46-k7 (N=46, K=7) | BKS: 914.0 | Neighbors: 9
2026-05-04 18:14:52,761 -   [Kết quả] Cost = 1426.00 | Gap = 56.02% | Time: 597.4s | Trạng thái: SUCCESS
2026-05-04 18:14:52,762 -   [CSV] Cập nhật thành công! (1426.0 < 1610.0). Ghi đè dữ liệu!
2026-05-04 18:14:52,763 - ------------------------------------------------------------
2026-05-04 18:14:52,763 - Đang xử lý: A-n48-k7 (N=48, K=7) | BKS: 1073.0 | Neighbors: 9
2026-05-04 18:34:53,177 -   [Kết quả] Cost = 1587.00 | Gap = 47.90% | Time: 1200.4s | Trạng thái: TIMEOUT_WITH_SOL
2026-05-04 18:34:53,178 -   [CSV] Cập nhật thành công! (1587.0 < 1707.0). Ghi đè dữ liệu!
2026-05-04 18:34:53,178 - ------------------------------------------------------------
2026-05-04 18:34:53,178 - Đang xử lý: A-n53-k7 (N=53, K=7) | BKS: 1010.0 | Neighbors: 9
2026-05-04 18:34:53,185 -   ❌ [LỖI] Cannot reduce the number of routes - Trạng thái: CW_UNSAT
2026-05-04 18:34:53,185 -   [CSV] Nghiệm mới không tốt hơn (inf >= inf). Bỏ qua, cộng Runs.
2026-05-04 18:34:53,186 - ------------------------------------------------------------
2026-05-04 18:34:53,186 - Đang xử lý: A-n54-k7 (N=54, K=7) | BKS: 1167.0 | Neighbors: 9
2026-05-04 18:34:53,193 -   ❌ [LỖI] Cannot reduce the number of routes - Trạng thái: CW_UNSAT
2026-05-04 18:34:53,194 -   [CSV] Nghiệm mới không tốt hơn (inf >= inf). Bỏ qua, cộng Runs.
2026-05-04 18:34:53,194 - ------------------------------------------------------------
2026-05-04 18:34:53,195 - Đang xử lý: A-n55-k9 (N=55, K=9) | BKS: 1073.0 | Neighbors: 9
2026-05-04 18:46:44,182 -   [Kết quả] Cost = 1679.00 | Gap = 56.48% | Time: 711.0s | Trạng thái: SUCCESS
2026-05-04 18:46:44,183 -   [CSV] Cập nhật thành công! (1679.0 < 1890.0). Ghi đè dữ liệu!
2026-05-04 18:46:44,184 - ------------------------------------------------------------
2026-05-04 18:46:44,184 - Đang xử lý: A-n60-k9 (N=60, K=9) | BKS: 1354.0 | Neighbors: 9
2026-05-04 19:06:45,019 -   [Kết quả] Cost = 2059.00 | Gap = 52.07% | Time: 1200.8s | Trạng thái: TIMEOUT_WITH_SOL
2026-05-04 19:06:45,020 -   [CSV] Cập nhật thành công! (2059.0 < 2074.0). Ghi đè dữ liệu!
2026-05-04 19:06:45,020 - ------------------------------------------------------------
2026-05-04 19:06:45,020 - Đang xử lý: A-n61-k9 (N=61, K=9) | BKS: 1034.0 | Neighbors: 9
2026-05-04 19:06:45,029 -   ❌ [LỖI] Cannot reduce the number of routes - Trạng thái: CW_UNSAT
2026-05-04 19:06:45,030 -   [CSV] Nghiệm mới không tốt hơn (inf >= inf). Bỏ qua, cộng Runs.
2026-05-04 19:06:45,030 - ------------------------------------------------------------
2026-05-04 19:06:45,030 - Đang xử lý: A-n62-k8 (N=62, K=8) | BKS: 1288.0 | Neighbors: 9
2026-05-04 19:06:45,040 -   ❌ [LỖI] Cannot reduce the number of routes - Trạng thái: CW_UNSAT
2026-05-04 19:06:45,040 -   [CSV] Nghiệm mới không tốt hơn (inf >= inf). Bỏ qua, cộng Runs.
2026-05-04 19:06:45,041 - ------------------------------------------------------------
2026-05-04 19:06:45,041 - Đang xử lý: A-n63-k10 (N=63, K=10) | BKS: 1314.0 | Neighbors: 9
2026-05-04 19:06:45,051 -   ❌ [LỖI] Cannot reduce the number of routes - Trạng thái: CW_UNSAT
2026-05-04 19:06:45,052 -   [CSV] Nghiệm mới không tốt hơn (inf >= inf). Bỏ qua, cộng Runs.
2026-05-04 19:06:45,052 - ------------------------------------------------------------
2026-05-04 19:06:45,052 - Đang xử lý: A-n63-k9 (N=63, K=9) | BKS: 1616.0 | Neighbors: 9
2026-05-04 19:06:45,062 -   ❌ [LỖI] Cannot reduce the number of routes - Trạng thái: CW_UNSAT
2026-05-04 19:06:45,063 -   [CSV] Nghiệm mới không tốt hơn (inf >= inf). Bỏ qua, cộng Runs.
2026-05-04 19:06:45,064 - ------------------------------------------------------------
2026-05-04 19:06:45,064 - Đang xử lý: A-n64-k9 (N=64, K=9) | BKS: 1401.0 | Neighbors: 9
2026-05-04 19:26:46,132 -   [Kết quả] Cost = 1935.00 | Gap = 38.12% | Time: 1201.1s | Trạng thái: TIMEOUT_WITH_SOL
2026-05-04 19:26:46,133 -   [CSV] Cập nhật thành công! (1935.0 < 2041.0). Ghi đè dữ liệu!
2026-05-04 19:26:46,134 - ------------------------------------------------------------
2026-05-04 19:26:46,134 - Đang xử lý: A-n65-k9 (N=65, K=9) | BKS: 1174.0 | Neighbors: 9
2026-05-04 19:26:46,144 -   ❌ [LỖI] Cannot reduce the number of routes - Trạng thái: CW_UNSAT
2026-05-04 19:26:46,145 -   [CSV] Nghiệm mới không tốt hơn (inf >= inf). Bỏ qua, cộng Runs.
2026-05-04 19:26:46,145 - ------------------------------------------------------------
2026-05-04 19:26:46,145 - Đang xử lý: A-n69-k9 (N=69, K=9) | BKS: 1159.0 | Neighbors: 9
2026-05-04 19:46:47,303 -   [Kết quả] Cost = 2008.00 | Gap = 73.25% | Time: 1201.2s | Trạng thái: TIMEOUT_WITH_SOL
2026-05-04 19:46:47,303 -   [CSV] Cập nhật thành công! (2008.0 < 2075.0). Ghi đè dữ liệu!
2026-05-04 19:46:47,304 - ------------------------------------------------------------
2026-05-04 19:46:47,304 - Đang xử lý: A-n80-k10 (N=80, K=10) | BKS: 1763.0 | Neighbors: 9
2026-05-04 19:46:47,319 -   ❌ [LỖI] Cannot reduce the number of routes - Trạng thái: CW_UNSAT
2026-05-04 19:46:47,320 -   [CSV] Nghiệm mới không tốt hơn (inf >= inf). Bỏ qua, cộng Runs.
