2026-05-07 01:00:59,674 - === BẮT ĐẦU BENCHMARK OLD SOTA (FERREIRA) - CHẾ ĐỘ RESUME | TẬP X ===
2026-05-07 01:00:59,674 - Đã tìm thấy 48 instance hoàn thành trong /home/thanhhuy/Documents/PedroCLone/CVRP/CVRP_AdvancedCW/old_solution/results/benchmark_X_ferreira.csv. Sẽ tiến hành bỏ qua.
2026-05-07 01:00:59,674 - ------------------------------------------------------------
2026-05-07 01:00:59,674 - ⏩ BỎ QUA: X-n1001-k43 (Đã tồn tại trong file CSV)
2026-05-07 01:00:59,674 - ------------------------------------------------------------
2026-05-07 01:00:59,674 - ⏩ BỎ QUA: X-n106-k14 (Đã tồn tại trong file CSV)
2026-05-07 01:00:59,674 - ------------------------------------------------------------
2026-05-07 01:00:59,674 - ⏩ BỎ QUA: X-n110-k13 (Đã tồn tại trong file CSV)
2026-05-07 01:00:59,674 - ------------------------------------------------------------
2026-05-07 01:00:59,675 - ⏩ BỎ QUA: X-n115-k10 (Đã tồn tại trong file CSV)
2026-05-07 01:00:59,675 - ------------------------------------------------------------
2026-05-07 01:00:59,675 - ⏩ BỎ QUA: X-n120-k6 (Đã tồn tại trong file CSV)
2026-05-07 01:00:59,675 - ------------------------------------------------------------
2026-05-07 01:00:59,675 - ⏩ BỎ QUA: X-n125-k30 (Đã tồn tại trong file CSV)
2026-05-07 01:00:59,675 - ------------------------------------------------------------
2026-05-07 01:00:59,675 - ⏩ BỎ QUA: X-n129-k18 (Đã tồn tại trong file CSV)
2026-05-07 01:00:59,675 - ------------------------------------------------------------
2026-05-07 01:00:59,675 - ⏩ BỎ QUA: X-n134-k13 (Đã tồn tại trong file CSV)
2026-05-07 01:00:59,675 - ------------------------------------------------------------
2026-05-07 01:00:59,675 - ⏩ BỎ QUA: X-n139-k10 (Đã tồn tại trong file CSV)
2026-05-07 01:00:59,675 - ------------------------------------------------------------
2026-05-07 01:00:59,675 - ⏩ BỎ QUA: X-n143-k7 (Đã tồn tại trong file CSV)
2026-05-07 01:00:59,675 - ------------------------------------------------------------
2026-05-07 01:00:59,675 - ⏩ BỎ QUA: X-n148-k46 (Đã tồn tại trong file CSV)
2026-05-07 01:00:59,675 - ------------------------------------------------------------
2026-05-07 01:00:59,675 - ⏩ BỎ QUA: X-n153-k22 (Đã tồn tại trong file CSV)
2026-05-07 01:00:59,675 - ------------------------------------------------------------
2026-05-07 01:00:59,675 - ⏩ BỎ QUA: X-n157-k13 (Đã tồn tại trong file CSV)
2026-05-07 01:00:59,675 - ------------------------------------------------------------
2026-05-07 01:00:59,675 - ⏩ BỎ QUA: X-n162-k11 (Đã tồn tại trong file CSV)
2026-05-07 01:00:59,676 - ------------------------------------------------------------
2026-05-07 01:00:59,676 - ⏩ BỎ QUA: X-n167-k10 (Đã tồn tại trong file CSV)
2026-05-07 01:00:59,676 - ------------------------------------------------------------
2026-05-07 01:00:59,676 - ⏩ BỎ QUA: X-n172-k51 (Đã tồn tại trong file CSV)
2026-05-07 01:00:59,676 - ------------------------------------------------------------
2026-05-07 01:00:59,676 - ⏩ BỎ QUA: X-n176-k26 (Đã tồn tại trong file CSV)
2026-05-07 01:00:59,676 - ------------------------------------------------------------
2026-05-07 01:00:59,676 - ⏩ BỎ QUA: X-n181-k23 (Đã tồn tại trong file CSV)
2026-05-07 01:00:59,676 - ------------------------------------------------------------
2026-05-07 01:00:59,676 - ⏩ BỎ QUA: X-n186-k15 (Đã tồn tại trong file CSV)
2026-05-07 01:00:59,676 - ------------------------------------------------------------
2026-05-07 01:00:59,676 - ⏩ BỎ QUA: X-n190-k8 (Đã tồn tại trong file CSV)
2026-05-07 01:00:59,676 - ------------------------------------------------------------
2026-05-07 01:00:59,676 - ⏩ BỎ QUA: X-n195-k51 (Đã tồn tại trong file CSV)
2026-05-07 01:00:59,676 - ------------------------------------------------------------
2026-05-07 01:00:59,676 - ⏩ BỎ QUA: X-n200-k36 (Đã tồn tại trong file CSV)
2026-05-07 01:00:59,676 - ------------------------------------------------------------
2026-05-07 01:00:59,676 - ⏩ BỎ QUA: X-n204-k19 (Đã tồn tại trong file CSV)
2026-05-07 01:00:59,676 - ------------------------------------------------------------
2026-05-07 01:00:59,676 - ⏩ BỎ QUA: X-n209-k16 (Đã tồn tại trong file CSV)
2026-05-07 01:00:59,676 - ------------------------------------------------------------
2026-05-07 01:00:59,676 - ⏩ BỎ QUA: X-n214-k11 (Đã tồn tại trong file CSV)
2026-05-07 01:00:59,676 - ------------------------------------------------------------
2026-05-07 01:00:59,676 - ⏩ BỎ QUA: X-n219-k73 (Đã tồn tại trong file CSV)
2026-05-07 01:00:59,676 - ------------------------------------------------------------
2026-05-07 01:00:59,677 - ⏩ BỎ QUA: X-n223-k34 (Đã tồn tại trong file CSV)
2026-05-07 01:00:59,677 - ------------------------------------------------------------
2026-05-07 01:00:59,677 - ⏩ BỎ QUA: X-n228-k23 (Đã tồn tại trong file CSV)
2026-05-07 01:00:59,677 - ------------------------------------------------------------
2026-05-07 01:00:59,677 - ⏩ BỎ QUA: X-n233-k16 (Đã tồn tại trong file CSV)
2026-05-07 01:00:59,677 - ------------------------------------------------------------
2026-05-07 01:00:59,677 - ⏩ BỎ QUA: X-n237-k14 (Đã tồn tại trong file CSV)
2026-05-07 01:00:59,677 - ------------------------------------------------------------
2026-05-07 01:00:59,677 - ⏩ BỎ QUA: X-n242-k48 (Đã tồn tại trong file CSV)
2026-05-07 01:00:59,677 - ------------------------------------------------------------
2026-05-07 01:00:59,677 - ⏩ BỎ QUA: X-n247-k50 (Đã tồn tại trong file CSV)
2026-05-07 01:00:59,677 - ------------------------------------------------------------
2026-05-07 01:00:59,677 - ⏩ BỎ QUA: X-n251-k28 (Đã tồn tại trong file CSV)
2026-05-07 01:00:59,677 - ------------------------------------------------------------
2026-05-07 01:00:59,677 - ⏩ BỎ QUA: X-n256-k16 (Đã tồn tại trong file CSV)
2026-05-07 01:00:59,677 - ------------------------------------------------------------
2026-05-07 01:00:59,677 - ⏩ BỎ QUA: X-n261-k13 (Đã tồn tại trong file CSV)
2026-05-07 01:00:59,677 - ------------------------------------------------------------
2026-05-07 01:00:59,677 - ⏩ BỎ QUA: X-n266-k58 (Đã tồn tại trong file CSV)
2026-05-07 01:00:59,677 - ------------------------------------------------------------
2026-05-07 01:00:59,677 - ⏩ BỎ QUA: X-n270-k35 (Đã tồn tại trong file CSV)
2026-05-07 01:00:59,677 - ------------------------------------------------------------
2026-05-07 01:00:59,677 - ⏩ BỎ QUA: X-n275-k28 (Đã tồn tại trong file CSV)
2026-05-07 01:00:59,677 - ------------------------------------------------------------
2026-05-07 01:00:59,678 - ⏩ BỎ QUA: X-n280-k17 (Đã tồn tại trong file CSV)
2026-05-07 01:00:59,678 - ------------------------------------------------------------
2026-05-07 01:00:59,678 - ⏩ BỎ QUA: X-n284-k15 (Đã tồn tại trong file CSV)
2026-05-07 01:00:59,678 - ------------------------------------------------------------
2026-05-07 01:00:59,678 - ⏩ BỎ QUA: X-n289-k60 (Đã tồn tại trong file CSV)
2026-05-07 01:00:59,678 - ------------------------------------------------------------
2026-05-07 01:00:59,678 - ⏩ BỎ QUA: X-n294-k50 (Đã tồn tại trong file CSV)
2026-05-07 01:00:59,678 - ------------------------------------------------------------
2026-05-07 01:00:59,678 - ⏩ BỎ QUA: X-n298-k31 (Đã tồn tại trong file CSV)
2026-05-07 01:00:59,678 - ------------------------------------------------------------
2026-05-07 01:00:59,678 - ⏩ BỎ QUA: X-n303-k21 (Đã tồn tại trong file CSV)
2026-05-07 01:00:59,678 - ------------------------------------------------------------
2026-05-07 01:00:59,678 - ⏩ BỎ QUA: X-n308-k13 (Đã tồn tại trong file CSV)
2026-05-07 01:00:59,678 - ------------------------------------------------------------
2026-05-07 01:00:59,678 - ⏩ BỎ QUA: X-n313-k71 (Đã tồn tại trong file CSV)
2026-05-07 01:00:59,678 - ------------------------------------------------------------
2026-05-07 01:00:59,678 - ⏩ BỎ QUA: X-n317-k53 (Đã tồn tại trong file CSV)
2026-05-07 01:00:59,678 - ------------------------------------------------------------
2026-05-07 01:00:59,678 - ⏩ BỎ QUA: X-n322-k28 (Đã tồn tại trong file CSV)
2026-05-07 01:00:59,679 - ------------------------------------------------------------
2026-05-07 01:00:59,679 - Đang xử lý: X-n327-k20 (N=327, K=20) | BKS: 27532.0 | Neighbors: 7
2026-05-07 01:22:11,468 -   [Kết quả] Cost = 0.00 | Gap = -100.00% | Time: 1271.8s | Trạng thái: TIMEOUT_WITH_SOL
2026-05-07 01:22:11,469 - ------------------------------------------------------------
2026-05-07 01:22:11,470 - Đang xử lý: X-n331-k15 (N=331, K=15) | BKS: 31102.0 | Neighbors: 7
2026-05-07 01:43:06,406 -   [Kết quả] Cost = 0.00 | Gap = -100.00% | Time: 1254.9s | Trạng thái: TIMEOUT_WITH_SOL
2026-05-07 01:43:06,411 - ------------------------------------------------------------
2026-05-07 01:43:06,411 - Đang xử lý: X-n336-k84 (N=336, K=84) | BKS: 139111.0 | Neighbors: 7
2026-05-07 01:43:06,686 -   ❌ [LỖI] Cannot reduce the number of routes - Trạng thái: CW_UNSAT
2026-05-07 01:43:06,697 - ------------------------------------------------------------
2026-05-07 01:43:06,697 - Đang xử lý: X-n344-k43 (N=344, K=43) | BKS: 42050.0 | Neighbors: 7
2026-05-07 01:43:06,964 -   ❌ [LỖI] Cannot reduce the number of routes - Trạng thái: CW_UNSAT
2026-05-07 01:43:06,975 - ------------------------------------------------------------
2026-05-07 01:43:06,975 - Đang xử lý: X-n351-k40 (N=351, K=40) | BKS: 25896.0 | Neighbors: 7
2026-05-07 01:43:07,260 -   ❌ [LỖI] Cannot reduce the number of routes - Trạng thái: CW_UNSAT
2026-05-07 01:43:07,272 - ------------------------------------------------------------
2026-05-07 01:43:07,273 - Đang xử lý: X-n359-k29 (N=359, K=29) | BKS: 51505.0 | Neighbors: 7
2026-05-07 01:43:07,543 -   ❌ [LỖI] Cannot reduce the number of routes - Trạng thái: CW_UNSAT
2026-05-07 01:43:07,555 - ------------------------------------------------------------
2026-05-07 01:43:07,556 - Đang xử lý: X-n367-k17 (N=367, K=17) | BKS: 22814.0 | Neighbors: 7
2026-05-07 01:43:07,854 -   ❌ [LỖI] Cannot reduce the number of routes - Trạng thái: CW_UNSAT
2026-05-07 01:43:07,867 - ------------------------------------------------------------
2026-05-07 01:43:07,867 - Đang xử lý: X-n376-k94 (N=376, K=94) | BKS: 147713.0 | Neighbors: 7
