2026-05-05 22:15:12,903 - === BẮT ĐẦU BENCHMARK OLD SOTA (FERREIRA) | TẬP P ===
2026-05-05 22:15:12,908 - ------------------------------------------------------------
2026-05-05 22:15:12,908 - Đang xử lý: P-n101-k4 (N=101, K=4) | BKS: 681.0 | Neighbors: 9
2026-05-05 22:35:14,295 -   [Kết quả] Cost = 1124.00 | Gap = 65.05% | Time: 1201.4s | Trạng thái: TIMEOUT_WITH_SOL
2026-05-05 22:35:14,305 - ------------------------------------------------------------
2026-05-05 22:35:14,305 - Đang xử lý: P-n16-k8 (N=16, K=8) | BKS: 450.0 | Neighbors: 9
2026-05-05 22:35:14,384 -   [Kết quả] Cost = 461.00 | Gap = 2.44% | Time: 0.1s | Trạng thái: SUCCESS
2026-05-05 22:35:14,389 - ------------------------------------------------------------
2026-05-05 22:35:14,390 - Đang xử lý: P-n19-k2 (N=19, K=2) | BKS: 212.0 | Neighbors: 9
2026-05-05 22:42:48,135 -   [Kết quả] Cost = 229.00 | Gap = 8.02% | Time: 453.7s | Trạng thái: SUCCESS
2026-05-05 22:42:48,139 - ------------------------------------------------------------
2026-05-05 22:42:48,139 - Đang xử lý: P-n20-k2 (N=20, K=2) | BKS: 216.0 | Neighbors: 9
2026-05-05 23:02:48,169 -   [Kết quả] Cost = 225.00 | Gap = 4.17% | Time: 1200.0s | Trạng thái: TIMEOUT_WITH_SOL
2026-05-05 23:02:48,174 - ------------------------------------------------------------
2026-05-05 23:02:48,174 - Đang xử lý: P-n21-k2 (N=21, K=2) | BKS: 211.0 | Neighbors: 9
2026-05-05 23:22:48,206 -   [Kết quả] Cost = 231.00 | Gap = 9.48% | Time: 1200.0s | Trạng thái: TIMEOUT_WITH_SOL
2026-05-05 23:22:48,207 - ------------------------------------------------------------
2026-05-05 23:22:48,207 - Đang xử lý: P-n22-k2 (N=22, K=2) | BKS: 216.0 | Neighbors: 9
2026-05-05 23:42:48,239 -   [Kết quả] Cost = 226.00 | Gap = 4.63% | Time: 1200.0s | Trạng thái: TIMEOUT_WITH_SOL
2026-05-05 23:42:48,244 - ------------------------------------------------------------
2026-05-05 23:42:48,244 - Đang xử lý: P-n22-k8 (N=22, K=8) | BKS: 603.0 | Neighbors: 9
2026-05-05 23:42:48,245 -   ❌ [LỖI] Cannot reduce the number of routes - Trạng thái: CW_UNSAT
2026-05-05 23:42:48,252 - ------------------------------------------------------------
2026-05-05 23:42:48,253 - Đang xử lý: P-n23-k8 (N=23, K=8) | BKS: 529.0 | Neighbors: 9
2026-05-05 23:42:48,254 -   ❌ [LỖI] Cannot reduce the number of routes - Trạng thái: CW_UNSAT
2026-05-05 23:42:48,255 - ------------------------------------------------------------
2026-05-05 23:42:48,255 - Đang xử lý: P-n40-k5 (N=40, K=5) | BKS: 458.0 | Neighbors: 9
2026-05-06 00:02:48,463 -   [Kết quả] Cost = 608.00 | Gap = 32.75% | Time: 1200.2s | Trạng thái: TIMEOUT_WITH_SOL
2026-05-06 00:02:48,467 - ------------------------------------------------------------
2026-05-06 00:02:48,467 - Đang xử lý: P-n45-k5 (N=45, K=5) | BKS: 510.0 | Neighbors: 9
2026-05-06 00:22:48,755 -   [Kết quả] Cost = 650.00 | Gap = 27.45% | Time: 1200.3s | Trạng thái: TIMEOUT_WITH_SOL
2026-05-06 00:22:48,767 - ------------------------------------------------------------
2026-05-06 00:22:48,767 - Đang xử lý: P-n50-k10 (N=50, K=10) | BKS: 696.0 | Neighbors: 9
2026-05-06 00:22:48,773 -   ❌ [LỖI] Cannot reduce the number of routes - Trạng thái: CW_UNSAT
2026-05-06 00:22:48,774 - ------------------------------------------------------------
2026-05-06 00:22:48,774 - Đang xử lý: P-n50-k7 (N=50, K=7) | BKS: 554.0 | Neighbors: 9
2026-05-06 00:42:49,268 -   [Kết quả] Cost = 798.00 | Gap = 44.04% | Time: 1200.5s | Trạng thái: TIMEOUT_WITH_SOL
2026-05-06 00:42:49,273 - ------------------------------------------------------------
2026-05-06 00:42:49,273 - Đang xử lý: P-n50-k8 (N=50, K=8) | BKS: 631.0 | Neighbors: 9
2026-05-06 00:42:49,279 -   ❌ [LỖI] Cannot reduce the number of routes - Trạng thái: CW_UNSAT
2026-05-06 00:42:49,281 - ------------------------------------------------------------
2026-05-06 00:42:49,281 - Đang xử lý: P-n51-k10 (N=51, K=10) | BKS: 741.0 | Neighbors: 9
2026-05-06 00:42:49,287 -   ❌ [LỖI] Cannot reduce the number of routes - Trạng thái: CW_UNSAT
2026-05-06 00:42:49,289 - ------------------------------------------------------------
2026-05-06 00:42:49,289 - Đang xử lý: P-n55-k10 (N=55, K=10) | BKS: 694.0 | Neighbors: 9
2026-05-06 01:02:50,075 -   [Kết quả] Cost = 1086.00 | Gap = 56.48% | Time: 1200.8s | Trạng thái: TIMEOUT_WITH_SOL
2026-05-06 01:02:50,080 - ------------------------------------------------------------
2026-05-06 01:02:50,080 - Đang xử lý: P-n55-k15 (N=55, K=15) | BKS: 989.0 | Neighbors: 9
2026-05-06 01:02:50,088 -   ❌ [LỖI] Cannot reduce the number of routes - Trạng thái: CW_UNSAT
2026-05-06 01:02:50,089 - ------------------------------------------------------------
2026-05-06 01:02:50,090 - Đang xử lý: P-n55-k7 (N=55, K=7) | BKS: 568.0 | Neighbors: 9
2026-05-06 01:22:50,646 -   [Kết quả] Cost = 948.00 | Gap = 66.90% | Time: 1200.6s | Trạng thái: TIMEOUT_WITH_SOL
2026-05-06 01:22:50,651 - ------------------------------------------------------------
2026-05-06 01:22:50,651 - Đang xử lý: P-n55-k8 (N=55, K=8) | BKS: 588.0 | Neighbors: 9
2026-05-06 01:42:51,277 -   [Kết quả] Cost = 946.00 | Gap = 60.88% | Time: 1200.6s | Trạng thái: TIMEOUT_WITH_SOL
2026-05-06 01:42:51,282 - ------------------------------------------------------------
2026-05-06 01:42:51,282 - Đang xử lý: P-n60-k10 (N=60, K=10) | BKS: 744.0 | Neighbors: 9
2026-05-06 01:42:51,290 -   ❌ [LỖI] Cannot reduce the number of routes - Trạng thái: CW_UNSAT
2026-05-06 01:42:51,292 - ------------------------------------------------------------
2026-05-06 01:42:51,292 - Đang xử lý: P-n60-k15 (N=60, K=15) | BKS: 968.0 | Neighbors: 9
2026-05-06 01:42:51,300 -   ❌ [LỖI] Cannot reduce the number of routes - Trạng thái: CW_UNSAT
2026-05-06 01:42:51,301 - ------------------------------------------------------------
2026-05-06 01:42:51,301 - Đang xử lý: P-n65-k10 (N=65, K=10) | BKS: 792.0 | Neighbors: 9
2026-05-06 01:42:51,312 -   ❌ [LỖI] Cannot reduce the number of routes - Trạng thái: CW_UNSAT
2026-05-06 01:42:51,313 - ------------------------------------------------------------
2026-05-06 01:42:51,313 - Đang xử lý: P-n70-k10 (N=70, K=10) | BKS: 827.0 | Neighbors: 9
2026-05-06 01:42:51,326 -   ❌ [LỖI] Cannot reduce the number of routes - Trạng thái: CW_UNSAT
2026-05-06 01:42:51,327 - ------------------------------------------------------------
2026-05-06 01:42:51,327 - Đang xử lý: P-n76-k4 (N=76, K=4) | BKS: 593.0 | Neighbors: 9
2026-05-06 01:42:51,340 -   ❌ [LỖI] Cannot reduce the number of routes - Trạng thái: CW_UNSAT
2026-05-06 01:42:51,341 - ------------------------------------------------------------
2026-05-06 01:42:51,341 - Đang xử lý: P-n76-k5 (N=76, K=5) | BKS: 627.0 | Neighbors: 9
2026-05-06 01:42:51,355 -   ❌ [LỖI] Cannot reduce the number of routes - Trạng thái: CW_UNSAT
