2026-05-07 07:52:17,247 - === BẮT ĐẦU BENCHMARK OLD SOTA (FERREIRA) - CHẾ ĐỘ RESUME | TẬP X ===
2026-05-07 07:52:17,247 - Đã tìm thấy 80 instance hoàn thành trong /home/thanhhuy/Documents/PedroCLone/CVRP/CVRP_AdvancedCW/old_solution/results/benchmark_X_ferreira.csv. Sẽ tiến hành bỏ qua.
2026-05-07 07:52:17,247 - ------------------------------------------------------------
2026-05-07 07:52:17,247 - ⏩ BỎ QUA: X-n1001-k43 (Đã tồn tại trong file CSV)
2026-05-07 07:52:17,247 - ------------------------------------------------------------
2026-05-07 07:52:17,247 - ⏩ BỎ QUA: X-n106-k14 (Đã tồn tại trong file CSV)
2026-05-07 07:52:17,247 - ------------------------------------------------------------
2026-05-07 07:52:17,247 - ⏩ BỎ QUA: X-n110-k13 (Đã tồn tại trong file CSV)
2026-05-07 07:52:17,247 - ------------------------------------------------------------
2026-05-07 07:52:17,247 - ⏩ BỎ QUA: X-n115-k10 (Đã tồn tại trong file CSV)
2026-05-07 07:52:17,247 - ------------------------------------------------------------
2026-05-07 07:52:17,247 - ⏩ BỎ QUA: X-n120-k6 (Đã tồn tại trong file CSV)
2026-05-07 07:52:17,247 - ------------------------------------------------------------
2026-05-07 07:52:17,247 - ⏩ BỎ QUA: X-n125-k30 (Đã tồn tại trong file CSV)
2026-05-07 07:52:17,248 - ------------------------------------------------------------
2026-05-07 07:52:17,248 - ⏩ BỎ QUA: X-n129-k18 (Đã tồn tại trong file CSV)
2026-05-07 07:52:17,248 - ------------------------------------------------------------
2026-05-07 07:52:17,248 - ⏩ BỎ QUA: X-n134-k13 (Đã tồn tại trong file CSV)
2026-05-07 07:52:17,248 - ------------------------------------------------------------
2026-05-07 07:52:17,248 - ⏩ BỎ QUA: X-n139-k10 (Đã tồn tại trong file CSV)
2026-05-07 07:52:17,248 - ------------------------------------------------------------
2026-05-07 07:52:17,248 - ⏩ BỎ QUA: X-n143-k7 (Đã tồn tại trong file CSV)
2026-05-07 07:52:17,248 - ------------------------------------------------------------
2026-05-07 07:52:17,248 - ⏩ BỎ QUA: X-n148-k46 (Đã tồn tại trong file CSV)
2026-05-07 07:52:17,248 - ------------------------------------------------------------
2026-05-07 07:52:17,248 - ⏩ BỎ QUA: X-n153-k22 (Đã tồn tại trong file CSV)
2026-05-07 07:52:17,248 - ------------------------------------------------------------
2026-05-07 07:52:17,248 - ⏩ BỎ QUA: X-n157-k13 (Đã tồn tại trong file CSV)
2026-05-07 07:52:17,248 - ------------------------------------------------------------
2026-05-07 07:52:17,248 - ⏩ BỎ QUA: X-n162-k11 (Đã tồn tại trong file CSV)
2026-05-07 07:52:17,248 - ------------------------------------------------------------
2026-05-07 07:52:17,248 - ⏩ BỎ QUA: X-n167-k10 (Đã tồn tại trong file CSV)
2026-05-07 07:52:17,248 - ------------------------------------------------------------
2026-05-07 07:52:17,248 - ⏩ BỎ QUA: X-n172-k51 (Đã tồn tại trong file CSV)
2026-05-07 07:52:17,248 - ------------------------------------------------------------
2026-05-07 07:52:17,248 - ⏩ BỎ QUA: X-n176-k26 (Đã tồn tại trong file CSV)
2026-05-07 07:52:17,248 - ------------------------------------------------------------
2026-05-07 07:52:17,248 - ⏩ BỎ QUA: X-n181-k23 (Đã tồn tại trong file CSV)
2026-05-07 07:52:17,248 - ------------------------------------------------------------
2026-05-07 07:52:17,248 - ⏩ BỎ QUA: X-n186-k15 (Đã tồn tại trong file CSV)
2026-05-07 07:52:17,248 - ------------------------------------------------------------
2026-05-07 07:52:17,249 - ⏩ BỎ QUA: X-n190-k8 (Đã tồn tại trong file CSV)
2026-05-07 07:52:17,249 - ------------------------------------------------------------
2026-05-07 07:52:17,249 - ⏩ BỎ QUA: X-n195-k51 (Đã tồn tại trong file CSV)
2026-05-07 07:52:17,249 - ------------------------------------------------------------
2026-05-07 07:52:17,249 - ⏩ BỎ QUA: X-n200-k36 (Đã tồn tại trong file CSV)
2026-05-07 07:52:17,249 - ------------------------------------------------------------
2026-05-07 07:52:17,249 - ⏩ BỎ QUA: X-n204-k19 (Đã tồn tại trong file CSV)
2026-05-07 07:52:17,249 - ------------------------------------------------------------
2026-05-07 07:52:17,249 - ⏩ BỎ QUA: X-n209-k16 (Đã tồn tại trong file CSV)
2026-05-07 07:52:17,249 - ------------------------------------------------------------
2026-05-07 07:52:17,249 - ⏩ BỎ QUA: X-n214-k11 (Đã tồn tại trong file CSV)
2026-05-07 07:52:17,249 - ------------------------------------------------------------
2026-05-07 07:52:17,249 - ⏩ BỎ QUA: X-n219-k73 (Đã tồn tại trong file CSV)
2026-05-07 07:52:17,249 - ------------------------------------------------------------
2026-05-07 07:52:17,249 - ⏩ BỎ QUA: X-n223-k34 (Đã tồn tại trong file CSV)
2026-05-07 07:52:17,249 - ------------------------------------------------------------
2026-05-07 07:52:17,249 - ⏩ BỎ QUA: X-n228-k23 (Đã tồn tại trong file CSV)
2026-05-07 07:52:17,249 - ------------------------------------------------------------
2026-05-07 07:52:17,249 - ⏩ BỎ QUA: X-n233-k16 (Đã tồn tại trong file CSV)
2026-05-07 07:52:17,249 - ------------------------------------------------------------
2026-05-07 07:52:17,249 - ⏩ BỎ QUA: X-n237-k14 (Đã tồn tại trong file CSV)
2026-05-07 07:52:17,249 - ------------------------------------------------------------
2026-05-07 07:52:17,249 - ⏩ BỎ QUA: X-n242-k48 (Đã tồn tại trong file CSV)
2026-05-07 07:52:17,249 - ------------------------------------------------------------
2026-05-07 07:52:17,249 - ⏩ BỎ QUA: X-n247-k50 (Đã tồn tại trong file CSV)
2026-05-07 07:52:17,249 - ------------------------------------------------------------
2026-05-07 07:52:17,250 - ⏩ BỎ QUA: X-n251-k28 (Đã tồn tại trong file CSV)
2026-05-07 07:52:17,250 - ------------------------------------------------------------
2026-05-07 07:52:17,250 - ⏩ BỎ QUA: X-n256-k16 (Đã tồn tại trong file CSV)
2026-05-07 07:52:17,250 - ------------------------------------------------------------
2026-05-07 07:52:17,250 - ⏩ BỎ QUA: X-n261-k13 (Đã tồn tại trong file CSV)
2026-05-07 07:52:17,250 - ------------------------------------------------------------
2026-05-07 07:52:17,250 - ⏩ BỎ QUA: X-n266-k58 (Đã tồn tại trong file CSV)
2026-05-07 07:52:17,250 - ------------------------------------------------------------
2026-05-07 07:52:17,250 - ⏩ BỎ QUA: X-n270-k35 (Đã tồn tại trong file CSV)
2026-05-07 07:52:17,250 - ------------------------------------------------------------
2026-05-07 07:52:17,250 - ⏩ BỎ QUA: X-n275-k28 (Đã tồn tại trong file CSV)
2026-05-07 07:52:17,250 - ------------------------------------------------------------
2026-05-07 07:52:17,250 - ⏩ BỎ QUA: X-n280-k17 (Đã tồn tại trong file CSV)
2026-05-07 07:52:17,250 - ------------------------------------------------------------
2026-05-07 07:52:17,250 - ⏩ BỎ QUA: X-n284-k15 (Đã tồn tại trong file CSV)
2026-05-07 07:52:17,250 - ------------------------------------------------------------
2026-05-07 07:52:17,250 - ⏩ BỎ QUA: X-n289-k60 (Đã tồn tại trong file CSV)
2026-05-07 07:52:17,250 - ------------------------------------------------------------
2026-05-07 07:52:17,250 - ⏩ BỎ QUA: X-n294-k50 (Đã tồn tại trong file CSV)
2026-05-07 07:52:17,250 - ------------------------------------------------------------
2026-05-07 07:52:17,250 - ⏩ BỎ QUA: X-n298-k31 (Đã tồn tại trong file CSV)
2026-05-07 07:52:17,250 - ------------------------------------------------------------
2026-05-07 07:52:17,250 - ⏩ BỎ QUA: X-n303-k21 (Đã tồn tại trong file CSV)
2026-05-07 07:52:17,250 - ------------------------------------------------------------
2026-05-07 07:52:17,250 - ⏩ BỎ QUA: X-n308-k13 (Đã tồn tại trong file CSV)
2026-05-07 07:52:17,250 - ------------------------------------------------------------
2026-05-07 07:52:17,250 - ⏩ BỎ QUA: X-n313-k71 (Đã tồn tại trong file CSV)
2026-05-07 07:52:17,251 - ------------------------------------------------------------
2026-05-07 07:52:17,251 - ⏩ BỎ QUA: X-n317-k53 (Đã tồn tại trong file CSV)
2026-05-07 07:52:17,251 - ------------------------------------------------------------
2026-05-07 07:52:17,251 - ⏩ BỎ QUA: X-n322-k28 (Đã tồn tại trong file CSV)
2026-05-07 07:52:17,251 - ------------------------------------------------------------
2026-05-07 07:52:17,251 - ⏩ BỎ QUA: X-n327-k20 (Đã tồn tại trong file CSV)
2026-05-07 07:52:17,251 - ------------------------------------------------------------
2026-05-07 07:52:17,251 - ⏩ BỎ QUA: X-n331-k15 (Đã tồn tại trong file CSV)
2026-05-07 07:52:17,251 - ------------------------------------------------------------
2026-05-07 07:52:17,251 - ⏩ BỎ QUA: X-n336-k84 (Đã tồn tại trong file CSV)
2026-05-07 07:52:17,251 - ------------------------------------------------------------
2026-05-07 07:52:17,251 - ⏩ BỎ QUA: X-n344-k43 (Đã tồn tại trong file CSV)
2026-05-07 07:52:17,251 - ------------------------------------------------------------
2026-05-07 07:52:17,251 - ⏩ BỎ QUA: X-n351-k40 (Đã tồn tại trong file CSV)
2026-05-07 07:52:17,251 - ------------------------------------------------------------
2026-05-07 07:52:17,251 - ⏩ BỎ QUA: X-n359-k29 (Đã tồn tại trong file CSV)
2026-05-07 07:52:17,251 - ------------------------------------------------------------
2026-05-07 07:52:17,251 - ⏩ BỎ QUA: X-n367-k17 (Đã tồn tại trong file CSV)
2026-05-07 07:52:17,251 - ------------------------------------------------------------
2026-05-07 07:52:17,251 - ⏩ BỎ QUA: X-n376-k94 (Đã tồn tại trong file CSV)
2026-05-07 07:52:17,251 - ------------------------------------------------------------
2026-05-07 07:52:17,251 - ⏩ BỎ QUA: X-n384-k52 (Đã tồn tại trong file CSV)
2026-05-07 07:52:17,251 - ------------------------------------------------------------
2026-05-07 07:52:17,251 - ⏩ BỎ QUA: X-n393-k38 (Đã tồn tại trong file CSV)
2026-05-07 07:52:17,251 - ------------------------------------------------------------
2026-05-07 07:52:17,252 - ⏩ BỎ QUA: X-n401-k29 (Đã tồn tại trong file CSV)
2026-05-07 07:52:17,252 - ------------------------------------------------------------
2026-05-07 07:52:17,252 - ⏩ BỎ QUA: X-n411-k19 (Đã tồn tại trong file CSV)
2026-05-07 07:52:17,252 - ------------------------------------------------------------
2026-05-07 07:52:17,252 - ⏩ BỎ QUA: X-n420-k130 (Đã tồn tại trong file CSV)
2026-05-07 07:52:17,252 - ------------------------------------------------------------
2026-05-07 07:52:17,252 - ⏩ BỎ QUA: X-n429-k61 (Đã tồn tại trong file CSV)
2026-05-07 07:52:17,252 - ------------------------------------------------------------
2026-05-07 07:52:17,252 - ⏩ BỎ QUA: X-n439-k37 (Đã tồn tại trong file CSV)
2026-05-07 07:52:17,252 - ------------------------------------------------------------
2026-05-07 07:52:17,252 - ⏩ BỎ QUA: X-n449-k29 (Đã tồn tại trong file CSV)
2026-05-07 07:52:17,252 - ------------------------------------------------------------
2026-05-07 07:52:17,252 - ⏩ BỎ QUA: X-n459-k26 (Đã tồn tại trong file CSV)
2026-05-07 07:52:17,252 - ------------------------------------------------------------
2026-05-07 07:52:17,252 - ⏩ BỎ QUA: X-n469-k138 (Đã tồn tại trong file CSV)
2026-05-07 07:52:17,252 - ------------------------------------------------------------
2026-05-07 07:52:17,252 - ⏩ BỎ QUA: X-n480-k70 (Đã tồn tại trong file CSV)
2026-05-07 07:52:17,252 - ------------------------------------------------------------
2026-05-07 07:52:17,252 - ⏩ BỎ QUA: X-n491-k59 (Đã tồn tại trong file CSV)
2026-05-07 07:52:17,252 - ------------------------------------------------------------
2026-05-07 07:52:17,252 - ⏩ BỎ QUA: X-n502-k39 (Đã tồn tại trong file CSV)
2026-05-07 07:52:17,252 - ------------------------------------------------------------
2026-05-07 07:52:17,252 - ⏩ BỎ QUA: X-n513-k21 (Đã tồn tại trong file CSV)
2026-05-07 07:52:17,252 - ------------------------------------------------------------
2026-05-07 07:52:17,252 - ⏩ BỎ QUA: X-n524-k153 (Đã tồn tại trong file CSV)
2026-05-07 07:52:17,252 - ------------------------------------------------------------
2026-05-07 07:52:17,253 - ⏩ BỎ QUA: X-n536-k96 (Đã tồn tại trong file CSV)
2026-05-07 07:52:17,253 - ------------------------------------------------------------
2026-05-07 07:52:17,253 - ⏩ BỎ QUA: X-n548-k50 (Đã tồn tại trong file CSV)
2026-05-07 07:52:17,253 - ------------------------------------------------------------
2026-05-07 07:52:17,253 - ⏩ BỎ QUA: X-n561-k42 (Đã tồn tại trong file CSV)
2026-05-07 07:52:17,253 - ------------------------------------------------------------
2026-05-07 07:52:17,253 - ⏩ BỎ QUA: X-n573-k30 (Đã tồn tại trong file CSV)
2026-05-07 07:52:17,253 - ------------------------------------------------------------
2026-05-07 07:52:17,253 - ⏩ BỎ QUA: X-n586-k159 (Đã tồn tại trong file CSV)
2026-05-07 07:52:17,253 - ------------------------------------------------------------
2026-05-07 07:52:17,253 - ⏩ BỎ QUA: X-n599-k92 (Đã tồn tại trong file CSV)
2026-05-07 07:52:17,253 - ------------------------------------------------------------
2026-05-07 07:52:17,253 - ⏩ BỎ QUA: X-n613-k62 (Đã tồn tại trong file CSV)
2026-05-07 07:52:17,253 - ------------------------------------------------------------
2026-05-07 07:52:17,253 - ⏩ BỎ QUA: X-n627-k43 (Đã tồn tại trong file CSV)
2026-05-07 07:52:17,253 - ------------------------------------------------------------
2026-05-07 07:52:17,253 - ⏩ BỎ QUA: X-n641-k35 (Đã tồn tại trong file CSV)
2026-05-07 07:52:17,254 - ------------------------------------------------------------
2026-05-07 07:52:17,254 - Đang xử lý: X-n655-k131 (N=655, K=131) | BKS: 106780.0 | Neighbors: 3
