2026-05-11 12:42:28,616 - === BẮT ĐẦU BENCHMARK OLD SOTA (FERREIRA) | TẬP E ===
2026-05-11 12:42:28,617 - ------------------------------------------------------------
2026-05-11 12:42:28,617 - Đang xử lý: E-n101-k14 (N=101, K=14) | BKS: 1067.0 | Neighbors: 9
2026-05-11 13:02:30,526 -   [Kết quả] Cost = 1967.00 | Gap = 84.35% | Time: 1201.9s | Trạng thái: TIMEOUT_WITH_SOL
2026-05-11 13:02:30,527 - ------------------------------------------------------------
2026-05-11 13:02:30,527 - Đang xử lý: E-n101-k8 (N=101, K=8) | BKS: 815.0 | Neighbors: 9
2026-05-11 13:22:31,067 -   [Kết quả] Cost = 1292.00 | Gap = 58.53% | Time: 1200.5s | Trạng thái: TIMEOUT_WITH_SOL
2026-05-11 13:22:31,071 - ------------------------------------------------------------
2026-05-11 13:22:31,071 - Đang xử lý: E-n13-k4 (N=13, K=4) | BKS: 247.0 | Neighbors: 9
2026-05-11 13:22:31,204 -   [Kết quả] Cost = 319.00 | Gap = 29.15% | Time: 0.1s | Trạng thái: SUCCESS
2026-05-11 13:22:31,208 - ------------------------------------------------------------
2026-05-11 13:22:31,208 - Đang xử lý: E-n22-k4 (N=22, K=4) | BKS: 375.0 | Neighbors: 9
2026-05-11 13:22:31,213 -   ❌ [LỖI] Cannot reduce the number of routes - Trạng thái: CW_UNSAT
2026-05-11 13:22:31,214 - ------------------------------------------------------------
2026-05-11 13:22:31,214 - Đang xử lý: E-n23-k3 (N=23, K=3) | BKS: 569.0 | Neighbors: 9
2026-05-11 13:42:29,269 -   [Kết quả] Cost = 635.00 | Gap = 11.60% | Time: 1198.1s | Trạng thái: TIMEOUT_WITH_SOL
2026-05-11 13:42:29,270 - ------------------------------------------------------------
2026-05-11 13:42:29,271 - Đang xử lý: E-n30-k3 (N=30, K=3) | BKS: 534.0 | Neighbors: 9
2026-05-11 14:02:27,349 -   [Kết quả] Cost = 730.00 | Gap = 36.70% | Time: 1198.1s | Trạng thái: TIMEOUT_WITH_SOL
2026-05-11 14:02:27,353 - ------------------------------------------------------------
2026-05-11 14:02:27,354 - Đang xử lý: E-n31-k7 (N=31, K=7) | BKS: 379.0 | Neighbors: 9
2026-05-11 14:02:30,169 -   [Kết quả] Cost = 586.00 | Gap = 54.62% | Time: 2.8s | Trạng thái: SUCCESS
2026-05-11 14:02:30,173 - ------------------------------------------------------------
2026-05-11 14:02:30,173 - Đang xử lý: E-n33-k4 (N=33, K=4) | BKS: 835.0 | Neighbors: 9
2026-05-11 14:02:30,179 -   ❌ [LỖI] Cannot reduce the number of routes - Trạng thái: CW_UNSAT
2026-05-11 14:02:30,180 - ------------------------------------------------------------
2026-05-11 14:02:30,180 - Đang xử lý: E-n51-k5 (N=51, K=5) | BKS: 521.0 | Neighbors: 9
2026-05-11 14:02:30,188 -   ❌ [LỖI] Cannot reduce the number of routes - Trạng thái: CW_UNSAT
2026-05-11 14:02:30,189 - ------------------------------------------------------------
2026-05-11 14:02:30,189 - Đang xử lý: E-n76-k10 (N=76, K=10) | BKS: 830.0 | Neighbors: 9
2026-05-11 14:02:30,206 -   ❌ [LỖI] Cannot reduce the number of routes - Trạng thái: CW_UNSAT
2026-05-11 14:02:30,207 - ------------------------------------------------------------
2026-05-11 14:02:30,207 - Đang xử lý: E-n76-k14 (N=76, K=14) | BKS: 1021.0 | Neighbors: 9
2026-05-11 14:02:30,221 -   ❌ [LỖI] Cannot reduce the number of routes - Trạng thái: CW_UNSAT
2026-05-11 14:02:30,228 - ------------------------------------------------------------
2026-05-11 14:02:30,228 - Đang xử lý: E-n76-k7 (N=76, K=7) | BKS: 682.0 | Neighbors: 9
2026-05-11 14:22:29,426 -   [Kết quả] Cost = 1150.00 | Gap = 68.62% | Time: 1199.2s | Trạng thái: TIMEOUT_WITH_SOL
2026-05-11 14:22:29,430 - ------------------------------------------------------------
2026-05-11 14:22:29,431 - Đang xử lý: E-n76-k8 (N=76, K=8) | BKS: 735.0 | Neighbors: 9
2026-05-11 14:22:29,453 -   ❌ [LỖI] Cannot reduce the number of routes - Trạng thái: CW_UNSAT
