2026-05-04 15:01:02,082 - === BẮT ĐẦU BENCHMARK OLD SOTA (FERREIRA) | TẬP A ===
2026-05-04 15:01:02,083 - ------------------------------------------------------------
2026-05-04 15:01:02,083 - Đang xử lý: A-n32-k5 (N=32, K=5) | BKS: 784.0 | Neighbors: 5
2026-05-04 15:01:02,534 -   [Kết quả] Cost = 1327.00 | Gap = 69.26% | Time: 0.5s
2026-05-04 15:01:02,534 - ------------------------------------------------------------
2026-05-04 15:01:02,534 - Đang xử lý: A-n33-k5 (N=33, K=5) | BKS: 661.0 | Neighbors: 5
2026-05-04 15:01:02,802 -   [Kết quả] Cost = 1074.00 | Gap = 62.48% | Time: 0.3s
2026-05-04 15:01:02,803 - ------------------------------------------------------------
2026-05-04 15:01:02,803 - Đang xử lý: A-n33-k6 (N=33, K=6) | BKS: 742.0 | Neighbors: 5
2026-05-04 15:01:03,684 -   [Kết quả] Cost = 916.00 | Gap = 23.45% | Time: 0.9s
2026-05-04 15:01:03,685 - ------------------------------------------------------------
2026-05-04 15:01:03,685 - Đang xử lý: A-n34-k5 (N=34, K=5) | BKS: 778.0 | Neighbors: 5
2026-05-04 15:01:04,012 -   [Kết quả] Cost = 1019.00 | Gap = 30.98% | Time: 0.3s
2026-05-04 15:01:04,013 - ------------------------------------------------------------
2026-05-04 15:01:04,013 - Đang xử lý: A-n36-k5 (N=36, K=5) | BKS: 799.0 | Neighbors: 5
2026-05-04 15:01:04,634 -   [Kết quả] Cost = 1137.00 | Gap = 42.30% | Time: 0.6s
2026-05-04 15:01:04,635 - ------------------------------------------------------------
2026-05-04 15:01:04,635 - Đang xử lý: A-n37-k5 (N=37, K=5) | BKS: 669.0 | Neighbors: 5
2026-05-04 15:01:06,229 -   [Kết quả] Cost = 1020.00 | Gap = 52.47% | Time: 1.6s
2026-05-04 15:01:06,230 - ------------------------------------------------------------
2026-05-04 15:01:06,230 - Đang xử lý: A-n37-k6 (N=37, K=6) | BKS: 949.0 | Neighbors: 5
2026-05-04 15:01:06,233 -   ❌ [LỖI] Cannot reduce the number of routes - Trạng thái: CW_UNSAT
2026-05-04 15:01:06,233 - ------------------------------------------------------------
2026-05-04 15:01:06,234 - Đang xử lý: A-n38-k5 (N=38, K=5) | BKS: 730.0 | Neighbors: 5
2026-05-04 15:01:06,237 -   ❌ [LỖI] Cannot reduce the number of routes - Trạng thái: CW_UNSAT
2026-05-04 15:01:06,238 - ------------------------------------------------------------
2026-05-04 15:01:06,238 - Đang xử lý: A-n39-k5 (N=39, K=5) | BKS: 822.0 | Neighbors: 5
2026-05-04 15:01:06,674 -   [Kết quả] Cost = 1165.00 | Gap = 41.73% | Time: 0.4s
2026-05-04 15:01:06,675 - ------------------------------------------------------------
2026-05-04 15:01:06,675 - Đang xử lý: A-n39-k6 (N=39, K=6) | BKS: 831.0 | Neighbors: 5
2026-05-04 15:01:12,213 -   [Kết quả] Cost = 1258.00 | Gap = 51.38% | Time: 5.5s
2026-05-04 15:01:12,214 - ------------------------------------------------------------
2026-05-04 15:01:12,214 - Đang xử lý: A-n44-k6 (N=44, K=6) | BKS: 937.0 | Neighbors: 5
2026-05-04 15:01:12,218 -   ❌ [LỖI] Cannot reduce the number of routes - Trạng thái: CW_UNSAT
2026-05-04 15:01:12,219 - ------------------------------------------------------------
2026-05-04 15:01:12,219 - Đang xử lý: A-n45-k6 (N=45, K=6) | BKS: 944.0 | Neighbors: 5
2026-05-04 15:01:12,224 -   ❌ [LỖI] Cannot reduce the number of routes - Trạng thái: CW_UNSAT
2026-05-04 15:01:12,225 - ------------------------------------------------------------
2026-05-04 15:01:12,225 - Đang xử lý: A-n45-k7 (N=45, K=7) | BKS: 1146.0 | Neighbors: 5
2026-05-04 15:01:13,273 -   [Kết quả] Cost = 1606.00 | Gap = 40.14% | Time: 1.0s
2026-05-04 15:01:13,274 - ------------------------------------------------------------
2026-05-04 15:01:13,274 - Đang xử lý: A-n46-k7 (N=46, K=7) | BKS: 914.0 | Neighbors: 5
2026-05-04 15:01:14,471 -   [Kết quả] Cost = 1610.00 | Gap = 76.15% | Time: 1.2s
2026-05-04 15:01:14,471 - ------------------------------------------------------------
2026-05-04 15:01:14,471 - Đang xử lý: A-n48-k7 (N=48, K=7) | BKS: 1073.0 | Neighbors: 5
2026-05-04 15:01:16,781 -   [Kết quả] Cost = 1707.00 | Gap = 59.09% | Time: 2.3s
2026-05-04 15:01:16,782 - ------------------------------------------------------------
2026-05-04 15:01:16,782 - Đang xử lý: A-n53-k7 (N=53, K=7) | BKS: 1010.0 | Neighbors: 5
2026-05-04 15:01:16,788 -   ❌ [LỖI] Cannot reduce the number of routes - Trạng thái: CW_UNSAT
2026-05-04 15:01:16,789 - ------------------------------------------------------------
2026-05-04 15:01:16,789 - Đang xử lý: A-n54-k7 (N=54, K=7) | BKS: 1167.0 | Neighbors: 5
2026-05-04 15:01:16,797 -   ❌ [LỖI] Cannot reduce the number of routes - Trạng thái: CW_UNSAT
2026-05-04 15:01:16,798 - ------------------------------------------------------------
2026-05-04 15:01:16,798 - Đang xử lý: A-n55-k9 (N=55, K=9) | BKS: 1073.0 | Neighbors: 5
2026-05-04 15:01:19,905 -   [Kết quả] Cost = 1890.00 | Gap = 76.14% | Time: 3.1s
2026-05-04 15:01:19,906 - ------------------------------------------------------------
2026-05-04 15:01:19,906 - Đang xử lý: A-n60-k9 (N=60, K=9) | BKS: 1354.0 | Neighbors: 5
2026-05-04 15:01:26,631 -   [Kết quả] Cost = 2074.00 | Gap = 53.18% | Time: 6.7s
2026-05-04 15:01:26,632 - ------------------------------------------------------------
2026-05-04 15:01:26,632 - Đang xử lý: A-n61-k9 (N=61, K=9) | BKS: 1034.0 | Neighbors: 5
2026-05-04 15:01:26,640 -   ❌ [LỖI] Cannot reduce the number of routes - Trạng thái: CW_UNSAT
2026-05-04 15:01:26,641 - ------------------------------------------------------------
2026-05-04 15:01:26,641 - Đang xử lý: A-n62-k8 (N=62, K=8) | BKS: 1288.0 | Neighbors: 5
2026-05-04 15:01:26,651 -   ❌ [LỖI] Cannot reduce the number of routes - Trạng thái: CW_UNSAT
2026-05-04 15:01:26,651 - ------------------------------------------------------------
2026-05-04 15:01:26,651 - Đang xử lý: A-n63-k10 (N=63, K=10) | BKS: 1314.0 | Neighbors: 5
2026-05-04 15:01:26,661 -   ❌ [LỖI] Cannot reduce the number of routes - Trạng thái: CW_UNSAT
2026-05-04 15:01:26,662 - ------------------------------------------------------------
2026-05-04 15:01:26,662 - Đang xử lý: A-n63-k9 (N=63, K=9) | BKS: 1616.0 | Neighbors: 5
2026-05-04 15:01:26,672 -   ❌ [LỖI] Cannot reduce the number of routes - Trạng thái: CW_UNSAT
2026-05-04 15:01:26,673 - ------------------------------------------------------------
2026-05-04 15:01:26,673 - Đang xử lý: A-n64-k9 (N=64, K=9) | BKS: 1401.0 | Neighbors: 5
2026-05-04 15:01:32,474 -   [Kết quả] Cost = 2041.00 | Gap = 45.68% | Time: 5.8s
2026-05-04 15:01:32,475 - ------------------------------------------------------------
2026-05-04 15:01:32,475 - Đang xử lý: A-n65-k9 (N=65, K=9) | BKS: 1174.0 | Neighbors: 5
2026-05-04 15:01:32,485 -   ❌ [LỖI] Cannot reduce the number of routes - Trạng thái: CW_UNSAT
2026-05-04 15:01:32,486 - ------------------------------------------------------------
2026-05-04 15:01:32,486 - Đang xử lý: A-n69-k9 (N=69, K=9) | BKS: 1159.0 | Neighbors: 5
2026-05-04 15:01:50,632 -   [Kết quả] Cost = 2075.00 | Gap = 79.03% | Time: 18.1s
2026-05-04 15:01:50,633 - ------------------------------------------------------------
2026-05-04 15:01:50,633 - Đang xử lý: A-n80-k10 (N=80, K=10) | BKS: 1763.0 | Neighbors: 5
2026-05-04 15:01:50,648 -   ❌ [LỖI] Cannot reduce the number of routes - Trạng thái: CW_UNSAT
