2026-05-04 15:01:55,322 - === BẮT ĐẦU BENCHMARK OLD SOTA (FERREIRA) | TẬP A ===
2026-05-04 15:01:55,322 - ------------------------------------------------------------
2026-05-04 15:01:55,323 - Đang xử lý: A-n32-k5 (N=32, K=5) | BKS: 784.0 | Neighbors: 9
2026-05-04 15:04:25,826 -   [Kết quả] Cost = 1267.00 | Gap = 61.61% | Time: 150.5s
2026-05-04 15:04:25,827 -   [CSV] Cập nhật thành công! (1267.0 < 1327.0). Ghi đè dữ liệu!
2026-05-04 15:04:25,827 - ------------------------------------------------------------
2026-05-04 15:04:25,828 - Đang xử lý: A-n33-k5 (N=33, K=5) | BKS: 661.0 | Neighbors: 9
2026-05-04 15:09:45,932 -   [Kết quả] Cost = 978.00 | Gap = 47.96% | Time: 320.1s
2026-05-04 15:09:45,933 -   [CSV] Cập nhật thành công! (978.0 < 1074.0). Ghi đè dữ liệu!
2026-05-04 15:09:45,933 - ------------------------------------------------------------
2026-05-04 15:09:45,933 - Đang xử lý: A-n33-k6 (N=33, K=6) | BKS: 742.0 | Neighbors: 9
2026-05-04 15:29:46,095 -   [Kết quả] Cost = 907.00 | Gap = 0.00% | Time: 1200.2s
2026-05-04 15:29:46,096 -   [CSV] Nghiệm mới không tốt hơn (inf >= 916.0). Bỏ qua, cộng Runs.
2026-05-04 15:29:46,097 - ------------------------------------------------------------
2026-05-04 15:29:46,097 - Đang xử lý: A-n34-k5 (N=34, K=5) | BKS: 778.0 | Neighbors: 9
2026-05-04 15:49:46,254 -   [Kết quả] Cost = 962.00 | Gap = 0.00% | Time: 1200.2s
2026-05-04 15:49:46,254 -   [CSV] Nghiệm mới không tốt hơn (inf >= 1019.0). Bỏ qua, cộng Runs.
2026-05-04 15:49:46,255 - ------------------------------------------------------------
2026-05-04 15:49:46,255 - Đang xử lý: A-n36-k5 (N=36, K=5) | BKS: 799.0 | Neighbors: 9
2026-05-04 15:50:44,348 -   [Kết quả] Cost = 1115.00 | Gap = 39.55% | Time: 58.1s
2026-05-04 15:50:44,348 -   [CSV] Cập nhật thành công! (1115.0 < 1137.0). Ghi đè dữ liệu!
2026-05-04 15:50:44,349 - ------------------------------------------------------------
2026-05-04 15:50:44,349 - Đang xử lý: A-n37-k5 (N=37, K=5) | BKS: 669.0 | Neighbors: 9
2026-05-04 15:52:21,585 -   [Kết quả] Cost = 1028.00 | Gap = 53.66% | Time: 97.2s
2026-05-04 15:52:21,586 -   [CSV] Nghiệm mới không tốt hơn (1028.0 >= 1020.0). Bỏ qua, cộng Runs.
2026-05-04 15:52:21,586 - ------------------------------------------------------------
2026-05-04 15:52:21,586 - Đang xử lý: A-n37-k6 (N=37, K=6) | BKS: 949.0 | Neighbors: 9
2026-05-04 15:52:21,589 -   ❌ [LỖI] Cannot reduce the number of routes - Trạng thái: CW_UNSAT
2026-05-04 15:52:21,590 -   [CSV] Nghiệm mới không tốt hơn (inf >= inf). Bỏ qua, cộng Runs.
2026-05-04 15:52:21,590 - ------------------------------------------------------------
2026-05-04 15:52:21,591 - Đang xử lý: A-n38-k5 (N=38, K=5) | BKS: 730.0 | Neighbors: 9
2026-05-04 15:52:21,594 -   ❌ [LỖI] Cannot reduce the number of routes - Trạng thái: CW_UNSAT
2026-05-04 15:52:21,594 -   [CSV] Nghiệm mới không tốt hơn (inf >= inf). Bỏ qua, cộng Runs.
2026-05-04 15:52:21,594 - ------------------------------------------------------------
2026-05-04 15:52:21,595 - Đang xử lý: A-n39-k5 (N=39, K=5) | BKS: 822.0 | Neighbors: 9
2026-05-04 15:52:22,446 -   [Kết quả] Cost = 0.00 | Gap = -100.00% | Time: 0.9s
2026-05-04 15:52:22,447 -   [CSV] Cập nhật thành công! (0.0 < 1165.0). Ghi đè dữ liệu!
2026-05-04 15:52:22,447 - ------------------------------------------------------------
2026-05-04 15:52:22,447 - Đang xử lý: A-n39-k6 (N=39, K=6) | BKS: 831.0 | Neighbors: 9
