2026-05-06 07:15:03,624 - === BẮT ĐẦU BENCHMARK OLD SOTA (FERREIRA) | TẬP X ===
2026-05-06 07:15:03,624 - ------------------------------------------------------------
2026-05-06 07:15:03,624 - Đang xử lý: X-n1001-k43 (N=1001, K=43) | BKS: 72355.0 | Neighbors: 9
2026-05-06 07:15:05,830 -   ❌ [LỖI] Cannot reduce the number of routes - Trạng thái: CW_UNSAT
2026-05-06 07:15:05,935 -   [CSV] Nghiệm mới không tốt hơn (inf >= inf). Bỏ qua, cộng Runs.
2026-05-06 07:15:05,936 - ------------------------------------------------------------
2026-05-06 07:15:05,936 - Đang xử lý: X-n106-k14 (N=106, K=14) | BKS: 26362.0 | Neighbors: 9
2026-05-06 07:35:10,282 -   [Kết quả] Cost = 34877.00 | Gap = 32.30% | Time: 1204.3s | Trạng thái: TIMEOUT_WITH_SOL
2026-05-06 07:35:10,283 -   [CSV] Nghiệm mới không tốt hơn (34877.0 >= 34877.0). Bỏ qua, cộng Runs.
2026-05-06 07:35:10,283 - ------------------------------------------------------------
2026-05-06 07:35:10,283 - Đang xử lý: X-n110-k13 (N=110, K=13) | BKS: 14971.0 | Neighbors: 9
2026-05-06 07:55:14,778 -   [Kết quả] Cost = 31660.00 | Gap = 111.48% | Time: 1204.5s | Trạng thái: TIMEOUT_WITH_SOL
2026-05-06 07:55:14,779 -   [CSV] Nghiệm mới không tốt hơn (31660.0 >= 31660.0). Bỏ qua, cộng Runs.
2026-05-06 07:55:14,779 - ------------------------------------------------------------
2026-05-06 07:55:14,779 - Đang xử lý: X-n115-k10 (N=115, K=10) | BKS: 12747.0 | Neighbors: 9
2026-05-06 07:55:14,812 -   ❌ [LỖI] Cannot reduce the number of routes - Trạng thái: CW_UNSAT
2026-05-06 07:55:14,813 -   [CSV] Nghiệm mới không tốt hơn (inf >= inf). Bỏ qua, cộng Runs.
2026-05-06 07:55:14,814 - ------------------------------------------------------------
2026-05-06 07:55:14,814 - Đang xử lý: X-n120-k6 (N=120, K=6) | BKS: 13332.0 | Neighbors: 9
2026-05-06 07:57:44,714 -   [Kết quả] Cost = 22345.00 | Gap = 67.60% | Time: 149.9s | Trạng thái: SUCCESS
2026-05-06 07:57:44,715 - ------------------------------------------------------------
2026-05-06 07:57:44,715 - Đang xử lý: X-n125-k30 (N=125, K=30) | BKS: 55539.0 | Neighbors: 9
2026-05-06 07:57:44,751 -   ❌ [LỖI] Cannot reduce the number of routes - Trạng thái: CW_UNSAT
2026-05-06 07:57:44,753 - ------------------------------------------------------------
2026-05-06 07:57:44,753 - Đang xử lý: X-n129-k18 (N=129, K=18) | BKS: 28940.0 | Neighbors: 9
