2026-05-10 18:42:15,563 - === BẮT ĐẦU BENCHMARK OLD SOTA (FERREIRA) - CHẾ ĐỘ RESUME | TẬP X ===
2026-05-10 18:42:15,563 - Đã tìm thấy 80 instance hoàn thành trong /home/thanhhuy/Documents/PedroCLone/CVRP/CVRP_AdvancedCW/old_solution/results/benchmark_X_ferreira.csv. Sẽ tiến hành bỏ qua.
2026-05-10 18:42:15,563 - ------------------------------------------------------------
2026-05-10 18:42:15,563 - ⏩ BỎ QUA: X-n1001-k43 (Đã tồn tại trong file CSV)
2026-05-10 18:42:15,564 - ------------------------------------------------------------
2026-05-10 18:42:15,564 - Đang xử lý: X-n106-k14 (N=106, K=14) | BKS: 26362.0 | Neighbors: 9
2026-05-10 19:02:20,236 -   [Kết quả] Cost = 34877.00 | Gap = 32.30% | Time: 1204.7s | Trạng thái: TIMEOUT_WITH_SOL
2026-05-10 19:02:20,238 - ------------------------------------------------------------
2026-05-10 19:02:20,238 - ⏩ BỎ QUA: X-n110-k13 (Đã tồn tại trong file CSV)
2026-05-10 19:02:20,238 - ------------------------------------------------------------
2026-05-10 19:02:20,238 - ⏩ BỎ QUA: X-n115-k10 (Đã tồn tại trong file CSV)
2026-05-10 19:02:20,238 - ------------------------------------------------------------
2026-05-10 19:02:20,238 - ⏩ BỎ QUA: X-n120-k6 (Đã tồn tại trong file CSV)
2026-05-10 19:02:20,238 - ------------------------------------------------------------
2026-05-10 19:02:20,238 - ⏩ BỎ QUA: X-n125-k30 (Đã tồn tại trong file CSV)
2026-05-10 19:02:20,238 - ------------------------------------------------------------
2026-05-10 19:02:20,238 - ⏩ BỎ QUA: X-n129-k18 (Đã tồn tại trong file CSV)
2026-05-10 19:02:20,238 - ------------------------------------------------------------
2026-05-10 19:02:20,238 - ⏩ BỎ QUA: X-n134-k13 (Đã tồn tại trong file CSV)
2026-05-10 19:02:20,238 - ------------------------------------------------------------
2026-05-10 19:02:20,238 - ⏩ BỎ QUA: X-n139-k10 (Đã tồn tại trong file CSV)
2026-05-10 19:02:20,238 - ------------------------------------------------------------
2026-05-10 19:02:20,238 - ⏩ BỎ QUA: X-n143-k7 (Đã tồn tại trong file CSV)
2026-05-10 19:02:20,238 - ------------------------------------------------------------
2026-05-10 19:02:20,239 - ⏩ BỎ QUA: X-n148-k46 (Đã tồn tại trong file CSV)
2026-05-10 19:02:20,239 - ------------------------------------------------------------
2026-05-10 19:02:20,239 - ⏩ BỎ QUA: X-n153-k22 (Đã tồn tại trong file CSV)
2026-05-10 19:02:20,239 - ------------------------------------------------------------
2026-05-10 19:02:20,239 - ⏩ BỎ QUA: X-n157-k13 (Đã tồn tại trong file CSV)
2026-05-10 19:02:20,239 - ------------------------------------------------------------
2026-05-10 19:02:20,239 - ⏩ BỎ QUA: X-n162-k11 (Đã tồn tại trong file CSV)
2026-05-10 19:02:20,239 - ------------------------------------------------------------
2026-05-10 19:02:20,239 - ⏩ BỎ QUA: X-n167-k10 (Đã tồn tại trong file CSV)
2026-05-10 19:02:20,239 - ------------------------------------------------------------
2026-05-10 19:02:20,239 - ⏩ BỎ QUA: X-n172-k51 (Đã tồn tại trong file CSV)
2026-05-10 19:02:20,239 - ------------------------------------------------------------
2026-05-10 19:02:20,239 - ⏩ BỎ QUA: X-n176-k26 (Đã tồn tại trong file CSV)
2026-05-10 19:02:20,239 - ------------------------------------------------------------
2026-05-10 19:02:20,239 - ⏩ BỎ QUA: X-n181-k23 (Đã tồn tại trong file CSV)
2026-05-10 19:02:20,239 - ------------------------------------------------------------
2026-05-10 19:02:20,239 - ⏩ BỎ QUA: X-n186-k15 (Đã tồn tại trong file CSV)
2026-05-10 19:02:20,239 - ------------------------------------------------------------
2026-05-10 19:02:20,239 - ⏩ BỎ QUA: X-n190-k8 (Đã tồn tại trong file CSV)
2026-05-10 19:02:20,239 - ------------------------------------------------------------
2026-05-10 19:02:20,239 - ⏩ BỎ QUA: X-n195-k51 (Đã tồn tại trong file CSV)
2026-05-10 19:02:20,239 - ------------------------------------------------------------
2026-05-10 19:02:20,239 - ⏩ BỎ QUA: X-n200-k36 (Đã tồn tại trong file CSV)
2026-05-10 19:02:20,239 - ------------------------------------------------------------
2026-05-10 19:02:20,240 - ⏩ BỎ QUA: X-n204-k19 (Đã tồn tại trong file CSV)
2026-05-10 19:02:20,240 - ------------------------------------------------------------
2026-05-10 19:02:20,240 - ⏩ BỎ QUA: X-n209-k16 (Đã tồn tại trong file CSV)
2026-05-10 19:02:20,240 - ------------------------------------------------------------
2026-05-10 19:02:20,240 - ⏩ BỎ QUA: X-n214-k11 (Đã tồn tại trong file CSV)
2026-05-10 19:02:20,240 - ------------------------------------------------------------
2026-05-10 19:02:20,240 - ⏩ BỎ QUA: X-n219-k73 (Đã tồn tại trong file CSV)
2026-05-10 19:02:20,240 - ------------------------------------------------------------
2026-05-10 19:02:20,240 - ⏩ BỎ QUA: X-n223-k34 (Đã tồn tại trong file CSV)
2026-05-10 19:02:20,240 - ------------------------------------------------------------
2026-05-10 19:02:20,240 - ⏩ BỎ QUA: X-n228-k23 (Đã tồn tại trong file CSV)
2026-05-10 19:02:20,240 - ------------------------------------------------------------
2026-05-10 19:02:20,240 - ⏩ BỎ QUA: X-n233-k16 (Đã tồn tại trong file CSV)
2026-05-10 19:02:20,240 - ------------------------------------------------------------
2026-05-10 19:02:20,240 - ⏩ BỎ QUA: X-n237-k14 (Đã tồn tại trong file CSV)
2026-05-10 19:02:20,240 - ------------------------------------------------------------
2026-05-10 19:02:20,240 - ⏩ BỎ QUA: X-n242-k48 (Đã tồn tại trong file CSV)
2026-05-10 19:02:20,240 - ------------------------------------------------------------
2026-05-10 19:02:20,240 - ⏩ BỎ QUA: X-n247-k50 (Đã tồn tại trong file CSV)
2026-05-10 19:02:20,240 - ------------------------------------------------------------
2026-05-10 19:02:20,240 - ⏩ BỎ QUA: X-n251-k28 (Đã tồn tại trong file CSV)
2026-05-10 19:02:20,240 - ------------------------------------------------------------
2026-05-10 19:02:20,240 - ⏩ BỎ QUA: X-n256-k16 (Đã tồn tại trong file CSV)
2026-05-10 19:02:20,240 - ------------------------------------------------------------
2026-05-10 19:02:20,240 - ⏩ BỎ QUA: X-n261-k13 (Đã tồn tại trong file CSV)
2026-05-10 19:02:20,240 - ------------------------------------------------------------
2026-05-10 19:02:20,240 - ⏩ BỎ QUA: X-n266-k58 (Đã tồn tại trong file CSV)
2026-05-10 19:02:20,241 - ------------------------------------------------------------
2026-05-10 19:02:20,241 - ⏩ BỎ QUA: X-n270-k35 (Đã tồn tại trong file CSV)
2026-05-10 19:02:20,241 - ------------------------------------------------------------
2026-05-10 19:02:20,241 - ⏩ BỎ QUA: X-n275-k28 (Đã tồn tại trong file CSV)
2026-05-10 19:02:20,241 - ------------------------------------------------------------
2026-05-10 19:02:20,241 - ⏩ BỎ QUA: X-n280-k17 (Đã tồn tại trong file CSV)
2026-05-10 19:02:20,241 - ------------------------------------------------------------
2026-05-10 19:02:20,241 - ⏩ BỎ QUA: X-n284-k15 (Đã tồn tại trong file CSV)
2026-05-10 19:02:20,241 - ------------------------------------------------------------
2026-05-10 19:02:20,241 - ⏩ BỎ QUA: X-n289-k60 (Đã tồn tại trong file CSV)
2026-05-10 19:02:20,241 - ------------------------------------------------------------
2026-05-10 19:02:20,241 - ⏩ BỎ QUA: X-n294-k50 (Đã tồn tại trong file CSV)
2026-05-10 19:02:20,241 - ------------------------------------------------------------
2026-05-10 19:02:20,241 - ⏩ BỎ QUA: X-n298-k31 (Đã tồn tại trong file CSV)
2026-05-10 19:02:20,241 - ------------------------------------------------------------
2026-05-10 19:02:20,241 - ⏩ BỎ QUA: X-n303-k21 (Đã tồn tại trong file CSV)
2026-05-10 19:02:20,241 - ------------------------------------------------------------
2026-05-10 19:02:20,241 - ⏩ BỎ QUA: X-n308-k13 (Đã tồn tại trong file CSV)
2026-05-10 19:02:20,241 - ------------------------------------------------------------
2026-05-10 19:02:20,241 - ⏩ BỎ QUA: X-n313-k71 (Đã tồn tại trong file CSV)
2026-05-10 19:02:20,241 - ------------------------------------------------------------
2026-05-10 19:02:20,241 - ⏩ BỎ QUA: X-n317-k53 (Đã tồn tại trong file CSV)
2026-05-10 19:02:20,241 - ------------------------------------------------------------
2026-05-10 19:02:20,241 - ⏩ BỎ QUA: X-n322-k28 (Đã tồn tại trong file CSV)
2026-05-10 19:02:20,241 - ------------------------------------------------------------
2026-05-10 19:02:20,242 - ⏩ BỎ QUA: X-n327-k20 (Đã tồn tại trong file CSV)
2026-05-10 19:02:20,242 - ------------------------------------------------------------
2026-05-10 19:02:20,242 - ⏩ BỎ QUA: X-n331-k15 (Đã tồn tại trong file CSV)
2026-05-10 19:02:20,242 - ------------------------------------------------------------
2026-05-10 19:02:20,242 - ⏩ BỎ QUA: X-n336-k84 (Đã tồn tại trong file CSV)
2026-05-10 19:02:20,242 - ------------------------------------------------------------
2026-05-10 19:02:20,242 - ⏩ BỎ QUA: X-n344-k43 (Đã tồn tại trong file CSV)
2026-05-10 19:02:20,242 - ------------------------------------------------------------
2026-05-10 19:02:20,242 - ⏩ BỎ QUA: X-n351-k40 (Đã tồn tại trong file CSV)
2026-05-10 19:02:20,242 - ------------------------------------------------------------
2026-05-10 19:02:20,242 - ⏩ BỎ QUA: X-n359-k29 (Đã tồn tại trong file CSV)
2026-05-10 19:02:20,242 - ------------------------------------------------------------
2026-05-10 19:02:20,242 - ⏩ BỎ QUA: X-n367-k17 (Đã tồn tại trong file CSV)
2026-05-10 19:02:20,242 - ------------------------------------------------------------
2026-05-10 19:02:20,242 - ⏩ BỎ QUA: X-n376-k94 (Đã tồn tại trong file CSV)
2026-05-10 19:02:20,242 - ------------------------------------------------------------
2026-05-10 19:02:20,242 - ⏩ BỎ QUA: X-n384-k52 (Đã tồn tại trong file CSV)
2026-05-10 19:02:20,242 - ------------------------------------------------------------
2026-05-10 19:02:20,242 - ⏩ BỎ QUA: X-n393-k38 (Đã tồn tại trong file CSV)
2026-05-10 19:02:20,243 - ------------------------------------------------------------
2026-05-10 19:02:20,243 - ⏩ BỎ QUA: X-n401-k29 (Đã tồn tại trong file CSV)
2026-05-10 19:02:20,243 - ------------------------------------------------------------
2026-05-10 19:02:20,243 - ⏩ BỎ QUA: X-n411-k19 (Đã tồn tại trong file CSV)
2026-05-10 19:02:20,243 - ------------------------------------------------------------
2026-05-10 19:02:20,243 - ⏩ BỎ QUA: X-n420-k130 (Đã tồn tại trong file CSV)
2026-05-10 19:02:20,243 - ------------------------------------------------------------
2026-05-10 19:02:20,243 - ⏩ BỎ QUA: X-n429-k61 (Đã tồn tại trong file CSV)
2026-05-10 19:02:20,243 - ------------------------------------------------------------
2026-05-10 19:02:20,243 - ⏩ BỎ QUA: X-n439-k37 (Đã tồn tại trong file CSV)
2026-05-10 19:02:20,243 - ------------------------------------------------------------
2026-05-10 19:02:20,243 - ⏩ BỎ QUA: X-n449-k29 (Đã tồn tại trong file CSV)
2026-05-10 19:02:20,243 - ------------------------------------------------------------
2026-05-10 19:02:20,243 - ⏩ BỎ QUA: X-n459-k26 (Đã tồn tại trong file CSV)
2026-05-10 19:02:20,243 - ------------------------------------------------------------
2026-05-10 19:02:20,243 - ⏩ BỎ QUA: X-n469-k138 (Đã tồn tại trong file CSV)
2026-05-10 19:02:20,243 - ------------------------------------------------------------
2026-05-10 19:02:20,243 - ⏩ BỎ QUA: X-n480-k70 (Đã tồn tại trong file CSV)
2026-05-10 19:02:20,243 - ------------------------------------------------------------
2026-05-10 19:02:20,243 - ⏩ BỎ QUA: X-n491-k59 (Đã tồn tại trong file CSV)
2026-05-10 19:02:20,243 - ------------------------------------------------------------
2026-05-10 19:02:20,243 - ⏩ BỎ QUA: X-n502-k39 (Đã tồn tại trong file CSV)
2026-05-10 19:02:20,243 - ------------------------------------------------------------
2026-05-10 19:02:20,243 - ⏩ BỎ QUA: X-n513-k21 (Đã tồn tại trong file CSV)
2026-05-10 19:02:20,243 - ------------------------------------------------------------
2026-05-10 19:02:20,244 - ⏩ BỎ QUA: X-n524-k153 (Đã tồn tại trong file CSV)
2026-05-10 19:02:20,244 - ------------------------------------------------------------
2026-05-10 19:02:20,244 - ⏩ BỎ QUA: X-n536-k96 (Đã tồn tại trong file CSV)
2026-05-10 19:02:20,244 - ------------------------------------------------------------
2026-05-10 19:02:20,244 - ⏩ BỎ QUA: X-n548-k50 (Đã tồn tại trong file CSV)
2026-05-10 19:02:20,244 - ------------------------------------------------------------
2026-05-10 19:02:20,244 - ⏩ BỎ QUA: X-n561-k42 (Đã tồn tại trong file CSV)
2026-05-10 19:02:20,244 - ------------------------------------------------------------
2026-05-10 19:02:20,244 - ⏩ BỎ QUA: X-n573-k30 (Đã tồn tại trong file CSV)
2026-05-10 19:02:20,244 - ------------------------------------------------------------
2026-05-10 19:02:20,244 - ⏩ BỎ QUA: X-n586-k159 (Đã tồn tại trong file CSV)
2026-05-10 19:02:20,244 - ------------------------------------------------------------
2026-05-10 19:02:20,244 - ⏩ BỎ QUA: X-n599-k92 (Đã tồn tại trong file CSV)
2026-05-10 19:02:20,244 - ------------------------------------------------------------
2026-05-10 19:02:20,244 - ⏩ BỎ QUA: X-n613-k62 (Đã tồn tại trong file CSV)
2026-05-10 19:02:20,244 - ------------------------------------------------------------
2026-05-10 19:02:20,244 - ⏩ BỎ QUA: X-n627-k43 (Đã tồn tại trong file CSV)
2026-05-10 19:02:20,244 - ------------------------------------------------------------
2026-05-10 19:02:20,244 - ⏩ BỎ QUA: X-n641-k35 (Đã tồn tại trong file CSV)
2026-05-10 19:02:20,244 - ------------------------------------------------------------
2026-05-10 19:02:20,244 - ⏩ BỎ QUA: X-n655-k131 (Đã tồn tại trong file CSV)
2026-05-10 19:02:20,249 - ------------------------------------------------------------
2026-05-10 19:02:20,250 - Đang xử lý: X-n670-k130 (N=670, K=130) | BKS: 146332.0 | Neighbors: 9
2026-05-10 19:02:21,510 -   ❌ [LỖI] Cannot reduce the number of routes - Trạng thái: CW_UNSAT
2026-05-10 19:02:21,565 - ------------------------------------------------------------
2026-05-10 19:02:21,565 - Đang xử lý: X-n685-k75 (N=685, K=75) | BKS: 68205.0 | Neighbors: 9
2026-05-10 19:02:22,884 -   ❌ [LỖI] Cannot reduce the number of routes - Trạng thái: CW_UNSAT
2026-05-10 19:02:22,989 - ------------------------------------------------------------
2026-05-10 19:02:22,990 - Đang xử lý: X-n701-k44 (N=701, K=44) | BKS: 81923.0 | Neighbors: 9
2026-05-10 19:02:24,285 -   ❌ [LỖI] Cannot reduce the number of routes - Trạng thái: CW_UNSAT
2026-05-10 19:02:24,338 - ------------------------------------------------------------
2026-05-10 19:02:24,338 - Đang xử lý: X-n716-k35 (N=716, K=35) | BKS: 43373.0 | Neighbors: 9
2026-05-10 19:02:25,522 -   ❌ [LỖI] Cannot reduce the number of routes - Trạng thái: CW_UNSAT
2026-05-10 19:02:25,568 - ------------------------------------------------------------
2026-05-10 19:02:25,568 - Đang xử lý: X-n733-k159 (N=733, K=159) | BKS: 136187.0 | Neighbors: 9
2026-05-10 19:02:26,945 -   ❌ [LỖI] Cannot reduce the number of routes - Trạng thái: CW_UNSAT
2026-05-10 19:02:27,011 - ------------------------------------------------------------
2026-05-10 19:02:27,011 - Đang xử lý: X-n749-k98 (N=749, K=98) | BKS: 77269.0 | Neighbors: 9
2026-05-10 19:02:28,267 -   ❌ [LỖI] Cannot reduce the number of routes - Trạng thái: CW_UNSAT
2026-05-10 19:02:28,328 - ------------------------------------------------------------
2026-05-10 19:02:28,328 - Đang xử lý: X-n766-k71 (N=766, K=71) | BKS: 114417.0 | Neighbors: 9
2026-05-10 19:02:29,942 -   ❌ [LỖI] Cannot reduce the number of routes - Trạng thái: CW_UNSAT
2026-05-10 19:02:30,010 - ------------------------------------------------------------
2026-05-10 19:02:30,010 - Đang xử lý: X-n783-k48 (N=783, K=48) | BKS: 72386.0 | Neighbors: 9
2026-05-10 19:02:31,536 -   ❌ [LỖI] Cannot reduce the number of routes - Trạng thái: CW_UNSAT
2026-05-10 19:02:31,615 - ------------------------------------------------------------
2026-05-10 19:02:31,615 - Đang xử lý: X-n801-k40 (N=801, K=40) | BKS: 73311.0 | Neighbors: 9
