2026-05-04 23:24:38,446 - === BẮT ĐẦU BENCHMARK OLD SOTA (FERREIRA) | TẬP B ===
2026-05-04 23:24:38,449 - ------------------------------------------------------------
2026-05-04 23:24:38,449 - Đang xử lý: B-n31-k5 (N=31, K=5) | BKS: 672.0 | Neighbors: 9
2026-05-04 23:44:38,625 -   [Kết quả] Cost = 755.00 | Gap = 12.35% | Time: 1200.2s | Trạng thái: TIMEOUT_WITH_SOL
2026-05-04 23:44:38,627 - ------------------------------------------------------------
2026-05-04 23:44:38,627 - Đang xử lý: B-n34-k5 (N=34, K=5) | BKS: 788.0 | Neighbors: 9
2026-05-04 23:47:08,066 -   [Kết quả] Cost = 995.00 | Gap = 26.27% | Time: 149.4s | Trạng thái: SUCCESS
2026-05-04 23:47:08,071 - ------------------------------------------------------------
2026-05-04 23:47:08,071 - Đang xử lý: B-n35-k5 (N=35, K=5) | BKS: 955.0 | Neighbors: 9
2026-05-05 00:07:08,236 -   [Kết quả] Cost = 1270.00 | Gap = 32.98% | Time: 1200.2s | Trạng thái: TIMEOUT_WITH_SOL
2026-05-05 00:07:08,240 - ------------------------------------------------------------
2026-05-05 00:07:08,240 - Đang xử lý: B-n38-k6 (N=38, K=6) | BKS: 805.0 | Neighbors: 9
2026-05-05 00:14:35,074 -   [Kết quả] Cost = 1130.00 | Gap = 40.37% | Time: 446.8s | Trạng thái: SUCCESS
2026-05-05 00:14:35,075 - ------------------------------------------------------------
2026-05-05 00:14:35,075 - Đang xử lý: B-n39-k5 (N=39, K=5) | BKS: 549.0 | Neighbors: 9
2026-05-05 00:34:35,288 -   [Kết quả] Cost = 818.00 | Gap = 49.00% | Time: 1200.2s | Trạng thái: TIMEOUT_WITH_SOL
2026-05-05 00:34:35,292 - ------------------------------------------------------------
2026-05-05 00:34:35,293 - Đang xử lý: B-n41-k6 (N=41, K=6) | BKS: 829.0 | Neighbors: 9
2026-05-05 00:34:35,301 -   ❌ [LỖI] Cannot reduce the number of routes - Trạng thái: CW_UNSAT
2026-05-05 00:34:35,303 - ------------------------------------------------------------
2026-05-05 00:34:35,303 - Đang xử lý: B-n43-k6 (N=43, K=6) | BKS: 742.0 | Neighbors: 9
2026-05-05 00:54:35,620 -   [Kết quả] Cost = 1074.00 | Gap = 44.74% | Time: 1200.3s | Trạng thái: TIMEOUT_WITH_SOL
2026-05-05 00:54:35,624 - ------------------------------------------------------------
2026-05-05 00:54:35,625 - Đang xử lý: B-n44-k7 (N=44, K=7) | BKS: 909.0 | Neighbors: 9
2026-05-05 01:14:35,964 -   [Kết quả] Cost = 1191.00 | Gap = 31.02% | Time: 1200.3s | Trạng thái: TIMEOUT_WITH_SOL
2026-05-05 01:14:35,969 - ------------------------------------------------------------
2026-05-05 01:14:35,969 - Đang xử lý: B-n45-k5 (N=45, K=5) | BKS: 751.0 | Neighbors: 9
2026-05-05 01:14:35,975 -   ❌ [LỖI] Cannot reduce the number of routes - Trạng thái: CW_UNSAT
2026-05-05 01:14:35,976 - ------------------------------------------------------------
2026-05-05 01:14:35,976 - Đang xử lý: B-n45-k6 (N=45, K=6) | BKS: 678.0 | Neighbors: 9
2026-05-05 01:14:35,980 -   ❌ [LỖI] Cannot reduce the number of routes - Trạng thái: CW_UNSAT
2026-05-05 01:14:35,981 - ------------------------------------------------------------
2026-05-05 01:14:35,981 - Đang xử lý: B-n50-k7 (N=50, K=7) | BKS: 741.0 | Neighbors: 9
2026-05-05 01:34:36,427 -   [Kết quả] Cost = 1242.00 | Gap = 67.61% | Time: 1200.4s | Trạng thái: TIMEOUT_WITH_SOL
2026-05-05 01:34:36,431 - ------------------------------------------------------------
2026-05-05 01:34:36,431 - Đang xử lý: B-n50-k8 (N=50, K=8) | BKS: 1312.0 | Neighbors: 9
2026-05-05 01:46:59,533 -   [Kết quả] Cost = 1854.00 | Gap = 41.31% | Time: 743.1s | Trạng thái: SUCCESS
2026-05-05 01:46:59,538 - ------------------------------------------------------------
2026-05-05 01:46:59,538 - Đang xử lý: B-n51-k7 (N=51, K=7) | BKS: 1032.0 | Neighbors: 9
2026-05-05 01:46:59,544 -   ❌ [LỖI] Cannot reduce the number of routes - Trạng thái: CW_UNSAT
2026-05-05 01:46:59,545 - ------------------------------------------------------------
2026-05-05 01:46:59,546 - Đang xử lý: B-n52-k7 (N=52, K=7) | BKS: 747.0 | Neighbors: 9
2026-05-05 01:51:04,486 -   [Kết quả] Cost = 1460.00 | Gap = 95.45% | Time: 244.9s | Trạng thái: SUCCESS
2026-05-05 01:51:04,491 - ------------------------------------------------------------
2026-05-05 01:51:04,491 - Đang xử lý: B-n56-k7 (N=56, K=7) | BKS: 707.0 | Neighbors: 9
2026-05-05 01:54:20,194 -   [Kết quả] Cost = 1418.00 | Gap = 100.57% | Time: 195.7s | Trạng thái: SUCCESS
2026-05-05 01:54:20,199 - ------------------------------------------------------------
2026-05-05 01:54:20,199 - Đang xử lý: B-n57-k7 (N=57, K=7) | BKS: 1153.0 | Neighbors: 9
2026-05-05 01:54:20,207 -   ❌ [LỖI] Cannot reduce the number of routes - Trạng thái: CW_UNSAT
2026-05-05 01:54:20,208 - ------------------------------------------------------------
2026-05-05 01:54:20,208 - Đang xử lý: B-n57-k9 (N=57, K=9) | BKS: 1598.0 | Neighbors: 9
2026-05-05 02:14:20,956 -   [Kết quả] Cost = 2163.00 | Gap = 35.36% | Time: 1200.7s | Trạng thái: TIMEOUT_WITH_SOL
2026-05-05 02:14:20,963 - ------------------------------------------------------------
2026-05-05 02:14:20,963 - Đang xử lý: B-n63-k10 (N=63, K=10) | BKS: 1496.0 | Neighbors: 9
2026-05-05 02:34:09,440 -   [Kết quả] Cost = 2379.00 | Gap = 59.02% | Time: 1188.5s | Trạng thái: SUCCESS
2026-05-05 02:34:09,445 - ------------------------------------------------------------
2026-05-05 02:34:09,445 - Đang xử lý: B-n64-k9 (N=64, K=9) | BKS: 861.0 | Neighbors: 9
2026-05-05 02:34:09,455 -   ❌ [LỖI] Cannot reduce the number of routes - Trạng thái: CW_UNSAT
2026-05-05 02:34:09,457 - ------------------------------------------------------------
2026-05-05 02:34:09,457 - Đang xử lý: B-n66-k9 (N=66, K=9) | BKS: 1316.0 | Neighbors: 9
2026-05-05 02:34:09,467 -   ❌ [LỖI] Cannot reduce the number of routes - Trạng thái: CW_UNSAT
2026-05-05 02:34:09,468 - ------------------------------------------------------------
2026-05-05 02:34:09,468 - Đang xử lý: B-n67-k10 (N=67, K=10) | BKS: 1032.0 | Neighbors: 9
2026-05-05 02:54:10,707 -   [Kết quả] Cost = 2221.00 | Gap = 115.21% | Time: 1201.2s | Trạng thái: TIMEOUT_WITH_SOL
2026-05-05 02:54:10,712 - ------------------------------------------------------------
2026-05-05 02:54:10,712 - Đang xử lý: B-n68-k9 (N=68, K=9) | BKS: 1272.0 | Neighbors: 9
2026-05-05 03:02:56,455 -   [Kết quả] Cost = 2156.00 | Gap = 69.50% | Time: 525.7s | Trạng thái: SUCCESS
2026-05-05 03:02:56,460 - ------------------------------------------------------------
2026-05-05 03:02:56,460 - Đang xử lý: B-n78-k10 (N=78, K=10) | BKS: 1221.0 | Neighbors: 9
2026-05-05 03:02:56,474 -   ❌ [LỖI] Cannot reduce the number of routes - Trạng thái: CW_UNSAT
