2026-05-11 14:43:20,387 - === BẮT ĐẦU BENCHMARK OLD SOTA (FERREIRA) - CHẾ ĐỘ RESUME | TẬP X ===
2026-05-11 14:43:20,387 - Đã tìm thấy 98 instance hoàn thành trong /home/thanhhuy/Documents/PedroCLone/CVRP/CVRP_AdvancedCW/old_solution/results/benchmark_X_ferreira.csv. Sẽ tiến hành bỏ qua.
2026-05-11 14:43:20,387 - ------------------------------------------------------------
2026-05-11 14:43:20,387 - ⏩ BỎ QUA: X-n1001-k43 (Đã tồn tại trong file CSV)
2026-05-11 14:43:20,388 - ------------------------------------------------------------
2026-05-11 14:43:20,388 - ⏩ BỎ QUA: X-n106-k14 (Đã tồn tại trong file CSV)
2026-05-11 14:43:20,392 - ------------------------------------------------------------
2026-05-11 14:43:20,392 - Đang xử lý: X-n110-k13 (N=110, K=13) | BKS: 14971.0 | Neighbors: 9
2026-05-11 15:03:23,191 -   [Kết quả] Cost = 31660.00 | Gap = 111.48% | Time: 1202.8s | Trạng thái: TIMEOUT_WITH_SOL
2026-05-11 15:03:23,192 - ------------------------------------------------------------
2026-05-11 15:03:23,192 - ⏩ BỎ QUA: X-n115-k10 (Đã tồn tại trong file CSV)
2026-05-11 15:03:23,193 - ------------------------------------------------------------
2026-05-11 15:03:23,193 - ⏩ BỎ QUA: X-n120-k6 (Đã tồn tại trong file CSV)
2026-05-11 15:03:23,193 - ------------------------------------------------------------
2026-05-11 15:03:23,193 - ⏩ BỎ QUA: X-n125-k30 (Đã tồn tại trong file CSV)
2026-05-11 15:03:23,193 - ------------------------------------------------------------
2026-05-11 15:03:23,193 - ⏩ BỎ QUA: X-n129-k18 (Đã tồn tại trong file CSV)
2026-05-11 15:03:23,193 - ------------------------------------------------------------
2026-05-11 15:03:23,193 - ⏩ BỎ QUA: X-n134-k13 (Đã tồn tại trong file CSV)
2026-05-11 15:03:23,193 - ------------------------------------------------------------
2026-05-11 15:03:23,193 - ⏩ BỎ QUA: X-n139-k10 (Đã tồn tại trong file CSV)
2026-05-11 15:03:23,193 - ------------------------------------------------------------
2026-05-11 15:03:23,193 - ⏩ BỎ QUA: X-n143-k7 (Đã tồn tại trong file CSV)
2026-05-11 15:03:23,193 - ------------------------------------------------------------
2026-05-11 15:03:23,193 - ⏩ BỎ QUA: X-n148-k46 (Đã tồn tại trong file CSV)
2026-05-11 15:03:23,193 - ------------------------------------------------------------
2026-05-11 15:03:23,193 - ⏩ BỎ QUA: X-n153-k22 (Đã tồn tại trong file CSV)
2026-05-11 15:03:23,193 - ------------------------------------------------------------
2026-05-11 15:03:23,193 - ⏩ BỎ QUA: X-n157-k13 (Đã tồn tại trong file CSV)
2026-05-11 15:03:23,193 - ------------------------------------------------------------
2026-05-11 15:03:23,193 - ⏩ BỎ QUA: X-n162-k11 (Đã tồn tại trong file CSV)
2026-05-11 15:03:23,193 - ------------------------------------------------------------
2026-05-11 15:03:23,193 - ⏩ BỎ QUA: X-n167-k10 (Đã tồn tại trong file CSV)
2026-05-11 15:03:23,193 - ------------------------------------------------------------
2026-05-11 15:03:23,193 - ⏩ BỎ QUA: X-n172-k51 (Đã tồn tại trong file CSV)
2026-05-11 15:03:23,194 - ------------------------------------------------------------
2026-05-11 15:03:23,194 - ⏩ BỎ QUA: X-n176-k26 (Đã tồn tại trong file CSV)
2026-05-11 15:03:23,194 - ------------------------------------------------------------
2026-05-11 15:03:23,194 - ⏩ BỎ QUA: X-n181-k23 (Đã tồn tại trong file CSV)
2026-05-11 15:03:23,194 - ------------------------------------------------------------
2026-05-11 15:03:23,194 - ⏩ BỎ QUA: X-n186-k15 (Đã tồn tại trong file CSV)
2026-05-11 15:03:23,194 - ------------------------------------------------------------
2026-05-11 15:03:23,194 - ⏩ BỎ QUA: X-n190-k8 (Đã tồn tại trong file CSV)
2026-05-11 15:03:23,194 - ------------------------------------------------------------
2026-05-11 15:03:23,194 - ⏩ BỎ QUA: X-n195-k51 (Đã tồn tại trong file CSV)
2026-05-11 15:03:23,194 - ------------------------------------------------------------
2026-05-11 15:03:23,194 - ⏩ BỎ QUA: X-n200-k36 (Đã tồn tại trong file CSV)
2026-05-11 15:03:23,194 - ------------------------------------------------------------
2026-05-11 15:03:23,194 - ⏩ BỎ QUA: X-n204-k19 (Đã tồn tại trong file CSV)
2026-05-11 15:03:23,194 - ------------------------------------------------------------
2026-05-11 15:03:23,194 - ⏩ BỎ QUA: X-n209-k16 (Đã tồn tại trong file CSV)
2026-05-11 15:03:23,194 - ------------------------------------------------------------
2026-05-11 15:03:23,194 - ⏩ BỎ QUA: X-n214-k11 (Đã tồn tại trong file CSV)
2026-05-11 15:03:23,194 - ------------------------------------------------------------
2026-05-11 15:03:23,194 - ⏩ BỎ QUA: X-n219-k73 (Đã tồn tại trong file CSV)
2026-05-11 15:03:23,194 - ------------------------------------------------------------
2026-05-11 15:03:23,194 - ⏩ BỎ QUA: X-n223-k34 (Đã tồn tại trong file CSV)
2026-05-11 15:03:23,194 - ------------------------------------------------------------
2026-05-11 15:03:23,194 - ⏩ BỎ QUA: X-n228-k23 (Đã tồn tại trong file CSV)
2026-05-11 15:03:23,194 - ------------------------------------------------------------
2026-05-11 15:03:23,195 - ⏩ BỎ QUA: X-n233-k16 (Đã tồn tại trong file CSV)
2026-05-11 15:03:23,195 - ------------------------------------------------------------
2026-05-11 15:03:23,195 - ⏩ BỎ QUA: X-n237-k14 (Đã tồn tại trong file CSV)
2026-05-11 15:03:23,195 - ------------------------------------------------------------
2026-05-11 15:03:23,195 - ⏩ BỎ QUA: X-n242-k48 (Đã tồn tại trong file CSV)
2026-05-11 15:03:23,195 - ------------------------------------------------------------
2026-05-11 15:03:23,195 - ⏩ BỎ QUA: X-n247-k50 (Đã tồn tại trong file CSV)
2026-05-11 15:03:23,195 - ------------------------------------------------------------
2026-05-11 15:03:23,195 - ⏩ BỎ QUA: X-n251-k28 (Đã tồn tại trong file CSV)
2026-05-11 15:03:23,195 - ------------------------------------------------------------
2026-05-11 15:03:23,195 - ⏩ BỎ QUA: X-n256-k16 (Đã tồn tại trong file CSV)
2026-05-11 15:03:23,195 - ------------------------------------------------------------
2026-05-11 15:03:23,195 - ⏩ BỎ QUA: X-n261-k13 (Đã tồn tại trong file CSV)
2026-05-11 15:03:23,195 - ------------------------------------------------------------
2026-05-11 15:03:23,195 - ⏩ BỎ QUA: X-n266-k58 (Đã tồn tại trong file CSV)
2026-05-11 15:03:23,195 - ------------------------------------------------------------
2026-05-11 15:03:23,195 - ⏩ BỎ QUA: X-n270-k35 (Đã tồn tại trong file CSV)
2026-05-11 15:03:23,195 - ------------------------------------------------------------
2026-05-11 15:03:23,195 - ⏩ BỎ QUA: X-n275-k28 (Đã tồn tại trong file CSV)
2026-05-11 15:03:23,195 - ------------------------------------------------------------
2026-05-11 15:03:23,195 - ⏩ BỎ QUA: X-n280-k17 (Đã tồn tại trong file CSV)
2026-05-11 15:03:23,195 - ------------------------------------------------------------
2026-05-11 15:03:23,195 - ⏩ BỎ QUA: X-n284-k15 (Đã tồn tại trong file CSV)
2026-05-11 15:03:23,195 - ------------------------------------------------------------
2026-05-11 15:03:23,195 - ⏩ BỎ QUA: X-n289-k60 (Đã tồn tại trong file CSV)
2026-05-11 15:03:23,196 - ------------------------------------------------------------
2026-05-11 15:03:23,196 - ⏩ BỎ QUA: X-n294-k50 (Đã tồn tại trong file CSV)
2026-05-11 15:03:23,196 - ------------------------------------------------------------
2026-05-11 15:03:23,196 - ⏩ BỎ QUA: X-n298-k31 (Đã tồn tại trong file CSV)
2026-05-11 15:03:23,196 - ------------------------------------------------------------
2026-05-11 15:03:23,196 - ⏩ BỎ QUA: X-n303-k21 (Đã tồn tại trong file CSV)
2026-05-11 15:03:23,196 - ------------------------------------------------------------
2026-05-11 15:03:23,196 - ⏩ BỎ QUA: X-n308-k13 (Đã tồn tại trong file CSV)
2026-05-11 15:03:23,196 - ------------------------------------------------------------
2026-05-11 15:03:23,196 - ⏩ BỎ QUA: X-n313-k71 (Đã tồn tại trong file CSV)
2026-05-11 15:03:23,196 - ------------------------------------------------------------
2026-05-11 15:03:23,196 - ⏩ BỎ QUA: X-n317-k53 (Đã tồn tại trong file CSV)
2026-05-11 15:03:23,196 - ------------------------------------------------------------
2026-05-11 15:03:23,196 - ⏩ BỎ QUA: X-n322-k28 (Đã tồn tại trong file CSV)
2026-05-11 15:03:23,196 - ------------------------------------------------------------
2026-05-11 15:03:23,196 - ⏩ BỎ QUA: X-n327-k20 (Đã tồn tại trong file CSV)
2026-05-11 15:03:23,196 - ------------------------------------------------------------
2026-05-11 15:03:23,196 - ⏩ BỎ QUA: X-n331-k15 (Đã tồn tại trong file CSV)
2026-05-11 15:03:23,196 - ------------------------------------------------------------
2026-05-11 15:03:23,196 - ⏩ BỎ QUA: X-n336-k84 (Đã tồn tại trong file CSV)
2026-05-11 15:03:23,196 - ------------------------------------------------------------
2026-05-11 15:03:23,196 - ⏩ BỎ QUA: X-n344-k43 (Đã tồn tại trong file CSV)
2026-05-11 15:03:23,196 - ------------------------------------------------------------
2026-05-11 15:03:23,196 - ⏩ BỎ QUA: X-n351-k40 (Đã tồn tại trong file CSV)
2026-05-11 15:03:23,196 - ------------------------------------------------------------
2026-05-11 15:03:23,196 - ⏩ BỎ QUA: X-n359-k29 (Đã tồn tại trong file CSV)
2026-05-11 15:03:23,196 - ------------------------------------------------------------
2026-05-11 15:03:23,197 - ⏩ BỎ QUA: X-n367-k17 (Đã tồn tại trong file CSV)
2026-05-11 15:03:23,197 - ------------------------------------------------------------
2026-05-11 15:03:23,197 - ⏩ BỎ QUA: X-n376-k94 (Đã tồn tại trong file CSV)
2026-05-11 15:03:23,197 - ------------------------------------------------------------
2026-05-11 15:03:23,197 - ⏩ BỎ QUA: X-n384-k52 (Đã tồn tại trong file CSV)
2026-05-11 15:03:23,197 - ------------------------------------------------------------
2026-05-11 15:03:23,197 - ⏩ BỎ QUA: X-n393-k38 (Đã tồn tại trong file CSV)
2026-05-11 15:03:23,197 - ------------------------------------------------------------
2026-05-11 15:03:23,197 - ⏩ BỎ QUA: X-n401-k29 (Đã tồn tại trong file CSV)
2026-05-11 15:03:23,197 - ------------------------------------------------------------
2026-05-11 15:03:23,197 - ⏩ BỎ QUA: X-n411-k19 (Đã tồn tại trong file CSV)
2026-05-11 15:03:23,197 - ------------------------------------------------------------
2026-05-11 15:03:23,197 - ⏩ BỎ QUA: X-n420-k130 (Đã tồn tại trong file CSV)
2026-05-11 15:03:23,197 - ------------------------------------------------------------
2026-05-11 15:03:23,197 - ⏩ BỎ QUA: X-n429-k61 (Đã tồn tại trong file CSV)
2026-05-11 15:03:23,197 - ------------------------------------------------------------
2026-05-11 15:03:23,197 - ⏩ BỎ QUA: X-n439-k37 (Đã tồn tại trong file CSV)
2026-05-11 15:03:23,197 - ------------------------------------------------------------
2026-05-11 15:03:23,197 - ⏩ BỎ QUA: X-n449-k29 (Đã tồn tại trong file CSV)
2026-05-11 15:03:23,197 - ------------------------------------------------------------
2026-05-11 15:03:23,197 - ⏩ BỎ QUA: X-n459-k26 (Đã tồn tại trong file CSV)
2026-05-11 15:03:23,197 - ------------------------------------------------------------
2026-05-11 15:03:23,197 - ⏩ BỎ QUA: X-n469-k138 (Đã tồn tại trong file CSV)
2026-05-11 15:03:23,197 - ------------------------------------------------------------
2026-05-11 15:03:23,197 - ⏩ BỎ QUA: X-n480-k70 (Đã tồn tại trong file CSV)
2026-05-11 15:03:23,197 - ------------------------------------------------------------
2026-05-11 15:03:23,198 - ⏩ BỎ QUA: X-n491-k59 (Đã tồn tại trong file CSV)
2026-05-11 15:03:23,198 - ------------------------------------------------------------
2026-05-11 15:03:23,198 - ⏩ BỎ QUA: X-n502-k39 (Đã tồn tại trong file CSV)
2026-05-11 15:03:23,198 - ------------------------------------------------------------
2026-05-11 15:03:23,198 - ⏩ BỎ QUA: X-n513-k21 (Đã tồn tại trong file CSV)
2026-05-11 15:03:23,198 - ------------------------------------------------------------
2026-05-11 15:03:23,198 - ⏩ BỎ QUA: X-n524-k153 (Đã tồn tại trong file CSV)
2026-05-11 15:03:23,198 - ------------------------------------------------------------
2026-05-11 15:03:23,198 - ⏩ BỎ QUA: X-n536-k96 (Đã tồn tại trong file CSV)
2026-05-11 15:03:23,198 - ------------------------------------------------------------
2026-05-11 15:03:23,198 - ⏩ BỎ QUA: X-n548-k50 (Đã tồn tại trong file CSV)
2026-05-11 15:03:23,198 - ------------------------------------------------------------
2026-05-11 15:03:23,198 - ⏩ BỎ QUA: X-n561-k42 (Đã tồn tại trong file CSV)
2026-05-11 15:03:23,198 - ------------------------------------------------------------
2026-05-11 15:03:23,198 - ⏩ BỎ QUA: X-n573-k30 (Đã tồn tại trong file CSV)
2026-05-11 15:03:23,198 - ------------------------------------------------------------
2026-05-11 15:03:23,198 - ⏩ BỎ QUA: X-n586-k159 (Đã tồn tại trong file CSV)
2026-05-11 15:03:23,198 - ------------------------------------------------------------
2026-05-11 15:03:23,198 - ⏩ BỎ QUA: X-n599-k92 (Đã tồn tại trong file CSV)
2026-05-11 15:03:23,198 - ------------------------------------------------------------
2026-05-11 15:03:23,198 - ⏩ BỎ QUA: X-n613-k62 (Đã tồn tại trong file CSV)
2026-05-11 15:03:23,198 - ------------------------------------------------------------
2026-05-11 15:03:23,198 - ⏩ BỎ QUA: X-n627-k43 (Đã tồn tại trong file CSV)
2026-05-11 15:03:23,198 - ------------------------------------------------------------
2026-05-11 15:03:23,198 - ⏩ BỎ QUA: X-n641-k35 (Đã tồn tại trong file CSV)
2026-05-11 15:03:23,199 - ------------------------------------------------------------
2026-05-11 15:03:23,199 - ⏩ BỎ QUA: X-n655-k131 (Đã tồn tại trong file CSV)
2026-05-11 15:03:23,199 - ------------------------------------------------------------
2026-05-11 15:03:23,199 - ⏩ BỎ QUA: X-n670-k130 (Đã tồn tại trong file CSV)
2026-05-11 15:03:23,199 - ------------------------------------------------------------
2026-05-11 15:03:23,199 - ⏩ BỎ QUA: X-n685-k75 (Đã tồn tại trong file CSV)
2026-05-11 15:03:23,199 - ------------------------------------------------------------
2026-05-11 15:03:23,199 - ⏩ BỎ QUA: X-n701-k44 (Đã tồn tại trong file CSV)
2026-05-11 15:03:23,199 - ------------------------------------------------------------
2026-05-11 15:03:23,199 - ⏩ BỎ QUA: X-n716-k35 (Đã tồn tại trong file CSV)
2026-05-11 15:03:23,199 - ------------------------------------------------------------
2026-05-11 15:03:23,199 - ⏩ BỎ QUA: X-n733-k159 (Đã tồn tại trong file CSV)
2026-05-11 15:03:23,199 - ------------------------------------------------------------
2026-05-11 15:03:23,199 - ⏩ BỎ QUA: X-n749-k98 (Đã tồn tại trong file CSV)
2026-05-11 15:03:23,199 - ------------------------------------------------------------
2026-05-11 15:03:23,199 - ⏩ BỎ QUA: X-n766-k71 (Đã tồn tại trong file CSV)
2026-05-11 15:03:23,199 - ------------------------------------------------------------
2026-05-11 15:03:23,199 - ⏩ BỎ QUA: X-n783-k48 (Đã tồn tại trong file CSV)
2026-05-11 15:03:23,199 - ------------------------------------------------------------
2026-05-11 15:03:23,199 - ⏩ BỎ QUA: X-n801-k40 (Đã tồn tại trong file CSV)
2026-05-11 15:03:23,199 - ------------------------------------------------------------
2026-05-11 15:03:23,199 - ⏩ BỎ QUA: X-n819-k171 (Đã tồn tại trong file CSV)
2026-05-11 15:03:23,199 - ------------------------------------------------------------
2026-05-11 15:03:23,199 - ⏩ BỎ QUA: X-n837-k142 (Đã tồn tại trong file CSV)
2026-05-11 15:03:23,199 - ------------------------------------------------------------
2026-05-11 15:03:23,199 - ⏩ BỎ QUA: X-n856-k95 (Đã tồn tại trong file CSV)
2026-05-11 15:03:23,200 - ------------------------------------------------------------
2026-05-11 15:03:23,200 - ⏩ BỎ QUA: X-n876-k59 (Đã tồn tại trong file CSV)
2026-05-11 15:03:23,200 - ------------------------------------------------------------
2026-05-11 15:03:23,200 - ⏩ BỎ QUA: X-n895-k37 (Đã tồn tại trong file CSV)
2026-05-11 15:03:23,200 - ------------------------------------------------------------
2026-05-11 15:03:23,200 - ⏩ BỎ QUA: X-n916-k207 (Đã tồn tại trong file CSV)
2026-05-11 15:03:23,200 - ------------------------------------------------------------
2026-05-11 15:03:23,200 - ⏩ BỎ QUA: X-n936-k151 (Đã tồn tại trong file CSV)
2026-05-11 15:03:23,200 - ------------------------------------------------------------
2026-05-11 15:03:23,200 - ⏩ BỎ QUA: X-n957-k87 (Đã tồn tại trong file CSV)
2026-05-11 15:03:23,200 - ------------------------------------------------------------
2026-05-11 15:03:23,200 - ⏩ BỎ QUA: X-n979-k58 (Đã tồn tại trong file CSV)
