2026-05-09 11:17:04,709 - === BẮT ĐẦU BENCHMARK OLD SOTA (FERREIRA) - CHẾ ĐỘ RESUME | TẬP A ===
2026-05-09 11:17:04,709 - Đã tìm thấy 26 instance hoàn thành trong /home/thanhhuy/Documents/PedroCLone/CVRP/CVRP_AdvancedCW/old_solution/results/benchmark_A_ferreira.csv. Sẽ tiến hành bỏ qua.
2026-05-09 11:17:04,709 - ------------------------------------------------------------
2026-05-09 11:17:04,709 - ⏩ BỎ QUA: A-n32-k5 (Đã tồn tại trong file CSV)
2026-05-09 11:17:04,709 - ------------------------------------------------------------
2026-05-09 11:17:04,709 - ⏩ BỎ QUA: A-n33-k5 (Đã tồn tại trong file CSV)
2026-05-09 11:17:04,709 - ------------------------------------------------------------
2026-05-09 11:17:04,709 - ⏩ BỎ QUA: A-n33-k6 (Đã tồn tại trong file CSV)
2026-05-09 11:17:04,709 - ------------------------------------------------------------
2026-05-09 11:17:04,709 - ⏩ BỎ QUA: A-n34-k5 (Đã tồn tại trong file CSV)
2026-05-09 11:17:04,709 - ------------------------------------------------------------
2026-05-09 11:17:04,709 - ⏩ BỎ QUA: A-n36-k5 (Đã tồn tại trong file CSV)
2026-05-09 11:17:04,709 - ------------------------------------------------------------
2026-05-09 11:17:04,709 - ⏩ BỎ QUA: A-n37-k5 (Đã tồn tại trong file CSV)
2026-05-09 11:17:04,709 - ------------------------------------------------------------
2026-05-09 11:17:04,709 - ⏩ BỎ QUA: A-n37-k6 (Đã tồn tại trong file CSV)
2026-05-09 11:17:04,709 - ------------------------------------------------------------
2026-05-09 11:17:04,710 - ⏩ BỎ QUA: A-n38-k5 (Đã tồn tại trong file CSV)
2026-05-09 11:17:04,710 - ------------------------------------------------------------
2026-05-09 11:17:04,710 - ⏩ BỎ QUA: A-n39-k5 (Đã tồn tại trong file CSV)
2026-05-09 11:17:04,714 - ------------------------------------------------------------
2026-05-09 11:17:04,714 - Đang xử lý: A-n39-k6 (N=39, K=6) | BKS: 831.0 | Neighbors: 9
2026-05-09 11:37:04,978 -   [Kết quả] Cost = 1044.00 | Gap = 25.63% | Time: 1200.3s | Trạng thái: TIMEOUT_WITH_SOL
2026-05-09 11:37:04,979 - ------------------------------------------------------------
2026-05-09 11:37:04,979 - ⏩ BỎ QUA: A-n44-k6 (Đã tồn tại trong file CSV)
2026-05-09 11:37:04,979 - ------------------------------------------------------------
2026-05-09 11:37:04,979 - ⏩ BỎ QUA: A-n45-k6 (Đã tồn tại trong file CSV)
2026-05-09 11:37:04,979 - ------------------------------------------------------------
2026-05-09 11:37:04,979 - ⏩ BỎ QUA: A-n45-k7 (Đã tồn tại trong file CSV)
2026-05-09 11:37:04,980 - ------------------------------------------------------------
2026-05-09 11:37:04,980 - ⏩ BỎ QUA: A-n46-k7 (Đã tồn tại trong file CSV)
2026-05-09 11:37:04,980 - ------------------------------------------------------------
2026-05-09 11:37:04,980 - ⏩ BỎ QUA: A-n48-k7 (Đã tồn tại trong file CSV)
2026-05-09 11:37:04,980 - ------------------------------------------------------------
2026-05-09 11:37:04,980 - ⏩ BỎ QUA: A-n53-k7 (Đã tồn tại trong file CSV)
2026-05-09 11:37:04,980 - ------------------------------------------------------------
2026-05-09 11:37:04,980 - ⏩ BỎ QUA: A-n54-k7 (Đã tồn tại trong file CSV)
2026-05-09 11:37:04,980 - ------------------------------------------------------------
2026-05-09 11:37:04,980 - ⏩ BỎ QUA: A-n55-k9 (Đã tồn tại trong file CSV)
2026-05-09 11:37:04,980 - ------------------------------------------------------------
2026-05-09 11:37:04,980 - ⏩ BỎ QUA: A-n60-k9 (Đã tồn tại trong file CSV)
2026-05-09 11:37:04,980 - ------------------------------------------------------------
2026-05-09 11:37:04,980 - ⏩ BỎ QUA: A-n61-k9 (Đã tồn tại trong file CSV)
2026-05-09 11:37:04,980 - ------------------------------------------------------------
2026-05-09 11:37:04,980 - ⏩ BỎ QUA: A-n62-k8 (Đã tồn tại trong file CSV)
2026-05-09 11:37:04,980 - ------------------------------------------------------------
2026-05-09 11:37:04,980 - ⏩ BỎ QUA: A-n63-k10 (Đã tồn tại trong file CSV)
2026-05-09 11:37:04,980 - ------------------------------------------------------------
2026-05-09 11:37:04,980 - ⏩ BỎ QUA: A-n63-k9 (Đã tồn tại trong file CSV)
2026-05-09 11:37:04,980 - ------------------------------------------------------------
2026-05-09 11:37:04,980 - ⏩ BỎ QUA: A-n64-k9 (Đã tồn tại trong file CSV)
2026-05-09 11:37:04,980 - ------------------------------------------------------------
2026-05-09 11:37:04,980 - ⏩ BỎ QUA: A-n65-k9 (Đã tồn tại trong file CSV)
2026-05-09 11:37:04,980 - ------------------------------------------------------------
2026-05-09 11:37:04,981 - ⏩ BỎ QUA: A-n69-k9 (Đã tồn tại trong file CSV)
2026-05-09 11:37:04,981 - ------------------------------------------------------------
2026-05-09 11:37:04,981 - ⏩ BỎ QUA: A-n80-k10 (Đã tồn tại trong file CSV)
